Dec  9 00:47:00 10.0.0.2 dnsmasq[1]: 2117871 fd02:c8be:1d40:0:75c3:3b72:9ae4:cb64/50060 query[type=65] epimetheus.navigator-bs.gmx.com from fd02:c8be:1d40:0:75c3:3b72:9ae4:cb64
Dec  9 00:47:00 10.0.0.2 dnsmasq[1]: 2117871 fd02:c8be:1d40:0:75c3:3b72:9ae4:cb64/50060 forwarded epimetheus.navigator-bs.gmx.com to 194.50.85.7
Dec  9 00:47:00 10.0.0.2 ulogd[1267]: [NEW] ORIG: SRC=176.36.141.89 DST=194.50.85.7 PROTO=UDP SPT=52475 DPT=53 PKTS=0 BYTES=0 , REPLY: SRC=194.50.85.7 DST=176.36.141.89 PROTO=UDP SPT=53 DPT=52475 PKTS=0 BYTES=0
Dec  9 00:47:02 10.0.0.2 ulogd[1267]: [NEW] ORIG: SRC=192.168.1.180 DST=192.168.1.1 PROTO=UDP SPT=64977 DPT=53 PKTS=0 BYTES=0 , REPLY: SRC=192.168.1.1 DST=192.168.1.180 PROTO=UDP SPT=53 DPT=64977 PKTS=0 BYTES=0
Dec  9 00:47:02 10.0.0.2 dnsmasq[1]: 2117872 192.168.1.180/64977 query[A] epimetheus.navigator-bs.gmx.com from 192.168.1.180
Dec  9 00:47:02 10.0.0.2 ulogd[1267]: [NEW] ORIG: SRC=192.168.1.180 DST=192.168.1.1 PROTO=UDP SPT=60906 DPT=53 PKTS=0 BYTES=0 , REPLY: SRC=192.168.1.1 DST=192.168.1.180 PROTO=UDP SPT=53 DPT=60906 PKTS=0 BYTES=0
Dec  9 00:47:02 10.0.0.2 dnsmasq[1]: 2117872 192.168.1.180/64977 forwarded epimetheus.navigator-bs.gmx.com to 194.50.85.7
Dec  9 00:47:02 10.0.0.2 dnsmasq[1]: 2117873 192.168.1.180/60906 query[type=65] epimetheus.navigator-bs.gmx.com from 192.168.1.180
Dec  9 00:47:02 10.0.0.2 dnsmasq[1]: 2117873 192.168.1.180/60906 forwarded epimetheus.navigator-bs.gmx.com to 194.50.85.7
Dec  9 00:47:02 10.0.0.2 dnsmasq[1]: 2117872 fd02:c8be:1d40:0:75c3:3b72:9ae4:cb64/57715 reply epimetheus.navigator-bs.gmx.com is 217.72.199.27
Dec  9 00:47:02 10.0.0.2 dnsmasq[1]: 2117872 192.168.1.180/64977 reply query is duplicate
Dec  9 00:47:02 10.0.0.2 dnsmasq[1]: 2117873 fd02:c8be:1d40:0:75c3:3b72:9ae4:cb64/50060 reply epimetheus.navigator-bs.gmx.com is NODATA
Dec  9 00:47:02 10.0.0.2 dnsmasq[1]: 2117873 192.168.1.180/60906 reply query is duplicate
Dec  9 00:47:04 10.0.0.2 ulogd[1267]: [NEW] ORIG: SRC=192.168.1.45 DST=192.168.1.1 PROTO=UDP SPT=50054 DPT=53 PKTS=0 BYTES=0 , REPLY: SRC=192.168.1.1 DST=192.168.1.45 PROTO=UDP SPT=53 DPT=50054 PKTS=0 BYTES=0
Dec  9 00:47:04 10.0.0.2 dnsmasq[1]: 2117874 192.168.1.45/50054 query[A] updates.maxmind.com from 192.168.1.45
Dec  9 00:47:04 10.0.0.2 ulogd[1267]: [NEW] ORIG: SRC=192.168.1.45 DST=192.168.1.1 PROTO=UDP SPT=46551 DPT=53 PKTS=0 BYTES=0 , REPLY: SRC=192.168.1.1 DST=192.168.1.45 PROTO=UDP SPT=53 DPT=46551 PKTS=0 BYTES=0
Dec  9 00:47:04 10.0.0.2 dnsmasq[1]: 2117874 192.168.1.45/50054 cached updates.maxmind.com is 162.159.134.22
Dec  9 00:47:04 10.0.0.2 dnsmasq[1]: 2117874 192.168.1.45/50054 cached updates.maxmind.com is 162.159.135.22
Dec  9 00:47:04 10.0.0.2 dnsmasq[1]: 2117875 192.168.1.45/46551 query[AAAA] updates.maxmind.com from 192.168.1.45
Dec  9 00:47:04 10.0.0.2 dnsmasq[1]: 2117875 192.168.1.45/46551 cached updates.maxmind.com is 2606:4700:7::a29f:8716
Dec  9 00:47:04 10.0.0.2 dnsmasq[1]: 2117875 192.168.1.45/46551 cached updates.maxmind.com is 2606:4700:7::a29f:8616
Dec  9 00:47:04 10.0.0.2 ulogd[1267]: [NEW] ORIG: SRC=192.168.1.45 DST=162.159.134.22 PROTO=TCP SPT=49260 DPT=443 PKTS=0 BYTES=0 , REPLY: SRC=162.159.134.22 DST=176.36.141.89 PROTO=TCP SPT=443 DPT=49260 PKTS=0 BYTES=0
Dec  9 00:47:05 10.0.0.2 ulogd[1267]: [NEW] ORIG: SRC=192.168.1.180 DST=185.86.138.123 PROTO=TCP SPT=65362 DPT=443 PKTS=0 BYTES=0 , REPLY: SRC=185.86.138.123 DST=176.36.141.89 PROTO=TCP SPT=443 DPT=65362 PKTS=0 BYTES=0
Dec  9 00:47:08 10.0.0.2 ulogd[1267]: [NEW] ORIG: SRC=54.223.50.242 DST=176.36.141.89 PROTO=ICMP TYPE=0 CODE=8 PKTS=0 BYTES=0 , REPLY: SRC=176.36.141.89 DST=54.223.50.242 PROTO=ICMP TYPE=0 CODE=8 PKTS=0 BYTES=0
Dec  9 00:47:09 10.0.0.2 ulogd[1267]: [NEW] ORIG: SRC=52.81.199.72 DST=176.36.141.89 PROTO=ICMP TYPE=0 CODE=8 PKTS=0 BYTES=0 , REPLY: SRC=176.36.141.89 DST=52.81.199.72 PROTO=ICMP TYPE=0 CODE=8 PKTS=0 BYTES=0
Dec  9 00:47:09 10.0.0.2 ulogd[1267]: [NEW] ORIG: SRC=71.136.94.78 DST=176.36.141.89 PROTO=ICMP TYPE=0 CODE=8 PKTS=0 BYTES=0 , REPLY: SRC=176.36.141.89 DST=71.136.94.78 PROTO=ICMP TYPE=0 CODE=8 PKTS=0 BYTES=0
Dec  9 00:47:11 10.0.0.2 ulogd[1267]: [NEW] ORIG: SRC=192.168.1.45 DST=192.168.1.1 PROTO=UDP SPT=60714 DPT=53 PKTS=0 BYTES=0 , REPLY: SRC=192.168.1.1 DST=192.168.1.45 PROTO=UDP SPT=53 DPT=60714 PKTS=0 BYTES=0
Dec  9 00:47:11 10.0.0.2 dnsmasq[1]: 2117876 192.168.1.45/60714 query[A] updates.maxmind.com from 192.168.1.45
Dec  9 00:47:11 10.0.0.2 dnsmasq[1]: 2117876 192.168.1.45/60714 cached updates.maxmind.com is 162.159.135.22
Dec  9 00:47:11 10.0.0.2 dnsmasq[1]: 2117876 192.168.1.45/60714 cached updates.maxmind.com is 162.159.134.22
Dec  9 00:47:11 10.0.0.2 ulogd[1267]: [NEW] ORIG: SRC=192.168.1.45 DST=192.168.1.1 PROTO=UDP SPT=35375 DPT=53 PKTS=0 BYTES=0 , REPLY: SRC=192.168.1.1 DST=192.168.1.45 PROTO=UDP SPT=53 DPT=35375 PKTS=0 BYTES=0
Dec  9 00:47:11 10.0.0.2 dnsmasq[1]: 2117877 192.168.1.45/35375 query[AAAA] updates.maxmind.com from 192.168.1.45
Dec  9 00:47:11 10.0.0.2 dnsmasq[1]: 2117877 192.168.1.45/35375 cached updates.maxmind.com is 2606:4700:7::a29f:8616
Dec  9 00:47:11 10.0.0.2 dnsmasq[1]: 2117877 192.168.1.45/35375 cached updates.maxmind.com is 2606:4700:7::a29f:8716
Dec  9 00:47:11 10.0.0.2 ulogd[1267]: [NEW] ORIG: SRC=192.168.1.45 DST=162.159.135.22 PROTO=TCP SPT=60362 DPT=443 PKTS=0 BYTES=0 , REPLY: SRC=162.159.135.22 DST=176.36.141.89 PROTO=TCP SPT=443 DPT=60362 PKTS=0 BYTES=0
Dec  9 00:47:18 10.0.0.2 ulogd[1267]: [NEW] ORIG: SRC=192.168.1.45 DST=192.168.1.1 PROTO=UDP SPT=60305 DPT=53 PKTS=0 BYTES=0 , REPLY: SRC=192.168.1.1 DST=192.168.1.45 PROTO=UDP SPT=53 DPT=60305 PKTS=0 BYTES=0
Dec  9 00:47:18 10.0.0.2 dnsmasq[1]: 2117878 192.168.1.45/60305 query[A] updates.maxmind.com from 192.168.1.45
Dec  9 00:47:18 10.0.0.2 ulogd[1267]: [NEW] ORIG: SRC=192.168.1.45 DST=192.168.1.1 PROTO=UDP SPT=33479 DPT=53 PKTS=0 BYTES=0 , REPLY: SRC=192.168.1.1 DST=192.168.1.45 PROTO=UDP SPT=53 DPT=33479 PKTS=0 BYTES=0
Dec  9 00:47:18 10.0.0.2 dnsmasq[1]: 2117878 192.168.1.45/60305 cached updates.maxmind.com is 162.159.134.22
Dec  9 00:47:18 10.0.0.2 dnsmasq[1]: 2117878 192.168.1.45/60305 cached updates.maxmind.com is 162.159.135.22
Dec  9 00:47:18 10.0.0.2 dnsmasq[1]: 2117879 192.168.1.45/33479 query[AAAA] updates.maxmind.com from 192.168.1.45
Dec  9 00:47:18 10.0.0.2 dnsmasq[1]: 2117879 192.168.1.45/33479 cached updates.maxmind.com is 2606:4700:7::a29f:8716
Dec  9 00:47:18 10.0.0.2 dnsmasq[1]: 2117879 192.168.1.45/33479 cached updates.maxmind.com is 2606:4700:7::a29f:8616
Dec  9 00:47:18 10.0.0.2 ulogd[1267]: [NEW] ORIG: SRC=192.168.1.45 DST=162.159.134.22 PROTO=TCP SPT=55856 DPT=443 PKTS=0 BYTES=0 , REPLY: SRC=162.159.134.22 DST=176.36.141.89 PROTO=TCP SPT=443 DPT=55856 PKTS=0 BYTES=0
Dec  9 00:47:19 10.0.0.2 ulogd[1267]: [NEW] ORIG: SRC=192.168.1.180 DST=185.86.138.123 PROTO=TCP SPT=65363 DPT=443 PKTS=0 BYTES=0 , REPLY: SRC=185.86.138.123 DST=176.36.141.89 PROTO=TCP SPT=443 DPT=65363 PKTS=0 BYTES=0
Dec  9 00:47:23 10.0.0.2 ulogd[1267]: [DESTROY] ORIG: SRC=192.168.1.45 DST=192.168.1.1 PROTO=UDP SPT=40125 DPT=53 PKTS=1 BYTES=76 , REPLY: SRC=192.168.1.1 DST=192.168.1.45 PROTO=UDP SPT=53 DPT=40125 PKTS=1 BYTES=108
Dec  9 00:47:25 10.0.0.2 ulogd[1267]: [NEW] ORIG: SRC=192.168.1.45 DST=192.168.1.1 PROTO=UDP SPT=57573 DPT=53 PKTS=0 BYTES=0 , REPLY: SRC=192.168.1.1 DST=192.168.1.45 PROTO=UDP SPT=53 DPT=57573 PKTS=0 BYTES=0
Dec  9 00:47:25 10.0.0.2 dnsmasq[1]: 2117880 192.168.1.45/57573 query[AAAA] updates.maxmind.com from 192.168.1.45
Dec  9 00:47:25 10.0.0.2 ulogd[1267]: [NEW] ORIG: SRC=192.168.1.45 DST=192.168.1.1 PROTO=UDP SPT=54100 DPT=53 PKTS=0 BYTES=0 , REPLY: SRC=192.168.1.1 DST=192.168.1.45 PROTO=UDP SPT=53 DPT=54100 PKTS=0 BYTES=0
Dec  9 00:47:25 10.0.0.2 dnsmasq[1]: 2117880 192.168.1.45/57573 cached updates.maxmind.com is 2606:4700:7::a29f:8616
Dec  9 00:47:25 10.0.0.2 dnsmasq[1]: 2117880 192.168.1.45/57573 cached updates.maxmind.com is 2606:4700:7::a29f:8716
Dec  9 00:47:25 10.0.0.2 dnsmasq[1]: 2117881 192.168.1.45/54100 query[A] updates.maxmind.com from 192.168.1.45
Dec  9 00:47:25 10.0.0.2 dnsmasq[1]: 2117881 192.168.1.45/54100 cached updates.maxmind.com is 162.159.135.22
Dec  9 00:47:25 10.0.0.2 dnsmasq[1]: 2117881 192.168.1.45/54100 cached updates.maxmind.com is 162.159.134.22
Dec  9 00:47:25 10.0.0.2 ulogd[1267]: [NEW] ORIG: SRC=192.168.1.45 DST=162.159.135.22 PROTO=TCP SPT=41506 DPT=443 PKTS=0 BYTES=0 , REPLY: SRC=162.159.135.22 DST=176.36.141.89 PROTO=TCP SPT=443 DPT=41506 PKTS=0 BYTES=0
Dec  9 00:47:30 10.0.0.2 ulogd[1267]: [DESTROY] ORIG: SRC=fd02:c8be:1d40:0:75c3:3b72:9ae4:cb64 DST=fd02:c8be:1d40::1 PROTO=UDP SPT=56349 DPT=53 PKTS=1 BYTES=86 , REPLY: SRC=fd02:c8be:1d40::1 DST=fd02:c8be:1d40:0:75c3:3b72:9ae4:cb64 PROTO=UDP SPT=53 DPT=56349 PKTS=1 BYTES=102
Dec  9 00:47:32 10.0.0.2 ulogd[1267]: [NEW] ORIG: SRC=192.168.1.45 DST=192.168.1.1 PROTO=UDP SPT=33057 DPT=53 PKTS=0 BYTES=0 , REPLY: SRC=192.168.1.1 DST=192.168.1.45 PROTO=UDP SPT=53 DPT=33057 PKTS=0 BYTES=0
Dec  9 00:47:32 10.0.0.2 dnsmasq[1]: 2117882 192.168.1.45/33057 query[AAAA] updates.maxmind.com from 192.168.1.45
Dec  9 00:47:32 10.0.0.2 ulogd[1267]: [NEW] ORIG: SRC=192.168.1.45 DST=192.168.1.1 PROTO=UDP SPT=46761 DPT=53 PKTS=0 BYTES=0 , REPLY: SRC=192.168.1.1 DST=192.168.1.45 PROTO=UDP SPT=53 DPT=46761 PKTS=0 BYTES=0
Dec  9 00:47:32 10.0.0.2 dnsmasq[1]: 2117882 192.168.1.45/33057 cached updates.maxmind.com is 2606:4700:7::a29f:8716
Dec  9 00:47:32 10.0.0.2 dnsmasq[1]: 2117882 192.168.1.45/33057 cached updates.maxmind.com is 2606:4700:7::a29f:8616
Dec  9 00:47:32 10.0.0.2 dnsmasq[1]: 2117883 192.168.1.45/46761 query[A] updates.maxmind.com from 192.168.1.45
Dec  9 00:47:32 10.0.0.2 dnsmasq[1]: 2117883 192.168.1.45/46761 cached updates.maxmind.com is 162.159.134.22
Dec  9 00:47:32 10.0.0.2 dnsmasq[1]: 2117883 192.168.1.45/46761 cached updates.maxmind.com is 162.159.135.22
Dec  9 00:47:32 10.0.0.2 ulogd[1267]: [NEW] ORIG: SRC=192.168.1.45 DST=162.159.134.22 PROTO=TCP SPT=40340 DPT=443 PKTS=0 BYTES=0 , REPLY: SRC=162.159.134.22 DST=176.36.141.89 PROTO=TCP SPT=443 DPT=40340 PKTS=0 BYTES=0
Dec  9 00:47:34 10.0.0.2 ulogd[1267]: [NEW] ORIG: SRC=192.168.1.180 DST=185.86.138.123 PROTO=TCP SPT=65364 DPT=443 PKTS=0 BYTES=0 , REPLY: SRC=185.86.138.123 DST=176.36.141.89 PROTO=TCP SPT=443 DPT=65364 PKTS=0 BYTES=0
Dec  9 00:47:34 10.0.0.2 ulogd[1267]: [NEW] ORIG: SRC=fe80::b295:75ff:fe15:6fa5 DST=ff02::1:2 PROTO=UDP SPT=546 DPT=547 PKTS=0 BYTES=0 , REPLY: SRC=ff02::1:2 DST=fe80::b295:75ff:fe15:6fa5 PROTO=UDP SPT=547 DPT=546 PKTS=0 BYTES=0
Dec  9 00:47:36 10.0.0.2 ulogd[1267]: [DESTROY] ORIG: SRC=176.36.141.89 DST=194.50.85.5 PROTO=UDP SPT=45408 DPT=53 PKTS=1 BYTES=60 , REPLY: SRC=194.50.85.5 DST=176.36.141.89 PROTO=UDP SPT=53 DPT=45408 PKTS=1 BYTES=273
Dec  9 00:47:36 10.0.0.2 dnsmasq[1]: 2117884 fd02:c8be:1d40:0:75c3:3b72:9ae4:cb64/55645 query[A] spclient.wg.spotify.com from fd02:c8be:1d40:0:75c3:3b72:9ae4:cb64
Dec  9 00:47:36 10.0.0.2 ulogd[1267]: [NEW] ORIG: SRC=fd02:c8be:1d40:0:75c3:3b72:9ae4:cb64 DST=fd02:c8be:1d40::1 PROTO=UDP SPT=55645 DPT=53 PKTS=0 BYTES=0 , REPLY: SRC=fd02:c8be:1d40::1 DST=fd02:c8be:1d40:0:75c3:3b72:9ae4:cb64 PROTO=UDP SPT=53 DPT=55645 PKTS=0 BYTES=0
Dec  9 00:47:36 10.0.0.2 dnsmasq[1]: 2117884 fd02:c8be:1d40:0:75c3:3b72:9ae4:cb64/55645 cached spclient.wg.spotify.com is <CNAME>
Dec  9 00:47:36 10.0.0.2 dnsmasq[1]: 2117884 fd02:c8be:1d40:0:75c3:3b72:9ae4:cb64/55645 cached edge-web.dual-gslb.spotify.com is 35.186.224.25
Dec  9 00:47:36 10.0.0.2 ulogd[1267]: [NEW] ORIG: SRC=fd02:c8be:1d40:0:75c3:3b72:9ae4:cb64 DST=fd02:c8be:1d40::1 PROTO=UDP SPT=53632 DPT=53 PKTS=0 BYTES=0 , REPLY: SRC=fd02:c8be:1d40::1 DST=fd02:c8be:1d40:0:75c3:3b72:9ae4:cb64 PROTO=UDP SPT=53 DPT=53632 PKTS=0 BYTES=0
Dec  9 00:47:36 10.0.0.2 dnsmasq[1]: 2117885 fd02:c8be:1d40:0:75c3:3b72:9ae4:cb64/53632 query[type=65] spclient.wg.spotify.com from fd02:c8be:1d40:0:75c3:3b72:9ae4:cb64
Dec  9 00:47:36 10.0.0.2 dnsmasq[1]: 2117885 fd02:c8be:1d40:0:75c3:3b72:9ae4:cb64/53632 cached spclient.wg.spotify.com is <CNAME>
Dec  9 00:47:36 10.0.0.2 ulogd[1267]: [NEW] ORIG: SRC=192.168.1.1 DST=192.168.1.45 PROTO=UDP SPT=50183 DPT=5353 PKTS=0 BYTES=0 , REPLY: SRC=192.168.1.45 DST=192.168.1.1 PROTO=UDP SPT=5353 DPT=50183 PKTS=0 BYTES=0
Dec  9 00:47:36 10.0.0.2 dnsmasq[1]: 2117885 fd02:c8be:1d40:0:75c3:3b72:9ae4:cb64/53632 forwarded spclient.wg.spotify.com to 192.168.1.45
Dec  9 00:47:36 10.0.0.2 dnsmasq[1]: 2117885 fd02:c8be:1d40:0:75c3:3b72:9ae4:cb64/53632 forwarded spclient.wg.spotify.com to 194.50.85.5
Dec  9 00:47:36 10.0.0.2 ulogd[1267]: [NEW] ORIG: SRC=176.36.141.89 DST=194.50.85.5 PROTO=UDP SPT=50183 DPT=53 PKTS=0 BYTES=0 , REPLY: SRC=194.50.85.5 DST=176.36.141.89 PROTO=UDP SPT=53 DPT=50183 PKTS=0 BYTES=0
Dec  9 00:47:36 10.0.0.2 ulogd[1267]: [NEW] ORIG: SRC=176.36.141.89 DST=194.50.85.7 PROTO=UDP SPT=50183 DPT=53 PKTS=0 BYTES=0 , REPLY: SRC=194.50.85.7 DST=176.36.141.89 PROTO=UDP SPT=53 DPT=50183 PKTS=0 BYTES=0
Dec  9 00:47:36 10.0.0.2 dnsmasq[1]: 2117885 fd02:c8be:1d40:0:75c3:3b72:9ae4:cb64/53632 forwarded spclient.wg.spotify.com to 194.50.85.7
Dec  9 00:47:36 10.0.0.2 dnsmasq[1]: 2117885 fd02:c8be:1d40:0:75c3:3b72:9ae4:cb64/53632 reply spclient.wg.spotify.com is <CNAME>
Dec  9 00:47:36 10.0.0.2 dnsmasq[1]: 2117885 fd02:c8be:1d40:0:75c3:3b72:9ae4:cb64/53632 reply edge-web.dual-gslb.spotify.com is NODATA
Dec  9 00:47:36 10.0.0.2 ulogd[1267]: [NEW] ORIG: SRC=192.168.1.180 DST=35.186.224.25 PROTO=UDP SPT=59064 DPT=443 PKTS=0 BYTES=0 , REPLY: SRC=35.186.224.25 DST=176.36.141.89 PROTO=UDP SPT=443 DPT=59064 PKTS=0 BYTES=0
Dec  9 00:47:36 10.0.0.2 ulogd[1267]: [DESTROY] ORIG: SRC=176.36.141.89 DST=194.50.85.5 PROTO=UDP SPT=44161 DPT=53 PKTS=1 BYTES=70 , REPLY: SRC=194.50.85.5 DST=176.36.141.89 PROTO=UDP SPT=53 DPT=44161 PKTS=1 BYTES=153
Dec  9 00:47:36 10.0.0.2 ulogd[1267]: [NEW] ORIG: SRC=192.168.1.180 DST=35.186.224.25 PROTO=TCP SPT=65365 DPT=443 PKTS=0 BYTES=0 , REPLY: SRC=35.186.224.25 DST=176.36.141.89 PROTO=TCP SPT=443 DPT=65365 PKTS=0 BYTES=0
Dec  9 00:47:39 10.0.0.2 ulogd[1267]: [NEW] ORIG: SRC=192.168.1.45 DST=192.168.1.1 PROTO=UDP SPT=39962 DPT=53 PKTS=0 BYTES=0 , REPLY: SRC=192.168.1.1 DST=192.168.1.45 PROTO=UDP SPT=53 DPT=39962 PKTS=0 BYTES=0
Dec  9 00:47:39 10.0.0.2 dnsmasq[1]: 2117886 192.168.1.45/39962 query[AAAA] updates.maxmind.com from 192.168.1.45
Dec  9 00:47:39 10.0.0.2 ulogd[1267]: [NEW] ORIG: SRC=192.168.1.45 DST=192.168.1.1 PROTO=UDP SPT=57984 DPT=53 PKTS=0 BYTES=0 , REPLY: SRC=192.168.1.1 DST=192.168.1.45 PROTO=UDP SPT=53 DPT=57984 PKTS=0 BYTES=0
Dec  9 00:47:39 10.0.0.2 dnsmasq[1]: 2117886 192.168.1.45/39962 cached updates.maxmind.com is 2606:4700:7::a29f:8616
Dec  9 00:47:39 10.0.0.2 dnsmasq[1]: 2117886 192.168.1.45/39962 cached updates.maxmind.com is 2606:4700:7::a29f:8716
Dec  9 00:47:39 10.0.0.2 dnsmasq[1]: 2117887 192.168.1.45/57984 query[A] updates.maxmind.com from 192.168.1.45
Dec  9 00:47:39 10.0.0.2 dnsmasq[1]: 2117887 192.168.1.45/57984 cached updates.maxmind.com is 162.159.135.22
Dec  9 00:47:39 10.0.0.2 dnsmasq[1]: 2117887 192.168.1.45/57984 cached updates.maxmind.com is 162.159.134.22
Dec  9 00:47:39 10.0.0.2 ulogd[1267]: [NEW] ORIG: SRC=192.168.1.45 DST=162.159.135.22 PROTO=TCP SPT=43140 DPT=443 PKTS=0 BYTES=0 , REPLY: SRC=162.159.135.22 DST=176.36.141.89 PROTO=TCP SPT=443 DPT=43140 PKTS=0 BYTES=0
Dec  9 00:47:39 10.0.0.2 dnsmasq[1]: 2117888 fd02:c8be:1d40:0:75c3:3b72:9ae4:cb64/63994 query[A] login5.spotify.com from fd02:c8be:1d40:0:75c3:3b72:9ae4:cb64
Dec  9 00:47:39 10.0.0.2 ulogd[1267]: [NEW] ORIG: SRC=fd02:c8be:1d40:0:75c3:3b72:9ae4:cb64 DST=fd02:c8be:1d40::1 PROTO=UDP SPT=63994 DPT=53 PKTS=0 BYTES=0 , REPLY: SRC=fd02:c8be:1d40::1 DST=fd02:c8be:1d40:0:75c3:3b72:9ae4:cb64 PROTO=UDP SPT=53 DPT=63994 PKTS=0 BYTES=0
Dec  9 00:47:39 10.0.0.2 ulogd[1267]: [NEW] ORIG: SRC=fd02:c8be:1d40:0:75c3:3b72:9ae4:cb64 DST=fd02:c8be:1d40::1 PROTO=UDP SPT=56603 DPT=53 PKTS=0 BYTES=0 , REPLY: SRC=fd02:c8be:1d40::1 DST=fd02:c8be:1d40:0:75c3:3b72:9ae4:cb64 PROTO=UDP SPT=53 DPT=56603 PKTS=0 BYTES=0
Dec  9 00:47:39 10.0.0.2 dnsmasq[1]: 2117888 fd02:c8be:1d40:0:75c3:3b72:9ae4:cb64/63994 forwarded login5.spotify.com to 194.50.85.5
Dec  9 00:47:39 10.0.0.2 ulogd[1267]: [NEW] ORIG: SRC=176.36.141.89 DST=194.50.85.5 PROTO=UDP SPT=42160 DPT=53 PKTS=0 BYTES=0 , REPLY: SRC=194.50.85.5 DST=176.36.141.89 PROTO=UDP SPT=53 DPT=42160 PKTS=0 BYTES=0
Dec  9 00:47:39 10.0.0.2 dnsmasq[1]: 2117888 fd02:c8be:1d40:0:75c3:3b72:9ae4:cb64/63994 reply login5.spotify.com is <CNAME>
Dec  9 00:47:39 10.0.0.2 dnsmasq[1]: 2117888 fd02:c8be:1d40:0:75c3:3b72:9ae4:cb64/63994 reply edge-web.dual-gslb.spotify.com is 35.186.224.25
Dec  9 00:47:39 10.0.0.2 dnsmasq[1]: 2117889 fd02:c8be:1d40:0:75c3:3b72:9ae4:cb64/56603 query[type=65] login5.spotify.com from fd02:c8be:1d40:0:75c3:3b72:9ae4:cb64
Dec  9 00:47:39 10.0.0.2 dnsmasq[1]: 2117889 fd02:c8be:1d40:0:75c3:3b72:9ae4:cb64/56603 cached login5.spotify.com is <CNAME>
Dec  9 00:47:39 10.0.0.2 dnsmasq[1]: 2117889 fd02:c8be:1d40:0:75c3:3b72:9ae4:cb64/56603 forwarded login5.spotify.com to 194.50.85.5
Dec  9 00:47:39 10.0.0.2 ulogd[1267]: [NEW] ORIG: SRC=176.36.141.89 DST=194.50.85.5 PROTO=UDP SPT=46782 DPT=53 PKTS=0 BYTES=0 , REPLY: SRC=194.50.85.5 DST=176.36.141.89 PROTO=UDP SPT=53 DPT=46782 PKTS=0 BYTES=0
Dec  9 00:47:39 10.0.0.2 dnsmasq[1]: 2117889 fd02:c8be:1d40:0:75c3:3b72:9ae4:cb64/56603 reply login5.spotify.com is <CNAME>
Dec  9 00:47:39 10.0.0.2 dnsmasq[1]: 2117889 fd02:c8be:1d40:0:75c3:3b72:9ae4:cb64/56603 reply edge-web.dual-gslb.spotify.com is NODATA
Dec  9 00:47:39 10.0.0.2 ulogd[1267]: [NEW] ORIG: SRC=192.168.1.180 DST=35.186.224.25 PROTO=UDP SPT=61321 DPT=443 PKTS=0 BYTES=0 , REPLY: SRC=35.186.224.25 DST=176.36.141.89 PROTO=UDP SPT=443 DPT=61321 PKTS=0 BYTES=0
Dec  9 00:47:39 10.0.0.2 ulogd[1267]: [NEW] ORIG: SRC=fd02:c8be:1d40:0:75c3:3b72:9ae4:cb64 DST=fd02:c8be:1d40::1 PROTO=UDP SPT=54438 DPT=53 PKTS=0 BYTES=0 , REPLY: SRC=fd02:c8be:1d40::1 DST=fd02:c8be:1d40:0:75c3:3b72:9ae4:cb64 PROTO=UDP SPT=53 DPT=54438 PKTS=0 BYTES=0
Dec  9 00:47:39 10.0.0.2 dnsmasq[1]: 2117890 fd02:c8be:1d40:0:75c3:3b72:9ae4:cb64/54438 query[A] gew1-spclient.spotify.com from fd02:c8be:1d40:0:75c3:3b72:9ae4:cb64
Dec  9 00:47:39 10.0.0.2 dnsmasq[1]: 2117890 fd02:c8be:1d40:0:75c3:3b72:9ae4:cb64/54438 cached gew1-spclient.spotify.com is <CNAME>
Dec  9 00:47:39 10.0.0.2 ulogd[1267]: [NEW] ORIG: SRC=fd02:c8be:1d40:0:75c3:3b72:9ae4:cb64 DST=fd02:c8be:1d40::1 PROTO=UDP SPT=59608 DPT=53 PKTS=0 BYTES=0 , REPLY: SRC=fd02:c8be:1d40::1 DST=fd02:c8be:1d40:0:75c3:3b72:9ae4:cb64 PROTO=UDP SPT=53 DPT=59608 PKTS=0 BYTES=0
Dec  9 00:47:39 10.0.0.2 dnsmasq[1]: 2117890 fd02:c8be:1d40:0:75c3:3b72:9ae4:cb64/54438 cached edge-web-gew1.dual-gslb.spotify.com is 35.186.224.18
Dec  9 00:47:39 10.0.0.2 dnsmasq[1]: 2117891 fd02:c8be:1d40:0:75c3:3b72:9ae4:cb64/59608 query[type=65] gew1-spclient.spotify.com from fd02:c8be:1d40:0:75c3:3b72:9ae4:cb64
Dec  9 00:47:39 10.0.0.2 dnsmasq[1]: 2117891 fd02:c8be:1d40:0:75c3:3b72:9ae4:cb64/59608 cached gew1-spclient.spotify.com is <CNAME>
Dec  9 00:47:39 10.0.0.2 ulogd[1267]: [NEW] ORIG: SRC=176.36.141.89 DST=194.50.85.5 PROTO=UDP SPT=55679 DPT=53 PKTS=0 BYTES=0 , REPLY: SRC=194.50.85.5 DST=176.36.141.89 PROTO=UDP SPT=53 DPT=55679 PKTS=0 BYTES=0
Dec  9 00:47:39 10.0.0.2 ulogd[1267]: [NEW] ORIG: SRC=192.168.1.180 DST=35.186.224.18 PROTO=UDP SPT=58323 DPT=443 PKTS=0 BYTES=0 , REPLY: SRC=35.186.224.18 DST=176.36.141.89 PROTO=UDP SPT=443 DPT=58323 PKTS=0 BYTES=0
Dec  9 00:47:39 10.0.0.2 dnsmasq[1]: 2117891 fd02:c8be:1d40:0:75c3:3b72:9ae4:cb64/59608 forwarded gew1-spclient.spotify.com to 194.50.85.5
Dec  9 00:47:39 10.0.0.2 dnsmasq[1]: 2117891 fd02:c8be:1d40:0:75c3:3b72:9ae4:cb64/59608 reply gew1-spclient.spotify.com is <CNAME>
Dec  9 00:47:39 10.0.0.2 dnsmasq[1]: 2117891 fd02:c8be:1d40:0:75c3:3b72:9ae4:cb64/59608 reply edge-web-gew1.dual-gslb.spotify.com is NODATA
Dec  9 00:47:39 10.0.0.2 ulogd[1267]: [NEW] ORIG: SRC=192.168.1.180 DST=35.186.224.18 PROTO=TCP SPT=65366 DPT=443 PKTS=0 BYTES=0 , REPLY: SRC=35.186.224.18 DST=176.36.141.89 PROTO=TCP SPT=443 DPT=65366 PKTS=0 BYTES=0
Dec  9 00:47:40 10.0.0.2 ulogd[1267]: [NEW] ORIG: SRC=fd02:c8be:1d40:0:75c3:3b72:9ae4:cb64 DST=fd02:c8be:1d40::1 PROTO=UDP SPT=58454 DPT=53 PKTS=0 BYTES=0 , REPLY: SRC=fd02:c8be:1d40::1 DST=fd02:c8be:1d40:0:75c3:3b72:9ae4:cb64 PROTO=UDP SPT=53 DPT=58454 PKTS=0 BYTES=0
Dec  9 00:47:40 10.0.0.2 dnsmasq[1]: 2117892 fd02:c8be:1d40:0:75c3:3b72:9ae4:cb64/58454 query[A] matrix-client.matrix.org from fd02:c8be:1d40:0:75c3:3b72:9ae4:cb64
Dec  9 00:47:40 10.0.0.2 ulogd[1267]: [DESTROY] ORIG: SRC=fd02:c8be:1d40:0:75c3:3b72:9ae4:cb64 DST=fd02:c8be:1d40::1 PROTO=UDP SPT=55195 DPT=53 PKTS=1 BYTES=91 , REPLY: SRC=fd02:c8be:1d40::1 DST=fd02:c8be:1d40:0:75c3:3b72:9ae4:cb64 PROTO=UDP SPT=53 DPT=55195 PKTS=1 BYTES=145
Dec  9 00:47:40 10.0.0.2 ulogd[1267]: [NEW] ORIG: SRC=fd02:c8be:1d40:0:75c3:3b72:9ae4:cb64 DST=fd02:c8be:1d40::1 PROTO=UDP SPT=61627 DPT=53 PKTS=0 BYTES=0 , REPLY: SRC=fd02:c8be:1d40::1 DST=fd02:c8be:1d40:0:75c3:3b72:9ae4:cb64 PROTO=UDP SPT=53 DPT=61627 PKTS=0 BYTES=0
Dec  9 00:47:40 10.0.0.2 dnsmasq[1]: 2117892 fd02:c8be:1d40:0:75c3:3b72:9ae4:cb64/58454 forwarded matrix-client.matrix.org to 194.50.85.5
Dec  9 00:47:40 10.0.0.2 ulogd[1267]: [NEW] ORIG: SRC=176.36.141.89 DST=194.50.85.5 PROTO=UDP SPT=59059 DPT=53 PKTS=0 BYTES=0 , REPLY: SRC=194.50.85.5 DST=176.36.141.89 PROTO=UDP SPT=53 DPT=59059 PKTS=0 BYTES=0
Dec  9 00:47:40 10.0.0.2 dnsmasq[1]: 2117893 fd02:c8be:1d40:0:75c3:3b72:9ae4:cb64/61627 query[type=65] matrix-client.matrix.org from fd02:c8be:1d40:0:75c3:3b72:9ae4:cb64
Dec  9 00:47:40 10.0.0.2 ulogd[1267]: [NEW] ORIG: SRC=176.36.141.89 DST=194.50.85.5 PROTO=UDP SPT=33458 DPT=53 PKTS=0 BYTES=0 , REPLY: SRC=194.50.85.5 DST=176.36.141.89 PROTO=UDP SPT=53 DPT=33458 PKTS=0 BYTES=0
Dec  9 00:47:40 10.0.0.2 dnsmasq[1]: 2117893 fd02:c8be:1d40:0:75c3:3b72:9ae4:cb64/61627 forwarded matrix-client.matrix.org to 194.50.85.5
Dec  9 00:47:40 10.0.0.2 dnsmasq[1]: 2117892 fd02:c8be:1d40:0:75c3:3b72:9ae4:cb64/58454 reply matrix-client.matrix.org is 104.20.201.37
Dec  9 00:47:40 10.0.0.2 dnsmasq[1]: 2117892 fd02:c8be:1d40:0:75c3:3b72:9ae4:cb64/58454 reply matrix-client.matrix.org is 104.20.200.37
Dec  9 00:47:40 10.0.0.2 dnsmasq[1]: 2117892 fd02:c8be:1d40:0:75c3:3b72:9ae4:cb64/58454 reply matrix-client.matrix.org is 172.67.19.90
Dec  9 00:47:40 10.0.0.2 dnsmasq[1]: 2117893 fd02:c8be:1d40:0:75c3:3b72:9ae4:cb64/61627 reply matrix-client.matrix.org is <type=65>
Dec  9 00:47:41 10.0.0.2 ulogd[1267]: [DESTROY] ORIG: SRC=fd02:c8be:1d40:0:75c3:3b72:9ae4:cb64 DST=fd02:c8be:1d40::1 PROTO=UDP SPT=59641 DPT=53 PKTS=1 BYTES=89 , REPLY: SRC=fd02:c8be:1d40::1 DST=fd02:c8be:1d40:0:75c3:3b72:9ae4:cb64 PROTO=UDP SPT=53 DPT=59641 PKTS=1 BYTES=164
Dec  9 00:47:46 10.0.0.2 ulogd[1267]: [NEW] ORIG: SRC=192.168.1.45 DST=192.168.1.1 PROTO=UDP SPT=50379 DPT=53 PKTS=0 BYTES=0 , REPLY: SRC=192.168.1.1 DST=192.168.1.45 PROTO=UDP SPT=53 DPT=50379 PKTS=0 BYTES=0
Dec  9 00:47:46 10.0.0.2 ulogd[1267]: [NEW] ORIG: SRC=192.168.1.45 DST=192.168.1.1 PROTO=UDP SPT=54404 DPT=53 PKTS=0 BYTES=0 , REPLY: SRC=192.168.1.1 DST=192.168.1.45 PROTO=UDP SPT=53 DPT=54404 PKTS=0 BYTES=0
Dec  9 00:47:46 10.0.0.2 dnsmasq[1]: 2117894 192.168.1.45/50379 query[AAAA] updates.maxmind.com from 192.168.1.45
Dec  9 00:47:46 10.0.0.2 dnsmasq[1]: 2117894 192.168.1.45/50379 cached updates.maxmind.com is 2606:4700:7::a29f:8716
Dec  9 00:47:46 10.0.0.2 dnsmasq[1]: 2117894 192.168.1.45/50379 cached updates.maxmind.com is 2606:4700:7::a29f:8616
Dec  9 00:47:46 10.0.0.2 dnsmasq[1]: 2117895 192.168.1.45/54404 query[A] updates.maxmind.com from 192.168.1.45
Dec  9 00:47:46 10.0.0.2 dnsmasq[1]: 2117895 192.168.1.45/54404 cached updates.maxmind.com is 162.159.134.22
Dec  9 00:47:46 10.0.0.2 dnsmasq[1]: 2117895 192.168.1.45/54404 cached updates.maxmind.com is 162.159.135.22
Dec  9 00:47:46 10.0.0.2 ulogd[1267]: [NEW] ORIG: SRC=192.168.1.45 DST=162.159.134.22 PROTO=TCP SPT=48042 DPT=443 PKTS=0 BYTES=0 , REPLY: SRC=162.159.134.22 DST=176.36.141.89 PROTO=TCP SPT=443 DPT=48042 PKTS=0 BYTES=0
Dec  9 00:47:48 10.0.0.2 ulogd[1267]: [NEW] ORIG: SRC=192.168.1.180 DST=185.86.138.123 PROTO=TCP SPT=65367 DPT=443 PKTS=0 BYTES=0 , REPLY: SRC=185.86.138.123 DST=176.36.141.89 PROTO=TCP SPT=443 DPT=65367 PKTS=0 BYTES=0
Dec  9 00:47:48 10.0.0.2 ulogd[1267]: [NEW] ORIG: SRC=192.168.1.180 DST=192.168.1.1 PROTO=UDP SPT=56380 DPT=53 PKTS=0 BYTES=0 , REPLY: SRC=192.168.1.1 DST=192.168.1.180 PROTO=UDP SPT=53 DPT=56380 PKTS=0 BYTES=0
Dec  9 00:47:48 10.0.0.2 dnsmasq[1]: 2117896 192.168.1.180/56380 query[A] prebid-server.rubiconproject.com from 192.168.1.180
Dec  9 00:47:48 10.0.0.2 dnsmasq[1]: 2117896 192.168.1.180/56380 cached prebid-server.rubiconproject.com is <CNAME>
Dec  9 00:47:48 10.0.0.2 dnsmasq[1]: 2117896 192.168.1.180/56380 forwarded prebid-server.rubiconproject.com to 194.50.85.5
Dec  9 00:47:48 10.0.0.2 ulogd[1267]: [NEW] ORIG: SRC=192.168.1.180 DST=192.168.1.1 PROTO=UDP SPT=55180 DPT=53 PKTS=0 BYTES=0 , REPLY: SRC=192.168.1.1 DST=192.168.1.180 PROTO=UDP SPT=53 DPT=55180 PKTS=0 BYTES=0
Dec  9 00:47:48 10.0.0.2 dnsmasq[1]: 2117897 192.168.1.180/55180 query[type=65] prebid-server.rubiconproject.com from 192.168.1.180
Dec  9 00:47:48 10.0.0.2 ulogd[1267]: [NEW] ORIG: SRC=176.36.141.89 DST=194.50.85.5 PROTO=UDP SPT=47065 DPT=53 PKTS=0 BYTES=0 , REPLY: SRC=194.50.85.5 DST=176.36.141.89 PROTO=UDP SPT=53 DPT=47065 PKTS=0 BYTES=0
Dec  9 00:47:48 10.0.0.2 ulogd[1267]: [NEW] ORIG: SRC=176.36.141.89 DST=194.50.85.5 PROTO=UDP SPT=47365 DPT=53 PKTS=0 BYTES=0 , REPLY: SRC=194.50.85.5 DST=176.36.141.89 PROTO=UDP SPT=53 DPT=47365 PKTS=0 BYTES=0
Dec  9 00:47:48 10.0.0.2 dnsmasq[1]: 2117897 192.168.1.180/55180 forwarded prebid-server.rubiconproject.com to 194.50.85.5
Dec  9 00:47:48 10.0.0.2 dnsmasq[1]: 2117896 192.168.1.180/56380 reply prebid-server.rubiconproject.com is <CNAME>
Dec  9 00:47:48 10.0.0.2 dnsmasq[1]: 2117896 192.168.1.180/56380 reply prebid-server.rubiconproject.net.akadns.net is <CNAME>
Dec  9 00:47:48 10.0.0.2 dnsmasq[1]: 2117896 192.168.1.180/56380 reply prebid-server-perf-eu.rubiconproject.net.akadns.net is 69.173.144.137
Dec  9 00:47:48 10.0.0.2 dnsmasq[1]: 2117897 192.168.1.180/55180 reply prebid-server.rubiconproject.com is <CNAME>
Dec  9 00:47:48 10.0.0.2 dnsmasq[1]: 2117897 192.168.1.180/55180 reply prebid-server.rubiconproject.net.akadns.net is <CNAME>
Dec  9 00:47:48 10.0.0.2 dnsmasq[1]: 2117897 192.168.1.180/55180 reply prebid-server-perf-eu.rubiconproject.net.akadns.net is NODATA
Dec  9 00:47:49 10.0.0.2 ulogd[1267]: [NEW] ORIG: SRC=fd02:c8be:1d40:0:75c3:3b72:9ae4:cb64 DST=fd02:c8be:1d40::1 PROTO=UDP SPT=59465 DPT=53 PKTS=0 BYTES=0 , REPLY: SRC=fd02:c8be:1d40::1 DST=fd02:c8be:1d40:0:75c3:3b72:9ae4:cb64 PROTO=UDP SPT=53 DPT=59465 PKTS=0 BYTES=0
Dec  9 00:47:49 10.0.0.2 ulogd[1267]: [NEW] ORIG: SRC=fd02:c8be:1d40:0:75c3:3b72:9ae4:cb64 DST=fd02:c8be:1d40::1 PROTO=UDP SPT=60404 DPT=53 PKTS=0 BYTES=0 , REPLY: SRC=fd02:c8be:1d40::1 DST=fd02:c8be:1d40:0:75c3:3b72:9ae4:cb64 PROTO=UDP SPT=53 DPT=60404 PKTS=0 BYTES=0
Dec  9 00:47:49 10.0.0.2 dnsmasq[1]: 2117898 fd02:c8be:1d40:0:75c3:3b72:9ae4:cb64/59465 query[A] sync-v2.brave.com from fd02:c8be:1d40:0:75c3:3b72:9ae4:cb64
Dec  9 00:47:49 10.0.0.2 dnsmasq[1]: 2117898 fd02:c8be:1d40:0:75c3:3b72:9ae4:cb64/59465 cached sync-v2.brave.com is <CNAME>
Dec  9 00:47:49 10.0.0.2 dnsmasq[1]: 2117898 fd02:c8be:1d40:0:75c3:3b72:9ae4:cb64/59465 forwarded sync-v2.brave.com to 194.50.85.5
Dec  9 00:47:49 10.0.0.2 ulogd[1267]: [NEW] ORIG: SRC=176.36.141.89 DST=194.50.85.5 PROTO=UDP SPT=55361 DPT=53 PKTS=0 BYTES=0 , REPLY: SRC=194.50.85.5 DST=176.36.141.89 PROTO=UDP SPT=53 DPT=55361 PKTS=0 BYTES=0
Dec  9 00:47:49 10.0.0.2 dnsmasq[1]: 2117898 fd02:c8be:1d40:0:75c3:3b72:9ae4:cb64/59465 reply sync-v2.brave.com is <CNAME>
Dec  9 00:47:49 10.0.0.2 dnsmasq[1]: 2117898 fd02:c8be:1d40:0:75c3:3b72:9ae4:cb64/59465 reply sync-alb-152764135.us-west-2.elb.amazonaws.com is 52.11.56.197
Dec  9 00:47:49 10.0.0.2 dnsmasq[1]: 2117898 fd02:c8be:1d40:0:75c3:3b72:9ae4:cb64/59465 reply sync-alb-152764135.us-west-2.elb.amazonaws.com is 34.223.239.225
Dec  9 00:47:49 10.0.0.2 dnsmasq[1]: 2117898 fd02:c8be:1d40:0:75c3:3b72:9ae4:cb64/59465 reply sync-alb-152764135.us-west-2.elb.amazonaws.com is 44.230.54.232
Dec  9 00:47:49 10.0.0.2 dnsmasq[1]: 2117899 fd02:c8be:1d40:0:75c3:3b72:9ae4:cb64/60404 query[type=65] sync-v2.brave.com from fd02:c8be:1d40:0:75c3:3b72:9ae4:cb64
Dec  9 00:47:49 10.0.0.2 dnsmasq[1]: 2117899 fd02:c8be:1d40:0:75c3:3b72:9ae4:cb64/60404 cached sync-v2.brave.com is <CNAME>
Dec  9 00:47:49 10.0.0.2 ulogd[1267]: [NEW] ORIG: SRC=176.36.141.89 DST=194.50.85.5 PROTO=UDP SPT=34404 DPT=53 PKTS=0 BYTES=0 , REPLY: SRC=194.50.85.5 DST=176.36.141.89 PROTO=UDP SPT=53 DPT=34404 PKTS=0 BYTES=0
Dec  9 00:47:49 10.0.0.2 dnsmasq[1]: 2117899 fd02:c8be:1d40:0:75c3:3b72:9ae4:cb64/60404 forwarded sync-v2.brave.com to 194.50.85.5
Dec  9 00:47:49 10.0.0.2 dnsmasq[1]: 2117899 fd02:c8be:1d40:0:75c3:3b72:9ae4:cb64/60404 reply sync-v2.brave.com is <CNAME>
Dec  9 00:47:49 10.0.0.2 dnsmasq[1]: 2117899 fd02:c8be:1d40:0:75c3:3b72:9ae4:cb64/60404 reply sync-alb-152764135.us-west-2.elb.amazonaws.com is NODATA
Dec  9 00:47:53 10.0.0.2 dnsmasq[1]: 2117900 192.168.1.45/35485 query[A] updates.maxmind.com from 192.168.1.45
Dec  9 00:47:53 10.0.0.2 ulogd[1267]: [NEW] ORIG: SRC=192.168.1.45 DST=192.168.1.1 PROTO=UDP SPT=35485 DPT=53 PKTS=0 BYTES=0 , REPLY: SRC=192.168.1.1 DST=192.168.1.45 PROTO=UDP SPT=53 DPT=35485 PKTS=0 BYTES=0
Dec  9 00:47:53 10.0.0.2 dnsmasq[1]: 2117900 192.168.1.45/35485 cached updates.maxmind.com is 162.159.135.22
Dec  9 00:47:53 10.0.0.2 ulogd[1267]: [NEW] ORIG: SRC=192.168.1.45 DST=192.168.1.1 PROTO=UDP SPT=58059 DPT=53 PKTS=0 BYTES=0 , REPLY: SRC=192.168.1.1 DST=192.168.1.45 PROTO=UDP SPT=53 DPT=58059 PKTS=0 BYTES=0
Dec  9 00:47:53 10.0.0.2 dnsmasq[1]: 2117900 192.168.1.45/35485 cached updates.maxmind.com is 162.159.134.22
Dec  9 00:47:53 10.0.0.2 dnsmasq[1]: 2117901 192.168.1.45/58059 query[AAAA] updates.maxmind.com from 192.168.1.45
Dec  9 00:47:53 10.0.0.2 dnsmasq[1]: 2117901 192.168.1.45/58059 cached updates.maxmind.com is 2606:4700:7::a29f:8616
Dec  9 00:47:53 10.0.0.2 dnsmasq[1]: 2117901 192.168.1.45/58059 cached updates.maxmind.com is 2606:4700:7::a29f:8716
Dec  9 00:47:53 10.0.0.2 ulogd[1267]: [NEW] ORIG: SRC=192.168.1.45 DST=162.159.135.22 PROTO=TCP SPT=43022 DPT=443 PKTS=0 BYTES=0 , REPLY: SRC=162.159.135.22 DST=176.36.141.89 PROTO=TCP SPT=443 DPT=43022 PKTS=0 BYTES=0
Dec  9 00:47:59 10.0.0.2 ulogd[1267]: [DESTROY] ORIG: SRC=192.168.1.45 DST=162.159.135.22 PROTO=TCP SPT=39986 DPT=443 PKTS=14 BYTES=1359 , REPLY: SRC=162.159.135.22 DST=176.36.141.89 PROTO=TCP SPT=443 DPT=39986 PKTS=10 BYTES=3839
Dec  9 00:47:59 10.0.0.2 dnsmasq[1]: 2117902 192.168.1.45/41888 query[A] updates.maxmind.com from 192.168.1.45
Dec  9 00:47:59 10.0.0.2 ulogd[1267]: [NEW] ORIG: SRC=192.168.1.45 DST=192.168.1.1 PROTO=UDP SPT=41888 DPT=53 PKTS=0 BYTES=0 , REPLY: SRC=192.168.1.1 DST=192.168.1.45 PROTO=UDP SPT=53 DPT=41888 PKTS=0 BYTES=0
Dec  9 00:47:59 10.0.0.2 dnsmasq[1]: 2117902 192.168.1.45/41888 cached updates.maxmind.com is 162.159.134.22
Dec  9 00:47:59 10.0.0.2 ulogd[1267]: [NEW] ORIG: SRC=192.168.1.45 DST=192.168.1.1 PROTO=UDP SPT=46272 DPT=53 PKTS=0 BYTES=0 , REPLY: SRC=192.168.1.1 DST=192.168.1.45 PROTO=UDP SPT=53 DPT=46272 PKTS=0 BYTES=0
Dec  9 00:47:59 10.0.0.2 dnsmasq[1]: 2117902 192.168.1.45/41888 cached updates.maxmind.com is 162.159.135.22
Dec  9 00:47:59 10.0.0.2 dnsmasq[1]: 2117903 192.168.1.45/46272 query[AAAA] updates.maxmind.com from 192.168.1.45
Dec  9 00:47:59 10.0.0.2 dnsmasq[1]: 2117903 192.168.1.45/46272 cached updates.maxmind.com is 2606:4700:7::a29f:8716
Dec  9 00:47:59 10.0.0.2 dnsmasq[1]: 2117903 192.168.1.45/46272 cached updates.maxmind.com is 2606:4700:7::a29f:8616
Dec  9 00:47:59 10.0.0.2 ulogd[1267]: [NEW] ORIG: SRC=192.168.1.45 DST=162.159.134.22 PROTO=TCP SPT=60228 DPT=443 PKTS=0 BYTES=0 , REPLY: SRC=162.159.134.22 DST=176.36.141.89 PROTO=TCP SPT=443 DPT=60228 PKTS=0 BYTES=0
Dec  9 00:48:02 10.0.0.2 ulogd[1267]: [NEW] ORIG: SRC=fd02:c8be:1d40:0:75c3:3b72:9ae4:cb64 DST=fd02:c8be:1d40::1 PROTO=UDP SPT=65276 DPT=53 PKTS=0 BYTES=0 , REPLY: SRC=fd02:c8be:1d40::1 DST=fd02:c8be:1d40:0:75c3:3b72:9ae4:cb64 PROTO=UDP SPT=53 DPT=65276 PKTS=0 BYTES=0
Dec  9 00:48:02 10.0.0.2 ulogd[1267]: [NEW] ORIG: SRC=fd02:c8be:1d40:0:75c3:3b72:9ae4:cb64 DST=fd02:c8be:1d40::1 PROTO=UDP SPT=62256 DPT=53 PKTS=0 BYTES=0 , REPLY: SRC=fd02:c8be:1d40::1 DST=fd02:c8be:1d40:0:75c3:3b72:9ae4:cb64 PROTO=UDP SPT=53 DPT=62256 PKTS=0 BYTES=0
Dec  9 00:48:02 10.0.0.2 dnsmasq[1]: 2117904 fd02:c8be:1d40:0:75c3:3b72:9ae4:cb64/65276 query[A] wpad.lan from fd02:c8be:1d40:0:75c3:3b72:9ae4:cb64
Dec  9 00:48:02 10.0.0.2 dnsmasq[1]: 2117904 fd02:c8be:1d40:0:75c3:3b72:9ae4:cb64/65276 config wpad.lan is NXDOMAIN
Dec  9 00:48:02 10.0.0.2 dnsmasq[1]: 2117905 fd02:c8be:1d40:0:75c3:3b72:9ae4:cb64/62256 query[AAAA] wpad.lan from fd02:c8be:1d40:0:75c3:3b72:9ae4:cb64
Dec  9 00:48:02 10.0.0.2 dnsmasq[1]: 2117905 fd02:c8be:1d40:0:75c3:3b72:9ae4:cb64/62256 config wpad.lan is NXDOMAIN
Dec  9 00:48:02 10.0.0.2 dnsmasq[1]: 2117906 fd02:c8be:1d40:0:75c3:3b72:9ae4:cb64/60438 query[A] wpad.lan from fd02:c8be:1d40:0:75c3:3b72:9ae4:cb64
Dec  9 00:48:02 10.0.0.2 dnsmasq[1]: 2117906 fd02:c8be:1d40:0:75c3:3b72:9ae4:cb64/60438 config wpad.lan is NXDOMAIN
Dec  9 00:48:02 10.0.0.2 dnsmasq[1]: 2117907 fd02:c8be:1d40:0:75c3:3b72:9ae4:cb64/62051 query[AAAA] wpad.lan from fd02:c8be:1d40:0:75c3:3b72:9ae4:cb64
Dec  9 00:48:02 10.0.0.2 ulogd[1267]: [NEW] ORIG: SRC=fd02:c8be:1d40:0:75c3:3b72:9ae4:cb64 DST=fd02:c8be:1d40::1 PROTO=UDP SPT=62051 DPT=53 PKTS=0 BYTES=0 , REPLY: SRC=fd02:c8be:1d40::1 DST=fd02:c8be:1d40:0:75c3:3b72:9ae4:cb64 PROTO=UDP SPT=53 DPT=62051 PKTS=0 BYTES=0
Dec  9 00:48:02 10.0.0.2 dnsmasq[1]: 2117907 fd02:c8be:1d40:0:75c3:3b72:9ae4:cb64/62051 config wpad.lan is NXDOMAIN
Dec  9 00:48:02 10.0.0.2 ulogd[1267]: [NEW] ORIG: SRC=192.168.1.180 DST=192.168.1.1 PROTO=UDP SPT=56915 DPT=53 PKTS=0 BYTES=0 , REPLY: SRC=192.168.1.1 DST=192.168.1.180 PROTO=UDP SPT=53 DPT=56915 PKTS=0 BYTES=0
Dec  9 00:48:02 10.0.0.2 ulogd[1267]: [NEW] ORIG: SRC=192.168.1.180 DST=192.168.1.1 PROTO=UDP SPT=55235 DPT=53 PKTS=0 BYTES=0 , REPLY: SRC=192.168.1.1 DST=192.168.1.180 PROTO=UDP SPT=53 DPT=55235 PKTS=0 BYTES=0
Dec  9 00:48:02 10.0.0.2 dnsmasq[1]: 2117908 192.168.1.180/56915 query[A] prg.smartadserver.com from 192.168.1.180
Dec  9 00:48:02 10.0.0.2 dnsmasq[1]: 2117908 192.168.1.180/56915 cached prg.smartadserver.com is <CNAME>
Dec  9 00:48:02 10.0.0.2 ulogd[1267]: [NEW] ORIG: SRC=192.168.1.1 DST=192.168.1.45 PROTO=UDP SPT=47380 DPT=5353 PKTS=0 BYTES=0 , REPLY: SRC=192.168.1.45 DST=192.168.1.1 PROTO=UDP SPT=5353 DPT=47380 PKTS=0 BYTES=0
Dec  9 00:48:02 10.0.0.2 dnsmasq[1]: 2117908 192.168.1.180/56915 forwarded prg.smartadserver.com to 192.168.1.45
Dec  9 00:48:02 10.0.0.2 dnsmasq[1]: 2117908 192.168.1.180/56915 forwarded prg.smartadserver.com to 194.50.85.5
Dec  9 00:48:02 10.0.0.2 dnsmasq[1]: 2117908 192.168.1.180/56915 forwarded prg.smartadserver.com to 194.50.85.7
Dec  9 00:48:02 10.0.0.2 dnsmasq[1]: 2117909 192.168.1.180/55235 query[type=65] prg.smartadserver.com from 192.168.1.180
Dec  9 00:48:02 10.0.0.2 dnsmasq[1]: 2117909 192.168.1.180/55235 forwarded prg.smartadserver.com to 194.50.85.5
Dec  9 00:48:02 10.0.0.2 ulogd[1267]: [NEW] ORIG: SRC=176.36.141.89 DST=194.50.85.5 PROTO=UDP SPT=47380 DPT=53 PKTS=0 BYTES=0 , REPLY: SRC=194.50.85.5 DST=176.36.141.89 PROTO=UDP SPT=53 DPT=47380 PKTS=0 BYTES=0
Dec  9 00:48:02 10.0.0.2 ulogd[1267]: [NEW] ORIG: SRC=176.36.141.89 DST=194.50.85.7 PROTO=UDP SPT=47380 DPT=53 PKTS=0 BYTES=0 , REPLY: SRC=194.50.85.7 DST=176.36.141.89 PROTO=UDP SPT=53 DPT=47380 PKTS=0 BYTES=0
Dec  9 00:48:02 10.0.0.2 dnsmasq[1]: 2117908 192.168.1.180/56915 reply prg.smartadserver.com is <CNAME>
Dec  9 00:48:02 10.0.0.2 ulogd[1267]: [NEW] ORIG: SRC=176.36.141.89 DST=194.50.85.5 PROTO=UDP SPT=42405 DPT=53 PKTS=0 BYTES=0 , REPLY: SRC=194.50.85.5 DST=176.36.141.89 PROTO=UDP SPT=53 DPT=42405 PKTS=0 BYTES=0
Dec  9 00:48:02 10.0.0.2 dnsmasq[1]: 2117908 192.168.1.180/56915 reply prga.smartadserver.com is <CNAME>
Dec  9 00:48:02 10.0.0.2 dnsmasq[1]: 2117908 192.168.1.180/56915 reply hb-geo.delivery-prod-sas.akadns.net is <CNAME>
Dec  9 00:48:02 10.0.0.2 dnsmasq[1]: 2117908 192.168.1.180/56915 reply itx5.smartadserver.com is 185.86.138.32
Dec  9 00:48:02 10.0.0.2 dnsmasq[1]: 2117908 192.168.1.180/56915 reply itx5.smartadserver.com is 185.86.138.124
Dec  9 00:48:02 10.0.0.2 dnsmasq[1]: 2117908 192.168.1.180/56915 reply itx5.smartadserver.com is 185.86.138.122
Dec  9 00:48:02 10.0.0.2 dnsmasq[1]: 2117908 192.168.1.180/56915 reply itx5.smartadserver.com is 185.86.138.121
Dec  9 00:48:02 10.0.0.2 dnsmasq[1]: 2117908 192.168.1.180/56915 reply itx5.smartadserver.com is 185.86.138.16
Dec  9 00:48:02 10.0.0.2 dnsmasq[1]: 2117908 192.168.1.180/56915 reply itx5.smartadserver.com is 185.86.138.123
Dec  9 00:48:02 10.0.0.2 ulogd[1267]: [NEW] ORIG: SRC=192.168.1.180 DST=185.86.138.32 PROTO=TCP SPT=65368 DPT=443 PKTS=0 BYTES=0 , REPLY: SRC=185.86.138.32 DST=176.36.141.89 PROTO=TCP SPT=443 DPT=65368 PKTS=0 BYTES=0
Dec  9 00:48:06 10.0.0.2 ulogd[1267]: [NEW] ORIG: SRC=192.168.1.180 DST=35.186.224.25 PROTO=UDP SPT=55629 DPT=443 PKTS=0 BYTES=0 , REPLY: SRC=35.186.224.25 DST=176.36.141.89 PROTO=UDP SPT=443 DPT=55629 PKTS=0 BYTES=0
Dec  9 00:48:06 10.0.0.2 dnsmasq[1]: 2117910 192.168.1.45/54637 query[AAAA] updates.maxmind.com from 192.168.1.45
Dec  9 00:48:06 10.0.0.2 ulogd[1267]: [NEW] ORIG: SRC=192.168.1.45 DST=192.168.1.1 PROTO=UDP SPT=54637 DPT=53 PKTS=0 BYTES=0 , REPLY: SRC=192.168.1.1 DST=192.168.1.45 PROTO=UDP SPT=53 DPT=54637 PKTS=0 BYTES=0
Dec  9 00:48:06 10.0.0.2 ulogd[1267]: [NEW] ORIG: SRC=192.168.1.45 DST=192.168.1.1 PROTO=UDP SPT=60817 DPT=53 PKTS=0 BYTES=0 , REPLY: SRC=192.168.1.1 DST=192.168.1.45 PROTO=UDP SPT=53 DPT=60817 PKTS=0 BYTES=0
Dec  9 00:48:06 10.0.0.2 dnsmasq[1]: 2117910 192.168.1.45/54637 cached updates.maxmind.com is 2606:4700:7::a29f:8616
Dec  9 00:48:06 10.0.0.2 dnsmasq[1]: 2117910 192.168.1.45/54637 cached updates.maxmind.com is 2606:4700:7::a29f:8716
Dec  9 00:48:06 10.0.0.2 dnsmasq[1]: 2117911 192.168.1.45/60817 query[A] updates.maxmind.com from 192.168.1.45
Dec  9 00:48:06 10.0.0.2 dnsmasq[1]: 2117911 192.168.1.45/60817 cached updates.maxmind.com is 162.159.135.22
Dec  9 00:48:06 10.0.0.2 dnsmasq[1]: 2117911 192.168.1.45/60817 cached updates.maxmind.com is 162.159.134.22
Dec  9 00:48:06 10.0.0.2 ulogd[1267]: [NEW] ORIG: SRC=192.168.1.45 DST=162.159.135.22 PROTO=TCP SPT=53280 DPT=443 PKTS=0 BYTES=0 , REPLY: SRC=162.159.135.22 DST=176.36.141.89 PROTO=TCP SPT=443 DPT=53280 PKTS=0 BYTES=0
Dec  9 00:48:09 10.0.0.2 ulogd[1267]: [NEW] ORIG: SRC=54.222.221.189 DST=176.36.141.89 PROTO=ICMP TYPE=0 CODE=8 PKTS=0 BYTES=0 , REPLY: SRC=176.36.141.89 DST=54.222.221.189 PROTO=ICMP TYPE=0 CODE=8 PKTS=0 BYTES=0
Dec  9 00:48:09 10.0.0.2 ulogd[1267]: [NEW] ORIG: SRC=71.131.225.129 DST=176.36.141.89 PROTO=ICMP TYPE=0 CODE=8 PKTS=0 BYTES=0 , REPLY: SRC=176.36.141.89 DST=71.131.225.129 PROTO=ICMP TYPE=0 CODE=8 PKTS=0 BYTES=0
Dec  9 00:48:09 10.0.0.2 ulogd[1267]: [NEW] ORIG: SRC=52.81.40.186 DST=176.36.141.89 PROTO=ICMP TYPE=0 CODE=8 PKTS=0 BYTES=0 , REPLY: SRC=176.36.141.89 DST=52.81.40.186 PROTO=ICMP TYPE=0 CODE=8 PKTS=0 BYTES=0
Dec  9 00:48:09 10.0.0.2 ulogd[1267]: [DESTROY] ORIG: SRC=192.168.1.45 DST=192.168.1.1 PROTO=UDP SPT=55562 DPT=53 PKTS=1 BYTES=76 , REPLY: SRC=192.168.1.1 DST=192.168.1.45 PROTO=UDP SPT=53 DPT=55562 PKTS=1 BYTES=132
Dec  9 00:48:13 10.0.0.2 ulogd[1267]: [NEW] ORIG: SRC=192.168.1.45 DST=192.168.1.1 PROTO=UDP SPT=59158 DPT=53 PKTS=0 BYTES=0 , REPLY: SRC=192.168.1.1 DST=192.168.1.45 PROTO=UDP SPT=53 DPT=59158 PKTS=0 BYTES=0
Dec  9 00:48:13 10.0.0.2 dnsmasq[1]: 2117912 192.168.1.45/59158 query[AAAA] updates.maxmind.com from 192.168.1.45
Dec  9 00:48:13 10.0.0.2 ulogd[1267]: [NEW] ORIG: SRC=192.168.1.45 DST=192.168.1.1 PROTO=UDP SPT=49022 DPT=53 PKTS=0 BYTES=0 , REPLY: SRC=192.168.1.1 DST=192.168.1.45 PROTO=UDP SPT=53 DPT=49022 PKTS=0 BYTES=0
Dec  9 00:48:13 10.0.0.2 dnsmasq[1]: 2117912 192.168.1.45/59158 cached updates.maxmind.com is 2606:4700:7::a29f:8716
Dec  9 00:48:13 10.0.0.2 dnsmasq[1]: 2117912 192.168.1.45/59158 cached updates.maxmind.com is 2606:4700:7::a29f:8616
Dec  9 00:48:13 10.0.0.2 dnsmasq[1]: 2117913 192.168.1.45/49022 query[A] updates.maxmind.com from 192.168.1.45
Dec  9 00:48:13 10.0.0.2 dnsmasq[1]: 2117913 192.168.1.45/49022 cached updates.maxmind.com is 162.159.134.22
Dec  9 00:48:13 10.0.0.2 dnsmasq[1]: 2117913 192.168.1.45/49022 cached updates.maxmind.com is 162.159.135.22
Dec  9 00:48:13 10.0.0.2 ulogd[1267]: [NEW] ORIG: SRC=192.168.1.45 DST=162.159.134.22 PROTO=TCP SPT=36898 DPT=443 PKTS=0 BYTES=0 , REPLY: SRC=162.159.134.22 DST=176.36.141.89 PROTO=TCP SPT=443 DPT=36898 PKTS=0 BYTES=0
Dec  9 00:48:16 10.0.0.2 ulogd[1267]: [DESTROY] ORIG: SRC=192.168.1.45 DST=162.159.134.22 PROTO=TCP SPT=38042 DPT=443 PKTS=14 BYTES=1359 , REPLY: SRC=162.159.134.22 DST=176.36.141.89 PROTO=TCP SPT=443 DPT=38042 PKTS=10 BYTES=3839
Dec  9 00:48:17 10.0.0.2 ulogd[1267]: [NEW] ORIG: SRC=192.168.1.180 DST=185.86.138.32 PROTO=TCP SPT=65369 DPT=443 PKTS=0 BYTES=0 , REPLY: SRC=185.86.138.32 DST=176.36.141.89 PROTO=TCP SPT=443 DPT=65369 PKTS=0 BYTES=0
Dec  9 00:48:19 10.0.0.2 ulogd[1267]: [DESTROY] ORIG: SRC=192.168.1.45 DST=192.168.1.1 PROTO=UDP SPT=58887 DPT=53 PKTS=1 BYTES=76 , REPLY: SRC=192.168.1.1 DST=192.168.1.45 PROTO=UDP SPT=53 DPT=58887 PKTS=1 BYTES=132
Dec  9 00:48:20 10.0.0.2 ulogd[1267]: [NEW] ORIG: SRC=192.168.1.45 DST=192.168.1.1 PROTO=UDP SPT=58557 DPT=53 PKTS=0 BYTES=0 , REPLY: SRC=192.168.1.1 DST=192.168.1.45 PROTO=UDP SPT=53 DPT=58557 PKTS=0 BYTES=0
Dec  9 00:48:20 10.0.0.2 dnsmasq[1]: 2117914 192.168.1.45/58557 query[A] updates.maxmind.com from 192.168.1.45
Dec  9 00:48:20 10.0.0.2 dnsmasq[1]: 2117914 192.168.1.45/58557 cached updates.maxmind.com is 162.159.135.22
Dec  9 00:48:20 10.0.0.2 ulogd[1267]: [NEW] ORIG: SRC=192.168.1.45 DST=192.168.1.1 PROTO=UDP SPT=45069 DPT=53 PKTS=0 BYTES=0 , REPLY: SRC=192.168.1.1 DST=192.168.1.45 PROTO=UDP SPT=53 DPT=45069 PKTS=0 BYTES=0
Dec  9 00:48:20 10.0.0.2 dnsmasq[1]: 2117914 192.168.1.45/58557 cached updates.maxmind.com is 162.159.134.22
Dec  9 00:48:20 10.0.0.2 dnsmasq[1]: 2117915 192.168.1.45/45069 query[AAAA] updates.maxmind.com from 192.168.1.45
Dec  9 00:48:20 10.0.0.2 dnsmasq[1]: 2117915 192.168.1.45/45069 cached updates.maxmind.com is 2606:4700:7::a29f:8616
Dec  9 00:48:20 10.0.0.2 dnsmasq[1]: 2117915 192.168.1.45/45069 cached updates.maxmind.com is 2606:4700:7::a29f:8716
Dec  9 00:48:20 10.0.0.2 ulogd[1267]: [NEW] ORIG: SRC=192.168.1.45 DST=162.159.135.22 PROTO=TCP SPT=37842 DPT=443 PKTS=0 BYTES=0 , REPLY: SRC=162.159.135.22 DST=176.36.141.89 PROTO=TCP SPT=443 DPT=37842 PKTS=0 BYTES=0
Dec  9 00:48:27 10.0.0.2 dnsmasq[1]: 2117916 192.168.1.45/36701 query[AAAA] updates.maxmind.com from 192.168.1.45
Dec  9 00:48:27 10.0.0.2 ulogd[1267]: [NEW] ORIG: SRC=192.168.1.45 DST=192.168.1.1 PROTO=UDP SPT=36701 DPT=53 PKTS=0 BYTES=0 , REPLY: SRC=192.168.1.1 DST=192.168.1.45 PROTO=UDP SPT=53 DPT=36701 PKTS=0 BYTES=0
Dec  9 00:48:27 10.0.0.2 ulogd[1267]: [NEW] ORIG: SRC=192.168.1.45 DST=192.168.1.1 PROTO=UDP SPT=32855 DPT=53 PKTS=0 BYTES=0 , REPLY: SRC=192.168.1.1 DST=192.168.1.45 PROTO=UDP SPT=53 DPT=32855 PKTS=0 BYTES=0
Dec  9 00:48:27 10.0.0.2 dnsmasq[1]: 2117916 192.168.1.45/36701 cached updates.maxmind.com is 2606:4700:7::a29f:8716
Dec  9 00:48:27 10.0.0.2 dnsmasq[1]: 2117916 192.168.1.45/36701 cached updates.maxmind.com is 2606:4700:7::a29f:8616
Dec  9 00:48:27 10.0.0.2 dnsmasq[1]: 2117917 192.168.1.45/32855 query[A] updates.maxmind.com from 192.168.1.45
Dec  9 00:48:27 10.0.0.2 dnsmasq[1]: 2117917 192.168.1.45/32855 cached updates.maxmind.com is 162.159.134.22
Dec  9 00:48:27 10.0.0.2 dnsmasq[1]: 2117917 192.168.1.45/32855 cached updates.maxmind.com is 162.159.135.22
Dec  9 00:48:27 10.0.0.2 ulogd[1267]: [NEW] ORIG: SRC=192.168.1.45 DST=162.159.134.22 PROTO=TCP SPT=40968 DPT=443 PKTS=0 BYTES=0 , REPLY: SRC=162.159.134.22 DST=176.36.141.89 PROTO=TCP SPT=443 DPT=40968 PKTS=0 BYTES=0
Dec  9 00:48:30 10.0.0.2 ulogd[1267]: [DESTROY] ORIG: SRC=192.168.1.180 DST=35.186.224.18 PROTO=UDP SPT=50772 DPT=443 PKTS=12 BYTES=7572 , REPLY: SRC=35.186.224.18 DST=176.36.141.89 PROTO=UDP SPT=443 DPT=50772 PKTS=11 BYTES=4426
Dec  9 00:48:30 10.0.0.2 ulogd[1267]: [DESTROY] ORIG: SRC=176.36.141.89 DST=194.50.85.5 PROTO=UDP SPT=36958 DPT=53 PKTS=1 BYTES=63 , REPLY: SRC=194.50.85.5 DST=176.36.141.89 PROTO=UDP SPT=53 DPT=36958 PKTS=1 BYTES=168
Dec  9 00:48:31 10.0.0.2 ulogd[1267]: [NEW] ORIG: SRC=192.168.1.180 DST=185.86.138.32 PROTO=TCP SPT=65370 DPT=443 PKTS=0 BYTES=0 , REPLY: SRC=185.86.138.32 DST=176.36.141.89 PROTO=TCP SPT=443 DPT=65370 PKTS=0 BYTES=0
Dec  9 00:48:31 10.0.0.2 ulogd[1267]: [DESTROY] ORIG: SRC=192.168.1.180 DST=185.86.138.123 PROTO=TCP SPT=65358 DPT=443 PKTS=12 BYTES=4328 , REPLY: SRC=185.86.138.123 DST=176.36.141.89 PROTO=TCP SPT=443 DPT=65358 PKTS=11 BYTES=5166
Dec  9 00:48:34 10.0.0.2 ulogd[1267]: [NEW] ORIG: SRC=192.168.1.45 DST=192.168.1.1 PROTO=UDP SPT=48884 DPT=53 PKTS=0 BYTES=0 , REPLY: SRC=192.168.1.1 DST=192.168.1.45 PROTO=UDP SPT=53 DPT=48884 PKTS=0 BYTES=0
Dec  9 00:48:34 10.0.0.2 dnsmasq[1]: 2117918 192.168.1.45/48884 query[AAAA] updates.maxmind.com from 192.168.1.45
Dec  9 00:48:34 10.0.0.2 ulogd[1267]: [NEW] ORIG: SRC=192.168.1.45 DST=192.168.1.1 PROTO=UDP SPT=57994 DPT=53 PKTS=0 BYTES=0 , REPLY: SRC=192.168.1.1 DST=192.168.1.45 PROTO=UDP SPT=53 DPT=57994 PKTS=0 BYTES=0
Dec  9 00:48:34 10.0.0.2 dnsmasq[1]: 2117918 192.168.1.45/48884 cached updates.maxmind.com is 2606:4700:7::a29f:8616
Dec  9 00:48:34 10.0.0.2 dnsmasq[1]: 2117918 192.168.1.45/48884 cached updates.maxmind.com is 2606:4700:7::a29f:8716
Dec  9 00:48:34 10.0.0.2 dnsmasq[1]: 2117919 192.168.1.45/57994 query[A] updates.maxmind.com from 192.168.1.45
Dec  9 00:48:34 10.0.0.2 dnsmasq[1]: 2117919 192.168.1.45/57994 cached updates.maxmind.com is 162.159.135.22
Dec  9 00:48:34 10.0.0.2 dnsmasq[1]: 2117919 192.168.1.45/57994 cached updates.maxmind.com is 162.159.134.22
Dec  9 00:48:34 10.0.0.2 ulogd[1267]: [NEW] ORIG: SRC=192.168.1.45 DST=162.159.135.22 PROTO=TCP SPT=42944 DPT=443 PKTS=0 BYTES=0 , REPLY: SRC=162.159.135.22 DST=176.36.141.89 PROTO=TCP SPT=443 DPT=42944 PKTS=0 BYTES=0
Dec  9 00:48:36 10.0.0.2 ulogd[1267]: [DESTROY] ORIG: SRC=192.168.1.45 DST=192.168.1.1 PROTO=UDP SPT=33594 DPT=53 PKTS=1 BYTES=76 , REPLY: SRC=192.168.1.1 DST=192.168.1.45 PROTO=UDP SPT=53 DPT=33594 PKTS=1 BYTES=108
Dec  9 00:48:41 10.0.0.2 ulogd[1267]: [NEW] ORIG: SRC=192.168.1.45 DST=192.168.1.1 PROTO=UDP SPT=36300 DPT=53 PKTS=0 BYTES=0 , REPLY: SRC=192.168.1.1 DST=192.168.1.45 PROTO=UDP SPT=53 DPT=36300 PKTS=0 BYTES=0
Dec  9 00:48:41 10.0.0.2 dnsmasq[1]: 2117920 192.168.1.45/36300 query[A] updates.maxmind.com from 192.168.1.45
Dec  9 00:48:41 10.0.0.2 ulogd[1267]: [NEW] ORIG: SRC=192.168.1.45 DST=192.168.1.1 PROTO=UDP SPT=58242 DPT=53 PKTS=0 BYTES=0 , REPLY: SRC=192.168.1.1 DST=192.168.1.45 PROTO=UDP SPT=53 DPT=58242 PKTS=0 BYTES=0
Dec  9 00:48:41 10.0.0.2 dnsmasq[1]: 2117920 192.168.1.45/36300 cached updates.maxmind.com is 162.159.134.22
Dec  9 00:48:41 10.0.0.2 dnsmasq[1]: 2117920 192.168.1.45/36300 cached updates.maxmind.com is 162.159.135.22
Dec  9 00:48:41 10.0.0.2 dnsmasq[1]: 2117921 192.168.1.45/58242 query[AAAA] updates.maxmind.com from 192.168.1.45
Dec  9 00:48:41 10.0.0.2 dnsmasq[1]: 2117921 192.168.1.45/58242 cached updates.maxmind.com is 2606:4700:7::a29f:8716
Dec  9 00:48:41 10.0.0.2 dnsmasq[1]: 2117921 192.168.1.45/58242 cached updates.maxmind.com is 2606:4700:7::a29f:8616
Dec  9 00:48:41 10.0.0.2 ulogd[1267]: [NEW] ORIG: SRC=192.168.1.45 DST=162.159.134.22 PROTO=TCP SPT=58320 DPT=443 PKTS=0 BYTES=0 , REPLY: SRC=162.159.134.22 DST=176.36.141.89 PROTO=TCP SPT=443 DPT=58320 PKTS=0 BYTES=0
Dec  9 00:48:45 10.0.0.2 ulogd[1267]: [NEW] ORIG: SRC=fd02:c8be:1d40:0:75c3:3b72:9ae4:cb64 DST=fd02:c8be:1d40::1 PROTO=UDP SPT=56939 DPT=53 PKTS=0 BYTES=0 , REPLY: SRC=fd02:c8be:1d40::1 DST=fd02:c8be:1d40:0:75c3:3b72:9ae4:cb64 PROTO=UDP SPT=53 DPT=56939 PKTS=0 BYTES=0
Dec  9 00:48:45 10.0.0.2 dnsmasq[1]: 2117922 fd02:c8be:1d40:0:75c3:3b72:9ae4:cb64/56939 query[A] gew1-spclient.spotify.com from fd02:c8be:1d40:0:75c3:3b72:9ae4:cb64
Dec  9 00:48:45 10.0.0.2 ulogd[1267]: [NEW] ORIG: SRC=fd02:c8be:1d40:0:75c3:3b72:9ae4:cb64 DST=fd02:c8be:1d40::1 PROTO=UDP SPT=56507 DPT=53 PKTS=0 BYTES=0 , REPLY: SRC=fd02:c8be:1d40::1 DST=fd02:c8be:1d40:0:75c3:3b72:9ae4:cb64 PROTO=UDP SPT=53 DPT=56507 PKTS=0 BYTES=0
Dec  9 00:48:45 10.0.0.2 dnsmasq[1]: 2117922 fd02:c8be:1d40:0:75c3:3b72:9ae4:cb64/56939 cached gew1-spclient.spotify.com is <CNAME>
Dec  9 00:48:45 10.0.0.2 dnsmasq[1]: 2117922 fd02:c8be:1d40:0:75c3:3b72:9ae4:cb64/56939 forwarded gew1-spclient.spotify.com to 192.168.1.45
Dec  9 00:48:45 10.0.0.2 dnsmasq[1]: 2117922 fd02:c8be:1d40:0:75c3:3b72:9ae4:cb64/56939 forwarded gew1-spclient.spotify.com to 194.50.85.5
Dec  9 00:48:45 10.0.0.2 ulogd[1267]: [NEW] ORIG: SRC=192.168.1.1 DST=192.168.1.45 PROTO=UDP SPT=50975 DPT=5353 PKTS=0 BYTES=0 , REPLY: SRC=192.168.1.45 DST=192.168.1.1 PROTO=UDP SPT=5353 DPT=50975 PKTS=0 BYTES=0
Dec  9 00:48:45 10.0.0.2 dnsmasq[1]: 2117922 fd02:c8be:1d40:0:75c3:3b72:9ae4:cb64/56939 forwarded gew1-spclient.spotify.com to 194.50.85.7
Dec  9 00:48:45 10.0.0.2 dnsmasq[1]: 2117922 fd02:c8be:1d40:0:75c3:3b72:9ae4:cb64/56939 reply gew1-spclient.spotify.com is <CNAME>
Dec  9 00:48:45 10.0.0.2 dnsmasq[1]: 2117922 fd02:c8be:1d40:0:75c3:3b72:9ae4:cb64/56939 reply edge-web-gew1.dual-gslb.spotify.com is 35.186.224.18
Dec  9 00:48:45 10.0.0.2 ulogd[1267]: [NEW] ORIG: SRC=176.36.141.89 DST=194.50.85.5 PROTO=UDP SPT=50975 DPT=53 PKTS=0 BYTES=0 , REPLY: SRC=194.50.85.5 DST=176.36.141.89 PROTO=UDP SPT=53 DPT=50975 PKTS=0 BYTES=0
Dec  9 00:48:45 10.0.0.2 dnsmasq[1]: 2117923 fd02:c8be:1d40:0:75c3:3b72:9ae4:cb64/56507 query[type=65] gew1-spclient.spotify.com from fd02:c8be:1d40:0:75c3:3b72:9ae4:cb64
