Dec  9 01:03:06 10.0.0.2 ulogd[1267]: [DESTROY] ORIG: SRC=192.168.1.45 DST=54.198.86.24 PROTO=TCP SPT=43432 DPT=443 PKTS=15 BYTES=3913 , REPLY: SRC=54.198.86.24 DST=176.36.141.89 PROTO=TCP SPT=443 DPT=43432 PKTS=16 BYTES=6976
Dec  9 01:03:06 10.0.0.2 dnsmasq[1]: 2118727 fd02:c8be:1d40:0:75c3:3b72:9ae4:cb64/50133 reply domain.status.io is 18.244.102.67
Dec  9 01:03:06 10.0.0.2 dnsmasq[1]: 2118727 fd02:c8be:1d40:0:75c3:3b72:9ae4:cb64/50133 reply domain.status.io is 18.244.102.112
Dec  9 01:03:06 10.0.0.2 ulogd[1267]: [DESTROY] ORIG: SRC=fd02:c8be:1d40:0:75c3:3b72:9ae4:cb64 DST=fd02:c8be:1d40::1 PROTO=UDP SPT=57824 DPT=53 PKTS=1 BYTES=83 , REPLY: SRC=fd02:c8be:1d40::1 DST=fd02:c8be:1d40:0:75c3:3b72:9ae4:cb64 PROTO=UDP SPT=53 DPT=57824 PKTS=1 BYTES=188
Dec  9 01:03:06 10.0.0.2 dnsmasq[1]: 2118727 fd02:c8be:1d40:0:75c3:3b72:9ae4:cb64/50133 reply domain.status.io is 18.244.102.115
Dec  9 01:03:06 10.0.0.2 ulogd[1267]: [DESTROY] ORIG: SRC=fd02:c8be:1d40:0:75c3:3b72:9ae4:cb64 DST=fd02:c8be:1d40::1 PROTO=UDP SPT=55330 DPT=53 PKTS=1 BYTES=89 , REPLY: SRC=fd02:c8be:1d40::1 DST=fd02:c8be:1d40:0:75c3:3b72:9ae4:cb64 PROTO=UDP SPT=53 DPT=55330 PKTS=1 BYTES=187
Dec  9 01:03:06 10.0.0.2 ulogd[1267]: [DESTROY] ORIG: SRC=176.36.141.89 DST=194.50.85.5 PROTO=UDP SPT=48030 DPT=53 PKTS=1 BYTES=64 , REPLY: SRC=194.50.85.5 DST=176.36.141.89 PROTO=UDP SPT=53 DPT=48030 PKTS=1 BYTES=158
Dec  9 01:03:06 10.0.0.2 ulogd[1267]: [DESTROY] ORIG: SRC=176.36.141.89 DST=194.50.85.5 PROTO=UDP SPT=35984 DPT=53 PKTS=1 BYTES=78 , REPLY: SRC=194.50.85.5 DST=176.36.141.89 PROTO=UDP SPT=53 DPT=35984 PKTS=1 BYTES=187
Dec  9 01:03:06 10.0.0.2 dnsmasq[1]: 2118728 fd02:c8be:1d40:0:75c3:3b72:9ae4:cb64/49304 reply status.maxmind.com is <CNAME>
Dec  9 01:03:06 10.0.0.2 ulogd[1267]: [DESTROY] ORIG: SRC=fd02:c8be:1d40:0:75c3:3b72:9ae4:cb64 DST=fd02:c8be:1d40::1 PROTO=UDP SPT=60712 DPT=53 PKTS=1 BYTES=84 , REPLY: SRC=fd02:c8be:1d40::1 DST=fd02:c8be:1d40:0:75c3:3b72:9ae4:cb64 PROTO=UDP SPT=53 DPT=60712 PKTS=1 BYTES=178
Dec  9 01:03:06 10.0.0.2 dnsmasq[1]: 2118728 fd02:c8be:1d40:0:75c3:3b72:9ae4:cb64/49304 reply domain.status.io is NODATA
Dec  9 01:03:06 10.0.0.2 ulogd[1267]: [DESTROY] ORIG: SRC=192.168.1.45 DST=140.82.121.34 PROTO=TCP SPT=35812 DPT=443 PKTS=11 BYTES=1223 , REPLY: SRC=140.82.121.34 DST=176.36.141.89 PROTO=TCP SPT=443 DPT=35812 PKTS=10 BYTES=5065
Dec  9 01:03:06 10.0.0.2 ulogd[1267]: [DESTROY] ORIG: SRC=192.168.1.45 DST=192.168.1.1 PROTO=UDP SPT=42554 DPT=53 PKTS=1 BYTES=76 , REPLY: SRC=192.168.1.1 DST=192.168.1.45 PROTO=UDP SPT=53 DPT=42554 PKTS=1 BYTES=132
Dec  9 01:03:06 10.0.0.2 ulogd[1267]: [DESTROY] ORIG: SRC=192.168.1.45 DST=162.159.135.22 PROTO=TCP SPT=51100 DPT=443 PKTS=15 BYTES=1437 , REPLY: SRC=162.159.135.22 DST=176.36.141.89 PROTO=TCP SPT=443 DPT=51100 PKTS=10 BYTES=3841
Dec  9 01:03:06 10.0.0.2 ulogd[1267]: [DESTROY] ORIG: SRC=192.168.1.180 DST=217.182.178.224 PROTO=TCP SPT=49196 DPT=443 PKTS=11 BYTES=4288 , REPLY: SRC=217.182.178.224 DST=176.36.141.89 PROTO=TCP SPT=443 DPT=49196 PKTS=9 BYTES=1267
Dec  9 01:03:06 10.0.0.2 ulogd[1267]: [DESTROY] ORIG: SRC=192.168.1.45 DST=140.82.121.34 PROTO=TCP SPT=35834 DPT=443 PKTS=11 BYTES=1798 , REPLY: SRC=140.82.121.34 DST=176.36.141.89 PROTO=TCP SPT=443 DPT=35834 PKTS=10 BYTES=5986
Dec  9 01:03:06 10.0.0.2 ulogd[1267]: [DESTROY] ORIG: SRC=192.168.1.45 DST=192.168.1.1 PROTO=UDP SPT=60766 DPT=53 PKTS=1 BYTES=76 , REPLY: SRC=192.168.1.1 DST=192.168.1.45 PROTO=UDP SPT=53 DPT=60766 PKTS=1 BYTES=132
Dec  9 01:03:06 10.0.0.2 ulogd[1267]: [DESTROY] ORIG: SRC=fd02:c8be:1d40:0:75c3:3b72:9ae4:cb64 DST=fd02:c8be:1d40::1 PROTO=UDP SPT=54773 DPT=53 PKTS=1 BYTES=76 , REPLY: SRC=fd02:c8be:1d40::1 DST=fd02:c8be:1d40:0:75c3:3b72:9ae4:cb64 PROTO=UDP SPT=53 DPT=54773 PKTS=1 BYTES=160
Dec  9 01:03:06 10.0.0.2 ulogd[1267]: [DESTROY] ORIG: SRC=192.168.1.45 DST=192.168.1.1 PROTO=UDP SPT=56759 DPT=53 PKTS=1 BYTES=76 , REPLY: SRC=192.168.1.1 DST=192.168.1.45 PROTO=UDP SPT=53 DPT=56759 PKTS=1 BYTES=132
Dec  9 01:03:06 10.0.0.2 ulogd[1267]: [DESTROY] ORIG: SRC=176.36.141.89 DST=194.50.85.5 PROTO=UDP SPT=57118 DPT=53 PKTS=1 BYTES=63 , REPLY: SRC=194.50.85.5 DST=176.36.141.89 PROTO=UDP SPT=53 DPT=57118 PKTS=1 BYTES=168
Dec  9 01:03:06 10.0.0.2 ulogd[1267]: [DESTROY] ORIG: SRC=192.168.1.45 DST=192.168.1.1 PROTO=UDP SPT=46510 DPT=53 PKTS=1 BYTES=77 , REPLY: SRC=192.168.1.1 DST=192.168.1.45 PROTO=UDP SPT=53 DPT=46510 PKTS=1 BYTES=161
Dec  9 01:03:06 10.0.0.2 ulogd[1267]: [DESTROY] ORIG: SRC=192.168.1.45 DST=185.199.111.133 PROTO=TCP SPT=47814 DPT=443 PKTS=17 BYTES=1474 , REPLY: SRC=185.199.111.133 DST=176.36.141.89 PROTO=TCP SPT=443 DPT=47814 PKTS=17 BYTES=5706
Dec  9 01:03:06 10.0.0.2 ulogd[1267]: [DESTROY] ORIG: SRC=192.168.1.180 DST=35.186.224.25 PROTO=UDP SPT=49351 DPT=443 PKTS=9 BYTES=5747 , REPLY: SRC=35.186.224.25 DST=176.36.141.89 PROTO=UDP SPT=443 DPT=49351 PKTS=7 BYTES=2526
Dec  9 01:03:06 10.0.0.2 ulogd[1267]: [DESTROY] ORIG: SRC=192.168.1.45 DST=3.77.103.135 PROTO=TCP SPT=52476 DPT=443 PKTS=12 BYTES=1223 , REPLY: SRC=3.77.103.135 DST=176.36.141.89 PROTO=TCP SPT=443 DPT=52476 PKTS=12 BYTES=5698
Dec  9 01:03:06 10.0.0.2 ulogd[1267]: [DESTROY] ORIG: SRC=192.168.1.45 DST=162.159.134.22 PROTO=TCP SPT=36056 DPT=443 PKTS=13 BYTES=1333 , REPLY: SRC=162.159.134.22 DST=176.36.141.89 PROTO=TCP SPT=443 DPT=36056 PKTS=9 BYTES=3787
Dec  9 01:03:06 10.0.0.2 ulogd[1267]: [DESTROY] ORIG: SRC=192.168.1.45 DST=162.159.135.22 PROTO=TCP SPT=43264 DPT=443 PKTS=14 BYTES=1385 , REPLY: SRC=162.159.135.22 DST=176.36.141.89 PROTO=TCP SPT=443 DPT=43264 PKTS=10 BYTES=3840
Dec  9 01:03:06 10.0.0.2 ulogd[1267]: [DESTROY] ORIG: SRC=192.168.1.180 DST=140.82.121.3 PROTO=TCP SPT=49188 DPT=443 PKTS=15 BYTES=2852 , REPLY: SRC=140.82.121.3 DST=176.36.141.89 PROTO=TCP SPT=443 DPT=49188 PKTS=14 BYTES=11191
Dec  9 01:03:06 10.0.0.2 ulogd[1267]: [DESTROY] ORIG: SRC=176.36.141.89 DST=194.50.85.5 PROTO=UDP SPT=38455 DPT=53 PKTS=1 BYTES=78 , REPLY: SRC=194.50.85.5 DST=176.36.141.89 PROTO=UDP SPT=53 DPT=38455 PKTS=1 BYTES=187
Dec  9 01:03:06 10.0.0.2 ulogd[1267]: [DESTROY] ORIG: SRC=192.168.1.180 DST=157.240.224.60 PROTO=UDP SPT=60441 DPT=443 PKTS=7 BYTES=2133 , REPLY: SRC=157.240.224.60 DST=176.36.141.89 PROTO=UDP SPT=443 DPT=60441 PKTS=11 BYTES=4318
Dec  9 01:03:06 10.0.0.2 ulogd[1267]: [DESTROY] ORIG: SRC=192.168.1.180 DST=217.182.178.224 PROTO=TCP SPT=49203 DPT=443 PKTS=11 BYTES=4288 , REPLY: SRC=217.182.178.224 DST=176.36.141.89 PROTO=TCP SPT=443 DPT=49203 PKTS=9 BYTES=1267
Dec  9 01:03:06 10.0.0.2 ulogd[1267]: [DESTROY] ORIG: SRC=192.168.1.45 DST=192.168.1.1 PROTO=UDP SPT=33112 DPT=53 PKTS=1 BYTES=76 , REPLY: SRC=192.168.1.1 DST=192.168.1.45 PROTO=UDP SPT=53 DPT=33112 PKTS=1 BYTES=108
Dec  9 01:03:06 10.0.0.2 ulogd[1267]: [DESTROY] ORIG: SRC=176.36.141.89 DST=194.50.85.5 PROTO=UDP SPT=54643 DPT=53 PKTS=1 BYTES=59 , REPLY: SRC=194.50.85.5 DST=176.36.141.89 PROTO=UDP SPT=53 DPT=54643 PKTS=0 BYTES=0
Dec  9 01:03:06 10.0.0.2 ulogd[1267]: [DESTROY] ORIG: SRC=192.168.1.45 DST=192.168.1.1 PROTO=UDP SPT=40446 DPT=53 PKTS=1 BYTES=76 , REPLY: SRC=192.168.1.1 DST=192.168.1.45 PROTO=UDP SPT=53 DPT=40446 PKTS=1 BYTES=108
Dec  9 01:03:06 10.0.0.2 ulogd[1267]: [DESTROY] ORIG: SRC=192.168.1.45 DST=162.159.134.22 PROTO=TCP SPT=37876 DPT=443 PKTS=12 BYTES=1281 , REPLY: SRC=162.159.134.22 DST=176.36.141.89 PROTO=TCP SPT=443 DPT=37876 PKTS=10 BYTES=3841
Dec  9 01:03:07 10.0.0.2 ulogd[1267]: [NEW] ORIG: SRC=192.168.1.180 DST=140.82.121.6 PROTO=TCP SPT=49227 DPT=443 PKTS=0 BYTES=0 , REPLY: SRC=140.82.121.6 DST=176.36.141.89 PROTO=TCP SPT=443 DPT=49227 PKTS=0 BYTES=0
Dec  9 01:03:11 10.0.0.2 dnsmasq[1]: 2118729 fd02:c8be:1d40:0:75c3:3b72:9ae4:cb64/49913 query[A] prg.smartadserver.com from fd02:c8be:1d40:0:75c3:3b72:9ae4:cb64
Dec  9 01:03:11 10.0.0.2 ulogd[1267]: [NEW] ORIG: SRC=fd02:c8be:1d40:0:75c3:3b72:9ae4:cb64 DST=fd02:c8be:1d40::1 PROTO=UDP SPT=49913 DPT=53 PKTS=0 BYTES=0 , REPLY: SRC=fd02:c8be:1d40::1 DST=fd02:c8be:1d40:0:75c3:3b72:9ae4:cb64 PROTO=UDP SPT=53 DPT=49913 PKTS=0 BYTES=0
Dec  9 01:03:11 10.0.0.2 dnsmasq[1]: 2118729 fd02:c8be:1d40:0:75c3:3b72:9ae4:cb64/49913 forwarded prg.smartadserver.com to 194.50.85.5
Dec  9 01:03:11 10.0.0.2 ulogd[1267]: [NEW] ORIG: SRC=fd02:c8be:1d40:0:75c3:3b72:9ae4:cb64 DST=fd02:c8be:1d40::1 PROTO=UDP SPT=53551 DPT=53 PKTS=0 BYTES=0 , REPLY: SRC=fd02:c8be:1d40::1 DST=fd02:c8be:1d40:0:75c3:3b72:9ae4:cb64 PROTO=UDP SPT=53 DPT=53551 PKTS=0 BYTES=0
Dec  9 01:03:11 10.0.0.2 dnsmasq[1]: 2118730 fd02:c8be:1d40:0:75c3:3b72:9ae4:cb64/53551 query[type=65] prg.smartadserver.com from fd02:c8be:1d40:0:75c3:3b72:9ae4:cb64
Dec  9 01:03:11 10.0.0.2 ulogd[1267]: [NEW] ORIG: SRC=176.36.141.89 DST=194.50.85.5 PROTO=UDP SPT=46455 DPT=53 PKTS=0 BYTES=0 , REPLY: SRC=194.50.85.5 DST=176.36.141.89 PROTO=UDP SPT=53 DPT=46455 PKTS=0 BYTES=0
Dec  9 01:03:11 10.0.0.2 dnsmasq[1]: 2118730 fd02:c8be:1d40:0:75c3:3b72:9ae4:cb64/53551 forwarded prg.smartadserver.com to 194.50.85.5
Dec  9 01:03:11 10.0.0.2 dnsmasq[1]: 2118729 fd02:c8be:1d40:0:75c3:3b72:9ae4:cb64/49913 reply prg.smartadserver.com is <CNAME>
Dec  9 01:03:11 10.0.0.2 ulogd[1267]: [NEW] ORIG: SRC=176.36.141.89 DST=194.50.85.5 PROTO=UDP SPT=52702 DPT=53 PKTS=0 BYTES=0 , REPLY: SRC=194.50.85.5 DST=176.36.141.89 PROTO=UDP SPT=53 DPT=52702 PKTS=0 BYTES=0
Dec  9 01:03:11 10.0.0.2 dnsmasq[1]: 2118729 fd02:c8be:1d40:0:75c3:3b72:9ae4:cb64/49913 reply prga.smartadserver.com is <CNAME>
Dec  9 01:03:11 10.0.0.2 dnsmasq[1]: 2118729 fd02:c8be:1d40:0:75c3:3b72:9ae4:cb64/49913 reply hb-geo.delivery-prod-sas.akadns.net is <CNAME>
Dec  9 01:03:11 10.0.0.2 dnsmasq[1]: 2118729 fd02:c8be:1d40:0:75c3:3b72:9ae4:cb64/49913 reply euw2.smartadserver.com is 5.135.209.97
Dec  9 01:03:11 10.0.0.2 dnsmasq[1]: 2118729 fd02:c8be:1d40:0:75c3:3b72:9ae4:cb64/49913 reply euw2.smartadserver.com is 217.182.178.225
Dec  9 01:03:11 10.0.0.2 dnsmasq[1]: 2118729 fd02:c8be:1d40:0:75c3:3b72:9ae4:cb64/49913 reply euw2.smartadserver.com is 5.135.209.96
Dec  9 01:03:11 10.0.0.2 dnsmasq[1]: 2118729 fd02:c8be:1d40:0:75c3:3b72:9ae4:cb64/49913 reply euw2.smartadserver.com is 5.196.111.64
Dec  9 01:03:11 10.0.0.2 dnsmasq[1]: 2118729 fd02:c8be:1d40:0:75c3:3b72:9ae4:cb64/49913 reply euw2.smartadserver.com is 5.196.111.65
Dec  9 01:03:11 10.0.0.2 dnsmasq[1]: 2118729 fd02:c8be:1d40:0:75c3:3b72:9ae4:cb64/49913 reply euw2.smartadserver.com is 178.32.210.227
Dec  9 01:03:11 10.0.0.2 dnsmasq[1]: 2118729 fd02:c8be:1d40:0:75c3:3b72:9ae4:cb64/49913 reply euw2.smartadserver.com is 178.32.210.226
Dec  9 01:03:11 10.0.0.2 dnsmasq[1]: 2118729 fd02:c8be:1d40:0:75c3:3b72:9ae4:cb64/49913 reply euw2.smartadserver.com is 217.182.178.224
Dec  9 01:03:11 10.0.0.2 dnsmasq[1]: 2118730 fd02:c8be:1d40:0:75c3:3b72:9ae4:cb64/53551 reply prg.smartadserver.com is <CNAME>
Dec  9 01:03:11 10.0.0.2 dnsmasq[1]: 2118730 fd02:c8be:1d40:0:75c3:3b72:9ae4:cb64/53551 reply prga.smartadserver.com is <CNAME>
Dec  9 01:03:11 10.0.0.2 dnsmasq[1]: 2118730 fd02:c8be:1d40:0:75c3:3b72:9ae4:cb64/53551 reply hb-geo.delivery-prod-sas.akadns.net is <CNAME>
Dec  9 01:03:11 10.0.0.2 dnsmasq[1]: 2118730 fd02:c8be:1d40:0:75c3:3b72:9ae4:cb64/53551 reply euw1.smartadserver.com is NODATA
Dec  9 01:03:11 10.0.0.2 ulogd[1267]: [NEW] ORIG: SRC=192.168.1.180 DST=5.135.209.97 PROTO=TCP SPT=49228 DPT=443 PKTS=0 BYTES=0 , REPLY: SRC=5.135.209.97 DST=176.36.141.89 PROTO=TCP SPT=443 DPT=49228 PKTS=0 BYTES=0
Dec  9 01:03:25 10.0.0.2 ulogd[1267]: [NEW] ORIG: SRC=192.168.1.180 DST=5.135.209.97 PROTO=TCP SPT=49229 DPT=443 PKTS=0 BYTES=0 , REPLY: SRC=5.135.209.97 DST=176.36.141.89 PROTO=TCP SPT=443 DPT=49229 PKTS=0 BYTES=0
Dec  9 01:03:28 10.0.0.2 ulogd[1267]: [DESTROY] ORIG: SRC=176.36.141.89 DST=194.50.85.5 PROTO=UDP SPT=46145 DPT=53 PKTS=2 BYTES=128 , REPLY: SRC=194.50.85.5 DST=176.36.141.89 PROTO=UDP SPT=53 DPT=46145 PKTS=1 BYTES=96
Dec  9 01:03:28 10.0.0.2 ulogd[1267]: [NEW] ORIG: SRC=fd02:c8be:1d40:0:75c3:3b72:9ae4:cb64 DST=fd02:c8be:1d40::1 PROTO=UDP SPT=49538 DPT=53 PKTS=0 BYTES=0 , REPLY: SRC=fd02:c8be:1d40::1 DST=fd02:c8be:1d40:0:75c3:3b72:9ae4:cb64 PROTO=UDP SPT=53 DPT=49538 PKTS=0 BYTES=0
Dec  9 01:03:28 10.0.0.2 dnsmasq[1]: 2118731 fd02:c8be:1d40:0:75c3:3b72:9ae4:cb64/49538 query[A] support.maxmind.com from fd02:c8be:1d40:0:75c3:3b72:9ae4:cb64
Dec  9 01:03:28 10.0.0.2 ulogd[1267]: [NEW] ORIG: SRC=fd02:c8be:1d40:0:75c3:3b72:9ae4:cb64 DST=fd02:c8be:1d40::1 PROTO=UDP SPT=63379 DPT=53 PKTS=0 BYTES=0 , REPLY: SRC=fd02:c8be:1d40::1 DST=fd02:c8be:1d40:0:75c3:3b72:9ae4:cb64 PROTO=UDP SPT=53 DPT=63379 PKTS=0 BYTES=0
Dec  9 01:03:28 10.0.0.2 dnsmasq[1]: 2118731 fd02:c8be:1d40:0:75c3:3b72:9ae4:cb64/49538 forwarded support.maxmind.com to 192.168.1.45
Dec  9 01:03:28 10.0.0.2 dnsmasq[1]: 2118731 fd02:c8be:1d40:0:75c3:3b72:9ae4:cb64/49538 forwarded support.maxmind.com to 194.50.85.5
Dec  9 01:03:28 10.0.0.2 dnsmasq[1]: 2118731 fd02:c8be:1d40:0:75c3:3b72:9ae4:cb64/49538 forwarded support.maxmind.com to 194.50.85.7
Dec  9 01:03:28 10.0.0.2 ulogd[1267]: [NEW] ORIG: SRC=fd02:c8be:1d40:0:75c3:3b72:9ae4:cb64 DST=fd02:c8be:1d40::1 PROTO=UDP SPT=54325 DPT=53 PKTS=0 BYTES=0 , REPLY: SRC=fd02:c8be:1d40::1 DST=fd02:c8be:1d40:0:75c3:3b72:9ae4:cb64 PROTO=UDP SPT=53 DPT=54325 PKTS=0 BYTES=0
Dec  9 01:03:28 10.0.0.2 ulogd[1267]: [NEW] ORIG: SRC=fd02:c8be:1d40:0:75c3:3b72:9ae4:cb64 DST=fd02:c8be:1d40::1 PROTO=UDP SPT=63471 DPT=53 PKTS=0 BYTES=0 , REPLY: SRC=fd02:c8be:1d40::1 DST=fd02:c8be:1d40:0:75c3:3b72:9ae4:cb64 PROTO=UDP SPT=53 DPT=63471 PKTS=0 BYTES=0
Dec  9 01:03:28 10.0.0.2 dnsmasq[1]: 2118732 fd02:c8be:1d40:0:75c3:3b72:9ae4:cb64/63379 query[type=65] static.zdassets.com from fd02:c8be:1d40:0:75c3:3b72:9ae4:cb64
Dec  9 01:03:28 10.0.0.2 ulogd[1267]: [NEW] ORIG: SRC=fd02:c8be:1d40:0:75c3:3b72:9ae4:cb64 DST=fd02:c8be:1d40::1 PROTO=UDP SPT=55038 DPT=53 PKTS=0 BYTES=0 , REPLY: SRC=fd02:c8be:1d40::1 DST=fd02:c8be:1d40:0:75c3:3b72:9ae4:cb64 PROTO=UDP SPT=53 DPT=55038 PKTS=0 BYTES=0
Dec  9 01:03:28 10.0.0.2 ulogd[1267]: [NEW] ORIG: SRC=fd02:c8be:1d40:0:75c3:3b72:9ae4:cb64 DST=fd02:c8be:1d40::1 PROTO=UDP SPT=56979 DPT=53 PKTS=0 BYTES=0 , REPLY: SRC=fd02:c8be:1d40::1 DST=fd02:c8be:1d40:0:75c3:3b72:9ae4:cb64 PROTO=UDP SPT=53 DPT=56979 PKTS=0 BYTES=0
Dec  9 01:03:28 10.0.0.2 dnsmasq[1]: 2118732 fd02:c8be:1d40:0:75c3:3b72:9ae4:cb64/63379 forwarded static.zdassets.com to 194.50.85.5
Dec  9 01:03:29 10.0.0.2 ulogd[1267]: [NEW] ORIG: SRC=192.168.1.1 DST=192.168.1.45 PROTO=UDP SPT=40487 DPT=5353 PKTS=0 BYTES=0 , REPLY: SRC=192.168.1.45 DST=192.168.1.1 PROTO=UDP SPT=5353 DPT=40487 PKTS=0 BYTES=0
Dec  9 01:03:29 10.0.0.2 ulogd[1267]: [NEW] ORIG: SRC=176.36.141.89 DST=194.50.85.5 PROTO=UDP SPT=40487 DPT=53 PKTS=0 BYTES=0 , REPLY: SRC=194.50.85.5 DST=176.36.141.89 PROTO=UDP SPT=53 DPT=40487 PKTS=0 BYTES=0
Dec  9 01:03:29 10.0.0.2 dnsmasq[1]: 2118733 fd02:c8be:1d40:0:75c3:3b72:9ae4:cb64/54325 query[A] p27.zdassets.com from fd02:c8be:1d40:0:75c3:3b72:9ae4:cb64
Dec  9 01:03:29 10.0.0.2 ulogd[1267]: [NEW] ORIG: SRC=176.36.141.89 DST=194.50.85.7 PROTO=UDP SPT=40487 DPT=53 PKTS=0 BYTES=0 , REPLY: SRC=194.50.85.7 DST=176.36.141.89 PROTO=UDP SPT=53 DPT=40487 PKTS=0 BYTES=0
Dec  9 01:03:29 10.0.0.2 ulogd[1267]: [NEW] ORIG: SRC=176.36.141.89 DST=194.50.85.5 PROTO=UDP SPT=55627 DPT=53 PKTS=0 BYTES=0 , REPLY: SRC=194.50.85.5 DST=176.36.141.89 PROTO=UDP SPT=53 DPT=55627 PKTS=0 BYTES=0
Dec  9 01:03:29 10.0.0.2 dnsmasq[1]: 2118733 fd02:c8be:1d40:0:75c3:3b72:9ae4:cb64/54325 forwarded p27.zdassets.com to 194.50.85.5
Dec  9 01:03:29 10.0.0.2 ulogd[1267]: [NEW] ORIG: SRC=176.36.141.89 DST=194.50.85.5 PROTO=UDP SPT=33178 DPT=53 PKTS=0 BYTES=0 , REPLY: SRC=194.50.85.5 DST=176.36.141.89 PROTO=UDP SPT=53 DPT=33178 PKTS=0 BYTES=0
Dec  9 01:03:29 10.0.0.2 dnsmasq[1]: 2118734 fd02:c8be:1d40:0:75c3:3b72:9ae4:cb64/63471 query[type=65] support.maxmind.com from fd02:c8be:1d40:0:75c3:3b72:9ae4:cb64
Dec  9 01:03:29 10.0.0.2 ulogd[1267]: [NEW] ORIG: SRC=176.36.141.89 DST=194.50.85.5 PROTO=UDP SPT=39846 DPT=53 PKTS=0 BYTES=0 , REPLY: SRC=194.50.85.5 DST=176.36.141.89 PROTO=UDP SPT=53 DPT=39846 PKTS=0 BYTES=0
Dec  9 01:03:29 10.0.0.2 dnsmasq[1]: 2118734 fd02:c8be:1d40:0:75c3:3b72:9ae4:cb64/63471 forwarded support.maxmind.com to 194.50.85.5
Dec  9 01:03:29 10.0.0.2 dnsmasq[1]: 2118735 fd02:c8be:1d40:0:75c3:3b72:9ae4:cb64/55038 query[type=65] p27.zdassets.com from fd02:c8be:1d40:0:75c3:3b72:9ae4:cb64
Dec  9 01:03:29 10.0.0.2 ulogd[1267]: [NEW] ORIG: SRC=176.36.141.89 DST=194.50.85.5 PROTO=UDP SPT=52096 DPT=53 PKTS=0 BYTES=0 , REPLY: SRC=194.50.85.5 DST=176.36.141.89 PROTO=UDP SPT=53 DPT=52096 PKTS=0 BYTES=0
Dec  9 01:03:29 10.0.0.2 dnsmasq[1]: 2118735 fd02:c8be:1d40:0:75c3:3b72:9ae4:cb64/55038 forwarded p27.zdassets.com to 194.50.85.5
Dec  9 01:03:29 10.0.0.2 dnsmasq[1]: 2118736 fd02:c8be:1d40:0:75c3:3b72:9ae4:cb64/56979 query[A] static.zdassets.com from fd02:c8be:1d40:0:75c3:3b72:9ae4:cb64
Dec  9 01:03:29 10.0.0.2 ulogd[1267]: [NEW] ORIG: SRC=176.36.141.89 DST=194.50.85.5 PROTO=UDP SPT=46580 DPT=53 PKTS=0 BYTES=0 , REPLY: SRC=194.50.85.5 DST=176.36.141.89 PROTO=UDP SPT=53 DPT=46580 PKTS=0 BYTES=0
Dec  9 01:03:29 10.0.0.2 dnsmasq[1]: 2118736 fd02:c8be:1d40:0:75c3:3b72:9ae4:cb64/56979 forwarded static.zdassets.com to 194.50.85.5
Dec  9 01:03:29 10.0.0.2 dnsmasq[1]: 2118736 fd02:c8be:1d40:0:75c3:3b72:9ae4:cb64/56979 reply static.zdassets.com is 104.18.72.113
Dec  9 01:03:29 10.0.0.2 dnsmasq[1]: 2118736 fd02:c8be:1d40:0:75c3:3b72:9ae4:cb64/56979 reply static.zdassets.com is 104.18.70.113
Dec  9 01:03:29 10.0.0.2 dnsmasq[1]: 2118731 fd02:c8be:1d40:0:75c3:3b72:9ae4:cb64/49538 reply support.maxmind.com is <CNAME>
Dec  9 01:03:29 10.0.0.2 dnsmasq[1]: 2118731 fd02:c8be:1d40:0:75c3:3b72:9ae4:cb64/49538 reply maxmind.zendesk.com is 104.16.51.111
Dec  9 01:03:29 10.0.0.2 dnsmasq[1]: 2118731 fd02:c8be:1d40:0:75c3:3b72:9ae4:cb64/49538 reply maxmind.zendesk.com is 104.16.53.111
Dec  9 01:03:29 10.0.0.2 dnsmasq[1]: 2118732 fd02:c8be:1d40:0:75c3:3b72:9ae4:cb64/63379 reply static.zdassets.com is NODATA
Dec  9 01:03:29 10.0.0.2 dnsmasq[1]: 2118733 fd02:c8be:1d40:0:75c3:3b72:9ae4:cb64/54325 reply p27.zdassets.com is 104.18.72.113
Dec  9 01:03:29 10.0.0.2 dnsmasq[1]: 2118733 fd02:c8be:1d40:0:75c3:3b72:9ae4:cb64/54325 reply p27.zdassets.com is 104.18.70.113
Dec  9 01:03:29 10.0.0.2 dnsmasq[1]: 2118734 fd02:c8be:1d40:0:75c3:3b72:9ae4:cb64/63471 reply support.maxmind.com is <CNAME>
Dec  9 01:03:29 10.0.0.2 dnsmasq[1]: 2118734 fd02:c8be:1d40:0:75c3:3b72:9ae4:cb64/63471 reply maxmind.zendesk.com is NODATA
Dec  9 01:03:29 10.0.0.2 ulogd[1267]: [NEW] ORIG: SRC=192.168.1.180 DST=104.18.72.113 PROTO=TCP SPT=49230 DPT=443 PKTS=0 BYTES=0 , REPLY: SRC=104.18.72.113 DST=176.36.141.89 PROTO=TCP SPT=443 DPT=49230 PKTS=0 BYTES=0
Dec  9 01:03:29 10.0.0.2 dnsmasq[1]: 2118735 fd02:c8be:1d40:0:75c3:3b72:9ae4:cb64/55038 reply p27.zdassets.com is NODATA
Dec  9 01:03:29 10.0.0.2 ulogd[1267]: [NEW] ORIG: SRC=fd02:c8be:1d40:0:75c3:3b72:9ae4:cb64 DST=fd02:c8be:1d40::1 PROTO=UDP SPT=51499 DPT=53 PKTS=0 BYTES=0 , REPLY: SRC=fd02:c8be:1d40::1 DST=fd02:c8be:1d40:0:75c3:3b72:9ae4:cb64 PROTO=UDP SPT=53 DPT=51499 PKTS=0 BYTES=0
Dec  9 01:03:29 10.0.0.2 dnsmasq[1]: 2118737 fd02:c8be:1d40:0:75c3:3b72:9ae4:cb64/51499 query[A] fonts.googleapis.com from fd02:c8be:1d40:0:75c3:3b72:9ae4:cb64
Dec  9 01:03:29 10.0.0.2 ulogd[1267]: [NEW] ORIG: SRC=fd02:c8be:1d40:0:75c3:3b72:9ae4:cb64 DST=fd02:c8be:1d40::1 PROTO=UDP SPT=62070 DPT=53 PKTS=0 BYTES=0 , REPLY: SRC=fd02:c8be:1d40::1 DST=fd02:c8be:1d40:0:75c3:3b72:9ae4:cb64 PROTO=UDP SPT=53 DPT=62070 PKTS=0 BYTES=0
Dec  9 01:03:29 10.0.0.2 ulogd[1267]: [NEW] ORIG: SRC=176.36.141.89 DST=194.50.85.5 PROTO=UDP SPT=38108 DPT=53 PKTS=0 BYTES=0 , REPLY: SRC=194.50.85.5 DST=176.36.141.89 PROTO=UDP SPT=53 DPT=38108 PKTS=0 BYTES=0
Dec  9 01:03:29 10.0.0.2 dnsmasq[1]: 2118737 fd02:c8be:1d40:0:75c3:3b72:9ae4:cb64/51499 forwarded fonts.googleapis.com to 194.50.85.5
Dec  9 01:03:29 10.0.0.2 dnsmasq[1]: 2118738 fd02:c8be:1d40:0:75c3:3b72:9ae4:cb64/62070 query[type=65] fonts.googleapis.com from fd02:c8be:1d40:0:75c3:3b72:9ae4:cb64
Dec  9 01:03:29 10.0.0.2 ulogd[1267]: [NEW] ORIG: SRC=192.168.1.180 DST=104.16.51.111 PROTO=TCP SPT=49231 DPT=443 PKTS=0 BYTES=0 , REPLY: SRC=104.16.51.111 DST=176.36.141.89 PROTO=TCP SPT=443 DPT=49231 PKTS=0 BYTES=0
Dec  9 01:03:29 10.0.0.2 dnsmasq[1]: 2118738 fd02:c8be:1d40:0:75c3:3b72:9ae4:cb64/62070 forwarded fonts.googleapis.com to 194.50.85.5
Dec  9 01:03:29 10.0.0.2 ulogd[1267]: [NEW] ORIG: SRC=176.36.141.89 DST=194.50.85.5 PROTO=UDP SPT=52413 DPT=53 PKTS=0 BYTES=0 , REPLY: SRC=194.50.85.5 DST=176.36.141.89 PROTO=UDP SPT=53 DPT=52413 PKTS=0 BYTES=0
Dec  9 01:03:29 10.0.0.2 ulogd[1267]: [NEW] ORIG: SRC=192.168.1.180 DST=104.18.72.113 PROTO=TCP SPT=49232 DPT=443 PKTS=0 BYTES=0 , REPLY: SRC=104.18.72.113 DST=176.36.141.89 PROTO=TCP SPT=443 DPT=49232 PKTS=0 BYTES=0
Dec  9 01:03:29 10.0.0.2 dnsmasq[1]: 2118737 fd02:c8be:1d40:0:75c3:3b72:9ae4:cb64/51499 reply fonts.googleapis.com is 142.251.208.138
Dec  9 01:03:29 10.0.0.2 ulogd[1267]: [NEW] ORIG: SRC=fd02:c8be:1d40:0:75c3:3b72:9ae4:cb64 DST=fd02:c8be:1d40::1 PROTO=UDP SPT=54468 DPT=53 PKTS=0 BYTES=0 , REPLY: SRC=fd02:c8be:1d40::1 DST=fd02:c8be:1d40:0:75c3:3b72:9ae4:cb64 PROTO=UDP SPT=53 DPT=54468 PKTS=0 BYTES=0
Dec  9 01:03:29 10.0.0.2 ulogd[1267]: [NEW] ORIG: SRC=fd02:c8be:1d40:0:75c3:3b72:9ae4:cb64 DST=fd02:c8be:1d40::1 PROTO=UDP SPT=57302 DPT=53 PKTS=0 BYTES=0 , REPLY: SRC=fd02:c8be:1d40::1 DST=fd02:c8be:1d40:0:75c3:3b72:9ae4:cb64 PROTO=UDP SPT=53 DPT=57302 PKTS=0 BYTES=0
Dec  9 01:03:29 10.0.0.2 dnsmasq[1]: 2118739 fd02:c8be:1d40:0:75c3:3b72:9ae4:cb64/54468 query[A] fonts.gstatic.com from fd02:c8be:1d40:0:75c3:3b72:9ae4:cb64
Dec  9 01:03:29 10.0.0.2 ulogd[1267]: [NEW] ORIG: SRC=176.36.141.89 DST=194.50.85.5 PROTO=UDP SPT=60637 DPT=53 PKTS=0 BYTES=0 , REPLY: SRC=194.50.85.5 DST=176.36.141.89 PROTO=UDP SPT=53 DPT=60637 PKTS=0 BYTES=0
Dec  9 01:03:29 10.0.0.2 dnsmasq[1]: 2118739 fd02:c8be:1d40:0:75c3:3b72:9ae4:cb64/54468 forwarded fonts.gstatic.com to 194.50.85.5
Dec  9 01:03:29 10.0.0.2 dnsmasq[1]: 2118740 fd02:c8be:1d40:0:75c3:3b72:9ae4:cb64/57302 query[type=65] fonts.gstatic.com from fd02:c8be:1d40:0:75c3:3b72:9ae4:cb64
Dec  9 01:03:29 10.0.0.2 ulogd[1267]: [NEW] ORIG: SRC=176.36.141.89 DST=194.50.85.5 PROTO=UDP SPT=52034 DPT=53 PKTS=0 BYTES=0 , REPLY: SRC=194.50.85.5 DST=176.36.141.89 PROTO=UDP SPT=53 DPT=52034 PKTS=0 BYTES=0
Dec  9 01:03:29 10.0.0.2 dnsmasq[1]: 2118740 fd02:c8be:1d40:0:75c3:3b72:9ae4:cb64/57302 forwarded fonts.gstatic.com to 194.50.85.5
Dec  9 01:03:29 10.0.0.2 dnsmasq[1]: 2118739 fd02:c8be:1d40:0:75c3:3b72:9ae4:cb64/54468 reply fonts.gstatic.com is 142.250.201.195
Dec  9 01:03:29 10.0.0.2 ulogd[1267]: [DESTROY] ORIG: SRC=192.168.1.45 DST=192.168.1.1 PROTO=UDP SPT=47949 DPT=53 PKTS=1 BYTES=64 , REPLY: SRC=192.168.1.1 DST=192.168.1.45 PROTO=UDP SPT=53 DPT=47949 PKTS=1 BYTES=96
Dec  9 01:03:29 10.0.0.2 ulogd[1267]: [NEW] ORIG: SRC=192.168.1.180 DST=142.251.208.138 PROTO=UDP SPT=62888 DPT=443 PKTS=0 BYTES=0 , REPLY: SRC=142.251.208.138 DST=176.36.141.89 PROTO=UDP SPT=443 DPT=62888 PKTS=0 BYTES=0
Dec  9 01:03:29 10.0.0.2 ulogd[1267]: [NEW] ORIG: SRC=192.168.1.180 DST=142.250.201.195 PROTO=UDP SPT=61671 DPT=443 PKTS=0 BYTES=0 , REPLY: SRC=142.250.201.195 DST=176.36.141.89 PROTO=UDP SPT=443 DPT=61671 PKTS=0 BYTES=0
Dec  9 01:03:29 10.0.0.2 dnsmasq[1]: 2118738 fd02:c8be:1d40:0:75c3:3b72:9ae4:cb64/62070 reply fonts.googleapis.com is NODATA
Dec  9 01:03:29 10.0.0.2 dnsmasq[1]: 2118740 fd02:c8be:1d40:0:75c3:3b72:9ae4:cb64/57302 reply fonts.gstatic.com is NODATA
Dec  9 01:03:29 10.0.0.2 ulogd[1267]: [NEW] ORIG: SRC=fd02:c8be:1d40:0:75c3:3b72:9ae4:cb64 DST=fd02:c8be:1d40::1 PROTO=UDP SPT=63316 DPT=53 PKTS=0 BYTES=0 , REPLY: SRC=fd02:c8be:1d40::1 DST=fd02:c8be:1d40:0:75c3:3b72:9ae4:cb64 PROTO=UDP SPT=53 DPT=63316 PKTS=0 BYTES=0
Dec  9 01:03:29 10.0.0.2 dnsmasq[1]: 2118741 fd02:c8be:1d40:0:75c3:3b72:9ae4:cb64/63316 query[A] static.zdassets.com from fd02:c8be:1d40:0:75c3:3b72:9ae4:cb64
Dec  9 01:03:29 10.0.0.2 dnsmasq[1]: 2118741 fd02:c8be:1d40:0:75c3:3b72:9ae4:cb64/63316 cached static.zdassets.com is 104.18.70.113
Dec  9 01:03:29 10.0.0.2 ulogd[1267]: [DESTROY] ORIG: SRC=fd02:c8be:1d40:0:75c3:3b72:9ae4:cb64 DST=fd02:c8be:1d40::1 PROTO=UDP SPT=59744 DPT=53 PKTS=1 BYTES=89 , REPLY: SRC=fd02:c8be:1d40::1 DST=fd02:c8be:1d40:0:75c3:3b72:9ae4:cb64 PROTO=UDP SPT=53 DPT=59744 PKTS=1 BYTES=164
Dec  9 01:03:29 10.0.0.2 ulogd[1267]: [NEW] ORIG: SRC=fd02:c8be:1d40:0:75c3:3b72:9ae4:cb64 DST=fd02:c8be:1d40::1 PROTO=UDP SPT=50318 DPT=53 PKTS=0 BYTES=0 , REPLY: SRC=fd02:c8be:1d40::1 DST=fd02:c8be:1d40:0:75c3:3b72:9ae4:cb64 PROTO=UDP SPT=53 DPT=50318 PKTS=0 BYTES=0
Dec  9 01:03:29 10.0.0.2 dnsmasq[1]: 2118741 fd02:c8be:1d40:0:75c3:3b72:9ae4:cb64/63316 cached static.zdassets.com is 104.18.72.113
Dec  9 01:03:29 10.0.0.2 ulogd[1267]: [NEW] ORIG: SRC=fd02:c8be:1d40:0:75c3:3b72:9ae4:cb64 DST=fd02:c8be:1d40::1 PROTO=UDP SPT=49710 DPT=53 PKTS=0 BYTES=0 , REPLY: SRC=fd02:c8be:1d40::1 DST=fd02:c8be:1d40:0:75c3:3b72:9ae4:cb64 PROTO=UDP SPT=53 DPT=49710 PKTS=0 BYTES=0
Dec  9 01:03:29 10.0.0.2 dnsmasq[1]: 2118742 fd02:c8be:1d40:0:75c3:3b72:9ae4:cb64/50318 query[A] p27.zdassets.com from fd02:c8be:1d40:0:75c3:3b72:9ae4:cb64
Dec  9 01:03:29 10.0.0.2 dnsmasq[1]: 2118742 fd02:c8be:1d40:0:75c3:3b72:9ae4:cb64/50318 cached p27.zdassets.com is 104.18.70.113
Dec  9 01:03:29 10.0.0.2 dnsmasq[1]: 2118742 fd02:c8be:1d40:0:75c3:3b72:9ae4:cb64/50318 cached p27.zdassets.com is 104.18.72.113
Dec  9 01:03:29 10.0.0.2 dnsmasq[1]: 2118743 fd02:c8be:1d40:0:75c3:3b72:9ae4:cb64/49710 query[A] fonts.googleapis.com from fd02:c8be:1d40:0:75c3:3b72:9ae4:cb64
Dec  9 01:03:29 10.0.0.2 dnsmasq[1]: 2118743 fd02:c8be:1d40:0:75c3:3b72:9ae4:cb64/49710 cached fonts.googleapis.com is 142.251.208.138
Dec  9 01:03:29 10.0.0.2 ulogd[1267]: [NEW] ORIG: SRC=fd02:c8be:1d40:0:75c3:3b72:9ae4:cb64 DST=fd02:c8be:1d40::1 PROTO=UDP SPT=59939 DPT=53 PKTS=0 BYTES=0 , REPLY: SRC=fd02:c8be:1d40::1 DST=fd02:c8be:1d40:0:75c3:3b72:9ae4:cb64 PROTO=UDP SPT=53 DPT=59939 PKTS=0 BYTES=0
Dec  9 01:03:29 10.0.0.2 dnsmasq[1]: 2118744 fd02:c8be:1d40:0:75c3:3b72:9ae4:cb64/59939 query[A] securetoken.googleapis.com from fd02:c8be:1d40:0:75c3:3b72:9ae4:cb64
Dec  9 01:03:29 10.0.0.2 ulogd[1267]: [NEW] ORIG: SRC=fd02:c8be:1d40:0:75c3:3b72:9ae4:cb64 DST=fd02:c8be:1d40::1 PROTO=UDP SPT=53866 DPT=53 PKTS=0 BYTES=0 , REPLY: SRC=fd02:c8be:1d40::1 DST=fd02:c8be:1d40:0:75c3:3b72:9ae4:cb64 PROTO=UDP SPT=53 DPT=53866 PKTS=0 BYTES=0
Dec  9 01:03:29 10.0.0.2 ulogd[1267]: [NEW] ORIG: SRC=176.36.141.89 DST=194.50.85.5 PROTO=UDP SPT=41782 DPT=53 PKTS=0 BYTES=0 , REPLY: SRC=194.50.85.5 DST=176.36.141.89 PROTO=UDP SPT=53 DPT=41782 PKTS=0 BYTES=0
Dec  9 01:03:29 10.0.0.2 dnsmasq[1]: 2118744 fd02:c8be:1d40:0:75c3:3b72:9ae4:cb64/59939 forwarded securetoken.googleapis.com to 194.50.85.5
Dec  9 01:03:29 10.0.0.2 dnsmasq[1]: 2118744 fd02:c8be:1d40:0:75c3:3b72:9ae4:cb64/59939 reply securetoken.googleapis.com is 142.251.39.42
Dec  9 01:03:29 10.0.0.2 dnsmasq[1]: 2118744 fd02:c8be:1d40:0:75c3:3b72:9ae4:cb64/59939 reply securetoken.googleapis.com is 142.251.39.10
Dec  9 01:03:29 10.0.0.2 dnsmasq[1]: 2118744 fd02:c8be:1d40:0:75c3:3b72:9ae4:cb64/59939 reply securetoken.googleapis.com is 142.251.208.170
Dec  9 01:03:29 10.0.0.2 dnsmasq[1]: 2118744 fd02:c8be:1d40:0:75c3:3b72:9ae4:cb64/59939 reply securetoken.googleapis.com is 142.250.180.202
Dec  9 01:03:29 10.0.0.2 dnsmasq[1]: 2118744 fd02:c8be:1d40:0:75c3:3b72:9ae4:cb64/59939 reply securetoken.googleapis.com is 142.250.201.202
Dec  9 01:03:29 10.0.0.2 dnsmasq[1]: 2118744 fd02:c8be:1d40:0:75c3:3b72:9ae4:cb64/59939 reply securetoken.googleapis.com is 142.251.208.106
Dec  9 01:03:29 10.0.0.2 dnsmasq[1]: 2118744 fd02:c8be:1d40:0:75c3:3b72:9ae4:cb64/59939 reply securetoken.googleapis.com is 172.217.20.10
Dec  9 01:03:29 10.0.0.2 dnsmasq[1]: 2118744 fd02:c8be:1d40:0:75c3:3b72:9ae4:cb64/59939 reply securetoken.googleapis.com is 142.251.39.74
Dec  9 01:03:29 10.0.0.2 dnsmasq[1]: 2118744 fd02:c8be:1d40:0:75c3:3b72:9ae4:cb64/59939 reply securetoken.googleapis.com is 142.250.180.234
Dec  9 01:03:29 10.0.0.2 dnsmasq[1]: 2118744 fd02:c8be:1d40:0:75c3:3b72:9ae4:cb64/59939 reply securetoken.googleapis.com is 142.251.208.138
Dec  9 01:03:29 10.0.0.2 dnsmasq[1]: 2118745 fd02:c8be:1d40:0:75c3:3b72:9ae4:cb64/53866 query[type=65] securetoken.googleapis.com from fd02:c8be:1d40:0:75c3:3b72:9ae4:cb64
Dec  9 01:03:29 10.0.0.2 dnsmasq[1]: 2118745 fd02:c8be:1d40:0:75c3:3b72:9ae4:cb64/53866 forwarded securetoken.googleapis.com to 194.50.85.5
Dec  9 01:03:29 10.0.0.2 ulogd[1267]: [NEW] ORIG: SRC=176.36.141.89 DST=194.50.85.5 PROTO=UDP SPT=51620 DPT=53 PKTS=0 BYTES=0 , REPLY: SRC=194.50.85.5 DST=176.36.141.89 PROTO=UDP SPT=53 DPT=51620 PKTS=0 BYTES=0
Dec  9 01:03:29 10.0.0.2 ulogd[1267]: [NEW] ORIG: SRC=192.168.1.180 DST=142.251.39.42 PROTO=UDP SPT=64752 DPT=443 PKTS=0 BYTES=0 , REPLY: SRC=142.251.39.42 DST=176.36.141.89 PROTO=UDP SPT=443 DPT=64752 PKTS=0 BYTES=0
Dec  9 01:03:29 10.0.0.2 dnsmasq[1]: 2118745 fd02:c8be:1d40:0:75c3:3b72:9ae4:cb64/53866 reply securetoken.googleapis.com is NODATA
Dec  9 01:03:30 10.0.0.2 ulogd[1267]: [NEW] ORIG: SRC=fd02:c8be:1d40:0:75c3:3b72:9ae4:cb64 DST=fd02:c8be:1d40::1 PROTO=UDP SPT=63417 DPT=53 PKTS=0 BYTES=0 , REPLY: SRC=fd02:c8be:1d40::1 DST=fd02:c8be:1d40:0:75c3:3b72:9ae4:cb64 PROTO=UDP SPT=53 DPT=63417 PKTS=0 BYTES=0
Dec  9 01:03:30 10.0.0.2 dnsmasq[1]: 2118746 fd02:c8be:1d40:0:75c3:3b72:9ae4:cb64/63417 query[A] category.blocksite.co from fd02:c8be:1d40:0:75c3:3b72:9ae4:cb64
Dec  9 01:03:30 10.0.0.2 ulogd[1267]: [NEW] ORIG: SRC=fd02:c8be:1d40:0:75c3:3b72:9ae4:cb64 DST=fd02:c8be:1d40::1 PROTO=UDP SPT=52664 DPT=53 PKTS=0 BYTES=0 , REPLY: SRC=fd02:c8be:1d40::1 DST=fd02:c8be:1d40:0:75c3:3b72:9ae4:cb64 PROTO=UDP SPT=53 DPT=52664 PKTS=0 BYTES=0
Dec  9 01:03:30 10.0.0.2 dnsmasq[1]: 2118746 fd02:c8be:1d40:0:75c3:3b72:9ae4:cb64/63417 forwarded category.blocksite.co to 194.50.85.5
Dec  9 01:03:30 10.0.0.2 dnsmasq[1]: 2118746 fd02:c8be:1d40:0:75c3:3b72:9ae4:cb64/63417 reply category.blocksite.co is 44.229.120.41
Dec  9 01:03:30 10.0.0.2 ulogd[1267]: [NEW] ORIG: SRC=176.36.141.89 DST=194.50.85.5 PROTO=UDP SPT=59940 DPT=53 PKTS=0 BYTES=0 , REPLY: SRC=194.50.85.5 DST=176.36.141.89 PROTO=UDP SPT=53 DPT=59940 PKTS=0 BYTES=0
Dec  9 01:03:30 10.0.0.2 dnsmasq[1]: 2118746 fd02:c8be:1d40:0:75c3:3b72:9ae4:cb64/63417 reply category.blocksite.co is 44.225.17.45
Dec  9 01:03:30 10.0.0.2 dnsmasq[1]: 2118747 fd02:c8be:1d40:0:75c3:3b72:9ae4:cb64/52664 query[type=65] category.blocksite.co from fd02:c8be:1d40:0:75c3:3b72:9ae4:cb64
Dec  9 01:03:30 10.0.0.2 dnsmasq[1]: 2118747 fd02:c8be:1d40:0:75c3:3b72:9ae4:cb64/52664 forwarded category.blocksite.co to 194.50.85.5
Dec  9 01:03:30 10.0.0.2 ulogd[1267]: [NEW] ORIG: SRC=176.36.141.89 DST=194.50.85.5 PROTO=UDP SPT=33397 DPT=53 PKTS=0 BYTES=0 , REPLY: SRC=194.50.85.5 DST=176.36.141.89 PROTO=UDP SPT=53 DPT=33397 PKTS=0 BYTES=0
Dec  9 01:03:30 10.0.0.2 ulogd[1267]: [NEW] ORIG: SRC=192.168.1.180 DST=44.229.120.41 PROTO=TCP SPT=49233 DPT=443 PKTS=0 BYTES=0 , REPLY: SRC=44.229.120.41 DST=176.36.141.89 PROTO=TCP SPT=443 DPT=49233 PKTS=0 BYTES=0
Dec  9 01:03:30 10.0.0.2 dnsmasq[1]: 2118747 fd02:c8be:1d40:0:75c3:3b72:9ae4:cb64/52664 reply category.blocksite.co is NODATA
Dec  9 01:03:30 10.0.0.2 ulogd[1267]: [NEW] ORIG: SRC=192.168.1.180 DST=142.250.201.195 PROTO=UDP SPT=53892 DPT=443 PKTS=0 BYTES=0 , REPLY: SRC=142.250.201.195 DST=176.36.141.89 PROTO=UDP SPT=443 DPT=53892 PKTS=0 BYTES=0
Dec  9 01:03:30 10.0.0.2 ulogd[1267]: [NEW] ORIG: SRC=fd02:c8be:1d40:0:75c3:3b72:9ae4:cb64 DST=fd02:c8be:1d40::1 PROTO=UDP SPT=65527 DPT=53 PKTS=0 BYTES=0 , REPLY: SRC=fd02:c8be:1d40::1 DST=fd02:c8be:1d40:0:75c3:3b72:9ae4:cb64 PROTO=UDP SPT=53 DPT=65527 PKTS=0 BYTES=0
Dec  9 01:03:30 10.0.0.2 dnsmasq[1]: 2118748 fd02:c8be:1d40:0:75c3:3b72:9ae4:cb64/65527 query[A] sync-v2.brave.com from fd02:c8be:1d40:0:75c3:3b72:9ae4:cb64
Dec  9 01:03:30 10.0.0.2 ulogd[1267]: [NEW] ORIG: SRC=fd02:c8be:1d40:0:75c3:3b72:9ae4:cb64 DST=fd02:c8be:1d40::1 PROTO=UDP SPT=56312 DPT=53 PKTS=0 BYTES=0 , REPLY: SRC=fd02:c8be:1d40::1 DST=fd02:c8be:1d40:0:75c3:3b72:9ae4:cb64 PROTO=UDP SPT=53 DPT=56312 PKTS=0 BYTES=0
Dec  9 01:03:30 10.0.0.2 ulogd[1267]: [NEW] ORIG: SRC=176.36.141.89 DST=194.50.85.5 PROTO=UDP SPT=47426 DPT=53 PKTS=0 BYTES=0 , REPLY: SRC=194.50.85.5 DST=176.36.141.89 PROTO=UDP SPT=53 DPT=47426 PKTS=0 BYTES=0
Dec  9 01:03:30 10.0.0.2 dnsmasq[1]: 2118748 fd02:c8be:1d40:0:75c3:3b72:9ae4:cb64/65527 forwarded sync-v2.brave.com to 194.50.85.5
Dec  9 01:03:30 10.0.0.2 dnsmasq[1]: 2118749 fd02:c8be:1d40:0:75c3:3b72:9ae4:cb64/56312 query[type=65] sync-v2.brave.com from fd02:c8be:1d40:0:75c3:3b72:9ae4:cb64
Dec  9 01:03:30 10.0.0.2 dnsmasq[1]: 2118749 fd02:c8be:1d40:0:75c3:3b72:9ae4:cb64/56312 forwarded sync-v2.brave.com to 194.50.85.5
Dec  9 01:03:30 10.0.0.2 ulogd[1267]: [NEW] ORIG: SRC=176.36.141.89 DST=194.50.85.5 PROTO=UDP SPT=48562 DPT=53 PKTS=0 BYTES=0 , REPLY: SRC=194.50.85.5 DST=176.36.141.89 PROTO=UDP SPT=53 DPT=48562 PKTS=0 BYTES=0
Dec  9 01:03:30 10.0.0.2 dnsmasq[1]: 2118748 fd02:c8be:1d40:0:75c3:3b72:9ae4:cb64/65527 reply sync-v2.brave.com is <CNAME>
Dec  9 01:03:30 10.0.0.2 dnsmasq[1]: 2118748 fd02:c8be:1d40:0:75c3:3b72:9ae4:cb64/65527 reply sync-alb-152764135.us-west-2.elb.amazonaws.com is 52.11.56.197
Dec  9 01:03:30 10.0.0.2 dnsmasq[1]: 2118748 fd02:c8be:1d40:0:75c3:3b72:9ae4:cb64/65527 reply sync-alb-152764135.us-west-2.elb.amazonaws.com is 44.230.54.232
Dec  9 01:03:30 10.0.0.2 dnsmasq[1]: 2118748 fd02:c8be:1d40:0:75c3:3b72:9ae4:cb64/65527 reply sync-alb-152764135.us-west-2.elb.amazonaws.com is 34.223.239.225
Dec  9 01:03:30 10.0.0.2 dnsmasq[1]: 2118750 fd02:c8be:1d40:0:75c3:3b72:9ae4:cb64/63316 query[A] maxmind.zendesk.com from fd02:c8be:1d40:0:75c3:3b72:9ae4:cb64
Dec  9 01:03:30 10.0.0.2 dnsmasq[1]: 2118750 fd02:c8be:1d40:0:75c3:3b72:9ae4:cb64/63316 cached maxmind.zendesk.com is 104.16.53.111
Dec  9 01:03:30 10.0.0.2 dnsmasq[1]: 2118750 fd02:c8be:1d40:0:75c3:3b72:9ae4:cb64/63316 cached maxmind.zendesk.com is 104.16.51.111
Dec  9 01:03:30 10.0.0.2 dnsmasq[1]: 2118749 fd02:c8be:1d40:0:75c3:3b72:9ae4:cb64/56312 reply sync-v2.brave.com is <CNAME>
Dec  9 01:03:30 10.0.0.2 dnsmasq[1]: 2118749 fd02:c8be:1d40:0:75c3:3b72:9ae4:cb64/56312 reply sync-alb-152764135.us-west-2.elb.amazonaws.com is NODATA
Dec  9 01:03:30 10.0.0.2 ulogd[1267]: [NEW] ORIG: SRC=fd02:c8be:1d40:0:75c3:3b72:9ae4:cb64 DST=fd02:c8be:1d40::1 PROTO=UDP SPT=49365 DPT=53 PKTS=0 BYTES=0 , REPLY: SRC=fd02:c8be:1d40::1 DST=fd02:c8be:1d40:0:75c3:3b72:9ae4:cb64 PROTO=UDP SPT=53 DPT=49365 PKTS=0 BYTES=0
Dec  9 01:03:30 10.0.0.2 dnsmasq[1]: 2118751 fd02:c8be:1d40:0:75c3:3b72:9ae4:cb64/49365 query[A] dev.maxmind.com from fd02:c8be:1d40:0:75c3:3b72:9ae4:cb64
Dec  9 01:03:30 10.0.0.2 ulogd[1267]: [NEW] ORIG: SRC=fd02:c8be:1d40:0:75c3:3b72:9ae4:cb64 DST=fd02:c8be:1d40::1 PROTO=UDP SPT=60992 DPT=53 PKTS=0 BYTES=0 , REPLY: SRC=fd02:c8be:1d40::1 DST=fd02:c8be:1d40:0:75c3:3b72:9ae4:cb64 PROTO=UDP SPT=53 DPT=60992 PKTS=0 BYTES=0
Dec  9 01:03:30 10.0.0.2 dnsmasq[1]: 2118751 fd02:c8be:1d40:0:75c3:3b72:9ae4:cb64/49365 forwarded dev.maxmind.com to 194.50.85.5
Dec  9 01:03:30 10.0.0.2 ulogd[1267]: [NEW] ORIG: SRC=fd02:c8be:1d40:0:75c3:3b72:9ae4:cb64 DST=fd02:c8be:1d40::1 PROTO=UDP SPT=49848 DPT=53 PKTS=0 BYTES=0 , REPLY: SRC=fd02:c8be:1d40::1 DST=fd02:c8be:1d40:0:75c3:3b72:9ae4:cb64 PROTO=UDP SPT=53 DPT=49848 PKTS=0 BYTES=0
Dec  9 01:03:30 10.0.0.2 dnsmasq[1]: 2118752 fd02:c8be:1d40:0:75c3:3b72:9ae4:cb64/60992 query[type=65] dev.maxmind.com from fd02:c8be:1d40:0:75c3:3b72:9ae4:cb64
Dec  9 01:03:30 10.0.0.2 ulogd[1267]: [NEW] ORIG: SRC=fd02:c8be:1d40:0:75c3:3b72:9ae4:cb64 DST=fd02:c8be:1d40::1 PROTO=UDP SPT=60375 DPT=53 PKTS=0 BYTES=0 , REPLY: SRC=fd02:c8be:1d40::1 DST=fd02:c8be:1d40:0:75c3:3b72:9ae4:cb64 PROTO=UDP SPT=53 DPT=60375 PKTS=0 BYTES=0
Dec  9 01:03:30 10.0.0.2 ulogd[1267]: [NEW] ORIG: SRC=fd02:c8be:1d40:0:75c3:3b72:9ae4:cb64 DST=fd02:c8be:1d40::1 PROTO=UDP SPT=61461 DPT=53 PKTS=0 BYTES=0 , REPLY: SRC=fd02:c8be:1d40::1 DST=fd02:c8be:1d40:0:75c3:3b72:9ae4:cb64 PROTO=UDP SPT=53 DPT=61461 PKTS=0 BYTES=0
Dec  9 01:03:30 10.0.0.2 ulogd[1267]: [NEW] ORIG: SRC=fd02:c8be:1d40:0:75c3:3b72:9ae4:cb64 DST=fd02:c8be:1d40::1 PROTO=UDP SPT=63164 DPT=53 PKTS=0 BYTES=0 , REPLY: SRC=fd02:c8be:1d40::1 DST=fd02:c8be:1d40:0:75c3:3b72:9ae4:cb64 PROTO=UDP SPT=53 DPT=63164 PKTS=0 BYTES=0
Dec  9 01:03:30 10.0.0.2 dnsmasq[1]: 2118752 fd02:c8be:1d40:0:75c3:3b72:9ae4:cb64/60992 forwarded dev.maxmind.com to 194.50.85.5
Dec  9 01:03:30 10.0.0.2 ulogd[1267]: [NEW] ORIG: SRC=176.36.141.89 DST=194.50.85.5 PROTO=UDP SPT=49623 DPT=53 PKTS=0 BYTES=0 , REPLY: SRC=194.50.85.5 DST=176.36.141.89 PROTO=UDP SPT=53 DPT=49623 PKTS=0 BYTES=0
Dec  9 01:03:30 10.0.0.2 ulogd[1267]: [NEW] ORIG: SRC=176.36.141.89 DST=194.50.85.5 PROTO=UDP SPT=44628 DPT=53 PKTS=0 BYTES=0 , REPLY: SRC=194.50.85.5 DST=176.36.141.89 PROTO=UDP SPT=53 DPT=44628 PKTS=0 BYTES=0
Dec  9 01:03:30 10.0.0.2 dnsmasq[1]: 2118753 fd02:c8be:1d40:0:75c3:3b72:9ae4:cb64/49848 query[A] www.maxmind.com from fd02:c8be:1d40:0:75c3:3b72:9ae4:cb64
Dec  9 01:03:30 10.0.0.2 dnsmasq[1]: 2118753 fd02:c8be:1d40:0:75c3:3b72:9ae4:cb64/49848 forwarded www.maxmind.com to 194.50.85.5
Dec  9 01:03:30 10.0.0.2 dnsmasq[1]: 2118754 fd02:c8be:1d40:0:75c3:3b72:9ae4:cb64/60375 query[type=65] www.maxmind.com from fd02:c8be:1d40:0:75c3:3b72:9ae4:cb64
Dec  9 01:03:30 10.0.0.2 ulogd[1267]: [NEW] ORIG: SRC=176.36.141.89 DST=194.50.85.5 PROTO=UDP SPT=39663 DPT=53 PKTS=0 BYTES=0 , REPLY: SRC=194.50.85.5 DST=176.36.141.89 PROTO=UDP SPT=53 DPT=39663 PKTS=0 BYTES=0
Dec  9 01:03:30 10.0.0.2 dnsmasq[1]: 2118754 fd02:c8be:1d40:0:75c3:3b72:9ae4:cb64/60375 forwarded www.maxmind.com to 194.50.85.5
Dec  9 01:03:30 10.0.0.2 dnsmasq[1]: 2118755 fd02:c8be:1d40:0:75c3:3b72:9ae4:cb64/61461 query[A] js.hs-scripts.com from fd02:c8be:1d40:0:75c3:3b72:9ae4:cb64
Dec  9 01:03:30 10.0.0.2 ulogd[1267]: [NEW] ORIG: SRC=176.36.141.89 DST=194.50.85.5 PROTO=UDP SPT=53134 DPT=53 PKTS=0 BYTES=0 , REPLY: SRC=194.50.85.5 DST=176.36.141.89 PROTO=UDP SPT=53 DPT=53134 PKTS=0 BYTES=0
Dec  9 01:03:30 10.0.0.2 dnsmasq[1]: 2118755 fd02:c8be:1d40:0:75c3:3b72:9ae4:cb64/61461 forwarded js.hs-scripts.com to 194.50.85.5
Dec  9 01:03:30 10.0.0.2 ulogd[1267]: [NEW] ORIG: SRC=176.36.141.89 DST=194.50.85.5 PROTO=UDP SPT=51166 DPT=53 PKTS=0 BYTES=0 , REPLY: SRC=194.50.85.5 DST=176.36.141.89 PROTO=UDP SPT=53 DPT=51166 PKTS=0 BYTES=0
Dec  9 01:03:30 10.0.0.2 dnsmasq[1]: 2118751 fd02:c8be:1d40:0:75c3:3b72:9ae4:cb64/49365 reply dev.maxmind.com is 199.36.158.100
Dec  9 01:03:30 10.0.0.2 dnsmasq[1]: 2118756 fd02:c8be:1d40:0:75c3:3b72:9ae4:cb64/63164 query[type=65] js.hs-scripts.com from fd02:c8be:1d40:0:75c3:3b72:9ae4:cb64
Dec  9 01:03:30 10.0.0.2 dnsmasq[1]: 2118756 fd02:c8be:1d40:0:75c3:3b72:9ae4:cb64/63164 forwarded js.hs-scripts.com to 194.50.85.5
Dec  9 01:03:30 10.0.0.2 dnsmasq[1]: 2118755 fd02:c8be:1d40:0:75c3:3b72:9ae4:cb64/61461 reply js.hs-scripts.com is 104.16.190.89
Dec  9 01:03:30 10.0.0.2 ulogd[1267]: [NEW] ORIG: SRC=176.36.141.89 DST=194.50.85.5 PROTO=UDP SPT=53023 DPT=53 PKTS=0 BYTES=0 , REPLY: SRC=194.50.85.5 DST=176.36.141.89 PROTO=UDP SPT=53 DPT=53023 PKTS=0 BYTES=0
Dec  9 01:03:30 10.0.0.2 dnsmasq[1]: 2118755 fd02:c8be:1d40:0:75c3:3b72:9ae4:cb64/61461 reply js.hs-scripts.com is 104.16.188.89
Dec  9 01:03:30 10.0.0.2 dnsmasq[1]: 2118755 fd02:c8be:1d40:0:75c3:3b72:9ae4:cb64/61461 reply js.hs-scripts.com is 104.16.189.89
Dec  9 01:03:30 10.0.0.2 dnsmasq[1]: 2118755 fd02:c8be:1d40:0:75c3:3b72:9ae4:cb64/61461 reply js.hs-scripts.com is 104.16.191.89
Dec  9 01:03:30 10.0.0.2 dnsmasq[1]: 2118755 fd02:c8be:1d40:0:75c3:3b72:9ae4:cb64/61461 reply js.hs-scripts.com is 104.16.187.89
Dec  9 01:03:30 10.0.0.2 dnsmasq[1]: 2118756 fd02:c8be:1d40:0:75c3:3b72:9ae4:cb64/63164 reply js.hs-scripts.com is <type=65>
Dec  9 01:03:30 10.0.0.2 dnsmasq[1]: 2118753 fd02:c8be:1d40:0:75c3:3b72:9ae4:cb64/49848 reply www.maxmind.com is 104.18.146.235
Dec  9 01:03:30 10.0.0.2 dnsmasq[1]: 2118753 fd02:c8be:1d40:0:75c3:3b72:9ae4:cb64/49848 reply www.maxmind.com is 104.18.145.235
Dec  9 01:03:30 10.0.0.2 dnsmasq[1]: 2118754 fd02:c8be:1d40:0:75c3:3b72:9ae4:cb64/60375 reply www.maxmind.com is <type=65>
Dec  9 01:03:30 10.0.0.2 dnsmasq[1]: 2118752 fd02:c8be:1d40:0:75c3:3b72:9ae4:cb64/60992 reply dev.maxmind.com is NODATA
Dec  9 01:03:30 10.0.0.2 ulogd[1267]: [DESTROY] ORIG: SRC=192.168.1.45 DST=192.168.1.1 PROTO=UDP SPT=41391 DPT=53 PKTS=1 BYTES=64 , REPLY: SRC=192.168.1.1 DST=192.168.1.45 PROTO=UDP SPT=53 DPT=41391 PKTS=1 BYTES=80
Dec  9 01:03:30 10.0.0.2 ulogd[1267]: [NEW] ORIG: SRC=192.168.1.180 DST=104.18.146.235 PROTO=TCP SPT=49234 DPT=443 PKTS=0 BYTES=0 , REPLY: SRC=104.18.146.235 DST=176.36.141.89 PROTO=TCP SPT=443 DPT=49234 PKTS=0 BYTES=0
Dec  9 01:03:30 10.0.0.2 ulogd[1267]: [NEW] ORIG: SRC=192.168.1.180 DST=104.16.190.89 PROTO=TCP SPT=49235 DPT=443 PKTS=0 BYTES=0 , REPLY: SRC=104.16.190.89 DST=176.36.141.89 PROTO=TCP SPT=443 DPT=49235 PKTS=0 BYTES=0
Dec  9 01:03:30 10.0.0.2 ulogd[1267]: [NEW] ORIG: SRC=192.168.1.180 DST=199.36.158.100 PROTO=UDP SPT=59725 DPT=443 PKTS=0 BYTES=0 , REPLY: SRC=199.36.158.100 DST=176.36.141.89 PROTO=UDP SPT=443 DPT=59725 PKTS=0 BYTES=0
Dec  9 01:03:31 10.0.0.2 ulogd[1267]: [DESTROY] ORIG: SRC=176.36.141.89 DST=194.50.85.5 PROTO=UDP SPT=42103 DPT=53 PKTS=1 BYTES=69 , REPLY: SRC=194.50.85.5 DST=176.36.141.89 PROTO=UDP SPT=53 DPT=42103 PKTS=1 BYTES=193
Dec  9 01:03:31 10.0.0.2 dnsmasq[1]: 2118757 fd02:c8be:1d40:0:75c3:3b72:9ae4:cb64/49710 query[A] js.hs-scripts.com from fd02:c8be:1d40:0:75c3:3b72:9ae4:cb64
Dec  9 01:03:31 10.0.0.2 dnsmasq[1]: 2118757 fd02:c8be:1d40:0:75c3:3b72:9ae4:cb64/49710 cached js.hs-scripts.com is 104.16.187.89
Dec  9 01:03:31 10.0.0.2 dnsmasq[1]: 2118757 fd02:c8be:1d40:0:75c3:3b72:9ae4:cb64/49710 cached js.hs-scripts.com is 104.16.191.89
Dec  9 01:03:31 10.0.0.2 dnsmasq[1]: 2118757 fd02:c8be:1d40:0:75c3:3b72:9ae4:cb64/49710 cached js.hs-scripts.com is 104.16.189.89
Dec  9 01:03:31 10.0.0.2 dnsmasq[1]: 2118757 fd02:c8be:1d40:0:75c3:3b72:9ae4:cb64/49710 cached js.hs-scripts.com is 104.16.188.89
Dec  9 01:03:31 10.0.0.2 dnsmasq[1]: 2118757 fd02:c8be:1d40:0:75c3:3b72:9ae4:cb64/49710 cached js.hs-scripts.com is 104.16.190.89
Dec  9 01:03:31 10.0.0.2 ulogd[1267]: [NEW] ORIG: SRC=192.168.1.180 DST=104.18.146.235 PROTO=TCP SPT=49236 DPT=443 PKTS=0 BYTES=0 , REPLY: SRC=104.18.146.235 DST=176.36.141.89 PROTO=TCP SPT=443 DPT=49236 PKTS=0 BYTES=0
Dec  9 01:03:32 10.0.0.2 dnsmasq[1]: 2118758 fd02:c8be:1d40:0:75c3:3b72:9ae4:cb64/50318 query[A] fonts.gstatic.com from fd02:c8be:1d40:0:75c3:3b72:9ae4:cb64
Dec  9 01:03:32 10.0.0.2 dnsmasq[1]: 2118758 fd02:c8be:1d40:0:75c3:3b72:9ae4:cb64/50318 cached fonts.gstatic.com is 142.250.201.195
Dec  9 01:03:32 10.0.0.2 ulogd[1267]: [NEW] ORIG: SRC=192.168.1.180 DST=199.36.158.100 PROTO=UDP SPT=61667 DPT=443 PKTS=0 BYTES=0 , REPLY: SRC=199.36.158.100 DST=176.36.141.89 PROTO=UDP SPT=443 DPT=61667 PKTS=0 BYTES=0
Dec  9 01:03:32 10.0.0.2 dnsmasq[1]: 2118759 fd02:c8be:1d40:0:75c3:3b72:9ae4:cb64/63316 query[A] theme.zdassets.com from fd02:c8be:1d40:0:75c3:3b72:9ae4:cb64
Dec  9 01:03:32 10.0.0.2 dnsmasq[1]: 2118759 fd02:c8be:1d40:0:75c3:3b72:9ae4:cb64/63316 forwarded theme.zdassets.com to 194.50.85.5
Dec  9 01:03:32 10.0.0.2 ulogd[1267]: [NEW] ORIG: SRC=176.36.141.89 DST=194.50.85.5 PROTO=UDP SPT=54960 DPT=53 PKTS=0 BYTES=0 , REPLY: SRC=194.50.85.5 DST=176.36.141.89 PROTO=UDP SPT=53 DPT=54960 PKTS=0 BYTES=0
Dec  9 01:03:32 10.0.0.2 dnsmasq[1]: 2118759 fd02:c8be:1d40:0:75c3:3b72:9ae4:cb64/63316 reply theme.zdassets.com is 104.18.72.113
Dec  9 01:03:32 10.0.0.2 dnsmasq[1]: 2118759 fd02:c8be:1d40:0:75c3:3b72:9ae4:cb64/63316 reply theme.zdassets.com is 104.18.70.113
Dec  9 01:03:35 10.0.0.2 ulogd[1267]: [DESTROY] ORIG: SRC=192.168.1.45 DST=192.168.1.1 PROTO=UDP SPT=47368 DPT=53 PKTS=1 BYTES=64 , REPLY: SRC=192.168.1.1 DST=192.168.1.45 PROTO=UDP SPT=53 DPT=47368 PKTS=1 BYTES=148
Dec  9 01:03:39 10.0.0.2 ulogd[1267]: [NEW] ORIG: SRC=192.168.1.180 DST=5.135.209.97 PROTO=TCP SPT=49237 DPT=443 PKTS=0 BYTES=0 , REPLY: SRC=5.135.209.97 DST=176.36.141.89 PROTO=TCP SPT=443 DPT=49237 PKTS=0 BYTES=0
Dec  9 01:03:44 10.0.0.2 ulogd[1267]: [NEW] ORIG: SRC=192.168.1.180 DST=44.229.120.41 PROTO=TCP SPT=49238 DPT=443 PKTS=0 BYTES=0 , REPLY: SRC=44.229.120.41 DST=176.36.141.89 PROTO=TCP SPT=443 DPT=49238 PKTS=0 BYTES=0
Dec  9 01:03:45 10.0.0.2 ulogd[1267]: [DESTROY] ORIG: SRC=192.168.1.180 DST=35.186.224.25 PROTO=UDP SPT=63759 DPT=443 PKTS=7 BYTES=2914 , REPLY: SRC=35.186.224.25 DST=176.36.141.89 PROTO=UDP SPT=443 DPT=63759 PKTS=8 BYTES=2991
Dec  9 01:03:48 10.0.0.2 ulogd[1267]: [NEW] ORIG: SRC=192.168.1.180 DST=140.82.121.6 PROTO=TCP SPT=49239 DPT=443 PKTS=0 BYTES=0 , REPLY: SRC=140.82.121.6 DST=176.36.141.89 PROTO=TCP SPT=443 DPT=49239 PKTS=0 BYTES=0
Dec  9 01:03:48 10.0.0.2 dnsmasq[1]: 2118760 fd02:c8be:1d40:0:75c3:3b72:9ae4:cb64/49710 query[A] github.githubassets.com from fd02:c8be:1d40:0:75c3:3b72:9ae4:cb64
Dec  9 01:03:48 10.0.0.2 dnsmasq[1]: 2118760 fd02:c8be:1d40:0:75c3:3b72:9ae4:cb64/49710 forwarded github.githubassets.com to 194.50.85.5
Dec  9 01:03:48 10.0.0.2 ulogd[1267]: [NEW] ORIG: SRC=176.36.141.89 DST=194.50.85.5 PROTO=UDP SPT=58255 DPT=53 PKTS=0 BYTES=0 , REPLY: SRC=194.50.85.5 DST=176.36.141.89 PROTO=UDP SPT=53 DPT=58255 PKTS=0 BYTES=0
Dec  9 01:03:48 10.0.0.2 ulogd[1267]: [NEW] ORIG: SRC=192.168.1.180 DST=192.168.1.1 PROTO=UDP SPT=49710 DPT=53 PKTS=0 BYTES=0 , REPLY: SRC=192.168.1.1 DST=192.168.1.180 PROTO=UDP SPT=53 DPT=49710 PKTS=0 BYTES=0
Dec  9 01:03:48 10.0.0.2 dnsmasq[1]: 2118761 192.168.1.180/49710 query[A] github.githubassets.com from 192.168.1.180
Dec  9 01:03:48 10.0.0.2 ulogd[1267]: [NEW] ORIG: SRC=fd02:c8be:1d40:0:75c3:3b72:9ae4:cb64 DST=fd02:c8be:1d40::1 PROTO=UDP SPT=57312 DPT=53 PKTS=0 BYTES=0 , REPLY: SRC=fd02:c8be:1d40::1 DST=fd02:c8be:1d40:0:75c3:3b72:9ae4:cb64 PROTO=UDP SPT=53 DPT=57312 PKTS=0 BYTES=0
Dec  9 01:03:48 10.0.0.2 dnsmasq[1]: 2118762 fd02:c8be:1d40:0:75c3:3b72:9ae4:cb64/57312 query[A] github.com from fd02:c8be:1d40:0:75c3:3b72:9ae4:cb64
Dec  9 01:03:48 10.0.0.2 ulogd[1267]: [NEW] ORIG: SRC=fd02:c8be:1d40:0:75c3:3b72:9ae4:cb64 DST=fd02:c8be:1d40::1 PROTO=UDP SPT=52191 DPT=53 PKTS=0 BYTES=0 , REPLY: SRC=fd02:c8be:1d40::1 DST=fd02:c8be:1d40:0:75c3:3b72:9ae4:cb64 PROTO=UDP SPT=53 DPT=52191 PKTS=0 BYTES=0
Dec  9 01:03:48 10.0.0.2 dnsmasq[1]: 2118762 fd02:c8be:1d40:0:75c3:3b72:9ae4:cb64/57312 forwarded github.com to 194.50.85.5
Dec  9 01:03:48 10.0.0.2 ulogd[1267]: [NEW] ORIG: SRC=176.36.141.89 DST=194.50.85.5 PROTO=UDP SPT=58275 DPT=53 PKTS=0 BYTES=0 , REPLY: SRC=194.50.85.5 DST=176.36.141.89 PROTO=UDP SPT=53 DPT=58275 PKTS=0 BYTES=0
Dec  9 01:03:48 10.0.0.2 dnsmasq[1]: 2118762 fd02:c8be:1d40:0:75c3:3b72:9ae4:cb64/57312 reply github.com is 140.82.121.4
Dec  9 01:03:48 10.0.0.2 dnsmasq[1]: 2118763 fd02:c8be:1d40:0:75c3:3b72:9ae4:cb64/52191 query[type=65] github.com from fd02:c8be:1d40:0:75c3:3b72:9ae4:cb64
Dec  9 01:03:48 10.0.0.2 ulogd[1267]: [NEW] ORIG: SRC=176.36.141.89 DST=194.50.85.5 PROTO=UDP SPT=57671 DPT=53 PKTS=0 BYTES=0 , REPLY: SRC=194.50.85.5 DST=176.36.141.89 PROTO=UDP SPT=53 DPT=57671 PKTS=0 BYTES=0
Dec  9 01:03:48 10.0.0.2 dnsmasq[1]: 2118763 fd02:c8be:1d40:0:75c3:3b72:9ae4:cb64/52191 forwarded github.com to 194.50.85.5
Dec  9 01:03:48 10.0.0.2 dnsmasq[1]: 2118763 fd02:c8be:1d40:0:75c3:3b72:9ae4:cb64/52191 reply github.com is NODATA
Dec  9 01:03:48 10.0.0.2 ulogd[1267]: [NEW] ORIG: SRC=192.168.1.180 DST=140.82.121.4 PROTO=TCP SPT=49240 DPT=443 PKTS=0 BYTES=0 , REPLY: SRC=140.82.121.4 DST=176.36.141.89 PROTO=TCP SPT=443 DPT=49240 PKTS=0 BYTES=0
Dec  9 01:03:49 10.0.0.2 dnsmasq[1]: 2118764 fd02:c8be:1d40:0:75c3:3b72:9ae4:cb64/49710 query[A] github.githubassets.com from fd02:c8be:1d40:0:75c3:3b72:9ae4:cb64
Dec  9 01:03:49 10.0.0.2 ulogd[1267]: [NEW] ORIG: SRC=192.168.1.1 DST=192.168.1.45 PROTO=UDP SPT=58255 DPT=5353 PKTS=0 BYTES=0 , REPLY: SRC=192.168.1.45 DST=192.168.1.1 PROTO=UDP SPT=5353 DPT=58255 PKTS=0 BYTES=0
Dec  9 01:03:49 10.0.0.2 dnsmasq[1]: 2118764 fd02:c8be:1d40:0:75c3:3b72:9ae4:cb64/49710 forwarded github.githubassets.com to 192.168.1.45
Dec  9 01:03:49 10.0.0.2 dnsmasq[1]: 2118764 fd02:c8be:1d40:0:75c3:3b72:9ae4:cb64/49710 forwarded github.githubassets.com to 194.50.85.5
Dec  9 01:03:49 10.0.0.2 dnsmasq[1]: 2118764 fd02:c8be:1d40:0:75c3:3b72:9ae4:cb64/49710 forwarded github.githubassets.com to 194.50.85.7
Dec  9 01:03:49 10.0.0.2 ulogd[1267]: [NEW] ORIG: SRC=176.36.141.89 DST=194.50.85.7 PROTO=UDP SPT=58255 DPT=53 PKTS=0 BYTES=0 , REPLY: SRC=194.50.85.7 DST=176.36.141.89 PROTO=UDP SPT=53 DPT=58255 PKTS=0 BYTES=0
Dec  9 01:03:49 10.0.0.2 dnsmasq[1]: 2118764 fd02:c8be:1d40:0:75c3:3b72:9ae4:cb64/49710 reply github.githubassets.com is 185.199.110.154
Dec  9 01:03:49 10.0.0.2 dnsmasq[1]: 2118764 fd02:c8be:1d40:0:75c3:3b72:9ae4:cb64/49710 reply github.githubassets.com is 185.199.111.154
Dec  9 01:03:49 10.0.0.2 dnsmasq[1]: 2118764 fd02:c8be:1d40:0:75c3:3b72:9ae4:cb64/49710 reply github.githubassets.com is 185.199.109.154
Dec  9 01:03:49 10.0.0.2 dnsmasq[1]: 2118764 fd02:c8be:1d40:0:75c3:3b72:9ae4:cb64/49710 reply github.githubassets.com is 185.199.108.154
Dec  9 01:03:49 10.0.0.2 dnsmasq[1]: 2118761 192.168.1.180/49710 reply query is duplicate
Dec  9 01:03:50 10.0.0.2 ulogd[1267]: [NEW] ORIG: SRC=192.168.1.180 DST=140.82.121.6 PROTO=TCP SPT=49241 DPT=443 PKTS=0 BYTES=0 , REPLY: SRC=140.82.121.6 DST=176.36.141.89 PROTO=TCP SPT=443 DPT=49241 PKTS=0 BYTES=0
Dec  9 01:03:52 10.0.0.2 ulogd[1267]: [NEW] ORIG: SRC=fd02:c8be:1d40:0:75c3:3b72:9ae4:cb64 DST=fd02:c8be:1d40::1 PROTO=UDP SPT=63211 DPT=53 PKTS=0 BYTES=0 , REPLY: SRC=fd02:c8be:1d40::1 DST=fd02:c8be:1d40:0:75c3:3b72:9ae4:cb64 PROTO=UDP SPT=53 DPT=63211 PKTS=0 BYTES=0
Dec  9 01:03:52 10.0.0.2 dnsmasq[1]: 2118765 fd02:c8be:1d40:0:75c3:3b72:9ae4:cb64/63211 query[A] event.shelljacket.us from fd02:c8be:1d40:0:75c3:3b72:9ae4:cb64
Dec  9 01:03:52 10.0.0.2 ulogd[1267]: [NEW] ORIG: SRC=fd02:c8be:1d40:0:75c3:3b72:9ae4:cb64 DST=fd02:c8be:1d40::1 PROTO=UDP SPT=65166 DPT=53 PKTS=0 BYTES=0 , REPLY: SRC=fd02:c8be:1d40::1 DST=fd02:c8be:1d40:0:75c3:3b72:9ae4:cb64 PROTO=UDP SPT=53 DPT=65166 PKTS=0 BYTES=0
