Dec  7 03:45:39 10.0.0.2 ulogd[1267]: [NEW] ORIG: SRC=fd02:c8be:1d40:0:9daf:53e:8101:d796 DST=fd02:c8be:1d40::1 PROTO=UDP SPT=53799 DPT=53 PKTS=0 BYTES=0 , REPLY: SRC=fd02:c8be:1d40::1 DST=fd02:c8be:1d40:0:9daf:53e:8101:d796 PROTO=UDP SPT=53 DPT=53799 PKTS=0 BYTES=0
Dec  7 03:45:39 10.0.0.2 dnsmasq[1]: 1955610 fd02:c8be:1d40:0:9daf:53e:8101:d796/53799 query[A] sync-v2.brave.com from fd02:c8be:1d40:0:9daf:53e:8101:d796
Dec  7 03:45:39 10.0.0.2 dnsmasq[1]: 1955610 fd02:c8be:1d40:0:9daf:53e:8101:d796/53799 cached sync-v2.brave.com is <CNAME>
Dec  7 03:45:39 10.0.0.2 ulogd[1267]: [NEW] ORIG: SRC=176.36.141.89 DST=194.50.85.7 PROTO=UDP SPT=36670 DPT=53 PKTS=0 BYTES=0 , REPLY: SRC=194.50.85.7 DST=176.36.141.89 PROTO=UDP SPT=53 DPT=36670 PKTS=0 BYTES=0
Dec  7 03:45:39 10.0.0.2 dnsmasq[1]: 1955610 fd02:c8be:1d40:0:9daf:53e:8101:d796/53799 forwarded sync-v2.brave.com to 194.50.85.7
Dec  7 03:45:39 10.0.0.2 dnsmasq[1]: 1955610 fd02:c8be:1d40:0:9daf:53e:8101:d796/53799 reply sync-v2.brave.com is <CNAME>
Dec  7 03:45:39 10.0.0.2 dnsmasq[1]: 1955610 fd02:c8be:1d40:0:9daf:53e:8101:d796/53799 reply sync-alb-152764135.us-west-2.elb.amazonaws.com is 35.85.131.92
Dec  7 03:45:39 10.0.0.2 dnsmasq[1]: 1955610 fd02:c8be:1d40:0:9daf:53e:8101:d796/53799 reply sync-alb-152764135.us-west-2.elb.amazonaws.com is 34.223.239.225
Dec  7 03:45:39 10.0.0.2 dnsmasq[1]: 1955610 fd02:c8be:1d40:0:9daf:53e:8101:d796/53799 reply sync-alb-152764135.us-west-2.elb.amazonaws.com is 44.230.54.232
Dec  7 03:46:08 10.0.0.2 dnsmasq[1]: 1955611 fd02:c8be:1d40:0:9daf:53e:8101:d796/53799 query[A] navigator-bs.gmx.com from fd02:c8be:1d40:0:9daf:53e:8101:d796
Dec  7 03:46:08 10.0.0.2 dnsmasq[1]: 1955611 fd02:c8be:1d40:0:9daf:53e:8101:d796/53799 forwarded navigator-bs.gmx.com to 192.168.1.45
Dec  7 03:46:08 10.0.0.2 ulogd[1267]: [NEW] ORIG: SRC=192.168.1.1 DST=192.168.1.45 PROTO=UDP SPT=38578 DPT=5353 PKTS=0 BYTES=0 , REPLY: SRC=192.168.1.45 DST=192.168.1.1 PROTO=UDP SPT=5353 DPT=38578 PKTS=0 BYTES=0
Dec  7 03:46:08 10.0.0.2 dnsmasq[1]: 1955611 fd02:c8be:1d40:0:9daf:53e:8101:d796/53799 forwarded navigator-bs.gmx.com to 194.50.85.5
Dec  7 03:46:08 10.0.0.2 ulogd[1267]: [NEW] ORIG: SRC=176.36.141.89 DST=194.50.85.5 PROTO=UDP SPT=38578 DPT=53 PKTS=0 BYTES=0 , REPLY: SRC=194.50.85.5 DST=176.36.141.89 PROTO=UDP SPT=53 DPT=38578 PKTS=0 BYTES=0
Dec  7 03:46:08 10.0.0.2 dnsmasq[1]: 1955611 fd02:c8be:1d40:0:9daf:53e:8101:d796/53799 forwarded navigator-bs.gmx.com to 194.50.85.7
Dec  7 03:46:08 10.0.0.2 ulogd[1267]: [NEW] ORIG: SRC=176.36.141.89 DST=194.50.85.7 PROTO=UDP SPT=38578 DPT=53 PKTS=0 BYTES=0 , REPLY: SRC=194.50.85.7 DST=176.36.141.89 PROTO=UDP SPT=53 DPT=38578 PKTS=0 BYTES=0
Dec  7 03:46:08 10.0.0.2 ulogd[1267]: [NEW] ORIG: SRC=192.168.1.180 DST=192.168.1.1 PROTO=UDP SPT=53799 DPT=53 PKTS=0 BYTES=0 , REPLY: SRC=192.168.1.1 DST=192.168.1.180 PROTO=UDP SPT=53 DPT=53799 PKTS=0 BYTES=0
Dec  7 03:46:08 10.0.0.2 dnsmasq[1]: 1955612 192.168.1.180/53799 query[A] navigator-bs.gmx.com from 192.168.1.180
Dec  7 03:46:08 10.0.0.2 dnsmasq[1]: 1955611 fd02:c8be:1d40:0:9daf:53e:8101:d796/53799 reply navigator-bs.gmx.com is 217.72.199.27
Dec  7 03:46:08 10.0.0.2 dnsmasq[1]: 1955612 192.168.1.180/53799 reply query is duplicate
Dec  7 03:46:08 10.0.0.2 ulogd[1267]: [NEW] ORIG: SRC=fd02:c8be:1d40:0:9daf:53e:8101:d796 DST=fd02:c8be:1d40::1 PROTO=UDP SPT=50757 DPT=53 PKTS=0 BYTES=0 , REPLY: SRC=fd02:c8be:1d40::1 DST=fd02:c8be:1d40:0:9daf:53e:8101:d796 PROTO=UDP SPT=53 DPT=50757 PKTS=0 BYTES=0
Dec  7 03:46:08 10.0.0.2 dnsmasq[1]: 1955613 fd02:c8be:1d40:0:9daf:53e:8101:d796/50757 query[A] www.google.com from fd02:c8be:1d40:0:9daf:53e:8101:d796
Dec  7 03:46:08 10.0.0.2 ulogd[1267]: [NEW] ORIG: SRC=176.36.141.89 DST=194.50.85.5 PROTO=UDP SPT=46663 DPT=53 PKTS=0 BYTES=0 , REPLY: SRC=194.50.85.5 DST=176.36.141.89 PROTO=UDP SPT=53 DPT=46663 PKTS=0 BYTES=0
Dec  7 03:46:08 10.0.0.2 ulogd[1267]: [NEW] ORIG: SRC=192.168.1.180 DST=217.72.199.27 PROTO=TCP SPT=62640 DPT=443 PKTS=0 BYTES=0 , REPLY: SRC=217.72.199.27 DST=176.36.141.89 PROTO=TCP SPT=443 DPT=62640 PKTS=0 BYTES=0
Dec  7 03:46:08 10.0.0.2 dnsmasq[1]: 1955613 fd02:c8be:1d40:0:9daf:53e:8101:d796/50757 forwarded www.google.com to 194.50.85.5
Dec  7 03:46:08 10.0.0.2 ulogd[1267]: [NEW] ORIG: SRC=192.168.1.180 DST=142.250.201.195 PROTO=UDP SPT=60732 DPT=443 PKTS=0 BYTES=0 , REPLY: SRC=142.250.201.195 DST=176.36.141.89 PROTO=UDP SPT=443 DPT=60732 PKTS=0 BYTES=0
Dec  7 03:46:08 10.0.0.2 ulogd[1267]: [NEW] ORIG: SRC=192.168.1.180 DST=142.251.39.3 PROTO=UDP SPT=61939 DPT=443 PKTS=0 BYTES=0 , REPLY: SRC=142.251.39.3 DST=176.36.141.89 PROTO=UDP SPT=443 DPT=61939 PKTS=0 BYTES=0
Dec  7 03:46:08 10.0.0.2 ulogd[1267]: [NEW] ORIG: SRC=192.168.1.180 DST=192.168.1.1 PROTO=UDP SPT=50757 DPT=53 PKTS=0 BYTES=0 , REPLY: SRC=192.168.1.1 DST=192.168.1.180 PROTO=UDP SPT=53 DPT=50757 PKTS=0 BYTES=0
Dec  7 03:46:08 10.0.0.2 dnsmasq[1]: 1955614 192.168.1.180/50757 query[A] www.google.com from 192.168.1.180
Dec  7 03:46:09 10.0.0.2 dnsmasq[1]: 1955615 fd02:c8be:1d40:0:9daf:53e:8101:d796/50757 query[A] www.google.com from fd02:c8be:1d40:0:9daf:53e:8101:d796
Dec  7 03:46:09 10.0.0.2 dnsmasq[1]: 1955615 fd02:c8be:1d40:0:9daf:53e:8101:d796/50757 forwarded www.google.com to 192.168.1.45
Dec  7 03:46:09 10.0.0.2 ulogd[1267]: [NEW] ORIG: SRC=192.168.1.1 DST=192.168.1.45 PROTO=UDP SPT=46663 DPT=5353 PKTS=0 BYTES=0 , REPLY: SRC=192.168.1.45 DST=192.168.1.1 PROTO=UDP SPT=5353 DPT=46663 PKTS=0 BYTES=0
Dec  7 03:46:09 10.0.0.2 dnsmasq[1]: 1955615 fd02:c8be:1d40:0:9daf:53e:8101:d796/50757 forwarded www.google.com to 194.50.85.5
Dec  7 03:46:09 10.0.0.2 dnsmasq[1]: 1955615 fd02:c8be:1d40:0:9daf:53e:8101:d796/50757 forwarded www.google.com to 194.50.85.7
Dec  7 03:46:09 10.0.0.2 ulogd[1267]: [NEW] ORIG: SRC=176.36.141.89 DST=194.50.85.7 PROTO=UDP SPT=46663 DPT=53 PKTS=0 BYTES=0 , REPLY: SRC=194.50.85.7 DST=176.36.141.89 PROTO=UDP SPT=53 DPT=46663 PKTS=0 BYTES=0
Dec  7 03:46:09 10.0.0.2 dnsmasq[1]: 1955615 fd02:c8be:1d40:0:9daf:53e:8101:d796/50757 reply www.google.com is 142.251.39.36
Dec  7 03:46:09 10.0.0.2 dnsmasq[1]: 1955614 192.168.1.180/50757 reply query is duplicate
Dec  7 03:46:09 10.0.0.2 ulogd[1267]: [NEW] ORIG: SRC=192.168.1.180 DST=142.251.39.36 PROTO=UDP SPT=65087 DPT=443 PKTS=0 BYTES=0 , REPLY: SRC=142.251.39.36 DST=176.36.141.89 PROTO=UDP SPT=443 DPT=65087 PKTS=0 BYTES=0
Dec  7 03:46:10 10.0.0.2 ulogd[1267]: [NEW] ORIG: SRC=fd02:c8be:1d40:0:9daf:53e:8101:d796 DST=fd02:c8be:1d40::1 PROTO=UDP SPT=56265 DPT=53 PKTS=0 BYTES=0 , REPLY: SRC=fd02:c8be:1d40::1 DST=fd02:c8be:1d40:0:9daf:53e:8101:d796 PROTO=UDP SPT=53 DPT=56265 PKTS=0 BYTES=0
Dec  7 03:46:10 10.0.0.2 dnsmasq[1]: 1955616 fd02:c8be:1d40:0:9daf:53e:8101:d796/56265 query[A] category.blocksite.co from fd02:c8be:1d40:0:9daf:53e:8101:d796
Dec  7 03:46:10 10.0.0.2 ulogd[1267]: [NEW] ORIG: SRC=176.36.141.89 DST=194.50.85.7 PROTO=UDP SPT=48638 DPT=53 PKTS=0 BYTES=0 , REPLY: SRC=194.50.85.7 DST=176.36.141.89 PROTO=UDP SPT=53 DPT=48638 PKTS=0 BYTES=0
Dec  7 03:46:10 10.0.0.2 dnsmasq[1]: 1955616 fd02:c8be:1d40:0:9daf:53e:8101:d796/56265 forwarded category.blocksite.co to 194.50.85.7
Dec  7 03:46:10 10.0.0.2 dnsmasq[1]: 1955616 fd02:c8be:1d40:0:9daf:53e:8101:d796/56265 reply category.blocksite.co is 52.11.245.77
Dec  7 03:46:10 10.0.0.2 dnsmasq[1]: 1955616 fd02:c8be:1d40:0:9daf:53e:8101:d796/56265 reply category.blocksite.co is 44.236.194.20
Dec  7 03:46:10 10.0.0.2 ulogd[1267]: [NEW] ORIG: SRC=192.168.1.180 DST=52.11.245.77 PROTO=TCP SPT=62641 DPT=443 PKTS=0 BYTES=0 , REPLY: SRC=52.11.245.77 DST=176.36.141.89 PROTO=TCP SPT=443 DPT=62641 PKTS=0 BYTES=0
Dec  7 03:46:14 10.0.0.2 ulogd[1267]: [NEW] ORIG: SRC=fd02:c8be:1d40:0:9daf:53e:8101:d796 DST=fd02:c8be:1d40::1 PROTO=UDP SPT=63902 DPT=53 PKTS=0 BYTES=0 , REPLY: SRC=fd02:c8be:1d40::1 DST=fd02:c8be:1d40:0:9daf:53e:8101:d796 PROTO=UDP SPT=53 DPT=63902 PKTS=0 BYTES=0
Dec  7 03:46:14 10.0.0.2 dnsmasq[1]: 1955617 fd02:c8be:1d40:0:9daf:53e:8101:d796/63902 query[A] spclient.wg.spotify.com from fd02:c8be:1d40:0:9daf:53e:8101:d796
Dec  7 03:46:14 10.0.0.2 dnsmasq[1]: 1955617 fd02:c8be:1d40:0:9daf:53e:8101:d796/63902 cached spclient.wg.spotify.com is <CNAME>
Dec  7 03:46:14 10.0.0.2 ulogd[1267]: [NEW] ORIG: SRC=fd02:c8be:1d40:0:9daf:53e:8101:d796 DST=fd02:c8be:1d40::1 PROTO=UDP SPT=57699 DPT=53 PKTS=0 BYTES=0 , REPLY: SRC=fd02:c8be:1d40::1 DST=fd02:c8be:1d40:0:9daf:53e:8101:d796 PROTO=UDP SPT=53 DPT=57699 PKTS=0 BYTES=0
Dec  7 03:46:14 10.0.0.2 ulogd[1267]: [NEW] ORIG: SRC=176.36.141.89 DST=194.50.85.7 PROTO=UDP SPT=37696 DPT=53 PKTS=0 BYTES=0 , REPLY: SRC=194.50.85.7 DST=176.36.141.89 PROTO=UDP SPT=53 DPT=37696 PKTS=0 BYTES=0
Dec  7 03:46:14 10.0.0.2 dnsmasq[1]: 1955617 fd02:c8be:1d40:0:9daf:53e:8101:d796/63902 forwarded spclient.wg.spotify.com to 194.50.85.7
Dec  7 03:46:14 10.0.0.2 dnsmasq[1]: 1955617 fd02:c8be:1d40:0:9daf:53e:8101:d796/63902 reply spclient.wg.spotify.com is <CNAME>
Dec  7 03:46:14 10.0.0.2 dnsmasq[1]: 1955617 fd02:c8be:1d40:0:9daf:53e:8101:d796/63902 reply edge-web.dual-gslb.spotify.com is 35.186.224.25
Dec  7 03:46:14 10.0.0.2 dnsmasq[1]: 1955618 fd02:c8be:1d40:0:9daf:53e:8101:d796/57699 query[type=65] spclient.wg.spotify.com from fd02:c8be:1d40:0:9daf:53e:8101:d796
Dec  7 03:46:14 10.0.0.2 dnsmasq[1]: 1955618 fd02:c8be:1d40:0:9daf:53e:8101:d796/57699 cached spclient.wg.spotify.com is <CNAME>
Dec  7 03:46:14 10.0.0.2 ulogd[1267]: [NEW] ORIG: SRC=176.36.141.89 DST=194.50.85.7 PROTO=UDP SPT=55921 DPT=53 PKTS=0 BYTES=0 , REPLY: SRC=194.50.85.7 DST=176.36.141.89 PROTO=UDP SPT=53 DPT=55921 PKTS=0 BYTES=0
Dec  7 03:46:14 10.0.0.2 dnsmasq[1]: 1955618 fd02:c8be:1d40:0:9daf:53e:8101:d796/57699 forwarded spclient.wg.spotify.com to 194.50.85.7
Dec  7 03:46:14 10.0.0.2 dnsmasq[1]: 1955618 fd02:c8be:1d40:0:9daf:53e:8101:d796/57699 reply spclient.wg.spotify.com is <CNAME>
Dec  7 03:46:14 10.0.0.2 dnsmasq[1]: 1955618 fd02:c8be:1d40:0:9daf:53e:8101:d796/57699 reply edge-web.dual-gslb.spotify.com is NODATA
Dec  7 03:46:14 10.0.0.2 ulogd[1267]: [NEW] ORIG: SRC=192.168.1.180 DST=35.186.224.25 PROTO=UDP SPT=58780 DPT=443 PKTS=0 BYTES=0 , REPLY: SRC=35.186.224.25 DST=176.36.141.89 PROTO=UDP SPT=443 DPT=58780 PKTS=0 BYTES=0
Dec  7 03:46:22 10.0.0.2 dnsmasq[1]: 1955619 fd02:c8be:1d40:0:9daf:53e:8101:d796/56265 query[A] ajax.googleapis.com from fd02:c8be:1d40:0:9daf:53e:8101:d796
Dec  7 03:46:22 10.0.0.2 ulogd[1267]: [NEW] ORIG: SRC=176.36.141.89 DST=194.50.85.7 PROTO=UDP SPT=52461 DPT=53 PKTS=0 BYTES=0 , REPLY: SRC=194.50.85.7 DST=176.36.141.89 PROTO=UDP SPT=53 DPT=52461 PKTS=0 BYTES=0
Dec  7 03:46:22 10.0.0.2 dnsmasq[1]: 1955619 fd02:c8be:1d40:0:9daf:53e:8101:d796/56265 forwarded ajax.googleapis.com to 194.50.85.7
Dec  7 03:46:22 10.0.0.2 dnsmasq[1]: 1955619 fd02:c8be:1d40:0:9daf:53e:8101:d796/56265 reply ajax.googleapis.com is 142.251.208.138
Dec  7 03:46:22 10.0.0.2 ulogd[1267]: [NEW] ORIG: SRC=192.168.1.180 DST=142.251.208.138 PROTO=UDP SPT=57062 DPT=443 PKTS=0 BYTES=0 , REPLY: SRC=142.251.208.138 DST=176.36.141.89 PROTO=UDP SPT=443 DPT=57062 PKTS=0 BYTES=0
Dec  7 03:46:23 10.0.0.2 ulogd[1267]: [NEW] ORIG: SRC=192.168.1.180 DST=52.11.245.77 PROTO=TCP SPT=62642 DPT=443 PKTS=0 BYTES=0 , REPLY: SRC=52.11.245.77 DST=176.36.141.89 PROTO=TCP SPT=443 DPT=62642 PKTS=0 BYTES=0
Dec  7 03:46:23 10.0.0.2 dnsmasq[1]: 1955620 fd02:c8be:1d40:0:9daf:53e:8101:d796/56265 query[A] i.stack.imgur.com from fd02:c8be:1d40:0:9daf:53e:8101:d796
Dec  7 03:46:23 10.0.0.2 dnsmasq[1]: 1955620 fd02:c8be:1d40:0:9daf:53e:8101:d796/56265 cached i.stack.imgur.com is <CNAME>
Dec  7 03:46:23 10.0.0.2 ulogd[1267]: [NEW] ORIG: SRC=176.36.141.89 DST=194.50.85.7 PROTO=UDP SPT=38799 DPT=53 PKTS=0 BYTES=0 , REPLY: SRC=194.50.85.7 DST=176.36.141.89 PROTO=UDP SPT=53 DPT=38799 PKTS=0 BYTES=0
Dec  7 03:46:23 10.0.0.2 dnsmasq[1]: 1955620 fd02:c8be:1d40:0:9daf:53e:8101:d796/56265 forwarded i.stack.imgur.com to 194.50.85.7
Dec  7 03:46:24 10.0.0.2 ulogd[1267]: [NEW] ORIG: SRC=192.168.1.180 DST=192.168.1.1 PROTO=UDP SPT=56265 DPT=53 PKTS=0 BYTES=0 , REPLY: SRC=192.168.1.1 DST=192.168.1.180 PROTO=UDP SPT=53 DPT=56265 PKTS=0 BYTES=0
Dec  7 03:46:24 10.0.0.2 dnsmasq[1]: 1955621 192.168.1.180/56265 query[A] i.stack.imgur.com from 192.168.1.180
Dec  7 03:46:24 10.0.0.2 dnsmasq[1]: 1955620 fd02:c8be:1d40:0:9daf:53e:8101:d796/56265 reply i.stack.imgur.com is <CNAME>
Dec  7 03:46:24 10.0.0.2 dnsmasq[1]: 1955620 fd02:c8be:1d40:0:9daf:53e:8101:d796/56265 reply ipv4.imgur.map.fastly.net is 146.75.116.193
Dec  7 03:46:24 10.0.0.2 dnsmasq[1]: 1955621 192.168.1.180/56265 reply query is duplicate
Dec  7 03:46:24 10.0.0.2 ulogd[1267]: [NEW] ORIG: SRC=fd02:c8be:1d40:0:9daf:53e:8101:d796 DST=fd02:c8be:1d40::1 PROTO=UDP SPT=58325 DPT=53 PKTS=0 BYTES=0 , REPLY: SRC=fd02:c8be:1d40::1 DST=fd02:c8be:1d40:0:9daf:53e:8101:d796 PROTO=UDP SPT=53 DPT=58325 PKTS=0 BYTES=0
Dec  7 03:46:24 10.0.0.2 dnsmasq[1]: 1955622 fd02:c8be:1d40:0:9daf:53e:8101:d796/58325 query[A] graph.facebook.com from fd02:c8be:1d40:0:9daf:53e:8101:d796
Dec  7 03:46:24 10.0.0.2 dnsmasq[1]: 1955622 fd02:c8be:1d40:0:9daf:53e:8101:d796/58325 forwarded graph.facebook.com to 194.50.85.7
Dec  7 03:46:24 10.0.0.2 ulogd[1267]: [NEW] ORIG: SRC=176.36.141.89 DST=194.50.85.7 PROTO=UDP SPT=49692 DPT=53 PKTS=0 BYTES=0 , REPLY: SRC=194.50.85.7 DST=176.36.141.89 PROTO=UDP SPT=53 DPT=49692 PKTS=0 BYTES=0
Dec  7 03:46:24 10.0.0.2 dnsmasq[1]: 1955622 fd02:c8be:1d40:0:9daf:53e:8101:d796/58325 reply graph.facebook.com is <CNAME>
Dec  7 03:46:24 10.0.0.2 dnsmasq[1]: 1955622 fd02:c8be:1d40:0:9daf:53e:8101:d796/58325 reply star.c10r.facebook.com is 157.240.224.12
Dec  7 03:46:24 10.0.0.2 ulogd[1267]: [NEW] ORIG: SRC=192.168.1.180 DST=157.240.224.12 PROTO=TCP SPT=62643 DPT=443 PKTS=0 BYTES=0 , REPLY: SRC=157.240.224.12 DST=176.36.141.89 PROTO=TCP SPT=443 DPT=62643 PKTS=0 BYTES=0
Dec  7 03:46:24 10.0.0.2 dnsmasq[1]: 1955623 fd02:c8be:1d40:0:9daf:53e:8101:d796/58325 query[A] platform-lookaside.fbsbx.com from fd02:c8be:1d40:0:9daf:53e:8101:d796
Dec  7 03:46:24 10.0.0.2 ulogd[1267]: [NEW] ORIG: SRC=176.36.141.89 DST=194.50.85.7 PROTO=UDP SPT=56965 DPT=53 PKTS=0 BYTES=0 , REPLY: SRC=194.50.85.7 DST=176.36.141.89 PROTO=UDP SPT=53 DPT=56965 PKTS=0 BYTES=0
Dec  7 03:46:24 10.0.0.2 dnsmasq[1]: 1955623 fd02:c8be:1d40:0:9daf:53e:8101:d796/58325 forwarded platform-lookaside.fbsbx.com to 194.50.85.7
Dec  7 03:46:24 10.0.0.2 dnsmasq[1]: 1955623 fd02:c8be:1d40:0:9daf:53e:8101:d796/58325 reply platform-lookaside.fbsbx.com is <CNAME>
Dec  7 03:46:24 10.0.0.2 dnsmasq[1]: 1955623 fd02:c8be:1d40:0:9daf:53e:8101:d796/58325 reply scontent.xx.fbcdn.net is 157.240.224.7
Dec  7 03:46:24 10.0.0.2 ulogd[1267]: [NEW] ORIG: SRC=192.168.1.180 DST=157.240.224.7 PROTO=TCP SPT=62644 DPT=443 PKTS=0 BYTES=0 , REPLY: SRC=157.240.224.7 DST=176.36.141.89 PROTO=TCP SPT=443 DPT=62644 PKTS=0 BYTES=0
Dec  7 03:46:25 10.0.0.2 ulogd[1267]: [NEW] ORIG: SRC=192.168.1.180 DST=198.252.206.25 PROTO=TCP SPT=62645 DPT=443 PKTS=0 BYTES=0 , REPLY: SRC=198.252.206.25 DST=176.36.141.89 PROTO=TCP SPT=443 DPT=62645 PKTS=0 BYTES=0
Dec  7 03:46:30 10.0.0.2 dnsmasq[1]: 1955624 192.168.1.45/43871 query[A] raw.githubusercontent.com from 192.168.1.45
Dec  7 03:46:30 10.0.0.2 ulogd[1267]: [NEW] ORIG: SRC=192.168.1.45 DST=192.168.1.1 PROTO=UDP SPT=43871 DPT=53 PKTS=0 BYTES=0 , REPLY: SRC=192.168.1.1 DST=192.168.1.45 PROTO=UDP SPT=53 DPT=43871 PKTS=0 BYTES=0
Dec  7 03:46:30 10.0.0.2 ulogd[1267]: [NEW] ORIG: SRC=192.168.1.45 DST=192.168.1.1 PROTO=UDP SPT=40639 DPT=53 PKTS=0 BYTES=0 , REPLY: SRC=192.168.1.1 DST=192.168.1.45 PROTO=UDP SPT=53 DPT=40639 PKTS=0 BYTES=0
Dec  7 03:46:30 10.0.0.2 dnsmasq[1]: 1955624 192.168.1.45/43871 forwarded raw.githubusercontent.com to 192.168.1.45
Dec  7 03:46:30 10.0.0.2 ulogd[1267]: [NEW] ORIG: SRC=192.168.1.1 DST=192.168.1.45 PROTO=UDP SPT=39552 DPT=5353 PKTS=0 BYTES=0 , REPLY: SRC=192.168.1.45 DST=192.168.1.1 PROTO=UDP SPT=5353 DPT=39552 PKTS=0 BYTES=0
Dec  7 03:46:30 10.0.0.2 dnsmasq[1]: 1955624 192.168.1.45/43871 forwarded raw.githubusercontent.com to 194.50.85.5
Dec  7 03:46:30 10.0.0.2 dnsmasq[1]: 1955624 192.168.1.45/43871 forwarded raw.githubusercontent.com to 194.50.85.7
Dec  7 03:46:30 10.0.0.2 dnsmasq[1]: 1955624 192.168.1.45/43871 reply raw.githubusercontent.com is 185.199.110.133
Dec  7 03:46:30 10.0.0.2 dnsmasq[1]: 1955624 192.168.1.45/43871 reply raw.githubusercontent.com is 185.199.109.133
Dec  7 03:46:30 10.0.0.2 dnsmasq[1]: 1955624 192.168.1.45/43871 reply raw.githubusercontent.com is 185.199.111.133
Dec  7 03:46:30 10.0.0.2 ulogd[1267]: [NEW] ORIG: SRC=176.36.141.89 DST=194.50.85.5 PROTO=UDP SPT=39552 DPT=53 PKTS=0 BYTES=0 , REPLY: SRC=194.50.85.5 DST=176.36.141.89 PROTO=UDP SPT=53 DPT=39552 PKTS=0 BYTES=0
Dec  7 03:46:30 10.0.0.2 ulogd[1267]: [NEW] ORIG: SRC=176.36.141.89 DST=194.50.85.7 PROTO=UDP SPT=39552 DPT=53 PKTS=0 BYTES=0 , REPLY: SRC=194.50.85.7 DST=176.36.141.89 PROTO=UDP SPT=53 DPT=39552 PKTS=0 BYTES=0
Dec  7 03:46:30 10.0.0.2 ulogd[1267]: [NEW] ORIG: SRC=192.168.1.45 DST=192.168.1.1 PROTO=UDP SPT=60320 DPT=53 PKTS=0 BYTES=0 , REPLY: SRC=192.168.1.1 DST=192.168.1.45 PROTO=UDP SPT=53 DPT=60320 PKTS=0 BYTES=0
Dec  7 03:46:30 10.0.0.2 dnsmasq[1]: 1955624 192.168.1.45/43871 reply raw.githubusercontent.com is 185.199.108.133
Dec  7 03:46:30 10.0.0.2 ulogd[1267]: [NEW] ORIG: SRC=192.168.1.45 DST=192.168.1.1 PROTO=UDP SPT=44110 DPT=53 PKTS=0 BYTES=0 , REPLY: SRC=192.168.1.1 DST=192.168.1.45 PROTO=UDP SPT=53 DPT=44110 PKTS=0 BYTES=0
Dec  7 03:46:30 10.0.0.2 dnsmasq[1]: 1955625 192.168.1.45/40639 query[AAAA] raw.githubusercontent.com from 192.168.1.45
Dec  7 03:46:30 10.0.0.2 dnsmasq[1]: 1955625 192.168.1.45/40639 forwarded raw.githubusercontent.com to 194.50.85.7
Dec  7 03:46:30 10.0.0.2 ulogd[1267]: [NEW] ORIG: SRC=176.36.141.89 DST=194.50.85.7 PROTO=UDP SPT=50060 DPT=53 PKTS=0 BYTES=0 , REPLY: SRC=194.50.85.7 DST=176.36.141.89 PROTO=UDP SPT=53 DPT=50060 PKTS=0 BYTES=0
Dec  7 03:46:30 10.0.0.2 dnsmasq[1]: 1955626 192.168.1.45/60320 query[AAAA] grafana.com from 192.168.1.45
Dec  7 03:46:30 10.0.0.2 dnsmasq[1]: 1955626 192.168.1.45/60320 forwarded grafana.com to 194.50.85.7
Dec  7 03:46:30 10.0.0.2 ulogd[1267]: [NEW] ORIG: SRC=176.36.141.89 DST=194.50.85.7 PROTO=UDP SPT=52659 DPT=53 PKTS=0 BYTES=0 , REPLY: SRC=194.50.85.7 DST=176.36.141.89 PROTO=UDP SPT=53 DPT=52659 PKTS=0 BYTES=0
Dec  7 03:46:30 10.0.0.2 dnsmasq[1]: 1955625 192.168.1.45/40639 reply raw.githubusercontent.com is 2606:50c0:8000::154
Dec  7 03:46:30 10.0.0.2 dnsmasq[1]: 1955625 192.168.1.45/40639 reply raw.githubusercontent.com is 2606:50c0:8002::154
Dec  7 03:46:30 10.0.0.2 dnsmasq[1]: 1955625 192.168.1.45/40639 reply raw.githubusercontent.com is 2606:50c0:8003::154
Dec  7 03:46:30 10.0.0.2 dnsmasq[1]: 1955625 192.168.1.45/40639 reply raw.githubusercontent.com is 2606:50c0:8001::154
Dec  7 03:46:30 10.0.0.2 dnsmasq[1]: 1955627 192.168.1.45/44110 query[A] grafana.com from 192.168.1.45
Dec  7 03:46:30 10.0.0.2 dnsmasq[1]: 1955627 192.168.1.45/44110 forwarded grafana.com to 194.50.85.7
Dec  7 03:46:30 10.0.0.2 ulogd[1267]: [NEW] ORIG: SRC=176.36.141.89 DST=194.50.85.7 PROTO=UDP SPT=57869 DPT=53 PKTS=0 BYTES=0 , REPLY: SRC=194.50.85.7 DST=176.36.141.89 PROTO=UDP SPT=53 DPT=57869 PKTS=0 BYTES=0
Dec  7 03:46:30 10.0.0.2 dnsmasq[1]: 1955627 192.168.1.45/44110 reply grafana.com is 34.120.177.193
Dec  7 03:46:30 10.0.0.2 dnsmasq[1]: 1955626 192.168.1.45/60320 reply grafana.com is 2600:1901:0:b3ea::
Dec  7 03:46:30 10.0.0.2 ulogd[1267]: [DESTROY] ORIG: SRC=176.36.141.89 DST=194.50.85.7 PROTO=UDP SPT=35952 DPT=53 PKTS=1 BYTES=69 , REPLY: SRC=194.50.85.7 DST=176.36.141.89 PROTO=UDP SPT=53 DPT=35952 PKTS=1 BYTES=118
Dec  7 03:46:30 10.0.0.2 ulogd[1267]: [NEW] ORIG: SRC=192.168.1.45 DST=185.199.110.133 PROTO=TCP SPT=57480 DPT=443 PKTS=0 BYTES=0 , REPLY: SRC=185.199.110.133 DST=176.36.141.89 PROTO=TCP SPT=443 DPT=57480 PKTS=0 BYTES=0
Dec  7 03:46:30 10.0.0.2 ulogd[1267]: [NEW] ORIG: SRC=192.168.1.45 DST=34.120.177.193 PROTO=TCP SPT=34034 DPT=443 PKTS=0 BYTES=0 , REPLY: SRC=34.120.177.193 DST=176.36.141.89 PROTO=TCP SPT=443 DPT=34034 PKTS=0 BYTES=0
Dec  7 03:46:31 10.0.0.2 ulogd[1267]: [NEW] ORIG: SRC=fe80::b295:75ff:fe15:6fa5 DST=ff02::1:2 PROTO=UDP SPT=546 DPT=547 PKTS=0 BYTES=0 , REPLY: SRC=ff02::1:2 DST=fe80::b295:75ff:fe15:6fa5 PROTO=UDP SPT=547 DPT=546 PKTS=0 BYTES=0
Dec  7 03:46:31 10.0.0.2 dnsmasq[1]: 1955628 fd02:c8be:1d40:0:9daf:53e:8101:d796/58325 query[A] stackoverflow.com from fd02:c8be:1d40:0:9daf:53e:8101:d796
Dec  7 03:46:31 10.0.0.2 dnsmasq[1]: 1955628 fd02:c8be:1d40:0:9daf:53e:8101:d796/58325 forwarded stackoverflow.com to 194.50.85.7
Dec  7 03:46:31 10.0.0.2 ulogd[1267]: [NEW] ORIG: SRC=176.36.141.89 DST=194.50.85.7 PROTO=UDP SPT=51585 DPT=53 PKTS=0 BYTES=0 , REPLY: SRC=194.50.85.7 DST=176.36.141.89 PROTO=UDP SPT=53 DPT=51585 PKTS=0 BYTES=0
Dec  7 03:46:31 10.0.0.2 dnsmasq[1]: 1955628 fd02:c8be:1d40:0:9daf:53e:8101:d796/58325 reply stackoverflow.com is 104.18.32.7
Dec  7 03:46:31 10.0.0.2 dnsmasq[1]: 1955628 fd02:c8be:1d40:0:9daf:53e:8101:d796/58325 reply stackoverflow.com is 172.64.155.249
Dec  7 03:46:31 10.0.0.2 ulogd[1267]: [NEW] ORIG: SRC=192.168.1.180 DST=104.18.32.7 PROTO=TCP SPT=62646 DPT=443 PKTS=0 BYTES=0 , REPLY: SRC=104.18.32.7 DST=176.36.141.89 PROTO=TCP SPT=443 DPT=62646 PKTS=0 BYTES=0
Dec  7 03:46:31 10.0.0.2 ulogd[1267]: [NEW] ORIG: SRC=192.168.1.180 DST=104.18.40.222 PROTO=TCP SPT=62647 DPT=443 PKTS=0 BYTES=0 , REPLY: SRC=104.18.40.222 DST=176.36.141.89 PROTO=TCP SPT=443 DPT=62647 PKTS=0 BYTES=0
Dec  7 03:46:31 10.0.0.2 ulogd[1267]: [NEW] ORIG: SRC=192.168.1.180 DST=142.251.208.138 PROTO=UDP SPT=53121 DPT=443 PKTS=0 BYTES=0 , REPLY: SRC=142.251.208.138 DST=176.36.141.89 PROTO=UDP SPT=443 DPT=53121 PKTS=0 BYTES=0
Dec  7 03:46:32 10.0.0.2 ulogd[1267]: [NEW] ORIG: SRC=192.168.1.180 DST=192.0.73.2 PROTO=UDP SPT=57515 DPT=443 PKTS=0 BYTES=0 , REPLY: SRC=192.0.73.2 DST=176.36.141.89 PROTO=UDP SPT=443 DPT=57515 PKTS=0 BYTES=0
Dec  7 03:46:32 10.0.0.2 ulogd[1267]: [NEW] ORIG: SRC=192.168.1.180 DST=192.0.73.2 PROTO=TCP SPT=62648 DPT=443 PKTS=0 BYTES=0 , REPLY: SRC=192.0.73.2 DST=176.36.141.89 PROTO=TCP SPT=443 DPT=62648 PKTS=0 BYTES=0
Dec  7 03:46:32 10.0.0.2 ulogd[1267]: [NEW] ORIG: SRC=192.168.1.180 DST=146.75.116.193 PROTO=TCP SPT=62649 DPT=443 PKTS=0 BYTES=0 , REPLY: SRC=146.75.116.193 DST=176.36.141.89 PROTO=TCP SPT=443 DPT=62649 PKTS=0 BYTES=0
Dec  7 03:46:33 10.0.0.2 dnsmasq[1]: 1955629 fd02:c8be:1d40:0:9daf:53e:8101:d796/58325 query[A] safebrowsing.brave.com from fd02:c8be:1d40:0:9daf:53e:8101:d796
Dec  7 03:46:33 10.0.0.2 ulogd[1267]: [NEW] ORIG: SRC=176.36.141.89 DST=194.50.85.7 PROTO=UDP SPT=44249 DPT=53 PKTS=0 BYTES=0 , REPLY: SRC=194.50.85.7 DST=176.36.141.89 PROTO=UDP SPT=53 DPT=44249 PKTS=0 BYTES=0
Dec  7 03:46:33 10.0.0.2 dnsmasq[1]: 1955629 fd02:c8be:1d40:0:9daf:53e:8101:d796/58325 forwarded safebrowsing.brave.com to 194.50.85.7
Dec  7 03:46:33 10.0.0.2 dnsmasq[1]: 1955629 fd02:c8be:1d40:0:9daf:53e:8101:d796/58325 reply safebrowsing.brave.com is <CNAME>
Dec  7 03:46:33 10.0.0.2 dnsmasq[1]: 1955629 fd02:c8be:1d40:0:9daf:53e:8101:d796/58325 reply d1bvmdanhrl7qk.cloudfront.net is 18.244.102.117
Dec  7 03:46:33 10.0.0.2 dnsmasq[1]: 1955629 fd02:c8be:1d40:0:9daf:53e:8101:d796/58325 reply d1bvmdanhrl7qk.cloudfront.net is 18.244.102.25
Dec  7 03:46:33 10.0.0.2 dnsmasq[1]: 1955629 fd02:c8be:1d40:0:9daf:53e:8101:d796/58325 reply d1bvmdanhrl7qk.cloudfront.net is 18.244.102.61
Dec  7 03:46:33 10.0.0.2 dnsmasq[1]: 1955629 fd02:c8be:1d40:0:9daf:53e:8101:d796/58325 reply d1bvmdanhrl7qk.cloudfront.net is 18.244.102.73
Dec  7 03:46:34 10.0.0.2 ulogd[1267]: [DESTROY] ORIG: SRC=192.168.1.1 DST=192.168.1.45 PROTO=UDP SPT=56980 DPT=5353 PKTS=1 BYTES=66 , REPLY: SRC=192.168.1.45 DST=192.168.1.1 PROTO=UDP SPT=5353 DPT=56980 PKTS=0 BYTES=0
Dec  7 03:46:34 10.0.0.2 ulogd[1267]: [DESTROY] ORIG: SRC=176.36.141.89 DST=194.50.85.5 PROTO=UDP SPT=48878 DPT=53 PKTS=1 BYTES=65 , REPLY: SRC=194.50.85.5 DST=176.36.141.89 PROTO=UDP SPT=53 DPT=48878 PKTS=1 BYTES=81
Dec  7 03:46:35 10.0.0.2 dnsmasq[1]: 1955630 fd02:c8be:1d40:0:9daf:53e:8101:d796/58325 query[A] api.stackexchange.com from fd02:c8be:1d40:0:9daf:53e:8101:d796
Dec  7 03:46:35 10.0.0.2 dnsmasq[1]: 1955630 fd02:c8be:1d40:0:9daf:53e:8101:d796/58325 forwarded api.stackexchange.com to 194.50.85.7
Dec  7 03:46:35 10.0.0.2 ulogd[1267]: [NEW] ORIG: SRC=176.36.141.89 DST=194.50.85.7 PROTO=UDP SPT=43485 DPT=53 PKTS=0 BYTES=0 , REPLY: SRC=194.50.85.7 DST=176.36.141.89 PROTO=UDP SPT=53 DPT=43485 PKTS=0 BYTES=0
Dec  7 03:46:35 10.0.0.2 dnsmasq[1]: 1955630 fd02:c8be:1d40:0:9daf:53e:8101:d796/58325 reply api.stackexchange.com is 198.252.206.16
Dec  7 03:46:35 10.0.0.2 ulogd[1267]: [NEW] ORIG: SRC=192.168.1.180 DST=198.252.206.16 PROTO=TCP SPT=62650 DPT=443 PKTS=0 BYTES=0 , REPLY: SRC=198.252.206.16 DST=176.36.141.89 PROTO=TCP SPT=443 DPT=62650 PKTS=0 BYTES=0
Dec  7 03:46:36 10.0.0.2 dnsmasq[1]: 1955631 fd02:c8be:1d40:0:9daf:53e:8101:d796/58325 query[A] 3c-bs.gmx.com from fd02:c8be:1d40:0:9daf:53e:8101:d796
Dec  7 03:46:36 10.0.0.2 ulogd[1267]: [NEW] ORIG: SRC=176.36.141.89 DST=194.50.85.7 PROTO=UDP SPT=56864 DPT=53 PKTS=0 BYTES=0 , REPLY: SRC=194.50.85.7 DST=176.36.141.89 PROTO=UDP SPT=53 DPT=56864 PKTS=0 BYTES=0
Dec  7 03:46:36 10.0.0.2 dnsmasq[1]: 1955631 fd02:c8be:1d40:0:9daf:53e:8101:d796/58325 forwarded 3c-bs.gmx.com to 194.50.85.7
Dec  7 03:46:36 10.0.0.2 dnsmasq[1]: 1955632 192.168.1.180/58325 query[A] 3c-bs.gmx.com from 192.168.1.180
Dec  7 03:46:36 10.0.0.2 ulogd[1267]: [NEW] ORIG: SRC=192.168.1.180 DST=192.168.1.1 PROTO=UDP SPT=58325 DPT=53 PKTS=0 BYTES=0 , REPLY: SRC=192.168.1.1 DST=192.168.1.180 PROTO=UDP SPT=53 DPT=58325 PKTS=0 BYTES=0
Dec  7 03:46:36 10.0.0.2 dnsmasq[1]: 1955631 fd02:c8be:1d40:0:9daf:53e:8101:d796/58325 reply 3c-bs.gmx.com is 217.72.196.44
Dec  7 03:46:36 10.0.0.2 dnsmasq[1]: 1955632 192.168.1.180/58325 reply query is duplicate
Dec  7 03:46:36 10.0.0.2 ulogd[1267]: [NEW] ORIG: SRC=192.168.1.180 DST=217.72.196.44 PROTO=TCP SPT=62651 DPT=443 PKTS=0 BYTES=0 , REPLY: SRC=217.72.196.44 DST=176.36.141.89 PROTO=TCP SPT=443 DPT=62651 PKTS=0 BYTES=0
Dec  7 03:46:39 10.0.0.2 ulogd[1267]: [NEW] ORIG: SRC=fd02:c8be:1d40:0:9daf:53e:8101:d796 DST=fd02:c8be:1d40::1 PROTO=UDP SPT=58434 DPT=53 PKTS=0 BYTES=0 , REPLY: SRC=fd02:c8be:1d40::1 DST=fd02:c8be:1d40:0:9daf:53e:8101:d796 PROTO=UDP SPT=53 DPT=58434 PKTS=0 BYTES=0
Dec  7 03:46:39 10.0.0.2 dnsmasq[1]: 1955633 fd02:c8be:1d40:0:9daf:53e:8101:d796/58434 query[A] sync-v2.brave.com from fd02:c8be:1d40:0:9daf:53e:8101:d796
Dec  7 03:46:39 10.0.0.2 dnsmasq[1]: 1955633 fd02:c8be:1d40:0:9daf:53e:8101:d796/58434 cached sync-v2.brave.com is <CNAME>
Dec  7 03:46:39 10.0.0.2 ulogd[1267]: [NEW] ORIG: SRC=176.36.141.89 DST=194.50.85.7 PROTO=UDP SPT=33857 DPT=53 PKTS=0 BYTES=0 , REPLY: SRC=194.50.85.7 DST=176.36.141.89 PROTO=UDP SPT=53 DPT=33857 PKTS=0 BYTES=0
Dec  7 03:46:39 10.0.0.2 dnsmasq[1]: 1955633 fd02:c8be:1d40:0:9daf:53e:8101:d796/58434 forwarded sync-v2.brave.com to 194.50.85.7
Dec  7 03:46:39 10.0.0.2 dnsmasq[1]: 1955633 fd02:c8be:1d40:0:9daf:53e:8101:d796/58434 reply sync-v2.brave.com is <CNAME>
Dec  7 03:46:39 10.0.0.2 dnsmasq[1]: 1955633 fd02:c8be:1d40:0:9daf:53e:8101:d796/58434 reply sync-alb-152764135.us-west-2.elb.amazonaws.com is 44.230.54.232
Dec  7 03:46:39 10.0.0.2 dnsmasq[1]: 1955633 fd02:c8be:1d40:0:9daf:53e:8101:d796/58434 reply sync-alb-152764135.us-west-2.elb.amazonaws.com is 35.85.131.92
Dec  7 03:46:39 10.0.0.2 dnsmasq[1]: 1955633 fd02:c8be:1d40:0:9daf:53e:8101:d796/58434 reply sync-alb-152764135.us-west-2.elb.amazonaws.com is 34.223.239.225
Dec  7 03:46:42 10.0.0.2 ulogd[1267]: [DESTROY] ORIG: SRC=192.168.1.180 DST=192.168.1.1 PROTO=UDP SPT=53043 DPT=53 PKTS=1 BYTES=69 , REPLY: SRC=192.168.1.1 DST=192.168.1.180 PROTO=UDP SPT=53 DPT=53043 PKTS=1 BYTES=117
Dec  7 03:46:44 10.0.0.2 ulogd[1267]: [DESTROY] ORIG: SRC=176.36.141.89 DST=194.50.85.5 PROTO=UDP SPT=46761 DPT=53 PKTS=1 BYTES=63 , REPLY: SRC=194.50.85.5 DST=176.36.141.89 PROTO=UDP SPT=53 DPT=46761 PKTS=1 BYTES=168
Dec  7 03:46:45 10.0.0.2 ulogd[1267]: [DESTROY] ORIG: SRC=192.168.1.180 DST=192.0.73.2 PROTO=UDP SPT=57373 DPT=443 PKTS=6 BYTES=2981 , REPLY: SRC=192.0.73.2 DST=176.36.141.89 PROTO=UDP SPT=443 DPT=57373 PKTS=7 BYTES=6190
Dec  7 03:46:52 10.0.0.2 dnsmasq[1]: 1955634 fd02:c8be:1d40:0:9daf:53e:8101:d796/58434 query[A] assets.msn.com from fd02:c8be:1d40:0:9daf:53e:8101:d796
Dec  7 03:46:52 10.0.0.2 ulogd[1267]: [NEW] ORIG: SRC=fd02:c8be:1d40:0:9daf:53e:8101:d796 DST=fd02:c8be:1d40::1 PROTO=UDP SPT=49298 DPT=53 PKTS=0 BYTES=0 , REPLY: SRC=fd02:c8be:1d40::1 DST=fd02:c8be:1d40:0:9daf:53e:8101:d796 PROTO=UDP SPT=53 DPT=49298 PKTS=0 BYTES=0
Dec  7 03:46:52 10.0.0.2 dnsmasq[1]: 1955634 fd02:c8be:1d40:0:9daf:53e:8101:d796/58434 forwarded assets.msn.com to 192.168.1.45
Dec  7 03:46:52 10.0.0.2 ulogd[1267]: [NEW] ORIG: SRC=192.168.1.1 DST=192.168.1.45 PROTO=UDP SPT=53249 DPT=5353 PKTS=0 BYTES=0 , REPLY: SRC=192.168.1.45 DST=192.168.1.1 PROTO=UDP SPT=5353 DPT=53249 PKTS=0 BYTES=0
Dec  7 03:46:52 10.0.0.2 dnsmasq[1]: 1955634 fd02:c8be:1d40:0:9daf:53e:8101:d796/58434 forwarded assets.msn.com to 194.50.85.5
Dec  7 03:46:52 10.0.0.2 ulogd[1267]: [NEW] ORIG: SRC=176.36.141.89 DST=194.50.85.5 PROTO=UDP SPT=53249 DPT=53 PKTS=0 BYTES=0 , REPLY: SRC=194.50.85.5 DST=176.36.141.89 PROTO=UDP SPT=53 DPT=53249 PKTS=0 BYTES=0
Dec  7 03:46:52 10.0.0.2 dnsmasq[1]: 1955634 fd02:c8be:1d40:0:9daf:53e:8101:d796/58434 forwarded assets.msn.com to 194.50.85.7
Dec  7 03:46:52 10.0.0.2 dnsmasq[1]: 1955634 fd02:c8be:1d40:0:9daf:53e:8101:d796/58434 reply assets.msn.com is <CNAME>
Dec  7 03:46:52 10.0.0.2 ulogd[1267]: [NEW] ORIG: SRC=176.36.141.89 DST=194.50.85.7 PROTO=UDP SPT=53249 DPT=53 PKTS=0 BYTES=0 , REPLY: SRC=194.50.85.7 DST=176.36.141.89 PROTO=UDP SPT=53 DPT=53249 PKTS=0 BYTES=0
Dec  7 03:46:52 10.0.0.2 dnsmasq[1]: 1955634 fd02:c8be:1d40:0:9daf:53e:8101:d796/58434 reply assets.msn.com.edgekey.net is <CNAME>
Dec  7 03:46:52 10.0.0.2 dnsmasq[1]: 1955634 fd02:c8be:1d40:0:9daf:53e:8101:d796/58434 reply e28578.d.akamaiedge.net is 95.100.111.65
Dec  7 03:46:52 10.0.0.2 dnsmasq[1]: 1955634 fd02:c8be:1d40:0:9daf:53e:8101:d796/58434 reply e28578.d.akamaiedge.net is 95.100.111.11
Dec  7 03:46:52 10.0.0.2 dnsmasq[1]: 1955635 fd02:c8be:1d40:0:9daf:53e:8101:d796/49298 query[AAAA] assets.msn.com from fd02:c8be:1d40:0:9daf:53e:8101:d796
Dec  7 03:46:52 10.0.0.2 dnsmasq[1]: 1955635 fd02:c8be:1d40:0:9daf:53e:8101:d796/49298 cached assets.msn.com is <CNAME>
Dec  7 03:46:52 10.0.0.2 dnsmasq[1]: 1955635 fd02:c8be:1d40:0:9daf:53e:8101:d796/49298 cached assets.msn.com.edgekey.net is <CNAME>
Dec  7 03:46:52 10.0.0.2 ulogd[1267]: [NEW] ORIG: SRC=176.36.141.89 DST=194.50.85.5 PROTO=UDP SPT=45088 DPT=53 PKTS=0 BYTES=0 , REPLY: SRC=194.50.85.5 DST=176.36.141.89 PROTO=UDP SPT=53 DPT=45088 PKTS=0 BYTES=0
Dec  7 03:46:52 10.0.0.2 dnsmasq[1]: 1955635 fd02:c8be:1d40:0:9daf:53e:8101:d796/49298 forwarded assets.msn.com to 194.50.85.5
Dec  7 03:46:52 10.0.0.2 dnsmasq[1]: 1955635 fd02:c8be:1d40:0:9daf:53e:8101:d796/49298 reply assets.msn.com is <CNAME>
Dec  7 03:46:52 10.0.0.2 dnsmasq[1]: 1955635 fd02:c8be:1d40:0:9daf:53e:8101:d796/49298 reply assets.msn.com.edgekey.net is <CNAME>
Dec  7 03:46:52 10.0.0.2 dnsmasq[1]: 1955635 fd02:c8be:1d40:0:9daf:53e:8101:d796/49298 reply e28578.d.akamaiedge.net is NODATA-IPv6
Dec  7 03:46:52 10.0.0.2 ulogd[1267]: [NEW] ORIG: SRC=192.168.1.180 DST=95.100.111.65 PROTO=TCP SPT=62652 DPT=443 PKTS=0 BYTES=0 , REPLY: SRC=95.100.111.65 DST=176.36.141.89 PROTO=TCP SPT=443 DPT=62652 PKTS=0 BYTES=0
Dec  7 03:46:52 10.0.0.2 ulogd[1267]: [NEW] ORIG: SRC=192.168.1.180 DST=95.100.111.65 PROTO=TCP SPT=62653 DPT=443 PKTS=0 BYTES=0 , REPLY: SRC=95.100.111.65 DST=176.36.141.89 PROTO=TCP SPT=443 DPT=62653 PKTS=0 BYTES=0
Dec  7 03:46:52 10.0.0.2 ulogd[1267]: [NEW] ORIG: SRC=192.168.1.180 DST=95.100.111.11 PROTO=TCP SPT=62654 DPT=443 PKTS=0 BYTES=0 , REPLY: SRC=95.100.111.11 DST=176.36.141.89 PROTO=TCP SPT=443 DPT=62654 PKTS=0 BYTES=0
Dec  7 03:46:52 10.0.0.2 ulogd[1267]: [NEW] ORIG: SRC=192.168.1.180 DST=157.240.224.61 PROTO=TCP SPT=62655 DPT=80 PKTS=0 BYTES=0 , REPLY: SRC=157.240.224.61 DST=176.36.141.89 PROTO=TCP SPT=80 DPT=62655 PKTS=0 BYTES=0
Dec  7 03:46:53 10.0.0.2 ulogd[1267]: [NEW] ORIG: SRC=192.168.1.180 DST=142.250.201.195 PROTO=UDP SPT=54516 DPT=443 PKTS=0 BYTES=0 , REPLY: SRC=142.250.201.195 DST=176.36.141.89 PROTO=UDP SPT=443 DPT=54516 PKTS=0 BYTES=0
Dec  7 03:46:53 10.0.0.2 ulogd[1267]: [NEW] ORIG: SRC=192.168.1.180 DST=142.251.39.3 PROTO=UDP SPT=53997 DPT=443 PKTS=0 BYTES=0 , REPLY: SRC=142.251.39.3 DST=176.36.141.89 PROTO=UDP SPT=443 DPT=53997 PKTS=0 BYTES=0
Dec  7 03:46:53 10.0.0.2 ulogd[1267]: [DESTROY] ORIG: SRC=176.36.141.89 DST=194.50.85.5 PROTO=UDP SPT=49202 DPT=53 PKTS=1 BYTES=62 , REPLY: SRC=194.50.85.5 DST=176.36.141.89 PROTO=UDP SPT=53 DPT=49202 PKTS=1 BYTES=78
Dec  7 03:46:53 10.0.0.2 ulogd[1267]: [NEW] ORIG: SRC=192.168.1.180 DST=204.79.197.203 PROTO=TCP SPT=62656 DPT=443 PKTS=0 BYTES=0 , REPLY: SRC=204.79.197.203 DST=176.36.141.89 PROTO=TCP SPT=443 DPT=62656 PKTS=0 BYTES=0
Dec  7 03:46:54 10.0.0.2 ulogd[1267]: [NEW] ORIG: SRC=fd02:c8be:1d40:0:9daf:53e:8101:d796 DST=fd02:c8be:1d40::1 PROTO=UDP SPT=50359 DPT=53 PKTS=0 BYTES=0 , REPLY: SRC=fd02:c8be:1d40::1 DST=fd02:c8be:1d40:0:9daf:53e:8101:d796 PROTO=UDP SPT=53 DPT=50359 PKTS=0 BYTES=0
Dec  7 03:46:54 10.0.0.2 dnsmasq[1]: 1955636 fd02:c8be:1d40:0:9daf:53e:8101:d796/50359 query[A] www.msn.com from fd02:c8be:1d40:0:9daf:53e:8101:d796
Dec  7 03:46:54 10.0.0.2 dnsmasq[1]: 1955636 fd02:c8be:1d40:0:9daf:53e:8101:d796/50359 forwarded www.msn.com to 194.50.85.5
Dec  7 03:46:54 10.0.0.2 ulogd[1267]: [NEW] ORIG: SRC=fd02:c8be:1d40:0:9daf:53e:8101:d796 DST=fd02:c8be:1d40::1 PROTO=UDP SPT=55172 DPT=53 PKTS=0 BYTES=0 , REPLY: SRC=fd02:c8be:1d40::1 DST=fd02:c8be:1d40:0:9daf:53e:8101:d796 PROTO=UDP SPT=53 DPT=55172 PKTS=0 BYTES=0
Dec  7 03:46:54 10.0.0.2 ulogd[1267]: [NEW] ORIG: SRC=176.36.141.89 DST=194.50.85.5 PROTO=UDP SPT=49891 DPT=53 PKTS=0 BYTES=0 , REPLY: SRC=194.50.85.5 DST=176.36.141.89 PROTO=UDP SPT=53 DPT=49891 PKTS=0 BYTES=0
Dec  7 03:46:54 10.0.0.2 dnsmasq[1]: 1955636 fd02:c8be:1d40:0:9daf:53e:8101:d796/50359 reply www.msn.com is <CNAME>
Dec  7 03:46:54 10.0.0.2 dnsmasq[1]: 1955636 fd02:c8be:1d40:0:9daf:53e:8101:d796/50359 reply www-msn-com.a-0003.a-msedge.net is <CNAME>
Dec  7 03:46:54 10.0.0.2 dnsmasq[1]: 1955636 fd02:c8be:1d40:0:9daf:53e:8101:d796/50359 reply a-0003.a-msedge.net is 204.79.197.203
Dec  7 03:46:54 10.0.0.2 dnsmasq[1]: 1955637 fd02:c8be:1d40:0:9daf:53e:8101:d796/55172 query[type=65] www.msn.com from fd02:c8be:1d40:0:9daf:53e:8101:d796
Dec  7 03:46:54 10.0.0.2 dnsmasq[1]: 1955637 fd02:c8be:1d40:0:9daf:53e:8101:d796/55172 cached www.msn.com is <CNAME>
Dec  7 03:46:54 10.0.0.2 dnsmasq[1]: 1955637 fd02:c8be:1d40:0:9daf:53e:8101:d796/55172 cached www-msn-com.a-0003.a-msedge.net is <CNAME>
Dec  7 03:46:54 10.0.0.2 ulogd[1267]: [NEW] ORIG: SRC=176.36.141.89 DST=194.50.85.5 PROTO=UDP SPT=33212 DPT=53 PKTS=0 BYTES=0 , REPLY: SRC=194.50.85.5 DST=176.36.141.89 PROTO=UDP SPT=53 DPT=33212 PKTS=0 BYTES=0
Dec  7 03:46:54 10.0.0.2 dnsmasq[1]: 1955637 fd02:c8be:1d40:0:9daf:53e:8101:d796/55172 forwarded www.msn.com to 194.50.85.5
Dec  7 03:46:54 10.0.0.2 dnsmasq[1]: 1955637 fd02:c8be:1d40:0:9daf:53e:8101:d796/55172 reply www.msn.com is <CNAME>
Dec  7 03:46:54 10.0.0.2 dnsmasq[1]: 1955637 fd02:c8be:1d40:0:9daf:53e:8101:d796/55172 reply www-msn-com.a-0003.a-msedge.net is <CNAME>
Dec  7 03:46:54 10.0.0.2 dnsmasq[1]: 1955637 fd02:c8be:1d40:0:9daf:53e:8101:d796/55172 reply a-0003.a-msedge.net is NODATA
Dec  7 03:46:54 10.0.0.2 ulogd[1267]: [NEW] ORIG: SRC=192.168.1.180 DST=204.79.197.203 PROTO=TCP SPT=62657 DPT=443 PKTS=0 BYTES=0 , REPLY: SRC=204.79.197.203 DST=176.36.141.89 PROTO=TCP SPT=443 DPT=62657 PKTS=0 BYTES=0
Dec  7 03:46:54 10.0.0.2 dnsmasq[1]: 1955638 fd02:c8be:1d40:0:9daf:53e:8101:d796/52294 query[A] assets.msn.com from fd02:c8be:1d40:0:9daf:53e:8101:d796
Dec  7 03:46:54 10.0.0.2 ulogd[1267]: [DESTROY] ORIG: SRC=fd02:c8be:1d40:0:9daf:53e:8101:d796 DST=fd02:c8be:1d40::1 PROTO=UDP SPT=52632 DPT=53 PKTS=1 BYTES=74 , REPLY: SRC=fd02:c8be:1d40::1 DST=fd02:c8be:1d40:0:9daf:53e:8101:d796 PROTO=UDP SPT=53 DPT=52632 PKTS=1 BYTES=74
Dec  7 03:46:54 10.0.0.2 dnsmasq[1]: 1955638 fd02:c8be:1d40:0:9daf:53e:8101:d796/52294 cached assets.msn.com is <CNAME>
Dec  7 03:46:54 10.0.0.2 dnsmasq[1]: 1955638 fd02:c8be:1d40:0:9daf:53e:8101:d796/52294 cached assets.msn.com.edgekey.net is <CNAME>
Dec  7 03:46:54 10.0.0.2 ulogd[1267]: [NEW] ORIG: SRC=fd02:c8be:1d40:0:9daf:53e:8101:d796 DST=fd02:c8be:1d40::1 PROTO=UDP SPT=52294 DPT=53 PKTS=0 BYTES=0 , REPLY: SRC=fd02:c8be:1d40::1 DST=fd02:c8be:1d40:0:9daf:53e:8101:d796 PROTO=UDP SPT=53 DPT=52294 PKTS=0 BYTES=0
Dec  7 03:46:54 10.0.0.2 dnsmasq[1]: 1955638 fd02:c8be:1d40:0:9daf:53e:8101:d796/52294 cached e28578.d.akamaiedge.net is 95.100.111.11
Dec  7 03:46:54 10.0.0.2 ulogd[1267]: [NEW] ORIG: SRC=fd02:c8be:1d40:0:9daf:53e:8101:d796 DST=fd02:c8be:1d40::1 PROTO=UDP SPT=57608 DPT=53 PKTS=0 BYTES=0 , REPLY: SRC=fd02:c8be:1d40::1 DST=fd02:c8be:1d40:0:9daf:53e:8101:d796 PROTO=UDP SPT=53 DPT=57608 PKTS=0 BYTES=0
Dec  7 03:46:54 10.0.0.2 dnsmasq[1]: 1955638 fd02:c8be:1d40:0:9daf:53e:8101:d796/52294 cached e28578.d.akamaiedge.net is 95.100.111.65
Dec  7 03:46:54 10.0.0.2 dnsmasq[1]: 1955639 fd02:c8be:1d40:0:9daf:53e:8101:d796/57608 query[type=65] assets.msn.com from fd02:c8be:1d40:0:9daf:53e:8101:d796
Dec  7 03:46:54 10.0.0.2 dnsmasq[1]: 1955639 fd02:c8be:1d40:0:9daf:53e:8101:d796/57608 cached assets.msn.com is <CNAME>
Dec  7 03:46:54 10.0.0.2 dnsmasq[1]: 1955639 fd02:c8be:1d40:0:9daf:53e:8101:d796/57608 forwarded assets.msn.com to 194.50.85.5
Dec  7 03:46:54 10.0.0.2 ulogd[1267]: [NEW] ORIG: SRC=176.36.141.89 DST=194.50.85.5 PROTO=UDP SPT=45929 DPT=53 PKTS=0 BYTES=0 , REPLY: SRC=194.50.85.5 DST=176.36.141.89 PROTO=UDP SPT=53 DPT=45929 PKTS=0 BYTES=0
Dec  7 03:46:54 10.0.0.2 dnsmasq[1]: 1955639 fd02:c8be:1d40:0:9daf:53e:8101:d796/57608 reply assets.msn.com is <CNAME>
Dec  7 03:46:54 10.0.0.2 dnsmasq[1]: 1955639 fd02:c8be:1d40:0:9daf:53e:8101:d796/57608 reply assets.msn.com.edgekey.net is <CNAME>
Dec  7 03:46:54 10.0.0.2 dnsmasq[1]: 1955639 fd02:c8be:1d40:0:9daf:53e:8101:d796/57608 reply e28578.d.akamaiedge.net is NODATA
Dec  7 03:46:54 10.0.0.2 ulogd[1267]: [NEW] ORIG: SRC=192.168.1.180 DST=95.100.111.11 PROTO=TCP SPT=62658 DPT=443 PKTS=0 BYTES=0 , REPLY: SRC=95.100.111.11 DST=176.36.141.89 PROTO=TCP SPT=443 DPT=62658 PKTS=0 BYTES=0
Dec  7 03:46:55 10.0.0.2 ulogd[1267]: [NEW] ORIG: SRC=192.168.1.180 DST=52.11.245.77 PROTO=TCP SPT=62659 DPT=443 PKTS=0 BYTES=0 , REPLY: SRC=52.11.245.77 DST=176.36.141.89 PROTO=TCP SPT=443 DPT=62659 PKTS=0 BYTES=0
Dec  7 03:46:55 10.0.0.2 dnsmasq[1]: 1955640 fd02:c8be:1d40:0:9daf:53e:8101:d796/64401 query[A] th.bing.com from fd02:c8be:1d40:0:9daf:53e:8101:d796
Dec  7 03:46:55 10.0.0.2 ulogd[1267]: [NEW] ORIG: SRC=fd02:c8be:1d40:0:9daf:53e:8101:d796 DST=fd02:c8be:1d40::1 PROTO=UDP SPT=64401 DPT=53 PKTS=0 BYTES=0 , REPLY: SRC=fd02:c8be:1d40::1 DST=fd02:c8be:1d40:0:9daf:53e:8101:d796 PROTO=UDP SPT=53 DPT=64401 PKTS=0 BYTES=0
Dec  7 03:46:55 10.0.0.2 ulogd[1267]: [NEW] ORIG: SRC=fd02:c8be:1d40:0:9daf:53e:8101:d796 DST=fd02:c8be:1d40::1 PROTO=UDP SPT=49884 DPT=53 PKTS=0 BYTES=0 , REPLY: SRC=fd02:c8be:1d40::1 DST=fd02:c8be:1d40:0:9daf:53e:8101:d796 PROTO=UDP SPT=53 DPT=49884 PKTS=0 BYTES=0
Dec  7 03:46:55 10.0.0.2 ulogd[1267]: [NEW] ORIG: SRC=176.36.141.89 DST=194.50.85.5 PROTO=UDP SPT=34869 DPT=53 PKTS=0 BYTES=0 , REPLY: SRC=194.50.85.5 DST=176.36.141.89 PROTO=UDP SPT=53 DPT=34869 PKTS=0 BYTES=0
Dec  7 03:46:55 10.0.0.2 dnsmasq[1]: 1955640 fd02:c8be:1d40:0:9daf:53e:8101:d796/64401 forwarded th.bing.com to 194.50.85.5
Dec  7 03:46:55 10.0.0.2 dnsmasq[1]: 1955640 fd02:c8be:1d40:0:9daf:53e:8101:d796/64401 reply th.bing.com is <CNAME>
Dec  7 03:46:55 10.0.0.2 dnsmasq[1]: 1955640 fd02:c8be:1d40:0:9daf:53e:8101:d796/64401 reply p-th.bing.com.trafficmanager.net is <CNAME>
Dec  7 03:46:55 10.0.0.2 dnsmasq[1]: 1955640 fd02:c8be:1d40:0:9daf:53e:8101:d796/64401 reply th.bing.com.edgekey.net is <CNAME>
Dec  7 03:46:55 10.0.0.2 dnsmasq[1]: 1955640 fd02:c8be:1d40:0:9daf:53e:8101:d796/64401 reply e86303.dscx.akamaiedge.net is 2.18.29.176
Dec  7 03:46:55 10.0.0.2 dnsmasq[1]: 1955640 fd02:c8be:1d40:0:9daf:53e:8101:d796/64401 reply e86303.dscx.akamaiedge.net is 2.18.29.216
Dec  7 03:46:55 10.0.0.2 dnsmasq[1]: 1955640 fd02:c8be:1d40:0:9daf:53e:8101:d796/64401 reply e86303.dscx.akamaiedge.net is 2.18.29.232
Dec  7 03:46:55 10.0.0.2 dnsmasq[1]: 1955641 fd02:c8be:1d40:0:9daf:53e:8101:d796/49884 query[type=65] th.bing.com from fd02:c8be:1d40:0:9daf:53e:8101:d796
Dec  7 03:46:55 10.0.0.2 dnsmasq[1]: 1955641 fd02:c8be:1d40:0:9daf:53e:8101:d796/49884 cached th.bing.com is <CNAME>
Dec  7 03:46:55 10.0.0.2 dnsmasq[1]: 1955641 fd02:c8be:1d40:0:9daf:53e:8101:d796/49884 cached p-th.bing.com.trafficmanager.net is <CNAME>
Dec  7 03:46:55 10.0.0.2 dnsmasq[1]: 1955641 fd02:c8be:1d40:0:9daf:53e:8101:d796/49884 cached th.bing.com.edgekey.net is <CNAME>
Dec  7 03:46:55 10.0.0.2 dnsmasq[1]: 1955641 fd02:c8be:1d40:0:9daf:53e:8101:d796/49884 forwarded th.bing.com to 194.50.85.5
Dec  7 03:46:55 10.0.0.2 ulogd[1267]: [NEW] ORIG: SRC=176.36.141.89 DST=194.50.85.5 PROTO=UDP SPT=36206 DPT=53 PKTS=0 BYTES=0 , REPLY: SRC=194.50.85.5 DST=176.36.141.89 PROTO=UDP SPT=53 DPT=36206 PKTS=0 BYTES=0
Dec  7 03:46:55 10.0.0.2 ulogd[1267]: [NEW] ORIG: SRC=192.168.1.180 DST=2.18.29.176 PROTO=UDP SPT=63953 DPT=443 PKTS=0 BYTES=0 , REPLY: SRC=2.18.29.176 DST=176.36.141.89 PROTO=UDP SPT=443 DPT=63953 PKTS=0 BYTES=0
Dec  7 03:46:55 10.0.0.2 ulogd[1267]: [NEW] ORIG: SRC=192.168.1.180 DST=2.18.29.176 PROTO=TCP SPT=62660 DPT=443 PKTS=0 BYTES=0 , REPLY: SRC=2.18.29.176 DST=176.36.141.89 PROTO=TCP SPT=443 DPT=62660 PKTS=0 BYTES=0
Dec  7 03:46:55 10.0.0.2 dnsmasq[1]: 1955641 fd02:c8be:1d40:0:9daf:53e:8101:d796/49884 reply th.bing.com is <CNAME>
Dec  7 03:46:55 10.0.0.2 dnsmasq[1]: 1955641 fd02:c8be:1d40:0:9daf:53e:8101:d796/49884 reply p-th.bing.com.trafficmanager.net is <CNAME>
Dec  7 03:46:55 10.0.0.2 dnsmasq[1]: 1955641 fd02:c8be:1d40:0:9daf:53e:8101:d796/49884 reply th.bing.com.edgekey.net is <CNAME>
Dec  7 03:46:55 10.0.0.2 dnsmasq[1]: 1955641 fd02:c8be:1d40:0:9daf:53e:8101:d796/49884 reply e86303.dscx.akamaiedge.net is NODATA
Dec  7 03:47:01 10.0.0.2 dnsmasq[1]: 1955642 fd02:c8be:1d40:0:9daf:53e:8101:d796/58434 query[A] encrypted-tbn0.gstatic.com from fd02:c8be:1d40:0:9daf:53e:8101:d796
Dec  7 03:47:01 10.0.0.2 dnsmasq[1]: 1955642 fd02:c8be:1d40:0:9daf:53e:8101:d796/58434 forwarded encrypted-tbn0.gstatic.com to 194.50.85.5
Dec  7 03:47:01 10.0.0.2 ulogd[1267]: [NEW] ORIG: SRC=176.36.141.89 DST=194.50.85.5 PROTO=UDP SPT=37780 DPT=53 PKTS=0 BYTES=0 , REPLY: SRC=194.50.85.5 DST=176.36.141.89 PROTO=UDP SPT=53 DPT=37780 PKTS=0 BYTES=0
Dec  7 03:47:01 10.0.0.2 dnsmasq[1]: 1955642 fd02:c8be:1d40:0:9daf:53e:8101:d796/58434 reply encrypted-tbn0.gstatic.com is 142.251.39.46
Dec  7 03:47:01 10.0.0.2 ulogd[1267]: [NEW] ORIG: SRC=192.168.1.180 DST=142.251.39.46 PROTO=UDP SPT=51557 DPT=443 PKTS=0 BYTES=0 , REPLY: SRC=142.251.39.46 DST=176.36.141.89 PROTO=UDP SPT=443 DPT=51557 PKTS=0 BYTES=0
Dec  7 03:47:04 10.0.0.2 ulogd[1267]: [DESTROY] ORIG: SRC=192.168.1.180 DST=142.251.39.3 PROTO=UDP SPT=49958 DPT=443 PKTS=127 BYTES=24328 , REPLY: SRC=142.251.39.3 DST=176.36.141.89 PROTO=UDP SPT=443 DPT=49958 PKTS=445 BYTES=529906
Dec  7 03:47:06 10.0.0.2 ulogd[1267]: [DESTROY] ORIG: SRC=192.168.1.180 DST=142.251.39.3 PROTO=UDP SPT=51306 DPT=443 PKTS=5 BYTES=1603 , REPLY: SRC=142.251.39.3 DST=176.36.141.89 PROTO=UDP SPT=443 DPT=51306 PKTS=5 BYTES=2500
Dec  7 03:47:11 10.0.0.2 ulogd[1267]: [DESTROY] ORIG: SRC=192.168.1.180 DST=52.11.245.77 PROTO=TCP SPT=62636 DPT=443 PKTS=16 BYTES=7002 , REPLY: SRC=52.11.245.77 DST=176.36.141.89 PROTO=TCP SPT=443 DPT=62636 PKTS=12 BYTES=6300
Dec  7 03:47:11 10.0.0.2 dnsmasq[1]: 1955643 fd02:c8be:1d40:0:9daf:53e:8101:d796/49298 query[A] category.blocksite.co from fd02:c8be:1d40:0:9daf:53e:8101:d796
Dec  7 03:47:11 10.0.0.2 dnsmasq[1]: 1955643 fd02:c8be:1d40:0:9daf:53e:8101:d796/49298 forwarded category.blocksite.co to 194.50.85.5
Dec  7 03:47:11 10.0.0.2 ulogd[1267]: [NEW] ORIG: SRC=176.36.141.89 DST=194.50.85.5 PROTO=UDP SPT=50043 DPT=53 PKTS=0 BYTES=0 , REPLY: SRC=194.50.85.5 DST=176.36.141.89 PROTO=UDP SPT=53 DPT=50043 PKTS=0 BYTES=0
Dec  7 03:47:11 10.0.0.2 ulogd[1267]: [NEW] ORIG: SRC=192.168.1.180 DST=192.168.1.1 PROTO=UDP SPT=49298 DPT=53 PKTS=0 BYTES=0 , REPLY: SRC=192.168.1.1 DST=192.168.1.180 PROTO=UDP SPT=53 DPT=49298 PKTS=0 BYTES=0
Dec  7 03:47:11 10.0.0.2 dnsmasq[1]: 1955644 192.168.1.180/49298 query[A] category.blocksite.co from 192.168.1.180
Dec  7 03:47:11 10.0.0.2 dnsmasq[1]: 1955643 fd02:c8be:1d40:0:9daf:53e:8101:d796/49298 reply category.blocksite.co is 52.5.83.231
Dec  7 03:47:11 10.0.0.2 dnsmasq[1]: 1955643 fd02:c8be:1d40:0:9daf:53e:8101:d796/49298 reply category.blocksite.co is 52.7.64.108
Dec  7 03:47:11 10.0.0.2 dnsmasq[1]: 1955644 192.168.1.180/49298 reply query is duplicate
Dec  7 03:47:12 10.0.0.2 ulogd[1267]: [NEW] ORIG: SRC=192.168.1.180 DST=142.251.208.138 PROTO=UDP SPT=51477 DPT=443 PKTS=0 BYTES=0 , REPLY: SRC=142.251.208.138 DST=176.36.141.89 PROTO=UDP SPT=443 DPT=51477 PKTS=0 BYTES=0
Dec  7 03:47:13 10.0.0.2 dnsmasq[1]: 1955645 fd02:c8be:1d40:0:9daf:53e:8101:d796/58434 query[A] i.stack.imgur.com from fd02:c8be:1d40:0:9daf:53e:8101:d796
Dec  7 03:47:13 10.0.0.2 dnsmasq[1]: 1955645 fd02:c8be:1d40:0:9daf:53e:8101:d796/58434 cached i.stack.imgur.com is <CNAME>
Dec  7 03:47:13 10.0.0.2 ulogd[1267]: [NEW] ORIG: SRC=192.168.1.1 DST=192.168.1.45 PROTO=UDP SPT=44143 DPT=5353 PKTS=0 BYTES=0 , REPLY: SRC=192.168.1.45 DST=192.168.1.1 PROTO=UDP SPT=5353 DPT=44143 PKTS=0 BYTES=0
Dec  7 03:47:13 10.0.0.2 dnsmasq[1]: 1955645 fd02:c8be:1d40:0:9daf:53e:8101:d796/58434 forwarded i.stack.imgur.com to 192.168.1.45
Dec  7 03:47:13 10.0.0.2 ulogd[1267]: [NEW] ORIG: SRC=176.36.141.89 DST=194.50.85.5 PROTO=UDP SPT=44143 DPT=53 PKTS=0 BYTES=0 , REPLY: SRC=194.50.85.5 DST=176.36.141.89 PROTO=UDP SPT=53 DPT=44143 PKTS=0 BYTES=0
Dec  7 03:47:13 10.0.0.2 dnsmasq[1]: 1955645 fd02:c8be:1d40:0:9daf:53e:8101:d796/58434 forwarded i.stack.imgur.com to 194.50.85.5
Dec  7 03:47:13 10.0.0.2 ulogd[1267]: [NEW] ORIG: SRC=176.36.141.89 DST=194.50.85.7 PROTO=UDP SPT=44143 DPT=53 PKTS=0 BYTES=0 , REPLY: SRC=194.50.85.7 DST=176.36.141.89 PROTO=UDP SPT=53 DPT=44143 PKTS=0 BYTES=0
Dec  7 03:47:13 10.0.0.2 dnsmasq[1]: 1955645 fd02:c8be:1d40:0:9daf:53e:8101:d796/58434 forwarded i.stack.imgur.com to 194.50.85.7
Dec  7 03:47:13 10.0.0.2 dnsmasq[1]: 1955645 fd02:c8be:1d40:0:9daf:53e:8101:d796/58434 reply i.stack.imgur.com is <CNAME>
Dec  7 03:47:13 10.0.0.2 dnsmasq[1]: 1955645 fd02:c8be:1d40:0:9daf:53e:8101:d796/58434 reply ipv4.imgur.map.fastly.net is 146.75.116.193
Dec  7 03:47:13 10.0.0.2 dnsmasq[1]: 1955646 fd02:c8be:1d40:0:9daf:53e:8101:d796/58434 query[A] lh4.googleusercontent.com from fd02:c8be:1d40:0:9daf:53e:8101:d796
Dec  7 03:47:13 10.0.0.2 dnsmasq[1]: 1955646 fd02:c8be:1d40:0:9daf:53e:8101:d796/58434 forwarded lh4.googleusercontent.com to 194.50.85.5
Dec  7 03:47:13 10.0.0.2 ulogd[1267]: [NEW] ORIG: SRC=176.36.141.89 DST=194.50.85.5 PROTO=UDP SPT=42942 DPT=53 PKTS=0 BYTES=0 , REPLY: SRC=194.50.85.5 DST=176.36.141.89 PROTO=UDP SPT=53 DPT=42942 PKTS=0 BYTES=0
Dec  7 03:47:13 10.0.0.2 dnsmasq[1]: 1955646 fd02:c8be:1d40:0:9daf:53e:8101:d796/58434 reply lh4.googleusercontent.com is <CNAME>
Dec  7 03:47:13 10.0.0.2 dnsmasq[1]: 1955646 fd02:c8be:1d40:0:9daf:53e:8101:d796/58434 reply googlehosted.l.googleusercontent.com is 142.250.180.193
Dec  7 03:47:13 10.0.0.2 ulogd[1267]: [NEW] ORIG: SRC=192.168.1.180 DST=142.250.180.193 PROTO=TCP SPT=62661 DPT=443 PKTS=0 BYTES=0 , REPLY: SRC=142.250.180.193 DST=176.36.141.89 PROTO=TCP SPT=443 DPT=62661 PKTS=0 BYTES=0
Dec  7 03:47:15 10.0.0.2 ulogd[1267]: [DESTROY] ORIG: SRC=176.36.141.89 DST=194.50.85.7 PROTO=UDP SPT=46663 DPT=53 PKTS=1 BYTES=60 , REPLY: SRC=194.50.85.7 DST=176.36.141.89 PROTO=UDP SPT=53 DPT=46663 PKTS=1 BYTES=76
Dec  7 03:47:15 10.0.0.2 ulogd[1267]: [NEW] ORIG: SRC=192.168.1.180 DST=198.252.206.25 PROTO=TCP SPT=62662 DPT=443 PKTS=0 BYTES=0 , REPLY: SRC=198.252.206.25 DST=176.36.141.89 PROTO=TCP SPT=443 DPT=62662 PKTS=0 BYTES=0
Dec  7 03:47:15 10.0.0.2 ulogd[1267]: [DESTROY] ORIG: SRC=fd02:c8be:1d40:0:9daf:53e:8101:d796 DST=fd02:c8be:1d40::1 PROTO=UDP SPT=54682 DPT=53 PKTS=1 BYTES=74 , REPLY: SRC=fd02:c8be:1d40::1 DST=fd02:c8be:1d40:0:9daf:53e:8101:d796 PROTO=UDP SPT=53 DPT=54682 PKTS=1 BYTES=74
Dec  7 03:47:19 10.0.0.2 dnsmasq[1]: 1955647 fd02:c8be:1d40:0:9daf:53e:8101:d796/58434 query[A] v10.events.data.microsoft.com from fd02:c8be:1d40:0:9daf:53e:8101:d796
Dec  7 03:47:19 10.0.0.2 ulogd[1267]: [NEW] ORIG: SRC=fd02:c8be:1d40:0:9daf:53e:8101:d796 DST=fd02:c8be:1d40::1 PROTO=UDP SPT=51190 DPT=53 PKTS=0 BYTES=0 , REPLY: SRC=fd02:c8be:1d40::1 DST=fd02:c8be:1d40:0:9daf:53e:8101:d796 PROTO=UDP SPT=53 DPT=51190 PKTS=0 BYTES=0
Dec  7 03:47:19 10.0.0.2 ulogd[1267]: [NEW] ORIG: SRC=176.36.141.89 DST=194.50.85.5 PROTO=UDP SPT=35423 DPT=53 PKTS=0 BYTES=0 , REPLY: SRC=194.50.85.5 DST=176.36.141.89 PROTO=UDP SPT=53 DPT=35423 PKTS=0 BYTES=0
Dec  7 03:47:19 10.0.0.2 dnsmasq[1]: 1955647 fd02:c8be:1d40:0:9daf:53e:8101:d796/58434 forwarded v10.events.data.microsoft.com to 194.50.85.5
Dec  7 03:47:19 10.0.0.2 dnsmasq[1]: 1955647 fd02:c8be:1d40:0:9daf:53e:8101:d796/58434 reply v10.events.data.microsoft.com is <CNAME>
Dec  7 03:47:19 10.0.0.2 dnsmasq[1]: 1955647 fd02:c8be:1d40:0:9daf:53e:8101:d796/58434 reply win-global-asimov-leafs-events-data.trafficmanager.net is <CNAME>
Dec  7 03:47:19 10.0.0.2 dnsmasq[1]: 1955647 fd02:c8be:1d40:0:9daf:53e:8101:d796/58434 reply onedscolprdweu07.westeurope.cloudapp.azure.com is 20.50.201.201
Dec  7 03:47:19 10.0.0.2 dnsmasq[1]: 1955648 fd02:c8be:1d40:0:9daf:53e:8101:d796/51190 query[AAAA] v10.events.data.microsoft.com from fd02:c8be:1d40:0:9daf:53e:8101:d796
Dec  7 03:47:19 10.0.0.2 dnsmasq[1]: 1955648 fd02:c8be:1d40:0:9daf:53e:8101:d796/51190 cached v10.events.data.microsoft.com is <CNAME>
