Dec  7 03:47:19 10.0.0.2 dnsmasq[1]: 1955648 fd02:c8be:1d40:0:9daf:53e:8101:d796/51190 cached win-global-asimov-leafs-events-data.trafficmanager.net is <CNAME>
Dec  7 03:47:19 10.0.0.2 ulogd[1267]: [NEW] ORIG: SRC=176.36.141.89 DST=194.50.85.5 PROTO=UDP SPT=52519 DPT=53 PKTS=0 BYTES=0 , REPLY: SRC=194.50.85.5 DST=176.36.141.89 PROTO=UDP SPT=53 DPT=52519 PKTS=0 BYTES=0
Dec  7 03:47:19 10.0.0.2 dnsmasq[1]: 1955648 fd02:c8be:1d40:0:9daf:53e:8101:d796/51190 forwarded v10.events.data.microsoft.com to 194.50.85.5
Dec  7 03:47:19 10.0.0.2 ulogd[1267]: [NEW] ORIG: SRC=192.168.1.180 DST=192.168.1.1 PROTO=UDP SPT=51190 DPT=53 PKTS=0 BYTES=0 , REPLY: SRC=192.168.1.1 DST=192.168.1.180 PROTO=UDP SPT=53 DPT=51190 PKTS=0 BYTES=0
Dec  7 03:47:19 10.0.0.2 dnsmasq[1]: 1955649 192.168.1.180/51190 query[AAAA] v10.events.data.microsoft.com from 192.168.1.180
Dec  7 03:47:19 10.0.0.2 dnsmasq[1]: 1955649 192.168.1.180/51190 cached v10.events.data.microsoft.com is <CNAME>
Dec  7 03:47:19 10.0.0.2 dnsmasq[1]: 1955649 192.168.1.180/51190 cached win-global-asimov-leafs-events-data.trafficmanager.net is <CNAME>
Dec  7 03:47:19 10.0.0.2 dnsmasq[1]: 1955648 fd02:c8be:1d40:0:9daf:53e:8101:d796/51190 reply v10.events.data.microsoft.com is <CNAME>
Dec  7 03:47:19 10.0.0.2 dnsmasq[1]: 1955648 fd02:c8be:1d40:0:9daf:53e:8101:d796/51190 reply win-global-asimov-leafs-events-data.trafficmanager.net is <CNAME>
Dec  7 03:47:19 10.0.0.2 dnsmasq[1]: 1955648 fd02:c8be:1d40:0:9daf:53e:8101:d796/51190 reply onedscolprdwus01.westus.cloudapp.azure.com is NODATA-IPv6
Dec  7 03:47:19 10.0.0.2 dnsmasq[1]: 1955649 192.168.1.180/51190 reply query is duplicate
Dec  7 03:47:19 10.0.0.2 ulogd[1267]: [NEW] ORIG: SRC=192.168.1.180 DST=20.50.201.201 PROTO=TCP SPT=62663 DPT=443 PKTS=0 BYTES=0 , REPLY: SRC=20.50.201.201 DST=176.36.141.89 PROTO=TCP SPT=443 DPT=62663 PKTS=0 BYTES=0
Dec  7 03:47:21 10.0.0.2 ulogd[1267]: [DESTROY] ORIG: SRC=176.36.141.89 DST=194.50.85.5 PROTO=UDP SPT=54904 DPT=53 PKTS=2 BYTES=136 , REPLY: SRC=194.50.85.5 DST=176.36.141.89 PROTO=UDP SPT=53 DPT=54904 PKTS=1 BYTES=100
Dec  7 03:47:26 10.0.0.2 dnsmasq[1]: 1955650 fd02:c8be:1d40:0:9daf:53e:8101:d796/58434 query[A] event.shelljacket.us from fd02:c8be:1d40:0:9daf:53e:8101:d796
Dec  7 03:47:26 10.0.0.2 ulogd[1267]: [NEW] ORIG: SRC=176.36.141.89 DST=194.50.85.5 PROTO=UDP SPT=53193 DPT=53 PKTS=0 BYTES=0 , REPLY: SRC=194.50.85.5 DST=176.36.141.89 PROTO=UDP SPT=53 DPT=53193 PKTS=0 BYTES=0
Dec  7 03:47:26 10.0.0.2 dnsmasq[1]: 1955650 fd02:c8be:1d40:0:9daf:53e:8101:d796/58434 forwarded event.shelljacket.us to 194.50.85.5
Dec  7 03:47:26 10.0.0.2 dnsmasq[1]: 1955650 fd02:c8be:1d40:0:9daf:53e:8101:d796/58434 reply event.shelljacket.us is 46.101.131.214
Dec  7 03:47:26 10.0.0.2 dnsmasq[1]: 1955650 fd02:c8be:1d40:0:9daf:53e:8101:d796/58434 reply event.shelljacket.us is 159.89.100.215
Dec  7 03:47:26 10.0.0.2 dnsmasq[1]: 1955650 fd02:c8be:1d40:0:9daf:53e:8101:d796/58434 reply event.shelljacket.us is 138.68.92.190
Dec  7 03:47:26 10.0.0.2 dnsmasq[1]: 1955650 fd02:c8be:1d40:0:9daf:53e:8101:d796/58434 reply event.shelljacket.us is 138.68.101.1
Dec  7 03:47:26 10.0.0.2 dnsmasq[1]: 1955650 fd02:c8be:1d40:0:9daf:53e:8101:d796/58434 reply event.shelljacket.us is 46.101.131.99
Dec  7 03:47:26 10.0.0.2 dnsmasq[1]: 1955650 fd02:c8be:1d40:0:9daf:53e:8101:d796/58434 reply event.shelljacket.us is 138.68.77.102
Dec  7 03:47:26 10.0.0.2 dnsmasq[1]: 1955650 fd02:c8be:1d40:0:9daf:53e:8101:d796/58434 reply event.shelljacket.us is 159.89.27.102
Dec  7 03:47:26 10.0.0.2 ulogd[1267]: [NEW] ORIG: SRC=192.168.1.180 DST=46.101.131.214 PROTO=TCP SPT=62664 DPT=443 PKTS=0 BYTES=0 , REPLY: SRC=46.101.131.214 DST=176.36.141.89 PROTO=TCP SPT=443 DPT=62664 PKTS=0 BYTES=0
Dec  7 03:47:27 10.0.0.2 ulogd[1267]: [DESTROY] ORIG: SRC=176.36.141.89 DST=194.50.85.5 PROTO=UDP SPT=37700 DPT=53 PKTS=1 BYTES=74 , REPLY: SRC=194.50.85.5 DST=176.36.141.89 PROTO=UDP SPT=53 DPT=37700 PKTS=1 BYTES=90
Dec  7 03:47:27 10.0.0.2 ulogd[1267]: [DESTROY] ORIG: SRC=192.168.1.180 DST=192.168.1.1 PROTO=UDP SPT=59073 DPT=53 PKTS=1 BYTES=63 , REPLY: SRC=192.168.1.1 DST=192.168.1.180 PROTO=UDP SPT=53 DPT=59073 PKTS=1 BYTES=118
Dec  7 03:47:27 10.0.0.2 ulogd[1267]: [DESTROY] ORIG: SRC=fd02:c8be:1d40:0:9daf:53e:8101:d796 DST=fd02:c8be:1d40::1 PROTO=UDP SPT=56095 DPT=53 PKTS=1 BYTES=74 , REPLY: SRC=fd02:c8be:1d40::1 DST=fd02:c8be:1d40:0:9daf:53e:8101:d796 PROTO=UDP SPT=53 DPT=56095 PKTS=1 BYTES=74
Dec  7 03:47:27 10.0.0.2 ulogd[1267]: [DESTROY] ORIG: SRC=176.36.141.89 DST=194.50.85.5 PROTO=UDP SPT=50908 DPT=53 PKTS=1 BYTES=61 , REPLY: SRC=194.50.85.5 DST=176.36.141.89 PROTO=UDP SPT=53 DPT=50908 PKTS=1 BYTES=93
Dec  7 03:47:27 10.0.0.2 ulogd[1267]: [DESTROY] ORIG: SRC=176.36.141.89 DST=194.50.85.5 PROTO=UDP SPT=58505 DPT=53 PKTS=1 BYTES=69 , REPLY: SRC=194.50.85.5 DST=176.36.141.89 PROTO=UDP SPT=53 DPT=58505 PKTS=1 BYTES=167
Dec  7 03:47:27 10.0.0.2 ulogd[1267]: [DESTROY] ORIG: SRC=176.36.141.89 DST=194.50.85.7 PROTO=UDP SPT=38799 DPT=53 PKTS=1 BYTES=63 , REPLY: SRC=194.50.85.7 DST=176.36.141.89 PROTO=UDP SPT=53 DPT=38799 PKTS=1 BYTES=118
Dec  7 03:47:27 10.0.0.2 ulogd[1267]: [DESTROY] ORIG: SRC=192.168.1.180 DST=142.250.201.195 PROTO=UDP SPT=57580 DPT=443 PKTS=5 BYTES=1609 , REPLY: SRC=142.250.201.195 DST=176.36.141.89 PROTO=UDP SPT=443 DPT=57580 PKTS=5 BYTES=2504
Dec  7 03:47:27 10.0.0.2 ulogd[1267]: [DESTROY] ORIG: SRC=176.36.141.89 DST=194.50.85.5 PROTO=UDP SPT=35952 DPT=53 PKTS=1 BYTES=69 , REPLY: SRC=194.50.85.5 DST=176.36.141.89 PROTO=UDP SPT=53 DPT=35952 PKTS=1 BYTES=118
Dec  7 03:47:27 10.0.0.2 ulogd[1267]: [DESTROY] ORIG: SRC=176.36.141.89 DST=194.50.85.5 PROTO=UDP SPT=38578 DPT=53 PKTS=1 BYTES=66 , REPLY: SRC=194.50.85.5 DST=176.36.141.89 PROTO=UDP SPT=53 DPT=38578 PKTS=1 BYTES=82
Dec  7 03:47:27 10.0.0.2 ulogd[1267]: [DESTROY] ORIG: SRC=176.36.141.89 DST=194.50.85.7 PROTO=UDP SPT=52461 DPT=53 PKTS=1 BYTES=65 , REPLY: SRC=194.50.85.7 DST=176.36.141.89 PROTO=UDP SPT=53 DPT=52461 PKTS=1 BYTES=81
Dec  7 03:47:27 10.0.0.2 ulogd[1267]: [DESTROY] ORIG: SRC=192.168.1.1 DST=192.168.1.45 PROTO=UDP SPT=38578 DPT=5353 PKTS=1 BYTES=66 , REPLY: SRC=192.168.1.45 DST=192.168.1.1 PROTO=UDP SPT=5353 DPT=38578 PKTS=0 BYTES=0
Dec  7 03:47:27 10.0.0.2 ulogd[1267]: [DESTROY] ORIG: SRC=176.36.141.89 DST=194.50.85.5 PROTO=UDP SPT=43030 DPT=53 PKTS=1 BYTES=61 , REPLY: SRC=194.50.85.5 DST=176.36.141.89 PROTO=UDP SPT=53 DPT=43030 PKTS=1 BYTES=77
Dec  7 03:47:27 10.0.0.2 ulogd[1267]: [DESTROY] ORIG: SRC=176.36.141.89 DST=194.50.85.5 PROTO=UDP SPT=54958 DPT=53 PKTS=1 BYTES=59 , REPLY: SRC=194.50.85.5 DST=176.36.141.89 PROTO=UDP SPT=53 DPT=54958 PKTS=1 BYTES=91
Dec  7 03:47:27 10.0.0.2 ulogd[1267]: [DESTROY] ORIG: SRC=176.36.141.89 DST=194.50.85.5 PROTO=UDP SPT=38023 DPT=53 PKTS=1 BYTES=63 , REPLY: SRC=194.50.85.5 DST=176.36.141.89 PROTO=UDP SPT=53 DPT=38023 PKTS=1 BYTES=111
Dec  7 03:47:27 10.0.0.2 ulogd[1267]: [DESTROY] ORIG: SRC=176.36.141.89 DST=194.50.85.7 PROTO=UDP SPT=36670 DPT=53 PKTS=1 BYTES=63 , REPLY: SRC=194.50.85.7 DST=176.36.141.89 PROTO=UDP SPT=53 DPT=36670 PKTS=1 BYTES=168
Dec  7 03:47:27 10.0.0.2 ulogd[1267]: [DESTROY] ORIG: SRC=176.36.141.89 DST=194.50.85.5 PROTO=UDP SPT=46663 DPT=53 PKTS=2 BYTES=120 , REPLY: SRC=194.50.85.5 DST=176.36.141.89 PROTO=UDP SPT=53 DPT=46663 PKTS=0 BYTES=0
Dec  7 03:47:27 10.0.0.2 ulogd[1267]: [DESTROY] ORIG: SRC=192.168.1.180 DST=172.67.24.3 PROTO=UDP SPT=59059 DPT=443 PKTS=48 BYTES=26643 , REPLY: SRC=172.67.24.3 DST=176.36.141.89 PROTO=UDP SPT=443 DPT=59059 PKTS=49 BYTES=34878
Dec  7 03:47:27 10.0.0.2 ulogd[1267]: [DESTROY] ORIG: SRC=176.36.141.89 DST=194.50.85.5 PROTO=UDP SPT=58852 DPT=53 PKTS=1 BYTES=63 , REPLY: SRC=194.50.85.5 DST=176.36.141.89 PROTO=UDP SPT=53 DPT=58852 PKTS=1 BYTES=118
Dec  7 03:47:27 10.0.0.2 ulogd[1267]: [DESTROY] ORIG: SRC=176.36.141.89 DST=194.50.85.7 PROTO=UDP SPT=55921 DPT=53 PKTS=1 BYTES=69 , REPLY: SRC=194.50.85.7 DST=176.36.141.89 PROTO=UDP SPT=53 DPT=55921 PKTS=1 BYTES=167
Dec  7 03:47:27 10.0.0.2 ulogd[1267]: [DESTROY] ORIG: SRC=176.36.141.89 DST=194.50.85.7 PROTO=UDP SPT=38578 DPT=53 PKTS=1 BYTES=66 , REPLY: SRC=194.50.85.7 DST=176.36.141.89 PROTO=UDP SPT=53 DPT=38578 PKTS=1 BYTES=82
Dec  7 03:47:27 10.0.0.2 ulogd[1267]: [DESTROY] ORIG: SRC=fd02:c8be:1d40:0:9daf:53e:8101:d796 DST=fd02:c8be:1d40::1 PROTO=UDP SPT=57444 DPT=53 PKTS=1 BYTES=89 , REPLY: SRC=fd02:c8be:1d40::1 DST=fd02:c8be:1d40:0:9daf:53e:8101:d796 PROTO=UDP SPT=53 DPT=57444 PKTS=1 BYTES=138
Dec  7 03:47:27 10.0.0.2 ulogd[1267]: [DESTROY] ORIG: SRC=192.168.1.180 DST=142.251.208.138 PROTO=UDP SPT=57062 DPT=443 PKTS=5 BYTES=2876 , REPLY: SRC=142.251.208.138 DST=176.36.141.89 PROTO=UDP SPT=443 DPT=57062 PKTS=8 BYTES=6531
Dec  7 03:47:27 10.0.0.2 ulogd[1267]: [DESTROY] ORIG: SRC=192.168.1.1 DST=192.168.1.45 PROTO=UDP SPT=46663 DPT=5353 PKTS=1 BYTES=60 , REPLY: SRC=192.168.1.45 DST=192.168.1.1 PROTO=UDP SPT=5353 DPT=46663 PKTS=0 BYTES=0
Dec  7 03:47:27 10.0.0.2 ulogd[1267]: [DESTROY] ORIG: SRC=192.168.1.180 DST=217.72.199.27 PROTO=TCP SPT=62537 DPT=443 PKTS=51 BYTES=4801 , REPLY: SRC=217.72.199.27 DST=176.36.141.89 PROTO=TCP SPT=443 DPT=62537 PKTS=62 BYTES=20404
Dec  7 03:47:27 10.0.0.2 ulogd[1267]: [DESTROY] ORIG: SRC=192.168.1.180 DST=198.252.206.16 PROTO=TCP SPT=62650 DPT=443 PKTS=10 BYTES=1787 , REPLY: SRC=198.252.206.16 DST=176.36.141.89 PROTO=TCP SPT=443 DPT=62650 PKTS=7 BYTES=6599
Dec  7 03:47:27 10.0.0.2 ulogd[1267]: [DESTROY] ORIG: SRC=192.168.1.180 DST=192.168.1.1 PROTO=UDP SPT=53799 DPT=53 PKTS=1 BYTES=66 , REPLY: SRC=192.168.1.1 DST=192.168.1.180 PROTO=UDP SPT=53 DPT=53799 PKTS=1 BYTES=82
Dec  7 03:47:27 10.0.0.2 ulogd[1267]: [DESTROY] ORIG: SRC=192.168.1.1 DST=192.168.1.45 PROTO=UDP SPT=38023 DPT=5353 PKTS=1 BYTES=63 , REPLY: SRC=192.168.1.45 DST=192.168.1.1 PROTO=UDP SPT=5353 DPT=38023 PKTS=0 BYTES=0
Dec  7 03:47:27 10.0.0.2 ulogd[1267]: [DESTROY] ORIG: SRC=fd02:c8be:1d40:0:9daf:53e:8101:d796 DST=fd02:c8be:1d40::1 PROTO=UDP SPT=56292 DPT=53 PKTS=7 BYTES=597 , REPLY: SRC=fd02:c8be:1d40::1 DST=fd02:c8be:1d40:0:9daf:53e:8101:d796 PROTO=UDP SPT=53 DPT=56292 PKTS=7 BYTES=1090
Dec  7 03:47:27 10.0.0.2 ulogd[1267]: [DESTROY] ORIG: SRC=fd02:c8be:1d40:0:9daf:53e:8101:d796 DST=fd02:c8be:1d40::1 PROTO=UDP SPT=50757 DPT=53 PKTS=2 BYTES=160 , REPLY: SRC=fd02:c8be:1d40::1 DST=fd02:c8be:1d40:0:9daf:53e:8101:d796 PROTO=UDP SPT=53 DPT=50757 PKTS=1 BYTES=96
Dec  7 03:47:27 10.0.0.2 ulogd[1267]: [DESTROY] ORIG: SRC=192.168.1.1 DST=192.168.1.45 PROTO=UDP SPT=35952 DPT=5353 PKTS=1 BYTES=69 , REPLY: SRC=192.168.1.45 DST=192.168.1.1 PROTO=UDP SPT=5353 DPT=35952 PKTS=0 BYTES=0
Dec  7 03:47:27 10.0.0.2 ulogd[1267]: [DESTROY] ORIG: SRC=176.36.141.89 DST=194.50.85.7 PROTO=UDP SPT=38023 DPT=53 PKTS=1 BYTES=63 , REPLY: SRC=194.50.85.7 DST=176.36.141.89 PROTO=UDP SPT=53 DPT=38023 PKTS=1 BYTES=111
Dec  7 03:47:27 10.0.0.2 ulogd[1267]: [DESTROY] ORIG: SRC=192.168.1.180 DST=192.168.1.1 PROTO=UDP SPT=52665 DPT=53 PKTS=1 BYTES=68 , REPLY: SRC=192.168.1.1 DST=192.168.1.180 PROTO=UDP SPT=53 DPT=52665 PKTS=1 BYTES=100
Dec  7 03:47:27 10.0.0.2 ulogd[1267]: [DESTROY] ORIG: SRC=176.36.141.89 DST=194.50.85.7 PROTO=UDP SPT=54904 DPT=53 PKTS=1 BYTES=68 , REPLY: SRC=194.50.85.7 DST=176.36.141.89 PROTO=UDP SPT=53 DPT=54904 PKTS=1 BYTES=100
Dec  7 03:47:27 10.0.0.2 ulogd[1267]: [DESTROY] ORIG: SRC=192.168.1.180 DST=35.186.224.18 PROTO=TCP SPT=62557 DPT=443 PKTS=22 BYTES=1553 , REPLY: SRC=35.186.224.18 DST=176.36.141.89 PROTO=TCP SPT=443 DPT=62557 PKTS=22 BYTES=5174
Dec  7 03:47:27 10.0.0.2 ulogd[1267]: [DESTROY] ORIG: SRC=192.168.1.180 DST=95.100.111.11 PROTO=TCP SPT=62658 DPT=443 PKTS=24 BYTES=3182 , REPLY: SRC=95.100.111.11 DST=176.36.141.89 PROTO=TCP SPT=443 DPT=62658 PKTS=28 BYTES=25629
Dec  7 03:47:27 10.0.0.2 ulogd[1267]: [DESTROY] ORIG: SRC=176.36.141.89 DST=194.50.85.7 PROTO=UDP SPT=56965 DPT=53 PKTS=1 BYTES=74 , REPLY: SRC=194.50.85.7 DST=176.36.141.89 PROTO=UDP SPT=53 DPT=56965 PKTS=1 BYTES=125
Dec  7 03:47:27 10.0.0.2 ulogd[1267]: [DESTROY] ORIG: SRC=192.168.1.180 DST=192.168.1.1 PROTO=UDP SPT=50757 DPT=53 PKTS=1 BYTES=60 , REPLY: SRC=192.168.1.1 DST=192.168.1.180 PROTO=UDP SPT=53 DPT=50757 PKTS=1 BYTES=76
Dec  7 03:47:27 10.0.0.2 ulogd[1267]: [DESTROY] ORIG: SRC=192.168.1.180 DST=142.250.201.195 PROTO=UDP SPT=60732 DPT=443 PKTS=5 BYTES=1608 , REPLY: SRC=142.250.201.195 DST=176.36.141.89 PROTO=UDP SPT=443 DPT=60732 PKTS=5 BYTES=2504
Dec  7 03:47:27 10.0.0.2 ulogd[1267]: [DESTROY] ORIG: SRC=fd02:c8be:1d40:0:9daf:53e:8101:d796 DST=fd02:c8be:1d40::1 PROTO=UDP SPT=57699 DPT=53 PKTS=1 BYTES=89 , REPLY: SRC=fd02:c8be:1d40::1 DST=fd02:c8be:1d40:0:9daf:53e:8101:d796 PROTO=UDP SPT=53 DPT=57699 PKTS=1 BYTES=187
Dec  7 03:47:27 10.0.0.2 ulogd[1267]: [DESTROY] ORIG: SRC=192.168.1.180 DST=142.251.39.3 PROTO=UDP SPT=61939 DPT=443 PKTS=5 BYTES=1608 , REPLY: SRC=142.251.39.3 DST=176.36.141.89 PROTO=UDP SPT=443 DPT=61939 PKTS=5 BYTES=2500
Dec  7 03:47:27 10.0.0.2 ulogd[1267]: [DESTROY] ORIG: SRC=176.36.141.89 DST=194.50.85.7 PROTO=UDP SPT=37696 DPT=53 PKTS=1 BYTES=69 , REPLY: SRC=194.50.85.7 DST=176.36.141.89 PROTO=UDP SPT=53 DPT=37696 PKTS=1 BYTES=118
Dec  7 03:47:27 10.0.0.2 ulogd[1267]: [DESTROY] ORIG: SRC=176.36.141.89 DST=194.50.85.7 PROTO=UDP SPT=58296 DPT=53 PKTS=1 BYTES=69 , REPLY: SRC=194.50.85.7 DST=176.36.141.89 PROTO=UDP SPT=53 DPT=58296 PKTS=1 BYTES=117
Dec  7 03:47:27 10.0.0.2 ulogd[1267]: [DESTROY] ORIG: SRC=176.36.141.89 DST=194.50.85.7 PROTO=UDP SPT=49692 DPT=53 PKTS=1 BYTES=64 , REPLY: SRC=194.50.85.7 DST=176.36.141.89 PROTO=UDP SPT=53 DPT=49692 PKTS=1 BYTES=104
Dec  7 03:47:27 10.0.0.2 ulogd[1267]: [DESTROY] ORIG: SRC=192.168.1.180 DST=52.11.245.77 PROTO=TCP SPT=62641 DPT=443 PKTS=10 BYTES=3752 , REPLY: SRC=52.11.245.77 DST=176.36.141.89 PROTO=TCP SPT=443 DPT=62641 PKTS=7 BYTES=617
Dec  7 03:47:27 10.0.0.2 ulogd[1267]: [DESTROY] ORIG: SRC=fd02:c8be:1d40:0:9daf:53e:8101:d796 DST=fd02:c8be:1d40::1 PROTO=UDP SPT=59073 DPT=53 PKTS=2 BYTES=168 , REPLY: SRC=fd02:c8be:1d40::1 DST=fd02:c8be:1d40:0:9daf:53e:8101:d796 PROTO=UDP SPT=53 DPT=59073 PKTS=2 BYTES=239
Dec  7 03:47:27 10.0.0.2 ulogd[1267]: [DESTROY] ORIG: SRC=192.168.1.180 DST=35.186.224.25 PROTO=UDP SPT=51793 DPT=443 PKTS=8 BYTES=4439 , REPLY: SRC=35.186.224.25 DST=176.36.141.89 PROTO=UDP SPT=443 DPT=51793 PKTS=8 BYTES=2382
Dec  7 03:47:27 10.0.0.2 ulogd[1267]: [DESTROY] ORIG: SRC=176.36.141.89 DST=194.50.85.5 PROTO=UDP SPT=40718 DPT=53 PKTS=1 BYTES=63 , REPLY: SRC=194.50.85.5 DST=176.36.141.89 PROTO=UDP SPT=53 DPT=40718 PKTS=1 BYTES=79
Dec  7 03:47:27 10.0.0.2 ulogd[1267]: [DESTROY] ORIG: SRC=176.36.141.89 DST=194.50.85.7 PROTO=UDP SPT=48638 DPT=53 PKTS=1 BYTES=67 , REPLY: SRC=194.50.85.7 DST=176.36.141.89 PROTO=UDP SPT=53 DPT=48638 PKTS=1 BYTES=99
Dec  7 03:47:27 10.0.0.2 ulogd[1267]: [DESTROY] ORIG: SRC=fd02:c8be:1d40:0:9daf:53e:8101:d796 DST=fd02:c8be:1d40::1 PROTO=UDP SPT=58876 DPT=53 PKTS=1 BYTES=89 , REPLY: SRC=fd02:c8be:1d40::1 DST=fd02:c8be:1d40:0:9daf:53e:8101:d796 PROTO=UDP SPT=53 DPT=58876 PKTS=1 BYTES=187
Dec  7 03:47:27 10.0.0.2 ulogd[1267]: [DESTROY] ORIG: SRC=176.36.141.89 DST=194.50.85.5 PROTO=UDP SPT=45299 DPT=53 PKTS=1 BYTES=68 , REPLY: SRC=194.50.85.5 DST=176.36.141.89 PROTO=UDP SPT=53 DPT=45299 PKTS=1 BYTES=175
Dec  7 03:47:27 10.0.0.2 ulogd[1267]: [DESTROY] ORIG: SRC=192.168.1.180 DST=52.11.245.77 PROTO=TCP SPT=62642 DPT=443 PKTS=17 BYTES=10048 , REPLY: SRC=52.11.245.77 DST=176.36.141.89 PROTO=TCP SPT=443 DPT=62642 PKTS=12 BYTES=1115
Dec  7 03:47:27 10.0.0.2 ulogd[1267]: [DESTROY] ORIG: SRC=192.168.1.1 DST=192.168.1.45 PROTO=UDP SPT=54904 DPT=5353 PKTS=1 BYTES=68 , REPLY: SRC=192.168.1.45 DST=192.168.1.1 PROTO=UDP SPT=5353 DPT=54904 PKTS=0 BYTES=0
Dec  7 03:47:27 10.0.0.2 ulogd[1267]: [DESTROY] ORIG: SRC=192.168.1.180 DST=52.5.83.231 PROTO=TCP SPT=62621 DPT=443 PKTS=18 BYTES=9784 , REPLY: SRC=52.5.83.231 DST=176.36.141.89 PROTO=TCP SPT=443 DPT=62621 PKTS=13 BYTES=1006
Dec  7 03:47:27 10.0.0.2 ulogd[1267]: [DESTROY] ORIG: SRC=192.168.1.180 DST=198.252.206.25 PROTO=TCP SPT=62645 DPT=443 PKTS=10 BYTES=1765 , REPLY: SRC=198.252.206.25 DST=176.36.141.89 PROTO=TCP SPT=443 DPT=62645 PKTS=8 BYTES=734
Dec  7 03:47:27 10.0.0.2 ulogd[1267]: [DESTROY] ORIG: SRC=fd02:c8be:1d40:0:9daf:53e:8101:d796 DST=fd02:c8be:1d40::1 PROTO=UDP SPT=51263 DPT=53 PKTS=1 BYTES=94 , REPLY: SRC=fd02:c8be:1d40::1 DST=fd02:c8be:1d40:0:9daf:53e:8101:d796 PROTO=UDP SPT=53 DPT=51263 PKTS=1 BYTES=110
Dec  7 03:47:27 10.0.0.2 ulogd[1267]: [DESTROY] ORIG: SRC=192.168.1.180 DST=192.168.1.1 PROTO=UDP SPT=51263 DPT=53 PKTS=1 BYTES=74 , REPLY: SRC=192.168.1.1 DST=192.168.1.180 PROTO=UDP SPT=53 DPT=51263 PKTS=1 BYTES=90
Dec  7 03:47:27 10.0.0.2 ulogd[1267]: [DESTROY] ORIG: SRC=192.168.1.180 DST=104.18.37.100 PROTO=TCP SPT=62598 DPT=443 PKTS=6 BYTES=1120 , REPLY: SRC=104.18.37.100 DST=176.36.141.89 PROTO=TCP SPT=443 DPT=62598 PKTS=5 BYTES=1011
Dec  7 03:47:27 10.0.0.2 ulogd[1267]: [DESTROY] ORIG: SRC=176.36.141.89 DST=194.50.85.5 PROTO=UDP SPT=38328 DPT=53 PKTS=1 BYTES=67 , REPLY: SRC=194.50.85.5 DST=176.36.141.89 PROTO=UDP SPT=53 DPT=38328 PKTS=1 BYTES=99
Dec  7 03:47:27 10.0.0.2 ulogd[1267]: [DESTROY] ORIG: SRC=192.168.1.180 DST=192.168.1.1 PROTO=UDP SPT=56265 DPT=53 PKTS=1 BYTES=63 , REPLY: SRC=192.168.1.1 DST=192.168.1.180 PROTO=UDP SPT=53 DPT=56265 PKTS=1 BYTES=118
Dec  7 03:47:27 10.0.0.2 ulogd[1267]: [DESTROY] ORIG: SRC=192.168.1.180 DST=192.168.1.1 PROTO=UDP SPT=50224 DPT=53 PKTS=1 BYTES=63 , REPLY: SRC=192.168.1.1 DST=192.168.1.180 PROTO=UDP SPT=53 DPT=50224 PKTS=1 BYTES=118
Dec  7 03:47:27 10.0.0.2 ulogd[1267]: [DESTROY] ORIG: SRC=176.36.141.89 DST=194.50.85.5 PROTO=UDP SPT=33000 DPT=53 PKTS=1 BYTES=63 , REPLY: SRC=194.50.85.5 DST=176.36.141.89 PROTO=UDP SPT=53 DPT=33000 PKTS=1 BYTES=118
Dec  7 03:47:27 10.0.0.2 ulogd[1267]: [DESTROY] ORIG: SRC=192.168.1.180 DST=192.168.1.1 PROTO=UDP SPT=65528 DPT=53 PKTS=1 BYTES=59 , REPLY: SRC=192.168.1.1 DST=192.168.1.180 PROTO=UDP SPT=53 DPT=65528 PKTS=1 BYTES=91
Dec  7 03:47:27 10.0.0.2 ulogd[1267]: [DESTROY] ORIG: SRC=176.36.141.89 DST=194.50.85.7 PROTO=UDP SPT=56980 DPT=53 PKTS=1 BYTES=66 , REPLY: SRC=194.50.85.7 DST=176.36.141.89 PROTO=UDP SPT=53 DPT=56980 PKTS=1 BYTES=178
Dec  7 03:47:27 10.0.0.2 ulogd[1267]: [DESTROY] ORIG: SRC=fd02:c8be:1d40:0:9daf:53e:8101:d796 DST=fd02:c8be:1d40::1 PROTO=UDP SPT=53043 DPT=53 PKTS=2 BYTES=172 , REPLY: SRC=fd02:c8be:1d40::1 DST=fd02:c8be:1d40:0:9daf:53e:8101:d796 PROTO=UDP SPT=53 DPT=53043 PKTS=2 BYTES=268
Dec  7 03:47:27 10.0.0.2 ulogd[1267]: [DESTROY] ORIG: SRC=fd02:c8be:1d40:0:9daf:53e:8101:d796 DST=fd02:c8be:1d40::1 PROTO=UDP SPT=63902 DPT=53 PKTS=1 BYTES=89 , REPLY: SRC=fd02:c8be:1d40::1 DST=fd02:c8be:1d40:0:9daf:53e:8101:d796 PROTO=UDP SPT=53 DPT=63902 PKTS=1 BYTES=138
Dec  7 03:47:27 10.0.0.2 ulogd[1267]: [DESTROY] ORIG: SRC=176.36.141.89 DST=194.50.85.5 PROTO=UDP SPT=56980 DPT=53 PKTS=1 BYTES=66 , REPLY: SRC=194.50.85.5 DST=176.36.141.89 PROTO=UDP SPT=53 DPT=56980 PKTS=1 BYTES=178
Dec  7 03:47:30 10.0.0.2 ulogd[1267]: [NEW] ORIG: SRC=192.168.1.180 DST=142.250.201.195 PROTO=UDP SPT=57227 DPT=443 PKTS=0 BYTES=0 , REPLY: SRC=142.250.201.195 DST=176.36.141.89 PROTO=UDP SPT=443 DPT=57227 PKTS=0 BYTES=0
Dec  7 03:47:30 10.0.0.2 ulogd[1267]: [NEW] ORIG: SRC=192.168.1.180 DST=142.251.39.3 PROTO=UDP SPT=57741 DPT=443 PKTS=0 BYTES=0 , REPLY: SRC=142.251.39.3 DST=176.36.141.89 PROTO=UDP SPT=443 DPT=57741 PKTS=0 BYTES=0
Dec  7 03:47:31 10.0.0.2 ulogd[1267]: [NEW] ORIG: SRC=192.168.1.180 DST=52.5.83.231 PROTO=TCP SPT=62665 DPT=443 PKTS=0 BYTES=0 , REPLY: SRC=52.5.83.231 DST=176.36.141.89 PROTO=TCP SPT=443 DPT=62665 PKTS=0 BYTES=0
Dec  7 03:47:40 10.0.0.2 dnsmasq[1]: 1955651 fd02:c8be:1d40:0:9daf:53e:8101:d796/58434 query[A] sync-v2.brave.com from fd02:c8be:1d40:0:9daf:53e:8101:d796
Dec  7 03:47:40 10.0.0.2 dnsmasq[1]: 1955651 fd02:c8be:1d40:0:9daf:53e:8101:d796/58434 cached sync-v2.brave.com is <CNAME>
Dec  7 03:47:40 10.0.0.2 ulogd[1267]: [NEW] ORIG: SRC=192.168.1.1 DST=192.168.1.45 PROTO=UDP SPT=36430 DPT=5353 PKTS=0 BYTES=0 , REPLY: SRC=192.168.1.45 DST=192.168.1.1 PROTO=UDP SPT=5353 DPT=36430 PKTS=0 BYTES=0
Dec  7 03:47:40 10.0.0.2 dnsmasq[1]: 1955651 fd02:c8be:1d40:0:9daf:53e:8101:d796/58434 forwarded sync-v2.brave.com to 192.168.1.45
Dec  7 03:47:40 10.0.0.2 ulogd[1267]: [NEW] ORIG: SRC=176.36.141.89 DST=194.50.85.5 PROTO=UDP SPT=36430 DPT=53 PKTS=0 BYTES=0 , REPLY: SRC=194.50.85.5 DST=176.36.141.89 PROTO=UDP SPT=53 DPT=36430 PKTS=0 BYTES=0
Dec  7 03:47:40 10.0.0.2 dnsmasq[1]: 1955651 fd02:c8be:1d40:0:9daf:53e:8101:d796/58434 forwarded sync-v2.brave.com to 194.50.85.5
Dec  7 03:47:40 10.0.0.2 dnsmasq[1]: 1955651 fd02:c8be:1d40:0:9daf:53e:8101:d796/58434 forwarded sync-v2.brave.com to 194.50.85.7
Dec  7 03:47:40 10.0.0.2 ulogd[1267]: [NEW] ORIG: SRC=176.36.141.89 DST=194.50.85.7 PROTO=UDP SPT=36430 DPT=53 PKTS=0 BYTES=0 , REPLY: SRC=194.50.85.7 DST=176.36.141.89 PROTO=UDP SPT=53 DPT=36430 PKTS=0 BYTES=0
Dec  7 03:47:40 10.0.0.2 dnsmasq[1]: 1955651 fd02:c8be:1d40:0:9daf:53e:8101:d796/58434 reply sync-v2.brave.com is <CNAME>
Dec  7 03:47:40 10.0.0.2 dnsmasq[1]: 1955651 fd02:c8be:1d40:0:9daf:53e:8101:d796/58434 reply sync-alb-152764135.us-west-2.elb.amazonaws.com is 35.85.131.92
Dec  7 03:47:40 10.0.0.2 dnsmasq[1]: 1955651 fd02:c8be:1d40:0:9daf:53e:8101:d796/58434 reply sync-alb-152764135.us-west-2.elb.amazonaws.com is 44.230.54.232
Dec  7 03:47:40 10.0.0.2 dnsmasq[1]: 1955651 fd02:c8be:1d40:0:9daf:53e:8101:d796/58434 reply sync-alb-152764135.us-west-2.elb.amazonaws.com is 34.223.239.225
Dec  7 03:47:50 10.0.0.2 ulogd[1267]: [NEW] ORIG: SRC=192.168.1.180 DST=52.5.83.231 PROTO=TCP SPT=62666 DPT=443 PKTS=0 BYTES=0 , REPLY: SRC=52.5.83.231 DST=176.36.141.89 PROTO=TCP SPT=443 DPT=62666 PKTS=0 BYTES=0
Dec  7 03:47:51 10.0.0.2 ulogd[1267]: [NEW] ORIG: SRC=192.168.1.45 DST=192.168.1.1 PROTO=UDP SPT=33823 DPT=53 PKTS=0 BYTES=0 , REPLY: SRC=192.168.1.1 DST=192.168.1.45 PROTO=UDP SPT=53 DPT=33823 PKTS=0 BYTES=0
Dec  7 03:47:51 10.0.0.2 dnsmasq[1]: 1955652 192.168.1.45/33823 query[AAAA] secure.gravatar.com from 192.168.1.45
Dec  7 03:47:51 10.0.0.2 ulogd[1267]: [NEW] ORIG: SRC=192.168.1.45 DST=192.168.1.1 PROTO=UDP SPT=52134 DPT=53 PKTS=0 BYTES=0 , REPLY: SRC=192.168.1.1 DST=192.168.1.45 PROTO=UDP SPT=53 DPT=52134 PKTS=0 BYTES=0
Dec  7 03:47:51 10.0.0.2 dnsmasq[1]: 1955652 192.168.1.45/33823 forwarded secure.gravatar.com to 194.50.85.5
Dec  7 03:47:51 10.0.0.2 ulogd[1267]: [NEW] ORIG: SRC=176.36.141.89 DST=194.50.85.5 PROTO=UDP SPT=53078 DPT=53 PKTS=0 BYTES=0 , REPLY: SRC=194.50.85.5 DST=176.36.141.89 PROTO=UDP SPT=53 DPT=53078 PKTS=0 BYTES=0
Dec  7 03:47:51 10.0.0.2 dnsmasq[1]: 1955653 192.168.1.45/52134 query[A] secure.gravatar.com from 192.168.1.45
Dec  7 03:47:51 10.0.0.2 ulogd[1267]: [NEW] ORIG: SRC=176.36.141.89 DST=194.50.85.5 PROTO=UDP SPT=52316 DPT=53 PKTS=0 BYTES=0 , REPLY: SRC=194.50.85.5 DST=176.36.141.89 PROTO=UDP SPT=53 DPT=52316 PKTS=0 BYTES=0
Dec  7 03:47:51 10.0.0.2 dnsmasq[1]: 1955653 192.168.1.45/52134 forwarded secure.gravatar.com to 194.50.85.5
Dec  7 03:47:51 10.0.0.2 dnsmasq[1]: 1955653 192.168.1.45/52134 reply secure.gravatar.com is 192.0.73.2
Dec  7 03:47:51 10.0.0.2 dnsmasq[1]: 1955652 192.168.1.45/33823 reply secure.gravatar.com is 2a04:fa87:fffe::c000:4902
Dec  7 03:47:51 10.0.0.2 ulogd[1267]: [NEW] ORIG: SRC=192.168.1.45 DST=192.0.73.2 PROTO=TCP SPT=46090 DPT=443 PKTS=0 BYTES=0 , REPLY: SRC=192.0.73.2 DST=176.36.141.89 PROTO=TCP SPT=443 DPT=46090 PKTS=0 BYTES=0
Dec  7 03:47:54 10.0.0.2 ulogd[1267]: [NEW] ORIG: SRC=fd02:c8be:1d40:0:9daf:53e:8101:d796 DST=fd02:c8be:1d40::1 PROTO=UDP SPT=55348 DPT=53 PKTS=0 BYTES=0 , REPLY: SRC=fd02:c8be:1d40::1 DST=fd02:c8be:1d40:0:9daf:53e:8101:d796 PROTO=UDP SPT=53 DPT=55348 PKTS=0 BYTES=0
Dec  7 03:47:54 10.0.0.2 ulogd[1267]: [NEW] ORIG: SRC=fd02:c8be:1d40:0:9daf:53e:8101:d796 DST=fd02:c8be:1d40::1 PROTO=UDP SPT=54551 DPT=53 PKTS=0 BYTES=0 , REPLY: SRC=fd02:c8be:1d40::1 DST=fd02:c8be:1d40:0:9daf:53e:8101:d796 PROTO=UDP SPT=53 DPT=54551 PKTS=0 BYTES=0
Dec  7 03:47:54 10.0.0.2 dnsmasq[1]: 1955654 fd02:c8be:1d40:0:9daf:53e:8101:d796/55348 query[A] spclient.wg.spotify.com from fd02:c8be:1d40:0:9daf:53e:8101:d796
Dec  7 03:47:54 10.0.0.2 dnsmasq[1]: 1955654 fd02:c8be:1d40:0:9daf:53e:8101:d796/55348 cached spclient.wg.spotify.com is <CNAME>
Dec  7 03:47:54 10.0.0.2 ulogd[1267]: [NEW] ORIG: SRC=176.36.141.89 DST=194.50.85.5 PROTO=UDP SPT=55344 DPT=53 PKTS=0 BYTES=0 , REPLY: SRC=194.50.85.5 DST=176.36.141.89 PROTO=UDP SPT=53 DPT=55344 PKTS=0 BYTES=0
Dec  7 03:47:54 10.0.0.2 dnsmasq[1]: 1955654 fd02:c8be:1d40:0:9daf:53e:8101:d796/55348 forwarded spclient.wg.spotify.com to 194.50.85.5
Dec  7 03:47:54 10.0.0.2 dnsmasq[1]: 1955654 fd02:c8be:1d40:0:9daf:53e:8101:d796/55348 reply spclient.wg.spotify.com is <CNAME>
Dec  7 03:47:54 10.0.0.2 dnsmasq[1]: 1955654 fd02:c8be:1d40:0:9daf:53e:8101:d796/55348 reply edge-web.dual-gslb.spotify.com is 35.186.224.25
Dec  7 03:47:54 10.0.0.2 dnsmasq[1]: 1955655 fd02:c8be:1d40:0:9daf:53e:8101:d796/54551 query[type=65] spclient.wg.spotify.com from fd02:c8be:1d40:0:9daf:53e:8101:d796
Dec  7 03:47:54 10.0.0.2 dnsmasq[1]: 1955655 fd02:c8be:1d40:0:9daf:53e:8101:d796/54551 cached spclient.wg.spotify.com is <CNAME>
Dec  7 03:47:54 10.0.0.2 ulogd[1267]: [NEW] ORIG: SRC=176.36.141.89 DST=194.50.85.5 PROTO=UDP SPT=32838 DPT=53 PKTS=0 BYTES=0 , REPLY: SRC=194.50.85.5 DST=176.36.141.89 PROTO=UDP SPT=53 DPT=32838 PKTS=0 BYTES=0
Dec  7 03:47:54 10.0.0.2 dnsmasq[1]: 1955655 fd02:c8be:1d40:0:9daf:53e:8101:d796/54551 forwarded spclient.wg.spotify.com to 194.50.85.5
Dec  7 03:47:54 10.0.0.2 dnsmasq[1]: 1955655 fd02:c8be:1d40:0:9daf:53e:8101:d796/54551 reply spclient.wg.spotify.com is <CNAME>
Dec  7 03:47:54 10.0.0.2 dnsmasq[1]: 1955655 fd02:c8be:1d40:0:9daf:53e:8101:d796/54551 reply edge-web.dual-gslb.spotify.com is NODATA
Dec  7 03:47:54 10.0.0.2 ulogd[1267]: [NEW] ORIG: SRC=192.168.1.180 DST=35.186.224.25 PROTO=UDP SPT=62856 DPT=443 PKTS=0 BYTES=0 , REPLY: SRC=35.186.224.25 DST=176.36.141.89 PROTO=UDP SPT=443 DPT=62856 PKTS=0 BYTES=0
Dec  7 03:47:56 10.0.0.2 ulogd[1267]: [NEW] ORIG: SRC=192.168.1.45 DST=91.236.251.129 PROTO=UDP SPT=32983 DPT=123 PKTS=0 BYTES=0 , REPLY: SRC=91.236.251.129 DST=176.36.141.89 PROTO=UDP SPT=123 DPT=32983 PKTS=0 BYTES=0
Dec  7 03:48:08 10.0.0.2 ulogd[1267]: [NEW] ORIG: SRC=fd02:c8be:1d40:0:9daf:53e:8101:d796 DST=fd02:c8be:1d40::1 PROTO=UDP SPT=58966 DPT=53 PKTS=0 BYTES=0 , REPLY: SRC=fd02:c8be:1d40::1 DST=fd02:c8be:1d40:0:9daf:53e:8101:d796 PROTO=UDP SPT=53 DPT=58966 PKTS=0 BYTES=0
Dec  7 03:48:08 10.0.0.2 ulogd[1267]: [NEW] ORIG: SRC=fd02:c8be:1d40:0:9daf:53e:8101:d796 DST=fd02:c8be:1d40::1 PROTO=UDP SPT=56384 DPT=53 PKTS=0 BYTES=0 , REPLY: SRC=fd02:c8be:1d40::1 DST=fd02:c8be:1d40:0:9daf:53e:8101:d796 PROTO=UDP SPT=53 DPT=56384 PKTS=0 BYTES=0
Dec  7 03:48:08 10.0.0.2 dnsmasq[1]: 1955656 fd02:c8be:1d40:0:9daf:53e:8101:d796/58966 query[A] gew1-spclient.spotify.com from fd02:c8be:1d40:0:9daf:53e:8101:d796
Dec  7 03:48:08 10.0.0.2 dnsmasq[1]: 1955656 fd02:c8be:1d40:0:9daf:53e:8101:d796/58966 forwarded gew1-spclient.spotify.com to 192.168.1.45
Dec  7 03:48:08 10.0.0.2 dnsmasq[1]: 1955656 fd02:c8be:1d40:0:9daf:53e:8101:d796/58966 forwarded gew1-spclient.spotify.com to 194.50.85.5
Dec  7 03:48:08 10.0.0.2 dnsmasq[1]: 1955656 fd02:c8be:1d40:0:9daf:53e:8101:d796/58966 forwarded gew1-spclient.spotify.com to 194.50.85.7
Dec  7 03:48:08 10.0.0.2 dnsmasq[1]: 1955656 fd02:c8be:1d40:0:9daf:53e:8101:d796/58966 reply gew1-spclient.spotify.com is <CNAME>
Dec  7 03:48:08 10.0.0.2 ulogd[1267]: [NEW] ORIG: SRC=192.168.1.1 DST=192.168.1.45 PROTO=UDP SPT=32987 DPT=5353 PKTS=0 BYTES=0 , REPLY: SRC=192.168.1.45 DST=192.168.1.1 PROTO=UDP SPT=5353 DPT=32987 PKTS=0 BYTES=0
Dec  7 03:48:08 10.0.0.2 dnsmasq[1]: 1955656 fd02:c8be:1d40:0:9daf:53e:8101:d796/58966 reply edge-web-gew1.dual-gslb.spotify.com is 35.186.224.18
Dec  7 03:48:08 10.0.0.2 ulogd[1267]: [NEW] ORIG: SRC=176.36.141.89 DST=194.50.85.5 PROTO=UDP SPT=32987 DPT=53 PKTS=0 BYTES=0 , REPLY: SRC=194.50.85.5 DST=176.36.141.89 PROTO=UDP SPT=53 DPT=32987 PKTS=0 BYTES=0
Dec  7 03:48:08 10.0.0.2 dnsmasq[1]: 1955657 fd02:c8be:1d40:0:9daf:53e:8101:d796/56384 query[type=65] gew1-spclient.spotify.com from fd02:c8be:1d40:0:9daf:53e:8101:d796
Dec  7 03:48:08 10.0.0.2 ulogd[1267]: [NEW] ORIG: SRC=176.36.141.89 DST=194.50.85.7 PROTO=UDP SPT=32987 DPT=53 PKTS=0 BYTES=0 , REPLY: SRC=194.50.85.7 DST=176.36.141.89 PROTO=UDP SPT=53 DPT=32987 PKTS=0 BYTES=0
Dec  7 03:48:08 10.0.0.2 dnsmasq[1]: 1955657 fd02:c8be:1d40:0:9daf:53e:8101:d796/56384 cached gew1-spclient.spotify.com is <CNAME>
Dec  7 03:48:08 10.0.0.2 dnsmasq[1]: 1955657 fd02:c8be:1d40:0:9daf:53e:8101:d796/56384 forwarded gew1-spclient.spotify.com to 194.50.85.5
Dec  7 03:48:08 10.0.0.2 ulogd[1267]: [NEW] ORIG: SRC=176.36.141.89 DST=194.50.85.5 PROTO=UDP SPT=44881 DPT=53 PKTS=0 BYTES=0 , REPLY: SRC=194.50.85.5 DST=176.36.141.89 PROTO=UDP SPT=53 DPT=44881 PKTS=0 BYTES=0
Dec  7 03:48:08 10.0.0.2 dnsmasq[1]: 1955657 fd02:c8be:1d40:0:9daf:53e:8101:d796/56384 reply gew1-spclient.spotify.com is <CNAME>
Dec  7 03:48:08 10.0.0.2 dnsmasq[1]: 1955657 fd02:c8be:1d40:0:9daf:53e:8101:d796/56384 reply edge-web-gew1.dual-gslb.spotify.com is NODATA
Dec  7 03:48:08 10.0.0.2 ulogd[1267]: [NEW] ORIG: SRC=192.168.1.180 DST=35.186.224.18 PROTO=UDP SPT=49889 DPT=443 PKTS=0 BYTES=0 , REPLY: SRC=35.186.224.18 DST=176.36.141.89 PROTO=UDP SPT=443 DPT=49889 PKTS=0 BYTES=0
Dec  7 03:48:08 10.0.0.2 ulogd[1267]: [NEW] ORIG: SRC=192.168.1.180 DST=35.186.224.18 PROTO=TCP SPT=62668 DPT=443 PKTS=0 BYTES=0 , REPLY: SRC=35.186.224.18 DST=176.36.141.89 PROTO=TCP SPT=443 DPT=62668 PKTS=0 BYTES=0
Dec  7 03:48:09 10.0.0.2 ulogd[1267]: [DESTROY] ORIG: SRC=fd02:c8be:1d40:0:9daf:53e:8101:d796 DST=fd02:c8be:1d40::1 PROTO=UDP SPT=52665 DPT=53 PKTS=8 BYTES=679 , REPLY: SRC=fd02:c8be:1d40::1 DST=fd02:c8be:1d40:0:9daf:53e:8101:d796 PROTO=UDP SPT=53 DPT=52665 PKTS=7 BYTES=1011
Dec  7 03:48:10 10.0.0.2 ulogd[1267]: [DESTROY] ORIG: SRC=176.36.141.89 DST=194.50.85.7 PROTO=UDP SPT=57869 DPT=53 PKTS=1 BYTES=68 , REPLY: SRC=194.50.85.7 DST=176.36.141.89 PROTO=UDP SPT=53 DPT=57869 PKTS=1 BYTES=84
Dec  7 03:48:19 10.0.0.2 ulogd[1267]: [DESTROY] ORIG: SRC=192.168.1.45 DST=192.168.1.1 PROTO=UDP SPT=43871 DPT=53 PKTS=1 BYTES=82 , REPLY: SRC=192.168.1.1 DST=192.168.1.45 PROTO=UDP SPT=53 DPT=43871 PKTS=1 BYTES=146
Dec  7 03:48:20 10.0.0.2 ulogd[1267]: [DESTROY] ORIG: SRC=192.168.1.180 DST=52.11.245.77 PROTO=TCP SPT=62659 DPT=443 PKTS=19 BYTES=14304 , REPLY: SRC=52.11.245.77 DST=176.36.141.89 PROTO=TCP SPT=443 DPT=62659 PKTS=14 BYTES=1344
Dec  7 03:48:21 10.0.0.2 ulogd[1267]: [DESTROY] ORIG: SRC=176.36.141.89 DST=194.50.85.7 PROTO=UDP SPT=39552 DPT=53 PKTS=1 BYTES=82 , REPLY: SRC=194.50.85.7 DST=176.36.141.89 PROTO=UDP SPT=53 DPT=39552 PKTS=1 BYTES=146
Dec  7 03:48:30 10.0.0.2 ulogd[1267]: [DESTROY] ORIG: SRC=176.36.141.89 DST=194.50.85.5 PROTO=UDP SPT=33212 DPT=53 PKTS=1 BYTES=57 , REPLY: SRC=194.50.85.5 DST=176.36.141.89 PROTO=UDP SPT=53 DPT=33212 PKTS=1 BYTES=173
Dec  7 03:48:40 10.0.0.2 dnsmasq[1]: 1955658 fd02:c8be:1d40:0:9daf:53e:8101:d796/58434 query[A] sync-v2.brave.com from fd02:c8be:1d40:0:9daf:53e:8101:d796
Dec  7 03:48:40 10.0.0.2 dnsmasq[1]: 1955658 fd02:c8be:1d40:0:9daf:53e:8101:d796/58434 forwarded sync-v2.brave.com to 192.168.1.45
Dec  7 03:48:40 10.0.0.2 ulogd[1267]: [NEW] ORIG: SRC=192.168.1.1 DST=192.168.1.45 PROTO=UDP SPT=43815 DPT=5353 PKTS=0 BYTES=0 , REPLY: SRC=192.168.1.45 DST=192.168.1.1 PROTO=UDP SPT=5353 DPT=43815 PKTS=0 BYTES=0
Dec  7 03:48:40 10.0.0.2 dnsmasq[1]: 1955658 fd02:c8be:1d40:0:9daf:53e:8101:d796/58434 forwarded sync-v2.brave.com to 194.50.85.5
Dec  7 03:48:40 10.0.0.2 dnsmasq[1]: 1955658 fd02:c8be:1d40:0:9daf:53e:8101:d796/58434 forwarded sync-v2.brave.com to 194.50.85.7
Dec  7 03:48:40 10.0.0.2 dnsmasq[1]: 1955658 fd02:c8be:1d40:0:9daf:53e:8101:d796/58434 reply sync-v2.brave.com is <CNAME>
Dec  7 03:48:40 10.0.0.2 dnsmasq[1]: 1955658 fd02:c8be:1d40:0:9daf:53e:8101:d796/58434 reply sync-alb-152764135.us-west-2.elb.amazonaws.com is 35.85.131.92
Dec  7 03:48:40 10.0.0.2 dnsmasq[1]: 1955658 fd02:c8be:1d40:0:9daf:53e:8101:d796/58434 reply sync-alb-152764135.us-west-2.elb.amazonaws.com is 34.223.239.225
Dec  7 03:48:40 10.0.0.2 dnsmasq[1]: 1955658 fd02:c8be:1d40:0:9daf:53e:8101:d796/58434 reply sync-alb-152764135.us-west-2.elb.amazonaws.com is 44.230.54.232
Dec  7 03:48:40 10.0.0.2 ulogd[1267]: [NEW] ORIG: SRC=176.36.141.89 DST=194.50.85.5 PROTO=UDP SPT=43815 DPT=53 PKTS=0 BYTES=0 , REPLY: SRC=194.50.85.5 DST=176.36.141.89 PROTO=UDP SPT=53 DPT=43815 PKTS=0 BYTES=0
Dec  7 03:48:40 10.0.0.2 ulogd[1267]: [NEW] ORIG: SRC=176.36.141.89 DST=194.50.85.7 PROTO=UDP SPT=43815 DPT=53 PKTS=0 BYTES=0 , REPLY: SRC=194.50.85.7 DST=176.36.141.89 PROTO=UDP SPT=53 DPT=43815 PKTS=0 BYTES=0
Dec  7 03:48:40 10.0.0.2 ulogd[1267]: [DESTROY] ORIG: SRC=176.36.141.89 DST=194.50.85.7 PROTO=UDP SPT=52659 DPT=53 PKTS=1 BYTES=68 , REPLY: SRC=194.50.85.7 DST=176.36.141.89 PROTO=UDP SPT=53 DPT=52659 PKTS=1 BYTES=96
Dec  7 03:48:40 10.0.0.2 ulogd[1267]: [DESTROY] ORIG: SRC=176.36.141.89 DST=194.50.85.5 PROTO=UDP SPT=53249 DPT=53 PKTS=1 BYTES=60 , REPLY: SRC=194.50.85.5 DST=176.36.141.89 PROTO=UDP SPT=53 DPT=53249 PKTS=1 BYTES=166
Dec  7 03:48:41 10.0.0.2 ulogd[1267]: [DESTROY] ORIG: SRC=192.168.1.180 DST=192.168.1.1 PROTO=UDP SPT=58325 DPT=53 PKTS=1 BYTES=59 , REPLY: SRC=192.168.1.1 DST=192.168.1.180 PROTO=UDP SPT=53 DPT=58325 PKTS=1 BYTES=75
Dec  7 03:48:44 10.0.0.2 ulogd[1267]: [DESTROY] ORIG: SRC=fe80::b295:75ff:fe15:6fa5 DST=ff02::1:2 PROTO=UDP SPT=546 DPT=547 PKTS=1 BYTES=150 , REPLY: SRC=ff02::1:2 DST=fe80::b295:75ff:fe15:6fa5 PROTO=UDP SPT=547 DPT=546 PKTS=0 BYTES=0
Dec  7 03:48:44 10.0.0.2 ulogd[1267]: [NEW] ORIG: SRC=fe80::b295:75ff:fe15:6fa5 DST=ff02::1:2 PROTO=UDP SPT=546 DPT=547 PKTS=0 BYTES=0 , REPLY: SRC=ff02::1:2 DST=fe80::b295:75ff:fe15:6fa5 PROTO=UDP SPT=547 DPT=546 PKTS=0 BYTES=0
Dec  7 03:48:44 10.0.0.2 ulogd[1267]: [DESTROY] ORIG: SRC=192.168.1.180 DST=142.251.39.3 PROTO=UDP SPT=57741 DPT=443 PKTS=5 BYTES=1609 , REPLY: SRC=142.251.39.3 DST=176.36.141.89 PROTO=UDP SPT=443 DPT=57741 PKTS=5 BYTES=2500
Dec  7 03:48:48 10.0.0.2 dnsmasq[1]: 1955659 fd02:c8be:1d40:0:9daf:53e:8101:d796/58434 query[A] category.blocksite.co from fd02:c8be:1d40:0:9daf:53e:8101:d796
Dec  7 03:48:48 10.0.0.2 dnsmasq[1]: 1955659 fd02:c8be:1d40:0:9daf:53e:8101:d796/58434 forwarded category.blocksite.co to 194.50.85.7
Dec  7 03:48:48 10.0.0.2 ulogd[1267]: [NEW] ORIG: SRC=176.36.141.89 DST=194.50.85.7 PROTO=UDP SPT=39976 DPT=53 PKTS=0 BYTES=0 , REPLY: SRC=194.50.85.7 DST=176.36.141.89 PROTO=UDP SPT=53 DPT=39976 PKTS=0 BYTES=0
Dec  7 03:48:48 10.0.0.2 dnsmasq[1]: 1955659 fd02:c8be:1d40:0:9daf:53e:8101:d796/58434 reply category.blocksite.co is 44.236.194.20
Dec  7 03:48:48 10.0.0.2 dnsmasq[1]: 1955659 fd02:c8be:1d40:0:9daf:53e:8101:d796/58434 reply category.blocksite.co is 52.11.245.77
Dec  7 03:48:48 10.0.0.2 ulogd[1267]: [NEW] ORIG: SRC=192.168.1.180 DST=44.236.194.20 PROTO=TCP SPT=62669 DPT=443 PKTS=0 BYTES=0 , REPLY: SRC=44.236.194.20 DST=176.36.141.89 PROTO=TCP SPT=443 DPT=62669 PKTS=0 BYTES=0
Dec  7 03:48:51 10.0.0.2 ulogd[1267]: [DESTROY] ORIG: SRC=192.168.1.180 DST=192.168.1.1 PROTO=UDP SPT=51190 DPT=53 PKTS=1 BYTES=75 , REPLY: SRC=192.168.1.1 DST=192.168.1.180 PROTO=UDP SPT=53 DPT=51190 PKTS=1 BYTES=256
Dec  7 03:48:51 10.0.0.2 ulogd[1267]: [DESTROY] ORIG: SRC=fd02:c8be:1d40:0:9daf:53e:8101:d796 DST=fd02:c8be:1d40::1 PROTO=UDP SPT=55172 DPT=53 PKTS=1 BYTES=77 , REPLY: SRC=fd02:c8be:1d40::1 DST=fd02:c8be:1d40:0:9daf:53e:8101:d796 PROTO=UDP SPT=53 DPT=55172 PKTS=1 BYTES=193
Dec  7 03:49:00 10.0.0.2 ulogd[1267]: [DESTROY] ORIG: SRC=176.36.141.89 DST=194.50.85.7 PROTO=UDP SPT=33857 DPT=53 PKTS=1 BYTES=63 , REPLY: SRC=194.50.85.7 DST=176.36.141.89 PROTO=UDP SPT=53 DPT=33857 PKTS=1 BYTES=168
Dec  7 03:49:02 10.0.0.2 ulogd[1267]: [DESTROY] ORIG: SRC=fd02:c8be:1d40:0:9daf:53e:8101:d796 DST=fd02:c8be:1d40::1 PROTO=UDP SPT=57608 DPT=53 PKTS=1 BYTES=80 , REPLY: SRC=fd02:c8be:1d40::1 DST=fd02:c8be:1d40:0:9daf:53e:8101:d796 PROTO=UDP SPT=53 DPT=57608 PKTS=1 BYTES=212
Dec  7 03:49:03 10.0.0.2 ulogd[1267]: [DESTROY] ORIG: SRC=192.168.1.180 DST=142.251.39.36 PROTO=UDP SPT=49604 DPT=443 PKTS=428 BYTES=60344 , REPLY: SRC=142.251.39.36 DST=176.36.141.89 PROTO=UDP SPT=443 DPT=49604 PKTS=2262 BYTES=2557822
Dec  7 03:49:08 10.0.0.2 ulogd[1267]: [NEW] ORIG: SRC=192.168.1.180 DST=35.186.224.18 PROTO=UDP SPT=60556 DPT=443 PKTS=0 BYTES=0 , REPLY: SRC=35.186.224.18 DST=176.36.141.89 PROTO=UDP SPT=443 DPT=60556 PKTS=0 BYTES=0
Dec  7 03:49:08 10.0.0.2 dnsmasq[1]: 1955660 fd02:c8be:1d40:0:9daf:53e:8101:d796/58434 query[A] lps.navigator-bs.gmx.com from fd02:c8be:1d40:0:9daf:53e:8101:d796
Dec  7 03:49:08 10.0.0.2 ulogd[1267]: [NEW] ORIG: SRC=fd02:c8be:1d40:0:9daf:53e:8101:d796 DST=fd02:c8be:1d40::1 PROTO=UDP SPT=62381 DPT=53 PKTS=0 BYTES=0 , REPLY: SRC=fd02:c8be:1d40::1 DST=fd02:c8be:1d40:0:9daf:53e:8101:d796 PROTO=UDP SPT=53 DPT=62381 PKTS=0 BYTES=0
Dec  7 03:49:08 10.0.0.2 dnsmasq[1]: 1955660 fd02:c8be:1d40:0:9daf:53e:8101:d796/58434 forwarded lps.navigator-bs.gmx.com to 192.168.1.45
Dec  7 03:49:08 10.0.0.2 dnsmasq[1]: 1955660 fd02:c8be:1d40:0:9daf:53e:8101:d796/58434 forwarded lps.navigator-bs.gmx.com to 194.50.85.5
Dec  7 03:49:08 10.0.0.2 dnsmasq[1]: 1955660 fd02:c8be:1d40:0:9daf:53e:8101:d796/58434 forwarded lps.navigator-bs.gmx.com to 194.50.85.7
Dec  7 03:49:08 10.0.0.2 ulogd[1267]: [NEW] ORIG: SRC=192.168.1.1 DST=192.168.1.45 PROTO=UDP SPT=50713 DPT=5353 PKTS=0 BYTES=0 , REPLY: SRC=192.168.1.45 DST=192.168.1.1 PROTO=UDP SPT=5353 DPT=50713 PKTS=0 BYTES=0
Dec  7 03:49:08 10.0.0.2 dnsmasq[1]: 1955661 fd02:c8be:1d40:0:9daf:53e:8101:d796/62381 query[A] translate.google.com from fd02:c8be:1d40:0:9daf:53e:8101:d796
Dec  7 03:49:08 10.0.0.2 ulogd[1267]: [NEW] ORIG: SRC=176.36.141.89 DST=194.50.85.5 PROTO=UDP SPT=50713 DPT=53 PKTS=0 BYTES=0 , REPLY: SRC=194.50.85.5 DST=176.36.141.89 PROTO=UDP SPT=53 DPT=50713 PKTS=0 BYTES=0
Dec  7 03:49:08 10.0.0.2 ulogd[1267]: [NEW] ORIG: SRC=176.36.141.89 DST=194.50.85.7 PROTO=UDP SPT=50713 DPT=53 PKTS=0 BYTES=0 , REPLY: SRC=194.50.85.7 DST=176.36.141.89 PROTO=UDP SPT=53 DPT=50713 PKTS=0 BYTES=0
Dec  7 03:49:08 10.0.0.2 dnsmasq[1]: 1955661 fd02:c8be:1d40:0:9daf:53e:8101:d796/62381 forwarded translate.google.com to 194.50.85.7
Dec  7 03:49:08 10.0.0.2 ulogd[1267]: [NEW] ORIG: SRC=176.36.141.89 DST=194.50.85.7 PROTO=UDP SPT=48044 DPT=53 PKTS=0 BYTES=0 , REPLY: SRC=194.50.85.7 DST=176.36.141.89 PROTO=UDP SPT=53 DPT=48044 PKTS=0 BYTES=0
Dec  7 03:49:08 10.0.0.2 dnsmasq[1]: 1955661 fd02:c8be:1d40:0:9daf:53e:8101:d796/62381 reply translate.google.com is <CNAME>
Dec  7 03:49:08 10.0.0.2 dnsmasq[1]: 1955661 fd02:c8be:1d40:0:9daf:53e:8101:d796/62381 reply www3.l.google.com is 142.250.201.206
Dec  7 03:49:08 10.0.0.2 ulogd[1267]: [NEW] ORIG: SRC=192.168.1.180 DST=142.250.201.206 PROTO=UDP SPT=57153 DPT=443 PKTS=0 BYTES=0 , REPLY: SRC=142.250.201.206 DST=176.36.141.89 PROTO=UDP SPT=443 DPT=57153 PKTS=0 BYTES=0
Dec  7 03:49:08 10.0.0.2 ulogd[1267]: [NEW] ORIG: SRC=192.168.1.180 DST=192.168.1.1 PROTO=UDP SPT=58434 DPT=53 PKTS=0 BYTES=0 , REPLY: SRC=192.168.1.1 DST=192.168.1.180 PROTO=UDP SPT=53 DPT=58434 PKTS=0 BYTES=0
Dec  7 03:49:08 10.0.0.2 dnsmasq[1]: 1955662 192.168.1.180/58434 query[A] lps.navigator-bs.gmx.com from 192.168.1.180
Dec  7 03:49:08 10.0.0.2 dnsmasq[1]: 1955660 fd02:c8be:1d40:0:9daf:53e:8101:d796/58434 reply lps.navigator-bs.gmx.com is 217.72.199.27
Dec  7 03:49:08 10.0.0.2 dnsmasq[1]: 1955662 192.168.1.180/58434 reply query is duplicate
Dec  7 03:49:08 10.0.0.2 ulogd[1267]: [NEW] ORIG: SRC=192.168.1.180 DST=217.72.199.27 PROTO=TCP SPT=62671 DPT=443 PKTS=0 BYTES=0 , REPLY: SRC=217.72.199.27 DST=176.36.141.89 PROTO=TCP SPT=443 DPT=62671 PKTS=0 BYTES=0
Dec  7 03:49:12 10.0.0.2 ulogd[1267]: [NEW] ORIG: SRC=192.168.1.180 DST=44.236.194.20 PROTO=TCP SPT=62672 DPT=443 PKTS=0 BYTES=0 , REPLY: SRC=44.236.194.20 DST=176.36.141.89 PROTO=TCP SPT=443 DPT=62672 PKTS=0 BYTES=0
Dec  7 03:49:13 10.0.0.2 ulogd[1267]: [DESTROY] ORIG: SRC=192.168.1.1 DST=192.168.1.45 PROTO=UDP SPT=39552 DPT=5353 PKTS=1 BYTES=82 , REPLY: SRC=192.168.1.45 DST=192.168.1.1 PROTO=UDP SPT=5353 DPT=39552 PKTS=0 BYTES=0
Dec  7 03:49:23 10.0.0.2 ulogd[1267]: [DESTROY] ORIG: SRC=176.36.141.89 DST=194.50.85.7 PROTO=UDP SPT=43485 DPT=53 PKTS=1 BYTES=67 , REPLY: SRC=194.50.85.7 DST=176.36.141.89 PROTO=UDP SPT=53 DPT=43485 PKTS=1 BYTES=83
Dec  7 03:49:24 10.0.0.2 ulogd[1267]: [DESTROY] ORIG: SRC=fd02:c8be:1d40:0:9daf:53e:8101:d796 DST=fd02:c8be:1d40::1 PROTO=UDP SPT=53799 DPT=53 PKTS=2 BYTES=169 , REPLY: SRC=fd02:c8be:1d40::1 DST=fd02:c8be:1d40:0:9daf:53e:8101:d796 PROTO=UDP SPT=53 DPT=53799 PKTS=2 BYTES=290
Dec  7 03:49:27 10.0.0.2 ulogd[1267]: [NEW] ORIG: SRC=192.168.1.180 DST=44.236.194.20 PROTO=TCP SPT=62673 DPT=443 PKTS=0 BYTES=0 , REPLY: SRC=44.236.194.20 DST=176.36.141.89 PROTO=TCP SPT=443 DPT=62673 PKTS=0 BYTES=0
Dec  7 03:49:27 10.0.0.2 ulogd[1267]: [NEW] ORIG: SRC=fd02:c8be:1d40:0:9daf:53e:8101:d796 DST=fd02:c8be:1d40::1 PROTO=UDP SPT=55982 DPT=53 PKTS=0 BYTES=0 , REPLY: SRC=fd02:c8be:1d40::1 DST=fd02:c8be:1d40:0:9daf:53e:8101:d796 PROTO=UDP SPT=53 DPT=55982 PKTS=0 BYTES=0
Dec  7 03:49:27 10.0.0.2 dnsmasq[1]: 1955663 fd02:c8be:1d40:0:9daf:53e:8101:d796/55982 query[A] spclient.wg.spotify.com from fd02:c8be:1d40:0:9daf:53e:8101:d796
Dec  7 03:49:27 10.0.0.2 ulogd[1267]: [NEW] ORIG: SRC=fd02:c8be:1d40:0:9daf:53e:8101:d796 DST=fd02:c8be:1d40::1 PROTO=UDP SPT=54504 DPT=53 PKTS=0 BYTES=0 , REPLY: SRC=fd02:c8be:1d40::1 DST=fd02:c8be:1d40:0:9daf:53e:8101:d796 PROTO=UDP SPT=53 DPT=54504 PKTS=0 BYTES=0
Dec  7 03:49:27 10.0.0.2 ulogd[1267]: [NEW] ORIG: SRC=176.36.141.89 DST=194.50.85.5 PROTO=UDP SPT=43229 DPT=53 PKTS=0 BYTES=0 , REPLY: SRC=194.50.85.5 DST=176.36.141.89 PROTO=UDP SPT=53 DPT=43229 PKTS=0 BYTES=0
Dec  7 03:49:27 10.0.0.2 dnsmasq[1]: 1955663 fd02:c8be:1d40:0:9daf:53e:8101:d796/55982 forwarded spclient.wg.spotify.com to 194.50.85.5
Dec  7 03:49:27 10.0.0.2 dnsmasq[1]: 1955664 fd02:c8be:1d40:0:9daf:53e:8101:d796/54504 query[type=65] spclient.wg.spotify.com from fd02:c8be:1d40:0:9daf:53e:8101:d796
Dec  7 03:49:27 10.0.0.2 dnsmasq[1]: 1955664 fd02:c8be:1d40:0:9daf:53e:8101:d796/54504 forwarded spclient.wg.spotify.com to 194.50.85.5
Dec  7 03:49:27 10.0.0.2 ulogd[1267]: [NEW] ORIG: SRC=176.36.141.89 DST=194.50.85.5 PROTO=UDP SPT=60690 DPT=53 PKTS=0 BYTES=0 , REPLY: SRC=194.50.85.5 DST=176.36.141.89 PROTO=UDP SPT=53 DPT=60690 PKTS=0 BYTES=0
Dec  7 03:49:27 10.0.0.2 dnsmasq[1]: 1955663 fd02:c8be:1d40:0:9daf:53e:8101:d796/55982 reply spclient.wg.spotify.com is <CNAME>
Dec  7 03:49:27 10.0.0.2 dnsmasq[1]: 1955663 fd02:c8be:1d40:0:9daf:53e:8101:d796/55982 reply edge-web.dual-gslb.spotify.com is 35.186.224.25
Dec  7 03:49:27 10.0.0.2 dnsmasq[1]: 1955664 fd02:c8be:1d40:0:9daf:53e:8101:d796/54504 reply spclient.wg.spotify.com is <CNAME>
Dec  7 03:49:27 10.0.0.2 dnsmasq[1]: 1955664 fd02:c8be:1d40:0:9daf:53e:8101:d796/54504 reply edge-web.dual-gslb.spotify.com is NODATA
Dec  7 03:49:27 10.0.0.2 ulogd[1267]: [NEW] ORIG: SRC=192.168.1.180 DST=35.186.224.25 PROTO=UDP SPT=61627 DPT=443 PKTS=0 BYTES=0 , REPLY: SRC=35.186.224.25 DST=176.36.141.89 PROTO=UDP SPT=443 DPT=61627 PKTS=0 BYTES=0
Dec  7 03:49:30 10.0.0.2 ulogd[1267]: [DESTROY] ORIG: SRC=fd02:c8be:1d40:0:9daf:53e:8101:d796 DST=fd02:c8be:1d40::1 PROTO=UDP SPT=50359 DPT=53 PKTS=1 BYTES=77 , REPLY: SRC=fd02:c8be:1d40::1 DST=fd02:c8be:1d40:0:9daf:53e:8101:d796 PROTO=UDP SPT=53 DPT=50359 PKTS=1 BYTES=152
Dec  7 03:49:30 10.0.0.2 ulogd[1267]: [DESTROY] ORIG: SRC=192.168.1.180 DST=172.67.24.3 PROTO=TCP SPT=62638 DPT=443 PKTS=8 BYTES=1205 , REPLY: SRC=172.67.24.3 DST=176.36.141.89 PROTO=TCP SPT=443 DPT=62638 PKTS=6 BYTES=1079
Dec  7 03:49:30 10.0.0.2 ulogd[1267]: [DESTROY] ORIG: SRC=192.168.1.180 DST=95.100.111.11 PROTO=TCP SPT=62654 DPT=443 PKTS=22 BYTES=3066 , REPLY: SRC=95.100.111.11 DST=176.36.141.89 PROTO=TCP SPT=443 DPT=62654 PKTS=23 BYTES=42063
Dec  7 03:49:30 10.0.0.2 ulogd[1267]: [DESTROY] ORIG: SRC=192.168.1.180 DST=142.250.201.195 PROTO=UDP SPT=54516 DPT=443 PKTS=5 BYTES=1610 , REPLY: SRC=142.250.201.195 DST=176.36.141.89 PROTO=UDP SPT=443 DPT=54516 PKTS=5 BYTES=2504
Dec  7 03:49:30 10.0.0.2 ulogd[1267]: [DESTROY] ORIG: SRC=192.168.1.180 DST=44.236.194.20 PROTO=TCP SPT=62669 DPT=443 PKTS=19 BYTES=8301 , REPLY: SRC=44.236.194.20 DST=176.36.141.89 PROTO=TCP SPT=443 DPT=62669 PKTS=13 BYTES=6348
Dec  7 03:49:30 10.0.0.2 ulogd[1267]: [DESTROY] ORIG: SRC=fd02:c8be:1d40:0:9daf:53e:8101:d796 DST=fd02:c8be:1d40::1 PROTO=UDP SPT=51190 DPT=53 PKTS=1 BYTES=95 , REPLY: SRC=fd02:c8be:1d40::1 DST=fd02:c8be:1d40:0:9daf:53e:8101:d796 PROTO=UDP SPT=53 DPT=51190 PKTS=1 BYTES=276
Dec  7 03:49:30 10.0.0.2 ulogd[1267]: [DESTROY] ORIG: SRC=192.168.1.180 DST=142.251.39.46 PROTO=UDP SPT=51557 DPT=443 PKTS=28 BYTES=4052 , REPLY: SRC=142.251.39.46 DST=176.36.141.89 PROTO=UDP SPT=443 DPT=51557 PKTS=38 BYTES=30082
Dec  7 03:49:30 10.0.0.2 ulogd[1267]: [DESTROY] ORIG: SRC=192.168.1.180 DST=52.5.83.231 PROTO=TCP SPT=62666 DPT=443 PKTS=12 BYTES=4494 , REPLY: SRC=52.5.83.231 DST=176.36.141.89 PROTO=TCP SPT=443 DPT=62666 PKTS=8 BYTES=661
Dec  7 03:49:30 10.0.0.2 ulogd[1267]: [DESTROY] ORIG: SRC=192.168.1.180 DST=157.240.224.12 PROTO=TCP SPT=62643 DPT=443 PKTS=14 BYTES=1791 , REPLY: SRC=157.240.224.12 DST=176.36.141.89 PROTO=TCP SPT=443 DPT=62643 PKTS=14 BYTES=3904
Dec  7 03:49:30 10.0.0.2 ulogd[1267]: [DESTROY] ORIG: SRC=176.36.141.89 DST=194.50.85.5 PROTO=UDP SPT=42942 DPT=53 PKTS=1 BYTES=71 , REPLY: SRC=194.50.85.5 DST=176.36.141.89 PROTO=UDP SPT=53 DPT=42942 PKTS=1 BYTES=116
Dec  7 03:49:30 10.0.0.2 ulogd[1267]: [DESTROY] ORIG: SRC=192.168.1.180 DST=198.252.206.25 PROTO=TCP SPT=62662 DPT=443 PKTS=10 BYTES=2101 , REPLY: SRC=198.252.206.25 DST=176.36.141.89 PROTO=TCP SPT=443 DPT=62662 PKTS=9 BYTES=774
Dec  7 03:49:30 10.0.0.2 ulogd[1267]: [DESTROY] ORIG: SRC=fd02:c8be:1d40:0:9daf:53e:8101:d796 DST=fd02:c8be:1d40::1 PROTO=UDP SPT=49884 DPT=53 PKTS=1 BYTES=77 , REPLY: SRC=fd02:c8be:1d40::1 DST=fd02:c8be:1d40:0:9daf:53e:8101:d796 PROTO=UDP SPT=53 DPT=49884 PKTS=1 BYTES=255
Dec  7 03:49:30 10.0.0.2 ulogd[1267]: [DESTROY] ORIG: SRC=fd02:c8be:1d40:0:9daf:53e:8101:d796 DST=fd02:c8be:1d40::1 PROTO=UDP SPT=54551 DPT=53 PKTS=1 BYTES=89 , REPLY: SRC=fd02:c8be:1d40::1 DST=fd02:c8be:1d40:0:9daf:53e:8101:d796 PROTO=UDP SPT=53 DPT=54551 PKTS=1 BYTES=187
Dec  7 03:49:30 10.0.0.2 ulogd[1267]: [DESTROY] ORIG: SRC=192.168.1.180 DST=142.250.201.195 PROTO=UDP SPT=57227 DPT=443 PKTS=5 BYTES=1603 , REPLY: SRC=142.250.201.195 DST=176.36.141.89 PROTO=UDP SPT=443 DPT=57227 PKTS=5 BYTES=2504
Dec  7 03:49:30 10.0.0.2 ulogd[1267]: [DESTROY] ORIG: SRC=176.36.141.89 DST=194.50.85.5 PROTO=UDP SPT=37780 DPT=53 PKTS=1 BYTES=72 , REPLY: SRC=194.50.85.5 DST=176.36.141.89 PROTO=UDP SPT=53 DPT=37780 PKTS=1 BYTES=88
Dec  7 03:49:30 10.0.0.2 ulogd[1267]: [DESTROY] ORIG: SRC=192.168.1.45 DST=192.168.1.1 PROTO=UDP SPT=33823 DPT=53 PKTS=1 BYTES=76 , REPLY: SRC=192.168.1.1 DST=192.168.1.45 PROTO=UDP SPT=53 DPT=33823 PKTS=1 BYTES=104
Dec  7 03:49:30 10.0.0.2 ulogd[1267]: [DESTROY] ORIG: SRC=192.168.1.1 DST=192.168.1.45 PROTO=UDP SPT=44143 DPT=5353 PKTS=1 BYTES=63 , REPLY: SRC=192.168.1.45 DST=192.168.1.1 PROTO=UDP SPT=5353 DPT=44143 PKTS=0 BYTES=0
Dec  7 03:49:30 10.0.0.2 ulogd[1267]: [DESTROY] ORIG: SRC=176.36.141.89 DST=194.50.85.5 PROTO=UDP SPT=36430 DPT=53 PKTS=1 BYTES=63 , REPLY: SRC=194.50.85.5 DST=176.36.141.89 PROTO=UDP SPT=53 DPT=36430 PKTS=1 BYTES=168
Dec  7 03:49:30 10.0.0.2 ulogd[1267]: [DESTROY] ORIG: SRC=192.168.1.180 DST=192.0.73.2 PROTO=UDP SPT=57515 DPT=443 PKTS=10 BYTES=4098 , REPLY: SRC=192.0.73.2 DST=176.36.141.89 PROTO=UDP SPT=443 DPT=57515 PKTS=11 BYTES=9108
Dec  7 03:49:30 10.0.0.2 ulogd[1267]: [DESTROY] ORIG: SRC=192.168.1.180 DST=192.168.1.1 PROTO=UDP SPT=49298 DPT=53 PKTS=1 BYTES=67 , REPLY: SRC=192.168.1.1 DST=192.168.1.180 PROTO=UDP SPT=53 DPT=49298 PKTS=1 BYTES=99
Dec  7 03:49:30 10.0.0.2 ulogd[1267]: [DESTROY] ORIG: SRC=fd02:c8be:1d40:0:9daf:53e:8101:d796 DST=fd02:c8be:1d40::1 PROTO=UDP SPT=55348 DPT=53 PKTS=1 BYTES=89 , REPLY: SRC=fd02:c8be:1d40::1 DST=fd02:c8be:1d40:0:9daf:53e:8101:d796 PROTO=UDP SPT=53 DPT=55348 PKTS=1 BYTES=138
Dec  7 03:49:30 10.0.0.2 ulogd[1267]: [DESTROY] ORIG: SRC=176.36.141.89 DST=194.50.85.5 PROTO=UDP SPT=49891 DPT=53 PKTS=1 BYTES=57 , REPLY: SRC=194.50.85.5 DST=176.36.141.89 PROTO=UDP SPT=53 DPT=49891 PKTS=1 BYTES=132
Dec  7 03:49:30 10.0.0.2 ulogd[1267]: [DESTROY] ORIG: SRC=192.168.1.45 DST=185.199.110.133 PROTO=TCP SPT=57480 DPT=443 PKTS=16 BYTES=1422 , REPLY: SRC=185.199.110.133 DST=176.36.141.89 PROTO=TCP SPT=443 DPT=57480 PKTS=16 BYTES=5634
Dec  7 03:49:30 10.0.0.2 ulogd[1267]: [DESTROY] ORIG: SRC=176.36.141.89 DST=194.50.85.5 PROTO=UDP SPT=35423 DPT=53 PKTS=1 BYTES=75 , REPLY: SRC=194.50.85.5 DST=176.36.141.89 PROTO=UDP SPT=53 DPT=35423 PKTS=1 BYTES=216
Dec  7 03:49:30 10.0.0.2 ulogd[1267]: [DESTROY] ORIG: SRC=176.36.141.89 DST=194.50.85.5 PROTO=UDP SPT=52316 DPT=53 PKTS=1 BYTES=76 , REPLY: SRC=194.50.85.5 DST=176.36.141.89 PROTO=UDP SPT=53 DPT=52316 PKTS=1 BYTES=92
Dec  7 03:49:30 10.0.0.2 ulogd[1267]: [DESTROY] ORIG: SRC=192.168.1.45 DST=91.236.251.129 PROTO=UDP SPT=32983 DPT=123 PKTS=1 BYTES=76 , REPLY: SRC=91.236.251.129 DST=176.36.141.89 PROTO=UDP SPT=123 DPT=32983 PKTS=1 BYTES=76
Dec  7 03:49:30 10.0.0.2 ulogd[1267]: [DESTROY] ORIG: SRC=192.168.1.180 DST=157.240.224.61 PROTO=TCP SPT=62655 DPT=80 PKTS=11 BYTES=1149 , REPLY: SRC=157.240.224.61 DST=176.36.141.89 PROTO=TCP SPT=80 DPT=62655 PKTS=14 BYTES=1094
Dec  7 03:49:30 10.0.0.2 ulogd[1267]: [DESTROY] ORIG: SRC=176.36.141.89 DST=194.50.85.5 PROTO=UDP SPT=39552 DPT=53 PKTS=1 BYTES=82 , REPLY: SRC=194.50.85.5 DST=176.36.141.89 PROTO=UDP SPT=53 DPT=39552 PKTS=1 BYTES=146
Dec  7 03:49:30 10.0.0.2 ulogd[1267]: [DESTROY] ORIG: SRC=176.36.141.89 DST=194.50.85.7 PROTO=UDP SPT=56864 DPT=53 PKTS=1 BYTES=59 , REPLY: SRC=194.50.85.7 DST=176.36.141.89 PROTO=UDP SPT=53 DPT=56864 PKTS=1 BYTES=75
Dec  7 03:49:30 10.0.0.2 ulogd[1267]: [DESTROY] ORIG: SRC=192.168.1.180 DST=35.186.224.25 PROTO=UDP SPT=58780 DPT=443 PKTS=8 BYTES=4444 , REPLY: SRC=35.186.224.25 DST=176.36.141.89 PROTO=UDP SPT=443 DPT=58780 PKTS=8 BYTES=2382
