Dec  7 03:44:08 10.0.0.2 dnsmasq[1]: 1955579 fd02:c8be:1d40:0:9daf:53e:8101:d796/64843 reply gew1-spclient.spotify.com is <CNAME>
Dec  7 03:44:08 10.0.0.2 dnsmasq[1]: 1955579 fd02:c8be:1d40:0:9daf:53e:8101:d796/64843 reply edge-web-gew1.dual-gslb.spotify.com is 35.186.224.18
Dec  7 03:44:08 10.0.0.2 dnsmasq[1]: 1955580 fd02:c8be:1d40:0:9daf:53e:8101:d796/54778 query[type=65] gew1-spclient.spotify.com from fd02:c8be:1d40:0:9daf:53e:8101:d796
Dec  7 03:44:08 10.0.0.2 dnsmasq[1]: 1955580 fd02:c8be:1d40:0:9daf:53e:8101:d796/54778 cached gew1-spclient.spotify.com is <CNAME>
Dec  7 03:44:08 10.0.0.2 ulogd[1267]: [NEW] ORIG: SRC=176.36.141.89 DST=194.50.85.5 PROTO=UDP SPT=35323 DPT=53 PKTS=0 BYTES=0 , REPLY: SRC=194.50.85.5 DST=176.36.141.89 PROTO=UDP SPT=53 DPT=35323 PKTS=0 BYTES=0
Dec  7 03:44:08 10.0.0.2 dnsmasq[1]: 1955580 fd02:c8be:1d40:0:9daf:53e:8101:d796/54778 forwarded gew1-spclient.spotify.com to 194.50.85.5
Dec  7 03:44:08 10.0.0.2 dnsmasq[1]: 1955580 fd02:c8be:1d40:0:9daf:53e:8101:d796/54778 reply gew1-spclient.spotify.com is <CNAME>
Dec  7 03:44:08 10.0.0.2 dnsmasq[1]: 1955580 fd02:c8be:1d40:0:9daf:53e:8101:d796/54778 reply edge-web-gew1.dual-gslb.spotify.com is NODATA
Dec  7 03:44:08 10.0.0.2 ulogd[1267]: [NEW] ORIG: SRC=192.168.1.180 DST=35.186.224.18 PROTO=UDP SPT=52014 DPT=443 PKTS=0 BYTES=0 , REPLY: SRC=35.186.224.18 DST=176.36.141.89 PROTO=UDP SPT=443 DPT=52014 PKTS=0 BYTES=0
Dec  7 03:44:10 10.0.0.2 ulogd[1267]: [DESTROY] ORIG: SRC=192.168.1.180 DST=68.183.241.41 PROTO=TCP SPT=62583 DPT=443 PKTS=177 BYTES=12779 , REPLY: SRC=68.183.241.41 DST=176.36.141.89 PROTO=TCP SPT=443 DPT=62583 PKTS=184 BYTES=574001
Dec  7 03:44:17 10.0.0.2 ulogd[1267]: [DESTROY] ORIG: SRC=fe80::b295:75ff:fe15:6fa5 DST=ff02::1:2 PROTO=UDP SPT=546 DPT=547 PKTS=1 BYTES=150 , REPLY: SRC=ff02::1:2 DST=fe80::b295:75ff:fe15:6fa5 PROTO=UDP SPT=547 DPT=546 PKTS=0 BYTES=0
Dec  7 03:44:17 10.0.0.2 ulogd[1267]: [NEW] ORIG: SRC=fe80::b295:75ff:fe15:6fa5 DST=ff02::1:2 PROTO=UDP SPT=546 DPT=547 PKTS=0 BYTES=0 , REPLY: SRC=ff02::1:2 DST=fe80::b295:75ff:fe15:6fa5 PROTO=UDP SPT=547 DPT=546 PKTS=0 BYTES=0
Dec  7 03:44:24 10.0.0.2 ulogd[1267]: [DESTROY] ORIG: SRC=176.36.141.89 DST=194.50.85.7 PROTO=UDP SPT=56364 DPT=53 PKTS=1 BYTES=70 , REPLY: SRC=194.50.85.7 DST=176.36.141.89 PROTO=UDP SPT=53 DPT=56364 PKTS=1 BYTES=86
Dec  7 03:44:25 10.0.0.2 dnsmasq[1]: 1955581 fd02:c8be:1d40:0:9daf:53e:8101:d796/65528 query[A] wpad.lan from fd02:c8be:1d40:0:9daf:53e:8101:d796
Dec  7 03:44:25 10.0.0.2 dnsmasq[1]: 1955581 fd02:c8be:1d40:0:9daf:53e:8101:d796/65528 config wpad.lan is NXDOMAIN
Dec  7 03:44:25 10.0.0.2 dnsmasq[1]: 1955582 fd02:c8be:1d40:0:9daf:53e:8101:d796/54682 query[A] wpad.lan from fd02:c8be:1d40:0:9daf:53e:8101:d796
Dec  7 03:44:25 10.0.0.2 ulogd[1267]: [NEW] ORIG: SRC=fd02:c8be:1d40:0:9daf:53e:8101:d796 DST=fd02:c8be:1d40::1 PROTO=UDP SPT=54682 DPT=53 PKTS=0 BYTES=0 , REPLY: SRC=fd02:c8be:1d40::1 DST=fd02:c8be:1d40:0:9daf:53e:8101:d796 PROTO=UDP SPT=53 DPT=54682 PKTS=0 BYTES=0
Dec  7 03:44:25 10.0.0.2 dnsmasq[1]: 1955582 fd02:c8be:1d40:0:9daf:53e:8101:d796/54682 config wpad.lan is NXDOMAIN
Dec  7 03:44:25 10.0.0.2 ulogd[1267]: [NEW] ORIG: SRC=fd02:c8be:1d40:0:9daf:53e:8101:d796 DST=fd02:c8be:1d40::1 PROTO=UDP SPT=52632 DPT=53 PKTS=0 BYTES=0 , REPLY: SRC=fd02:c8be:1d40::1 DST=fd02:c8be:1d40:0:9daf:53e:8101:d796 PROTO=UDP SPT=53 DPT=52632 PKTS=0 BYTES=0
Dec  7 03:44:25 10.0.0.2 ulogd[1267]: [NEW] ORIG: SRC=fd02:c8be:1d40:0:9daf:53e:8101:d796 DST=fd02:c8be:1d40::1 PROTO=UDP SPT=56095 DPT=53 PKTS=0 BYTES=0 , REPLY: SRC=fd02:c8be:1d40::1 DST=fd02:c8be:1d40:0:9daf:53e:8101:d796 PROTO=UDP SPT=53 DPT=56095 PKTS=0 BYTES=0
Dec  7 03:44:25 10.0.0.2 dnsmasq[1]: 1955583 fd02:c8be:1d40:0:9daf:53e:8101:d796/52632 query[AAAA] wpad.lan from fd02:c8be:1d40:0:9daf:53e:8101:d796
Dec  7 03:44:25 10.0.0.2 dnsmasq[1]: 1955583 fd02:c8be:1d40:0:9daf:53e:8101:d796/52632 config wpad.lan is NXDOMAIN
Dec  7 03:44:25 10.0.0.2 dnsmasq[1]: 1955584 fd02:c8be:1d40:0:9daf:53e:8101:d796/56095 query[AAAA] wpad.lan from fd02:c8be:1d40:0:9daf:53e:8101:d796
Dec  7 03:44:25 10.0.0.2 dnsmasq[1]: 1955584 fd02:c8be:1d40:0:9daf:53e:8101:d796/56095 config wpad.lan is NXDOMAIN
Dec  7 03:44:27 10.0.0.2 ulogd[1267]: [DESTROY] ORIG: SRC=192.168.1.1 DST=192.168.1.45 PROTO=UDP SPT=56364 DPT=5353 PKTS=1 BYTES=70 , REPLY: SRC=192.168.1.45 DST=192.168.1.1 PROTO=UDP SPT=5353 DPT=56364 PKTS=0 BYTES=0
Dec  7 03:44:27 10.0.0.2 dnsmasq[1]: 1955585 fd02:c8be:1d40:0:9daf:53e:8101:d796/57444 query[A] spclient.wg.spotify.com from fd02:c8be:1d40:0:9daf:53e:8101:d796
Dec  7 03:44:27 10.0.0.2 ulogd[1267]: [NEW] ORIG: SRC=fd02:c8be:1d40:0:9daf:53e:8101:d796 DST=fd02:c8be:1d40::1 PROTO=UDP SPT=57444 DPT=53 PKTS=0 BYTES=0 , REPLY: SRC=fd02:c8be:1d40::1 DST=fd02:c8be:1d40:0:9daf:53e:8101:d796 PROTO=UDP SPT=53 DPT=57444 PKTS=0 BYTES=0
Dec  7 03:44:27 10.0.0.2 dnsmasq[1]: 1955585 fd02:c8be:1d40:0:9daf:53e:8101:d796/57444 forwarded spclient.wg.spotify.com to 192.168.1.45
Dec  7 03:44:27 10.0.0.2 ulogd[1267]: [NEW] ORIG: SRC=fd02:c8be:1d40:0:9daf:53e:8101:d796 DST=fd02:c8be:1d40::1 PROTO=UDP SPT=58876 DPT=53 PKTS=0 BYTES=0 , REPLY: SRC=fd02:c8be:1d40::1 DST=fd02:c8be:1d40:0:9daf:53e:8101:d796 PROTO=UDP SPT=53 DPT=58876 PKTS=0 BYTES=0
Dec  7 03:44:27 10.0.0.2 dnsmasq[1]: 1955585 fd02:c8be:1d40:0:9daf:53e:8101:d796/57444 forwarded spclient.wg.spotify.com to 194.50.85.5
Dec  7 03:44:27 10.0.0.2 ulogd[1267]: [NEW] ORIG: SRC=192.168.1.1 DST=192.168.1.45 PROTO=UDP SPT=35952 DPT=5353 PKTS=0 BYTES=0 , REPLY: SRC=192.168.1.45 DST=192.168.1.1 PROTO=UDP SPT=5353 DPT=35952 PKTS=0 BYTES=0
Dec  7 03:44:27 10.0.0.2 ulogd[1267]: [NEW] ORIG: SRC=176.36.141.89 DST=194.50.85.5 PROTO=UDP SPT=35952 DPT=53 PKTS=0 BYTES=0 , REPLY: SRC=194.50.85.5 DST=176.36.141.89 PROTO=UDP SPT=53 DPT=35952 PKTS=0 BYTES=0
Dec  7 03:44:27 10.0.0.2 dnsmasq[1]: 1955585 fd02:c8be:1d40:0:9daf:53e:8101:d796/57444 forwarded spclient.wg.spotify.com to 194.50.85.7
Dec  7 03:44:27 10.0.0.2 ulogd[1267]: [NEW] ORIG: SRC=176.36.141.89 DST=194.50.85.7 PROTO=UDP SPT=35952 DPT=53 PKTS=0 BYTES=0 , REPLY: SRC=194.50.85.7 DST=176.36.141.89 PROTO=UDP SPT=53 DPT=35952 PKTS=0 BYTES=0
Dec  7 03:44:27 10.0.0.2 dnsmasq[1]: 1955585 fd02:c8be:1d40:0:9daf:53e:8101:d796/57444 reply spclient.wg.spotify.com is <CNAME>
Dec  7 03:44:27 10.0.0.2 dnsmasq[1]: 1955585 fd02:c8be:1d40:0:9daf:53e:8101:d796/57444 reply edge-web.dual-gslb.spotify.com is 35.186.224.25
Dec  7 03:44:27 10.0.0.2 dnsmasq[1]: 1955586 fd02:c8be:1d40:0:9daf:53e:8101:d796/58876 query[type=65] spclient.wg.spotify.com from fd02:c8be:1d40:0:9daf:53e:8101:d796
Dec  7 03:44:27 10.0.0.2 dnsmasq[1]: 1955586 fd02:c8be:1d40:0:9daf:53e:8101:d796/58876 cached spclient.wg.spotify.com is <CNAME>
Dec  7 03:44:27 10.0.0.2 dnsmasq[1]: 1955586 fd02:c8be:1d40:0:9daf:53e:8101:d796/58876 forwarded spclient.wg.spotify.com to 194.50.85.5
Dec  7 03:44:27 10.0.0.2 ulogd[1267]: [NEW] ORIG: SRC=176.36.141.89 DST=194.50.85.5 PROTO=UDP SPT=58505 DPT=53 PKTS=0 BYTES=0 , REPLY: SRC=194.50.85.5 DST=176.36.141.89 PROTO=UDP SPT=53 DPT=58505 PKTS=0 BYTES=0
Dec  7 03:44:27 10.0.0.2 dnsmasq[1]: 1955586 fd02:c8be:1d40:0:9daf:53e:8101:d796/58876 reply spclient.wg.spotify.com is <CNAME>
Dec  7 03:44:27 10.0.0.2 dnsmasq[1]: 1955586 fd02:c8be:1d40:0:9daf:53e:8101:d796/58876 reply edge-web.dual-gslb.spotify.com is NODATA
Dec  7 03:44:27 10.0.0.2 ulogd[1267]: [NEW] ORIG: SRC=192.168.1.180 DST=35.186.224.25 PROTO=UDP SPT=63965 DPT=443 PKTS=0 BYTES=0 , REPLY: SRC=35.186.224.25 DST=176.36.141.89 PROTO=UDP SPT=443 DPT=63965 PKTS=0 BYTES=0
Dec  7 03:44:31 10.0.0.2 dnsmasq[1]: 1955587 fd02:c8be:1d40:0:9daf:53e:8101:d796/65528 query[A] askubuntu.com from fd02:c8be:1d40:0:9daf:53e:8101:d796
Dec  7 03:44:31 10.0.0.2 dnsmasq[1]: 1955587 fd02:c8be:1d40:0:9daf:53e:8101:d796/65528 forwarded askubuntu.com to 194.50.85.5
Dec  7 03:44:31 10.0.0.2 ulogd[1267]: [NEW] ORIG: SRC=176.36.141.89 DST=194.50.85.5 PROTO=UDP SPT=54958 DPT=53 PKTS=0 BYTES=0 , REPLY: SRC=194.50.85.5 DST=176.36.141.89 PROTO=UDP SPT=53 DPT=54958 PKTS=0 BYTES=0
Dec  7 03:44:31 10.0.0.2 dnsmasq[1]: 1955587 fd02:c8be:1d40:0:9daf:53e:8101:d796/65528 reply askubuntu.com is 104.18.37.100
Dec  7 03:44:31 10.0.0.2 ulogd[1267]: [NEW] ORIG: SRC=192.168.1.180 DST=192.168.1.1 PROTO=UDP SPT=65528 DPT=53 PKTS=0 BYTES=0 , REPLY: SRC=192.168.1.1 DST=192.168.1.180 PROTO=UDP SPT=53 DPT=65528 PKTS=0 BYTES=0
Dec  7 03:44:31 10.0.0.2 dnsmasq[1]: 1955587 fd02:c8be:1d40:0:9daf:53e:8101:d796/65528 reply askubuntu.com is 172.64.150.156
Dec  7 03:44:31 10.0.0.2 dnsmasq[1]: 1955588 192.168.1.180/65528 query[A] askubuntu.com from 192.168.1.180
Dec  7 03:44:31 10.0.0.2 dnsmasq[1]: 1955588 192.168.1.180/65528 cached askubuntu.com is 172.64.150.156
Dec  7 03:44:31 10.0.0.2 dnsmasq[1]: 1955588 192.168.1.180/65528 cached askubuntu.com is 104.18.37.100
Dec  7 03:44:31 10.0.0.2 ulogd[1267]: [NEW] ORIG: SRC=192.168.1.180 DST=104.18.37.100 PROTO=TCP SPT=62597 DPT=443 PKTS=0 BYTES=0 , REPLY: SRC=104.18.37.100 DST=176.36.141.89 PROTO=TCP SPT=443 DPT=62597 PKTS=0 BYTES=0
Dec  7 03:44:31 10.0.0.2 ulogd[1267]: [NEW] ORIG: SRC=192.168.1.180 DST=104.18.37.100 PROTO=TCP SPT=62598 DPT=443 PKTS=0 BYTES=0 , REPLY: SRC=104.18.37.100 DST=176.36.141.89 PROTO=TCP SPT=443 DPT=62598 PKTS=0 BYTES=0
Dec  7 03:44:31 10.0.0.2 ulogd[1267]: [NEW] ORIG: SRC=192.168.1.180 DST=142.251.39.36 PROTO=UDP SPT=49604 DPT=443 PKTS=0 BYTES=0 , REPLY: SRC=142.251.39.36 DST=176.36.141.89 PROTO=UDP SPT=443 DPT=49604 PKTS=0 BYTES=0
Dec  7 03:44:32 10.0.0.2 dnsmasq[1]: 1955589 fd02:c8be:1d40:0:9daf:53e:8101:d796/59073 query[A] ajax.googleapis.com from fd02:c8be:1d40:0:9daf:53e:8101:d796
Dec  7 03:44:32 10.0.0.2 dnsmasq[1]: 1955589 fd02:c8be:1d40:0:9daf:53e:8101:d796/59073 forwarded ajax.googleapis.com to 194.50.85.5
Dec  7 03:44:32 10.0.0.2 dnsmasq[1]: 1955590 fd02:c8be:1d40:0:9daf:53e:8101:d796/52665 query[A] cdn.sstatic.net from fd02:c8be:1d40:0:9daf:53e:8101:d796
Dec  7 03:44:32 10.0.0.2 dnsmasq[1]: 1955590 fd02:c8be:1d40:0:9daf:53e:8101:d796/52665 forwarded cdn.sstatic.net to 194.50.85.5
Dec  7 03:44:32 10.0.0.2 dnsmasq[1]: 1955589 fd02:c8be:1d40:0:9daf:53e:8101:d796/59073 reply ajax.googleapis.com is 142.250.201.202
Dec  7 03:44:32 10.0.0.2 ulogd[1267]: [NEW] ORIG: SRC=fd02:c8be:1d40:0:9daf:53e:8101:d796 DST=fd02:c8be:1d40::1 PROTO=UDP SPT=59073 DPT=53 PKTS=0 BYTES=0 , REPLY: SRC=fd02:c8be:1d40::1 DST=fd02:c8be:1d40:0:9daf:53e:8101:d796 PROTO=UDP SPT=53 DPT=59073 PKTS=0 BYTES=0
Dec  7 03:44:32 10.0.0.2 ulogd[1267]: [NEW] ORIG: SRC=176.36.141.89 DST=194.50.85.5 PROTO=UDP SPT=48878 DPT=53 PKTS=0 BYTES=0 , REPLY: SRC=194.50.85.5 DST=176.36.141.89 PROTO=UDP SPT=53 DPT=48878 PKTS=0 BYTES=0
Dec  7 03:44:32 10.0.0.2 ulogd[1267]: [NEW] ORIG: SRC=fd02:c8be:1d40:0:9daf:53e:8101:d796 DST=fd02:c8be:1d40::1 PROTO=UDP SPT=52665 DPT=53 PKTS=0 BYTES=0 , REPLY: SRC=fd02:c8be:1d40::1 DST=fd02:c8be:1d40:0:9daf:53e:8101:d796 PROTO=UDP SPT=53 DPT=52665 PKTS=0 BYTES=0
Dec  7 03:44:32 10.0.0.2 ulogd[1267]: [NEW] ORIG: SRC=176.36.141.89 DST=194.50.85.5 PROTO=UDP SPT=50908 DPT=53 PKTS=0 BYTES=0 , REPLY: SRC=194.50.85.5 DST=176.36.141.89 PROTO=UDP SPT=53 DPT=50908 PKTS=0 BYTES=0
Dec  7 03:44:32 10.0.0.2 dnsmasq[1]: 1955590 fd02:c8be:1d40:0:9daf:53e:8101:d796/52665 reply cdn.sstatic.net is 104.18.40.222
Dec  7 03:44:32 10.0.0.2 dnsmasq[1]: 1955590 fd02:c8be:1d40:0:9daf:53e:8101:d796/52665 reply cdn.sstatic.net is 172.64.147.34
Dec  7 03:44:32 10.0.0.2 ulogd[1267]: [NEW] ORIG: SRC=192.168.1.180 DST=52.5.83.231 PROTO=TCP SPT=62599 DPT=443 PKTS=0 BYTES=0 , REPLY: SRC=52.5.83.231 DST=176.36.141.89 PROTO=TCP SPT=443 DPT=62599 PKTS=0 BYTES=0
Dec  7 03:44:32 10.0.0.2 ulogd[1267]: [NEW] ORIG: SRC=192.168.1.180 DST=104.18.40.222 PROTO=TCP SPT=62600 DPT=443 PKTS=0 BYTES=0 , REPLY: SRC=104.18.40.222 DST=176.36.141.89 PROTO=TCP SPT=443 DPT=62600 PKTS=0 BYTES=0
Dec  7 03:44:32 10.0.0.2 ulogd[1267]: [NEW] ORIG: SRC=192.168.1.180 DST=104.18.40.222 PROTO=TCP SPT=62601 DPT=443 PKTS=0 BYTES=0 , REPLY: SRC=104.18.40.222 DST=176.36.141.89 PROTO=TCP SPT=443 DPT=62601 PKTS=0 BYTES=0
Dec  7 03:44:32 10.0.0.2 ulogd[1267]: [NEW] ORIG: SRC=192.168.1.180 DST=142.250.201.202 PROTO=TCP SPT=62602 DPT=443 PKTS=0 BYTES=0 , REPLY: SRC=142.250.201.202 DST=176.36.141.89 PROTO=TCP SPT=443 DPT=62602 PKTS=0 BYTES=0
Dec  7 03:44:32 10.0.0.2 ulogd[1267]: [NEW] ORIG: SRC=192.168.1.180 DST=104.18.40.222 PROTO=TCP SPT=62603 DPT=443 PKTS=0 BYTES=0 , REPLY: SRC=104.18.40.222 DST=176.36.141.89 PROTO=TCP SPT=443 DPT=62603 PKTS=0 BYTES=0
Dec  7 03:44:33 10.0.0.2 dnsmasq[1]: 1955591 fd02:c8be:1d40:0:9daf:53e:8101:d796/59073 query[A] i.stack.imgur.com from fd02:c8be:1d40:0:9daf:53e:8101:d796
Dec  7 03:44:33 10.0.0.2 dnsmasq[1]: 1955591 fd02:c8be:1d40:0:9daf:53e:8101:d796/59073 forwarded i.stack.imgur.com to 194.50.85.5
Dec  7 03:44:33 10.0.0.2 ulogd[1267]: [NEW] ORIG: SRC=176.36.141.89 DST=194.50.85.5 PROTO=UDP SPT=58852 DPT=53 PKTS=0 BYTES=0 , REPLY: SRC=194.50.85.5 DST=176.36.141.89 PROTO=UDP SPT=53 DPT=58852 PKTS=0 BYTES=0
Dec  7 03:44:33 10.0.0.2 dnsmasq[1]: 1955592 fd02:c8be:1d40:0:9daf:53e:8101:d796/52665 query[A] www.gravatar.com from fd02:c8be:1d40:0:9daf:53e:8101:d796
Dec  7 03:44:33 10.0.0.2 dnsmasq[1]: 1955592 fd02:c8be:1d40:0:9daf:53e:8101:d796/52665 forwarded www.gravatar.com to 194.50.85.5
Dec  7 03:44:33 10.0.0.2 ulogd[1267]: [NEW] ORIG: SRC=176.36.141.89 DST=194.50.85.5 PROTO=UDP SPT=49202 DPT=53 PKTS=0 BYTES=0 , REPLY: SRC=194.50.85.5 DST=176.36.141.89 PROTO=UDP SPT=53 DPT=49202 PKTS=0 BYTES=0
Dec  7 03:44:33 10.0.0.2 dnsmasq[1]: 1955592 fd02:c8be:1d40:0:9daf:53e:8101:d796/52665 reply www.gravatar.com is 192.0.73.2
Dec  7 03:44:33 10.0.0.2 ulogd[1267]: [NEW] ORIG: SRC=192.168.1.180 DST=192.168.1.1 PROTO=UDP SPT=59073 DPT=53 PKTS=0 BYTES=0 , REPLY: SRC=192.168.1.1 DST=192.168.1.180 PROTO=UDP SPT=53 DPT=59073 PKTS=0 BYTES=0
Dec  7 03:44:33 10.0.0.2 dnsmasq[1]: 1955593 192.168.1.180/59073 query[A] i.stack.imgur.com from 192.168.1.180
Dec  7 03:44:33 10.0.0.2 ulogd[1267]: [NEW] ORIG: SRC=192.168.1.180 DST=192.0.73.2 PROTO=TCP SPT=62604 DPT=443 PKTS=0 BYTES=0 , REPLY: SRC=192.0.73.2 DST=176.36.141.89 PROTO=TCP SPT=443 DPT=62604 PKTS=0 BYTES=0
Dec  7 03:44:33 10.0.0.2 dnsmasq[1]: 1955591 fd02:c8be:1d40:0:9daf:53e:8101:d796/59073 reply i.stack.imgur.com is <CNAME>
Dec  7 03:44:33 10.0.0.2 dnsmasq[1]: 1955591 fd02:c8be:1d40:0:9daf:53e:8101:d796/59073 reply ipv4.imgur.map.fastly.net is 146.75.116.193
Dec  7 03:44:33 10.0.0.2 ulogd[1267]: [NEW] ORIG: SRC=192.168.1.180 DST=192.0.73.2 PROTO=TCP SPT=62606 DPT=443 PKTS=0 BYTES=0 , REPLY: SRC=192.0.73.2 DST=176.36.141.89 PROTO=TCP SPT=443 DPT=62606 PKTS=0 BYTES=0
Dec  7 03:44:33 10.0.0.2 ulogd[1267]: [NEW] ORIG: SRC=192.168.1.180 DST=192.0.73.2 PROTO=TCP SPT=62605 DPT=443 PKTS=0 BYTES=0 , REPLY: SRC=192.0.73.2 DST=176.36.141.89 PROTO=TCP SPT=443 DPT=62605 PKTS=0 BYTES=0
Dec  7 03:44:33 10.0.0.2 dnsmasq[1]: 1955593 192.168.1.180/59073 reply query is duplicate
Dec  7 03:44:33 10.0.0.2 ulogd[1267]: [NEW] ORIG: SRC=192.168.1.180 DST=192.0.73.2 PROTO=TCP SPT=62607 DPT=443 PKTS=0 BYTES=0 , REPLY: SRC=192.0.73.2 DST=176.36.141.89 PROTO=TCP SPT=443 DPT=62607 PKTS=0 BYTES=0
Dec  7 03:44:33 10.0.0.2 ulogd[1267]: [NEW] ORIG: SRC=192.168.1.180 DST=192.0.73.2 PROTO=TCP SPT=62608 DPT=443 PKTS=0 BYTES=0 , REPLY: SRC=192.0.73.2 DST=176.36.141.89 PROTO=TCP SPT=443 DPT=62608 PKTS=0 BYTES=0
Dec  7 03:44:33 10.0.0.2 ulogd[1267]: [NEW] ORIG: SRC=192.168.1.180 DST=192.0.73.2 PROTO=TCP SPT=62609 DPT=443 PKTS=0 BYTES=0 , REPLY: SRC=192.0.73.2 DST=176.36.141.89 PROTO=TCP SPT=443 DPT=62609 PKTS=0 BYTES=0
Dec  7 03:44:33 10.0.0.2 ulogd[1267]: [NEW] ORIG: SRC=192.168.1.180 DST=146.75.116.193 PROTO=TCP SPT=62610 DPT=443 PKTS=0 BYTES=0 , REPLY: SRC=146.75.116.193 DST=176.36.141.89 PROTO=TCP SPT=443 DPT=62610 PKTS=0 BYTES=0
Dec  7 03:44:33 10.0.0.2 ulogd[1267]: [NEW] ORIG: SRC=192.168.1.180 DST=146.75.116.193 PROTO=TCP SPT=62611 DPT=443 PKTS=0 BYTES=0 , REPLY: SRC=146.75.116.193 DST=176.36.141.89 PROTO=TCP SPT=443 DPT=62611 PKTS=0 BYTES=0
Dec  7 03:44:33 10.0.0.2 ulogd[1267]: [NEW] ORIG: SRC=192.168.1.180 DST=146.75.116.193 PROTO=TCP SPT=62612 DPT=443 PKTS=0 BYTES=0 , REPLY: SRC=146.75.116.193 DST=176.36.141.89 PROTO=TCP SPT=443 DPT=62612 PKTS=0 BYTES=0
Dec  7 03:44:33 10.0.0.2 ulogd[1267]: [NEW] ORIG: SRC=192.168.1.180 DST=192.0.73.2 PROTO=UDP SPT=57373 DPT=443 PKTS=0 BYTES=0 , REPLY: SRC=192.0.73.2 DST=176.36.141.89 PROTO=UDP SPT=443 DPT=57373 PKTS=0 BYTES=0
Dec  7 03:44:35 10.0.0.2 dnsmasq[1]: 1955594 fd02:c8be:1d40:0:9daf:53e:8101:d796/52665 query[A] safebrowsing.brave.com from fd02:c8be:1d40:0:9daf:53e:8101:d796
Dec  7 03:44:35 10.0.0.2 dnsmasq[1]: 1955594 fd02:c8be:1d40:0:9daf:53e:8101:d796/52665 forwarded safebrowsing.brave.com to 194.50.85.5
Dec  7 03:44:35 10.0.0.2 ulogd[1267]: [NEW] ORIG: SRC=fd02:c8be:1d40:0:9daf:53e:8101:d796 DST=fd02:c8be:1d40::1 PROTO=UDP SPT=51263 DPT=53 PKTS=0 BYTES=0 , REPLY: SRC=fd02:c8be:1d40::1 DST=fd02:c8be:1d40:0:9daf:53e:8101:d796 PROTO=UDP SPT=53 DPT=51263 PKTS=0 BYTES=0
Dec  7 03:44:35 10.0.0.2 dnsmasq[1]: 1955594 fd02:c8be:1d40:0:9daf:53e:8101:d796/52665 reply safebrowsing.brave.com is <CNAME>
Dec  7 03:44:35 10.0.0.2 ulogd[1267]: [NEW] ORIG: SRC=176.36.141.89 DST=194.50.85.5 PROTO=UDP SPT=45299 DPT=53 PKTS=0 BYTES=0 , REPLY: SRC=194.50.85.5 DST=176.36.141.89 PROTO=UDP SPT=53 DPT=45299 PKTS=0 BYTES=0
Dec  7 03:44:35 10.0.0.2 dnsmasq[1]: 1955594 fd02:c8be:1d40:0:9daf:53e:8101:d796/52665 reply d1bvmdanhrl7qk.cloudfront.net is 18.244.102.73
Dec  7 03:44:35 10.0.0.2 dnsmasq[1]: 1955594 fd02:c8be:1d40:0:9daf:53e:8101:d796/52665 reply d1bvmdanhrl7qk.cloudfront.net is 18.244.102.25
Dec  7 03:44:35 10.0.0.2 dnsmasq[1]: 1955594 fd02:c8be:1d40:0:9daf:53e:8101:d796/52665 reply d1bvmdanhrl7qk.cloudfront.net is 18.244.102.61
Dec  7 03:44:35 10.0.0.2 dnsmasq[1]: 1955594 fd02:c8be:1d40:0:9daf:53e:8101:d796/52665 reply d1bvmdanhrl7qk.cloudfront.net is 18.244.102.117
Dec  7 03:44:35 10.0.0.2 dnsmasq[1]: 1955595 fd02:c8be:1d40:0:9daf:53e:8101:d796/51263 query[A] qa.sockets.stackexchange.com from fd02:c8be:1d40:0:9daf:53e:8101:d796
Dec  7 03:44:35 10.0.0.2 dnsmasq[1]: 1955595 fd02:c8be:1d40:0:9daf:53e:8101:d796/51263 forwarded qa.sockets.stackexchange.com to 194.50.85.5
Dec  7 03:44:35 10.0.0.2 ulogd[1267]: [NEW] ORIG: SRC=176.36.141.89 DST=194.50.85.5 PROTO=UDP SPT=37700 DPT=53 PKTS=0 BYTES=0 , REPLY: SRC=194.50.85.5 DST=176.36.141.89 PROTO=UDP SPT=53 DPT=37700 PKTS=0 BYTES=0
Dec  7 03:44:35 10.0.0.2 ulogd[1267]: [NEW] ORIG: SRC=192.168.1.180 DST=192.168.1.1 PROTO=UDP SPT=51263 DPT=53 PKTS=0 BYTES=0 , REPLY: SRC=192.168.1.1 DST=192.168.1.180 PROTO=UDP SPT=53 DPT=51263 PKTS=0 BYTES=0
Dec  7 03:44:35 10.0.0.2 dnsmasq[1]: 1955596 192.168.1.180/51263 query[A] qa.sockets.stackexchange.com from 192.168.1.180
Dec  7 03:44:35 10.0.0.2 dnsmasq[1]: 1955595 fd02:c8be:1d40:0:9daf:53e:8101:d796/51263 reply qa.sockets.stackexchange.com is 198.252.206.25
Dec  7 03:44:35 10.0.0.2 dnsmasq[1]: 1955596 192.168.1.180/51263 reply query is duplicate
Dec  7 03:44:35 10.0.0.2 ulogd[1267]: [NEW] ORIG: SRC=192.168.1.180 DST=198.252.206.25 PROTO=TCP SPT=62613 DPT=443 PKTS=0 BYTES=0 , REPLY: SRC=198.252.206.25 DST=176.36.141.89 PROTO=TCP SPT=443 DPT=62613 PKTS=0 BYTES=0
Dec  7 03:44:39 10.0.0.2 dnsmasq[1]: 1955597 fd02:c8be:1d40:0:9daf:53e:8101:d796/52665 query[A] sync-v2.brave.com from fd02:c8be:1d40:0:9daf:53e:8101:d796
Dec  7 03:44:39 10.0.0.2 dnsmasq[1]: 1955597 fd02:c8be:1d40:0:9daf:53e:8101:d796/52665 cached sync-v2.brave.com is <CNAME>
Dec  7 03:44:39 10.0.0.2 dnsmasq[1]: 1955597 fd02:c8be:1d40:0:9daf:53e:8101:d796/52665 forwarded sync-v2.brave.com to 194.50.85.5
Dec  7 03:44:39 10.0.0.2 ulogd[1267]: [NEW] ORIG: SRC=176.36.141.89 DST=194.50.85.5 PROTO=UDP SPT=46761 DPT=53 PKTS=0 BYTES=0 , REPLY: SRC=194.50.85.5 DST=176.36.141.89 PROTO=UDP SPT=53 DPT=46761 PKTS=0 BYTES=0
Dec  7 03:44:39 10.0.0.2 dnsmasq[1]: 1955597 fd02:c8be:1d40:0:9daf:53e:8101:d796/52665 reply sync-v2.brave.com is <CNAME>
Dec  7 03:44:39 10.0.0.2 dnsmasq[1]: 1955597 fd02:c8be:1d40:0:9daf:53e:8101:d796/52665 reply sync-alb-152764135.us-west-2.elb.amazonaws.com is 35.85.131.92
Dec  7 03:44:39 10.0.0.2 dnsmasq[1]: 1955597 fd02:c8be:1d40:0:9daf:53e:8101:d796/52665 reply sync-alb-152764135.us-west-2.elb.amazonaws.com is 34.223.239.225
Dec  7 03:44:39 10.0.0.2 dnsmasq[1]: 1955597 fd02:c8be:1d40:0:9daf:53e:8101:d796/52665 reply sync-alb-152764135.us-west-2.elb.amazonaws.com is 44.230.54.232
Dec  7 03:44:51 10.0.0.2 ulogd[1267]: [DESTROY] ORIG: SRC=192.168.1.180 DST=146.75.116.193 PROTO=TCP SPT=62612 DPT=443 PKTS=8 BYTES=994 , REPLY: SRC=146.75.116.193 DST=176.36.141.89 PROTO=TCP SPT=443 DPT=62612 PKTS=9 BYTES=5573
Dec  7 03:44:56 10.0.0.2 dnsmasq[1]: 1955598 fd02:c8be:1d40:0:9daf:53e:8101:d796/52665 query[A] event.shelljacket.us from fd02:c8be:1d40:0:9daf:53e:8101:d796
Dec  7 03:44:56 10.0.0.2 dnsmasq[1]: 1955598 fd02:c8be:1d40:0:9daf:53e:8101:d796/52665 forwarded event.shelljacket.us to 192.168.1.45
Dec  7 03:44:56 10.0.0.2 dnsmasq[1]: 1955598 fd02:c8be:1d40:0:9daf:53e:8101:d796/52665 forwarded event.shelljacket.us to 194.50.85.5
Dec  7 03:44:56 10.0.0.2 dnsmasq[1]: 1955598 fd02:c8be:1d40:0:9daf:53e:8101:d796/52665 forwarded event.shelljacket.us to 194.50.85.7
Dec  7 03:44:56 10.0.0.2 dnsmasq[1]: 1955598 fd02:c8be:1d40:0:9daf:53e:8101:d796/52665 reply event.shelljacket.us is 159.89.100.215
Dec  7 03:44:56 10.0.0.2 dnsmasq[1]: 1955598 fd02:c8be:1d40:0:9daf:53e:8101:d796/52665 reply event.shelljacket.us is 138.68.92.190
Dec  7 03:44:56 10.0.0.2 dnsmasq[1]: 1955598 fd02:c8be:1d40:0:9daf:53e:8101:d796/52665 reply event.shelljacket.us is 46.101.131.214
Dec  7 03:44:56 10.0.0.2 dnsmasq[1]: 1955598 fd02:c8be:1d40:0:9daf:53e:8101:d796/52665 reply event.shelljacket.us is 46.101.131.99
Dec  7 03:44:56 10.0.0.2 dnsmasq[1]: 1955598 fd02:c8be:1d40:0:9daf:53e:8101:d796/52665 reply event.shelljacket.us is 138.68.77.102
Dec  7 03:44:56 10.0.0.2 dnsmasq[1]: 1955598 fd02:c8be:1d40:0:9daf:53e:8101:d796/52665 reply event.shelljacket.us is 138.68.101.1
Dec  7 03:44:56 10.0.0.2 dnsmasq[1]: 1955598 fd02:c8be:1d40:0:9daf:53e:8101:d796/52665 reply event.shelljacket.us is 159.89.27.102
Dec  7 03:44:56 10.0.0.2 ulogd[1267]: [NEW] ORIG: SRC=192.168.1.1 DST=192.168.1.45 PROTO=UDP SPT=56980 DPT=5353 PKTS=0 BYTES=0 , REPLY: SRC=192.168.1.45 DST=192.168.1.1 PROTO=UDP SPT=5353 DPT=56980 PKTS=0 BYTES=0
Dec  7 03:44:56 10.0.0.2 ulogd[1267]: [NEW] ORIG: SRC=176.36.141.89 DST=194.50.85.5 PROTO=UDP SPT=56980 DPT=53 PKTS=0 BYTES=0 , REPLY: SRC=194.50.85.5 DST=176.36.141.89 PROTO=UDP SPT=53 DPT=56980 PKTS=0 BYTES=0
Dec  7 03:44:56 10.0.0.2 ulogd[1267]: [NEW] ORIG: SRC=176.36.141.89 DST=194.50.85.7 PROTO=UDP SPT=56980 DPT=53 PKTS=0 BYTES=0 , REPLY: SRC=194.50.85.7 DST=176.36.141.89 PROTO=UDP SPT=53 DPT=56980 PKTS=0 BYTES=0
Dec  7 03:44:56 10.0.0.2 ulogd[1267]: [NEW] ORIG: SRC=192.168.1.180 DST=159.89.100.215 PROTO=TCP SPT=62620 DPT=443 PKTS=0 BYTES=0 , REPLY: SRC=159.89.100.215 DST=176.36.141.89 PROTO=TCP SPT=443 DPT=62620 PKTS=0 BYTES=0
Dec  7 03:45:01 10.0.0.2 dnsmasq[1]: 1955599 fd02:c8be:1d40:0:9daf:53e:8101:d796/52665 query[A] fonts.gstatic.com from fd02:c8be:1d40:0:9daf:53e:8101:d796
Dec  7 03:45:01 10.0.0.2 ulogd[1267]: [NEW] ORIG: SRC=fd02:c8be:1d40:0:9daf:53e:8101:d796 DST=fd02:c8be:1d40::1 PROTO=UDP SPT=50224 DPT=53 PKTS=0 BYTES=0 , REPLY: SRC=fd02:c8be:1d40::1 DST=fd02:c8be:1d40:0:9daf:53e:8101:d796 PROTO=UDP SPT=53 DPT=50224 PKTS=0 BYTES=0
Dec  7 03:45:01 10.0.0.2 dnsmasq[1]: 1955599 fd02:c8be:1d40:0:9daf:53e:8101:d796/52665 forwarded fonts.gstatic.com to 194.50.85.5
Dec  7 03:45:01 10.0.0.2 ulogd[1267]: [NEW] ORIG: SRC=176.36.141.89 DST=194.50.85.5 PROTO=UDP SPT=40718 DPT=53 PKTS=0 BYTES=0 , REPLY: SRC=194.50.85.5 DST=176.36.141.89 PROTO=UDP SPT=53 DPT=40718 PKTS=0 BYTES=0
Dec  7 03:45:01 10.0.0.2 dnsmasq[1]: 1955599 fd02:c8be:1d40:0:9daf:53e:8101:d796/52665 reply fonts.gstatic.com is 142.250.201.195
Dec  7 03:45:01 10.0.0.2 dnsmasq[1]: 1955600 fd02:c8be:1d40:0:9daf:53e:8101:d796/50224 query[A] www.gstatic.com from fd02:c8be:1d40:0:9daf:53e:8101:d796
Dec  7 03:45:01 10.0.0.2 dnsmasq[1]: 1955600 fd02:c8be:1d40:0:9daf:53e:8101:d796/50224 forwarded www.gstatic.com to 194.50.85.5
Dec  7 03:45:01 10.0.0.2 ulogd[1267]: [NEW] ORIG: SRC=176.36.141.89 DST=194.50.85.5 PROTO=UDP SPT=43030 DPT=53 PKTS=0 BYTES=0 , REPLY: SRC=194.50.85.5 DST=176.36.141.89 PROTO=UDP SPT=53 DPT=43030 PKTS=0 BYTES=0
Dec  7 03:45:01 10.0.0.2 dnsmasq[1]: 1955600 fd02:c8be:1d40:0:9daf:53e:8101:d796/50224 reply www.gstatic.com is 142.251.39.3
Dec  7 03:45:01 10.0.0.2 ulogd[1267]: [NEW] ORIG: SRC=192.168.1.180 DST=142.250.201.195 PROTO=UDP SPT=57580 DPT=443 PKTS=0 BYTES=0 , REPLY: SRC=142.250.201.195 DST=176.36.141.89 PROTO=UDP SPT=443 DPT=57580 PKTS=0 BYTES=0
Dec  7 03:45:01 10.0.0.2 ulogd[1267]: [NEW] ORIG: SRC=192.168.1.180 DST=142.251.39.3 PROTO=UDP SPT=51306 DPT=443 PKTS=0 BYTES=0 , REPLY: SRC=142.251.39.3 DST=176.36.141.89 PROTO=UDP SPT=443 DPT=51306 PKTS=0 BYTES=0
Dec  7 03:45:02 10.0.0.2 ulogd[1267]: [NEW] ORIG: SRC=192.168.1.180 DST=52.5.83.231 PROTO=TCP SPT=62621 DPT=443 PKTS=0 BYTES=0 , REPLY: SRC=52.5.83.231 DST=176.36.141.89 PROTO=TCP SPT=443 DPT=62621 PKTS=0 BYTES=0
Dec  7 03:45:03 10.0.0.2 dnsmasq[1]: 1955601 fd02:c8be:1d40:0:9daf:53e:8101:d796/52665 query[A] unix.stackexchange.com from fd02:c8be:1d40:0:9daf:53e:8101:d796
Dec  7 03:45:03 10.0.0.2 dnsmasq[1]: 1955601 fd02:c8be:1d40:0:9daf:53e:8101:d796/52665 forwarded unix.stackexchange.com to 194.50.85.5
Dec  7 03:45:03 10.0.0.2 ulogd[1267]: [NEW] ORIG: SRC=176.36.141.89 DST=194.50.85.5 PROTO=UDP SPT=54904 DPT=53 PKTS=0 BYTES=0 , REPLY: SRC=194.50.85.5 DST=176.36.141.89 PROTO=UDP SPT=53 DPT=54904 PKTS=0 BYTES=0
Dec  7 03:45:03 10.0.0.2 ulogd[1267]: [NEW] ORIG: SRC=192.168.1.180 DST=192.168.1.1 PROTO=UDP SPT=52665 DPT=53 PKTS=0 BYTES=0 , REPLY: SRC=192.168.1.1 DST=192.168.1.180 PROTO=UDP SPT=53 DPT=52665 PKTS=0 BYTES=0
Dec  7 03:45:03 10.0.0.2 dnsmasq[1]: 1955602 192.168.1.180/52665 query[A] unix.stackexchange.com from 192.168.1.180
Dec  7 03:45:04 10.0.0.2 dnsmasq[1]: 1955603 fd02:c8be:1d40:0:9daf:53e:8101:d796/52665 query[A] unix.stackexchange.com from fd02:c8be:1d40:0:9daf:53e:8101:d796
Dec  7 03:45:04 10.0.0.2 dnsmasq[1]: 1955603 fd02:c8be:1d40:0:9daf:53e:8101:d796/52665 forwarded unix.stackexchange.com to 192.168.1.45
Dec  7 03:45:04 10.0.0.2 ulogd[1267]: [NEW] ORIG: SRC=192.168.1.1 DST=192.168.1.45 PROTO=UDP SPT=54904 DPT=5353 PKTS=0 BYTES=0 , REPLY: SRC=192.168.1.45 DST=192.168.1.1 PROTO=UDP SPT=5353 DPT=54904 PKTS=0 BYTES=0
Dec  7 03:45:04 10.0.0.2 dnsmasq[1]: 1955603 fd02:c8be:1d40:0:9daf:53e:8101:d796/52665 forwarded unix.stackexchange.com to 194.50.85.5
Dec  7 03:45:04 10.0.0.2 dnsmasq[1]: 1955603 fd02:c8be:1d40:0:9daf:53e:8101:d796/52665 forwarded unix.stackexchange.com to 194.50.85.7
Dec  7 03:45:04 10.0.0.2 ulogd[1267]: [NEW] ORIG: SRC=176.36.141.89 DST=194.50.85.7 PROTO=UDP SPT=54904 DPT=53 PKTS=0 BYTES=0 , REPLY: SRC=194.50.85.7 DST=176.36.141.89 PROTO=UDP SPT=53 DPT=54904 PKTS=0 BYTES=0
Dec  7 03:45:04 10.0.0.2 dnsmasq[1]: 1955603 fd02:c8be:1d40:0:9daf:53e:8101:d796/52665 reply unix.stackexchange.com is 104.18.43.226
Dec  7 03:45:04 10.0.0.2 dnsmasq[1]: 1955603 fd02:c8be:1d40:0:9daf:53e:8101:d796/52665 reply unix.stackexchange.com is 172.64.144.30
Dec  7 03:45:04 10.0.0.2 dnsmasq[1]: 1955602 192.168.1.180/52665 reply query is duplicate
Dec  7 03:45:04 10.0.0.2 ulogd[1267]: [NEW] ORIG: SRC=192.168.1.180 DST=104.18.43.226 PROTO=TCP SPT=62622 DPT=443 PKTS=0 BYTES=0 , REPLY: SRC=104.18.43.226 DST=176.36.141.89 PROTO=TCP SPT=443 DPT=62622 PKTS=0 BYTES=0
Dec  7 03:45:04 10.0.0.2 ulogd[1267]: [NEW] ORIG: SRC=192.168.1.180 DST=104.18.43.226 PROTO=TCP SPT=62623 DPT=443 PKTS=0 BYTES=0 , REPLY: SRC=104.18.43.226 DST=176.36.141.89 PROTO=TCP SPT=443 DPT=62623 PKTS=0 BYTES=0
Dec  7 03:45:05 10.0.0.2 ulogd[1267]: [NEW] ORIG: SRC=192.168.1.180 DST=142.250.201.202 PROTO=TCP SPT=62624 DPT=443 PKTS=0 BYTES=0 , REPLY: SRC=142.250.201.202 DST=176.36.141.89 PROTO=TCP SPT=443 DPT=62624 PKTS=0 BYTES=0
Dec  7 03:45:05 10.0.0.2 ulogd[1267]: [NEW] ORIG: SRC=192.168.1.180 DST=104.18.40.222 PROTO=TCP SPT=62625 DPT=443 PKTS=0 BYTES=0 , REPLY: SRC=104.18.40.222 DST=176.36.141.89 PROTO=TCP SPT=443 DPT=62625 PKTS=0 BYTES=0
Dec  7 03:45:05 10.0.0.2 ulogd[1267]: [NEW] ORIG: SRC=192.168.1.180 DST=104.18.40.222 PROTO=TCP SPT=62627 DPT=443 PKTS=0 BYTES=0 , REPLY: SRC=104.18.40.222 DST=176.36.141.89 PROTO=TCP SPT=443 DPT=62627 PKTS=0 BYTES=0
Dec  7 03:45:05 10.0.0.2 ulogd[1267]: [NEW] ORIG: SRC=192.168.1.180 DST=104.18.40.222 PROTO=TCP SPT=62629 DPT=443 PKTS=0 BYTES=0 , REPLY: SRC=104.18.40.222 DST=176.36.141.89 PROTO=TCP SPT=443 DPT=62629 PKTS=0 BYTES=0
Dec  7 03:45:05 10.0.0.2 ulogd[1267]: [NEW] ORIG: SRC=192.168.1.180 DST=104.18.40.222 PROTO=TCP SPT=62626 DPT=443 PKTS=0 BYTES=0 , REPLY: SRC=104.18.40.222 DST=176.36.141.89 PROTO=TCP SPT=443 DPT=62626 PKTS=0 BYTES=0
Dec  7 03:45:05 10.0.0.2 ulogd[1267]: [NEW] ORIG: SRC=192.168.1.180 DST=104.18.40.222 PROTO=TCP SPT=62628 DPT=443 PKTS=0 BYTES=0 , REPLY: SRC=104.18.40.222 DST=176.36.141.89 PROTO=TCP SPT=443 DPT=62628 PKTS=0 BYTES=0
Dec  7 03:45:05 10.0.0.2 ulogd[1267]: [NEW] ORIG: SRC=192.168.1.180 DST=104.18.40.222 PROTO=TCP SPT=62630 DPT=443 PKTS=0 BYTES=0 , REPLY: SRC=104.18.40.222 DST=176.36.141.89 PROTO=TCP SPT=443 DPT=62630 PKTS=0 BYTES=0
Dec  7 03:45:05 10.0.0.2 dnsmasq[1]: 1955604 fd02:c8be:1d40:0:9daf:53e:8101:d796/50224 query[A] category.blocksite.co from fd02:c8be:1d40:0:9daf:53e:8101:d796
Dec  7 03:45:05 10.0.0.2 dnsmasq[1]: 1955604 fd02:c8be:1d40:0:9daf:53e:8101:d796/50224 forwarded category.blocksite.co to 194.50.85.5
Dec  7 03:45:05 10.0.0.2 ulogd[1267]: [NEW] ORIG: SRC=176.36.141.89 DST=194.50.85.5 PROTO=UDP SPT=38328 DPT=53 PKTS=0 BYTES=0 , REPLY: SRC=194.50.85.5 DST=176.36.141.89 PROTO=UDP SPT=53 DPT=38328 PKTS=0 BYTES=0
Dec  7 03:45:05 10.0.0.2 dnsmasq[1]: 1955604 fd02:c8be:1d40:0:9daf:53e:8101:d796/50224 reply category.blocksite.co is 52.11.245.77
Dec  7 03:45:05 10.0.0.2 dnsmasq[1]: 1955604 fd02:c8be:1d40:0:9daf:53e:8101:d796/50224 reply category.blocksite.co is 44.236.194.20
Dec  7 03:45:06 10.0.0.2 dnsmasq[1]: 1955605 fd02:c8be:1d40:0:9daf:53e:8101:d796/50224 query[A] i.stack.imgur.com from fd02:c8be:1d40:0:9daf:53e:8101:d796
Dec  7 03:45:06 10.0.0.2 dnsmasq[1]: 1955605 fd02:c8be:1d40:0:9daf:53e:8101:d796/50224 cached i.stack.imgur.com is <CNAME>
Dec  7 03:45:06 10.0.0.2 ulogd[1267]: [NEW] ORIG: SRC=176.36.141.89 DST=194.50.85.5 PROTO=UDP SPT=33000 DPT=53 PKTS=0 BYTES=0 , REPLY: SRC=194.50.85.5 DST=176.36.141.89 PROTO=UDP SPT=53 DPT=33000 PKTS=0 BYTES=0
Dec  7 03:45:06 10.0.0.2 dnsmasq[1]: 1955605 fd02:c8be:1d40:0:9daf:53e:8101:d796/50224 forwarded i.stack.imgur.com to 194.50.85.5
Dec  7 03:45:06 10.0.0.2 ulogd[1267]: [NEW] ORIG: SRC=192.168.1.180 DST=192.168.1.1 PROTO=UDP SPT=50224 DPT=53 PKTS=0 BYTES=0 , REPLY: SRC=192.168.1.1 DST=192.168.1.180 PROTO=UDP SPT=53 DPT=50224 PKTS=0 BYTES=0
Dec  7 03:45:06 10.0.0.2 dnsmasq[1]: 1955606 192.168.1.180/50224 query[A] i.stack.imgur.com from 192.168.1.180
Dec  7 03:45:06 10.0.0.2 dnsmasq[1]: 1955605 fd02:c8be:1d40:0:9daf:53e:8101:d796/50224 reply i.stack.imgur.com is <CNAME>
Dec  7 03:45:06 10.0.0.2 dnsmasq[1]: 1955605 fd02:c8be:1d40:0:9daf:53e:8101:d796/50224 reply ipv4.imgur.map.fastly.net is 146.75.116.193
Dec  7 03:45:06 10.0.0.2 ulogd[1267]: [NEW] ORIG: SRC=192.168.1.180 DST=192.0.73.2 PROTO=TCP SPT=62631 DPT=443 PKTS=0 BYTES=0 , REPLY: SRC=192.0.73.2 DST=176.36.141.89 PROTO=TCP SPT=443 DPT=62631 PKTS=0 BYTES=0
Dec  7 03:45:06 10.0.0.2 ulogd[1267]: [NEW] ORIG: SRC=192.168.1.180 DST=192.0.73.2 PROTO=TCP SPT=62632 DPT=443 PKTS=0 BYTES=0 , REPLY: SRC=192.0.73.2 DST=176.36.141.89 PROTO=TCP SPT=443 DPT=62632 PKTS=0 BYTES=0
Dec  7 03:45:06 10.0.0.2 dnsmasq[1]: 1955606 192.168.1.180/50224 reply query is duplicate
Dec  7 03:45:06 10.0.0.2 ulogd[1267]: [NEW] ORIG: SRC=192.168.1.180 DST=146.75.116.193 PROTO=TCP SPT=62633 DPT=443 PKTS=0 BYTES=0 , REPLY: SRC=146.75.116.193 DST=176.36.141.89 PROTO=TCP SPT=443 DPT=62633 PKTS=0 BYTES=0
Dec  7 03:45:06 10.0.0.2 ulogd[1267]: [NEW] ORIG: SRC=192.168.1.180 DST=146.75.116.193 PROTO=TCP SPT=62634 DPT=443 PKTS=0 BYTES=0 , REPLY: SRC=146.75.116.193 DST=176.36.141.89 PROTO=TCP SPT=443 DPT=62634 PKTS=0 BYTES=0
Dec  7 03:45:08 10.0.0.2 ulogd[1267]: [NEW] ORIG: SRC=192.168.1.180 DST=198.252.206.25 PROTO=TCP SPT=62635 DPT=443 PKTS=0 BYTES=0 , REPLY: SRC=198.252.206.25 DST=176.36.141.89 PROTO=TCP SPT=443 DPT=62635 PKTS=0 BYTES=0
Dec  7 03:45:25 10.0.0.2 ulogd[1267]: [DESTROY] ORIG: SRC=fe80::b295:75ff:fe15:6fa5 DST=ff02::1:2 PROTO=UDP SPT=546 DPT=547 PKTS=1 BYTES=150 , REPLY: SRC=ff02::1:2 DST=fe80::b295:75ff:fe15:6fa5 PROTO=UDP SPT=547 DPT=546 PKTS=0 BYTES=0
Dec  7 03:45:25 10.0.0.2 ulogd[1267]: [DESTROY] ORIG: SRC=192.168.1.180 DST=198.252.206.25 PROTO=TCP SPT=62613 DPT=443 PKTS=11 BYTES=1879 , REPLY: SRC=198.252.206.25 DST=176.36.141.89 PROTO=TCP SPT=443 DPT=62613 PKTS=8 BYTES=5638
Dec  7 03:45:25 10.0.0.2 ulogd[1267]: [DESTROY] ORIG: SRC=fd02:c8be:1d40:0:9daf:53e:8101:d796 DST=fd02:c8be:1d40::1 PROTO=UDP SPT=62443 DPT=53 PKTS=3 BYTES=248 , REPLY: SRC=fd02:c8be:1d40::1 DST=fd02:c8be:1d40:0:9daf:53e:8101:d796 PROTO=UDP SPT=53 DPT=62443 PKTS=3 BYTES=385
Dec  7 03:45:25 10.0.0.2 ulogd[1267]: [DESTROY] ORIG: SRC=176.36.141.89 DST=194.50.85.7 PROTO=UDP SPT=52562 DPT=53 PKTS=1 BYTES=66 , REPLY: SRC=194.50.85.7 DST=176.36.141.89 PROTO=UDP SPT=53 DPT=52562 PKTS=1 BYTES=178
Dec  7 03:45:25 10.0.0.2 ulogd[1267]: [DESTROY] ORIG: SRC=176.36.141.89 DST=194.50.85.5 PROTO=UDP SPT=56058 DPT=53 PKTS=1 BYTES=63 , REPLY: SRC=194.50.85.5 DST=176.36.141.89 PROTO=UDP SPT=53 DPT=56058 PKTS=1 BYTES=168
Dec  7 03:45:25 10.0.0.2 ulogd[1267]: [DESTROY] ORIG: SRC=192.168.1.180 DST=35.186.224.25 PROTO=UDP SPT=65061 DPT=443 PKTS=7 BYTES=3178 , REPLY: SRC=35.186.224.25 DST=176.36.141.89 PROTO=UDP SPT=443 DPT=65061 PKTS=10 BYTES=4176
Dec  7 03:45:25 10.0.0.2 ulogd[1267]: [DESTROY] ORIG: SRC=192.168.1.180 DST=104.18.43.226 PROTO=TCP SPT=62623 DPT=443 PKTS=7 BYTES=930 , REPLY: SRC=104.18.43.226 DST=176.36.141.89 PROTO=TCP SPT=443 DPT=62623 PKTS=5 BYTES=4454
Dec  7 03:45:25 10.0.0.2 ulogd[1267]: [DESTROY] ORIG: SRC=192.168.1.180 DST=172.67.134.5 PROTO=TCP SPT=62558 DPT=443 PKTS=67 BYTES=5198 , REPLY: SRC=172.67.134.5 DST=176.36.141.89 PROTO=TCP SPT=443 DPT=62558 PKTS=92 BYTES=215831
Dec  7 03:45:25 10.0.0.2 ulogd[1267]: [DESTROY] ORIG: SRC=176.36.141.89 DST=194.50.85.7 PROTO=UDP SPT=45558 DPT=53 PKTS=1 BYTES=69 , REPLY: SRC=194.50.85.7 DST=176.36.141.89 PROTO=UDP SPT=53 DPT=45558 PKTS=1 BYTES=118
Dec  7 03:45:25 10.0.0.2 ulogd[1267]: [DESTROY] ORIG: SRC=192.168.1.180 DST=217.72.196.44 PROTO=TCP SPT=62586 DPT=443 PKTS=11 BYTES=2982 , REPLY: SRC=217.72.196.44 DST=176.36.141.89 PROTO=TCP SPT=443 DPT=62586 PKTS=10 BYTES=4567
Dec  7 03:45:25 10.0.0.2 ulogd[1267]: [DESTROY] ORIG: SRC=176.36.141.89 DST=194.50.85.5 PROTO=UDP SPT=56364 DPT=53 PKTS=1 BYTES=70 , REPLY: SRC=194.50.85.5 DST=176.36.141.89 PROTO=UDP SPT=53 DPT=56364 PKTS=1 BYTES=86
Dec  7 03:45:25 10.0.0.2 ulogd[1267]: [DESTROY] ORIG: SRC=192.168.1.180 DST=159.89.100.215 PROTO=TCP SPT=62620 DPT=443 PKTS=12 BYTES=2774 , REPLY: SRC=159.89.100.215 DST=176.36.141.89 PROTO=TCP SPT=443 DPT=62620 PKTS=10 BYTES=5423
Dec  7 03:45:25 10.0.0.2 ulogd[1267]: [DESTROY] ORIG: SRC=192.168.1.180 DST=172.64.147.34 PROTO=TCP SPT=62550 DPT=443 PKTS=26 BYTES=2405 , REPLY: SRC=172.64.147.34 DST=176.36.141.89 PROTO=TCP SPT=443 DPT=62550 PKTS=27 BYTES=82826
Dec  7 03:45:25 10.0.0.2 ulogd[1267]: [DESTROY] ORIG: SRC=176.36.141.89 DST=194.50.85.5 PROTO=UDP SPT=59335 DPT=53 PKTS=1 BYTES=69 , REPLY: SRC=194.50.85.5 DST=176.36.141.89 PROTO=UDP SPT=53 DPT=59335 PKTS=1 BYTES=167
Dec  7 03:45:25 10.0.0.2 ulogd[1267]: [DESTROY] ORIG: SRC=192.168.1.180 DST=192.0.73.2 PROTO=TCP SPT=62606 DPT=443 PKTS=6 BYTES=788 , REPLY: SRC=192.0.73.2 DST=176.36.141.89 PROTO=TCP SPT=443 DPT=62606 PKTS=4 BYTES=3958
Dec  7 03:45:25 10.0.0.2 ulogd[1267]: [DESTROY] ORIG: SRC=192.168.1.180 DST=192.0.73.2 PROTO=TCP SPT=62604 DPT=443 PKTS=25 BYTES=2811 , REPLY: SRC=192.0.73.2 DST=176.36.141.89 PROTO=TCP SPT=443 DPT=62604 PKTS=30 BYTES=30219
Dec  7 03:45:25 10.0.0.2 ulogd[1267]: [DESTROY] ORIG: SRC=192.168.1.180 DST=192.0.73.2 PROTO=TCP SPT=62631 DPT=443 PKTS=7 BYTES=956 , REPLY: SRC=192.0.73.2 DST=176.36.141.89 PROTO=TCP SPT=443 DPT=62631 PKTS=7 BYTES=4714
Dec  7 03:45:25 10.0.0.2 ulogd[1267]: [DESTROY] ORIG: SRC=192.168.1.180 DST=192.0.73.2 PROTO=TCP SPT=62608 DPT=443 PKTS=5 BYTES=780 , REPLY: SRC=192.0.73.2 DST=176.36.141.89 PROTO=TCP SPT=443 DPT=62608 PKTS=4 BYTES=3958
Dec  7 03:45:25 10.0.0.2 ulogd[1267]: [DESTROY] ORIG: SRC=fd02:c8be:1d40:0:9daf:53e:8101:d796 DST=fd02:c8be:1d40::1 PROTO=UDP SPT=64843 DPT=53 PKTS=1 BYTES=91 , REPLY: SRC=fd02:c8be:1d40::1 DST=fd02:c8be:1d40:0:9daf:53e:8101:d796 PROTO=UDP SPT=53 DPT=64843 PKTS=1 BYTES=145
Dec  7 03:45:25 10.0.0.2 ulogd[1267]: [DESTROY] ORIG: SRC=fd02:c8be:1d40:0:9daf:53e:8101:d796 DST=fd02:c8be:1d40::1 PROTO=UDP SPT=61207 DPT=53 PKTS=1 BYTES=89 , REPLY: SRC=fd02:c8be:1d40::1 DST=fd02:c8be:1d40:0:9daf:53e:8101:d796 PROTO=UDP SPT=53 DPT=61207 PKTS=1 BYTES=187
Dec  7 03:45:25 10.0.0.2 ulogd[1267]: [DESTROY] ORIG: SRC=176.36.141.89 DST=194.50.85.5 PROTO=UDP SPT=35112 DPT=53 PKTS=1 BYTES=67 , REPLY: SRC=194.50.85.5 DST=176.36.141.89 PROTO=UDP SPT=53 DPT=35112 PKTS=1 BYTES=99
Dec  7 03:45:25 10.0.0.2 ulogd[1267]: [DESTROY] ORIG: SRC=192.168.1.180 DST=146.75.116.193 PROTO=TCP SPT=62610 DPT=443 PKTS=8 BYTES=994 , REPLY: SRC=146.75.116.193 DST=176.36.141.89 PROTO=TCP SPT=443 DPT=62610 PKTS=9 BYTES=5573
Dec  7 03:45:25 10.0.0.2 ulogd[1267]: [DESTROY] ORIG: SRC=192.168.1.180 DST=192.0.73.2 PROTO=TCP SPT=62609 DPT=443 PKTS=5 BYTES=812 , REPLY: SRC=192.0.73.2 DST=176.36.141.89 PROTO=TCP SPT=443 DPT=62609 PKTS=5 BYTES=3997
Dec  7 03:45:25 10.0.0.2 ulogd[1267]: [DESTROY] ORIG: SRC=192.168.1.180 DST=104.18.40.222 PROTO=TCP SPT=62630 DPT=443 PKTS=6 BYTES=769 , REPLY: SRC=104.18.40.222 DST=176.36.141.89 PROTO=TCP SPT=443 DPT=62630 PKTS=4 BYTES=4110
Dec  7 03:45:25 10.0.0.2 ulogd[1267]: [DESTROY] ORIG: SRC=176.36.141.89 DST=194.50.85.5 PROTO=UDP SPT=52562 DPT=53 PKTS=1 BYTES=66 , REPLY: SRC=194.50.85.5 DST=176.36.141.89 PROTO=UDP SPT=53 DPT=52562 PKTS=1 BYTES=178
Dec  7 03:45:25 10.0.0.2 ulogd[1267]: [DESTROY] ORIG: SRC=192.168.1.180 DST=146.75.116.193 PROTO=TCP SPT=62633 DPT=443 PKTS=6 BYTES=853 , REPLY: SRC=146.75.116.193 DST=176.36.141.89 PROTO=TCP SPT=443 DPT=62633 PKTS=6 BYTES=5164
Dec  7 03:45:25 10.0.0.2 ulogd[1267]: [DESTROY] ORIG: SRC=192.168.1.1 DST=192.168.1.45 PROTO=UDP SPT=45558 DPT=5353 PKTS=1 BYTES=69 , REPLY: SRC=192.168.1.45 DST=192.168.1.1 PROTO=UDP SPT=5353 DPT=45558 PKTS=0 BYTES=0
Dec  7 03:45:25 10.0.0.2 ulogd[1267]: [DESTROY] ORIG: SRC=192.168.1.180 DST=104.18.40.222 PROTO=TCP SPT=62629 DPT=443 PKTS=5 BYTES=811 , REPLY: SRC=104.18.40.222 DST=176.36.141.89 PROTO=TCP SPT=443 DPT=62629 PKTS=3 BYTES=4069
Dec  7 03:45:25 10.0.0.2 ulogd[1267]: [DESTROY] ORIG: SRC=192.168.1.180 DST=104.18.32.7 PROTO=TCP SPT=62549 DPT=443 PKTS=39 BYTES=3533 , REPLY: SRC=104.18.32.7 DST=176.36.141.89 PROTO=TCP SPT=443 DPT=62549 PKTS=54 BYTES=49710
Dec  7 03:45:25 10.0.0.2 ulogd[1267]: [DESTROY] ORIG: SRC=176.36.141.89 DST=194.50.85.5 PROTO=UDP SPT=37832 DPT=53 PKTS=1 BYTES=71 , REPLY: SRC=194.50.85.5 DST=176.36.141.89 PROTO=UDP SPT=53 DPT=37832 PKTS=1 BYTES=125
Dec  7 03:45:25 10.0.0.2 ulogd[1267]: [DESTROY] ORIG: SRC=fd02:c8be:1d40:0:9daf:53e:8101:d796 DST=fd02:c8be:1d40::1 PROTO=UDP SPT=51457 DPT=53 PKTS=5 BYTES=445 , REPLY: SRC=fd02:c8be:1d40::1 DST=fd02:c8be:1d40:0:9daf:53e:8101:d796 PROTO=UDP SPT=53 DPT=51457 PKTS=5 BYTES=694
Dec  7 03:45:25 10.0.0.2 ulogd[1267]: [DESTROY] ORIG: SRC=176.36.141.89 DST=194.50.85.7 PROTO=UDP SPT=35112 DPT=53 PKTS=1 BYTES=67 , REPLY: SRC=194.50.85.7 DST=176.36.141.89 PROTO=UDP SPT=53 DPT=35112 PKTS=1 BYTES=99
Dec  7 03:45:25 10.0.0.2 ulogd[1267]: [DESTROY] ORIG: SRC=176.36.141.89 DST=194.50.85.5 PROTO=UDP SPT=35323 DPT=53 PKTS=1 BYTES=71 , REPLY: SRC=194.50.85.5 DST=176.36.141.89 PROTO=UDP SPT=53 DPT=35323 PKTS=1 BYTES=174
Dec  7 03:45:25 10.0.0.2 ulogd[1267]: [DESTROY] ORIG: SRC=192.168.1.180 DST=142.250.201.195 PROTO=TCP SPT=62584 DPT=443 PKTS=8 BYTES=1400 , REPLY: SRC=142.250.201.195 DST=176.36.141.89 PROTO=TCP SPT=443 DPT=62584 PKTS=6 BYTES=1604
Dec  7 03:45:25 10.0.0.2 ulogd[1267]: [DESTROY] ORIG: SRC=192.168.1.1 DST=192.168.1.45 PROTO=TCP SPT=48788 DPT=514 PKTS=1755 BYTES=536373 , REPLY: SRC=192.168.1.45 DST=192.168.1.1 PROTO=TCP SPT=514 DPT=48788 PKTS=1741 BYTES=90540
Dec  7 03:45:25 10.0.0.2 ulogd[1267]: [DESTROY] ORIG: SRC=192.168.1.180 DST=192.0.73.2 PROTO=TCP SPT=62607 DPT=443 PKTS=6 BYTES=788 , REPLY: SRC=192.0.73.2 DST=176.36.141.89 PROTO=TCP SPT=443 DPT=62607 PKTS=3 BYTES=3919
Dec  7 03:45:25 10.0.0.2 ulogd[1267]: [DESTROY] ORIG: SRC=192.168.1.180 DST=217.72.196.44 PROTO=TCP SPT=62587 DPT=443 PKTS=10 BYTES=3001 , REPLY: SRC=217.72.196.44 DST=176.36.141.89 PROTO=TCP SPT=443 DPT=62587 PKTS=9 BYTES=4790
Dec  7 03:45:25 10.0.0.2 ulogd[1267]: [DESTROY] ORIG: SRC=176.36.141.89 DST=194.50.85.5 PROTO=UDP SPT=45558 DPT=53 PKTS=1 BYTES=69 , REPLY: SRC=194.50.85.5 DST=176.36.141.89 PROTO=UDP SPT=53 DPT=45558 PKTS=1 BYTES=118
Dec  7 03:45:25 10.0.0.2 ulogd[1267]: [DESTROY] ORIG: SRC=fd02:c8be:1d40:0:9daf:53e:8101:d796 DST=fd02:c8be:1d40::1 PROTO=UDP SPT=49771 DPT=53 PKTS=1 BYTES=89 , REPLY: SRC=fd02:c8be:1d40::1 DST=fd02:c8be:1d40:0:9daf:53e:8101:d796 PROTO=UDP SPT=53 DPT=49771 PKTS=1 BYTES=138
Dec  7 03:45:25 10.0.0.2 ulogd[1267]: [DESTROY] ORIG: SRC=192.168.1.180 DST=46.101.131.99 PROTO=TCP SPT=62590 DPT=443 PKTS=12 BYTES=3311 , REPLY: SRC=46.101.131.99 DST=176.36.141.89 PROTO=TCP SPT=443 DPT=62590 PKTS=12 BYTES=5503
Dec  7 03:45:25 10.0.0.2 ulogd[1267]: [DESTROY] ORIG: SRC=176.36.141.89 DST=194.50.85.7 PROTO=UDP SPT=33568 DPT=53 PKTS=1 BYTES=63 , REPLY: SRC=194.50.85.7 DST=176.36.141.89 PROTO=UDP SPT=53 DPT=33568 PKTS=1 BYTES=168
Dec  7 03:45:25 10.0.0.2 ulogd[1267]: [DESTROY] ORIG: SRC=192.168.1.1 DST=192.168.1.45 PROTO=UDP SPT=52562 DPT=5353 PKTS=1 BYTES=66 , REPLY: SRC=192.168.1.45 DST=192.168.1.1 PROTO=UDP SPT=5353 DPT=52562 PKTS=0 BYTES=0
Dec  7 03:45:25 10.0.0.2 ulogd[1267]: [DESTROY] ORIG: SRC=192.168.1.180 DST=104.18.40.222 PROTO=TCP SPT=62628 DPT=443 PKTS=5 BYTES=811 , REPLY: SRC=104.18.40.222 DST=176.36.141.89 PROTO=TCP SPT=443 DPT=62628 PKTS=5 BYTES=4150
Dec  7 03:45:25 10.0.0.2 ulogd[1267]: [DESTROY] ORIG: SRC=192.168.1.180 DST=142.250.201.195 PROTO=TCP SPT=62582 DPT=443 PKTS=8 BYTES=1432 , REPLY: SRC=142.250.201.195 DST=176.36.141.89 PROTO=TCP SPT=443 DPT=62582 PKTS=6 BYTES=1604
Dec  7 03:45:25 10.0.0.2 ulogd[1267]: [DESTROY] ORIG: SRC=192.168.1.180 DST=52.5.83.231 PROTO=TCP SPT=62599 DPT=443 PKTS=13 BYTES=5159 , REPLY: SRC=52.5.83.231 DST=176.36.141.89 PROTO=TCP SPT=443 DPT=62599 PKTS=9 BYTES=697
Dec  7 03:45:25 10.0.0.2 ulogd[1267]: [DESTROY] ORIG: SRC=192.168.1.180 DST=35.186.224.18 PROTO=UDP SPT=52014 DPT=443 PKTS=10 BYTES=4233 , REPLY: SRC=35.186.224.18 DST=176.36.141.89 PROTO=UDP SPT=443 DPT=52014 PKTS=11 BYTES=4463
Dec  7 03:45:25 10.0.0.2 ulogd[1267]: [DESTROY] ORIG: SRC=192.168.1.180 DST=192.0.73.2 PROTO=TCP SPT=62605 DPT=443 PKTS=6 BYTES=820 , REPLY: SRC=192.0.73.2 DST=176.36.141.89 PROTO=TCP SPT=443 DPT=62605 PKTS=4 BYTES=3958
Dec  7 03:45:25 10.0.0.2 ulogd[1267]: [DESTROY] ORIG: SRC=fd02:c8be:1d40:0:9daf:53e:8101:d796 DST=fd02:c8be:1d40::1 PROTO=UDP SPT=54778 DPT=53 PKTS=1 BYTES=91 , REPLY: SRC=fd02:c8be:1d40::1 DST=fd02:c8be:1d40:0:9daf:53e:8101:d796 PROTO=UDP SPT=53 DPT=54778 PKTS=1 BYTES=194
Dec  7 03:45:25 10.0.0.2 ulogd[1267]: [DESTROY] ORIG: SRC=192.168.1.180 DST=217.72.199.27 PROTO=TCP SPT=62581 DPT=443 PKTS=28 BYTES=3198 , REPLY: SRC=217.72.199.27 DST=176.36.141.89 PROTO=TCP SPT=443 DPT=62581 PKTS=37 BYTES=6509
Dec  7 03:45:25 10.0.0.2 ulogd[1267]: [DESTROY] ORIG: SRC=192.168.1.180 DST=104.18.40.222 PROTO=TCP SPT=62625 DPT=443 PKTS=5 BYTES=747 , REPLY: SRC=104.18.40.222 DST=176.36.141.89 PROTO=TCP SPT=443 DPT=62625 PKTS=3 BYTES=4070
Dec  7 03:45:25 10.0.0.2 ulogd[1267]: [DESTROY] ORIG: SRC=192.168.1.180 DST=104.18.40.222 PROTO=TCP SPT=62601 DPT=443 PKTS=5 BYTES=779 , REPLY: SRC=104.18.40.222 DST=176.36.141.89 PROTO=TCP SPT=443 DPT=62601 PKTS=4 BYTES=4111
Dec  7 03:45:25 10.0.0.2 ulogd[1267]: [DESTROY] ORIG: SRC=192.168.1.180 DST=104.18.40.222 PROTO=TCP SPT=62626 DPT=443 PKTS=5 BYTES=747 , REPLY: SRC=104.18.40.222 DST=176.36.141.89 PROTO=TCP SPT=443 DPT=62626 PKTS=4 BYTES=4110
Dec  7 03:45:25 10.0.0.2 ulogd[1267]: [DESTROY] ORIG: SRC=192.168.1.180 DST=52.5.83.231 PROTO=TCP SPT=62593 DPT=443 PKTS=12 BYTES=4552 , REPLY: SRC=52.5.83.231 DST=176.36.141.89 PROTO=TCP SPT=443 DPT=62593 PKTS=8 BYTES=661
Dec  7 03:45:25 10.0.0.2 ulogd[1267]: [DESTROY] ORIG: SRC=192.168.1.180 DST=192.168.1.1 PROTO=UDP SPT=56292 DPT=53 PKTS=1 BYTES=70 , REPLY: SRC=192.168.1.1 DST=192.168.1.180 PROTO=UDP SPT=53 DPT=56292 PKTS=1 BYTES=86
Dec  7 03:45:25 10.0.0.2 ulogd[1267]: [DESTROY] ORIG: SRC=192.168.1.1 DST=192.168.1.45 PROTO=UDP SPT=35112 DPT=5353 PKTS=1 BYTES=67 , REPLY: SRC=192.168.1.45 DST=192.168.1.1 PROTO=UDP SPT=5353 DPT=35112 PKTS=0 BYTES=0
Dec  7 03:45:25 10.0.0.2 ulogd[1267]: [DESTROY] ORIG: SRC=192.168.1.180 DST=35.186.224.18 PROTO=TCP SPT=62538 DPT=443 PKTS=22 BYTES=1553 , REPLY: SRC=35.186.224.18 DST=176.36.141.89 PROTO=TCP SPT=443 DPT=62538 PKTS=22 BYTES=5174
Dec  7 03:45:25 10.0.0.2 ulogd[1267]: [NEW] ORIG: SRC=192.168.1.180 DST=52.11.245.77 PROTO=TCP SPT=62636 DPT=443 PKTS=0 BYTES=0 , REPLY: SRC=52.11.245.77 DST=176.36.141.89 PROTO=TCP SPT=443 DPT=62636 PKTS=0 BYTES=0
Dec  7 03:45:27 10.0.0.2 ulogd[1267]: [NEW] ORIG: SRC=fd02:c8be:1d40:0:9daf:53e:8101:d796 DST=fd02:c8be:1d40::1 PROTO=UDP SPT=53043 DPT=53 PKTS=0 BYTES=0 , REPLY: SRC=fd02:c8be:1d40::1 DST=fd02:c8be:1d40:0:9daf:53e:8101:d796 PROTO=UDP SPT=53 DPT=53043 PKTS=0 BYTES=0
Dec  7 03:45:27 10.0.0.2 dnsmasq[1]: 1955607 fd02:c8be:1d40:0:9daf:53e:8101:d796/53043 query[A] www.cyberciti.biz from fd02:c8be:1d40:0:9daf:53e:8101:d796
Dec  7 03:45:27 10.0.0.2 ulogd[1267]: [NEW] ORIG: SRC=192.168.1.1 DST=192.168.1.45 PROTO=UDP SPT=38023 DPT=5353 PKTS=0 BYTES=0 , REPLY: SRC=192.168.1.45 DST=192.168.1.1 PROTO=UDP SPT=5353 DPT=38023 PKTS=0 BYTES=0
Dec  7 03:45:27 10.0.0.2 dnsmasq[1]: 1955607 fd02:c8be:1d40:0:9daf:53e:8101:d796/53043 forwarded www.cyberciti.biz to 192.168.1.45
Dec  7 03:45:27 10.0.0.2 ulogd[1267]: [NEW] ORIG: SRC=176.36.141.89 DST=194.50.85.5 PROTO=UDP SPT=38023 DPT=53 PKTS=0 BYTES=0 , REPLY: SRC=194.50.85.5 DST=176.36.141.89 PROTO=UDP SPT=53 DPT=38023 PKTS=0 BYTES=0
Dec  7 03:45:27 10.0.0.2 dnsmasq[1]: 1955607 fd02:c8be:1d40:0:9daf:53e:8101:d796/53043 forwarded www.cyberciti.biz to 194.50.85.5
Dec  7 03:45:27 10.0.0.2 ulogd[1267]: [NEW] ORIG: SRC=176.36.141.89 DST=194.50.85.7 PROTO=UDP SPT=38023 DPT=53 PKTS=0 BYTES=0 , REPLY: SRC=194.50.85.7 DST=176.36.141.89 PROTO=UDP SPT=53 DPT=38023 PKTS=0 BYTES=0
Dec  7 03:45:27 10.0.0.2 dnsmasq[1]: 1955607 fd02:c8be:1d40:0:9daf:53e:8101:d796/53043 forwarded www.cyberciti.biz to 194.50.85.7
Dec  7 03:45:27 10.0.0.2 dnsmasq[1]: 1955607 fd02:c8be:1d40:0:9daf:53e:8101:d796/53043 reply www.cyberciti.biz is 172.67.24.3
Dec  7 03:45:27 10.0.0.2 dnsmasq[1]: 1955607 fd02:c8be:1d40:0:9daf:53e:8101:d796/53043 reply www.cyberciti.biz is 104.22.63.166
Dec  7 03:45:27 10.0.0.2 dnsmasq[1]: 1955607 fd02:c8be:1d40:0:9daf:53e:8101:d796/53043 reply www.cyberciti.biz is 104.22.62.166
Dec  7 03:45:27 10.0.0.2 ulogd[1267]: [NEW] ORIG: SRC=192.168.1.180 DST=172.67.24.3 PROTO=TCP SPT=62637 DPT=443 PKTS=0 BYTES=0 , REPLY: SRC=172.67.24.3 DST=176.36.141.89 PROTO=TCP SPT=443 DPT=62637 PKTS=0 BYTES=0
Dec  7 03:45:27 10.0.0.2 ulogd[1267]: [NEW] ORIG: SRC=192.168.1.180 DST=172.67.24.3 PROTO=TCP SPT=62638 DPT=443 PKTS=0 BYTES=0 , REPLY: SRC=172.67.24.3 DST=176.36.141.89 PROTO=TCP SPT=443 DPT=62638 PKTS=0 BYTES=0
Dec  7 03:45:27 10.0.0.2 ulogd[1267]: [NEW] ORIG: SRC=192.168.1.180 DST=142.251.39.3 PROTO=UDP SPT=49958 DPT=443 PKTS=0 BYTES=0 , REPLY: SRC=142.251.39.3 DST=176.36.141.89 PROTO=UDP SPT=443 DPT=49958 PKTS=0 BYTES=0
Dec  7 03:45:28 10.0.0.2 ulogd[1267]: [NEW] ORIG: SRC=192.168.1.180 DST=172.67.24.3 PROTO=UDP SPT=59059 DPT=443 PKTS=0 BYTES=0 , REPLY: SRC=172.67.24.3 DST=176.36.141.89 PROTO=UDP SPT=443 DPT=59059 PKTS=0 BYTES=0
Dec  7 03:45:28 10.0.0.2 ulogd[1267]: [NEW] ORIG: SRC=192.168.1.180 DST=172.67.24.3 PROTO=UDP SPT=60523 DPT=443 PKTS=0 BYTES=0 , REPLY: SRC=172.67.24.3 DST=176.36.141.89 PROTO=UDP SPT=443 DPT=60523 PKTS=0 BYTES=0
Dec  7 03:45:28 10.0.0.2 dnsmasq[1]: 1955608 fd02:c8be:1d40:0:9daf:53e:8101:d796/53043 query[A] plausible.cyberciti.biz from fd02:c8be:1d40:0:9daf:53e:8101:d796
Dec  7 03:45:28 10.0.0.2 dnsmasq[1]: 1955608 fd02:c8be:1d40:0:9daf:53e:8101:d796/53043 forwarded plausible.cyberciti.biz to 194.50.85.7
Dec  7 03:45:28 10.0.0.2 ulogd[1267]: [NEW] ORIG: SRC=176.36.141.89 DST=194.50.85.7 PROTO=UDP SPT=58296 DPT=53 PKTS=0 BYTES=0 , REPLY: SRC=194.50.85.7 DST=176.36.141.89 PROTO=UDP SPT=53 DPT=58296 PKTS=0 BYTES=0
Dec  7 03:45:29 10.0.0.2 ulogd[1267]: [NEW] ORIG: SRC=192.168.1.180 DST=192.168.1.1 PROTO=UDP SPT=53043 DPT=53 PKTS=0 BYTES=0 , REPLY: SRC=192.168.1.1 DST=192.168.1.180 PROTO=UDP SPT=53 DPT=53043 PKTS=0 BYTES=0
Dec  7 03:45:29 10.0.0.2 dnsmasq[1]: 1955609 192.168.1.180/53043 query[A] plausible.cyberciti.biz from 192.168.1.180
Dec  7 03:45:29 10.0.0.2 dnsmasq[1]: 1955608 fd02:c8be:1d40:0:9daf:53e:8101:d796/53043 reply plausible.cyberciti.biz is 104.22.63.166
Dec  7 03:45:29 10.0.0.2 dnsmasq[1]: 1955608 fd02:c8be:1d40:0:9daf:53e:8101:d796/53043 reply plausible.cyberciti.biz is 104.22.62.166
Dec  7 03:45:29 10.0.0.2 dnsmasq[1]: 1955608 fd02:c8be:1d40:0:9daf:53e:8101:d796/53043 reply plausible.cyberciti.biz is 172.67.24.3
Dec  7 03:45:29 10.0.0.2 dnsmasq[1]: 1955609 192.168.1.180/53043 reply query is duplicate
Dec  7 03:45:29 10.0.0.2 ulogd[1267]: [NEW] ORIG: SRC=192.168.1.180 DST=104.22.63.166 PROTO=TCP SPT=62639 DPT=443 PKTS=0 BYTES=0 , REPLY: SRC=104.22.63.166 DST=176.36.141.89 PROTO=TCP SPT=443 DPT=62639 PKTS=0 BYTES=0
