Dec  9 00:48:50 10.0.0.2 dnsmasq[1]: 2117932 fd02:c8be:1d40:0:75c3:3b72:9ae4:cb64/51904 cached sync-v2.brave.com is <CNAME>
Dec  9 00:48:50 10.0.0.2 ulogd[1267]: [NEW] ORIG: SRC=fd02:c8be:1d40:0:75c3:3b72:9ae4:cb64 DST=fd02:c8be:1d40::1 PROTO=UDP SPT=56915 DPT=53 PKTS=0 BYTES=0 , REPLY: SRC=fd02:c8be:1d40::1 DST=fd02:c8be:1d40:0:75c3:3b72:9ae4:cb64 PROTO=UDP SPT=53 DPT=56915 PKTS=0 BYTES=0
Dec  9 00:48:50 10.0.0.2 ulogd[1267]: [NEW] ORIG: SRC=176.36.141.89 DST=194.50.85.5 PROTO=UDP SPT=49141 DPT=53 PKTS=0 BYTES=0 , REPLY: SRC=194.50.85.5 DST=176.36.141.89 PROTO=UDP SPT=53 DPT=49141 PKTS=0 BYTES=0
Dec  9 00:48:50 10.0.0.2 dnsmasq[1]: 2117932 fd02:c8be:1d40:0:75c3:3b72:9ae4:cb64/51904 forwarded sync-v2.brave.com to 194.50.85.5
Dec  9 00:48:50 10.0.0.2 dnsmasq[1]: 2117933 fd02:c8be:1d40:0:75c3:3b72:9ae4:cb64/56915 query[type=65] sync-v2.brave.com from fd02:c8be:1d40:0:75c3:3b72:9ae4:cb64
Dec  9 00:48:50 10.0.0.2 dnsmasq[1]: 2117933 fd02:c8be:1d40:0:75c3:3b72:9ae4:cb64/56915 forwarded sync-v2.brave.com to 194.50.85.5
Dec  9 00:48:50 10.0.0.2 ulogd[1267]: [NEW] ORIG: SRC=176.36.141.89 DST=194.50.85.5 PROTO=UDP SPT=54317 DPT=53 PKTS=0 BYTES=0 , REPLY: SRC=194.50.85.5 DST=176.36.141.89 PROTO=UDP SPT=53 DPT=54317 PKTS=0 BYTES=0
Dec  9 00:48:50 10.0.0.2 ulogd[1267]: [NEW] ORIG: SRC=fd02:c8be:1d40:0:75c3:3b72:9ae4:cb64 DST=fd02:c8be:1d40::1 PROTO=UDP SPT=56735 DPT=53 PKTS=0 BYTES=0 , REPLY: SRC=fd02:c8be:1d40::1 DST=fd02:c8be:1d40:0:75c3:3b72:9ae4:cb64 PROTO=UDP SPT=53 DPT=56735 PKTS=0 BYTES=0
Dec  9 00:48:50 10.0.0.2 dnsmasq[1]: 2117934 fd02:c8be:1d40:0:75c3:3b72:9ae4:cb64/56735 query[A] audio-ak-del-277.akamaized.net from fd02:c8be:1d40:0:75c3:3b72:9ae4:cb64
Dec  9 00:48:50 10.0.0.2 ulogd[1267]: [NEW] ORIG: SRC=fd02:c8be:1d40:0:75c3:3b72:9ae4:cb64 DST=fd02:c8be:1d40::1 PROTO=UDP SPT=57788 DPT=53 PKTS=0 BYTES=0 , REPLY: SRC=fd02:c8be:1d40::1 DST=fd02:c8be:1d40:0:75c3:3b72:9ae4:cb64 PROTO=UDP SPT=53 DPT=57788 PKTS=0 BYTES=0
Dec  9 00:48:50 10.0.0.2 dnsmasq[1]: 2117934 fd02:c8be:1d40:0:75c3:3b72:9ae4:cb64/56735 forwarded audio-ak-del-277.akamaized.net to 194.50.85.5
Dec  9 00:48:50 10.0.0.2 ulogd[1267]: [NEW] ORIG: SRC=176.36.141.89 DST=194.50.85.5 PROTO=UDP SPT=33983 DPT=53 PKTS=0 BYTES=0 , REPLY: SRC=194.50.85.5 DST=176.36.141.89 PROTO=UDP SPT=53 DPT=33983 PKTS=0 BYTES=0
Dec  9 00:48:50 10.0.0.2 dnsmasq[1]: 2117934 fd02:c8be:1d40:0:75c3:3b72:9ae4:cb64/56735 reply audio-ak-del-277.akamaized.net is <CNAME>
Dec  9 00:48:50 10.0.0.2 dnsmasq[1]: 2117934 fd02:c8be:1d40:0:75c3:3b72:9ae4:cb64/56735 reply a914.dscw27.akamai.net is 62.140.236.154
Dec  9 00:48:50 10.0.0.2 dnsmasq[1]: 2117934 fd02:c8be:1d40:0:75c3:3b72:9ae4:cb64/56735 reply a914.dscw27.akamai.net is 62.140.236.170
Dec  9 00:48:50 10.0.0.2 dnsmasq[1]: 2117935 fd02:c8be:1d40:0:75c3:3b72:9ae4:cb64/57788 query[type=65] audio-ak-del-277.akamaized.net from fd02:c8be:1d40:0:75c3:3b72:9ae4:cb64
Dec  9 00:48:50 10.0.0.2 dnsmasq[1]: 2117935 fd02:c8be:1d40:0:75c3:3b72:9ae4:cb64/57788 cached audio-ak-del-277.akamaized.net is <CNAME>
Dec  9 00:48:50 10.0.0.2 dnsmasq[1]: 2117935 fd02:c8be:1d40:0:75c3:3b72:9ae4:cb64/57788 forwarded audio-ak-del-277.akamaized.net to 194.50.85.5
Dec  9 00:48:50 10.0.0.2 ulogd[1267]: [NEW] ORIG: SRC=176.36.141.89 DST=194.50.85.5 PROTO=UDP SPT=57405 DPT=53 PKTS=0 BYTES=0 , REPLY: SRC=194.50.85.5 DST=176.36.141.89 PROTO=UDP SPT=53 DPT=57405 PKTS=0 BYTES=0
Dec  9 00:48:50 10.0.0.2 ulogd[1267]: [NEW] ORIG: SRC=192.168.1.180 DST=62.140.236.154 PROTO=TCP SPT=65375 DPT=443 PKTS=0 BYTES=0 , REPLY: SRC=62.140.236.154 DST=176.36.141.89 PROTO=TCP SPT=443 DPT=65375 PKTS=0 BYTES=0
Dec  9 00:48:50 10.0.0.2 dnsmasq[1]: 2117935 fd02:c8be:1d40:0:75c3:3b72:9ae4:cb64/57788 reply audio-ak-del-277.akamaized.net is <CNAME>
Dec  9 00:48:50 10.0.0.2 dnsmasq[1]: 2117935 fd02:c8be:1d40:0:75c3:3b72:9ae4:cb64/57788 reply a914.dscw27.akamai.net is NODATA
Dec  9 00:48:50 10.0.0.2 ulogd[1267]: [NEW] ORIG: SRC=fd02:c8be:1d40:0:75c3:3b72:9ae4:cb64 DST=fd02:c8be:1d40::1 PROTO=UDP SPT=59899 DPT=53 PKTS=0 BYTES=0 , REPLY: SRC=fd02:c8be:1d40::1 DST=fd02:c8be:1d40:0:75c3:3b72:9ae4:cb64 PROTO=UDP SPT=53 DPT=59899 PKTS=0 BYTES=0
Dec  9 00:48:50 10.0.0.2 dnsmasq[1]: 2117936 fd02:c8be:1d40:0:75c3:3b72:9ae4:cb64/59899 query[A] gew1-spclient.spotify.com from fd02:c8be:1d40:0:75c3:3b72:9ae4:cb64
Dec  9 00:48:50 10.0.0.2 dnsmasq[1]: 2117936 fd02:c8be:1d40:0:75c3:3b72:9ae4:cb64/59899 cached gew1-spclient.spotify.com is <CNAME>
Dec  9 00:48:50 10.0.0.2 dnsmasq[1]: 2117936 fd02:c8be:1d40:0:75c3:3b72:9ae4:cb64/59899 cached edge-web-gew1.dual-gslb.spotify.com is 35.186.224.18
Dec  9 00:48:50 10.0.0.2 ulogd[1267]: [NEW] ORIG: SRC=fd02:c8be:1d40:0:75c3:3b72:9ae4:cb64 DST=fd02:c8be:1d40::1 PROTO=UDP SPT=58732 DPT=53 PKTS=0 BYTES=0 , REPLY: SRC=fd02:c8be:1d40::1 DST=fd02:c8be:1d40:0:75c3:3b72:9ae4:cb64 PROTO=UDP SPT=53 DPT=58732 PKTS=0 BYTES=0
Dec  9 00:48:50 10.0.0.2 dnsmasq[1]: 2117937 fd02:c8be:1d40:0:75c3:3b72:9ae4:cb64/58732 query[type=65] gew1-spclient.spotify.com from fd02:c8be:1d40:0:75c3:3b72:9ae4:cb64
Dec  9 00:48:50 10.0.0.2 dnsmasq[1]: 2117937 fd02:c8be:1d40:0:75c3:3b72:9ae4:cb64/58732 cached gew1-spclient.spotify.com is <CNAME>
Dec  9 00:48:50 10.0.0.2 ulogd[1267]: [NEW] ORIG: SRC=176.36.141.89 DST=194.50.85.5 PROTO=UDP SPT=43791 DPT=53 PKTS=0 BYTES=0 , REPLY: SRC=194.50.85.5 DST=176.36.141.89 PROTO=UDP SPT=53 DPT=43791 PKTS=0 BYTES=0
Dec  9 00:48:50 10.0.0.2 dnsmasq[1]: 2117937 fd02:c8be:1d40:0:75c3:3b72:9ae4:cb64/58732 forwarded gew1-spclient.spotify.com to 194.50.85.5
Dec  9 00:48:50 10.0.0.2 dnsmasq[1]: 2117937 fd02:c8be:1d40:0:75c3:3b72:9ae4:cb64/58732 reply gew1-spclient.spotify.com is <CNAME>
Dec  9 00:48:50 10.0.0.2 dnsmasq[1]: 2117937 fd02:c8be:1d40:0:75c3:3b72:9ae4:cb64/58732 reply edge-web-gew1.dual-gslb.spotify.com is NODATA
Dec  9 00:48:50 10.0.0.2 ulogd[1267]: [NEW] ORIG: SRC=192.168.1.180 DST=35.186.224.18 PROTO=UDP SPT=61594 DPT=443 PKTS=0 BYTES=0 , REPLY: SRC=35.186.224.18 DST=176.36.141.89 PROTO=UDP SPT=443 DPT=61594 PKTS=0 BYTES=0
Dec  9 00:48:51 10.0.0.2 ulogd[1267]: [NEW] ORIG: SRC=192.168.1.180 DST=192.168.1.1 PROTO=UDP SPT=64692 DPT=53 PKTS=0 BYTES=0 , REPLY: SRC=192.168.1.1 DST=192.168.1.180 PROTO=UDP SPT=53 DPT=64692 PKTS=0 BYTES=0
Dec  9 00:48:51 10.0.0.2 dnsmasq[1]: 2117938 192.168.1.180/64692 query[A] sync-v2.brave.com from 192.168.1.180
Dec  9 00:48:51 10.0.0.2 ulogd[1267]: [NEW] ORIG: SRC=192.168.1.180 DST=192.168.1.1 PROTO=UDP SPT=55139 DPT=53 PKTS=0 BYTES=0 , REPLY: SRC=192.168.1.1 DST=192.168.1.180 PROTO=UDP SPT=53 DPT=55139 PKTS=0 BYTES=0
Dec  9 00:48:51 10.0.0.2 dnsmasq[1]: 2117939 192.168.1.180/55139 query[type=65] sync-v2.brave.com from 192.168.1.180
Dec  9 00:48:52 10.0.0.2 ulogd[1267]: [NEW] ORIG: SRC=192.168.1.180 DST=192.168.1.1 PROTO=UDP SPT=55119 DPT=53 PKTS=0 BYTES=0 , REPLY: SRC=192.168.1.1 DST=192.168.1.180 PROTO=UDP SPT=53 DPT=55119 PKTS=0 BYTES=0
Dec  9 00:48:52 10.0.0.2 dnsmasq[1]: 2117940 192.168.1.180/55119 query[A] sync-v2.brave.com from 192.168.1.180
Dec  9 00:48:52 10.0.0.2 ulogd[1267]: [NEW] ORIG: SRC=fd02:c8be:1d40:0:75c3:3b72:9ae4:cb64 DST=fd02:c8be:1d40::1 PROTO=UDP SPT=62674 DPT=53 PKTS=0 BYTES=0 , REPLY: SRC=fd02:c8be:1d40::1 DST=fd02:c8be:1d40:0:75c3:3b72:9ae4:cb64 PROTO=UDP SPT=53 DPT=62674 PKTS=0 BYTES=0
Dec  9 00:48:52 10.0.0.2 dnsmasq[1]: 2117940 192.168.1.180/55119 forwarded sync-v2.brave.com to 194.50.85.5
Dec  9 00:48:52 10.0.0.2 dnsmasq[1]: 2117940 fd02:c8be:1d40:0:75c3:3b72:9ae4:cb64/51904 reply sync-v2.brave.com is <CNAME>
Dec  9 00:48:52 10.0.0.2 dnsmasq[1]: 2117940 fd02:c8be:1d40:0:75c3:3b72:9ae4:cb64/51904 reply sync-alb-152764135.us-west-2.elb.amazonaws.com is 44.230.54.232
Dec  9 00:48:52 10.0.0.2 dnsmasq[1]: 2117940 fd02:c8be:1d40:0:75c3:3b72:9ae4:cb64/51904 reply sync-alb-152764135.us-west-2.elb.amazonaws.com is 52.11.56.197
Dec  9 00:48:52 10.0.0.2 dnsmasq[1]: 2117940 fd02:c8be:1d40:0:75c3:3b72:9ae4:cb64/51904 reply sync-alb-152764135.us-west-2.elb.amazonaws.com is 34.223.239.225
Dec  9 00:48:52 10.0.0.2 dnsmasq[1]: 2117940 192.168.1.180/55119 reply query is duplicate
Dec  9 00:48:52 10.0.0.2 dnsmasq[1]: 2117938 192.168.1.180/64692 reply query is duplicate
Dec  9 00:48:52 10.0.0.2 dnsmasq[1]: 2117941 fd02:c8be:1d40:0:75c3:3b72:9ae4:cb64/62674 query[type=65] sync-v2.brave.com from fd02:c8be:1d40:0:75c3:3b72:9ae4:cb64
Dec  9 00:48:52 10.0.0.2 dnsmasq[1]: 2117941 fd02:c8be:1d40:0:75c3:3b72:9ae4:cb64/62674 cached sync-v2.brave.com is <CNAME>
Dec  9 00:48:52 10.0.0.2 dnsmasq[1]: 2117941 fd02:c8be:1d40:0:75c3:3b72:9ae4:cb64/62674 forwarded sync-v2.brave.com to 194.50.85.5
Dec  9 00:48:52 10.0.0.2 dnsmasq[1]: 2117941 fd02:c8be:1d40:0:75c3:3b72:9ae4:cb64/56915 reply sync-v2.brave.com is <CNAME>
Dec  9 00:48:52 10.0.0.2 dnsmasq[1]: 2117941 fd02:c8be:1d40:0:75c3:3b72:9ae4:cb64/56915 reply sync-alb-152764135.us-west-2.elb.amazonaws.com is NODATA
Dec  9 00:48:52 10.0.0.2 dnsmasq[1]: 2117941 fd02:c8be:1d40:0:75c3:3b72:9ae4:cb64/62674 reply query is duplicate
Dec  9 00:48:52 10.0.0.2 dnsmasq[1]: 2117939 192.168.1.180/55139 reply query is duplicate
Dec  9 00:48:55 10.0.0.2 ulogd[1267]: [NEW] ORIG: SRC=fd02:c8be:1d40:0:75c3:3b72:9ae4:cb64 DST=fd02:c8be:1d40::1 PROTO=UDP SPT=60766 DPT=53 PKTS=0 BYTES=0 , REPLY: SRC=fd02:c8be:1d40::1 DST=fd02:c8be:1d40:0:75c3:3b72:9ae4:cb64 PROTO=UDP SPT=53 DPT=60766 PKTS=0 BYTES=0
Dec  9 00:48:55 10.0.0.2 dnsmasq[1]: 2117942 fd02:c8be:1d40:0:75c3:3b72:9ae4:cb64/60766 query[A] status.maxmind.com from fd02:c8be:1d40:0:75c3:3b72:9ae4:cb64
Dec  9 00:48:55 10.0.0.2 ulogd[1267]: [NEW] ORIG: SRC=fd02:c8be:1d40:0:75c3:3b72:9ae4:cb64 DST=fd02:c8be:1d40::1 PROTO=UDP SPT=54244 DPT=53 PKTS=0 BYTES=0 , REPLY: SRC=fd02:c8be:1d40::1 DST=fd02:c8be:1d40:0:75c3:3b72:9ae4:cb64 PROTO=UDP SPT=53 DPT=54244 PKTS=0 BYTES=0
Dec  9 00:48:55 10.0.0.2 dnsmasq[1]: 2117942 fd02:c8be:1d40:0:75c3:3b72:9ae4:cb64/60766 cached status.maxmind.com is <CNAME>
Dec  9 00:48:55 10.0.0.2 dnsmasq[1]: 2117942 fd02:c8be:1d40:0:75c3:3b72:9ae4:cb64/60766 forwarded status.maxmind.com to 194.50.85.5
Dec  9 00:48:55 10.0.0.2 ulogd[1267]: [NEW] ORIG: SRC=176.36.141.89 DST=194.50.85.5 PROTO=UDP SPT=36849 DPT=53 PKTS=0 BYTES=0 , REPLY: SRC=194.50.85.5 DST=176.36.141.89 PROTO=UDP SPT=53 DPT=36849 PKTS=0 BYTES=0
Dec  9 00:48:55 10.0.0.2 dnsmasq[1]: 2117943 fd02:c8be:1d40:0:75c3:3b72:9ae4:cb64/54244 query[type=65] status.maxmind.com from fd02:c8be:1d40:0:75c3:3b72:9ae4:cb64
Dec  9 00:48:55 10.0.0.2 ulogd[1267]: [NEW] ORIG: SRC=176.36.141.89 DST=194.50.85.5 PROTO=UDP SPT=52019 DPT=53 PKTS=0 BYTES=0 , REPLY: SRC=194.50.85.5 DST=176.36.141.89 PROTO=UDP SPT=53 DPT=52019 PKTS=0 BYTES=0
Dec  9 00:48:55 10.0.0.2 dnsmasq[1]: 2117943 fd02:c8be:1d40:0:75c3:3b72:9ae4:cb64/54244 forwarded status.maxmind.com to 194.50.85.5
Dec  9 00:48:55 10.0.0.2 dnsmasq[1]: 2117943 fd02:c8be:1d40:0:75c3:3b72:9ae4:cb64/54244 reply status.maxmind.com is <CNAME>
Dec  9 00:48:55 10.0.0.2 dnsmasq[1]: 2117943 fd02:c8be:1d40:0:75c3:3b72:9ae4:cb64/54244 reply domain.status.io is NODATA
Dec  9 00:48:55 10.0.0.2 dnsmasq[1]: 2117942 fd02:c8be:1d40:0:75c3:3b72:9ae4:cb64/60766 reply status.maxmind.com is <CNAME>
Dec  9 00:48:55 10.0.0.2 dnsmasq[1]: 2117942 fd02:c8be:1d40:0:75c3:3b72:9ae4:cb64/60766 reply domain.status.io is 18.244.102.115
Dec  9 00:48:55 10.0.0.2 dnsmasq[1]: 2117942 fd02:c8be:1d40:0:75c3:3b72:9ae4:cb64/60766 reply domain.status.io is 18.244.102.63
Dec  9 00:48:55 10.0.0.2 dnsmasq[1]: 2117942 fd02:c8be:1d40:0:75c3:3b72:9ae4:cb64/60766 reply domain.status.io is 18.244.102.112
Dec  9 00:48:55 10.0.0.2 dnsmasq[1]: 2117942 fd02:c8be:1d40:0:75c3:3b72:9ae4:cb64/60766 reply domain.status.io is 18.244.102.67
Dec  9 00:48:56 10.0.0.2 dnsmasq[1]: 2117944 192.168.1.45/33211 query[AAAA] updates.maxmind.com from 192.168.1.45
Dec  9 00:48:56 10.0.0.2 ulogd[1267]: [NEW] ORIG: SRC=192.168.1.45 DST=192.168.1.1 PROTO=UDP SPT=33211 DPT=53 PKTS=0 BYTES=0 , REPLY: SRC=192.168.1.1 DST=192.168.1.45 PROTO=UDP SPT=53 DPT=33211 PKTS=0 BYTES=0
Dec  9 00:48:56 10.0.0.2 ulogd[1267]: [NEW] ORIG: SRC=192.168.1.45 DST=192.168.1.1 PROTO=UDP SPT=39428 DPT=53 PKTS=0 BYTES=0 , REPLY: SRC=192.168.1.1 DST=192.168.1.45 PROTO=UDP SPT=53 DPT=39428 PKTS=0 BYTES=0
Dec  9 00:48:56 10.0.0.2 dnsmasq[1]: 2117944 192.168.1.45/33211 cached updates.maxmind.com is 2606:4700:7::a29f:8716
Dec  9 00:48:56 10.0.0.2 dnsmasq[1]: 2117944 192.168.1.45/33211 cached updates.maxmind.com is 2606:4700:7::a29f:8616
Dec  9 00:48:56 10.0.0.2 dnsmasq[1]: 2117945 192.168.1.45/39428 query[A] updates.maxmind.com from 192.168.1.45
Dec  9 00:48:56 10.0.0.2 dnsmasq[1]: 2117945 192.168.1.45/39428 cached updates.maxmind.com is 162.159.134.22
Dec  9 00:48:56 10.0.0.2 dnsmasq[1]: 2117945 192.168.1.45/39428 cached updates.maxmind.com is 162.159.135.22
Dec  9 00:48:56 10.0.0.2 ulogd[1267]: [NEW] ORIG: SRC=192.168.1.45 DST=162.159.134.22 PROTO=TCP SPT=49770 DPT=443 PKTS=0 BYTES=0 , REPLY: SRC=162.159.134.22 DST=176.36.141.89 PROTO=TCP SPT=443 DPT=49770 PKTS=0 BYTES=0
Dec  9 00:49:00 10.0.0.2 ulogd[1267]: [NEW] ORIG: SRC=192.168.1.180 DST=185.86.138.32 PROTO=TCP SPT=65376 DPT=443 PKTS=0 BYTES=0 , REPLY: SRC=185.86.138.32 DST=176.36.141.89 PROTO=TCP SPT=443 DPT=65376 PKTS=0 BYTES=0
Dec  9 00:49:00 10.0.0.2 ulogd[1267]: [NEW] ORIG: SRC=192.168.1.180 DST=192.168.1.1 PROTO=UDP SPT=65099 DPT=53 PKTS=0 BYTES=0 , REPLY: SRC=192.168.1.1 DST=192.168.1.180 PROTO=UDP SPT=53 DPT=65099 PKTS=0 BYTES=0
Dec  9 00:49:00 10.0.0.2 dnsmasq[1]: 2117946 192.168.1.180/65099 query[A] prebid-server.rubiconproject.com from 192.168.1.180
Dec  9 00:49:00 10.0.0.2 ulogd[1267]: [NEW] ORIG: SRC=192.168.1.180 DST=192.168.1.1 PROTO=UDP SPT=58378 DPT=53 PKTS=0 BYTES=0 , REPLY: SRC=192.168.1.1 DST=192.168.1.180 PROTO=UDP SPT=53 DPT=58378 PKTS=0 BYTES=0
Dec  9 00:49:00 10.0.0.2 dnsmasq[1]: 2117946 192.168.1.180/65099 cached prebid-server.rubiconproject.com is <CNAME>
Dec  9 00:49:00 10.0.0.2 dnsmasq[1]: 2117946 192.168.1.180/65099 cached prebid-server.rubiconproject.net.akadns.net is <CNAME>
Dec  9 00:49:00 10.0.0.2 dnsmasq[1]: 2117946 192.168.1.180/65099 cached prebid-server-perf-eu.rubiconproject.net.akadns.net is 69.173.144.137
Dec  9 00:49:00 10.0.0.2 dnsmasq[1]: 2117947 192.168.1.180/58378 query[type=65] prebid-server.rubiconproject.com from 192.168.1.180
Dec  9 00:49:00 10.0.0.2 dnsmasq[1]: 2117947 192.168.1.180/58378 cached prebid-server.rubiconproject.com is <CNAME>
Dec  9 00:49:00 10.0.0.2 dnsmasq[1]: 2117947 192.168.1.180/58378 cached prebid-server.rubiconproject.net.akadns.net is <CNAME>
Dec  9 00:49:00 10.0.0.2 dnsmasq[1]: 2117947 192.168.1.180/58378 forwarded prebid-server.rubiconproject.com to 194.50.85.5
Dec  9 00:49:00 10.0.0.2 ulogd[1267]: [NEW] ORIG: SRC=176.36.141.89 DST=194.50.85.5 PROTO=UDP SPT=58886 DPT=53 PKTS=0 BYTES=0 , REPLY: SRC=194.50.85.5 DST=176.36.141.89 PROTO=UDP SPT=53 DPT=58886 PKTS=0 BYTES=0
Dec  9 00:49:00 10.0.0.2 dnsmasq[1]: 2117947 192.168.1.180/58378 reply prebid-server.rubiconproject.com is <CNAME>
Dec  9 00:49:00 10.0.0.2 dnsmasq[1]: 2117947 192.168.1.180/58378 reply prebid-server.rubiconproject.net.akadns.net is <CNAME>
Dec  9 00:49:00 10.0.0.2 dnsmasq[1]: 2117947 192.168.1.180/58378 reply prebid-server-perf-eu.rubiconproject.net.akadns.net is NODATA
Dec  9 00:49:03 10.0.0.2 ulogd[1267]: [NEW] ORIG: SRC=192.168.1.45 DST=192.168.1.1 PROTO=UDP SPT=32877 DPT=53 PKTS=0 BYTES=0 , REPLY: SRC=192.168.1.1 DST=192.168.1.45 PROTO=UDP SPT=53 DPT=32877 PKTS=0 BYTES=0
Dec  9 00:49:03 10.0.0.2 dnsmasq[1]: 2117948 192.168.1.45/32877 query[A] updates.maxmind.com from 192.168.1.45
Dec  9 00:49:03 10.0.0.2 ulogd[1267]: [NEW] ORIG: SRC=192.168.1.45 DST=192.168.1.1 PROTO=UDP SPT=38544 DPT=53 PKTS=0 BYTES=0 , REPLY: SRC=192.168.1.1 DST=192.168.1.45 PROTO=UDP SPT=53 DPT=38544 PKTS=0 BYTES=0
Dec  9 00:49:03 10.0.0.2 dnsmasq[1]: 2117948 192.168.1.45/32877 forwarded updates.maxmind.com to 194.50.85.5
Dec  9 00:49:03 10.0.0.2 ulogd[1267]: [NEW] ORIG: SRC=176.36.141.89 DST=194.50.85.5 PROTO=UDP SPT=40403 DPT=53 PKTS=0 BYTES=0 , REPLY: SRC=194.50.85.5 DST=176.36.141.89 PROTO=UDP SPT=53 DPT=40403 PKTS=0 BYTES=0
Dec  9 00:49:03 10.0.0.2 dnsmasq[1]: 2117949 192.168.1.45/38544 query[AAAA] updates.maxmind.com from 192.168.1.45
Dec  9 00:49:03 10.0.0.2 dnsmasq[1]: 2117949 192.168.1.45/38544 forwarded updates.maxmind.com to 194.50.85.5
Dec  9 00:49:03 10.0.0.2 dnsmasq[1]: 2117948 192.168.1.45/32877 reply updates.maxmind.com is 162.159.134.22
Dec  9 00:49:03 10.0.0.2 ulogd[1267]: [NEW] ORIG: SRC=176.36.141.89 DST=194.50.85.5 PROTO=UDP SPT=59090 DPT=53 PKTS=0 BYTES=0 , REPLY: SRC=194.50.85.5 DST=176.36.141.89 PROTO=UDP SPT=53 DPT=59090 PKTS=0 BYTES=0
Dec  9 00:49:03 10.0.0.2 dnsmasq[1]: 2117948 192.168.1.45/32877 reply updates.maxmind.com is 162.159.135.22
Dec  9 00:49:03 10.0.0.2 dnsmasq[1]: 2117949 192.168.1.45/38544 reply updates.maxmind.com is 2606:4700:7::a29f:8716
Dec  9 00:49:03 10.0.0.2 dnsmasq[1]: 2117949 192.168.1.45/38544 reply updates.maxmind.com is 2606:4700:7::a29f:8616
Dec  9 00:49:03 10.0.0.2 ulogd[1267]: [NEW] ORIG: SRC=192.168.1.45 DST=162.159.134.22 PROTO=TCP SPT=45496 DPT=443 PKTS=0 BYTES=0 , REPLY: SRC=162.159.134.22 DST=176.36.141.89 PROTO=TCP SPT=443 DPT=45496 PKTS=0 BYTES=0
Dec  9 00:49:06 10.0.0.2 ulogd[1267]: [DESTROY] ORIG: SRC=192.168.1.45 DST=192.168.1.1 PROTO=UDP SPT=54404 DPT=53 PKTS=1 BYTES=76 , REPLY: SRC=192.168.1.1 DST=192.168.1.45 PROTO=UDP SPT=53 DPT=54404 PKTS=1 BYTES=108
Dec  9 00:49:06 10.0.0.2 ulogd[1267]: [DESTROY] ORIG: SRC=fd02:c8be:1d40:0:75c3:3b72:9ae4:cb64 DST=fd02:c8be:1d40::1 PROTO=UDP SPT=65276 DPT=53 PKTS=1 BYTES=74 , REPLY: SRC=fd02:c8be:1d40::1 DST=fd02:c8be:1d40:0:75c3:3b72:9ae4:cb64 PROTO=UDP SPT=53 DPT=65276 PKTS=1 BYTES=74
Dec  9 00:49:06 10.0.0.2 ulogd[1267]: [DESTROY] ORIG: SRC=192.168.1.45 DST=192.168.1.1 PROTO=UDP SPT=41888 DPT=53 PKTS=1 BYTES=76 , REPLY: SRC=192.168.1.1 DST=192.168.1.45 PROTO=UDP SPT=53 DPT=41888 PKTS=1 BYTES=108
Dec  9 00:49:08 10.0.0.2 ulogd[1267]: [NEW] ORIG: SRC=54.222.186.115 DST=176.36.141.89 PROTO=ICMP TYPE=0 CODE=8 PKTS=0 BYTES=0 , REPLY: SRC=176.36.141.89 DST=54.222.186.115 PROTO=ICMP TYPE=0 CODE=8 PKTS=0 BYTES=0
Dec  9 00:49:08 10.0.0.2 ulogd[1267]: [NEW] ORIG: SRC=52.81.73.74 DST=176.36.141.89 PROTO=ICMP TYPE=0 CODE=8 PKTS=0 BYTES=0 , REPLY: SRC=176.36.141.89 DST=52.81.73.74 PROTO=ICMP TYPE=0 CODE=8 PKTS=0 BYTES=0
Dec  9 00:49:08 10.0.0.2 ulogd[1267]: [NEW] ORIG: SRC=71.131.221.38 DST=176.36.141.89 PROTO=ICMP TYPE=0 CODE=8 PKTS=0 BYTES=0 , REPLY: SRC=176.36.141.89 DST=71.131.221.38 PROTO=ICMP TYPE=0 CODE=8 PKTS=0 BYTES=0
Dec  9 00:49:10 10.0.0.2 dnsmasq[1]: 2117950 192.168.1.45/57505 query[A] updates.maxmind.com from 192.168.1.45
Dec  9 00:49:10 10.0.0.2 ulogd[1267]: [NEW] ORIG: SRC=192.168.1.45 DST=192.168.1.1 PROTO=UDP SPT=57505 DPT=53 PKTS=0 BYTES=0 , REPLY: SRC=192.168.1.1 DST=192.168.1.45 PROTO=UDP SPT=53 DPT=57505 PKTS=0 BYTES=0
Dec  9 00:49:10 10.0.0.2 dnsmasq[1]: 2117950 192.168.1.45/57505 cached updates.maxmind.com is 162.159.135.22
Dec  9 00:49:10 10.0.0.2 ulogd[1267]: [NEW] ORIG: SRC=192.168.1.45 DST=192.168.1.1 PROTO=UDP SPT=50273 DPT=53 PKTS=0 BYTES=0 , REPLY: SRC=192.168.1.1 DST=192.168.1.45 PROTO=UDP SPT=53 DPT=50273 PKTS=0 BYTES=0
Dec  9 00:49:10 10.0.0.2 dnsmasq[1]: 2117950 192.168.1.45/57505 cached updates.maxmind.com is 162.159.134.22
Dec  9 00:49:10 10.0.0.2 dnsmasq[1]: 2117951 192.168.1.45/50273 query[AAAA] updates.maxmind.com from 192.168.1.45
Dec  9 00:49:10 10.0.0.2 dnsmasq[1]: 2117951 192.168.1.45/50273 cached updates.maxmind.com is 2606:4700:7::a29f:8616
Dec  9 00:49:10 10.0.0.2 dnsmasq[1]: 2117951 192.168.1.45/50273 cached updates.maxmind.com is 2606:4700:7::a29f:8716
Dec  9 00:49:10 10.0.0.2 ulogd[1267]: [NEW] ORIG: SRC=192.168.1.45 DST=162.159.135.22 PROTO=TCP SPT=50948 DPT=443 PKTS=0 BYTES=0 , REPLY: SRC=162.159.135.22 DST=176.36.141.89 PROTO=TCP SPT=443 DPT=50948 PKTS=0 BYTES=0
Dec  9 00:49:13 10.0.0.2 ulogd[1267]: [NEW] ORIG: SRC=fd02:c8be:1d40:0:75c3:3b72:9ae4:cb64 DST=fd02:c8be:1d40::1 PROTO=UDP SPT=63268 DPT=53 PKTS=0 BYTES=0 , REPLY: SRC=fd02:c8be:1d40::1 DST=fd02:c8be:1d40:0:75c3:3b72:9ae4:cb64 PROTO=UDP SPT=53 DPT=63268 PKTS=0 BYTES=0
Dec  9 00:49:13 10.0.0.2 dnsmasq[1]: 2117952 fd02:c8be:1d40:0:75c3:3b72:9ae4:cb64/63268 query[A] notifications.bitwarden.com from fd02:c8be:1d40:0:75c3:3b72:9ae4:cb64
Dec  9 00:49:13 10.0.0.2 dnsmasq[1]: 2117952 fd02:c8be:1d40:0:75c3:3b72:9ae4:cb64/63268 forwarded notifications.bitwarden.com to 192.168.1.45
Dec  9 00:49:13 10.0.0.2 ulogd[1267]: [NEW] ORIG: SRC=fd02:c8be:1d40:0:75c3:3b72:9ae4:cb64 DST=fd02:c8be:1d40::1 PROTO=UDP SPT=62638 DPT=53 PKTS=0 BYTES=0 , REPLY: SRC=fd02:c8be:1d40::1 DST=fd02:c8be:1d40:0:75c3:3b72:9ae4:cb64 PROTO=UDP SPT=53 DPT=62638 PKTS=0 BYTES=0
Dec  9 00:49:13 10.0.0.2 ulogd[1267]: [NEW] ORIG: SRC=192.168.1.1 DST=192.168.1.45 PROTO=UDP SPT=58639 DPT=5353 PKTS=0 BYTES=0 , REPLY: SRC=192.168.1.45 DST=192.168.1.1 PROTO=UDP SPT=5353 DPT=58639 PKTS=0 BYTES=0
Dec  9 00:49:13 10.0.0.2 dnsmasq[1]: 2117952 fd02:c8be:1d40:0:75c3:3b72:9ae4:cb64/63268 forwarded notifications.bitwarden.com to 194.50.85.5
Dec  9 00:49:13 10.0.0.2 ulogd[1267]: [NEW] ORIG: SRC=176.36.141.89 DST=194.50.85.5 PROTO=UDP SPT=58639 DPT=53 PKTS=0 BYTES=0 , REPLY: SRC=194.50.85.5 DST=176.36.141.89 PROTO=UDP SPT=53 DPT=58639 PKTS=0 BYTES=0
Dec  9 00:49:13 10.0.0.2 ulogd[1267]: [NEW] ORIG: SRC=176.36.141.89 DST=194.50.85.7 PROTO=UDP SPT=58639 DPT=53 PKTS=0 BYTES=0 , REPLY: SRC=194.50.85.7 DST=176.36.141.89 PROTO=UDP SPT=53 DPT=58639 PKTS=0 BYTES=0
Dec  9 00:49:13 10.0.0.2 dnsmasq[1]: 2117952 fd02:c8be:1d40:0:75c3:3b72:9ae4:cb64/63268 forwarded notifications.bitwarden.com to 194.50.85.7
Dec  9 00:49:13 10.0.0.2 dnsmasq[1]: 2117952 fd02:c8be:1d40:0:75c3:3b72:9ae4:cb64/63268 reply notifications.bitwarden.com is 172.64.147.52
Dec  9 00:49:13 10.0.0.2 dnsmasq[1]: 2117952 fd02:c8be:1d40:0:75c3:3b72:9ae4:cb64/63268 reply notifications.bitwarden.com is 104.18.40.204
Dec  9 00:49:13 10.0.0.2 ulogd[1267]: [NEW] ORIG: SRC=fd02:c8be:1d40:0:75c3:3b72:9ae4:cb64 DST=fd02:c8be:1d40::1 PROTO=UDP SPT=57402 DPT=53 PKTS=0 BYTES=0 , REPLY: SRC=fd02:c8be:1d40::1 DST=fd02:c8be:1d40:0:75c3:3b72:9ae4:cb64 PROTO=UDP SPT=53 DPT=57402 PKTS=0 BYTES=0
Dec  9 00:49:13 10.0.0.2 dnsmasq[1]: 2117953 fd02:c8be:1d40:0:75c3:3b72:9ae4:cb64/62638 query[type=65] notifications.bitwarden.com from fd02:c8be:1d40:0:75c3:3b72:9ae4:cb64
Dec  9 00:49:13 10.0.0.2 ulogd[1267]: [NEW] ORIG: SRC=fd02:c8be:1d40:0:75c3:3b72:9ae4:cb64 DST=fd02:c8be:1d40::1 PROTO=UDP SPT=52062 DPT=53 PKTS=0 BYTES=0 , REPLY: SRC=fd02:c8be:1d40::1 DST=fd02:c8be:1d40:0:75c3:3b72:9ae4:cb64 PROTO=UDP SPT=53 DPT=52062 PKTS=0 BYTES=0
Dec  9 00:49:13 10.0.0.2 ulogd[1267]: [NEW] ORIG: SRC=176.36.141.89 DST=194.50.85.7 PROTO=UDP SPT=34028 DPT=53 PKTS=0 BYTES=0 , REPLY: SRC=194.50.85.7 DST=176.36.141.89 PROTO=UDP SPT=53 DPT=34028 PKTS=0 BYTES=0
Dec  9 00:49:13 10.0.0.2 dnsmasq[1]: 2117953 fd02:c8be:1d40:0:75c3:3b72:9ae4:cb64/62638 forwarded notifications.bitwarden.com to 194.50.85.7
Dec  9 00:49:13 10.0.0.2 dnsmasq[1]: 2117954 fd02:c8be:1d40:0:75c3:3b72:9ae4:cb64/57402 query[A] navigator-bs.gmx.com from fd02:c8be:1d40:0:75c3:3b72:9ae4:cb64
Dec  9 00:49:13 10.0.0.2 ulogd[1267]: [NEW] ORIG: SRC=176.36.141.89 DST=194.50.85.7 PROTO=UDP SPT=47104 DPT=53 PKTS=0 BYTES=0 , REPLY: SRC=194.50.85.7 DST=176.36.141.89 PROTO=UDP SPT=53 DPT=47104 PKTS=0 BYTES=0
Dec  9 00:49:13 10.0.0.2 dnsmasq[1]: 2117954 fd02:c8be:1d40:0:75c3:3b72:9ae4:cb64/57402 forwarded navigator-bs.gmx.com to 194.50.85.7
Dec  9 00:49:13 10.0.0.2 dnsmasq[1]: 2117955 fd02:c8be:1d40:0:75c3:3b72:9ae4:cb64/52062 query[type=65] navigator-bs.gmx.com from fd02:c8be:1d40:0:75c3:3b72:9ae4:cb64
Dec  9 00:49:13 10.0.0.2 ulogd[1267]: [NEW] ORIG: SRC=176.36.141.89 DST=194.50.85.7 PROTO=UDP SPT=53626 DPT=53 PKTS=0 BYTES=0 , REPLY: SRC=194.50.85.7 DST=176.36.141.89 PROTO=UDP SPT=53 DPT=53626 PKTS=0 BYTES=0
Dec  9 00:49:13 10.0.0.2 dnsmasq[1]: 2117955 fd02:c8be:1d40:0:75c3:3b72:9ae4:cb64/52062 forwarded navigator-bs.gmx.com to 194.50.85.7
Dec  9 00:49:13 10.0.0.2 ulogd[1267]: [NEW] ORIG: SRC=192.168.1.180 DST=172.64.147.52 PROTO=TCP SPT=65377 DPT=443 PKTS=0 BYTES=0 , REPLY: SRC=172.64.147.52 DST=176.36.141.89 PROTO=TCP SPT=443 DPT=65377 PKTS=0 BYTES=0
Dec  9 00:49:13 10.0.0.2 dnsmasq[1]: 2117953 fd02:c8be:1d40:0:75c3:3b72:9ae4:cb64/62638 reply notifications.bitwarden.com is <type=65>
Dec  9 00:49:13 10.0.0.2 dnsmasq[1]: 2117955 fd02:c8be:1d40:0:75c3:3b72:9ae4:cb64/52062 reply navigator-bs.gmx.com is NODATA
Dec  9 00:49:13 10.0.0.2 dnsmasq[1]: 2117954 fd02:c8be:1d40:0:75c3:3b72:9ae4:cb64/57402 reply navigator-bs.gmx.com is 217.72.199.27
Dec  9 00:49:13 10.0.0.2 ulogd[1267]: [NEW] ORIG: SRC=192.168.1.180 DST=217.72.199.27 PROTO=TCP SPT=65378 DPT=443 PKTS=0 BYTES=0 , REPLY: SRC=217.72.199.27 DST=176.36.141.89 PROTO=TCP SPT=443 DPT=65378 PKTS=0 BYTES=0
Dec  9 00:49:13 10.0.0.2 dnsmasq[1]: 2117956 fd02:c8be:1d40:0:75c3:3b72:9ae4:cb64/60438 query[A] js.ui-portal.de from fd02:c8be:1d40:0:75c3:3b72:9ae4:cb64
Dec  9 00:49:13 10.0.0.2 dnsmasq[1]: 2117956 fd02:c8be:1d40:0:75c3:3b72:9ae4:cb64/60438 forwarded js.ui-portal.de to 194.50.85.7
Dec  9 00:49:13 10.0.0.2 ulogd[1267]: [NEW] ORIG: SRC=176.36.141.89 DST=194.50.85.7 PROTO=UDP SPT=53485 DPT=53 PKTS=0 BYTES=0 , REPLY: SRC=194.50.85.7 DST=176.36.141.89 PROTO=UDP SPT=53 DPT=53485 PKTS=0 BYTES=0
Dec  9 00:49:13 10.0.0.2 dnsmasq[1]: 2117956 fd02:c8be:1d40:0:75c3:3b72:9ae4:cb64/60438 reply js.ui-portal.de is <CNAME>
Dec  9 00:49:13 10.0.0.2 dnsmasq[1]: 2117956 fd02:c8be:1d40:0:75c3:3b72:9ae4:cb64/60438 reply js.ui-portal.de.edgekey.net is <CNAME>
Dec  9 00:49:13 10.0.0.2 dnsmasq[1]: 2117956 fd02:c8be:1d40:0:75c3:3b72:9ae4:cb64/60438 reply e5416.g.akamaiedge.net is 23.200.160.165
Dec  9 00:49:13 10.0.0.2 dnsmasq[1]: 2117957 fd02:c8be:1d40:0:75c3:3b72:9ae4:cb64/51096 query[A] api.bitwarden.com from fd02:c8be:1d40:0:75c3:3b72:9ae4:cb64
Dec  9 00:49:13 10.0.0.2 ulogd[1267]: [NEW] ORIG: SRC=fd02:c8be:1d40:0:75c3:3b72:9ae4:cb64 DST=fd02:c8be:1d40::1 PROTO=UDP SPT=51096 DPT=53 PKTS=0 BYTES=0 , REPLY: SRC=fd02:c8be:1d40::1 DST=fd02:c8be:1d40:0:75c3:3b72:9ae4:cb64 PROTO=UDP SPT=53 DPT=51096 PKTS=0 BYTES=0
Dec  9 00:49:13 10.0.0.2 ulogd[1267]: [NEW] ORIG: SRC=fd02:c8be:1d40:0:75c3:3b72:9ae4:cb64 DST=fd02:c8be:1d40::1 PROTO=UDP SPT=54820 DPT=53 PKTS=0 BYTES=0 , REPLY: SRC=fd02:c8be:1d40::1 DST=fd02:c8be:1d40:0:75c3:3b72:9ae4:cb64 PROTO=UDP SPT=53 DPT=54820 PKTS=0 BYTES=0
Dec  9 00:49:13 10.0.0.2 dnsmasq[1]: 2117957 fd02:c8be:1d40:0:75c3:3b72:9ae4:cb64/51096 forwarded api.bitwarden.com to 194.50.85.7
Dec  9 00:49:13 10.0.0.2 ulogd[1267]: [NEW] ORIG: SRC=176.36.141.89 DST=194.50.85.7 PROTO=UDP SPT=53910 DPT=53 PKTS=0 BYTES=0 , REPLY: SRC=194.50.85.7 DST=176.36.141.89 PROTO=UDP SPT=53 DPT=53910 PKTS=0 BYTES=0
Dec  9 00:49:13 10.0.0.2 dnsmasq[1]: 2117957 fd02:c8be:1d40:0:75c3:3b72:9ae4:cb64/51096 reply api.bitwarden.com is 172.64.147.52
Dec  9 00:49:13 10.0.0.2 dnsmasq[1]: 2117957 fd02:c8be:1d40:0:75c3:3b72:9ae4:cb64/51096 reply api.bitwarden.com is 104.18.40.204
Dec  9 00:49:13 10.0.0.2 dnsmasq[1]: 2117958 fd02:c8be:1d40:0:75c3:3b72:9ae4:cb64/54820 query[type=65] api.bitwarden.com from fd02:c8be:1d40:0:75c3:3b72:9ae4:cb64
Dec  9 00:49:13 10.0.0.2 dnsmasq[1]: 2117958 fd02:c8be:1d40:0:75c3:3b72:9ae4:cb64/54820 forwarded api.bitwarden.com to 194.50.85.7
Dec  9 00:49:13 10.0.0.2 ulogd[1267]: [NEW] ORIG: SRC=176.36.141.89 DST=194.50.85.7 PROTO=UDP SPT=57593 DPT=53 PKTS=0 BYTES=0 , REPLY: SRC=194.50.85.7 DST=176.36.141.89 PROTO=UDP SPT=53 DPT=57593 PKTS=0 BYTES=0
Dec  9 00:49:13 10.0.0.2 dnsmasq[1]: 2117958 fd02:c8be:1d40:0:75c3:3b72:9ae4:cb64/54820 reply api.bitwarden.com is <type=65>
Dec  9 00:49:13 10.0.0.2 ulogd[1267]: [NEW] ORIG: SRC=192.168.1.180 DST=172.64.147.52 PROTO=TCP SPT=65379 DPT=443 PKTS=0 BYTES=0 , REPLY: SRC=172.64.147.52 DST=176.36.141.89 PROTO=TCP SPT=443 DPT=65379 PKTS=0 BYTES=0
Dec  9 00:49:14 10.0.0.2 ulogd[1267]: [NEW] ORIG: SRC=192.168.1.180 DST=192.168.1.1 PROTO=UDP SPT=63688 DPT=53 PKTS=0 BYTES=0 , REPLY: SRC=192.168.1.1 DST=192.168.1.180 PROTO=UDP SPT=53 DPT=63688 PKTS=0 BYTES=0
Dec  9 00:49:14 10.0.0.2 dnsmasq[1]: 2117959 192.168.1.180/63688 query[A] prg.smartadserver.com from 192.168.1.180
Dec  9 00:49:14 10.0.0.2 ulogd[1267]: [NEW] ORIG: SRC=192.168.1.180 DST=192.168.1.1 PROTO=UDP SPT=54347 DPT=53 PKTS=0 BYTES=0 , REPLY: SRC=192.168.1.1 DST=192.168.1.180 PROTO=UDP SPT=53 DPT=54347 PKTS=0 BYTES=0
Dec  9 00:49:14 10.0.0.2 dnsmasq[1]: 2117959 192.168.1.180/63688 forwarded prg.smartadserver.com to 194.50.85.7
Dec  9 00:49:14 10.0.0.2 ulogd[1267]: [NEW] ORIG: SRC=176.36.141.89 DST=194.50.85.7 PROTO=UDP SPT=43893 DPT=53 PKTS=0 BYTES=0 , REPLY: SRC=194.50.85.7 DST=176.36.141.89 PROTO=UDP SPT=53 DPT=43893 PKTS=0 BYTES=0
Dec  9 00:49:14 10.0.0.2 dnsmasq[1]: 2117959 192.168.1.180/63688 reply prg.smartadserver.com is <CNAME>
Dec  9 00:49:14 10.0.0.2 dnsmasq[1]: 2117959 192.168.1.180/63688 reply prga.smartadserver.com is <CNAME>
Dec  9 00:49:14 10.0.0.2 dnsmasq[1]: 2117959 192.168.1.180/63688 reply hb-geo.delivery-prod-sas.akadns.net is <CNAME>
Dec  9 00:49:14 10.0.0.2 dnsmasq[1]: 2117959 192.168.1.180/63688 reply euw1.smartadserver.com is 89.149.192.192
Dec  9 00:49:14 10.0.0.2 dnsmasq[1]: 2117959 192.168.1.180/63688 reply euw1.smartadserver.com is 89.149.192.64
Dec  9 00:49:14 10.0.0.2 dnsmasq[1]: 2117959 192.168.1.180/63688 reply euw1.smartadserver.com is 89.149.192.193
Dec  9 00:49:14 10.0.0.2 dnsmasq[1]: 2117959 192.168.1.180/63688 reply euw1.smartadserver.com is 89.149.192.65
Dec  9 00:49:14 10.0.0.2 dnsmasq[1]: 2117959 192.168.1.180/63688 reply euw1.smartadserver.com is 81.17.55.98
Dec  9 00:49:14 10.0.0.2 dnsmasq[1]: 2117959 192.168.1.180/63688 reply euw1.smartadserver.com is 81.17.55.160
Dec  9 00:49:14 10.0.0.2 dnsmasq[1]: 2117959 192.168.1.180/63688 reply euw1.smartadserver.com is 81.17.55.161
Dec  9 00:49:14 10.0.0.2 dnsmasq[1]: 2117959 192.168.1.180/63688 reply euw1.smartadserver.com is 81.17.55.113
Dec  9 00:49:14 10.0.0.2 dnsmasq[1]: 2117959 192.168.1.180/63688 reply euw1.smartadserver.com is 81.17.55.112
Dec  9 00:49:14 10.0.0.2 dnsmasq[1]: 2117959 192.168.1.180/63688 reply euw1.smartadserver.com is 81.17.55.99
Dec  9 00:49:14 10.0.0.2 dnsmasq[1]: 2117960 192.168.1.180/54347 query[type=65] prg.smartadserver.com from 192.168.1.180
Dec  9 00:49:14 10.0.0.2 dnsmasq[1]: 2117960 192.168.1.180/54347 cached prg.smartadserver.com is <CNAME>
Dec  9 00:49:14 10.0.0.2 dnsmasq[1]: 2117960 192.168.1.180/54347 cached prga.smartadserver.com is <CNAME>
Dec  9 00:49:14 10.0.0.2 dnsmasq[1]: 2117960 192.168.1.180/54347 cached hb-geo.delivery-prod-sas.akadns.net is <CNAME>
Dec  9 00:49:14 10.0.0.2 dnsmasq[1]: 2117960 192.168.1.180/54347 forwarded prg.smartadserver.com to 194.50.85.7
Dec  9 00:49:14 10.0.0.2 ulogd[1267]: [NEW] ORIG: SRC=176.36.141.89 DST=194.50.85.7 PROTO=UDP SPT=47292 DPT=53 PKTS=0 BYTES=0 , REPLY: SRC=194.50.85.7 DST=176.36.141.89 PROTO=UDP SPT=53 DPT=47292 PKTS=0 BYTES=0
Dec  9 00:49:14 10.0.0.2 dnsmasq[1]: 2117960 192.168.1.180/54347 reply prg.smartadserver.com is <CNAME>
Dec  9 00:49:14 10.0.0.2 dnsmasq[1]: 2117960 192.168.1.180/54347 reply prga.smartadserver.com is <CNAME>
Dec  9 00:49:14 10.0.0.2 dnsmasq[1]: 2117960 192.168.1.180/54347 reply hb-geo.delivery-prod-sas.akadns.net is <CNAME>
Dec  9 00:49:14 10.0.0.2 dnsmasq[1]: 2117960 192.168.1.180/54347 reply euw1.smartadserver.com is NODATA
Dec  9 00:49:14 10.0.0.2 ulogd[1267]: [NEW] ORIG: SRC=192.168.1.180 DST=89.149.192.192 PROTO=TCP SPT=65380 DPT=443 PKTS=0 BYTES=0 , REPLY: SRC=89.149.192.192 DST=176.36.141.89 PROTO=TCP SPT=443 DPT=65380 PKTS=0 BYTES=0
Dec  9 00:49:17 10.0.0.2 dnsmasq[1]: 2117961 192.168.1.45/53825 query[A] updates.maxmind.com from 192.168.1.45
Dec  9 00:49:17 10.0.0.2 ulogd[1267]: [NEW] ORIG: SRC=192.168.1.45 DST=192.168.1.1 PROTO=UDP SPT=53825 DPT=53 PKTS=0 BYTES=0 , REPLY: SRC=192.168.1.1 DST=192.168.1.45 PROTO=UDP SPT=53 DPT=53825 PKTS=0 BYTES=0
Dec  9 00:49:17 10.0.0.2 dnsmasq[1]: 2117961 192.168.1.45/53825 cached updates.maxmind.com is 162.159.134.22
Dec  9 00:49:17 10.0.0.2 ulogd[1267]: [NEW] ORIG: SRC=192.168.1.45 DST=192.168.1.1 PROTO=UDP SPT=36920 DPT=53 PKTS=0 BYTES=0 , REPLY: SRC=192.168.1.1 DST=192.168.1.45 PROTO=UDP SPT=53 DPT=36920 PKTS=0 BYTES=0
Dec  9 00:49:17 10.0.0.2 dnsmasq[1]: 2117961 192.168.1.45/53825 cached updates.maxmind.com is 162.159.135.22
Dec  9 00:49:17 10.0.0.2 dnsmasq[1]: 2117962 192.168.1.45/36920 query[AAAA] updates.maxmind.com from 192.168.1.45
Dec  9 00:49:17 10.0.0.2 dnsmasq[1]: 2117962 192.168.1.45/36920 cached updates.maxmind.com is 2606:4700:7::a29f:8716
Dec  9 00:49:17 10.0.0.2 dnsmasq[1]: 2117962 192.168.1.45/36920 cached updates.maxmind.com is 2606:4700:7::a29f:8616
Dec  9 00:49:17 10.0.0.2 ulogd[1267]: [NEW] ORIG: SRC=192.168.1.45 DST=162.159.134.22 PROTO=TCP SPT=40422 DPT=443 PKTS=0 BYTES=0 , REPLY: SRC=162.159.134.22 DST=176.36.141.89 PROTO=TCP SPT=443 DPT=40422 PKTS=0 BYTES=0
Dec  9 00:49:20 10.0.0.2 ulogd[1267]: [NEW] ORIG: SRC=192.168.1.180 DST=192.168.1.255 PROTO=UDP SPT=137 DPT=137 PKTS=0 BYTES=0 , REPLY: SRC=192.168.1.255 DST=192.168.1.180 PROTO=UDP SPT=137 DPT=137 PKTS=0 BYTES=0
Dec  9 00:49:24 10.0.0.2 dnsmasq[1]: 2117963 192.168.1.45/53811 query[AAAA] updates.maxmind.com from 192.168.1.45
Dec  9 00:49:24 10.0.0.2 ulogd[1267]: [NEW] ORIG: SRC=192.168.1.45 DST=192.168.1.1 PROTO=UDP SPT=53811 DPT=53 PKTS=0 BYTES=0 , REPLY: SRC=192.168.1.1 DST=192.168.1.45 PROTO=UDP SPT=53 DPT=53811 PKTS=0 BYTES=0
Dec  9 00:49:24 10.0.0.2 dnsmasq[1]: 2117963 192.168.1.45/53811 cached updates.maxmind.com is 2606:4700:7::a29f:8616
Dec  9 00:49:24 10.0.0.2 ulogd[1267]: [NEW] ORIG: SRC=192.168.1.45 DST=192.168.1.1 PROTO=UDP SPT=59697 DPT=53 PKTS=0 BYTES=0 , REPLY: SRC=192.168.1.1 DST=192.168.1.45 PROTO=UDP SPT=53 DPT=59697 PKTS=0 BYTES=0
Dec  9 00:49:24 10.0.0.2 dnsmasq[1]: 2117963 192.168.1.45/53811 cached updates.maxmind.com is 2606:4700:7::a29f:8716
Dec  9 00:49:24 10.0.0.2 dnsmasq[1]: 2117964 192.168.1.45/59697 query[A] updates.maxmind.com from 192.168.1.45
Dec  9 00:49:24 10.0.0.2 dnsmasq[1]: 2117964 192.168.1.45/59697 cached updates.maxmind.com is 162.159.135.22
Dec  9 00:49:24 10.0.0.2 dnsmasq[1]: 2117964 192.168.1.45/59697 cached updates.maxmind.com is 162.159.134.22
Dec  9 00:49:24 10.0.0.2 ulogd[1267]: [NEW] ORIG: SRC=192.168.1.45 DST=162.159.135.22 PROTO=TCP SPT=42506 DPT=443 PKTS=0 BYTES=0 , REPLY: SRC=162.159.135.22 DST=176.36.141.89 PROTO=TCP SPT=443 DPT=42506 PKTS=0 BYTES=0
Dec  9 00:49:27 10.0.0.2 ulogd[1267]: [NEW] ORIG: SRC=fd02:c8be:1d40:0:75c3:3b72:9ae4:cb64 DST=fd02:c8be:1d40::1 PROTO=UDP SPT=56804 DPT=53 PKTS=0 BYTES=0 , REPLY: SRC=fd02:c8be:1d40::1 DST=fd02:c8be:1d40:0:75c3:3b72:9ae4:cb64 PROTO=UDP SPT=53 DPT=56804 PKTS=0 BYTES=0
Dec  9 00:49:27 10.0.0.2 dnsmasq[1]: 2117965 fd02:c8be:1d40:0:75c3:3b72:9ae4:cb64/56804 query[A] kievhacklab.slack.com from fd02:c8be:1d40:0:75c3:3b72:9ae4:cb64
Dec  9 00:49:27 10.0.0.2 ulogd[1267]: [NEW] ORIG: SRC=fd02:c8be:1d40:0:75c3:3b72:9ae4:cb64 DST=fd02:c8be:1d40::1 PROTO=UDP SPT=63182 DPT=53 PKTS=0 BYTES=0 , REPLY: SRC=fd02:c8be:1d40::1 DST=fd02:c8be:1d40:0:75c3:3b72:9ae4:cb64 PROTO=UDP SPT=53 DPT=63182 PKTS=0 BYTES=0
Dec  9 00:49:27 10.0.0.2 dnsmasq[1]: 2117965 fd02:c8be:1d40:0:75c3:3b72:9ae4:cb64/56804 forwarded kievhacklab.slack.com to 194.50.85.7
Dec  9 00:49:27 10.0.0.2 dnsmasq[1]: 2117966 fd02:c8be:1d40:0:75c3:3b72:9ae4:cb64/63182 query[type=65] kievhacklab.slack.com from fd02:c8be:1d40:0:75c3:3b72:9ae4:cb64
Dec  9 00:49:27 10.0.0.2 ulogd[1267]: [NEW] ORIG: SRC=176.36.141.89 DST=194.50.85.7 PROTO=UDP SPT=55640 DPT=53 PKTS=0 BYTES=0 , REPLY: SRC=194.50.85.7 DST=176.36.141.89 PROTO=UDP SPT=53 DPT=55640 PKTS=0 BYTES=0
Dec  9 00:49:27 10.0.0.2 dnsmasq[1]: 2117966 fd02:c8be:1d40:0:75c3:3b72:9ae4:cb64/63182 forwarded kievhacklab.slack.com to 194.50.85.7
Dec  9 00:49:27 10.0.0.2 ulogd[1267]: [NEW] ORIG: SRC=176.36.141.89 DST=194.50.85.7 PROTO=UDP SPT=38189 DPT=53 PKTS=0 BYTES=0 , REPLY: SRC=194.50.85.7 DST=176.36.141.89 PROTO=UDP SPT=53 DPT=38189 PKTS=0 BYTES=0
Dec  9 00:49:27 10.0.0.2 dnsmasq[1]: 2117965 fd02:c8be:1d40:0:75c3:3b72:9ae4:cb64/56804 reply kievhacklab.slack.com is 3.68.170.153
Dec  9 00:49:27 10.0.0.2 dnsmasq[1]: 2117965 fd02:c8be:1d40:0:75c3:3b72:9ae4:cb64/56804 reply kievhacklab.slack.com is 18.159.197.225
Dec  9 00:49:27 10.0.0.2 dnsmasq[1]: 2117965 fd02:c8be:1d40:0:75c3:3b72:9ae4:cb64/56804 reply kievhacklab.slack.com is 3.68.124.168
Dec  9 00:49:27 10.0.0.2 dnsmasq[1]: 2117965 fd02:c8be:1d40:0:75c3:3b72:9ae4:cb64/56804 reply kievhacklab.slack.com is 3.68.175.98
Dec  9 00:49:27 10.0.0.2 dnsmasq[1]: 2117966 fd02:c8be:1d40:0:75c3:3b72:9ae4:cb64/63182 reply kievhacklab.slack.com is NODATA
Dec  9 00:49:27 10.0.0.2 ulogd[1267]: [NEW] ORIG: SRC=192.168.1.180 DST=3.68.170.153 PROTO=TCP SPT=65381 DPT=443 PKTS=0 BYTES=0 , REPLY: SRC=3.68.170.153 DST=176.36.141.89 PROTO=TCP SPT=443 DPT=65381 PKTS=0 BYTES=0
Dec  9 00:49:27 10.0.0.2 ulogd[1267]: [DESTROY] ORIG: SRC=192.168.1.45 DST=192.168.1.1 PROTO=UDP SPT=58557 DPT=53 PKTS=1 BYTES=76 , REPLY: SRC=192.168.1.1 DST=192.168.1.45 PROTO=UDP SPT=53 DPT=58557 PKTS=1 BYTES=108
Dec  9 00:49:28 10.0.0.2 ulogd[1267]: [NEW] ORIG: SRC=192.168.1.180 DST=89.149.192.192 PROTO=TCP SPT=65382 DPT=443 PKTS=0 BYTES=0 , REPLY: SRC=89.149.192.192 DST=176.36.141.89 PROTO=TCP SPT=443 DPT=65382 PKTS=0 BYTES=0
Dec  9 00:49:31 10.0.0.2 dnsmasq[1]: 2117967 192.168.1.45/35937 query[AAAA] updates.maxmind.com from 192.168.1.45
Dec  9 00:49:31 10.0.0.2 ulogd[1267]: [NEW] ORIG: SRC=192.168.1.45 DST=192.168.1.1 PROTO=UDP SPT=35937 DPT=53 PKTS=0 BYTES=0 , REPLY: SRC=192.168.1.1 DST=192.168.1.45 PROTO=UDP SPT=53 DPT=35937 PKTS=0 BYTES=0
Dec  9 00:49:31 10.0.0.2 dnsmasq[1]: 2117967 192.168.1.45/35937 cached updates.maxmind.com is 2606:4700:7::a29f:8716
Dec  9 00:49:31 10.0.0.2 ulogd[1267]: [NEW] ORIG: SRC=192.168.1.45 DST=192.168.1.1 PROTO=UDP SPT=37392 DPT=53 PKTS=0 BYTES=0 , REPLY: SRC=192.168.1.1 DST=192.168.1.45 PROTO=UDP SPT=53 DPT=37392 PKTS=0 BYTES=0
Dec  9 00:49:31 10.0.0.2 dnsmasq[1]: 2117967 192.168.1.45/35937 cached updates.maxmind.com is 2606:4700:7::a29f:8616
Dec  9 00:49:31 10.0.0.2 dnsmasq[1]: 2117968 192.168.1.45/37392 query[A] updates.maxmind.com from 192.168.1.45
Dec  9 00:49:31 10.0.0.2 dnsmasq[1]: 2117968 192.168.1.45/37392 cached updates.maxmind.com is 162.159.134.22
Dec  9 00:49:31 10.0.0.2 dnsmasq[1]: 2117968 192.168.1.45/37392 cached updates.maxmind.com is 162.159.135.22
Dec  9 00:49:31 10.0.0.2 ulogd[1267]: [NEW] ORIG: SRC=192.168.1.45 DST=162.159.134.22 PROTO=TCP SPT=41518 DPT=443 PKTS=0 BYTES=0 , REPLY: SRC=162.159.134.22 DST=176.36.141.89 PROTO=TCP SPT=443 DPT=41518 PKTS=0 BYTES=0
Dec  9 00:49:35 10.0.0.2 ulogd[1267]: [NEW] ORIG: SRC=fd02:c8be:1d40:0:75c3:3b72:9ae4:cb64 DST=fd02:c8be:1d40::1 PROTO=UDP SPT=58170 DPT=53 PKTS=0 BYTES=0 , REPLY: SRC=fd02:c8be:1d40::1 DST=fd02:c8be:1d40:0:75c3:3b72:9ae4:cb64 PROTO=UDP SPT=53 DPT=58170 PKTS=0 BYTES=0
Dec  9 00:49:35 10.0.0.2 dnsmasq[1]: 2117969 fd02:c8be:1d40:0:75c3:3b72:9ae4:cb64/58170 query[A] bsssystemscrew.slack.com from fd02:c8be:1d40:0:75c3:3b72:9ae4:cb64
Dec  9 00:49:35 10.0.0.2 ulogd[1267]: [NEW] ORIG: SRC=fd02:c8be:1d40:0:75c3:3b72:9ae4:cb64 DST=fd02:c8be:1d40::1 PROTO=UDP SPT=63856 DPT=53 PKTS=0 BYTES=0 , REPLY: SRC=fd02:c8be:1d40::1 DST=fd02:c8be:1d40:0:75c3:3b72:9ae4:cb64 PROTO=UDP SPT=53 DPT=63856 PKTS=0 BYTES=0
Dec  9 00:49:35 10.0.0.2 ulogd[1267]: [NEW] ORIG: SRC=192.168.1.1 DST=192.168.1.45 PROTO=UDP SPT=41758 DPT=5353 PKTS=0 BYTES=0 , REPLY: SRC=192.168.1.45 DST=192.168.1.1 PROTO=UDP SPT=5353 DPT=41758 PKTS=0 BYTES=0
Dec  9 00:49:35 10.0.0.2 dnsmasq[1]: 2117969 fd02:c8be:1d40:0:75c3:3b72:9ae4:cb64/58170 forwarded bsssystemscrew.slack.com to 192.168.1.45
Dec  9 00:49:35 10.0.0.2 ulogd[1267]: [NEW] ORIG: SRC=176.36.141.89 DST=194.50.85.5 PROTO=UDP SPT=41758 DPT=53 PKTS=0 BYTES=0 , REPLY: SRC=194.50.85.5 DST=176.36.141.89 PROTO=UDP SPT=53 DPT=41758 PKTS=0 BYTES=0
Dec  9 00:49:35 10.0.0.2 ulogd[1267]: [NEW] ORIG: SRC=fd02:c8be:1d40:0:75c3:3b72:9ae4:cb64 DST=fd02:c8be:1d40::1 PROTO=UDP SPT=50293 DPT=53 PKTS=0 BYTES=0 , REPLY: SRC=fd02:c8be:1d40::1 DST=fd02:c8be:1d40:0:75c3:3b72:9ae4:cb64 PROTO=UDP SPT=53 DPT=50293 PKTS=0 BYTES=0
Dec  9 00:49:35 10.0.0.2 ulogd[1267]: [NEW] ORIG: SRC=fd02:c8be:1d40:0:75c3:3b72:9ae4:cb64 DST=fd02:c8be:1d40::1 PROTO=UDP SPT=65301 DPT=53 PKTS=0 BYTES=0 , REPLY: SRC=fd02:c8be:1d40::1 DST=fd02:c8be:1d40:0:75c3:3b72:9ae4:cb64 PROTO=UDP SPT=53 DPT=65301 PKTS=0 BYTES=0
Dec  9 00:49:35 10.0.0.2 dnsmasq[1]: 2117969 fd02:c8be:1d40:0:75c3:3b72:9ae4:cb64/58170 forwarded bsssystemscrew.slack.com to 194.50.85.5
Dec  9 00:49:35 10.0.0.2 ulogd[1267]: [NEW] ORIG: SRC=176.36.141.89 DST=194.50.85.7 PROTO=UDP SPT=41758 DPT=53 PKTS=0 BYTES=0 , REPLY: SRC=194.50.85.7 DST=176.36.141.89 PROTO=UDP SPT=53 DPT=41758 PKTS=0 BYTES=0
Dec  9 00:49:35 10.0.0.2 dnsmasq[1]: 2117969 fd02:c8be:1d40:0:75c3:3b72:9ae4:cb64/58170 forwarded bsssystemscrew.slack.com to 194.50.85.7
Dec  9 00:49:35 10.0.0.2 dnsmasq[1]: 2117970 fd02:c8be:1d40:0:75c3:3b72:9ae4:cb64/63856 query[type=65] bsssystemscrew.slack.com from fd02:c8be:1d40:0:75c3:3b72:9ae4:cb64
Dec  9 00:49:35 10.0.0.2 dnsmasq[1]: 2117970 fd02:c8be:1d40:0:75c3:3b72:9ae4:cb64/63856 forwarded bsssystemscrew.slack.com to 194.50.85.7
Dec  9 00:49:35 10.0.0.2 ulogd[1267]: [NEW] ORIG: SRC=176.36.141.89 DST=194.50.85.7 PROTO=UDP SPT=59742 DPT=53 PKTS=0 BYTES=0 , REPLY: SRC=194.50.85.7 DST=176.36.141.89 PROTO=UDP SPT=53 DPT=59742 PKTS=0 BYTES=0
Dec  9 00:49:35 10.0.0.2 dnsmasq[1]: 2117969 fd02:c8be:1d40:0:75c3:3b72:9ae4:cb64/58170 reply bsssystemscrew.slack.com is 3.68.124.168
Dec  9 00:49:35 10.0.0.2 dnsmasq[1]: 2117969 fd02:c8be:1d40:0:75c3:3b72:9ae4:cb64/58170 reply bsssystemscrew.slack.com is 3.68.175.98
Dec  9 00:49:35 10.0.0.2 dnsmasq[1]: 2117969 fd02:c8be:1d40:0:75c3:3b72:9ae4:cb64/58170 reply bsssystemscrew.slack.com is 3.68.170.153
Dec  9 00:49:35 10.0.0.2 dnsmasq[1]: 2117969 fd02:c8be:1d40:0:75c3:3b72:9ae4:cb64/58170 reply bsssystemscrew.slack.com is 18.159.197.225
Dec  9 00:49:35 10.0.0.2 dnsmasq[1]: 2117971 fd02:c8be:1d40:0:75c3:3b72:9ae4:cb64/50293 query[A] edgeapi.slack.com from fd02:c8be:1d40:0:75c3:3b72:9ae4:cb64
Dec  9 00:49:35 10.0.0.2 ulogd[1267]: [NEW] ORIG: SRC=176.36.141.89 DST=194.50.85.5 PROTO=UDP SPT=44818 DPT=53 PKTS=0 BYTES=0 , REPLY: SRC=194.50.85.5 DST=176.36.141.89 PROTO=UDP SPT=53 DPT=44818 PKTS=0 BYTES=0
Dec  9 00:49:35 10.0.0.2 dnsmasq[1]: 2117971 fd02:c8be:1d40:0:75c3:3b72:9ae4:cb64/50293 forwarded edgeapi.slack.com to 194.50.85.5
Dec  9 00:49:35 10.0.0.2 dnsmasq[1]: 2117971 fd02:c8be:1d40:0:75c3:3b72:9ae4:cb64/50293 reply edgeapi.slack.com is 3.67.131.16
Dec  9 00:49:35 10.0.0.2 dnsmasq[1]: 2117971 fd02:c8be:1d40:0:75c3:3b72:9ae4:cb64/50293 reply edgeapi.slack.com is 3.67.35.217
Dec  9 00:49:35 10.0.0.2 dnsmasq[1]: 2117972 fd02:c8be:1d40:0:75c3:3b72:9ae4:cb64/65301 query[type=65] edgeapi.slack.com from fd02:c8be:1d40:0:75c3:3b72:9ae4:cb64
Dec  9 00:49:35 10.0.0.2 dnsmasq[1]: 2117972 fd02:c8be:1d40:0:75c3:3b72:9ae4:cb64/65301 forwarded edgeapi.slack.com to 194.50.85.5
Dec  9 00:49:35 10.0.0.2 ulogd[1267]: [NEW] ORIG: SRC=176.36.141.89 DST=194.50.85.5 PROTO=UDP SPT=54514 DPT=53 PKTS=0 BYTES=0 , REPLY: SRC=194.50.85.5 DST=176.36.141.89 PROTO=UDP SPT=53 DPT=54514 PKTS=0 BYTES=0
Dec  9 00:49:35 10.0.0.2 dnsmasq[1]: 2117970 fd02:c8be:1d40:0:75c3:3b72:9ae4:cb64/63856 reply bsssystemscrew.slack.com is NODATA
Dec  9 00:49:35 10.0.0.2 ulogd[1267]: [NEW] ORIG: SRC=192.168.1.180 DST=3.68.124.168 PROTO=TCP SPT=65383 DPT=443 PKTS=0 BYTES=0 , REPLY: SRC=3.68.124.168 DST=176.36.141.89 PROTO=TCP SPT=443 DPT=65383 PKTS=0 BYTES=0
Dec  9 00:49:35 10.0.0.2 ulogd[1267]: [NEW] ORIG: SRC=192.168.1.180 DST=3.67.131.16 PROTO=TCP SPT=65384 DPT=443 PKTS=0 BYTES=0 , REPLY: SRC=3.67.131.16 DST=176.36.141.89 PROTO=TCP SPT=443 DPT=65384 PKTS=0 BYTES=0
Dec  9 00:49:35 10.0.0.2 dnsmasq[1]: 2117972 fd02:c8be:1d40:0:75c3:3b72:9ae4:cb64/65301 reply edgeapi.slack.com is NODATA
Dec  9 00:49:36 10.0.0.2 ulogd[1267]: [NEW] ORIG: SRC=fd02:c8be:1d40:0:75c3:3b72:9ae4:cb64 DST=fd02:c8be:1d40::1 PROTO=UDP SPT=62663 DPT=53 PKTS=0 BYTES=0 , REPLY: SRC=fd02:c8be:1d40::1 DST=fd02:c8be:1d40:0:75c3:3b72:9ae4:cb64 PROTO=UDP SPT=53 DPT=62663 PKTS=0 BYTES=0
Dec  9 00:49:36 10.0.0.2 dnsmasq[1]: 2117973 fd02:c8be:1d40:0:75c3:3b72:9ae4:cb64/62663 query[A] slack.com from fd02:c8be:1d40:0:75c3:3b72:9ae4:cb64
Dec  9 00:49:36 10.0.0.2 ulogd[1267]: [NEW] ORIG: SRC=fd02:c8be:1d40:0:75c3:3b72:9ae4:cb64 DST=fd02:c8be:1d40::1 PROTO=UDP SPT=53422 DPT=53 PKTS=0 BYTES=0 , REPLY: SRC=fd02:c8be:1d40::1 DST=fd02:c8be:1d40:0:75c3:3b72:9ae4:cb64 PROTO=UDP SPT=53 DPT=53422 PKTS=0 BYTES=0
Dec  9 00:49:36 10.0.0.2 dnsmasq[1]: 2117973 fd02:c8be:1d40:0:75c3:3b72:9ae4:cb64/62663 forwarded slack.com to 194.50.85.5
Dec  9 00:49:36 10.0.0.2 ulogd[1267]: [NEW] ORIG: SRC=176.36.141.89 DST=194.50.85.5 PROTO=UDP SPT=40084 DPT=53 PKTS=0 BYTES=0 , REPLY: SRC=194.50.85.5 DST=176.36.141.89 PROTO=UDP SPT=53 DPT=40084 PKTS=0 BYTES=0
Dec  9 00:49:36 10.0.0.2 dnsmasq[1]: 2117973 fd02:c8be:1d40:0:75c3:3b72:9ae4:cb64/62663 reply slack.com is 3.68.175.98
Dec  9 00:49:36 10.0.0.2 dnsmasq[1]: 2117973 fd02:c8be:1d40:0:75c3:3b72:9ae4:cb64/62663 reply slack.com is 18.159.197.225
Dec  9 00:49:36 10.0.0.2 dnsmasq[1]: 2117973 fd02:c8be:1d40:0:75c3:3b72:9ae4:cb64/62663 reply slack.com is 3.68.124.168
Dec  9 00:49:36 10.0.0.2 dnsmasq[1]: 2117973 fd02:c8be:1d40:0:75c3:3b72:9ae4:cb64/62663 reply slack.com is 3.68.170.153
Dec  9 00:49:36 10.0.0.2 dnsmasq[1]: 2117974 fd02:c8be:1d40:0:75c3:3b72:9ae4:cb64/53422 query[type=65] slack.com from fd02:c8be:1d40:0:75c3:3b72:9ae4:cb64
Dec  9 00:49:36 10.0.0.2 ulogd[1267]: [NEW] ORIG: SRC=176.36.141.89 DST=194.50.85.5 PROTO=UDP SPT=35381 DPT=53 PKTS=0 BYTES=0 , REPLY: SRC=194.50.85.5 DST=176.36.141.89 PROTO=UDP SPT=53 DPT=35381 PKTS=0 BYTES=0
Dec  9 00:49:36 10.0.0.2 dnsmasq[1]: 2117974 fd02:c8be:1d40:0:75c3:3b72:9ae4:cb64/53422 forwarded slack.com to 194.50.85.5
Dec  9 00:49:36 10.0.0.2 dnsmasq[1]: 2117974 fd02:c8be:1d40:0:75c3:3b72:9ae4:cb64/53422 reply slack.com is NODATA
Dec  9 00:49:39 10.0.0.2 ulogd[1267]: [NEW] ORIG: SRC=192.168.1.45 DST=192.168.1.1 PROTO=UDP SPT=57533 DPT=53 PKTS=0 BYTES=0 , REPLY: SRC=192.168.1.1 DST=192.168.1.45 PROTO=UDP SPT=53 DPT=57533 PKTS=0 BYTES=0
Dec  9 00:49:39 10.0.0.2 ulogd[1267]: [NEW] ORIG: SRC=192.168.1.45 DST=192.168.1.1 PROTO=UDP SPT=40118 DPT=53 PKTS=0 BYTES=0 , REPLY: SRC=192.168.1.1 DST=192.168.1.45 PROTO=UDP SPT=53 DPT=40118 PKTS=0 BYTES=0
Dec  9 00:49:39 10.0.0.2 dnsmasq[1]: 2117975 192.168.1.45/57533 query[A] updates.maxmind.com from 192.168.1.45
Dec  9 00:49:39 10.0.0.2 dnsmasq[1]: 2117975 192.168.1.45/57533 cached updates.maxmind.com is 162.159.135.22
Dec  9 00:49:39 10.0.0.2 dnsmasq[1]: 2117975 192.168.1.45/57533 cached updates.maxmind.com is 162.159.134.22
Dec  9 00:49:39 10.0.0.2 dnsmasq[1]: 2117976 192.168.1.45/40118 query[AAAA] updates.maxmind.com from 192.168.1.45
Dec  9 00:49:39 10.0.0.2 dnsmasq[1]: 2117976 192.168.1.45/40118 cached updates.maxmind.com is 2606:4700:7::a29f:8616
Dec  9 00:49:39 10.0.0.2 dnsmasq[1]: 2117976 192.168.1.45/40118 cached updates.maxmind.com is 2606:4700:7::a29f:8716
Dec  9 00:49:39 10.0.0.2 ulogd[1267]: [NEW] ORIG: SRC=192.168.1.45 DST=162.159.135.22 PROTO=TCP SPT=37710 DPT=443 PKTS=0 BYTES=0 , REPLY: SRC=162.159.135.22 DST=176.36.141.89 PROTO=TCP SPT=443 DPT=37710 PKTS=0 BYTES=0
Dec  9 00:49:43 10.0.0.2 ulogd[1267]: [NEW] ORIG: SRC=192.168.1.180 DST=89.149.192.192 PROTO=TCP SPT=65385 DPT=443 PKTS=0 BYTES=0 , REPLY: SRC=89.149.192.192 DST=176.36.141.89 PROTO=TCP SPT=443 DPT=65385 PKTS=0 BYTES=0
Dec  9 00:49:43 10.0.0.2 ulogd[1267]: [NEW] ORIG: SRC=fd02:c8be:1d40:0:75c3:3b72:9ae4:cb64 DST=fd02:c8be:1d40::1 PROTO=UDP SPT=56571 DPT=53 PKTS=0 BYTES=0 , REPLY: SRC=fd02:c8be:1d40::1 DST=fd02:c8be:1d40:0:75c3:3b72:9ae4:cb64 PROTO=UDP SPT=53 DPT=56571 PKTS=0 BYTES=0
Dec  9 00:49:43 10.0.0.2 dnsmasq[1]: 2117977 fd02:c8be:1d40:0:75c3:3b72:9ae4:cb64/56571 query[A] matrix-client.matrix.org from fd02:c8be:1d40:0:75c3:3b72:9ae4:cb64
Dec  9 00:49:43 10.0.0.2 ulogd[1267]: [NEW] ORIG: SRC=fd02:c8be:1d40:0:75c3:3b72:9ae4:cb64 DST=fd02:c8be:1d40::1 PROTO=UDP SPT=49399 DPT=53 PKTS=0 BYTES=0 , REPLY: SRC=fd02:c8be:1d40::1 DST=fd02:c8be:1d40:0:75c3:3b72:9ae4:cb64 PROTO=UDP SPT=53 DPT=49399 PKTS=0 BYTES=0
Dec  9 00:49:43 10.0.0.2 dnsmasq[1]: 2117977 fd02:c8be:1d40:0:75c3:3b72:9ae4:cb64/56571 cached matrix-client.matrix.org is 172.67.19.90
Dec  9 00:49:43 10.0.0.2 dnsmasq[1]: 2117977 fd02:c8be:1d40:0:75c3:3b72:9ae4:cb64/56571 cached matrix-client.matrix.org is 104.20.200.37
Dec  9 00:49:43 10.0.0.2 dnsmasq[1]: 2117977 fd02:c8be:1d40:0:75c3:3b72:9ae4:cb64/56571 cached matrix-client.matrix.org is 104.20.201.37
Dec  9 00:49:43 10.0.0.2 dnsmasq[1]: 2117978 fd02:c8be:1d40:0:75c3:3b72:9ae4:cb64/49399 query[type=65] matrix-client.matrix.org from fd02:c8be:1d40:0:75c3:3b72:9ae4:cb64
Dec  9 00:49:43 10.0.0.2 dnsmasq[1]: 2117978 fd02:c8be:1d40:0:75c3:3b72:9ae4:cb64/49399 forwarded matrix-client.matrix.org to 194.50.85.5
Dec  9 00:49:43 10.0.0.2 ulogd[1267]: [NEW] ORIG: SRC=176.36.141.89 DST=194.50.85.5 PROTO=UDP SPT=41274 DPT=53 PKTS=0 BYTES=0 , REPLY: SRC=194.50.85.5 DST=176.36.141.89 PROTO=UDP SPT=53 DPT=41274 PKTS=0 BYTES=0
Dec  9 00:49:46 10.0.0.2 ulogd[1267]: [DESTROY] ORIG: SRC=176.36.141.89 DST=194.50.85.5 PROTO=UDP SPT=49876 DPT=53 PKTS=1 BYTES=71 , REPLY: SRC=194.50.85.5 DST=176.36.141.89 PROTO=UDP SPT=53 DPT=49876 PKTS=1 BYTES=199
Dec  9 00:49:46 10.0.0.2 ulogd[1267]: [NEW] ORIG: SRC=192.168.1.45 DST=192.168.1.1 PROTO=UDP SPT=45880 DPT=53 PKTS=0 BYTES=0 , REPLY: SRC=192.168.1.1 DST=192.168.1.45 PROTO=UDP SPT=53 DPT=45880 PKTS=0 BYTES=0
Dec  9 00:49:46 10.0.0.2 dnsmasq[1]: 2117979 192.168.1.45/45880 query[A] updates.maxmind.com from 192.168.1.45
Dec  9 00:49:46 10.0.0.2 ulogd[1267]: [NEW] ORIG: SRC=192.168.1.45 DST=192.168.1.1 PROTO=UDP SPT=52656 DPT=53 PKTS=0 BYTES=0 , REPLY: SRC=192.168.1.1 DST=192.168.1.45 PROTO=UDP SPT=53 DPT=52656 PKTS=0 BYTES=0
Dec  9 00:49:46 10.0.0.2 dnsmasq[1]: 2117979 192.168.1.45/45880 cached updates.maxmind.com is 162.159.134.22
Dec  9 00:49:46 10.0.0.2 dnsmasq[1]: 2117979 192.168.1.45/45880 cached updates.maxmind.com is 162.159.135.22
