Dec  9 00:50:33 10.0.0.2 ulogd[1267]: [NEW] ORIG: SRC=176.36.141.89 DST=194.50.85.5 PROTO=UDP SPT=42048 DPT=53 PKTS=0 BYTES=0 , REPLY: SRC=194.50.85.5 DST=176.36.141.89 PROTO=UDP SPT=53 DPT=42048 PKTS=0 BYTES=0
Dec  9 00:50:33 10.0.0.2 dnsmasq[1]: 2118028 fd02:c8be:1d40:0:75c3:3b72:9ae4:cb64/61707 forwarded navigator-bs.gmx.com to 194.50.85.5
Dec  9 00:50:34 10.0.0.2 dnsmasq[1]: 2118027 fd02:c8be:1d40:0:75c3:3b72:9ae4:cb64/57020 reply navigator-bs.gmx.com is 217.72.199.27
Dec  9 00:50:34 10.0.0.2 dnsmasq[1]: 2118028 fd02:c8be:1d40:0:75c3:3b72:9ae4:cb64/61707 reply navigator-bs.gmx.com is NODATA
Dec  9 00:50:34 10.0.0.2 ulogd[1267]: [DESTROY] ORIG: SRC=192.168.1.45 DST=192.168.1.1 PROTO=UDP SPT=49022 DPT=53 PKTS=1 BYTES=76 , REPLY: SRC=192.168.1.1 DST=192.168.1.45 PROTO=UDP SPT=53 DPT=49022 PKTS=1 BYTES=108
Dec  9 00:50:35 10.0.0.2 ulogd[1267]: [NEW] ORIG: SRC=192.168.1.45 DST=192.168.1.1 PROTO=UDP SPT=54070 DPT=53 PKTS=0 BYTES=0 , REPLY: SRC=192.168.1.1 DST=192.168.1.45 PROTO=UDP SPT=53 DPT=54070 PKTS=0 BYTES=0
Dec  9 00:50:35 10.0.0.2 dnsmasq[1]: 2118029 192.168.1.45/54070 query[AAAA] updates.maxmind.com from 192.168.1.45
Dec  9 00:50:35 10.0.0.2 dnsmasq[1]: 2118029 192.168.1.45/54070 cached updates.maxmind.com is 2606:4700:7::a29f:8616
Dec  9 00:50:35 10.0.0.2 ulogd[1267]: [NEW] ORIG: SRC=192.168.1.45 DST=192.168.1.1 PROTO=UDP SPT=51201 DPT=53 PKTS=0 BYTES=0 , REPLY: SRC=192.168.1.1 DST=192.168.1.45 PROTO=UDP SPT=53 DPT=51201 PKTS=0 BYTES=0
Dec  9 00:50:35 10.0.0.2 dnsmasq[1]: 2118029 192.168.1.45/54070 cached updates.maxmind.com is 2606:4700:7::a29f:8716
Dec  9 00:50:35 10.0.0.2 dnsmasq[1]: 2118030 192.168.1.45/51201 query[A] updates.maxmind.com from 192.168.1.45
Dec  9 00:50:35 10.0.0.2 dnsmasq[1]: 2118030 192.168.1.45/51201 cached updates.maxmind.com is 162.159.135.22
Dec  9 00:50:35 10.0.0.2 dnsmasq[1]: 2118030 192.168.1.45/51201 cached updates.maxmind.com is 162.159.134.22
Dec  9 00:50:35 10.0.0.2 ulogd[1267]: [NEW] ORIG: SRC=192.168.1.45 DST=162.159.135.22 PROTO=TCP SPT=46330 DPT=443 PKTS=0 BYTES=0 , REPLY: SRC=162.159.135.22 DST=176.36.141.89 PROTO=TCP SPT=443 DPT=46330 PKTS=0 BYTES=0
Dec  9 00:50:36 10.0.0.2 ulogd[1267]: [NEW] ORIG: SRC=fd02:c8be:1d40:0:75c3:3b72:9ae4:cb64 DST=fd02:c8be:1d40::1 PROTO=UDP SPT=49253 DPT=53 PKTS=0 BYTES=0 , REPLY: SRC=fd02:c8be:1d40::1 DST=fd02:c8be:1d40:0:75c3:3b72:9ae4:cb64 PROTO=UDP SPT=53 DPT=49253 PKTS=0 BYTES=0
Dec  9 00:50:36 10.0.0.2 dnsmasq[1]: 2118031 fd02:c8be:1d40:0:75c3:3b72:9ae4:cb64/49253 query[A] images.cointelegraph.com from fd02:c8be:1d40:0:75c3:3b72:9ae4:cb64
Dec  9 00:50:36 10.0.0.2 dnsmasq[1]: 2118031 fd02:c8be:1d40:0:75c3:3b72:9ae4:cb64/49253 forwarded images.cointelegraph.com to 194.50.85.5
Dec  9 00:50:36 10.0.0.2 dnsmasq[1]: 2118032 fd02:c8be:1d40:0:75c3:3b72:9ae4:cb64/64947 query[type=65] images.cointelegraph.com from fd02:c8be:1d40:0:75c3:3b72:9ae4:cb64
Dec  9 00:50:36 10.0.0.2 ulogd[1267]: [DESTROY] ORIG: SRC=176.36.141.89 DST=194.50.85.7 PROTO=UDP SPT=57593 DPT=53 PKTS=1 BYTES=63 , REPLY: SRC=194.50.85.7 DST=176.36.141.89 PROTO=UDP SPT=53 DPT=57593 PKTS=1 BYTES=133
Dec  9 00:50:36 10.0.0.2 dnsmasq[1]: 2118032 fd02:c8be:1d40:0:75c3:3b72:9ae4:cb64/64947 forwarded images.cointelegraph.com to 194.50.85.5
Dec  9 00:50:36 10.0.0.2 ulogd[1267]: [NEW] ORIG: SRC=176.36.141.89 DST=194.50.85.5 PROTO=UDP SPT=46825 DPT=53 PKTS=0 BYTES=0 , REPLY: SRC=194.50.85.5 DST=176.36.141.89 PROTO=UDP SPT=53 DPT=46825 PKTS=0 BYTES=0
Dec  9 00:50:36 10.0.0.2 ulogd[1267]: [NEW] ORIG: SRC=fd02:c8be:1d40:0:75c3:3b72:9ae4:cb64 DST=fd02:c8be:1d40::1 PROTO=UDP SPT=64947 DPT=53 PKTS=0 BYTES=0 , REPLY: SRC=fd02:c8be:1d40::1 DST=fd02:c8be:1d40:0:75c3:3b72:9ae4:cb64 PROTO=UDP SPT=53 DPT=64947 PKTS=0 BYTES=0
Dec  9 00:50:36 10.0.0.2 ulogd[1267]: [NEW] ORIG: SRC=176.36.141.89 DST=194.50.85.5 PROTO=UDP SPT=59669 DPT=53 PKTS=0 BYTES=0 , REPLY: SRC=194.50.85.5 DST=176.36.141.89 PROTO=UDP SPT=53 DPT=59669 PKTS=0 BYTES=0
Dec  9 00:50:36 10.0.0.2 dnsmasq[1]: 2118031 fd02:c8be:1d40:0:75c3:3b72:9ae4:cb64/49253 reply images.cointelegraph.com is 104.19.211.104
Dec  9 00:50:36 10.0.0.2 dnsmasq[1]: 2118031 fd02:c8be:1d40:0:75c3:3b72:9ae4:cb64/49253 reply images.cointelegraph.com is 104.19.210.104
Dec  9 00:50:36 10.0.0.2 dnsmasq[1]: 2118032 fd02:c8be:1d40:0:75c3:3b72:9ae4:cb64/64947 reply images.cointelegraph.com is <type=65>
Dec  9 00:50:36 10.0.0.2 ulogd[1267]: [NEW] ORIG: SRC=192.168.1.180 DST=104.19.211.104 PROTO=UDP SPT=63667 DPT=443 PKTS=0 BYTES=0 , REPLY: SRC=104.19.211.104 DST=176.36.141.89 PROTO=UDP SPT=443 DPT=63667 PKTS=0 BYTES=0
Dec  9 00:50:36 10.0.0.2 ulogd[1267]: [NEW] ORIG: SRC=192.168.1.180 DST=104.19.211.104 PROTO=TCP SPT=65396 DPT=443 PKTS=0 BYTES=0 , REPLY: SRC=104.19.211.104 DST=176.36.141.89 PROTO=TCP SPT=443 DPT=65396 PKTS=0 BYTES=0
Dec  9 00:50:37 10.0.0.2 dnsmasq[1]: 2118033 fd02:c8be:1d40:0:75c3:3b72:9ae4:cb64/61528 query[A] www.google.com from fd02:c8be:1d40:0:75c3:3b72:9ae4:cb64
Dec  9 00:50:37 10.0.0.2 ulogd[1267]: [NEW] ORIG: SRC=fd02:c8be:1d40:0:75c3:3b72:9ae4:cb64 DST=fd02:c8be:1d40::1 PROTO=UDP SPT=61528 DPT=53 PKTS=0 BYTES=0 , REPLY: SRC=fd02:c8be:1d40::1 DST=fd02:c8be:1d40:0:75c3:3b72:9ae4:cb64 PROTO=UDP SPT=53 DPT=61528 PKTS=0 BYTES=0
Dec  9 00:50:37 10.0.0.2 ulogd[1267]: [NEW] ORIG: SRC=fd02:c8be:1d40:0:75c3:3b72:9ae4:cb64 DST=fd02:c8be:1d40::1 PROTO=UDP SPT=51799 DPT=53 PKTS=0 BYTES=0 , REPLY: SRC=fd02:c8be:1d40::1 DST=fd02:c8be:1d40:0:75c3:3b72:9ae4:cb64 PROTO=UDP SPT=53 DPT=51799 PKTS=0 BYTES=0
Dec  9 00:50:37 10.0.0.2 dnsmasq[1]: 2118033 fd02:c8be:1d40:0:75c3:3b72:9ae4:cb64/61528 forwarded www.google.com to 194.50.85.5
Dec  9 00:50:37 10.0.0.2 ulogd[1267]: [NEW] ORIG: SRC=176.36.141.89 DST=194.50.85.5 PROTO=UDP SPT=48645 DPT=53 PKTS=0 BYTES=0 , REPLY: SRC=194.50.85.5 DST=176.36.141.89 PROTO=UDP SPT=53 DPT=48645 PKTS=0 BYTES=0
Dec  9 00:50:37 10.0.0.2 dnsmasq[1]: 2118034 fd02:c8be:1d40:0:75c3:3b72:9ae4:cb64/51799 query[type=65] www.google.com from fd02:c8be:1d40:0:75c3:3b72:9ae4:cb64
Dec  9 00:50:37 10.0.0.2 dnsmasq[1]: 2118034 fd02:c8be:1d40:0:75c3:3b72:9ae4:cb64/51799 forwarded www.google.com to 194.50.85.5
Dec  9 00:50:37 10.0.0.2 ulogd[1267]: [NEW] ORIG: SRC=176.36.141.89 DST=194.50.85.5 PROTO=UDP SPT=46906 DPT=53 PKTS=0 BYTES=0 , REPLY: SRC=194.50.85.5 DST=176.36.141.89 PROTO=UDP SPT=53 DPT=46906 PKTS=0 BYTES=0
Dec  9 00:50:37 10.0.0.2 dnsmasq[1]: 2118033 fd02:c8be:1d40:0:75c3:3b72:9ae4:cb64/61528 reply www.google.com is 142.251.39.36
Dec  9 00:50:37 10.0.0.2 dnsmasq[1]: 2118034 fd02:c8be:1d40:0:75c3:3b72:9ae4:cb64/51799 reply www.google.com is <type=65>
Dec  9 00:50:37 10.0.0.2 ulogd[1267]: [NEW] ORIG: SRC=192.168.1.180 DST=142.251.39.36 PROTO=UDP SPT=53065 DPT=443 PKTS=0 BYTES=0 , REPLY: SRC=142.251.39.36 DST=176.36.141.89 PROTO=UDP SPT=443 DPT=53065 PKTS=0 BYTES=0
Dec  9 00:50:38 10.0.0.2 ulogd[1267]: [NEW] ORIG: SRC=fd02:c8be:1d40:0:75c3:3b72:9ae4:cb64 DST=fd02:c8be:1d40::1 PROTO=UDP SPT=52988 DPT=53 PKTS=0 BYTES=0 , REPLY: SRC=fd02:c8be:1d40::1 DST=fd02:c8be:1d40:0:75c3:3b72:9ae4:cb64 PROTO=UDP SPT=53 DPT=52988 PKTS=0 BYTES=0
Dec  9 00:50:38 10.0.0.2 dnsmasq[1]: 2118035 fd02:c8be:1d40:0:75c3:3b72:9ae4:cb64/52988 query[A] category.blocksite.co from fd02:c8be:1d40:0:75c3:3b72:9ae4:cb64
Dec  9 00:50:38 10.0.0.2 ulogd[1267]: [NEW] ORIG: SRC=fd02:c8be:1d40:0:75c3:3b72:9ae4:cb64 DST=fd02:c8be:1d40::1 PROTO=UDP SPT=51520 DPT=53 PKTS=0 BYTES=0 , REPLY: SRC=fd02:c8be:1d40::1 DST=fd02:c8be:1d40:0:75c3:3b72:9ae4:cb64 PROTO=UDP SPT=53 DPT=51520 PKTS=0 BYTES=0
Dec  9 00:50:38 10.0.0.2 dnsmasq[1]: 2118035 fd02:c8be:1d40:0:75c3:3b72:9ae4:cb64/52988 forwarded category.blocksite.co to 194.50.85.5
Dec  9 00:50:38 10.0.0.2 ulogd[1267]: [NEW] ORIG: SRC=176.36.141.89 DST=194.50.85.5 PROTO=UDP SPT=36044 DPT=53 PKTS=0 BYTES=0 , REPLY: SRC=194.50.85.5 DST=176.36.141.89 PROTO=UDP SPT=53 DPT=36044 PKTS=0 BYTES=0
Dec  9 00:50:38 10.0.0.2 dnsmasq[1]: 2118036 fd02:c8be:1d40:0:75c3:3b72:9ae4:cb64/51520 query[type=65] category.blocksite.co from fd02:c8be:1d40:0:75c3:3b72:9ae4:cb64
Dec  9 00:50:38 10.0.0.2 dnsmasq[1]: 2118036 fd02:c8be:1d40:0:75c3:3b72:9ae4:cb64/51520 forwarded category.blocksite.co to 194.50.85.5
Dec  9 00:50:38 10.0.0.2 ulogd[1267]: [NEW] ORIG: SRC=176.36.141.89 DST=194.50.85.5 PROTO=UDP SPT=57999 DPT=53 PKTS=0 BYTES=0 , REPLY: SRC=194.50.85.5 DST=176.36.141.89 PROTO=UDP SPT=53 DPT=57999 PKTS=0 BYTES=0
Dec  9 00:50:38 10.0.0.2 dnsmasq[1]: 2118035 fd02:c8be:1d40:0:75c3:3b72:9ae4:cb64/52988 reply category.blocksite.co is 44.229.120.41
Dec  9 00:50:38 10.0.0.2 dnsmasq[1]: 2118035 fd02:c8be:1d40:0:75c3:3b72:9ae4:cb64/52988 reply category.blocksite.co is 44.225.17.45
Dec  9 00:50:38 10.0.0.2 ulogd[1267]: [NEW] ORIG: SRC=192.168.1.180 DST=44.229.120.41 PROTO=TCP SPT=65397 DPT=443 PKTS=0 BYTES=0 , REPLY: SRC=44.229.120.41 DST=176.36.141.89 PROTO=TCP SPT=443 DPT=65397 PKTS=0 BYTES=0
Dec  9 00:50:38 10.0.0.2 dnsmasq[1]: 2118036 fd02:c8be:1d40:0:75c3:3b72:9ae4:cb64/51520 reply category.blocksite.co is NODATA
Dec  9 00:50:38 10.0.0.2 dnsmasq[1]: 2118037 fd02:c8be:1d40:0:75c3:3b72:9ae4:cb64/51072 query[A] fonts.gstatic.com from fd02:c8be:1d40:0:75c3:3b72:9ae4:cb64
Dec  9 00:50:38 10.0.0.2 dnsmasq[1]: 2118037 fd02:c8be:1d40:0:75c3:3b72:9ae4:cb64/51072 forwarded fonts.gstatic.com to 194.50.85.5
Dec  9 00:50:38 10.0.0.2 ulogd[1267]: [NEW] ORIG: SRC=176.36.141.89 DST=194.50.85.5 PROTO=UDP SPT=40985 DPT=53 PKTS=0 BYTES=0 , REPLY: SRC=194.50.85.5 DST=176.36.141.89 PROTO=UDP SPT=53 DPT=40985 PKTS=0 BYTES=0
Dec  9 00:50:38 10.0.0.2 dnsmasq[1]: 2118037 fd02:c8be:1d40:0:75c3:3b72:9ae4:cb64/51072 reply fonts.gstatic.com is 142.250.201.195
Dec  9 00:50:38 10.0.0.2 dnsmasq[1]: 2118038 fd02:c8be:1d40:0:75c3:3b72:9ae4:cb64/51072 query[A] www.gstatic.com from fd02:c8be:1d40:0:75c3:3b72:9ae4:cb64
Dec  9 00:50:38 10.0.0.2 dnsmasq[1]: 2118038 fd02:c8be:1d40:0:75c3:3b72:9ae4:cb64/51072 forwarded www.gstatic.com to 194.50.85.5
Dec  9 00:50:38 10.0.0.2 ulogd[1267]: [NEW] ORIG: SRC=176.36.141.89 DST=194.50.85.5 PROTO=UDP SPT=47875 DPT=53 PKTS=0 BYTES=0 , REPLY: SRC=194.50.85.5 DST=176.36.141.89 PROTO=UDP SPT=53 DPT=47875 PKTS=0 BYTES=0
Dec  9 00:50:38 10.0.0.2 dnsmasq[1]: 2118038 fd02:c8be:1d40:0:75c3:3b72:9ae4:cb64/51072 reply www.gstatic.com is 142.250.180.195
Dec  9 00:50:39 10.0.0.2 ulogd[1267]: [DESTROY] ORIG: SRC=192.168.1.45 DST=192.168.1.1 PROTO=UDP SPT=57533 DPT=53 PKTS=1 BYTES=76 , REPLY: SRC=192.168.1.1 DST=192.168.1.45 PROTO=UDP SPT=53 DPT=57533 PKTS=1 BYTES=108
Dec  9 00:50:40 10.0.0.2 ulogd[1267]: [DESTROY] ORIG: SRC=176.36.141.89 DST=194.50.85.7 PROTO=UDP SPT=34028 DPT=53 PKTS=1 BYTES=73 , REPLY: SRC=194.50.85.7 DST=176.36.141.89 PROTO=UDP SPT=53 DPT=34028 PKTS=1 BYTES=143
Dec  9 00:50:40 10.0.0.2 ulogd[1267]: [DESTROY] ORIG: SRC=192.168.1.45 DST=192.168.1.1 PROTO=UDP SPT=57994 DPT=53 PKTS=1 BYTES=76 , REPLY: SRC=192.168.1.1 DST=192.168.1.45 PROTO=UDP SPT=53 DPT=57994 PKTS=1 BYTES=108
Dec  9 00:50:40 10.0.0.2 ulogd[1267]: [NEW] ORIG: SRC=192.168.1.180 DST=81.17.55.99 PROTO=TCP SPT=65398 DPT=443 PKTS=0 BYTES=0 , REPLY: SRC=81.17.55.99 DST=176.36.141.89 PROTO=TCP SPT=443 DPT=65398 PKTS=0 BYTES=0
Dec  9 00:50:42 10.0.0.2 ulogd[1267]: [NEW] ORIG: SRC=192.168.1.45 DST=192.168.1.1 PROTO=UDP SPT=37127 DPT=53 PKTS=0 BYTES=0 , REPLY: SRC=192.168.1.1 DST=192.168.1.45 PROTO=UDP SPT=53 DPT=37127 PKTS=0 BYTES=0
Dec  9 00:50:42 10.0.0.2 ulogd[1267]: [NEW] ORIG: SRC=192.168.1.45 DST=192.168.1.1 PROTO=UDP SPT=54811 DPT=53 PKTS=0 BYTES=0 , REPLY: SRC=192.168.1.1 DST=192.168.1.45 PROTO=UDP SPT=53 DPT=54811 PKTS=0 BYTES=0
Dec  9 00:50:42 10.0.0.2 dnsmasq[1]: 2118039 192.168.1.45/37127 query[AAAA] updates.maxmind.com from 192.168.1.45
Dec  9 00:50:42 10.0.0.2 dnsmasq[1]: 2118039 192.168.1.45/37127 cached updates.maxmind.com is 2606:4700:7::a29f:8716
Dec  9 00:50:42 10.0.0.2 dnsmasq[1]: 2118039 192.168.1.45/37127 cached updates.maxmind.com is 2606:4700:7::a29f:8616
Dec  9 00:50:42 10.0.0.2 dnsmasq[1]: 2118040 192.168.1.45/54811 query[A] updates.maxmind.com from 192.168.1.45
Dec  9 00:50:42 10.0.0.2 dnsmasq[1]: 2118040 192.168.1.45/54811 cached updates.maxmind.com is 162.159.134.22
Dec  9 00:50:42 10.0.0.2 dnsmasq[1]: 2118040 192.168.1.45/54811 cached updates.maxmind.com is 162.159.135.22
Dec  9 00:50:42 10.0.0.2 ulogd[1267]: [NEW] ORIG: SRC=192.168.1.45 DST=162.159.134.22 PROTO=TCP SPT=41930 DPT=443 PKTS=0 BYTES=0 , REPLY: SRC=162.159.134.22 DST=176.36.141.89 PROTO=TCP SPT=443 DPT=41930 PKTS=0 BYTES=0
Dec  9 00:50:43 10.0.0.2 ulogd[1267]: [NEW] ORIG: SRC=fd02:c8be:1d40:0:75c3:3b72:9ae4:cb64 DST=fd02:c8be:1d40::1 PROTO=UDP SPT=53066 DPT=53 PKTS=0 BYTES=0 , REPLY: SRC=fd02:c8be:1d40::1 DST=fd02:c8be:1d40:0:75c3:3b72:9ae4:cb64 PROTO=UDP SPT=53 DPT=53066 PKTS=0 BYTES=0
Dec  9 00:50:43 10.0.0.2 ulogd[1267]: [NEW] ORIG: SRC=fd02:c8be:1d40:0:75c3:3b72:9ae4:cb64 DST=fd02:c8be:1d40::1 PROTO=UDP SPT=63334 DPT=53 PKTS=0 BYTES=0 , REPLY: SRC=fd02:c8be:1d40::1 DST=fd02:c8be:1d40:0:75c3:3b72:9ae4:cb64 PROTO=UDP SPT=53 DPT=63334 PKTS=0 BYTES=0
Dec  9 00:50:43 10.0.0.2 dnsmasq[1]: 2118041 fd02:c8be:1d40:0:75c3:3b72:9ae4:cb64/53066 query[A] github.githubassets.com from fd02:c8be:1d40:0:75c3:3b72:9ae4:cb64
Dec  9 00:50:43 10.0.0.2 ulogd[1267]: [NEW] ORIG: SRC=fd02:c8be:1d40:0:75c3:3b72:9ae4:cb64 DST=fd02:c8be:1d40::1 PROTO=UDP SPT=51740 DPT=53 PKTS=0 BYTES=0 , REPLY: SRC=fd02:c8be:1d40::1 DST=fd02:c8be:1d40:0:75c3:3b72:9ae4:cb64 PROTO=UDP SPT=53 DPT=51740 PKTS=0 BYTES=0
Dec  9 00:50:43 10.0.0.2 dnsmasq[1]: 2118041 fd02:c8be:1d40:0:75c3:3b72:9ae4:cb64/53066 cached github.githubassets.com is 185.199.108.154
Dec  9 00:50:43 10.0.0.2 ulogd[1267]: [NEW] ORIG: SRC=fd02:c8be:1d40:0:75c3:3b72:9ae4:cb64 DST=fd02:c8be:1d40::1 PROTO=UDP SPT=61145 DPT=53 PKTS=0 BYTES=0 , REPLY: SRC=fd02:c8be:1d40::1 DST=fd02:c8be:1d40:0:75c3:3b72:9ae4:cb64 PROTO=UDP SPT=53 DPT=61145 PKTS=0 BYTES=0
Dec  9 00:50:43 10.0.0.2 dnsmasq[1]: 2118041 fd02:c8be:1d40:0:75c3:3b72:9ae4:cb64/53066 cached github.githubassets.com is 185.199.110.154
Dec  9 00:50:43 10.0.0.2 dnsmasq[1]: 2118041 fd02:c8be:1d40:0:75c3:3b72:9ae4:cb64/53066 cached github.githubassets.com is 185.199.109.154
Dec  9 00:50:43 10.0.0.2 dnsmasq[1]: 2118041 fd02:c8be:1d40:0:75c3:3b72:9ae4:cb64/53066 cached github.githubassets.com is 185.199.111.154
Dec  9 00:50:43 10.0.0.2 dnsmasq[1]: 2118042 fd02:c8be:1d40:0:75c3:3b72:9ae4:cb64/63334 query[type=65] github.githubassets.com from fd02:c8be:1d40:0:75c3:3b72:9ae4:cb64
Dec  9 00:50:43 10.0.0.2 ulogd[1267]: [NEW] ORIG: SRC=176.36.141.89 DST=194.50.85.5 PROTO=UDP SPT=37888 DPT=53 PKTS=0 BYTES=0 , REPLY: SRC=194.50.85.5 DST=176.36.141.89 PROTO=UDP SPT=53 DPT=37888 PKTS=0 BYTES=0
Dec  9 00:50:43 10.0.0.2 ulogd[1267]: [NEW] ORIG: SRC=fd02:c8be:1d40:0:75c3:3b72:9ae4:cb64 DST=fd02:c8be:1d40::1 PROTO=UDP SPT=51099 DPT=53 PKTS=0 BYTES=0 , REPLY: SRC=fd02:c8be:1d40::1 DST=fd02:c8be:1d40:0:75c3:3b72:9ae4:cb64 PROTO=UDP SPT=53 DPT=51099 PKTS=0 BYTES=0
Dec  9 00:50:43 10.0.0.2 dnsmasq[1]: 2118042 fd02:c8be:1d40:0:75c3:3b72:9ae4:cb64/63334 forwarded github.githubassets.com to 194.50.85.5
Dec  9 00:50:43 10.0.0.2 ulogd[1267]: [NEW] ORIG: SRC=fd02:c8be:1d40:0:75c3:3b72:9ae4:cb64 DST=fd02:c8be:1d40::1 PROTO=UDP SPT=63166 DPT=53 PKTS=0 BYTES=0 , REPLY: SRC=fd02:c8be:1d40::1 DST=fd02:c8be:1d40:0:75c3:3b72:9ae4:cb64 PROTO=UDP SPT=53 DPT=63166 PKTS=0 BYTES=0
Dec  9 00:50:43 10.0.0.2 dnsmasq[1]: 2118043 fd02:c8be:1d40:0:75c3:3b72:9ae4:cb64/51740 query[A] avatars.githubusercontent.com from fd02:c8be:1d40:0:75c3:3b72:9ae4:cb64
Dec  9 00:50:43 10.0.0.2 dnsmasq[1]: 2118043 fd02:c8be:1d40:0:75c3:3b72:9ae4:cb64/51740 forwarded avatars.githubusercontent.com to 194.50.85.5
Dec  9 00:50:43 10.0.0.2 ulogd[1267]: [NEW] ORIG: SRC=192.168.1.180 DST=185.199.108.154 PROTO=TCP SPT=65399 DPT=443 PKTS=0 BYTES=0 , REPLY: SRC=185.199.108.154 DST=176.36.141.89 PROTO=TCP SPT=443 DPT=65399 PKTS=0 BYTES=0
Dec  9 00:50:43 10.0.0.2 dnsmasq[1]: 2118044 fd02:c8be:1d40:0:75c3:3b72:9ae4:cb64/61145 query[type=65] avatars.githubusercontent.com from fd02:c8be:1d40:0:75c3:3b72:9ae4:cb64
Dec  9 00:50:43 10.0.0.2 dnsmasq[1]: 2118044 fd02:c8be:1d40:0:75c3:3b72:9ae4:cb64/61145 forwarded avatars.githubusercontent.com to 194.50.85.5
Dec  9 00:50:43 10.0.0.2 ulogd[1267]: [NEW] ORIG: SRC=176.36.141.89 DST=194.50.85.5 PROTO=UDP SPT=60743 DPT=53 PKTS=0 BYTES=0 , REPLY: SRC=194.50.85.5 DST=176.36.141.89 PROTO=UDP SPT=53 DPT=60743 PKTS=0 BYTES=0
Dec  9 00:50:43 10.0.0.2 dnsmasq[1]: 2118043 fd02:c8be:1d40:0:75c3:3b72:9ae4:cb64/51740 reply avatars.githubusercontent.com is 185.199.110.133
Dec  9 00:50:43 10.0.0.2 dnsmasq[1]: 2118043 fd02:c8be:1d40:0:75c3:3b72:9ae4:cb64/51740 reply avatars.githubusercontent.com is 185.199.108.133
Dec  9 00:50:43 10.0.0.2 ulogd[1267]: [NEW] ORIG: SRC=176.36.141.89 DST=194.50.85.5 PROTO=UDP SPT=34159 DPT=53 PKTS=0 BYTES=0 , REPLY: SRC=194.50.85.5 DST=176.36.141.89 PROTO=UDP SPT=53 DPT=34159 PKTS=0 BYTES=0
Dec  9 00:50:43 10.0.0.2 dnsmasq[1]: 2118043 fd02:c8be:1d40:0:75c3:3b72:9ae4:cb64/51740 reply avatars.githubusercontent.com is 185.199.109.133
Dec  9 00:50:43 10.0.0.2 dnsmasq[1]: 2118043 fd02:c8be:1d40:0:75c3:3b72:9ae4:cb64/51740 reply avatars.githubusercontent.com is 185.199.111.133
Dec  9 00:50:43 10.0.0.2 dnsmasq[1]: 2118045 fd02:c8be:1d40:0:75c3:3b72:9ae4:cb64/51099 query[A] private-user-images.githubusercontent.com from fd02:c8be:1d40:0:75c3:3b72:9ae4:cb64
Dec  9 00:50:43 10.0.0.2 ulogd[1267]: [NEW] ORIG: SRC=176.36.141.89 DST=194.50.85.5 PROTO=UDP SPT=34357 DPT=53 PKTS=0 BYTES=0 , REPLY: SRC=194.50.85.5 DST=176.36.141.89 PROTO=UDP SPT=53 DPT=34357 PKTS=0 BYTES=0
Dec  9 00:50:43 10.0.0.2 dnsmasq[1]: 2118045 fd02:c8be:1d40:0:75c3:3b72:9ae4:cb64/51099 forwarded private-user-images.githubusercontent.com to 194.50.85.5
Dec  9 00:50:43 10.0.0.2 dnsmasq[1]: 2118046 fd02:c8be:1d40:0:75c3:3b72:9ae4:cb64/63166 query[type=65] private-user-images.githubusercontent.com from fd02:c8be:1d40:0:75c3:3b72:9ae4:cb64
Dec  9 00:50:43 10.0.0.2 ulogd[1267]: [DESTROY] ORIG: SRC=192.168.1.180 DST=104.18.32.137 PROTO=TCP SPT=65282 DPT=443 PKTS=21 BYTES=2005 , REPLY: SRC=104.18.32.137 DST=176.36.141.89 PROTO=TCP SPT=443 DPT=65282 PKTS=21 BYTES=4123
Dec  9 00:50:43 10.0.0.2 ulogd[1267]: [NEW] ORIG: SRC=176.36.141.89 DST=194.50.85.5 PROTO=UDP SPT=54464 DPT=53 PKTS=0 BYTES=0 , REPLY: SRC=194.50.85.5 DST=176.36.141.89 PROTO=UDP SPT=53 DPT=54464 PKTS=0 BYTES=0
Dec  9 00:50:43 10.0.0.2 dnsmasq[1]: 2118046 fd02:c8be:1d40:0:75c3:3b72:9ae4:cb64/63166 forwarded private-user-images.githubusercontent.com to 194.50.85.5
Dec  9 00:50:43 10.0.0.2 dnsmasq[1]: 2118045 fd02:c8be:1d40:0:75c3:3b72:9ae4:cb64/51099 reply private-user-images.githubusercontent.com is 185.199.108.133
Dec  9 00:50:43 10.0.0.2 dnsmasq[1]: 2118045 fd02:c8be:1d40:0:75c3:3b72:9ae4:cb64/51099 reply private-user-images.githubusercontent.com is 185.199.110.133
Dec  9 00:50:43 10.0.0.2 dnsmasq[1]: 2118045 fd02:c8be:1d40:0:75c3:3b72:9ae4:cb64/51099 reply private-user-images.githubusercontent.com is 185.199.109.133
Dec  9 00:50:43 10.0.0.2 dnsmasq[1]: 2118045 fd02:c8be:1d40:0:75c3:3b72:9ae4:cb64/51099 reply private-user-images.githubusercontent.com is 185.199.111.133
Dec  9 00:50:43 10.0.0.2 dnsmasq[1]: 2118044 fd02:c8be:1d40:0:75c3:3b72:9ae4:cb64/61145 reply avatars.githubusercontent.com is NODATA
Dec  9 00:50:43 10.0.0.2 dnsmasq[1]: 2118042 fd02:c8be:1d40:0:75c3:3b72:9ae4:cb64/63334 reply github.githubassets.com is NODATA
Dec  9 00:50:43 10.0.0.2 dnsmasq[1]: 2118046 fd02:c8be:1d40:0:75c3:3b72:9ae4:cb64/63166 reply private-user-images.githubusercontent.com is NODATA
Dec  9 00:50:43 10.0.0.2 ulogd[1267]: [NEW] ORIG: SRC=192.168.1.180 DST=185.199.108.154 PROTO=TCP SPT=65400 DPT=443 PKTS=0 BYTES=0 , REPLY: SRC=185.199.108.154 DST=176.36.141.89 PROTO=TCP SPT=443 DPT=65400 PKTS=0 BYTES=0
Dec  9 00:50:44 10.0.0.2 ulogd[1267]: [NEW] ORIG: SRC=fd02:c8be:1d40:0:75c3:3b72:9ae4:cb64 DST=fd02:c8be:1d40::1 PROTO=UDP SPT=50531 DPT=53 PKTS=0 BYTES=0 , REPLY: SRC=fd02:c8be:1d40::1 DST=fd02:c8be:1d40:0:75c3:3b72:9ae4:cb64 PROTO=UDP SPT=53 DPT=50531 PKTS=0 BYTES=0
Dec  9 00:50:44 10.0.0.2 ulogd[1267]: [NEW] ORIG: SRC=fd02:c8be:1d40:0:75c3:3b72:9ae4:cb64 DST=fd02:c8be:1d40::1 PROTO=UDP SPT=62845 DPT=53 PKTS=0 BYTES=0 , REPLY: SRC=fd02:c8be:1d40::1 DST=fd02:c8be:1d40:0:75c3:3b72:9ae4:cb64 PROTO=UDP SPT=53 DPT=62845 PKTS=0 BYTES=0
Dec  9 00:50:44 10.0.0.2 dnsmasq[1]: 2118047 fd02:c8be:1d40:0:75c3:3b72:9ae4:cb64/50531 query[A] github-cloud.s3.amazonaws.com from fd02:c8be:1d40:0:75c3:3b72:9ae4:cb64
Dec  9 00:50:44 10.0.0.2 dnsmasq[1]: 2118047 fd02:c8be:1d40:0:75c3:3b72:9ae4:cb64/50531 forwarded github-cloud.s3.amazonaws.com to 194.50.85.5
Dec  9 00:50:44 10.0.0.2 ulogd[1267]: [NEW] ORIG: SRC=fd02:c8be:1d40:0:75c3:3b72:9ae4:cb64 DST=fd02:c8be:1d40::1 PROTO=UDP SPT=52295 DPT=53 PKTS=0 BYTES=0 , REPLY: SRC=fd02:c8be:1d40::1 DST=fd02:c8be:1d40:0:75c3:3b72:9ae4:cb64 PROTO=UDP SPT=53 DPT=52295 PKTS=0 BYTES=0
Dec  9 00:50:44 10.0.0.2 ulogd[1267]: [NEW] ORIG: SRC=176.36.141.89 DST=194.50.85.5 PROTO=UDP SPT=36869 DPT=53 PKTS=0 BYTES=0 , REPLY: SRC=194.50.85.5 DST=176.36.141.89 PROTO=UDP SPT=53 DPT=36869 PKTS=0 BYTES=0
Dec  9 00:50:44 10.0.0.2 dnsmasq[1]: 2118048 fd02:c8be:1d40:0:75c3:3b72:9ae4:cb64/62845 query[type=65] github-cloud.s3.amazonaws.com from fd02:c8be:1d40:0:75c3:3b72:9ae4:cb64
Dec  9 00:50:44 10.0.0.2 dnsmasq[1]: 2118048 fd02:c8be:1d40:0:75c3:3b72:9ae4:cb64/62845 forwarded github-cloud.s3.amazonaws.com to 194.50.85.5
Dec  9 00:50:44 10.0.0.2 ulogd[1267]: [NEW] ORIG: SRC=fd02:c8be:1d40:0:75c3:3b72:9ae4:cb64 DST=fd02:c8be:1d40::1 PROTO=UDP SPT=61210 DPT=53 PKTS=0 BYTES=0 , REPLY: SRC=fd02:c8be:1d40::1 DST=fd02:c8be:1d40:0:75c3:3b72:9ae4:cb64 PROTO=UDP SPT=53 DPT=61210 PKTS=0 BYTES=0
Dec  9 00:50:44 10.0.0.2 dnsmasq[1]: 2118047 fd02:c8be:1d40:0:75c3:3b72:9ae4:cb64/50531 reply github-cloud.s3.amazonaws.com is <CNAME>
Dec  9 00:50:44 10.0.0.2 dnsmasq[1]: 2118047 fd02:c8be:1d40:0:75c3:3b72:9ae4:cb64/50531 reply s3-1-w.amazonaws.com is <CNAME>
Dec  9 00:50:44 10.0.0.2 dnsmasq[1]: 2118047 fd02:c8be:1d40:0:75c3:3b72:9ae4:cb64/50531 reply s3-w.us-east-1.amazonaws.com is 3.5.28.223
Dec  9 00:50:44 10.0.0.2 ulogd[1267]: [NEW] ORIG: SRC=176.36.141.89 DST=194.50.85.5 PROTO=UDP SPT=50241 DPT=53 PKTS=0 BYTES=0 , REPLY: SRC=194.50.85.5 DST=176.36.141.89 PROTO=UDP SPT=53 DPT=50241 PKTS=0 BYTES=0
Dec  9 00:50:44 10.0.0.2 dnsmasq[1]: 2118047 fd02:c8be:1d40:0:75c3:3b72:9ae4:cb64/50531 reply s3-w.us-east-1.amazonaws.com is 52.217.71.60
Dec  9 00:50:44 10.0.0.2 dnsmasq[1]: 2118047 fd02:c8be:1d40:0:75c3:3b72:9ae4:cb64/50531 reply s3-w.us-east-1.amazonaws.com is 52.217.123.217
Dec  9 00:50:44 10.0.0.2 dnsmasq[1]: 2118047 fd02:c8be:1d40:0:75c3:3b72:9ae4:cb64/50531 reply s3-w.us-east-1.amazonaws.com is 52.217.206.137
Dec  9 00:50:44 10.0.0.2 dnsmasq[1]: 2118047 fd02:c8be:1d40:0:75c3:3b72:9ae4:cb64/50531 reply s3-w.us-east-1.amazonaws.com is 3.5.9.21
Dec  9 00:50:44 10.0.0.2 dnsmasq[1]: 2118047 fd02:c8be:1d40:0:75c3:3b72:9ae4:cb64/50531 reply s3-w.us-east-1.amazonaws.com is 52.216.213.57
Dec  9 00:50:44 10.0.0.2 dnsmasq[1]: 2118047 fd02:c8be:1d40:0:75c3:3b72:9ae4:cb64/50531 reply s3-w.us-east-1.amazonaws.com is 3.5.21.141
Dec  9 00:50:44 10.0.0.2 dnsmasq[1]: 2118047 fd02:c8be:1d40:0:75c3:3b72:9ae4:cb64/50531 reply s3-w.us-east-1.amazonaws.com is 52.217.232.73
Dec  9 00:50:44 10.0.0.2 dnsmasq[1]: 2118049 fd02:c8be:1d40:0:75c3:3b72:9ae4:cb64/52295 query[A] user-images.githubusercontent.com from fd02:c8be:1d40:0:75c3:3b72:9ae4:cb64
Dec  9 00:50:44 10.0.0.2 dnsmasq[1]: 2118049 fd02:c8be:1d40:0:75c3:3b72:9ae4:cb64/52295 forwarded user-images.githubusercontent.com to 194.50.85.5
Dec  9 00:50:44 10.0.0.2 dnsmasq[1]: 2118050 fd02:c8be:1d40:0:75c3:3b72:9ae4:cb64/61210 query[type=65] user-images.githubusercontent.com from fd02:c8be:1d40:0:75c3:3b72:9ae4:cb64
Dec  9 00:50:44 10.0.0.2 ulogd[1267]: [NEW] ORIG: SRC=176.36.141.89 DST=194.50.85.5 PROTO=UDP SPT=46095 DPT=53 PKTS=0 BYTES=0 , REPLY: SRC=194.50.85.5 DST=176.36.141.89 PROTO=UDP SPT=53 DPT=46095 PKTS=0 BYTES=0
Dec  9 00:50:44 10.0.0.2 dnsmasq[1]: 2118050 fd02:c8be:1d40:0:75c3:3b72:9ae4:cb64/61210 forwarded user-images.githubusercontent.com to 194.50.85.5
Dec  9 00:50:44 10.0.0.2 dnsmasq[1]: 2118049 fd02:c8be:1d40:0:75c3:3b72:9ae4:cb64/52295 reply user-images.githubusercontent.com is 185.199.108.133
Dec  9 00:50:44 10.0.0.2 dnsmasq[1]: 2118049 fd02:c8be:1d40:0:75c3:3b72:9ae4:cb64/52295 reply user-images.githubusercontent.com is 185.199.109.133
Dec  9 00:50:44 10.0.0.2 ulogd[1267]: [NEW] ORIG: SRC=176.36.141.89 DST=194.50.85.5 PROTO=UDP SPT=32889 DPT=53 PKTS=0 BYTES=0 , REPLY: SRC=194.50.85.5 DST=176.36.141.89 PROTO=UDP SPT=53 DPT=32889 PKTS=0 BYTES=0
Dec  9 00:50:44 10.0.0.2 dnsmasq[1]: 2118049 fd02:c8be:1d40:0:75c3:3b72:9ae4:cb64/52295 reply user-images.githubusercontent.com is 185.199.110.133
Dec  9 00:50:44 10.0.0.2 dnsmasq[1]: 2118049 fd02:c8be:1d40:0:75c3:3b72:9ae4:cb64/52295 reply user-images.githubusercontent.com is 185.199.111.133
Dec  9 00:50:44 10.0.0.2 dnsmasq[1]: 2118050 fd02:c8be:1d40:0:75c3:3b72:9ae4:cb64/61210 reply user-images.githubusercontent.com is NODATA
Dec  9 00:50:44 10.0.0.2 dnsmasq[1]: 2118048 fd02:c8be:1d40:0:75c3:3b72:9ae4:cb64/62845 reply github-cloud.s3.amazonaws.com is <CNAME>
Dec  9 00:50:44 10.0.0.2 dnsmasq[1]: 2118048 fd02:c8be:1d40:0:75c3:3b72:9ae4:cb64/62845 reply s3-1-w.amazonaws.com is <CNAME>
Dec  9 00:50:44 10.0.0.2 dnsmasq[1]: 2118048 fd02:c8be:1d40:0:75c3:3b72:9ae4:cb64/62845 reply s3-w.us-east-1.amazonaws.com is NODATA
Dec  9 00:50:44 10.0.0.2 dnsmasq[1]: 2118051 fd02:c8be:1d40:0:75c3:3b72:9ae4:cb64/52632 query[A] gew1-spclient.spotify.com from fd02:c8be:1d40:0:75c3:3b72:9ae4:cb64
Dec  9 00:50:44 10.0.0.2 ulogd[1267]: [NEW] ORIG: SRC=fd02:c8be:1d40:0:75c3:3b72:9ae4:cb64 DST=fd02:c8be:1d40::1 PROTO=UDP SPT=52632 DPT=53 PKTS=0 BYTES=0 , REPLY: SRC=fd02:c8be:1d40::1 DST=fd02:c8be:1d40:0:75c3:3b72:9ae4:cb64 PROTO=UDP SPT=53 DPT=52632 PKTS=0 BYTES=0
Dec  9 00:50:44 10.0.0.2 dnsmasq[1]: 2118051 fd02:c8be:1d40:0:75c3:3b72:9ae4:cb64/52632 cached gew1-spclient.spotify.com is <CNAME>
Dec  9 00:50:44 10.0.0.2 ulogd[1267]: [NEW] ORIG: SRC=fd02:c8be:1d40:0:75c3:3b72:9ae4:cb64 DST=fd02:c8be:1d40::1 PROTO=UDP SPT=60566 DPT=53 PKTS=0 BYTES=0 , REPLY: SRC=fd02:c8be:1d40::1 DST=fd02:c8be:1d40:0:75c3:3b72:9ae4:cb64 PROTO=UDP SPT=53 DPT=60566 PKTS=0 BYTES=0
Dec  9 00:50:44 10.0.0.2 dnsmasq[1]: 2118051 fd02:c8be:1d40:0:75c3:3b72:9ae4:cb64/52632 forwarded gew1-spclient.spotify.com to 194.50.85.5
Dec  9 00:50:44 10.0.0.2 dnsmasq[1]: 2118051 fd02:c8be:1d40:0:75c3:3b72:9ae4:cb64/52632 reply gew1-spclient.spotify.com is <CNAME>
Dec  9 00:50:44 10.0.0.2 dnsmasq[1]: 2118051 fd02:c8be:1d40:0:75c3:3b72:9ae4:cb64/52632 reply edge-web-gew1.dual-gslb.spotify.com is 35.186.224.18
Dec  9 00:50:44 10.0.0.2 ulogd[1267]: [NEW] ORIG: SRC=176.36.141.89 DST=194.50.85.5 PROTO=UDP SPT=60384 DPT=53 PKTS=0 BYTES=0 , REPLY: SRC=194.50.85.5 DST=176.36.141.89 PROTO=UDP SPT=53 DPT=60384 PKTS=0 BYTES=0
Dec  9 00:50:44 10.0.0.2 dnsmasq[1]: 2118052 fd02:c8be:1d40:0:75c3:3b72:9ae4:cb64/60566 query[type=65] gew1-spclient.spotify.com from fd02:c8be:1d40:0:75c3:3b72:9ae4:cb64
Dec  9 00:50:44 10.0.0.2 dnsmasq[1]: 2118052 fd02:c8be:1d40:0:75c3:3b72:9ae4:cb64/60566 cached gew1-spclient.spotify.com is <CNAME>
Dec  9 00:50:44 10.0.0.2 dnsmasq[1]: 2118052 fd02:c8be:1d40:0:75c3:3b72:9ae4:cb64/60566 forwarded gew1-spclient.spotify.com to 194.50.85.5
Dec  9 00:50:44 10.0.0.2 ulogd[1267]: [NEW] ORIG: SRC=176.36.141.89 DST=194.50.85.5 PROTO=UDP SPT=34642 DPT=53 PKTS=0 BYTES=0 , REPLY: SRC=194.50.85.5 DST=176.36.141.89 PROTO=UDP SPT=53 DPT=34642 PKTS=0 BYTES=0
Dec  9 00:50:44 10.0.0.2 dnsmasq[1]: 2118052 fd02:c8be:1d40:0:75c3:3b72:9ae4:cb64/60566 reply gew1-spclient.spotify.com is <CNAME>
Dec  9 00:50:44 10.0.0.2 dnsmasq[1]: 2118052 fd02:c8be:1d40:0:75c3:3b72:9ae4:cb64/60566 reply edge-web-gew1.dual-gslb.spotify.com is NODATA
Dec  9 00:50:44 10.0.0.2 ulogd[1267]: [NEW] ORIG: SRC=192.168.1.180 DST=35.186.224.18 PROTO=UDP SPT=56915 DPT=443 PKTS=0 BYTES=0 , REPLY: SRC=35.186.224.18 DST=176.36.141.89 PROTO=UDP SPT=443 DPT=56915 PKTS=0 BYTES=0
Dec  9 00:50:44 10.0.0.2 ulogd[1267]: [NEW] ORIG: SRC=192.168.1.180 DST=35.186.224.18 PROTO=TCP SPT=65401 DPT=443 PKTS=0 BYTES=0 , REPLY: SRC=35.186.224.18 DST=176.36.141.89 PROTO=TCP SPT=443 DPT=65401 PKTS=0 BYTES=0
Dec  9 00:50:45 10.0.0.2 dnsmasq[1]: 2118053 fd02:c8be:1d40:0:75c3:3b72:9ae4:cb64/51072 query[A] avatars.githubusercontent.com from fd02:c8be:1d40:0:75c3:3b72:9ae4:cb64
Dec  9 00:50:45 10.0.0.2 dnsmasq[1]: 2118053 fd02:c8be:1d40:0:75c3:3b72:9ae4:cb64/51072 cached avatars.githubusercontent.com is 185.199.111.133
Dec  9 00:50:45 10.0.0.2 dnsmasq[1]: 2118053 fd02:c8be:1d40:0:75c3:3b72:9ae4:cb64/51072 cached avatars.githubusercontent.com is 185.199.109.133
Dec  9 00:50:45 10.0.0.2 dnsmasq[1]: 2118053 fd02:c8be:1d40:0:75c3:3b72:9ae4:cb64/51072 cached avatars.githubusercontent.com is 185.199.108.133
Dec  9 00:50:45 10.0.0.2 dnsmasq[1]: 2118053 fd02:c8be:1d40:0:75c3:3b72:9ae4:cb64/51072 cached avatars.githubusercontent.com is 185.199.110.133
Dec  9 00:50:46 10.0.0.2 ulogd[1267]: [NEW] ORIG: SRC=fd02:c8be:1d40:0:75c3:3b72:9ae4:cb64 DST=fd02:c8be:1d40::1 PROTO=UDP SPT=53372 DPT=53 PKTS=0 BYTES=0 , REPLY: SRC=fd02:c8be:1d40::1 DST=fd02:c8be:1d40:0:75c3:3b72:9ae4:cb64 PROTO=UDP SPT=53 DPT=53372 PKTS=0 BYTES=0
Dec  9 00:50:46 10.0.0.2 ulogd[1267]: [NEW] ORIG: SRC=fd02:c8be:1d40:0:75c3:3b72:9ae4:cb64 DST=fd02:c8be:1d40::1 PROTO=UDP SPT=56916 DPT=53 PKTS=0 BYTES=0 , REPLY: SRC=fd02:c8be:1d40::1 DST=fd02:c8be:1d40:0:75c3:3b72:9ae4:cb64 PROTO=UDP SPT=53 DPT=56916 PKTS=0 BYTES=0
Dec  9 00:50:46 10.0.0.2 dnsmasq[1]: 2118054 fd02:c8be:1d40:0:75c3:3b72:9ae4:cb64/53372 query[A] collector.github.com from fd02:c8be:1d40:0:75c3:3b72:9ae4:cb64
Dec  9 00:50:46 10.0.0.2 ulogd[1267]: [NEW] ORIG: SRC=192.168.1.1 DST=192.168.1.45 PROTO=UDP SPT=56004 DPT=5353 PKTS=0 BYTES=0 , REPLY: SRC=192.168.1.45 DST=192.168.1.1 PROTO=UDP SPT=5353 DPT=56004 PKTS=0 BYTES=0
Dec  9 00:50:46 10.0.0.2 dnsmasq[1]: 2118054 fd02:c8be:1d40:0:75c3:3b72:9ae4:cb64/53372 forwarded collector.github.com to 192.168.1.45
Dec  9 00:50:46 10.0.0.2 ulogd[1267]: [NEW] ORIG: SRC=176.36.141.89 DST=194.50.85.5 PROTO=UDP SPT=56004 DPT=53 PKTS=0 BYTES=0 , REPLY: SRC=194.50.85.5 DST=176.36.141.89 PROTO=UDP SPT=53 DPT=56004 PKTS=0 BYTES=0
Dec  9 00:50:46 10.0.0.2 dnsmasq[1]: 2118054 fd02:c8be:1d40:0:75c3:3b72:9ae4:cb64/53372 forwarded collector.github.com to 194.50.85.5
Dec  9 00:50:46 10.0.0.2 ulogd[1267]: [NEW] ORIG: SRC=176.36.141.89 DST=194.50.85.7 PROTO=UDP SPT=56004 DPT=53 PKTS=0 BYTES=0 , REPLY: SRC=194.50.85.7 DST=176.36.141.89 PROTO=UDP SPT=53 DPT=56004 PKTS=0 BYTES=0
Dec  9 00:50:46 10.0.0.2 dnsmasq[1]: 2118054 fd02:c8be:1d40:0:75c3:3b72:9ae4:cb64/53372 forwarded collector.github.com to 194.50.85.7
Dec  9 00:50:46 10.0.0.2 dnsmasq[1]: 2118055 fd02:c8be:1d40:0:75c3:3b72:9ae4:cb64/56916 query[type=65] collector.github.com from fd02:c8be:1d40:0:75c3:3b72:9ae4:cb64
Dec  9 00:50:46 10.0.0.2 dnsmasq[1]: 2118055 fd02:c8be:1d40:0:75c3:3b72:9ae4:cb64/56916 forwarded collector.github.com to 194.50.85.5
Dec  9 00:50:46 10.0.0.2 ulogd[1267]: [NEW] ORIG: SRC=176.36.141.89 DST=194.50.85.5 PROTO=UDP SPT=55845 DPT=53 PKTS=0 BYTES=0 , REPLY: SRC=194.50.85.5 DST=176.36.141.89 PROTO=UDP SPT=53 DPT=55845 PKTS=0 BYTES=0
Dec  9 00:50:46 10.0.0.2 dnsmasq[1]: 2118054 fd02:c8be:1d40:0:75c3:3b72:9ae4:cb64/53372 reply collector.github.com is <CNAME>
Dec  9 00:50:46 10.0.0.2 dnsmasq[1]: 2118054 fd02:c8be:1d40:0:75c3:3b72:9ae4:cb64/53372 reply glb-db52c2cf8be544.github.com is 140.82.112.21
Dec  9 00:50:46 10.0.0.2 dnsmasq[1]: 2118055 fd02:c8be:1d40:0:75c3:3b72:9ae4:cb64/56916 reply collector.github.com is <CNAME>
Dec  9 00:50:46 10.0.0.2 dnsmasq[1]: 2118055 fd02:c8be:1d40:0:75c3:3b72:9ae4:cb64/56916 reply glb-db52c2cf8be544.github.com is NODATA
Dec  9 00:50:46 10.0.0.2 ulogd[1267]: [NEW] ORIG: SRC=192.168.1.180 DST=140.82.112.21 PROTO=TCP SPT=65402 DPT=443 PKTS=0 BYTES=0 , REPLY: SRC=140.82.112.21 DST=176.36.141.89 PROTO=TCP SPT=443 DPT=65402 PKTS=0 BYTES=0
Dec  9 00:50:48 10.0.0.2 ulogd[1267]: [DESTROY] ORIG: SRC=192.168.1.180 DST=192.168.1.1 PROTO=UDP SPT=65099 DPT=53 PKTS=1 BYTES=78 , REPLY: SRC=192.168.1.1 DST=192.168.1.180 PROTO=UDP SPT=53 DPT=65099 PKTS=1 BYTES=216
Dec  9 00:50:49 10.0.0.2 dnsmasq[1]: 2118056 192.168.1.45/44073 query[AAAA] updates.maxmind.com from 192.168.1.45
Dec  9 00:50:49 10.0.0.2 ulogd[1267]: [NEW] ORIG: SRC=192.168.1.45 DST=192.168.1.1 PROTO=UDP SPT=44073 DPT=53 PKTS=0 BYTES=0 , REPLY: SRC=192.168.1.1 DST=192.168.1.45 PROTO=UDP SPT=53 DPT=44073 PKTS=0 BYTES=0
Dec  9 00:50:49 10.0.0.2 ulogd[1267]: [NEW] ORIG: SRC=192.168.1.45 DST=192.168.1.1 PROTO=UDP SPT=50002 DPT=53 PKTS=0 BYTES=0 , REPLY: SRC=192.168.1.1 DST=192.168.1.45 PROTO=UDP SPT=53 DPT=50002 PKTS=0 BYTES=0
Dec  9 00:50:49 10.0.0.2 dnsmasq[1]: 2118056 192.168.1.45/44073 cached updates.maxmind.com is 2606:4700:7::a29f:8616
Dec  9 00:50:49 10.0.0.2 dnsmasq[1]: 2118056 192.168.1.45/44073 cached updates.maxmind.com is 2606:4700:7::a29f:8716
Dec  9 00:50:49 10.0.0.2 ulogd[1267]: [DESTROY] ORIG: SRC=fe80::b295:75ff:fe15:6fa5 DST=ff02::1:2 PROTO=UDP SPT=546 DPT=547 PKTS=1 BYTES=150 , REPLY: SRC=ff02::1:2 DST=fe80::b295:75ff:fe15:6fa5 PROTO=UDP SPT=547 DPT=546 PKTS=0 BYTES=0
Dec  9 00:50:49 10.0.0.2 ulogd[1267]: [DESTROY] ORIG: SRC=176.36.141.89 DST=194.50.85.5 PROTO=UDP SPT=41758 DPT=53 PKTS=1 BYTES=70 , REPLY: SRC=194.50.85.5 DST=176.36.141.89 PROTO=UDP SPT=53 DPT=41758 PKTS=1 BYTES=134
Dec  9 00:50:49 10.0.0.2 dnsmasq[1]: 2118057 192.168.1.45/50002 query[A] updates.maxmind.com from 192.168.1.45
Dec  9 00:50:49 10.0.0.2 ulogd[1267]: [DESTROY] ORIG: SRC=192.168.1.45 DST=162.159.134.22 PROTO=TCP SPT=40968 DPT=443 PKTS=14 BYTES=1359 , REPLY: SRC=162.159.134.22 DST=176.36.141.89 PROTO=TCP SPT=443 DPT=40968 PKTS=10 BYTES=3840
Dec  9 00:50:49 10.0.0.2 dnsmasq[1]: 2118057 192.168.1.45/50002 cached updates.maxmind.com is 162.159.135.22
Dec  9 00:50:49 10.0.0.2 ulogd[1267]: [DESTROY] ORIG: SRC=192.168.1.180 DST=89.149.192.192 PROTO=TCP SPT=65382 DPT=443 PKTS=11 BYTES=4288 , REPLY: SRC=89.149.192.192 DST=176.36.141.89 PROTO=TCP SPT=443 DPT=65382 PKTS=9 BYTES=1267
Dec  9 00:50:49 10.0.0.2 dnsmasq[1]: 2118057 192.168.1.45/50002 cached updates.maxmind.com is 162.159.134.22
Dec  9 00:50:49 10.0.0.2 ulogd[1267]: [DESTROY] ORIG: SRC=192.168.1.45 DST=192.168.1.1 PROTO=UDP SPT=53825 DPT=53 PKTS=1 BYTES=76 , REPLY: SRC=192.168.1.1 DST=192.168.1.45 PROTO=UDP SPT=53 DPT=53825 PKTS=1 BYTES=108
Dec  9 00:50:49 10.0.0.2 ulogd[1267]: [DESTROY] ORIG: SRC=192.168.1.180 DST=35.186.224.25 PROTO=UDP SPT=60769 DPT=443 PKTS=9 BYTES=3039 , REPLY: SRC=35.186.224.25 DST=176.36.141.89 PROTO=UDP SPT=443 DPT=60769 PKTS=11 BYTES=5889
Dec  9 00:50:49 10.0.0.2 ulogd[1267]: [DESTROY] ORIG: SRC=192.168.1.180 DST=192.168.1.1 PROTO=UDP SPT=55180 DPT=53 PKTS=1 BYTES=78 , REPLY: SRC=192.168.1.1 DST=192.168.1.180 PROTO=UDP SPT=53 DPT=55180 PKTS=1 BYTES=234
Dec  9 00:50:49 10.0.0.2 ulogd[1267]: [DESTROY] ORIG: SRC=52.81.25.201 DST=176.36.141.89 PROTO=ICMP TYPE=0 CODE=8 PKTS=1 BYTES=36 , REPLY: SRC=176.36.141.89 DST=52.81.25.201 PROTO=ICMP TYPE=0 CODE=8 PKTS=1 BYTES=36
Dec  9 00:50:49 10.0.0.2 ulogd[1267]: [DESTROY] ORIG: SRC=fd02:c8be:1d40:0:75c3:3b72:9ae4:cb64 DST=fd02:c8be:1d40::1 PROTO=UDP SPT=56735 DPT=53 PKTS=1 BYTES=96 , REPLY: SRC=fd02:c8be:1d40::1 DST=fd02:c8be:1d40:0:75c3:3b72:9ae4:cb64 PROTO=UDP SPT=53 DPT=56735 PKTS=1 BYTES=161
Dec  9 00:50:49 10.0.0.2 ulogd[1267]: [DESTROY] ORIG: SRC=176.36.141.89 DST=194.50.85.5 PROTO=UDP SPT=55361 DPT=53 PKTS=1 BYTES=63 , REPLY: SRC=194.50.85.5 DST=176.36.141.89 PROTO=UDP SPT=53 DPT=55361 PKTS=1 BYTES=168
Dec  9 00:50:49 10.0.0.2 ulogd[1267]: [DESTROY] ORIG: SRC=192.168.1.180 DST=217.72.199.27 PROTO=TCP SPT=65356 DPT=443 PKTS=25 BYTES=3013 , REPLY: SRC=217.72.199.27 DST=176.36.141.89 PROTO=TCP SPT=443 DPT=65356 PKTS=30 BYTES=10324
Dec  9 00:50:49 10.0.0.2 ulogd[1267]: [DESTROY] ORIG: SRC=192.168.1.1 DST=192.168.1.45 PROTO=UDP SPT=50975 DPT=5353 PKTS=1 BYTES=71 , REPLY: SRC=192.168.1.45 DST=192.168.1.1 PROTO=UDP SPT=5353 DPT=50975 PKTS=0 BYTES=0
Dec  9 00:50:49 10.0.0.2 ulogd[1267]: [DESTROY] ORIG: SRC=192.168.1.45 DST=192.168.1.1 PROTO=UDP SPT=52656 DPT=53 PKTS=1 BYTES=76 , REPLY: SRC=192.168.1.1 DST=192.168.1.45 PROTO=UDP SPT=53 DPT=52656 PKTS=1 BYTES=132
Dec  9 00:50:49 10.0.0.2 ulogd[1267]: [DESTROY] ORIG: SRC=176.36.141.89 DST=194.50.85.5 PROTO=UDP SPT=55300 DPT=53 PKTS=1 BYTES=69 , REPLY: SRC=194.50.85.5 DST=176.36.141.89 PROTO=UDP SPT=53 DPT=55300 PKTS=1 BYTES=144
Dec  9 00:50:49 10.0.0.2 ulogd[1267]: [DESTROY] ORIG: SRC=192.168.1.45 DST=192.168.1.1 PROTO=UDP SPT=32855 DPT=53 PKTS=1 BYTES=76 , REPLY: SRC=192.168.1.1 DST=192.168.1.45 PROTO=UDP SPT=53 DPT=32855 PKTS=1 BYTES=108
Dec  9 00:50:49 10.0.0.2 ulogd[1267]: [DESTROY] ORIG: SRC=176.36.141.89 DST=194.50.85.5 PROTO=UDP SPT=47065 DPT=53 PKTS=1 BYTES=78 , REPLY: SRC=194.50.85.5 DST=176.36.141.89 PROTO=UDP SPT=53 DPT=47065 PKTS=1 BYTES=187
Dec  9 00:50:49 10.0.0.2 ulogd[1267]: [DESTROY] ORIG: SRC=176.36.141.89 DST=194.50.85.5 PROTO=UDP SPT=40084 DPT=53 PKTS=1 BYTES=55 , REPLY: SRC=194.50.85.5 DST=176.36.141.89 PROTO=UDP SPT=53 DPT=40084 PKTS=1 BYTES=119
Dec  9 00:50:49 10.0.0.2 ulogd[1267]: [DESTROY] ORIG: SRC=176.36.141.89 DST=194.50.85.7 PROTO=UDP SPT=53485 DPT=53 PKTS=1 BYTES=61 , REPLY: SRC=194.50.85.7 DST=176.36.141.89 PROTO=UDP SPT=53 DPT=53485 PKTS=1 BYTES=151
Dec  9 00:50:49 10.0.0.2 ulogd[1267]: [DESTROY] ORIG: SRC=fd02:c8be:1d40:0:75c3:3b72:9ae4:cb64 DST=fd02:c8be:1d40::1 PROTO=UDP SPT=58170 DPT=53 PKTS=1 BYTES=90 , REPLY: SRC=fd02:c8be:1d40::1 DST=fd02:c8be:1d40:0:75c3:3b72:9ae4:cb64 PROTO=UDP SPT=53 DPT=58170 PKTS=1 BYTES=154
Dec  9 00:50:49 10.0.0.2 ulogd[1267]: [DESTROY] ORIG: SRC=fd02:c8be:1d40:0:75c3:3b72:9ae4:cb64 DST=fd02:c8be:1d40::1 PROTO=UDP SPT=60404 DPT=53 PKTS=1 BYTES=83 , REPLY: SRC=fd02:c8be:1d40::1 DST=fd02:c8be:1d40:0:75c3:3b72:9ae4:cb64 PROTO=UDP SPT=53 DPT=60404 PKTS=1 BYTES=218
Dec  9 00:50:49 10.0.0.2 ulogd[1267]: [DESTROY] ORIG: SRC=176.36.141.89 DST=194.50.85.5 PROTO=UDP SPT=59090 DPT=53 PKTS=1 BYTES=76 , REPLY: SRC=194.50.85.5 DST=176.36.141.89 PROTO=UDP SPT=53 DPT=59090 PKTS=1 BYTES=132
Dec  9 00:50:49 10.0.0.2 ulogd[1267]: [DESTROY] ORIG: SRC=fd02:c8be:1d40:0:75c3:3b72:9ae4:cb64 DST=fd02:c8be:1d40::1 PROTO=UDP SPT=50293 DPT=53 PKTS=1 BYTES=83 , REPLY: SRC=fd02:c8be:1d40::1 DST=fd02:c8be:1d40:0:75c3:3b72:9ae4:cb64 PROTO=UDP SPT=53 DPT=50293 PKTS=1 BYTES=115
Dec  9 00:50:49 10.0.0.2 ulogd[1267]: [DESTROY] ORIG: SRC=192.168.1.180 DST=192.168.1.1 PROTO=UDP SPT=55139 DPT=53 PKTS=1 BYTES=63 , REPLY: SRC=192.168.1.1 DST=192.168.1.180 PROTO=UDP SPT=53 DPT=55139 PKTS=1 BYTES=198
Dec  9 00:50:49 10.0.0.2 ulogd[1267]: [DESTROY] ORIG: SRC=192.168.1.180 DST=104.18.145.235 PROTO=TCP SPT=65259 DPT=443 PKTS=23 BYTES=2419 , REPLY: SRC=104.18.145.235 DST=176.36.141.89 PROTO=TCP SPT=443 DPT=65259 PKTS=25 BYTES=4686
Dec  9 00:50:49 10.0.0.2 ulogd[1267]: [DESTROY] ORIG: SRC=192.168.1.180 DST=172.64.147.52 PROTO=TCP SPT=65301 DPT=443 PKTS=69 BYTES=6444 , REPLY: SRC=172.64.147.52 DST=176.36.141.89 PROTO=TCP SPT=443 DPT=65301 PKTS=69 BYTES=7219
Dec  9 00:50:49 10.0.0.2 ulogd[1267]: [DESTROY] ORIG: SRC=192.168.1.45 DST=162.159.134.22 PROTO=TCP SPT=48042 DPT=443 PKTS=11 BYTES=1203 , REPLY: SRC=162.159.134.22 DST=176.36.141.89 PROTO=TCP SPT=443 DPT=48042 PKTS=9 BYTES=3766
Dec  9 00:50:49 10.0.0.2 ulogd[1267]: [DESTROY] ORIG: SRC=176.36.141.89 DST=194.50.85.7 PROTO=UDP SPT=50975 DPT=53 PKTS=1 BYTES=71 , REPLY: SRC=194.50.85.7 DST=176.36.141.89 PROTO=UDP SPT=53 DPT=50975 PKTS=1 BYTES=125
Dec  9 00:50:49 10.0.0.2 ulogd[1267]: [DESTROY] ORIG: SRC=fd02:c8be:1d40:0:75c3:3b72:9ae4:cb64 DST=fd02:c8be:1d40::1 PROTO=UDP SPT=62638 DPT=53 PKTS=1 BYTES=93 , REPLY: SRC=fd02:c8be:1d40::1 DST=fd02:c8be:1d40:0:75c3:3b72:9ae4:cb64 PROTO=UDP SPT=53 DPT=62638 PKTS=1 BYTES=163
Dec  9 00:50:49 10.0.0.2 ulogd[1267]: [DESTROY] ORIG: SRC=52.81.73.74 DST=176.36.141.89 PROTO=ICMP TYPE=0 CODE=8 PKTS=1 BYTES=36 , REPLY: SRC=176.36.141.89 DST=52.81.73.74 PROTO=ICMP TYPE=0 CODE=8 PKTS=1 BYTES=36
Dec  9 00:50:49 10.0.0.2 ulogd[1267]: [NEW] ORIG: SRC=192.168.1.45 DST=162.159.135.22 PROTO=TCP SPT=46962 DPT=443 PKTS=0 BYTES=0 , REPLY: SRC=162.159.135.22 DST=176.36.141.89 PROTO=TCP SPT=443 DPT=46962 PKTS=0 BYTES=0
Dec  9 00:50:49 10.0.0.2 ulogd[1267]: [DESTROY] ORIG: SRC=176.36.141.89 DST=194.50.85.5 PROTO=UDP SPT=49141 DPT=53 PKTS=2 BYTES=126 , REPLY: SRC=194.50.85.5 DST=176.36.141.89 PROTO=UDP SPT=53 DPT=49141 PKTS=1 BYTES=168
Dec  9 00:50:49 10.0.0.2 ulogd[1267]: [DESTROY] ORIG: SRC=fd02:c8be:1d40:0:75c3:3b72:9ae4:cb64 DST=fd02:c8be:1d40::1 PROTO=UDP SPT=60766 DPT=53 PKTS=1 BYTES=84 , REPLY: SRC=fd02:c8be:1d40::1 DST=fd02:c8be:1d40:0:75c3:3b72:9ae4:cb64 PROTO=UDP SPT=53 DPT=60766 PKTS=1 BYTES=178
Dec  9 00:50:49 10.0.0.2 ulogd[1267]: [DESTROY] ORIG: SRC=192.168.1.45 DST=162.159.135.22 PROTO=TCP SPT=53280 DPT=443 PKTS=12 BYTES=1255 , REPLY: SRC=162.159.135.22 DST=176.36.141.89 PROTO=TCP SPT=443 DPT=53280 PKTS=10 BYTES=3840
Dec  9 00:50:49 10.0.0.2 ulogd[1267]: [DESTROY] ORIG: SRC=176.36.141.89 DST=194.50.85.5 PROTO=UDP SPT=50975 DPT=53 PKTS=1 BYTES=71 , REPLY: SRC=194.50.85.5 DST=176.36.141.89 PROTO=UDP SPT=53 DPT=50975 PKTS=1 BYTES=125
Dec  9 00:50:49 10.0.0.2 ulogd[1267]: [DESTROY] ORIG: SRC=192.168.1.45 DST=192.168.1.1 PROTO=UDP SPT=35485 DPT=53 PKTS=1 BYTES=76 , REPLY: SRC=192.168.1.1 DST=192.168.1.45 PROTO=UDP SPT=53 DPT=35485 PKTS=1 BYTES=108
Dec  9 00:50:49 10.0.0.2 ulogd[1267]: [DESTROY] ORIG: SRC=192.168.1.45 DST=192.168.1.1 PROTO=UDP SPT=59158 DPT=53 PKTS=1 BYTES=76 , REPLY: SRC=192.168.1.1 DST=192.168.1.45 PROTO=UDP SPT=53 DPT=59158 PKTS=1 BYTES=132
Dec  9 00:50:49 10.0.0.2 ulogd[1267]: [DESTROY] ORIG: SRC=192.168.1.45 DST=162.159.134.22 PROTO=TCP SPT=38794 DPT=443 PKTS=12 BYTES=1255 , REPLY: SRC=162.159.134.22 DST=176.36.141.89 PROTO=TCP SPT=443 DPT=38794 PKTS=9 BYTES=3788
Dec  9 00:50:49 10.0.0.2 ulogd[1267]: [DESTROY] ORIG: SRC=192.168.1.180 DST=185.86.138.32 PROTO=TCP SPT=65376 DPT=443 PKTS=10 BYTES=4248 , REPLY: SRC=185.86.138.32 DST=176.36.141.89 PROTO=TCP SPT=443 DPT=65376 PKTS=9 BYTES=1263
Dec  9 00:50:49 10.0.0.2 ulogd[1267]: [DESTROY] ORIG: SRC=192.168.1.45 DST=192.168.1.1 PROTO=UDP SPT=48884 DPT=53 PKTS=1 BYTES=76 , REPLY: SRC=192.168.1.1 DST=192.168.1.45 PROTO=UDP SPT=53 DPT=48884 PKTS=1 BYTES=132
Dec  9 00:50:49 10.0.0.2 ulogd[1267]: [DESTROY] ORIG: SRC=fd02:c8be:1d40:0:75c3:3b72:9ae4:cb64 DST=fd02:c8be:1d40::1 PROTO=UDP SPT=61007 DPT=53 PKTS=1 BYTES=75 , REPLY: SRC=fd02:c8be:1d40::1 DST=fd02:c8be:1d40:0:75c3:3b72:9ae4:cb64 PROTO=UDP SPT=53 DPT=61007 PKTS=1 BYTES=361
Dec  9 00:50:49 10.0.0.2 ulogd[1267]: [DESTROY] ORIG: SRC=176.36.141.89 DST=194.50.85.5 PROTO=UDP SPT=54317 DPT=53 PKTS=2 BYTES=126 , REPLY: SRC=194.50.85.5 DST=176.36.141.89 PROTO=UDP SPT=53 DPT=54317 PKTS=1 BYTES=198
Dec  9 00:50:49 10.0.0.2 ulogd[1267]: [DESTROY] ORIG: SRC=176.36.141.89 DST=194.50.85.7 PROTO=UDP SPT=47380 DPT=53 PKTS=1 BYTES=67 , REPLY: SRC=194.50.85.7 DST=176.36.141.89 PROTO=UDP SPT=53 DPT=47380 PKTS=1 BYTES=250
Dec  9 00:50:49 10.0.0.2 ulogd[1267]: [DESTROY] ORIG: SRC=192.168.1.45 DST=162.159.134.22 PROTO=TCP SPT=40340 DPT=443 PKTS=12 BYTES=1255 , REPLY: SRC=162.159.134.22 DST=176.36.141.89 PROTO=TCP SPT=443 DPT=40340 PKTS=10 BYTES=3841
Dec  9 00:50:49 10.0.0.2 ulogd[1267]: [DESTROY] ORIG: SRC=fd02:c8be:1d40:0:75c3:3b72:9ae4:cb64 DST=fd02:c8be:1d40::1 PROTO=UDP SPT=56804 DPT=53 PKTS=1 BYTES=87 , REPLY: SRC=fd02:c8be:1d40::1 DST=fd02:c8be:1d40:0:75c3:3b72:9ae4:cb64 PROTO=UDP SPT=53 DPT=56804 PKTS=1 BYTES=151
Dec  9 00:50:49 10.0.0.2 ulogd[1267]: [DESTROY] ORIG: SRC=192.168.1.45 DST=162.159.134.22 PROTO=TCP SPT=58320 DPT=443 PKTS=13 BYTES=1307 , REPLY: SRC=162.159.134.22 DST=176.36.141.89 PROTO=TCP SPT=443 DPT=58320 PKTS=10 BYTES=3841
Dec  9 00:50:49 10.0.0.2 ulogd[1267]: [DESTROY] ORIG: SRC=192.168.1.45 DST=162.159.135.22 PROTO=TCP SPT=60362 DPT=443 PKTS=12 BYTES=1255 , REPLY: SRC=162.159.135.22 DST=176.36.141.89 PROTO=TCP SPT=443 DPT=60362 PKTS=10 BYTES=3840
Dec  9 00:50:49 10.0.0.2 ulogd[1267]: [DESTROY] ORIG: SRC=192.168.1.180 DST=35.186.224.25 PROTO=TCP SPT=65355 DPT=443 PKTS=9 BYTES=1018 , REPLY: SRC=35.186.224.25 DST=176.36.141.89 PROTO=TCP SPT=443 DPT=65355 PKTS=7 BYTES=4301
Dec  9 00:50:49 10.0.0.2 ulogd[1267]: [DESTROY] ORIG: SRC=fd02:c8be:1d40:0:75c3:3b72:9ae4:cb64 DST=fd02:c8be:1d40::1 PROTO=UDP SPT=56507 DPT=53 PKTS=1 BYTES=91 , REPLY: SRC=fd02:c8be:1d40::1 DST=fd02:c8be:1d40:0:75c3:3b72:9ae4:cb64 PROTO=UDP SPT=53 DPT=56507 PKTS=1 BYTES=219
Dec  9 00:50:49 10.0.0.2 ulogd[1267]: [DESTROY] ORIG: SRC=192.168.1.45 DST=192.168.1.1 PROTO=UDP SPT=40118 DPT=53 PKTS=1 BYTES=76 , REPLY: SRC=192.168.1.1 DST=192.168.1.45 PROTO=UDP SPT=53 DPT=40118 PKTS=1 BYTES=132
Dec  9 00:50:49 10.0.0.2 ulogd[1267]: [DESTROY] ORIG: SRC=192.168.1.180 DST=35.186.224.18 PROTO=TCP SPT=65347 DPT=443 PKTS=9 BYTES=1021 , REPLY: SRC=35.186.224.18 DST=176.36.141.89 PROTO=TCP SPT=443 DPT=65347 PKTS=7 BYTES=1082
Dec  9 00:50:49 10.0.0.2 ulogd[1267]: [DESTROY] ORIG: SRC=192.168.1.45 DST=192.168.1.1 PROTO=UDP SPT=36300 DPT=53 PKTS=1 BYTES=76 , REPLY: SRC=192.168.1.1 DST=192.168.1.45 PROTO=UDP SPT=53 DPT=36300 PKTS=1 BYTES=108
Dec  9 00:50:49 10.0.0.2 ulogd[1267]: [DESTROY] ORIG: SRC=192.168.1.180 DST=104.18.130.236 PROTO=TCP SPT=65287 DPT=443 PKTS=20 BYTES=2191 , REPLY: SRC=104.18.130.236 DST=176.36.141.89 PROTO=TCP SPT=443 DPT=65287 PKTS=20 BYTES=4070
Dec  9 00:50:49 10.0.0.2 ulogd[1267]: [DESTROY] ORIG: SRC=fd02:c8be:1d40:0:75c3:3b72:9ae4:cb64 DST=fd02:c8be:1d40::1 PROTO=UDP SPT=59647 DPT=53 PKTS=1 BYTES=89 , REPLY: SRC=fd02:c8be:1d40::1 DST=fd02:c8be:1d40:0:75c3:3b72:9ae4:cb64 PROTO=UDP SPT=53 DPT=59647 PKTS=1 BYTES=238
Dec  9 00:50:49 10.0.0.2 ulogd[1267]: [DESTROY] ORIG: SRC=176.36.141.89 DST=194.50.85.5 PROTO=UDP SPT=36849 DPT=53 PKTS=1 BYTES=64 , REPLY: SRC=194.50.85.5 DST=176.36.141.89 PROTO=UDP SPT=53 DPT=36849 PKTS=1 BYTES=158
Dec  9 00:50:49 10.0.0.2 ulogd[1267]: [DESTROY] ORIG: SRC=176.36.141.89 DST=194.50.85.7 PROTO=UDP SPT=43893 DPT=53 PKTS=1 BYTES=67 , REPLY: SRC=194.50.85.7 DST=176.36.141.89 PROTO=UDP SPT=53 DPT=43893 PKTS=1 BYTES=314
Dec  9 00:50:49 10.0.0.2 ulogd[1267]: [DESTROY] ORIG: SRC=fd02:c8be:1d40:0:75c3:3b72:9ae4:cb64 DST=fd02:c8be:1d40::1 PROTO=UDP SPT=62256 DPT=53 PKTS=1 BYTES=74 , REPLY: SRC=fd02:c8be:1d40::1 DST=fd02:c8be:1d40:0:75c3:3b72:9ae4:cb64 PROTO=UDP SPT=53 DPT=62256 PKTS=1 BYTES=74
Dec  9 00:50:49 10.0.0.2 ulogd[1267]: [DESTROY] ORIG: SRC=fd02:c8be:1d40:0:75c3:3b72:9ae4:cb64 DST=fd02:c8be:1d40::1 PROTO=UDP SPT=56939 DPT=53 PKTS=1 BYTES=91 , REPLY: SRC=fd02:c8be:1d40::1 DST=fd02:c8be:1d40:0:75c3:3b72:9ae4:cb64 PROTO=UDP SPT=53 DPT=56939 PKTS=1 BYTES=145
Dec  9 00:50:49 10.0.0.2 ulogd[1267]: [DESTROY] ORIG: SRC=192.168.1.1 DST=192.168.1.45 PROTO=UDP SPT=47380 DPT=5353 PKTS=1 BYTES=67 , REPLY: SRC=192.168.1.45 DST=192.168.1.1 PROTO=UDP SPT=5353 DPT=47380 PKTS=0 BYTES=0
Dec  9 00:50:49 10.0.0.2 ulogd[1267]: [DESTROY] ORIG: SRC=192.168.1.45 DST=192.168.1.1 PROTO=UDP SPT=45880 DPT=53 PKTS=1 BYTES=76 , REPLY: SRC=192.168.1.1 DST=192.168.1.45 PROTO=UDP SPT=53 DPT=45880 PKTS=1 BYTES=108
Dec  9 00:50:49 10.0.0.2 ulogd[1267]: [DESTROY] ORIG: SRC=192.168.1.180 DST=35.186.224.25 PROTO=UDP SPT=58265 DPT=443 PKTS=77 BYTES=48222 , REPLY: SRC=35.186.224.25 DST=176.36.141.89 PROTO=UDP SPT=443 DPT=58265 PKTS=66 BYTES=16190
Dec  9 00:50:49 10.0.0.2 ulogd[1267]: [DESTROY] ORIG: SRC=192.168.1.45 DST=192.168.1.1 PROTO=UDP SPT=54637 DPT=53 PKTS=1 BYTES=76 , REPLY: SRC=192.168.1.1 DST=192.168.1.45 PROTO=UDP SPT=53 DPT=54637 PKTS=1 BYTES=132
Dec  9 00:50:49 10.0.0.2 ulogd[1267]: [DESTROY] ORIG: SRC=fd02:c8be:1d40:0:75c3:3b72:9ae4:cb64 DST=fd02:c8be:1d40::1 PROTO=UDP SPT=52062 DPT=53 PKTS=1 BYTES=86 , REPLY: SRC=fd02:c8be:1d40::1 DST=fd02:c8be:1d40:0:75c3:3b72:9ae4:cb64 PROTO=UDP SPT=53 DPT=52062 PKTS=1 BYTES=144
Dec  9 00:50:49 10.0.0.2 ulogd[1267]: [DESTROY] ORIG: SRC=192.168.1.45 DST=162.159.135.22 PROTO=TCP SPT=55756 DPT=443 PKTS=14 BYTES=1359 , REPLY: SRC=162.159.135.22 DST=176.36.141.89 PROTO=TCP SPT=443 DPT=55756 PKTS=10 BYTES=3839
Dec  9 00:50:49 10.0.0.2 ulogd[1267]: [DESTROY] ORIG: SRC=fd02:c8be:1d40:0:75c3:3b72:9ae4:cb64 DST=fd02:c8be:1d40::1 PROTO=UDP SPT=63268 DPT=53 PKTS=1 BYTES=93 , REPLY: SRC=fd02:c8be:1d40::1 DST=fd02:c8be:1d40:0:75c3:3b72:9ae4:cb64 PROTO=UDP SPT=53 DPT=63268 PKTS=1 BYTES=125
Dec  9 00:50:49 10.0.0.2 ulogd[1267]: [DESTROY] ORIG: SRC=176.36.141.89 DST=194.50.85.5 PROTO=UDP SPT=47380 DPT=53 PKTS=1 BYTES=67 , REPLY: SRC=194.50.85.5 DST=176.36.141.89 PROTO=UDP SPT=53 DPT=47380 PKTS=0 BYTES=0
Dec  9 00:50:49 10.0.0.2 ulogd[1267]: [DESTROY] ORIG: SRC=192.168.1.180 DST=192.168.1.255 PROTO=UDP SPT=137 DPT=137 PKTS=3 BYTES=234 , REPLY: SRC=192.168.1.255 DST=192.168.1.180 PROTO=UDP SPT=137 DPT=137 PKTS=0 BYTES=0
Dec  9 00:50:49 10.0.0.2 ulogd[1267]: [DESTROY] ORIG: SRC=192.168.1.45 DST=162.159.135.22 PROTO=TCP SPT=37842 DPT=443 PKTS=15 BYTES=1411 , REPLY: SRC=162.159.135.22 DST=176.36.141.89 PROTO=TCP SPT=443 DPT=37842 PKTS=10 BYTES=3840
Dec  9 00:50:49 10.0.0.2 ulogd[1267]: [DESTROY] ORIG: SRC=fd02:c8be:1d40:0:75c3:3b72:9ae4:cb64 DST=fd02:c8be:1d40::1 PROTO=UDP SPT=62663 DPT=53 PKTS=1 BYTES=75 , REPLY: SRC=fd02:c8be:1d40::1 DST=fd02:c8be:1d40:0:75c3:3b72:9ae4:cb64 PROTO=UDP SPT=53 DPT=62663 PKTS=1 BYTES=139
Dec  9 00:50:49 10.0.0.2 ulogd[1267]: [DESTROY] ORIG: SRC=192.168.1.180 DST=185.86.138.32 PROTO=TCP SPT=65370 DPT=443 PKTS=10 BYTES=4248 , REPLY: SRC=185.86.138.32 DST=176.36.141.89 PROTO=TCP SPT=443 DPT=65370 PKTS=9 BYTES=1263
Dec  9 00:50:49 10.0.0.2 ulogd[1267]: [DESTROY] ORIG: SRC=fd02:c8be:1d40:0:75c3:3b72:9ae4:cb64 DST=fd02:c8be:1d40::1 PROTO=UDP SPT=63856 DPT=53 PKTS=1 BYTES=90 , REPLY: SRC=fd02:c8be:1d40::1 DST=fd02:c8be:1d40:0:75c3:3b72:9ae4:cb64 PROTO=UDP SPT=53 DPT=63856 PKTS=1 BYTES=172
Dec  9 00:50:49 10.0.0.2 ulogd[1267]: [DESTROY] ORIG: SRC=192.168.1.180 DST=35.186.224.25 PROTO=UDP SPT=58612 DPT=443 PKTS=14 BYTES=5120 , REPLY: SRC=35.186.224.25 DST=176.36.141.89 PROTO=UDP SPT=443 DPT=58612 PKTS=14 BYTES=4893
