Dec  7 03:56:08 10.0.0.2 dnsmasq[1]: 1955708 fd02:c8be:1d40:0:9daf:53e:8101:d796/61742 query[type=65] gew1-spclient.spotify.com from fd02:c8be:1d40:0:9daf:53e:8101:d796
Dec  7 03:56:08 10.0.0.2 dnsmasq[1]: 1955708 fd02:c8be:1d40:0:9daf:53e:8101:d796/61742 cached gew1-spclient.spotify.com is <CNAME>
Dec  7 03:56:08 10.0.0.2 dnsmasq[1]: 1955708 fd02:c8be:1d40:0:9daf:53e:8101:d796/61742 forwarded gew1-spclient.spotify.com to 194.50.85.5
Dec  7 03:56:08 10.0.0.2 dnsmasq[1]: 1955708 fd02:c8be:1d40:0:9daf:53e:8101:d796/61742 reply gew1-spclient.spotify.com is <CNAME>
Dec  7 03:56:08 10.0.0.2 dnsmasq[1]: 1955708 fd02:c8be:1d40:0:9daf:53e:8101:d796/61742 reply edge-web-gew1.dual-gslb.spotify.com is NODATA
Dec  7 03:56:08 10.0.0.2 ulogd[1267]: [NEW] ORIG: SRC=176.36.141.89 DST=194.50.85.5 PROTO=UDP SPT=36205 DPT=53 PKTS=0 BYTES=0 , REPLY: SRC=194.50.85.5 DST=176.36.141.89 PROTO=UDP SPT=53 DPT=36205 PKTS=0 BYTES=0
Dec  7 03:56:08 10.0.0.2 ulogd[1267]: [NEW] ORIG: SRC=192.168.1.180 DST=35.186.224.18 PROTO=UDP SPT=61256 DPT=443 PKTS=0 BYTES=0 , REPLY: SRC=35.186.224.18 DST=176.36.141.89 PROTO=UDP SPT=443 DPT=61256 PKTS=0 BYTES=0
Dec  7 03:56:15 10.0.0.2 ulogd[1267]: [NEW] ORIG: SRC=fd02:c8be:1d40:0:9daf:53e:8101:d796 DST=fd02:c8be:1d40::1 PROTO=UDP SPT=58926 DPT=53 PKTS=0 BYTES=0 , REPLY: SRC=fd02:c8be:1d40::1 DST=fd02:c8be:1d40:0:9daf:53e:8101:d796 PROTO=UDP SPT=53 DPT=58926 PKTS=0 BYTES=0
Dec  7 03:56:15 10.0.0.2 ulogd[1267]: [NEW] ORIG: SRC=fd02:c8be:1d40:0:9daf:53e:8101:d796 DST=fd02:c8be:1d40::1 PROTO=UDP SPT=60066 DPT=53 PKTS=0 BYTES=0 , REPLY: SRC=fd02:c8be:1d40::1 DST=fd02:c8be:1d40:0:9daf:53e:8101:d796 PROTO=UDP SPT=53 DPT=60066 PKTS=0 BYTES=0
Dec  7 03:56:15 10.0.0.2 dnsmasq[1]: 1955709 fd02:c8be:1d40:0:9daf:53e:8101:d796/58926 query[A] spclient.wg.spotify.com from fd02:c8be:1d40:0:9daf:53e:8101:d796
Dec  7 03:56:15 10.0.0.2 dnsmasq[1]: 1955709 fd02:c8be:1d40:0:9daf:53e:8101:d796/58926 cached spclient.wg.spotify.com is <CNAME>
Dec  7 03:56:15 10.0.0.2 ulogd[1267]: [NEW] ORIG: SRC=192.168.1.1 DST=192.168.1.45 PROTO=UDP SPT=33233 DPT=5353 PKTS=0 BYTES=0 , REPLY: SRC=192.168.1.45 DST=192.168.1.1 PROTO=UDP SPT=5353 DPT=33233 PKTS=0 BYTES=0
Dec  7 03:56:15 10.0.0.2 dnsmasq[1]: 1955709 fd02:c8be:1d40:0:9daf:53e:8101:d796/58926 forwarded spclient.wg.spotify.com to 192.168.1.45
Dec  7 03:56:15 10.0.0.2 ulogd[1267]: [NEW] ORIG: SRC=176.36.141.89 DST=194.50.85.5 PROTO=UDP SPT=33233 DPT=53 PKTS=0 BYTES=0 , REPLY: SRC=194.50.85.5 DST=176.36.141.89 PROTO=UDP SPT=53 DPT=33233 PKTS=0 BYTES=0
Dec  7 03:56:15 10.0.0.2 dnsmasq[1]: 1955709 fd02:c8be:1d40:0:9daf:53e:8101:d796/58926 forwarded spclient.wg.spotify.com to 194.50.85.5
Dec  7 03:56:15 10.0.0.2 ulogd[1267]: [NEW] ORIG: SRC=176.36.141.89 DST=194.50.85.7 PROTO=UDP SPT=33233 DPT=53 PKTS=0 BYTES=0 , REPLY: SRC=194.50.85.7 DST=176.36.141.89 PROTO=UDP SPT=53 DPT=33233 PKTS=0 BYTES=0
Dec  7 03:56:15 10.0.0.2 dnsmasq[1]: 1955709 fd02:c8be:1d40:0:9daf:53e:8101:d796/58926 forwarded spclient.wg.spotify.com to 194.50.85.7
Dec  7 03:56:15 10.0.0.2 dnsmasq[1]: 1955709 fd02:c8be:1d40:0:9daf:53e:8101:d796/58926 reply spclient.wg.spotify.com is <CNAME>
Dec  7 03:56:15 10.0.0.2 dnsmasq[1]: 1955709 fd02:c8be:1d40:0:9daf:53e:8101:d796/58926 reply edge-web.dual-gslb.spotify.com is 35.186.224.25
Dec  7 03:56:15 10.0.0.2 dnsmasq[1]: 1955710 fd02:c8be:1d40:0:9daf:53e:8101:d796/60066 query[type=65] spclient.wg.spotify.com from fd02:c8be:1d40:0:9daf:53e:8101:d796
Dec  7 03:56:15 10.0.0.2 dnsmasq[1]: 1955710 fd02:c8be:1d40:0:9daf:53e:8101:d796/60066 cached spclient.wg.spotify.com is <CNAME>
Dec  7 03:56:15 10.0.0.2 ulogd[1267]: [NEW] ORIG: SRC=176.36.141.89 DST=194.50.85.5 PROTO=UDP SPT=56127 DPT=53 PKTS=0 BYTES=0 , REPLY: SRC=194.50.85.5 DST=176.36.141.89 PROTO=UDP SPT=53 DPT=56127 PKTS=0 BYTES=0
Dec  7 03:56:15 10.0.0.2 dnsmasq[1]: 1955710 fd02:c8be:1d40:0:9daf:53e:8101:d796/60066 forwarded spclient.wg.spotify.com to 194.50.85.5
Dec  7 03:56:15 10.0.0.2 dnsmasq[1]: 1955710 fd02:c8be:1d40:0:9daf:53e:8101:d796/60066 reply spclient.wg.spotify.com is <CNAME>
Dec  7 03:56:15 10.0.0.2 dnsmasq[1]: 1955710 fd02:c8be:1d40:0:9daf:53e:8101:d796/60066 reply edge-web.dual-gslb.spotify.com is NODATA
Dec  7 03:56:15 10.0.0.2 ulogd[1267]: [NEW] ORIG: SRC=192.168.1.180 DST=35.186.224.25 PROTO=UDP SPT=58127 DPT=443 PKTS=0 BYTES=0 , REPLY: SRC=35.186.224.25 DST=176.36.141.89 PROTO=UDP SPT=443 DPT=58127 PKTS=0 BYTES=0
Dec  7 03:56:22 10.0.0.2 ulogd[1267]: [DESTROY] ORIG: SRC=176.36.141.89 DST=194.50.85.5 PROTO=UDP SPT=34115 DPT=53 PKTS=1 BYTES=72 , REPLY: SRC=194.50.85.5 DST=176.36.141.89 PROTO=UDP SPT=53 DPT=34115 PKTS=1 BYTES=324
Dec  7 03:56:30 10.0.0.2 ulogd[1267]: [NEW] ORIG: SRC=192.168.1.45 DST=192.168.1.1 PROTO=UDP SPT=46053 DPT=53 PKTS=0 BYTES=0 , REPLY: SRC=192.168.1.1 DST=192.168.1.45 PROTO=UDP SPT=53 DPT=46053 PKTS=0 BYTES=0
Dec  7 03:56:30 10.0.0.2 ulogd[1267]: [NEW] ORIG: SRC=192.168.1.45 DST=192.168.1.1 PROTO=UDP SPT=55117 DPT=53 PKTS=0 BYTES=0 , REPLY: SRC=192.168.1.1 DST=192.168.1.45 PROTO=UDP SPT=53 DPT=55117 PKTS=0 BYTES=0
Dec  7 03:56:30 10.0.0.2 dnsmasq[1]: 1955711 192.168.1.45/46053 query[AAAA] raw.githubusercontent.com from 192.168.1.45
Dec  7 03:56:30 10.0.0.2 dnsmasq[1]: 1955711 192.168.1.45/46053 forwarded raw.githubusercontent.com to 194.50.85.5
Dec  7 03:56:30 10.0.0.2 dnsmasq[1]: 1955712 192.168.1.45/55117 query[A] raw.githubusercontent.com from 192.168.1.45
Dec  7 03:56:30 10.0.0.2 ulogd[1267]: [NEW] ORIG: SRC=176.36.141.89 DST=194.50.85.5 PROTO=UDP SPT=34765 DPT=53 PKTS=0 BYTES=0 , REPLY: SRC=194.50.85.5 DST=176.36.141.89 PROTO=UDP SPT=53 DPT=34765 PKTS=0 BYTES=0
Dec  7 03:56:30 10.0.0.2 ulogd[1267]: [NEW] ORIG: SRC=192.168.1.45 DST=192.168.1.1 PROTO=UDP SPT=38945 DPT=53 PKTS=0 BYTES=0 , REPLY: SRC=192.168.1.1 DST=192.168.1.45 PROTO=UDP SPT=53 DPT=38945 PKTS=0 BYTES=0
Dec  7 03:56:30 10.0.0.2 ulogd[1267]: [NEW] ORIG: SRC=192.168.1.45 DST=192.168.1.1 PROTO=UDP SPT=37282 DPT=53 PKTS=0 BYTES=0 , REPLY: SRC=192.168.1.1 DST=192.168.1.45 PROTO=UDP SPT=53 DPT=37282 PKTS=0 BYTES=0
Dec  7 03:56:30 10.0.0.2 dnsmasq[1]: 1955712 192.168.1.45/55117 forwarded raw.githubusercontent.com to 194.50.85.5
Dec  7 03:56:30 10.0.0.2 ulogd[1267]: [NEW] ORIG: SRC=176.36.141.89 DST=194.50.85.5 PROTO=UDP SPT=46411 DPT=53 PKTS=0 BYTES=0 , REPLY: SRC=194.50.85.5 DST=176.36.141.89 PROTO=UDP SPT=53 DPT=46411 PKTS=0 BYTES=0
Dec  7 03:56:30 10.0.0.2 dnsmasq[1]: 1955711 192.168.1.45/46053 reply raw.githubusercontent.com is 2606:50c0:8000::154
Dec  7 03:56:30 10.0.0.2 dnsmasq[1]: 1955711 192.168.1.45/46053 reply raw.githubusercontent.com is 2606:50c0:8001::154
Dec  7 03:56:30 10.0.0.2 dnsmasq[1]: 1955711 192.168.1.45/46053 reply raw.githubusercontent.com is 2606:50c0:8002::154
Dec  7 03:56:30 10.0.0.2 dnsmasq[1]: 1955711 192.168.1.45/46053 reply raw.githubusercontent.com is 2606:50c0:8003::154
Dec  7 03:56:30 10.0.0.2 dnsmasq[1]: 1955713 192.168.1.45/38945 query[AAAA] grafana.com from 192.168.1.45
Dec  7 03:56:30 10.0.0.2 ulogd[1267]: [NEW] ORIG: SRC=176.36.141.89 DST=194.50.85.5 PROTO=UDP SPT=53998 DPT=53 PKTS=0 BYTES=0 , REPLY: SRC=194.50.85.5 DST=176.36.141.89 PROTO=UDP SPT=53 DPT=53998 PKTS=0 BYTES=0
Dec  7 03:56:30 10.0.0.2 dnsmasq[1]: 1955713 192.168.1.45/38945 forwarded grafana.com to 194.50.85.5
Dec  7 03:56:30 10.0.0.2 dnsmasq[1]: 1955714 192.168.1.45/37282 query[A] grafana.com from 192.168.1.45
Dec  7 03:56:30 10.0.0.2 ulogd[1267]: [NEW] ORIG: SRC=176.36.141.89 DST=194.50.85.5 PROTO=UDP SPT=42296 DPT=53 PKTS=0 BYTES=0 , REPLY: SRC=194.50.85.5 DST=176.36.141.89 PROTO=UDP SPT=53 DPT=42296 PKTS=0 BYTES=0
Dec  7 03:56:30 10.0.0.2 dnsmasq[1]: 1955714 192.168.1.45/37282 forwarded grafana.com to 194.50.85.5
Dec  7 03:56:30 10.0.0.2 dnsmasq[1]: 1955713 192.168.1.45/38945 reply grafana.com is 2600:1901:0:b3ea::
Dec  7 03:56:30 10.0.0.2 dnsmasq[1]: 1955712 192.168.1.45/55117 reply raw.githubusercontent.com is 185.199.111.133
Dec  7 03:56:30 10.0.0.2 dnsmasq[1]: 1955712 192.168.1.45/55117 reply raw.githubusercontent.com is 185.199.109.133
Dec  7 03:56:30 10.0.0.2 dnsmasq[1]: 1955712 192.168.1.45/55117 reply raw.githubusercontent.com is 185.199.110.133
Dec  7 03:56:30 10.0.0.2 dnsmasq[1]: 1955712 192.168.1.45/55117 reply raw.githubusercontent.com is 185.199.108.133
Dec  7 03:56:30 10.0.0.2 dnsmasq[1]: 1955714 192.168.1.45/37282 reply grafana.com is 34.120.177.193
Dec  7 03:56:30 10.0.0.2 ulogd[1267]: [NEW] ORIG: SRC=192.168.1.45 DST=34.120.177.193 PROTO=TCP SPT=60928 DPT=443 PKTS=0 BYTES=0 , REPLY: SRC=34.120.177.193 DST=176.36.141.89 PROTO=TCP SPT=443 DPT=60928 PKTS=0 BYTES=0
Dec  7 03:56:30 10.0.0.2 ulogd[1267]: [NEW] ORIG: SRC=192.168.1.45 DST=185.199.111.133 PROTO=TCP SPT=50342 DPT=443 PKTS=0 BYTES=0 , REPLY: SRC=185.199.111.133 DST=176.36.141.89 PROTO=TCP SPT=443 DPT=50342 PKTS=0 BYTES=0
Dec  7 03:56:38 10.0.0.2 dnsmasq[1]: 1955715 fd02:c8be:1d40:0:9daf:53e:8101:d796/59447 query[A] 3c-bs.gmx.com from fd02:c8be:1d40:0:9daf:53e:8101:d796
Dec  7 03:56:38 10.0.0.2 ulogd[1267]: [NEW] ORIG: SRC=192.168.1.1 DST=192.168.1.45 PROTO=UDP SPT=35597 DPT=5353 PKTS=0 BYTES=0 , REPLY: SRC=192.168.1.45 DST=192.168.1.1 PROTO=UDP SPT=5353 DPT=35597 PKTS=0 BYTES=0
Dec  7 03:56:38 10.0.0.2 dnsmasq[1]: 1955715 fd02:c8be:1d40:0:9daf:53e:8101:d796/59447 forwarded 3c-bs.gmx.com to 192.168.1.45
Dec  7 03:56:38 10.0.0.2 ulogd[1267]: [NEW] ORIG: SRC=176.36.141.89 DST=194.50.85.5 PROTO=UDP SPT=35597 DPT=53 PKTS=0 BYTES=0 , REPLY: SRC=194.50.85.5 DST=176.36.141.89 PROTO=UDP SPT=53 DPT=35597 PKTS=0 BYTES=0
Dec  7 03:56:38 10.0.0.2 dnsmasq[1]: 1955715 fd02:c8be:1d40:0:9daf:53e:8101:d796/59447 forwarded 3c-bs.gmx.com to 194.50.85.5
Dec  7 03:56:38 10.0.0.2 ulogd[1267]: [NEW] ORIG: SRC=176.36.141.89 DST=194.50.85.7 PROTO=UDP SPT=35597 DPT=53 PKTS=0 BYTES=0 , REPLY: SRC=194.50.85.7 DST=176.36.141.89 PROTO=UDP SPT=53 DPT=35597 PKTS=0 BYTES=0
Dec  7 03:56:38 10.0.0.2 dnsmasq[1]: 1955715 fd02:c8be:1d40:0:9daf:53e:8101:d796/59447 forwarded 3c-bs.gmx.com to 194.50.85.7
Dec  7 03:56:38 10.0.0.2 ulogd[1267]: [NEW] ORIG: SRC=192.168.1.180 DST=192.168.1.1 PROTO=UDP SPT=59447 DPT=53 PKTS=0 BYTES=0 , REPLY: SRC=192.168.1.1 DST=192.168.1.180 PROTO=UDP SPT=53 DPT=59447 PKTS=0 BYTES=0
Dec  7 03:56:38 10.0.0.2 dnsmasq[1]: 1955716 192.168.1.180/59447 query[A] 3c-bs.gmx.com from 192.168.1.180
Dec  7 03:56:38 10.0.0.2 dnsmasq[1]: 1955715 fd02:c8be:1d40:0:9daf:53e:8101:d796/59447 reply 3c-bs.gmx.com is 217.72.196.44
Dec  7 03:56:38 10.0.0.2 dnsmasq[1]: 1955716 192.168.1.180/59447 reply query is duplicate
Dec  7 03:56:38 10.0.0.2 ulogd[1267]: [NEW] ORIG: SRC=192.168.1.180 DST=217.72.196.44 PROTO=TCP SPT=62693 DPT=443 PKTS=0 BYTES=0 , REPLY: SRC=217.72.196.44 DST=176.36.141.89 PROTO=TCP SPT=443 DPT=62693 PKTS=0 BYTES=0
Dec  7 03:56:44 10.0.0.2 ulogd[1267]: [NEW] ORIG: SRC=fd02:c8be:1d40:0:9daf:53e:8101:d796 DST=fd02:c8be:1d40::1 PROTO=UDP SPT=59218 DPT=53 PKTS=0 BYTES=0 , REPLY: SRC=fd02:c8be:1d40::1 DST=fd02:c8be:1d40:0:9daf:53e:8101:d796 PROTO=UDP SPT=53 DPT=59218 PKTS=0 BYTES=0
Dec  7 03:56:44 10.0.0.2 dnsmasq[1]: 1955717 fd02:c8be:1d40:0:9daf:53e:8101:d796/59218 query[A] sync-v2.brave.com from fd02:c8be:1d40:0:9daf:53e:8101:d796
Dec  7 03:56:44 10.0.0.2 dnsmasq[1]: 1955717 fd02:c8be:1d40:0:9daf:53e:8101:d796/59218 cached sync-v2.brave.com is <CNAME>
Dec  7 03:56:44 10.0.0.2 dnsmasq[1]: 1955717 fd02:c8be:1d40:0:9daf:53e:8101:d796/59218 forwarded sync-v2.brave.com to 194.50.85.7
Dec  7 03:56:44 10.0.0.2 dnsmasq[1]: 1955717 fd02:c8be:1d40:0:9daf:53e:8101:d796/59218 reply sync-v2.brave.com is <CNAME>
Dec  7 03:56:44 10.0.0.2 dnsmasq[1]: 1955717 fd02:c8be:1d40:0:9daf:53e:8101:d796/59218 reply sync-alb-152764135.us-west-2.elb.amazonaws.com is 34.223.239.225
Dec  7 03:56:44 10.0.0.2 dnsmasq[1]: 1955717 fd02:c8be:1d40:0:9daf:53e:8101:d796/59218 reply sync-alb-152764135.us-west-2.elb.amazonaws.com is 44.230.54.232
Dec  7 03:56:44 10.0.0.2 ulogd[1267]: [NEW] ORIG: SRC=176.36.141.89 DST=194.50.85.7 PROTO=UDP SPT=33196 DPT=53 PKTS=0 BYTES=0 , REPLY: SRC=194.50.85.7 DST=176.36.141.89 PROTO=UDP SPT=53 DPT=33196 PKTS=0 BYTES=0
Dec  7 03:56:44 10.0.0.2 dnsmasq[1]: 1955717 fd02:c8be:1d40:0:9daf:53e:8101:d796/59218 reply sync-alb-152764135.us-west-2.elb.amazonaws.com is 35.85.131.92
Dec  7 03:56:55 10.0.0.2 ulogd[1267]: [DESTROY] ORIG: SRC=140.179.224.152 DST=176.36.141.89 PROTO=ICMP TYPE=0 CODE=8 PKTS=1 BYTES=84 , REPLY: SRC=176.36.141.89 DST=140.179.224.152 PROTO=ICMP TYPE=0 CODE=8 PKTS=1 BYTES=84
Dec  7 03:56:55 10.0.0.2 ulogd[1267]: [DESTROY] ORIG: SRC=fe80::b295:75ff:fe15:6fa5 DST=ff02::1:2 PROTO=UDP SPT=546 DPT=547 PKTS=1 BYTES=150 , REPLY: SRC=ff02::1:2 DST=fe80::b295:75ff:fe15:6fa5 PROTO=UDP SPT=547 DPT=546 PKTS=0 BYTES=0
Dec  7 03:56:55 10.0.0.2 ulogd[1267]: [NEW] ORIG: SRC=fe80::b295:75ff:fe15:6fa5 DST=ff02::1:2 PROTO=UDP SPT=546 DPT=547 PKTS=0 BYTES=0 , REPLY: SRC=ff02::1:2 DST=fe80::b295:75ff:fe15:6fa5 PROTO=UDP SPT=547 DPT=546 PKTS=0 BYTES=0
Dec  7 03:57:00 10.0.0.2 ulogd[1267]: [DESTROY] ORIG: SRC=fd02:c8be:1d40:0:9daf:53e:8101:d796 DST=fd02:c8be:1d40::1 PROTO=UDP SPT=53362 DPT=53 PKTS=1 BYTES=92 , REPLY: SRC=fd02:c8be:1d40::1 DST=fd02:c8be:1d40:0:9daf:53e:8101:d796 PROTO=UDP SPT=53 DPT=53362 PKTS=1 BYTES=344
Dec  7 03:57:06 10.0.0.2 ulogd[1267]: [DESTROY] ORIG: SRC=192.168.1.180 DST=192.168.1.1 PROTO=UDP SPT=64584 DPT=53 PKTS=1 BYTES=83 , REPLY: SRC=192.168.1.1 DST=192.168.1.180 PROTO=UDP SPT=53 DPT=64584 PKTS=1 BYTES=156
Dec  7 03:57:06 10.0.0.2 ulogd[1267]: [NEW] ORIG: SRC=71.131.225.129 DST=176.36.141.89 PROTO=ICMP TYPE=0 CODE=8 PKTS=0 BYTES=0 , REPLY: SRC=176.36.141.89 DST=71.131.225.129 PROTO=ICMP TYPE=0 CODE=8 PKTS=0 BYTES=0
Dec  7 03:57:06 10.0.0.2 ulogd[1267]: [NEW] ORIG: SRC=54.223.50.242 DST=176.36.141.89 PROTO=ICMP TYPE=0 CODE=8 PKTS=0 BYTES=0 , REPLY: SRC=176.36.141.89 DST=54.223.50.242 PROTO=ICMP TYPE=0 CODE=8 PKTS=0 BYTES=0
Dec  7 03:57:06 10.0.0.2 ulogd[1267]: [NEW] ORIG: SRC=52.81.102.236 DST=176.36.141.89 PROTO=ICMP TYPE=0 CODE=8 PKTS=0 BYTES=0 , REPLY: SRC=176.36.141.89 DST=52.81.102.236 PROTO=ICMP TYPE=0 CODE=8 PKTS=0 BYTES=0
Dec  7 03:57:41 10.0.0.2 ulogd[1267]: [DESTROY] ORIG: SRC=176.36.141.89 DST=194.50.85.5 PROTO=UDP SPT=33233 DPT=53 PKTS=1 BYTES=69 , REPLY: SRC=194.50.85.5 DST=176.36.141.89 PROTO=UDP SPT=53 DPT=33233 PKTS=1 BYTES=118
Dec  7 03:57:41 10.0.0.2 ulogd[1267]: [DESTROY] ORIG: SRC=176.36.141.89 DST=194.50.85.7 PROTO=UDP SPT=59571 DPT=53 PKTS=1 BYTES=83 , REPLY: SRC=194.50.85.7 DST=176.36.141.89 PROTO=UDP SPT=53 DPT=59571 PKTS=1 BYTES=156
Dec  7 03:57:41 10.0.0.2 ulogd[1267]: [DESTROY] ORIG: SRC=176.36.141.89 DST=194.50.85.7 PROTO=UDP SPT=33233 DPT=53 PKTS=1 BYTES=69 , REPLY: SRC=194.50.85.7 DST=176.36.141.89 PROTO=UDP SPT=53 DPT=33233 PKTS=1 BYTES=118
Dec  7 03:57:41 10.0.0.2 ulogd[1267]: [DESTROY] ORIG: SRC=192.168.1.180 DST=35.186.224.25 PROTO=UDP SPT=61799 DPT=443 PKTS=8 BYTES=3233 , REPLY: SRC=35.186.224.25 DST=176.36.141.89 PROTO=UDP SPT=443 DPT=61799 PKTS=10 BYTES=4170
Dec  7 03:57:41 10.0.0.2 ulogd[1267]: [DESTROY] ORIG: SRC=192.168.1.180 DST=217.72.199.27 PROTO=TCP SPT=62682 DPT=443 PKTS=16 BYTES=2294 , REPLY: SRC=217.72.199.27 DST=176.36.141.89 PROTO=TCP SPT=443 DPT=62682 PKTS=23 BYTES=9593
Dec  7 03:57:41 10.0.0.2 ulogd[1267]: [DESTROY] ORIG: SRC=192.168.1.45 DST=192.168.1.1 PROTO=UDP SPT=46053 DPT=53 PKTS=1 BYTES=82 , REPLY: SRC=192.168.1.1 DST=192.168.1.45 PROTO=UDP SPT=53 DPT=46053 PKTS=1 BYTES=194
Dec  7 03:57:41 10.0.0.2 ulogd[1267]: [DESTROY] ORIG: SRC=192.168.1.1 DST=192.168.1.45 PROTO=UDP SPT=51008 DPT=5353 PKTS=1 BYTES=76 , REPLY: SRC=192.168.1.45 DST=192.168.1.1 PROTO=UDP SPT=5353 DPT=51008 PKTS=0 BYTES=0
Dec  7 03:57:41 10.0.0.2 ulogd[1267]: [DESTROY] ORIG: SRC=fd02:c8be:1d40:0:9daf:53e:8101:d796 DST=fd02:c8be:1d40::1 PROTO=UDP SPT=64584 DPT=53 PKTS=1 BYTES=103 , REPLY: SRC=fd02:c8be:1d40::1 DST=fd02:c8be:1d40:0:9daf:53e:8101:d796 PROTO=UDP SPT=53 DPT=64584 PKTS=1 BYTES=176
Dec  7 03:57:41 10.0.0.2 ulogd[1267]: [DESTROY] ORIG: SRC=fd02:c8be:1d40:0:9daf:53e:8101:d796 DST=fd02:c8be:1d40::1 PROTO=UDP SPT=57733 DPT=53 PKTS=1 BYTES=91 , REPLY: SRC=fd02:c8be:1d40::1 DST=fd02:c8be:1d40:0:9daf:53e:8101:d796 PROTO=UDP SPT=53 DPT=57733 PKTS=1 BYTES=145
Dec  7 03:57:41 10.0.0.2 ulogd[1267]: [DESTROY] ORIG: SRC=176.36.141.89 DST=194.50.85.5 PROTO=UDP SPT=56127 DPT=53 PKTS=1 BYTES=69 , REPLY: SRC=194.50.85.5 DST=176.36.141.89 PROTO=UDP SPT=53 DPT=56127 PKTS=1 BYTES=167
Dec  7 03:57:41 10.0.0.2 ulogd[1267]: [DESTROY] ORIG: SRC=192.168.1.180 DST=172.64.147.52 PROTO=TCP SPT=62422 DPT=443 PKTS=406 BYTES=23354 , REPLY: SRC=172.64.147.52 DST=176.36.141.89 PROTO=TCP SPT=443 DPT=62422 PKTS=416 BYTES=27655
Dec  7 03:57:41 10.0.0.2 ulogd[1267]: [DESTROY] ORIG: SRC=176.36.141.89 DST=194.50.85.5 PROTO=UDP SPT=37690 DPT=53 PKTS=1 BYTES=63 , REPLY: SRC=194.50.85.5 DST=176.36.141.89 PROTO=UDP SPT=53 DPT=37690 PKTS=1 BYTES=168
Dec  7 03:57:41 10.0.0.2 ulogd[1267]: [DESTROY] ORIG: SRC=176.36.141.89 DST=194.50.85.5 PROTO=UDP SPT=42296 DPT=53 PKTS=1 BYTES=68 , REPLY: SRC=194.50.85.5 DST=176.36.141.89 PROTO=UDP SPT=53 DPT=42296 PKTS=1 BYTES=84
Dec  7 03:57:41 10.0.0.2 ulogd[1267]: [DESTROY] ORIG: SRC=192.168.1.1 DST=192.168.1.45 PROTO=UDP SPT=41187 DPT=5353 PKTS=1 BYTES=83 , REPLY: SRC=192.168.1.45 DST=192.168.1.1 PROTO=UDP SPT=5353 DPT=41187 PKTS=0 BYTES=0
Dec  7 03:57:41 10.0.0.2 ulogd[1267]: [DESTROY] ORIG: SRC=54.223.50.242 DST=176.36.141.89 PROTO=ICMP TYPE=0 CODE=8 PKTS=1 BYTES=36 , REPLY: SRC=176.36.141.89 DST=54.223.50.242 PROTO=ICMP TYPE=0 CODE=8 PKTS=1 BYTES=36
Dec  7 03:57:41 10.0.0.2 ulogd[1267]: [DESTROY] ORIG: SRC=52.81.102.236 DST=176.36.141.89 PROTO=ICMP TYPE=0 CODE=8 PKTS=1 BYTES=36 , REPLY: SRC=176.36.141.89 DST=52.81.102.236 PROTO=ICMP TYPE=0 CODE=8 PKTS=1 BYTES=36
Dec  7 03:57:41 10.0.0.2 ulogd[1267]: [DESTROY] ORIG: SRC=192.168.1.1 DST=192.168.1.45 PROTO=UDP SPT=33233 DPT=5353 PKTS=1 BYTES=69 , REPLY: SRC=192.168.1.45 DST=192.168.1.1 PROTO=UDP SPT=5353 DPT=33233 PKTS=0 BYTES=0
Dec  7 03:57:41 10.0.0.2 ulogd[1267]: [DESTROY] ORIG: SRC=192.168.1.45 DST=192.168.1.1 PROTO=UDP SPT=38945 DPT=53 PKTS=1 BYTES=68 , REPLY: SRC=192.168.1.1 DST=192.168.1.45 PROTO=UDP SPT=53 DPT=38945 PKTS=1 BYTES=96
Dec  7 03:57:41 10.0.0.2 ulogd[1267]: [DESTROY] ORIG: SRC=176.36.141.89 DST=194.50.85.7 PROTO=UDP SPT=35597 DPT=53 PKTS=1 BYTES=59 , REPLY: SRC=194.50.85.7 DST=176.36.141.89 PROTO=UDP SPT=53 DPT=35597 PKTS=1 BYTES=75
Dec  7 03:57:41 10.0.0.2 ulogd[1267]: [DESTROY] ORIG: SRC=176.36.141.89 DST=194.50.85.7 PROTO=UDP SPT=51008 DPT=53 PKTS=1 BYTES=76 , REPLY: SRC=194.50.85.7 DST=176.36.141.89 PROTO=UDP SPT=53 DPT=51008 PKTS=1 BYTES=236
Dec  7 03:57:41 10.0.0.2 ulogd[1267]: [DESTROY] ORIG: SRC=192.168.1.180 DST=104.18.43.226 PROTO=TCP SPT=62622 DPT=443 PKTS=60 BYTES=4587 , REPLY: SRC=104.18.43.226 DST=176.36.141.89 PROTO=TCP SPT=443 DPT=62622 PKTS=74 BYTES=92806
Dec  7 03:57:41 10.0.0.2 ulogd[1267]: [DESTROY] ORIG: SRC=192.168.1.180 DST=192.168.1.1 PROTO=UDP SPT=53362 DPT=53 PKTS=1 BYTES=72 , REPLY: SRC=192.168.1.1 DST=192.168.1.180 PROTO=UDP SPT=53 DPT=53362 PKTS=1 BYTES=324
Dec  7 03:57:41 10.0.0.2 ulogd[1267]: [DESTROY] ORIG: SRC=176.36.141.89 DST=194.50.85.5 PROTO=UDP SPT=38425 DPT=53 PKTS=1 BYTES=72 , REPLY: SRC=194.50.85.5 DST=176.36.141.89 PROTO=UDP SPT=53 DPT=38425 PKTS=1 BYTES=267
Dec  7 03:57:41 10.0.0.2 ulogd[1267]: [DESTROY] ORIG: SRC=192.168.1.180 DST=192.168.1.255 PROTO=UDP SPT=137 DPT=137 PKTS=3 BYTES=234 , REPLY: SRC=192.168.1.255 DST=192.168.1.180 PROTO=UDP SPT=137 DPT=137 PKTS=0 BYTES=0
Dec  7 03:57:41 10.0.0.2 ulogd[1267]: [DESTROY] ORIG: SRC=192.168.1.180 DST=192.168.1.1 PROTO=UDP SPT=56133 DPT=53 PKTS=1 BYTES=66 , REPLY: SRC=192.168.1.1 DST=192.168.1.180 PROTO=UDP SPT=53 DPT=56133 PKTS=1 BYTES=82
Dec  7 03:57:41 10.0.0.2 ulogd[1267]: [DESTROY] ORIG: SRC=176.36.141.89 DST=194.50.85.5 PROTO=UDP SPT=51600 DPT=53 PKTS=1 BYTES=68 , REPLY: SRC=194.50.85.5 DST=176.36.141.89 PROTO=UDP SPT=53 DPT=51600 PKTS=1 BYTES=175
Dec  7 03:57:41 10.0.0.2 ulogd[1267]: [DESTROY] ORIG: SRC=176.36.141.89 DST=194.50.85.5 PROTO=UDP SPT=46411 DPT=53 PKTS=1 BYTES=82 , REPLY: SRC=194.50.85.5 DST=176.36.141.89 PROTO=UDP SPT=53 DPT=46411 PKTS=1 BYTES=146
Dec  7 03:57:41 10.0.0.2 ulogd[1267]: [DESTROY] ORIG: SRC=71.136.94.78 DST=176.36.141.89 PROTO=ICMP TYPE=0 CODE=8 PKTS=1 BYTES=36 , REPLY: SRC=176.36.141.89 DST=71.136.94.78 PROTO=ICMP TYPE=0 CODE=8 PKTS=1 BYTES=36
Dec  7 03:57:41 10.0.0.2 ulogd[1267]: [DESTROY] ORIG: SRC=192.168.1.180 DST=192.168.1.1 PROTO=UDP SPT=59447 DPT=53 PKTS=1 BYTES=59 , REPLY: SRC=192.168.1.1 DST=192.168.1.180 PROTO=UDP SPT=53 DPT=59447 PKTS=1 BYTES=75
Dec  7 03:57:41 10.0.0.2 ulogd[1267]: [DESTROY] ORIG: SRC=192.168.1.180 DST=217.72.196.44 PROTO=TCP SPT=62678 DPT=443 PKTS=13 BYTES=3188 , REPLY: SRC=217.72.196.44 DST=176.36.141.89 PROTO=TCP SPT=443 DPT=62678 PKTS=12 BYTES=4910
Dec  7 03:57:41 10.0.0.2 ulogd[1267]: [DESTROY] ORIG: SRC=176.36.141.89 DST=194.50.85.7 PROTO=UDP SPT=38425 DPT=53 PKTS=1 BYTES=72 , REPLY: SRC=194.50.85.7 DST=176.36.141.89 PROTO=UDP SPT=53 DPT=38425 PKTS=1 BYTES=267
Dec  7 03:57:41 10.0.0.2 ulogd[1267]: [DESTROY] ORIG: SRC=176.36.141.89 DST=194.50.85.5 PROTO=UDP SPT=53998 DPT=53 PKTS=1 BYTES=68 , REPLY: SRC=194.50.85.5 DST=176.36.141.89 PROTO=UDP SPT=53 DPT=53998 PKTS=1 BYTES=96
Dec  7 03:57:41 10.0.0.2 ulogd[1267]: [DESTROY] ORIG: SRC=176.36.141.89 DST=194.50.85.5 PROTO=UDP SPT=51008 DPT=53 PKTS=1 BYTES=76 , REPLY: SRC=194.50.85.5 DST=176.36.141.89 PROTO=UDP SPT=53 DPT=51008 PKTS=1 BYTES=236
Dec  7 03:57:41 10.0.0.2 ulogd[1267]: [DESTROY] ORIG: SRC=176.36.141.89 DST=194.50.85.7 PROTO=UDP SPT=60606 DPT=53 PKTS=1 BYTES=63 , REPLY: SRC=194.50.85.7 DST=176.36.141.89 PROTO=UDP SPT=53 DPT=60606 PKTS=1 BYTES=168
Dec  7 03:57:41 10.0.0.2 ulogd[1267]: [DESTROY] ORIG: SRC=192.168.1.1 DST=192.168.1.45 PROTO=UDP SPT=38425 DPT=5353 PKTS=1 BYTES=72 , REPLY: SRC=192.168.1.45 DST=192.168.1.1 PROTO=UDP SPT=5353 DPT=38425 PKTS=0 BYTES=0
Dec  7 03:57:41 10.0.0.2 ulogd[1267]: [DESTROY] ORIG: SRC=176.36.141.89 DST=194.50.85.5 PROTO=UDP SPT=47475 DPT=53 PKTS=1 BYTES=71 , REPLY: SRC=194.50.85.5 DST=176.36.141.89 PROTO=UDP SPT=53 DPT=47475 PKTS=1 BYTES=125
Dec  7 03:57:41 10.0.0.2 ulogd[1267]: [DESTROY] ORIG: SRC=176.36.141.89 DST=194.50.85.7 PROTO=UDP SPT=41187 DPT=53 PKTS=1 BYTES=83 , REPLY: SRC=194.50.85.7 DST=176.36.141.89 PROTO=UDP SPT=53 DPT=41187 PKTS=1 BYTES=99
Dec  7 03:57:41 10.0.0.2 ulogd[1267]: [DESTROY] ORIG: SRC=fd02:c8be:1d40:0:9daf:53e:8101:d796 DST=fd02:c8be:1d40::1 PROTO=UDP SPT=60066 DPT=53 PKTS=1 BYTES=89 , REPLY: SRC=fd02:c8be:1d40::1 DST=fd02:c8be:1d40:0:9daf:53e:8101:d796 PROTO=UDP SPT=53 DPT=60066 PKTS=1 BYTES=187
Dec  7 03:57:41 10.0.0.2 ulogd[1267]: [DESTROY] ORIG: SRC=176.36.141.89 DST=194.50.85.5 PROTO=UDP SPT=36205 DPT=53 PKTS=1 BYTES=71 , REPLY: SRC=194.50.85.5 DST=176.36.141.89 PROTO=UDP SPT=53 DPT=36205 PKTS=1 BYTES=174
Dec  7 03:57:41 10.0.0.2 ulogd[1267]: [DESTROY] ORIG: SRC=176.36.141.89 DST=194.50.85.5 PROTO=UDP SPT=42507 DPT=53 PKTS=1 BYTES=66 , REPLY: SRC=194.50.85.5 DST=176.36.141.89 PROTO=UDP SPT=53 DPT=42507 PKTS=1 BYTES=82
Dec  7 03:57:41 10.0.0.2 ulogd[1267]: [DESTROY] ORIG: SRC=176.36.141.89 DST=194.50.85.5 PROTO=UDP SPT=35597 DPT=53 PKTS=1 BYTES=59 , REPLY: SRC=194.50.85.5 DST=176.36.141.89 PROTO=UDP SPT=53 DPT=35597 PKTS=1 BYTES=75
Dec  7 03:57:41 10.0.0.2 ulogd[1267]: [DESTROY] ORIG: SRC=fd02:c8be:1d40:0:9daf:53e:8101:d796 DST=fd02:c8be:1d40::1 PROTO=UDP SPT=61742 DPT=53 PKTS=1 BYTES=91 , REPLY: SRC=fd02:c8be:1d40::1 DST=fd02:c8be:1d40:0:9daf:53e:8101:d796 PROTO=UDP SPT=53 DPT=61742 PKTS=1 BYTES=194
Dec  7 03:57:41 10.0.0.2 ulogd[1267]: [DESTROY] ORIG: SRC=54.223.215.162 DST=176.36.141.89 PROTO=ICMP TYPE=0 CODE=8 PKTS=1 BYTES=36 , REPLY: SRC=176.36.141.89 DST=54.223.215.162 PROTO=ICMP TYPE=0 CODE=8 PKTS=1 BYTES=36
Dec  7 03:57:41 10.0.0.2 ulogd[1267]: [DESTROY] ORIG: SRC=192.168.1.45 DST=192.168.1.1 PROTO=UDP SPT=37282 DPT=53 PKTS=1 BYTES=68 , REPLY: SRC=192.168.1.1 DST=192.168.1.45 PROTO=UDP SPT=53 DPT=37282 PKTS=1 BYTES=84
Dec  7 03:57:41 10.0.0.2 ulogd[1267]: [DESTROY] ORIG: SRC=fd02:c8be:1d40:0:9daf:53e:8101:d796 DST=fd02:c8be:1d40::1 PROTO=UDP SPT=57803 DPT=53 PKTS=6 BYTES=528 , REPLY: SRC=fd02:c8be:1d40::1 DST=fd02:c8be:1d40:0:9daf:53e:8101:d796 PROTO=UDP SPT=53 DPT=57803 PKTS=6 BYTES=1039
Dec  7 03:57:41 10.0.0.2 ulogd[1267]: [DESTROY] ORIG: SRC=54.222.195.175 DST=176.36.141.89 PROTO=ICMP TYPE=0 CODE=8 PKTS=1 BYTES=36 , REPLY: SRC=176.36.141.89 DST=54.222.195.175 PROTO=ICMP TYPE=0 CODE=8 PKTS=1 BYTES=36
Dec  7 03:57:41 10.0.0.2 ulogd[1267]: [DESTROY] ORIG: SRC=192.168.1.1 DST=192.168.1.45 PROTO=UDP SPT=35597 DPT=5353 PKTS=1 BYTES=59 , REPLY: SRC=192.168.1.45 DST=192.168.1.1 PROTO=UDP SPT=5353 DPT=35597 PKTS=0 BYTES=0
Dec  7 03:57:41 10.0.0.2 ulogd[1267]: [DESTROY] ORIG: SRC=176.36.141.89 DST=194.50.85.5 PROTO=UDP SPT=41187 DPT=53 PKTS=1 BYTES=83 , REPLY: SRC=194.50.85.5 DST=176.36.141.89 PROTO=UDP SPT=53 DPT=41187 PKTS=1 BYTES=99
Dec  7 03:57:41 10.0.0.2 ulogd[1267]: [DESTROY] ORIG: SRC=176.36.141.89 DST=194.50.85.5 PROTO=UDP SPT=34765 DPT=53 PKTS=1 BYTES=82 , REPLY: SRC=194.50.85.5 DST=176.36.141.89 PROTO=UDP SPT=53 DPT=34765 PKTS=1 BYTES=194
Dec  7 03:57:41 10.0.0.2 ulogd[1267]: [DESTROY] ORIG: SRC=192.168.1.180 DST=35.186.224.18 PROTO=UDP SPT=61256 DPT=443 PKTS=8 BYTES=5316 , REPLY: SRC=35.186.224.18 DST=176.36.141.89 PROTO=UDP SPT=443 DPT=61256 PKTS=7 BYTES=2462
Dec  7 03:57:41 10.0.0.2 ulogd[1267]: [DESTROY] ORIG: SRC=fd02:c8be:1d40:0:9daf:53e:8101:d796 DST=fd02:c8be:1d40::1 PROTO=UDP SPT=58926 DPT=53 PKTS=1 BYTES=89 , REPLY: SRC=fd02:c8be:1d40::1 DST=fd02:c8be:1d40:0:9daf:53e:8101:d796 PROTO=UDP SPT=53 DPT=58926 PKTS=1 BYTES=138
Dec  7 03:57:41 10.0.0.2 ulogd[1267]: [DESTROY] ORIG: SRC=192.168.1.45 DST=192.168.1.1 PROTO=UDP SPT=55117 DPT=53 PKTS=1 BYTES=82 , REPLY: SRC=192.168.1.1 DST=192.168.1.45 PROTO=UDP SPT=53 DPT=55117 PKTS=1 BYTES=146
Dec  7 03:57:41 10.0.0.2 ulogd[1267]: [DESTROY] ORIG: SRC=192.168.1.180 DST=142.251.39.74 PROTO=UDP SPT=52632 DPT=443 PKTS=9 BYTES=3139 , REPLY: SRC=142.251.39.74 DST=176.36.141.89 PROTO=UDP SPT=443 DPT=52632 PKTS=10 BYTES=3440
Dec  7 03:57:41 10.0.0.2 ulogd[1267]: [DESTROY] ORIG: SRC=71.131.225.129 DST=176.36.141.89 PROTO=ICMP TYPE=0 CODE=8 PKTS=1 BYTES=36 , REPLY: SRC=176.36.141.89 DST=71.131.225.129 PROTO=ICMP TYPE=0 CODE=8 PKTS=1 BYTES=36
Dec  7 03:57:44 10.0.0.2 ulogd[1267]: [DESTROY] ORIG: SRC=fd02:c8be:1d40:0:9daf:53e:8101:d796 DST=fd02:c8be:1d40::1 PROTO=UDP SPT=59218 DPT=53 PKTS=1 BYTES=83 , REPLY: SRC=fd02:c8be:1d40::1 DST=fd02:c8be:1d40:0:9daf:53e:8101:d796 PROTO=UDP SPT=53 DPT=59218 PKTS=1 BYTES=188
Dec  7 03:57:44 10.0.0.2 ulogd[1267]: [NEW] ORIG: SRC=fd02:c8be:1d40:0:9daf:53e:8101:d796 DST=fd02:c8be:1d40::1 PROTO=UDP SPT=59218 DPT=53 PKTS=0 BYTES=0 , REPLY: SRC=fd02:c8be:1d40::1 DST=fd02:c8be:1d40:0:9daf:53e:8101:d796 PROTO=UDP SPT=53 DPT=59218 PKTS=0 BYTES=0
Dec  7 03:57:44 10.0.0.2 dnsmasq[1]: 1955718 fd02:c8be:1d40:0:9daf:53e:8101:d796/59218 query[A] sync-v2.brave.com from fd02:c8be:1d40:0:9daf:53e:8101:d796
Dec  7 03:57:44 10.0.0.2 ulogd[1267]: [NEW] ORIG: SRC=192.168.1.180 DST=192.168.1.1 PROTO=UDP SPT=59218 DPT=53 PKTS=0 BYTES=0 , REPLY: SRC=192.168.1.1 DST=192.168.1.180 PROTO=UDP SPT=53 DPT=59218 PKTS=0 BYTES=0
Dec  7 03:57:44 10.0.0.2 dnsmasq[1]: 1955718 fd02:c8be:1d40:0:9daf:53e:8101:d796/59218 cached sync-v2.brave.com is <CNAME>
Dec  7 03:57:44 10.0.0.2 dnsmasq[1]: 1955718 fd02:c8be:1d40:0:9daf:53e:8101:d796/59218 forwarded sync-v2.brave.com to 192.168.1.45
Dec  7 03:57:44 10.0.0.2 dnsmasq[1]: 1955718 fd02:c8be:1d40:0:9daf:53e:8101:d796/59218 forwarded sync-v2.brave.com to 194.50.85.5
Dec  7 03:57:44 10.0.0.2 dnsmasq[1]: 1955718 fd02:c8be:1d40:0:9daf:53e:8101:d796/59218 forwarded sync-v2.brave.com to 194.50.85.7
Dec  7 03:57:44 10.0.0.2 ulogd[1267]: [NEW] ORIG: SRC=192.168.1.1 DST=192.168.1.45 PROTO=UDP SPT=59217 DPT=5353 PKTS=0 BYTES=0 , REPLY: SRC=192.168.1.45 DST=192.168.1.1 PROTO=UDP SPT=5353 DPT=59217 PKTS=0 BYTES=0
Dec  7 03:57:44 10.0.0.2 dnsmasq[1]: 1955718 fd02:c8be:1d40:0:9daf:53e:8101:d796/59218 reply sync-v2.brave.com is <CNAME>
Dec  7 03:57:44 10.0.0.2 dnsmasq[1]: 1955718 fd02:c8be:1d40:0:9daf:53e:8101:d796/59218 reply sync-alb-152764135.us-west-2.elb.amazonaws.com is 44.230.54.232
Dec  7 03:57:44 10.0.0.2 dnsmasq[1]: 1955718 fd02:c8be:1d40:0:9daf:53e:8101:d796/59218 reply sync-alb-152764135.us-west-2.elb.amazonaws.com is 35.85.131.92
Dec  7 03:57:44 10.0.0.2 dnsmasq[1]: 1955718 fd02:c8be:1d40:0:9daf:53e:8101:d796/59218 reply sync-alb-152764135.us-west-2.elb.amazonaws.com is 34.223.239.225
Dec  7 03:57:44 10.0.0.2 ulogd[1267]: [NEW] ORIG: SRC=176.36.141.89 DST=194.50.85.5 PROTO=UDP SPT=59217 DPT=53 PKTS=0 BYTES=0 , REPLY: SRC=194.50.85.5 DST=176.36.141.89 PROTO=UDP SPT=53 DPT=59217 PKTS=0 BYTES=0
Dec  7 03:57:44 10.0.0.2 ulogd[1267]: [NEW] ORIG: SRC=176.36.141.89 DST=194.50.85.7 PROTO=UDP SPT=59217 DPT=53 PKTS=0 BYTES=0 , REPLY: SRC=194.50.85.7 DST=176.36.141.89 PROTO=UDP SPT=53 DPT=59217 PKTS=0 BYTES=0
Dec  7 03:57:44 10.0.0.2 dnsmasq[1]: 1955719 192.168.1.180/59218 query[A] sync-v2.brave.com from 192.168.1.180
Dec  7 03:57:44 10.0.0.2 dnsmasq[1]: 1955719 192.168.1.180/59218 cached sync-v2.brave.com is <CNAME>
Dec  7 03:57:44 10.0.0.2 dnsmasq[1]: 1955719 192.168.1.180/59218 cached sync-alb-152764135.us-west-2.elb.amazonaws.com is 34.223.239.225
Dec  7 03:57:44 10.0.0.2 dnsmasq[1]: 1955719 192.168.1.180/59218 cached sync-alb-152764135.us-west-2.elb.amazonaws.com is 35.85.131.92
Dec  7 03:57:44 10.0.0.2 dnsmasq[1]: 1955719 192.168.1.180/59218 cached sync-alb-152764135.us-west-2.elb.amazonaws.com is 44.230.54.232
Dec  7 03:57:55 10.0.0.2 ulogd[1267]: [NEW] ORIG: SRC=fd02:c8be:1d40:0:9daf:53e:8101:d796 DST=fd02:c8be:1d40::1 PROTO=UDP SPT=57731 DPT=53 PKTS=0 BYTES=0 , REPLY: SRC=fd02:c8be:1d40::1 DST=fd02:c8be:1d40:0:9daf:53e:8101:d796 PROTO=UDP SPT=53 DPT=57731 PKTS=0 BYTES=0
Dec  7 03:57:55 10.0.0.2 dnsmasq[1]: 1955720 fd02:c8be:1d40:0:9daf:53e:8101:d796/57731 query[A] spclient.wg.spotify.com from fd02:c8be:1d40:0:9daf:53e:8101:d796
Dec  7 03:57:55 10.0.0.2 dnsmasq[1]: 1955720 fd02:c8be:1d40:0:9daf:53e:8101:d796/57731 cached spclient.wg.spotify.com is <CNAME>
Dec  7 03:57:55 10.0.0.2 ulogd[1267]: [NEW] ORIG: SRC=fd02:c8be:1d40:0:9daf:53e:8101:d796 DST=fd02:c8be:1d40::1 PROTO=UDP SPT=61700 DPT=53 PKTS=0 BYTES=0 , REPLY: SRC=fd02:c8be:1d40::1 DST=fd02:c8be:1d40:0:9daf:53e:8101:d796 PROTO=UDP SPT=53 DPT=61700 PKTS=0 BYTES=0
Dec  7 03:57:55 10.0.0.2 dnsmasq[1]: 1955720 fd02:c8be:1d40:0:9daf:53e:8101:d796/57731 forwarded spclient.wg.spotify.com to 194.50.85.5
Dec  7 03:57:55 10.0.0.2 dnsmasq[1]: 1955721 fd02:c8be:1d40:0:9daf:53e:8101:d796/61700 query[type=65] spclient.wg.spotify.com from fd02:c8be:1d40:0:9daf:53e:8101:d796
Dec  7 03:57:55 10.0.0.2 ulogd[1267]: [NEW] ORIG: SRC=176.36.141.89 DST=194.50.85.5 PROTO=UDP SPT=42062 DPT=53 PKTS=0 BYTES=0 , REPLY: SRC=194.50.85.5 DST=176.36.141.89 PROTO=UDP SPT=53 DPT=42062 PKTS=0 BYTES=0
Dec  7 03:57:55 10.0.0.2 dnsmasq[1]: 1955721 fd02:c8be:1d40:0:9daf:53e:8101:d796/61700 forwarded spclient.wg.spotify.com to 194.50.85.5
Dec  7 03:57:55 10.0.0.2 ulogd[1267]: [NEW] ORIG: SRC=176.36.141.89 DST=194.50.85.5 PROTO=UDP SPT=50497 DPT=53 PKTS=0 BYTES=0 , REPLY: SRC=194.50.85.5 DST=176.36.141.89 PROTO=UDP SPT=53 DPT=50497 PKTS=0 BYTES=0
Dec  7 03:57:55 10.0.0.2 dnsmasq[1]: 1955720 fd02:c8be:1d40:0:9daf:53e:8101:d796/57731 reply spclient.wg.spotify.com is <CNAME>
Dec  7 03:57:55 10.0.0.2 dnsmasq[1]: 1955720 fd02:c8be:1d40:0:9daf:53e:8101:d796/57731 reply edge-web.dual-gslb.spotify.com is 35.186.224.25
Dec  7 03:57:55 10.0.0.2 dnsmasq[1]: 1955721 fd02:c8be:1d40:0:9daf:53e:8101:d796/61700 reply spclient.wg.spotify.com is <CNAME>
Dec  7 03:57:55 10.0.0.2 dnsmasq[1]: 1955721 fd02:c8be:1d40:0:9daf:53e:8101:d796/61700 reply edge-web.dual-gslb.spotify.com is NODATA
Dec  7 03:57:55 10.0.0.2 ulogd[1267]: [NEW] ORIG: SRC=192.168.1.180 DST=35.186.224.25 PROTO=UDP SPT=54809 DPT=443 PKTS=0 BYTES=0 , REPLY: SRC=35.186.224.25 DST=176.36.141.89 PROTO=UDP SPT=443 DPT=54809 PKTS=0 BYTES=0
Dec  7 03:58:06 10.0.0.2 ulogd[1267]: [NEW] ORIG: SRC=140.179.180.68 DST=176.36.141.89 PROTO=ICMP TYPE=0 CODE=8 PKTS=0 BYTES=0 , REPLY: SRC=176.36.141.89 DST=140.179.180.68 PROTO=ICMP TYPE=0 CODE=8 PKTS=0 BYTES=0
Dec  7 03:58:06 10.0.0.2 ulogd[1267]: [NEW] ORIG: SRC=52.81.69.19 DST=176.36.141.89 PROTO=ICMP TYPE=0 CODE=8 PKTS=0 BYTES=0 , REPLY: SRC=176.36.141.89 DST=52.81.69.19 PROTO=ICMP TYPE=0 CODE=8 PKTS=0 BYTES=0
Dec  7 03:58:06 10.0.0.2 ulogd[1267]: [NEW] ORIG: SRC=54.223.48.97 DST=176.36.141.89 PROTO=ICMP TYPE=0 CODE=8 PKTS=0 BYTES=0 , REPLY: SRC=176.36.141.89 DST=54.223.48.97 PROTO=ICMP TYPE=0 CODE=8 PKTS=0 BYTES=0
Dec  7 03:58:11 10.0.0.2 ulogd[1267]: [NEW] ORIG: SRC=fd02:c8be:1d40:0:9daf:53e:8101:d796 DST=fd02:c8be:1d40::1 PROTO=UDP SPT=53056 DPT=53 PKTS=0 BYTES=0 , REPLY: SRC=fd02:c8be:1d40::1 DST=fd02:c8be:1d40:0:9daf:53e:8101:d796 PROTO=UDP SPT=53 DPT=53056 PKTS=0 BYTES=0
Dec  7 03:58:11 10.0.0.2 dnsmasq[1]: 1955722 fd02:c8be:1d40:0:9daf:53e:8101:d796/53056 query[A] notifications.bitwarden.com from fd02:c8be:1d40:0:9daf:53e:8101:d796
Dec  7 03:58:11 10.0.0.2 dnsmasq[1]: 1955722 fd02:c8be:1d40:0:9daf:53e:8101:d796/53056 forwarded notifications.bitwarden.com to 192.168.1.45
Dec  7 03:58:11 10.0.0.2 dnsmasq[1]: 1955722 fd02:c8be:1d40:0:9daf:53e:8101:d796/53056 forwarded notifications.bitwarden.com to 194.50.85.5
Dec  7 03:58:11 10.0.0.2 dnsmasq[1]: 1955722 fd02:c8be:1d40:0:9daf:53e:8101:d796/53056 forwarded notifications.bitwarden.com to 194.50.85.7
Dec  7 03:58:11 10.0.0.2 ulogd[1267]: [NEW] ORIG: SRC=192.168.1.1 DST=192.168.1.45 PROTO=UDP SPT=48621 DPT=5353 PKTS=0 BYTES=0 , REPLY: SRC=192.168.1.45 DST=192.168.1.1 PROTO=UDP SPT=5353 DPT=48621 PKTS=0 BYTES=0
Dec  7 03:58:11 10.0.0.2 ulogd[1267]: [NEW] ORIG: SRC=176.36.141.89 DST=194.50.85.5 PROTO=UDP SPT=48621 DPT=53 PKTS=0 BYTES=0 , REPLY: SRC=194.50.85.5 DST=176.36.141.89 PROTO=UDP SPT=53 DPT=48621 PKTS=0 BYTES=0
Dec  7 03:58:11 10.0.0.2 ulogd[1267]: [NEW] ORIG: SRC=176.36.141.89 DST=194.50.85.7 PROTO=UDP SPT=48621 DPT=53 PKTS=0 BYTES=0 , REPLY: SRC=194.50.85.7 DST=176.36.141.89 PROTO=UDP SPT=53 DPT=48621 PKTS=0 BYTES=0
Dec  7 03:58:11 10.0.0.2 dnsmasq[1]: 1955722 fd02:c8be:1d40:0:9daf:53e:8101:d796/53056 reply notifications.bitwarden.com is 104.18.40.204
Dec  7 03:58:11 10.0.0.2 dnsmasq[1]: 1955722 fd02:c8be:1d40:0:9daf:53e:8101:d796/53056 reply notifications.bitwarden.com is 172.64.147.52
Dec  7 03:58:11 10.0.0.2 ulogd[1267]: [NEW] ORIG: SRC=192.168.1.180 DST=104.18.40.204 PROTO=TCP SPT=62694 DPT=443 PKTS=0 BYTES=0 , REPLY: SRC=104.18.40.204 DST=176.36.141.89 PROTO=TCP SPT=443 DPT=62694 PKTS=0 BYTES=0
Dec  7 03:58:12 10.0.0.2 dnsmasq[1]: 1955723 fd02:c8be:1d40:0:9daf:53e:8101:d796/53056 query[A] api.bitwarden.com from fd02:c8be:1d40:0:9daf:53e:8101:d796
Dec  7 03:58:12 10.0.0.2 ulogd[1267]: [NEW] ORIG: SRC=176.36.141.89 DST=194.50.85.5 PROTO=UDP SPT=43731 DPT=53 PKTS=0 BYTES=0 , REPLY: SRC=194.50.85.5 DST=176.36.141.89 PROTO=UDP SPT=53 DPT=43731 PKTS=0 BYTES=0
Dec  7 03:58:12 10.0.0.2 dnsmasq[1]: 1955723 fd02:c8be:1d40:0:9daf:53e:8101:d796/53056 forwarded api.bitwarden.com to 194.50.85.5
Dec  7 03:58:12 10.0.0.2 dnsmasq[1]: 1955723 fd02:c8be:1d40:0:9daf:53e:8101:d796/53056 reply api.bitwarden.com is 104.18.40.204
Dec  7 03:58:12 10.0.0.2 dnsmasq[1]: 1955723 fd02:c8be:1d40:0:9daf:53e:8101:d796/53056 reply api.bitwarden.com is 172.64.147.52
Dec  7 03:58:12 10.0.0.2 ulogd[1267]: [NEW] ORIG: SRC=192.168.1.180 DST=104.18.40.204 PROTO=TCP SPT=62695 DPT=443 PKTS=0 BYTES=0 , REPLY: SRC=104.18.40.204 DST=176.36.141.89 PROTO=TCP SPT=443 DPT=62695 PKTS=0 BYTES=0
Dec  7 03:58:16 10.0.0.2 ulogd[1267]: [NEW] ORIG: SRC=192.168.1.180 DST=192.168.1.255 PROTO=UDP SPT=137 DPT=137 PKTS=0 BYTES=0 , REPLY: SRC=192.168.1.255 DST=192.168.1.180 PROTO=UDP SPT=137 DPT=137 PKTS=0 BYTES=0
Dec  7 03:58:25 10.0.0.2 dnsmasq[1]: 1955724 fd02:c8be:1d40:0:9daf:53e:8101:d796/53056 query[A] securetoken.googleapis.com from fd02:c8be:1d40:0:9daf:53e:8101:d796
Dec  7 03:58:25 10.0.0.2 ulogd[1267]: [NEW] ORIG: SRC=176.36.141.89 DST=194.50.85.5 PROTO=UDP SPT=50595 DPT=53 PKTS=0 BYTES=0 , REPLY: SRC=194.50.85.5 DST=176.36.141.89 PROTO=UDP SPT=53 DPT=50595 PKTS=0 BYTES=0
Dec  7 03:58:25 10.0.0.2 dnsmasq[1]: 1955724 fd02:c8be:1d40:0:9daf:53e:8101:d796/53056 forwarded securetoken.googleapis.com to 194.50.85.5
Dec  7 03:58:25 10.0.0.2 dnsmasq[1]: 1955724 fd02:c8be:1d40:0:9daf:53e:8101:d796/53056 reply securetoken.googleapis.com is 142.251.39.42
Dec  7 03:58:25 10.0.0.2 dnsmasq[1]: 1955724 fd02:c8be:1d40:0:9daf:53e:8101:d796/53056 reply securetoken.googleapis.com is 142.251.208.106
Dec  7 03:58:25 10.0.0.2 dnsmasq[1]: 1955724 fd02:c8be:1d40:0:9daf:53e:8101:d796/53056 reply securetoken.googleapis.com is 172.217.20.10
Dec  7 03:58:25 10.0.0.2 dnsmasq[1]: 1955724 fd02:c8be:1d40:0:9daf:53e:8101:d796/53056 reply securetoken.googleapis.com is 142.251.208.138
Dec  7 03:58:25 10.0.0.2 dnsmasq[1]: 1955724 fd02:c8be:1d40:0:9daf:53e:8101:d796/53056 reply securetoken.googleapis.com is 142.250.180.202
Dec  7 03:58:25 10.0.0.2 dnsmasq[1]: 1955724 fd02:c8be:1d40:0:9daf:53e:8101:d796/53056 reply securetoken.googleapis.com is 142.250.201.202
Dec  7 03:58:25 10.0.0.2 dnsmasq[1]: 1955724 fd02:c8be:1d40:0:9daf:53e:8101:d796/53056 reply securetoken.googleapis.com is 142.251.39.74
Dec  7 03:58:25 10.0.0.2 dnsmasq[1]: 1955724 fd02:c8be:1d40:0:9daf:53e:8101:d796/53056 reply securetoken.googleapis.com is 142.251.39.10
Dec  7 03:58:25 10.0.0.2 dnsmasq[1]: 1955724 fd02:c8be:1d40:0:9daf:53e:8101:d796/53056 reply securetoken.googleapis.com is 142.250.180.234
Dec  7 03:58:25 10.0.0.2 dnsmasq[1]: 1955724 fd02:c8be:1d40:0:9daf:53e:8101:d796/53056 reply securetoken.googleapis.com is 142.251.208.170
Dec  7 03:58:25 10.0.0.2 ulogd[1267]: [NEW] ORIG: SRC=192.168.1.180 DST=142.251.39.42 PROTO=UDP SPT=59040 DPT=443 PKTS=0 BYTES=0 , REPLY: SRC=142.251.39.42 DST=176.36.141.89 PROTO=UDP SPT=443 DPT=59040 PKTS=0 BYTES=0
Dec  7 03:58:26 10.0.0.2 dnsmasq[1]: 1955725 fd02:c8be:1d40:0:9daf:53e:8101:d796/53056 query[A] category.blocksite.co from fd02:c8be:1d40:0:9daf:53e:8101:d796
Dec  7 03:58:26 10.0.0.2 dnsmasq[1]: 1955725 fd02:c8be:1d40:0:9daf:53e:8101:d796/53056 forwarded category.blocksite.co to 194.50.85.5
Dec  7 03:58:26 10.0.0.2 ulogd[1267]: [NEW] ORIG: SRC=176.36.141.89 DST=194.50.85.5 PROTO=UDP SPT=59273 DPT=53 PKTS=0 BYTES=0 , REPLY: SRC=194.50.85.5 DST=176.36.141.89 PROTO=UDP SPT=53 DPT=59273 PKTS=0 BYTES=0
Dec  7 03:58:26 10.0.0.2 dnsmasq[1]: 1955725 fd02:c8be:1d40:0:9daf:53e:8101:d796/53056 reply category.blocksite.co is 52.11.245.77
Dec  7 03:58:26 10.0.0.2 dnsmasq[1]: 1955725 fd02:c8be:1d40:0:9daf:53e:8101:d796/53056 reply category.blocksite.co is 44.236.194.20
Dec  7 03:58:26 10.0.0.2 ulogd[1267]: [NEW] ORIG: SRC=192.168.1.180 DST=52.11.245.77 PROTO=TCP SPT=62698 DPT=443 PKTS=0 BYTES=0 , REPLY: SRC=52.11.245.77 DST=176.36.141.89 PROTO=TCP SPT=443 DPT=62698 PKTS=0 BYTES=0
Dec  7 03:58:27 10.0.0.2 ulogd[1267]: [NEW] ORIG: SRC=192.168.1.45 DST=192.168.1.1 PROTO=UDP SPT=49991 DPT=53 PKTS=0 BYTES=0 , REPLY: SRC=192.168.1.1 DST=192.168.1.45 PROTO=UDP SPT=53 DPT=49991 PKTS=0 BYTES=0
Dec  7 03:58:27 10.0.0.2 dnsmasq[1]: 1955726 192.168.1.45/49991 query[A] secure.gravatar.com from 192.168.1.45
Dec  7 03:58:27 10.0.0.2 ulogd[1267]: [NEW] ORIG: SRC=192.168.1.45 DST=192.168.1.1 PROTO=UDP SPT=54133 DPT=53 PKTS=0 BYTES=0 , REPLY: SRC=192.168.1.1 DST=192.168.1.45 PROTO=UDP SPT=53 DPT=54133 PKTS=0 BYTES=0
Dec  7 03:58:27 10.0.0.2 ulogd[1267]: [NEW] ORIG: SRC=176.36.141.89 DST=194.50.85.5 PROTO=UDP SPT=38002 DPT=53 PKTS=0 BYTES=0 , REPLY: SRC=194.50.85.5 DST=176.36.141.89 PROTO=UDP SPT=53 DPT=38002 PKTS=0 BYTES=0
Dec  7 03:58:27 10.0.0.2 dnsmasq[1]: 1955726 192.168.1.45/49991 forwarded secure.gravatar.com to 194.50.85.5
Dec  7 03:58:27 10.0.0.2 dnsmasq[1]: 1955726 192.168.1.45/49991 reply secure.gravatar.com is 192.0.73.2
Dec  7 03:58:27 10.0.0.2 dnsmasq[1]: 1955727 192.168.1.45/54133 query[AAAA] secure.gravatar.com from 192.168.1.45
Dec  7 03:58:27 10.0.0.2 ulogd[1267]: [NEW] ORIG: SRC=176.36.141.89 DST=194.50.85.5 PROTO=UDP SPT=35118 DPT=53 PKTS=0 BYTES=0 , REPLY: SRC=194.50.85.5 DST=176.36.141.89 PROTO=UDP SPT=53 DPT=35118 PKTS=0 BYTES=0
Dec  7 03:58:27 10.0.0.2 dnsmasq[1]: 1955727 192.168.1.45/54133 forwarded secure.gravatar.com to 194.50.85.5
Dec  7 03:58:27 10.0.0.2 dnsmasq[1]: 1955727 192.168.1.45/54133 reply secure.gravatar.com is 2a04:fa87:fffe::c000:4902
Dec  7 03:58:27 10.0.0.2 ulogd[1267]: [NEW] ORIG: SRC=192.168.1.45 DST=192.0.73.2 PROTO=TCP SPT=54346 DPT=443 PKTS=0 BYTES=0 , REPLY: SRC=192.0.73.2 DST=176.36.141.89 PROTO=TCP SPT=443 DPT=54346 PKTS=0 BYTES=0
Dec  7 03:58:34 10.0.0.2 ulogd[1267]: [NEW] ORIG: SRC=192.168.1.180 DST=217.72.196.44 PROTO=TCP SPT=62701 DPT=443 PKTS=0 BYTES=0 , REPLY: SRC=217.72.196.44 DST=176.36.141.89 PROTO=TCP SPT=443 DPT=62701 PKTS=0 BYTES=0
Dec  7 03:58:38 10.0.0.2 ulogd[1267]: [DESTROY] ORIG: SRC=140.179.180.68 DST=176.36.141.89 PROTO=ICMP TYPE=0 CODE=8 PKTS=1 BYTES=36 , REPLY: SRC=176.36.141.89 DST=140.179.180.68 PROTO=ICMP TYPE=0 CODE=8 PKTS=1 BYTES=36
Dec  7 03:58:42 10.0.0.2 ulogd[1267]: [DESTROY] ORIG: SRC=192.168.1.180 DST=51.104.162.50 PROTO=TCP SPT=62692 DPT=443 PKTS=14 BYTES=1873 , REPLY: SRC=51.104.162.50 DST=176.36.141.89 PROTO=TCP SPT=443 DPT=62692 PKTS=9 BYTES=3474
Dec  7 03:58:44 10.0.0.2 ulogd[1267]: [NEW] ORIG: SRC=192.168.1.180 DST=52.11.245.77 PROTO=TCP SPT=62702 DPT=443 PKTS=0 BYTES=0 , REPLY: SRC=52.11.245.77 DST=176.36.141.89 PROTO=TCP SPT=443 DPT=62702 PKTS=0 BYTES=0
Dec  7 03:58:45 10.0.0.2 dnsmasq[1]: 1955728 fd02:c8be:1d40:0:9daf:53e:8101:d796/53056 query[A] sync-v2.brave.com from fd02:c8be:1d40:0:9daf:53e:8101:d796
Dec  7 03:58:45 10.0.0.2 dnsmasq[1]: 1955728 fd02:c8be:1d40:0:9daf:53e:8101:d796/53056 cached sync-v2.brave.com is <CNAME>
Dec  7 03:58:45 10.0.0.2 ulogd[1267]: [NEW] ORIG: SRC=192.168.1.1 DST=192.168.1.45 PROTO=UDP SPT=60239 DPT=5353 PKTS=0 BYTES=0 , REPLY: SRC=192.168.1.45 DST=192.168.1.1 PROTO=UDP SPT=5353 DPT=60239 PKTS=0 BYTES=0
Dec  7 03:58:45 10.0.0.2 dnsmasq[1]: 1955728 fd02:c8be:1d40:0:9daf:53e:8101:d796/53056 forwarded sync-v2.brave.com to 192.168.1.45
Dec  7 03:58:45 10.0.0.2 ulogd[1267]: [NEW] ORIG: SRC=176.36.141.89 DST=194.50.85.5 PROTO=UDP SPT=60239 DPT=53 PKTS=0 BYTES=0 , REPLY: SRC=194.50.85.5 DST=176.36.141.89 PROTO=UDP SPT=53 DPT=60239 PKTS=0 BYTES=0
Dec  7 03:58:45 10.0.0.2 dnsmasq[1]: 1955728 fd02:c8be:1d40:0:9daf:53e:8101:d796/53056 forwarded sync-v2.brave.com to 194.50.85.5
Dec  7 03:58:45 10.0.0.2 ulogd[1267]: [NEW] ORIG: SRC=176.36.141.89 DST=194.50.85.7 PROTO=UDP SPT=60239 DPT=53 PKTS=0 BYTES=0 , REPLY: SRC=194.50.85.7 DST=176.36.141.89 PROTO=UDP SPT=53 DPT=60239 PKTS=0 BYTES=0
Dec  7 03:58:45 10.0.0.2 dnsmasq[1]: 1955728 fd02:c8be:1d40:0:9daf:53e:8101:d796/53056 forwarded sync-v2.brave.com to 194.50.85.7
Dec  7 03:58:45 10.0.0.2 dnsmasq[1]: 1955728 fd02:c8be:1d40:0:9daf:53e:8101:d796/53056 reply sync-v2.brave.com is <CNAME>
Dec  7 03:58:45 10.0.0.2 dnsmasq[1]: 1955728 fd02:c8be:1d40:0:9daf:53e:8101:d796/53056 reply sync-alb-152764135.us-west-2.elb.amazonaws.com is 35.85.131.92
Dec  7 03:58:45 10.0.0.2 dnsmasq[1]: 1955728 fd02:c8be:1d40:0:9daf:53e:8101:d796/53056 reply sync-alb-152764135.us-west-2.elb.amazonaws.com is 44.230.54.232
Dec  7 03:58:45 10.0.0.2 dnsmasq[1]: 1955728 fd02:c8be:1d40:0:9daf:53e:8101:d796/53056 reply sync-alb-152764135.us-west-2.elb.amazonaws.com is 34.223.239.225
Dec  7 03:58:49 10.0.0.2 ulogd[1267]: [NEW] ORIG: SRC=192.168.1.180 DST=52.11.245.77 PROTO=TCP SPT=62710 DPT=443 PKTS=0 BYTES=0 , REPLY: SRC=52.11.245.77 DST=176.36.141.89 PROTO=TCP SPT=443 DPT=62710 PKTS=0 BYTES=0
Dec  7 03:58:49 10.0.0.2 dnsmasq[1]: 1955729 fd02:c8be:1d40:0:9daf:53e:8101:d796/53056 query[A] grafana.com from fd02:c8be:1d40:0:9daf:53e:8101:d796
Dec  7 03:58:49 10.0.0.2 dnsmasq[1]: 1955729 fd02:c8be:1d40:0:9daf:53e:8101:d796/53056 cached grafana.com is 34.120.177.193
Dec  7 03:58:49 10.0.0.2 ulogd[1267]: [NEW] ORIG: SRC=192.168.1.180 DST=34.120.177.193 PROTO=UDP SPT=58160 DPT=443 PKTS=0 BYTES=0 , REPLY: SRC=34.120.177.193 DST=176.36.141.89 PROTO=UDP SPT=443 DPT=58160 PKTS=0 BYTES=0
Dec  7 03:58:51 10.0.0.2 ulogd[1267]: [NEW] ORIG: SRC=fd02:c8be:1d40:0:9daf:53e:8101:d796 DST=fd02:c8be:1d40::1 PROTO=UDP SPT=64966 DPT=53 PKTS=0 BYTES=0 , REPLY: SRC=fd02:c8be:1d40::1 DST=fd02:c8be:1d40:0:9daf:53e:8101:d796 PROTO=UDP SPT=53 DPT=64966 PKTS=0 BYTES=0
Dec  7 03:58:51 10.0.0.2 dnsmasq[1]: 1955730 fd02:c8be:1d40:0:9daf:53e:8101:d796/53056 query[A] 3.basemaps.cartocdn.com from fd02:c8be:1d40:0:9daf:53e:8101:d796
Dec  7 03:58:51 10.0.0.2 ulogd[1267]: [NEW] ORIG: SRC=fd02:c8be:1d40:0:9daf:53e:8101:d796 DST=fd02:c8be:1d40::1 PROTO=UDP SPT=53333 DPT=53 PKTS=0 BYTES=0 , REPLY: SRC=fd02:c8be:1d40::1 DST=fd02:c8be:1d40:0:9daf:53e:8101:d796 PROTO=UDP SPT=53 DPT=53333 PKTS=0 BYTES=0
Dec  7 03:58:51 10.0.0.2 dnsmasq[1]: 1955730 fd02:c8be:1d40:0:9daf:53e:8101:d796/53056 forwarded 3.basemaps.cartocdn.com to 194.50.85.5
Dec  7 03:58:51 10.0.0.2 ulogd[1267]: [NEW] ORIG: SRC=176.36.141.89 DST=194.50.85.5 PROTO=UDP SPT=49248 DPT=53 PKTS=0 BYTES=0 , REPLY: SRC=194.50.85.5 DST=176.36.141.89 PROTO=UDP SPT=53 DPT=49248 PKTS=0 BYTES=0
Dec  7 03:58:51 10.0.0.2 dnsmasq[1]: 1955731 fd02:c8be:1d40:0:9daf:53e:8101:d796/64966 query[A] 4.basemaps.cartocdn.com from fd02:c8be:1d40:0:9daf:53e:8101:d796
Dec  7 03:58:51 10.0.0.2 dnsmasq[1]: 1955731 fd02:c8be:1d40:0:9daf:53e:8101:d796/64966 forwarded 4.basemaps.cartocdn.com to 194.50.85.5
Dec  7 03:58:51 10.0.0.2 dnsmasq[1]: 1955732 fd02:c8be:1d40:0:9daf:53e:8101:d796/53333 query[A] 2.basemaps.cartocdn.com from fd02:c8be:1d40:0:9daf:53e:8101:d796
Dec  7 03:58:51 10.0.0.2 ulogd[1267]: [NEW] ORIG: SRC=176.36.141.89 DST=194.50.85.5 PROTO=UDP SPT=33225 DPT=53 PKTS=0 BYTES=0 , REPLY: SRC=194.50.85.5 DST=176.36.141.89 PROTO=UDP SPT=53 DPT=33225 PKTS=0 BYTES=0
Dec  7 03:58:51 10.0.0.2 dnsmasq[1]: 1955732 fd02:c8be:1d40:0:9daf:53e:8101:d796/53333 forwarded 2.basemaps.cartocdn.com to 194.50.85.5
Dec  7 03:58:51 10.0.0.2 ulogd[1267]: [NEW] ORIG: SRC=176.36.141.89 DST=194.50.85.5 PROTO=UDP SPT=47642 DPT=53 PKTS=0 BYTES=0 , REPLY: SRC=194.50.85.5 DST=176.36.141.89 PROTO=UDP SPT=53 DPT=47642 PKTS=0 BYTES=0
Dec  7 03:58:51 10.0.0.2 dnsmasq[1]: 1955733 fd02:c8be:1d40:0:9daf:53e:8101:d796/63370 query[A] 1.basemaps.cartocdn.com from fd02:c8be:1d40:0:9daf:53e:8101:d796
Dec  7 03:58:51 10.0.0.2 ulogd[1267]: [NEW] ORIG: SRC=fd02:c8be:1d40:0:9daf:53e:8101:d796 DST=fd02:c8be:1d40::1 PROTO=UDP SPT=63370 DPT=53 PKTS=0 BYTES=0 , REPLY: SRC=fd02:c8be:1d40::1 DST=fd02:c8be:1d40:0:9daf:53e:8101:d796 PROTO=UDP SPT=53 DPT=63370 PKTS=0 BYTES=0
Dec  7 03:58:51 10.0.0.2 dnsmasq[1]: 1955733 fd02:c8be:1d40:0:9daf:53e:8101:d796/63370 forwarded 1.basemaps.cartocdn.com to 194.50.85.5
Dec  7 03:58:51 10.0.0.2 ulogd[1267]: [NEW] ORIG: SRC=176.36.141.89 DST=194.50.85.5 PROTO=UDP SPT=40905 DPT=53 PKTS=0 BYTES=0 , REPLY: SRC=194.50.85.5 DST=176.36.141.89 PROTO=UDP SPT=53 DPT=40905 PKTS=0 BYTES=0
Dec  7 03:58:51 10.0.0.2 ulogd[1267]: [NEW] ORIG: SRC=192.168.1.180 DST=192.168.1.1 PROTO=UDP SPT=64966 DPT=53 PKTS=0 BYTES=0 , REPLY: SRC=192.168.1.1 DST=192.168.1.180 PROTO=UDP SPT=53 DPT=64966 PKTS=0 BYTES=0
Dec  7 03:58:51 10.0.0.2 ulogd[1267]: [NEW] ORIG: SRC=192.168.1.180 DST=192.168.1.1 PROTO=UDP SPT=53333 DPT=53 PKTS=0 BYTES=0 , REPLY: SRC=192.168.1.1 DST=192.168.1.180 PROTO=UDP SPT=53 DPT=53333 PKTS=0 BYTES=0
Dec  7 03:58:51 10.0.0.2 ulogd[1267]: [NEW] ORIG: SRC=192.168.1.180 DST=192.168.1.1 PROTO=UDP SPT=53056 DPT=53 PKTS=0 BYTES=0 , REPLY: SRC=192.168.1.1 DST=192.168.1.180 PROTO=UDP SPT=53 DPT=53056 PKTS=0 BYTES=0
Dec  7 03:58:51 10.0.0.2 dnsmasq[1]: 1955734 192.168.1.180/64966 query[A] 4.basemaps.cartocdn.com from 192.168.1.180
Dec  7 03:58:51 10.0.0.2 dnsmasq[1]: 1955735 192.168.1.180/53333 query[A] 2.basemaps.cartocdn.com from 192.168.1.180
Dec  7 03:58:51 10.0.0.2 dnsmasq[1]: 1955736 192.168.1.180/53056 query[A] 3.basemaps.cartocdn.com from 192.168.1.180
Dec  7 03:58:51 10.0.0.2 ulogd[1267]: [NEW] ORIG: SRC=192.168.1.180 DST=192.168.1.1 PROTO=UDP SPT=63370 DPT=53 PKTS=0 BYTES=0 , REPLY: SRC=192.168.1.1 DST=192.168.1.180 PROTO=UDP SPT=53 DPT=63370 PKTS=0 BYTES=0
Dec  7 03:58:51 10.0.0.2 dnsmasq[1]: 1955737 192.168.1.180/63370 query[A] 1.basemaps.cartocdn.com from 192.168.1.180
Dec  7 03:58:51 10.0.0.2 dnsmasq[1]: 1955730 fd02:c8be:1d40:0:9daf:53e:8101:d796/53056 reply 3.basemaps.cartocdn.com is <CNAME>
Dec  7 03:58:51 10.0.0.2 dnsmasq[1]: 1955730 fd02:c8be:1d40:0:9daf:53e:8101:d796/53056 reply basemaps.cartocdn.com is <CNAME>
Dec  7 03:58:51 10.0.0.2 dnsmasq[1]: 1955730 fd02:c8be:1d40:0:9daf:53e:8101:d796/53056 reply j.sni.global.fastly.net is 146.75.118.132
Dec  7 03:58:51 10.0.0.2 dnsmasq[1]: 1955736 192.168.1.180/53056 reply query is duplicate
Dec  7 03:58:51 10.0.0.2 dnsmasq[1]: 1955731 fd02:c8be:1d40:0:9daf:53e:8101:d796/64966 reply 4.basemaps.cartocdn.com is <CNAME>
Dec  7 03:58:51 10.0.0.2 dnsmasq[1]: 1955731 fd02:c8be:1d40:0:9daf:53e:8101:d796/64966 reply basemaps.cartocdn.com is <CNAME>
Dec  7 03:58:51 10.0.0.2 dnsmasq[1]: 1955731 fd02:c8be:1d40:0:9daf:53e:8101:d796/64966 reply j.sni.global.fastly.net is 146.75.118.132
Dec  7 03:58:51 10.0.0.2 dnsmasq[1]: 1955734 192.168.1.180/64966 reply query is duplicate
Dec  7 03:58:51 10.0.0.2 dnsmasq[1]: 1955732 fd02:c8be:1d40:0:9daf:53e:8101:d796/53333 reply 2.basemaps.cartocdn.com is <CNAME>
Dec  7 03:58:51 10.0.0.2 dnsmasq[1]: 1955732 fd02:c8be:1d40:0:9daf:53e:8101:d796/53333 reply basemaps.cartocdn.com is <CNAME>
Dec  7 03:58:51 10.0.0.2 dnsmasq[1]: 1955732 fd02:c8be:1d40:0:9daf:53e:8101:d796/53333 reply j.sni.global.fastly.net is 146.75.118.132
Dec  7 03:58:51 10.0.0.2 dnsmasq[1]: 1955735 192.168.1.180/53333 reply query is duplicate
Dec  7 03:58:51 10.0.0.2 dnsmasq[1]: 1955733 fd02:c8be:1d40:0:9daf:53e:8101:d796/63370 reply 1.basemaps.cartocdn.com is <CNAME>
Dec  7 03:58:51 10.0.0.2 dnsmasq[1]: 1955733 fd02:c8be:1d40:0:9daf:53e:8101:d796/63370 reply basemaps.cartocdn.com is <CNAME>
Dec  7 03:58:51 10.0.0.2 dnsmasq[1]: 1955733 fd02:c8be:1d40:0:9daf:53e:8101:d796/63370 reply j.sni.global.fastly.net is 146.75.118.132
Dec  7 03:58:51 10.0.0.2 dnsmasq[1]: 1955737 192.168.1.180/63370 reply query is duplicate
