Nov 19 22:22:01 10.0.0.2 ulogd[1267]: [NEW] ORIG: SRC=192.168.1.1 DST=192.168.1.45 PROTO=TCP SPT=37750 DPT=514 PKTS=0 BYTES=0 , REPLY: SRC=192.168.1.45 DST=192.168.1.1 PROTO=TCP SPT=514 DPT=37750 PKTS=0 BYTES=0
Nov 19 22:22:01 10.0.0.2 logread[790]: Logread connected to 192.168.1.45:514 via tcp
Nov 19 22:22:01 10.0.0.2 ulogd[1267]: [NEW] ORIG: SRC=192.168.1.45 DST=192.168.1.1 PROTO=UDP SPT=42625 DPT=53 PKTS=0 BYTES=0 , REPLY: SRC=192.168.1.1 DST=192.168.1.45 PROTO=UDP SPT=53 DPT=42625 PKTS=0 BYTES=0
Nov 19 22:22:01 10.0.0.2 dnsmasq[1]: 474332 192.168.1.45/42625 query[AAAA] registry-1.docker.io from 192.168.1.45
Nov 19 22:22:01 10.0.0.2 dnsmasq[1]: 474332 192.168.1.45/42625 cached registry-1.docker.io is 2600:1f18:2148:bc00:e947:5a7f:a49f:9126
Nov 19 22:22:01 10.0.0.2 ulogd[1267]: [NEW] ORIG: SRC=192.168.1.45 DST=192.168.1.1 PROTO=UDP SPT=37406 DPT=53 PKTS=0 BYTES=0 , REPLY: SRC=192.168.1.1 DST=192.168.1.45 PROTO=UDP SPT=53 DPT=37406 PKTS=0 BYTES=0
Nov 19 22:22:01 10.0.0.2 dnsmasq[1]: 474332 192.168.1.45/42625 cached registry-1.docker.io is 2600:1f18:2148:bc01:c4:4967:28eb:1824
Nov 19 22:22:01 10.0.0.2 dnsmasq[1]: 474332 192.168.1.45/42625 cached registry-1.docker.io is 2600:1f18:2148:bc02:4bf0:3a98:55ae:e3d5
Nov 19 22:22:01 10.0.0.2 dnsmasq[1]: 474333 192.168.1.45/37406 query[A] registry-1.docker.io from 192.168.1.45
Nov 19 22:22:01 10.0.0.2 dnsmasq[1]: 474333 192.168.1.45/37406 cached registry-1.docker.io is 34.205.13.154
Nov 19 22:22:01 10.0.0.2 dnsmasq[1]: 474333 192.168.1.45/37406 cached registry-1.docker.io is 3.216.34.172
Nov 19 22:22:01 10.0.0.2 dnsmasq[1]: 474333 192.168.1.45/37406 cached registry-1.docker.io is 44.205.64.79
Nov 19 22:22:01 10.0.0.2 ulogd[1267]: [NEW] ORIG: SRC=192.168.1.45 DST=34.205.13.154 PROTO=TCP SPT=50358 DPT=443 PKTS=0 BYTES=0 , REPLY: SRC=34.205.13.154 DST=176.36.141.89 PROTO=TCP SPT=443 DPT=50358 PKTS=0 BYTES=0
Nov 19 22:22:02 10.0.0.2 dnsmasq[1]: 474334 fd02:c8be:1d40:0:f461:8084:f6cb:7c20/61372 query[A] 3c-bs.gmx.com from fd02:c8be:1d40:0:f461:8084:f6cb:7c20
Nov 19 22:22:02 10.0.0.2 ulogd[1267]: [DESTROY] ORIG: SRC=192.168.1.180 DST=142.250.75.10 PROTO=UDP SPT=64716 DPT=443 PKTS=5 BYTES=2876 , REPLY: SRC=142.250.75.10 DST=176.36.141.89 PROTO=UDP SPT=443 DPT=64716 PKTS=8 BYTES=6536
Nov 19 22:22:02 10.0.0.2 dnsmasq[1]: 474334 fd02:c8be:1d40:0:f461:8084:f6cb:7c20/61372 forwarded 3c-bs.gmx.com to 192.168.1.45
Nov 19 22:22:02 10.0.0.2 ulogd[1267]: [NEW] ORIG: SRC=192.168.1.1 DST=192.168.1.45 PROTO=UDP SPT=41591 DPT=5353 PKTS=0 BYTES=0 , REPLY: SRC=192.168.1.45 DST=192.168.1.1 PROTO=UDP SPT=5353 DPT=41591 PKTS=0 BYTES=0
Nov 19 22:22:02 10.0.0.2 ulogd[1267]: [NEW] ORIG: SRC=176.36.141.89 DST=194.50.85.5 PROTO=UDP SPT=41591 DPT=53 PKTS=0 BYTES=0 , REPLY: SRC=194.50.85.5 DST=176.36.141.89 PROTO=UDP SPT=53 DPT=41591 PKTS=0 BYTES=0
Nov 19 22:22:02 10.0.0.2 dnsmasq[1]: 474334 fd02:c8be:1d40:0:f461:8084:f6cb:7c20/61372 forwarded 3c-bs.gmx.com to 194.50.85.5
Nov 19 22:22:02 10.0.0.2 dnsmasq[1]: 474334 fd02:c8be:1d40:0:f461:8084:f6cb:7c20/61372 forwarded 3c-bs.gmx.com to 194.50.85.7
Nov 19 22:22:02 10.0.0.2 dnsmasq[1]: 474334 fd02:c8be:1d40:0:f461:8084:f6cb:7c20/61372 reply 3c-bs.gmx.com is 217.72.196.44
Nov 19 22:22:02 10.0.0.2 dnsmasq[1]: 474327 192.168.1.180/61372 reply query is duplicate
Nov 19 22:22:02 10.0.0.2 ulogd[1267]: [NEW] ORIG: SRC=192.168.1.180 DST=217.72.196.44 PROTO=TCP SPT=49511 DPT=443 PKTS=0 BYTES=0 , REPLY: SRC=217.72.196.44 DST=176.36.141.89 PROTO=TCP SPT=443 DPT=49511 PKTS=0 BYTES=0
Nov 19 22:22:03 10.0.0.2 ulogd[1267]: [NEW] ORIG: SRC=192.168.1.45 DST=192.168.1.1 PROTO=UDP SPT=46155 DPT=53 PKTS=0 BYTES=0 , REPLY: SRC=192.168.1.1 DST=192.168.1.45 PROTO=UDP SPT=53 DPT=46155 PKTS=0 BYTES=0
Nov 19 22:22:03 10.0.0.2 dnsmasq[1]: 474335 192.168.1.45/46155 query[A] updates.maxmind.com from 192.168.1.45
Nov 19 22:22:03 10.0.0.2 ulogd[1267]: [NEW] ORIG: SRC=192.168.1.45 DST=192.168.1.1 PROTO=UDP SPT=45588 DPT=53 PKTS=0 BYTES=0 , REPLY: SRC=192.168.1.1 DST=192.168.1.45 PROTO=UDP SPT=53 DPT=45588 PKTS=0 BYTES=0
Nov 19 22:22:03 10.0.0.2 ulogd[1267]: [NEW] ORIG: SRC=176.36.141.89 DST=194.50.85.5 PROTO=UDP SPT=43168 DPT=53 PKTS=0 BYTES=0 , REPLY: SRC=194.50.85.5 DST=176.36.141.89 PROTO=UDP SPT=53 DPT=43168 PKTS=0 BYTES=0
Nov 19 22:22:03 10.0.0.2 dnsmasq[1]: 474335 192.168.1.45/46155 forwarded updates.maxmind.com to 194.50.85.5
Nov 19 22:22:03 10.0.0.2 dnsmasq[1]: 474336 192.168.1.45/45588 query[AAAA] updates.maxmind.com from 192.168.1.45
Nov 19 22:22:03 10.0.0.2 ulogd[1267]: [NEW] ORIG: SRC=176.36.141.89 DST=194.50.85.5 PROTO=UDP SPT=36695 DPT=53 PKTS=0 BYTES=0 , REPLY: SRC=194.50.85.5 DST=176.36.141.89 PROTO=UDP SPT=53 DPT=36695 PKTS=0 BYTES=0
Nov 19 22:22:03 10.0.0.2 dnsmasq[1]: 474336 192.168.1.45/45588 forwarded updates.maxmind.com to 194.50.85.5
Nov 19 22:22:03 10.0.0.2 dnsmasq[1]: 474335 192.168.1.45/46155 reply updates.maxmind.com is 162.159.135.22
Nov 19 22:22:03 10.0.0.2 dnsmasq[1]: 474335 192.168.1.45/46155 reply updates.maxmind.com is 162.159.134.22
Nov 19 22:22:03 10.0.0.2 dnsmasq[1]: 474336 192.168.1.45/45588 reply updates.maxmind.com is 2606:4700:7::a29f:8716
Nov 19 22:22:03 10.0.0.2 dnsmasq[1]: 474336 192.168.1.45/45588 reply updates.maxmind.com is 2606:4700:7::a29f:8616
Nov 19 22:22:03 10.0.0.2 ulogd[1267]: [NEW] ORIG: SRC=192.168.1.45 DST=162.159.135.22 PROTO=TCP SPT=53596 DPT=443 PKTS=0 BYTES=0 , REPLY: SRC=162.159.135.22 DST=176.36.141.89 PROTO=TCP SPT=443 DPT=53596 PKTS=0 BYTES=0
Nov 19 22:22:05 10.0.0.2 ulogd[1267]: [DESTROY] ORIG: SRC=176.36.141.89 DST=194.50.85.5 PROTO=UDP SPT=36189 DPT=53 PKTS=1 BYTES=58 , REPLY: SRC=194.50.85.5 DST=176.36.141.89 PROTO=UDP SPT=53 DPT=36189 PKTS=1 BYTES=135
Nov 19 22:22:05 10.0.0.2 ulogd[1267]: [DESTROY] ORIG: SRC=192.168.1.180 DST=143.244.45.177 PROTO=TCP SPT=49479 DPT=443 PKTS=20 BYTES=2067 , REPLY: SRC=143.244.45.177 DST=176.36.141.89 PROTO=TCP SPT=443 DPT=49479 PKTS=24 BYTES=10107
Nov 19 22:22:05 10.0.0.2 ulogd[1267]: [DESTROY] ORIG: SRC=192.168.1.180 DST=192.168.1.1 PROTO=UDP SPT=54420 DPT=53 PKTS=1 BYTES=68 , REPLY: SRC=192.168.1.1 DST=192.168.1.180 PROTO=UDP SPT=53 DPT=54420 PKTS=1 BYTES=115
Nov 19 22:22:05 10.0.0.2 ulogd[1267]: [DESTROY] ORIG: SRC=fe80::b295:75ff:fe15:6fa5 DST=ff02::1:2 PROTO=UDP SPT=546 DPT=547 PKTS=1 BYTES=150 , REPLY: SRC=ff02::1:2 DST=fe80::b295:75ff:fe15:6fa5 PROTO=UDP SPT=547 DPT=546 PKTS=0 BYTES=0
Nov 19 22:22:05 10.0.0.2 ulogd[1267]: [DESTROY] ORIG: SRC=192.168.1.180 DST=192.168.1.1 PROTO=UDP SPT=63299 DPT=53 PKTS=1 BYTES=83 , REPLY: SRC=192.168.1.1 DST=192.168.1.180 PROTO=UDP SPT=53 DPT=63299 PKTS=1 BYTES=156
Nov 19 22:22:05 10.0.0.2 ulogd[1267]: [DESTROY] ORIG: SRC=176.36.141.89 DST=194.50.85.7 PROTO=UDP SPT=54679 DPT=53 PKTS=1 BYTES=66 , REPLY: SRC=194.50.85.7 DST=176.36.141.89 PROTO=UDP SPT=53 DPT=54679 PKTS=1 BYTES=178
Nov 19 22:22:05 10.0.0.2 ulogd[1267]: [DESTROY] ORIG: SRC=176.36.141.89 DST=194.50.85.7 PROTO=UDP SPT=52918 DPT=53 PKTS=1 BYTES=65 , REPLY: SRC=194.50.85.7 DST=176.36.141.89 PROTO=UDP SPT=53 DPT=52918 PKTS=1 BYTES=81
Nov 19 22:22:05 10.0.0.2 ulogd[1267]: [DESTROY] ORIG: SRC=176.36.141.89 DST=194.50.85.5 PROTO=UDP SPT=35971 DPT=53 PKTS=1 BYTES=63 , REPLY: SRC=194.50.85.5 DST=176.36.141.89 PROTO=UDP SPT=53 DPT=35971 PKTS=1 BYTES=168
Nov 19 22:22:05 10.0.0.2 ulogd[1267]: [DESTROY] ORIG: SRC=34.250.6.45 DST=176.36.141.89 PROTO=ICMP TYPE=0 CODE=8 PKTS=1 BYTES=36 , REPLY: SRC=176.36.141.89 DST=34.250.6.45 PROTO=ICMP TYPE=0 CODE=8 PKTS=1 BYTES=36
Nov 19 22:22:05 10.0.0.2 ulogd[1267]: [DESTROY] ORIG: SRC=192.168.1.180 DST=52.168.112.66 PROTO=TCP SPT=49444 DPT=443 PKTS=14 BYTES=2725 , REPLY: SRC=52.168.112.66 DST=176.36.141.89 PROTO=TCP SPT=443 DPT=49444 PKTS=10 BYTES=7111
Nov 19 22:22:05 10.0.0.2 ulogd[1267]: [DESTROY] ORIG: SRC=192.168.1.180 DST=62.140.236.155 PROTO=TCP SPT=49406 DPT=443 PKTS=855 BYTES=36456 , REPLY: SRC=62.140.236.155 DST=176.36.141.89 PROTO=TCP SPT=443 DPT=49406 PKTS=388 BYTES=9860533
Nov 19 22:22:05 10.0.0.2 ulogd[1267]: [DESTROY] ORIG: SRC=176.36.141.89 DST=194.50.85.7 PROTO=UDP SPT=43255 DPT=53 PKTS=1 BYTES=70 , REPLY: SRC=194.50.85.7 DST=176.36.141.89 PROTO=UDP SPT=53 DPT=43255 PKTS=1 BYTES=131
Nov 19 22:22:05 10.0.0.2 ulogd[1267]: [DESTROY] ORIG: SRC=176.36.141.89 DST=194.50.85.7 PROTO=UDP SPT=38208 DPT=53 PKTS=2 BYTES=122 , REPLY: SRC=194.50.85.7 DST=176.36.141.89 PROTO=UDP SPT=53 DPT=38208 PKTS=1 BYTES=109
Nov 19 22:22:05 10.0.0.2 ulogd[1267]: [DESTROY] ORIG: SRC=192.168.1.180 DST=192.168.1.1 PROTO=UDP SPT=64196 DPT=53 PKTS=1 BYTES=63 , REPLY: SRC=192.168.1.1 DST=192.168.1.180 PROTO=UDP SPT=53 DPT=64196 PKTS=1 BYTES=168
Nov 19 22:22:05 10.0.0.2 ulogd[1267]: [DESTROY] ORIG: SRC=192.168.1.180 DST=217.72.199.27 PROTO=TCP SPT=49433 DPT=443 PKTS=24 BYTES=3102 , REPLY: SRC=217.72.199.27 DST=176.36.141.89 PROTO=TCP SPT=443 DPT=49433 PKTS=31 BYTES=10365
Nov 19 22:22:05 10.0.0.2 ulogd[1267]: [DESTROY] ORIG: SRC=192.168.1.180 DST=216.58.215.98 PROTO=UDP SPT=52279 DPT=443 PKTS=12 BYTES=2427 , REPLY: SRC=216.58.215.98 DST=176.36.141.89 PROTO=UDP SPT=443 DPT=52279 PKTS=18 BYTES=15719
Nov 19 22:22:05 10.0.0.2 ulogd[1267]: [DESTROY] ORIG: SRC=176.36.141.89 DST=194.50.85.5 PROTO=UDP SPT=46847 DPT=53 PKTS=1 BYTES=63 , REPLY: SRC=194.50.85.5 DST=176.36.141.89 PROTO=UDP SPT=53 DPT=46847 PKTS=1 BYTES=79
Nov 19 22:22:05 10.0.0.2 ulogd[1267]: [DESTROY] ORIG: SRC=192.168.1.180 DST=87.245.212.17 PROTO=TCP SPT=49441 DPT=443 PKTS=18 BYTES=2357 , REPLY: SRC=87.245.212.17 DST=176.36.141.89 PROTO=TCP SPT=443 DPT=49441 PKTS=18 BYTES=8171
Nov 19 22:22:05 10.0.0.2 ulogd[1267]: [DESTROY] ORIG: SRC=192.168.1.180 DST=138.68.92.190 PROTO=TCP SPT=49450 DPT=443 PKTS=13 BYTES=2575 , REPLY: SRC=138.68.92.190 DST=176.36.141.89 PROTO=TCP SPT=443 DPT=49450 PKTS=10 BYTES=5423
Nov 19 22:22:05 10.0.0.2 ulogd[1267]: [DESTROY] ORIG: SRC=192.168.1.180 DST=192.168.1.1 PROTO=UDP SPT=59665 DPT=53 PKTS=1 BYTES=61 , REPLY: SRC=192.168.1.1 DST=192.168.1.180 PROTO=UDP SPT=53 DPT=59665 PKTS=1 BYTES=109
Nov 19 22:22:05 10.0.0.2 ulogd[1267]: [DESTROY] ORIG: SRC=192.168.1.180 DST=142.250.203.194 PROTO=UDP SPT=50902 DPT=443 PKTS=8 BYTES=2190 , REPLY: SRC=142.250.203.194 DST=176.36.141.89 PROTO=UDP SPT=443 DPT=50902 PKTS=10 BYTES=3415
Nov 19 22:22:05 10.0.0.2 ulogd[1267]: [DESTROY] ORIG: SRC=192.168.1.1 DST=192.168.1.45 PROTO=UDP SPT=56277 DPT=5353 PKTS=1 BYTES=83 , REPLY: SRC=192.168.1.45 DST=192.168.1.1 PROTO=UDP SPT=5353 DPT=56277 PKTS=0 BYTES=0
Nov 19 22:22:05 10.0.0.2 ulogd[1267]: [DESTROY] ORIG: SRC=192.168.1.180 DST=192.168.1.1 PROTO=UDP SPT=54561 DPT=53 PKTS=1 BYTES=66 , REPLY: SRC=192.168.1.1 DST=192.168.1.180 PROTO=UDP SPT=53 DPT=54561 PKTS=1 BYTES=82
Nov 19 22:22:05 10.0.0.2 ulogd[1267]: [DESTROY] ORIG: SRC=176.36.141.89 DST=194.50.85.5 PROTO=UDP SPT=33195 DPT=53 PKTS=1 BYTES=57 , REPLY: SRC=194.50.85.5 DST=176.36.141.89 PROTO=UDP SPT=53 DPT=33195 PKTS=1 BYTES=201
Nov 19 22:22:05 10.0.0.2 ulogd[1267]: [DESTROY] ORIG: SRC=176.36.141.89 DST=194.50.85.5 PROTO=UDP SPT=60614 DPT=53 PKTS=1 BYTES=68 , REPLY: SRC=194.50.85.5 DST=176.36.141.89 PROTO=UDP SPT=53 DPT=60614 PKTS=1 BYTES=175
Nov 19 22:22:05 10.0.0.2 ulogd[1267]: [DESTROY] ORIG: SRC=176.36.141.89 DST=194.50.85.5 PROTO=UDP SPT=55932 DPT=53 PKTS=1 BYTES=60 , REPLY: SRC=194.50.85.5 DST=176.36.141.89 PROTO=UDP SPT=53 DPT=55932 PKTS=1 BYTES=111
Nov 19 22:22:05 10.0.0.2 ulogd[1267]: [DESTROY] ORIG: SRC=192.168.1.180 DST=35.186.224.25 PROTO=UDP SPT=60400 DPT=443 PKTS=8 BYTES=2816 , REPLY: SRC=35.186.224.25 DST=176.36.141.89 PROTO=UDP SPT=443 DPT=60400 PKTS=8 BYTES=4223
Nov 19 22:22:05 10.0.0.2 ulogd[1267]: [DESTROY] ORIG: SRC=176.36.141.89 DST=194.50.85.5 PROTO=UDP SPT=38208 DPT=53 PKTS=1 BYTES=61 , REPLY: SRC=194.50.85.5 DST=176.36.141.89 PROTO=UDP SPT=53 DPT=38208 PKTS=1 BYTES=109
Nov 19 22:22:05 10.0.0.2 ulogd[1267]: [DESTROY] ORIG: SRC=176.36.141.89 DST=194.50.85.7 PROTO=UDP SPT=36277 DPT=53 PKTS=1 BYTES=75 , REPLY: SRC=194.50.85.7 DST=176.36.141.89 PROTO=UDP SPT=53 DPT=36277 PKTS=1 BYTES=91
Nov 19 22:22:05 10.0.0.2 ulogd[1267]: [DESTROY] ORIG: SRC=192.168.1.45 DST=3.67.33.93 PROTO=TCP SPT=51500 DPT=443 PKTS=12 BYTES=1550 , REPLY: SRC=3.67.33.93 DST=176.36.141.89 PROTO=TCP SPT=443 DPT=51500 PKTS=12 BYTES=5585
Nov 19 22:22:05 10.0.0.2 ulogd[1267]: [DESTROY] ORIG: SRC=176.36.141.89 DST=194.50.85.7 PROTO=UDP SPT=47345 DPT=53 PKTS=1 BYTES=83 , REPLY: SRC=194.50.85.7 DST=176.36.141.89 PROTO=UDP SPT=53 DPT=47345 PKTS=1 BYTES=156
Nov 19 22:22:05 10.0.0.2 ulogd[1267]: [DESTROY] ORIG: SRC=176.36.141.89 DST=194.50.85.7 PROTO=UDP SPT=50466 DPT=53 PKTS=1 BYTES=66 , REPLY: SRC=194.50.85.7 DST=176.36.141.89 PROTO=UDP SPT=53 DPT=50466 PKTS=1 BYTES=127
Nov 19 22:22:05 10.0.0.2 ulogd[1267]: [DESTROY] ORIG: SRC=176.36.141.89 DST=194.50.85.5 PROTO=UDP SPT=42789 DPT=53 PKTS=1 BYTES=82 , REPLY: SRC=194.50.85.5 DST=176.36.141.89 PROTO=UDP SPT=53 DPT=42789 PKTS=1 BYTES=194
Nov 19 22:22:05 10.0.0.2 ulogd[1267]: [DESTROY] ORIG: SRC=192.168.1.1 DST=192.168.1.45 PROTO=UDP SPT=36189 DPT=5353 PKTS=1 BYTES=58 , REPLY: SRC=192.168.1.45 DST=192.168.1.1 PROTO=UDP SPT=5353 DPT=36189 PKTS=0 BYTES=0
Nov 19 22:22:05 10.0.0.2 ulogd[1267]: [DESTROY] ORIG: SRC=192.168.1.180 DST=216.58.208.205 PROTO=UDP SPT=56266 DPT=443 PKTS=8 BYTES=3016 , REPLY: SRC=216.58.208.205 DST=176.36.141.89 PROTO=UDP SPT=443 DPT=56266 PKTS=8 BYTES=7154
Nov 19 22:22:05 10.0.0.2 ulogd[1267]: [DESTROY] ORIG: SRC=176.36.141.89 DST=194.50.85.7 PROTO=UDP SPT=34536 DPT=53 PKTS=1 BYTES=60 , REPLY: SRC=194.50.85.7 DST=176.36.141.89 PROTO=UDP SPT=53 DPT=34536 PKTS=1 BYTES=124
Nov 19 22:22:05 10.0.0.2 ulogd[1267]: [DESTROY] ORIG: SRC=192.168.1.180 DST=157.240.224.61 PROTO=TCP SPT=49445 DPT=80 PKTS=20 BYTES=1783 , REPLY: SRC=157.240.224.61 DST=176.36.141.89 PROTO=TCP SPT=80 DPT=49445 PKTS=22 BYTES=1610
Nov 19 22:22:05 10.0.0.2 ulogd[1267]: [DESTROY] ORIG: SRC=176.36.141.89 DST=194.50.85.7 PROTO=UDP SPT=42836 DPT=53 PKTS=1 BYTES=63 , REPLY: SRC=194.50.85.7 DST=176.36.141.89 PROTO=UDP SPT=53 DPT=42836 PKTS=1 BYTES=158
Nov 19 22:22:05 10.0.0.2 ulogd[1267]: [DESTROY] ORIG: SRC=192.168.1.180 DST=13.107.42.254 PROTO=TCP SPT=49446 DPT=443 PKTS=15 BYTES=1811 , REPLY: SRC=13.107.42.254 DST=176.36.141.89 PROTO=TCP SPT=443 DPT=49446 PKTS=16 BYTES=8098
Nov 19 22:22:05 10.0.0.2 ulogd[1267]: [DESTROY] ORIG: SRC=192.168.1.45 DST=185.199.108.133 PROTO=TCP SPT=42576 DPT=443 PKTS=16 BYTES=1422 , REPLY: SRC=185.199.108.133 DST=176.36.141.89 PROTO=TCP SPT=443 DPT=42576 PKTS=16 BYTES=5635
Nov 19 22:22:05 10.0.0.2 ulogd[1267]: [DESTROY] ORIG: SRC=176.36.141.89 DST=194.50.85.7 PROTO=UDP SPT=58855 DPT=53 PKTS=1 BYTES=67 , REPLY: SRC=194.50.85.7 DST=176.36.141.89 PROTO=UDP SPT=53 DPT=58855 PKTS=1 BYTES=115
Nov 19 22:22:05 10.0.0.2 ulogd[1267]: [DESTROY] ORIG: SRC=192.168.1.180 DST=192.168.1.1 PROTO=UDP SPT=64224 DPT=53 PKTS=1 BYTES=63 , REPLY: SRC=192.168.1.1 DST=192.168.1.180 PROTO=UDP SPT=53 DPT=64224 PKTS=1 BYTES=158
Nov 19 22:22:05 10.0.0.2 ulogd[1267]: [DESTROY] ORIG: SRC=192.168.1.180 DST=192.168.1.255 PROTO=UDP SPT=137 DPT=137 PKTS=3 BYTES=234 , REPLY: SRC=192.168.1.255 DST=192.168.1.180 PROTO=UDP SPT=137 DPT=137 PKTS=0 BYTES=0
Nov 19 22:22:05 10.0.0.2 ulogd[1267]: [DESTROY] ORIG: SRC=fd02:c8be:1d40:0:f461:8084:f6cb:7c20 DST=fd02:c8be:1d40::1 PROTO=UDP SPT=57751 DPT=53 PKTS=2 BYTES=167 , REPLY: SRC=fd02:c8be:1d40::1 DST=fd02:c8be:1d40:0:f461:8084:f6cb:7c20 PROTO=UDP SPT=53 DPT=57751 PKTS=2 BYTES=284
Nov 19 22:22:05 10.0.0.2 ulogd[1267]: [DESTROY] ORIG: SRC=176.36.141.89 DST=194.50.85.7 PROTO=UDP SPT=38080 DPT=53 PKTS=1 BYTES=63 , REPLY: SRC=194.50.85.7 DST=176.36.141.89 PROTO=UDP SPT=53 DPT=38080 PKTS=1 BYTES=158
Nov 19 22:22:05 10.0.0.2 ulogd[1267]: [DESTROY] ORIG: SRC=192.168.1.1 DST=192.168.1.45 PROTO=UDP SPT=52566 DPT=5353 PKTS=1 BYTES=64 , REPLY: SRC=192.168.1.45 DST=192.168.1.1 PROTO=UDP SPT=5353 DPT=52566 PKTS=0 BYTES=0
Nov 19 22:22:05 10.0.0.2 ulogd[1267]: [DESTROY] ORIG: SRC=192.168.1.180 DST=13.69.116.107 PROTO=TCP SPT=49503 DPT=443 PKTS=13 BYTES=3091 , REPLY: SRC=13.69.116.107 DST=176.36.141.89 PROTO=TCP SPT=443 DPT=49503 PKTS=9 BYTES=5307
Nov 19 22:22:05 10.0.0.2 ulogd[1267]: [DESTROY] ORIG: SRC=176.36.141.89 DST=194.50.85.7 PROTO=UDP SPT=48647 DPT=53 PKTS=1 BYTES=68 , REPLY: SRC=194.50.85.7 DST=176.36.141.89 PROTO=UDP SPT=53 DPT=48647 PKTS=1 BYTES=175
Nov 19 22:22:05 10.0.0.2 ulogd[1267]: [DESTROY] ORIG: SRC=192.168.1.180 DST=13.107.21.200 PROTO=TCP SPT=49440 DPT=443 PKTS=10 BYTES=981 , REPLY: SRC=13.107.21.200 DST=176.36.141.89 PROTO=TCP SPT=443 DPT=49440 PKTS=10 BYTES=8120
Nov 19 22:22:05 10.0.0.2 ulogd[1267]: [DESTROY] ORIG: SRC=176.36.141.89 DST=194.50.85.7 PROTO=UDP SPT=43973 DPT=53 PKTS=1 BYTES=69 , REPLY: SRC=194.50.85.7 DST=176.36.141.89 PROTO=UDP SPT=53 DPT=43973 PKTS=1 BYTES=248
Nov 19 22:22:05 10.0.0.2 ulogd[1267]: [DESTROY] ORIG: SRC=176.36.141.89 DST=194.50.85.5 PROTO=UDP SPT=56277 DPT=53 PKTS=1 BYTES=83 , REPLY: SRC=194.50.85.5 DST=176.36.141.89 PROTO=UDP SPT=53 DPT=56277 PKTS=1 BYTES=99
Nov 19 22:22:05 10.0.0.2 ulogd[1267]: [DESTROY] ORIG: SRC=176.36.141.89 DST=194.50.85.5 PROTO=UDP SPT=44901 DPT=53 PKTS=1 BYTES=65 , REPLY: SRC=194.50.85.5 DST=176.36.141.89 PROTO=UDP SPT=53 DPT=44901 PKTS=1 BYTES=81
Nov 19 22:22:05 10.0.0.2 ulogd[1267]: [DESTROY] ORIG: SRC=fd02:c8be:1d40:0:f461:8084:f6cb:7c20 DST=fd02:c8be:1d40::1 PROTO=UDP SPT=62811 DPT=53 PKTS=3 BYTES=270 , REPLY: SRC=fd02:c8be:1d40::1 DST=fd02:c8be:1d40:0:f461:8084:f6cb:7c20 PROTO=UDP SPT=53 DPT=62811 PKTS=3 BYTES=574
Nov 19 22:22:05 10.0.0.2 ulogd[1267]: [DESTROY] ORIG: SRC=192.168.1.180 DST=35.186.224.18 PROTO=TCP SPT=49438 DPT=443 PKTS=10 BYTES=1077 , REPLY: SRC=35.186.224.18 DST=176.36.141.89 PROTO=TCP SPT=443 DPT=49438 PKTS=8 BYTES=4321
Nov 19 22:22:05 10.0.0.2 ulogd[1267]: [DESTROY] ORIG: SRC=176.36.141.89 DST=194.50.85.7 PROTO=UDP SPT=41268 DPT=53 PKTS=1 BYTES=68 , REPLY: SRC=194.50.85.7 DST=176.36.141.89 PROTO=UDP SPT=53 DPT=41268 PKTS=1 BYTES=115
Nov 19 22:22:05 10.0.0.2 ulogd[1267]: [DESTROY] ORIG: SRC=192.168.1.180 DST=13.107.136.254 PROTO=TCP SPT=49447 DPT=443 PKTS=16 BYTES=1638 , REPLY: SRC=13.107.136.254 DST=176.36.141.89 PROTO=TCP SPT=443 DPT=49447 PKTS=16 BYTES=8100
Nov 19 22:22:05 10.0.0.2 ulogd[1267]: [DESTROY] ORIG: SRC=176.36.141.89 DST=194.50.85.5 PROTO=UDP SPT=59514 DPT=53 PKTS=1 BYTES=60 , REPLY: SRC=194.50.85.5 DST=176.36.141.89 PROTO=UDP SPT=53 DPT=59514 PKTS=1 BYTES=76
Nov 19 22:22:05 10.0.0.2 ulogd[1267]: [DESTROY] ORIG: SRC=176.36.141.89 DST=194.50.85.7 PROTO=UDP SPT=44033 DPT=53 PKTS=1 BYTES=68 , REPLY: SRC=194.50.85.7 DST=176.36.141.89 PROTO=UDP SPT=53 DPT=44033 PKTS=1 BYTES=129
Nov 19 22:22:05 10.0.0.2 ulogd[1267]: [DESTROY] ORIG: SRC=176.36.141.89 DST=194.50.85.7 PROTO=UDP SPT=59300 DPT=53 PKTS=1 BYTES=60 , REPLY: SRC=194.50.85.7 DST=176.36.141.89 PROTO=UDP SPT=53 DPT=59300 PKTS=1 BYTES=111
Nov 19 22:22:05 10.0.0.2 ulogd[1267]: [DESTROY] ORIG: SRC=192.168.1.45 DST=140.82.121.34 PROTO=TCP SPT=57790 DPT=443 PKTS=10 BYTES=1133 , REPLY: SRC=140.82.121.34 DST=176.36.141.89 PROTO=TCP SPT=443 DPT=57790 PKTS=9 BYTES=5134
Nov 19 22:22:05 10.0.0.2 ulogd[1267]: [DESTROY] ORIG: SRC=176.36.141.89 DST=194.50.85.7 PROTO=UDP SPT=40881 DPT=53 PKTS=1 BYTES=69 , REPLY: SRC=194.50.85.7 DST=176.36.141.89 PROTO=UDP SPT=53 DPT=40881 PKTS=1 BYTES=308
Nov 19 22:22:05 10.0.0.2 ulogd[1267]: [DESTROY] ORIG: SRC=192.168.1.45 DST=140.82.121.34 PROTO=TCP SPT=57800 DPT=443 PKTS=10 BYTES=1171 , REPLY: SRC=140.82.121.34 DST=176.36.141.89 PROTO=TCP SPT=443 DPT=57800 PKTS=9 BYTES=5015
Nov 19 22:22:05 10.0.0.2 ulogd[1267]: [DESTROY] ORIG: SRC=192.168.1.180 DST=35.186.224.25 PROTO=TCP SPT=49419 DPT=443 PKTS=13 BYTES=1198 , REPLY: SRC=35.186.224.25 DST=176.36.141.89 PROTO=TCP SPT=443 DPT=49419 PKTS=11 BYTES=4485
Nov 19 22:22:05 10.0.0.2 ulogd[1267]: [DESTROY] ORIG: SRC=192.168.1.45 DST=192.168.1.1 PROTO=UDP SPT=54476 DPT=53 PKTS=1 BYTES=68 , REPLY: SRC=192.168.1.1 DST=192.168.1.45 PROTO=UDP SPT=53 DPT=54476 PKTS=1 BYTES=84
Nov 19 22:22:05 10.0.0.2 ulogd[1267]: [DESTROY] ORIG: SRC=192.168.1.180 DST=142.250.75.13 PROTO=UDP SPT=58566 DPT=443 PKTS=8 BYTES=2402 , REPLY: SRC=142.250.75.13 DST=176.36.141.89 PROTO=UDP SPT=443 DPT=58566 PKTS=9 BYTES=3742
Nov 19 22:22:05 10.0.0.2 ulogd[1267]: [DESTROY] ORIG: SRC=176.36.141.89 DST=194.50.85.5 PROTO=UDP SPT=40487 DPT=53 PKTS=1 BYTES=61 , REPLY: SRC=194.50.85.5 DST=176.36.141.89 PROTO=UDP SPT=53 DPT=40487 PKTS=1 BYTES=223
Nov 19 22:22:05 10.0.0.2 ulogd[1267]: [DESTROY] ORIG: SRC=176.36.141.89 DST=194.50.85.7 PROTO=UDP SPT=57558 DPT=53 PKTS=1 BYTES=66 , REPLY: SRC=194.50.85.7 DST=176.36.141.89 PROTO=UDP SPT=53 DPT=57558 PKTS=1 BYTES=127
Nov 19 22:22:05 10.0.0.2 ulogd[1267]: [DESTROY] ORIG: SRC=192.168.1.180 DST=146.75.117.140 PROTO=TCP SPT=49467 DPT=443 PKTS=1 BYTES=52 , REPLY: SRC=146.75.117.140 DST=176.36.141.89 PROTO=TCP SPT=443 DPT=49467 PKTS=1 BYTES=52
Nov 19 22:22:05 10.0.0.2 ulogd[1267]: [DESTROY] ORIG: SRC=176.36.141.89 DST=194.50.85.7 PROTO=UDP SPT=37350 DPT=53 PKTS=1 BYTES=55 , REPLY: SRC=194.50.85.7 DST=176.36.141.89 PROTO=UDP SPT=53 DPT=37350 PKTS=1 BYTES=116
Nov 19 22:22:05 10.0.0.2 ulogd[1267]: [DESTROY] ORIG: SRC=192.168.1.1 DST=192.168.1.45 PROTO=UDP SPT=40487 DPT=5353 PKTS=1 BYTES=61 , REPLY: SRC=192.168.1.45 DST=192.168.1.1 PROTO=UDP SPT=5353 DPT=40487 PKTS=0 BYTES=0
Nov 19 22:22:05 10.0.0.2 ulogd[1267]: [DESTROY] ORIG: SRC=176.36.141.89 DST=194.50.85.7 PROTO=UDP SPT=56277 DPT=53 PKTS=1 BYTES=83 , REPLY: SRC=194.50.85.7 DST=176.36.141.89 PROTO=UDP SPT=53 DPT=56277 PKTS=1 BYTES=99
Nov 19 22:22:05 10.0.0.2 ulogd[1267]: [DESTROY] ORIG: SRC=192.168.1.180 DST=172.217.16.34 PROTO=UDP SPT=62544 DPT=443 PKTS=8 BYTES=2170 , REPLY: SRC=172.217.16.34 DST=176.36.141.89 PROTO=UDP SPT=443 DPT=62544 PKTS=10 BYTES=2928
Nov 19 22:22:05 10.0.0.2 ulogd[1267]: [DESTROY] ORIG: SRC=176.36.141.89 DST=194.50.85.5 PROTO=UDP SPT=34561 DPT=53 PKTS=1 BYTES=59 , REPLY: SRC=194.50.85.5 DST=176.36.141.89 PROTO=UDP SPT=53 DPT=34561 PKTS=1 BYTES=120
Nov 19 22:22:05 10.0.0.2 ulogd[1267]: [DESTROY] ORIG: SRC=192.168.1.45 DST=192.168.1.1 PROTO=UDP SPT=42514 DPT=53 PKTS=1 BYTES=82 , REPLY: SRC=192.168.1.1 DST=192.168.1.45 PROTO=UDP SPT=53 DPT=42514 PKTS=1 BYTES=146
Nov 19 22:22:05 10.0.0.2 ulogd[1267]: [DESTROY] ORIG: SRC=192.168.1.45 DST=192.168.1.1 PROTO=UDP SPT=42707 DPT=53 PKTS=1 BYTES=82 , REPLY: SRC=192.168.1.1 DST=192.168.1.45 PROTO=UDP SPT=53 DPT=42707 PKTS=1 BYTES=194
Nov 19 22:22:05 10.0.0.2 ulogd[1267]: [DESTROY] ORIG: SRC=192.168.1.180 DST=192.168.1.1 PROTO=UDP SPT=54806 DPT=53 PKTS=1 BYTES=64 , REPLY: SRC=192.168.1.1 DST=192.168.1.180 PROTO=UDP SPT=53 DPT=54806 PKTS=1 BYTES=158
Nov 19 22:22:05 10.0.0.2 ulogd[1267]: [DESTROY] ORIG: SRC=176.36.141.89 DST=194.50.85.7 PROTO=UDP SPT=42209 DPT=53 PKTS=1 BYTES=75 , REPLY: SRC=194.50.85.7 DST=176.36.141.89 PROTO=UDP SPT=53 DPT=42209 PKTS=1 BYTES=261
Nov 19 22:22:05 10.0.0.2 ulogd[1267]: [DESTROY] ORIG: SRC=176.36.141.89 DST=194.50.85.5 PROTO=UDP SPT=51480 DPT=53 PKTS=1 BYTES=68 , REPLY: SRC=194.50.85.5 DST=176.36.141.89 PROTO=UDP SPT=53 DPT=51480 PKTS=1 BYTES=96
Nov 19 22:22:05 10.0.0.2 ulogd[1267]: [DESTROY] ORIG: SRC=34.252.254.164 DST=176.36.141.89 PROTO=ICMP TYPE=0 CODE=8 PKTS=1 BYTES=36 , REPLY: SRC=176.36.141.89 DST=34.252.254.164 PROTO=ICMP TYPE=0 CODE=8 PKTS=1 BYTES=36
Nov 19 22:22:05 10.0.0.2 ulogd[1267]: [DESTROY] ORIG: SRC=176.36.141.89 DST=194.50.85.5 PROTO=UDP SPT=41595 DPT=53 PKTS=1 BYTES=82 , REPLY: SRC=194.50.85.5 DST=176.36.141.89 PROTO=UDP SPT=53 DPT=41595 PKTS=1 BYTES=146
Nov 19 22:22:05 10.0.0.2 ulogd[1267]: [DESTROY] ORIG: SRC=176.36.141.89 DST=194.50.85.7 PROTO=UDP SPT=52970 DPT=53 PKTS=1 BYTES=76 , REPLY: SRC=194.50.85.7 DST=176.36.141.89 PROTO=UDP SPT=53 DPT=52970 PKTS=1 BYTES=121
Nov 19 22:22:05 10.0.0.2 ulogd[1267]: [DESTROY] ORIG: SRC=176.36.141.89 DST=194.50.85.7 PROTO=UDP SPT=44329 DPT=53 PKTS=1 BYTES=60 , REPLY: SRC=194.50.85.7 DST=176.36.141.89 PROTO=UDP SPT=53 DPT=44329 PKTS=1 BYTES=111
Nov 19 22:22:05 10.0.0.2 ulogd[1267]: [DESTROY] ORIG: SRC=176.36.141.89 DST=194.50.85.5 PROTO=UDP SPT=38080 DPT=53 PKTS=1 BYTES=63 , REPLY: SRC=194.50.85.5 DST=176.36.141.89 PROTO=UDP SPT=53 DPT=38080 PKTS=1 BYTES=158
Nov 19 22:22:05 10.0.0.2 ulogd[1267]: [DESTROY] ORIG: SRC=192.168.1.180 DST=192.168.1.1 PROTO=UDP SPT=57583 DPT=53 PKTS=1 BYTES=58 , REPLY: SRC=192.168.1.1 DST=192.168.1.180 PROTO=UDP SPT=53 DPT=57583 PKTS=1 BYTES=135
Nov 19 22:22:05 10.0.0.2 ulogd[1267]: [DESTROY] ORIG: SRC=192.168.1.1 DST=192.168.1.45 PROTO=UDP SPT=38080 DPT=5353 PKTS=1 BYTES=63 , REPLY: SRC=192.168.1.45 DST=192.168.1.1 PROTO=UDP SPT=5353 DPT=38080 PKTS=0 BYTES=0
Nov 19 22:22:05 10.0.0.2 ulogd[1267]: [DESTROY] ORIG: SRC=192.168.1.180 DST=143.244.45.177 PROTO=TCP SPT=49496 DPT=443 PKTS=18 BYTES=1970 , REPLY: SRC=143.244.45.177 DST=176.36.141.89 PROTO=TCP SPT=443 DPT=49496 PKTS=21 BYTES=21603
Nov 19 22:22:05 10.0.0.2 ulogd[1267]: [DESTROY] ORIG: SRC=176.36.141.89 DST=194.50.85.7 PROTO=UDP SPT=56099 DPT=53 PKTS=1 BYTES=64 , REPLY: SRC=194.50.85.7 DST=176.36.141.89 PROTO=UDP SPT=53 DPT=56099 PKTS=1 BYTES=158
Nov 19 22:22:05 10.0.0.2 ulogd[1267]: [DESTROY] ORIG: SRC=176.36.141.89 DST=194.50.85.7 PROTO=UDP SPT=44088 DPT=53 PKTS=1 BYTES=67 , REPLY: SRC=194.50.85.7 DST=176.36.141.89 PROTO=UDP SPT=53 DPT=44088 PKTS=1 BYTES=128
Nov 19 22:22:05 10.0.0.2 ulogd[1267]: [DESTROY] ORIG: SRC=192.168.1.45 DST=140.82.121.34 PROTO=TCP SPT=57826 DPT=443 PKTS=10 BYTES=1746 , REPLY: SRC=140.82.121.34 DST=176.36.141.89 PROTO=TCP SPT=443 DPT=57826 PKTS=9 BYTES=5933
Nov 19 22:22:05 10.0.0.2 ulogd[1267]: [DESTROY] ORIG: SRC=192.168.1.45 DST=192.168.1.1 PROTO=UDP SPT=40169 DPT=53 PKTS=1 BYTES=68 , REPLY: SRC=192.168.1.1 DST=192.168.1.45 PROTO=UDP SPT=53 DPT=40169 PKTS=1 BYTES=96
Nov 19 22:22:05 10.0.0.2 ulogd[1267]: [DESTROY] ORIG: SRC=176.36.141.89 DST=194.50.85.7 PROTO=UDP SPT=58677 DPT=53 PKTS=1 BYTES=75 , REPLY: SRC=194.50.85.7 DST=176.36.141.89 PROTO=UDP SPT=53 DPT=58677 PKTS=1 BYTES=216
Nov 19 22:22:05 10.0.0.2 ulogd[1267]: [DESTROY] ORIG: SRC=192.168.1.180 DST=192.168.1.1 PROTO=UDP SPT=58907 DPT=53 PKTS=1 BYTES=110 , REPLY: SRC=192.168.1.1 DST=192.168.1.180 PROTO=UDP SPT=53 DPT=58907 PKTS=1 BYTES=169
Nov 19 22:22:05 10.0.0.2 ulogd[1267]: [DESTROY] ORIG: SRC=176.36.141.89 DST=194.50.85.7 PROTO=UDP SPT=58381 DPT=53 PKTS=1 BYTES=71 , REPLY: SRC=194.50.85.7 DST=176.36.141.89 PROTO=UDP SPT=53 DPT=58381 PKTS=1 BYTES=87
Nov 19 22:22:05 10.0.0.2 ulogd[1267]: [DESTROY] ORIG: SRC=192.168.1.180 DST=35.186.224.25 PROTO=UDP SPT=50833 DPT=443 PKTS=24 BYTES=4346 , REPLY: SRC=35.186.224.25 DST=176.36.141.89 PROTO=UDP SPT=443 DPT=50833 PKTS=36 BYTES=29706
Nov 19 22:22:05 10.0.0.2 ulogd[1267]: [DESTROY] ORIG: SRC=176.36.141.89 DST=194.50.85.7 PROTO=UDP SPT=33147 DPT=53 PKTS=1 BYTES=70 , REPLY: SRC=194.50.85.7 DST=176.36.141.89 PROTO=UDP SPT=53 DPT=33147 PKTS=1 BYTES=131
Nov 19 22:22:05 10.0.0.2 ulogd[1267]: [DESTROY] ORIG: SRC=176.36.141.89 DST=194.50.85.7 PROTO=UDP SPT=53489 DPT=53 PKTS=1 BYTES=70 , REPLY: SRC=194.50.85.7 DST=176.36.141.89 PROTO=UDP SPT=53 DPT=53489 PKTS=1 BYTES=131
Nov 19 22:22:05 10.0.0.2 ulogd[1267]: [DESTROY] ORIG: SRC=18.203.155.147 DST=176.36.141.89 PROTO=ICMP TYPE=0 CODE=8 PKTS=1 BYTES=36 , REPLY: SRC=176.36.141.89 DST=18.203.155.147 PROTO=ICMP TYPE=0 CODE=8 PKTS=1 BYTES=36
Nov 19 22:22:05 10.0.0.2 ulogd[1267]: [DESTROY] ORIG: SRC=192.168.1.180 DST=104.16.5.182 PROTO=UDP SPT=54394 DPT=443 PKTS=497 BYTES=52887 , REPLY: SRC=104.16.5.182 DST=176.36.141.89 PROTO=UDP SPT=443 DPT=54394 PKTS=2971 BYTES=3562687
Nov 19 22:22:05 10.0.0.2 ulogd[1267]: [DESTROY] ORIG: SRC=192.168.1.45 DST=3.77.103.135 PROTO=TCP SPT=39340 DPT=443 PKTS=12 BYTES=1223 , REPLY: SRC=3.77.103.135 DST=176.36.141.89 PROTO=TCP SPT=443 DPT=39340 PKTS=12 BYTES=5698
Nov 19 22:22:05 10.0.0.2 ulogd[1267]: [DESTROY] ORIG: SRC=176.36.141.89 DST=194.50.85.7 PROTO=UDP SPT=45466 DPT=53 PKTS=1 BYTES=70 , REPLY: SRC=194.50.85.7 DST=176.36.141.89 PROTO=UDP SPT=53 DPT=45466 PKTS=1 BYTES=131
Nov 19 22:22:05 10.0.0.2 ulogd[1267]: [DESTROY] ORIG: SRC=192.168.1.1 DST=192.168.1.45 PROTO=UDP SPT=38208 DPT=5353 PKTS=1 BYTES=61 , REPLY: SRC=192.168.1.45 DST=192.168.1.1 PROTO=UDP SPT=5353 DPT=38208 PKTS=0 BYTES=0
Nov 19 22:22:05 10.0.0.2 ulogd[1267]: [DESTROY] ORIG: SRC=192.168.1.180 DST=192.168.1.1 PROTO=UDP SPT=58367 DPT=53 PKTS=1 BYTES=64 , REPLY: SRC=192.168.1.1 DST=192.168.1.180 PROTO=UDP SPT=53 DPT=58367 PKTS=1 BYTES=115
Nov 19 22:22:05 10.0.0.2 ulogd[1267]: [DESTROY] ORIG: SRC=fd02:c8be:1d40:0:f461:8084:f6cb:7c20 DST=fd02:c8be:1d40::1 PROTO=UDP SPT=54420 DPT=53 PKTS=3 BYTES=266 , REPLY: SRC=fd02:c8be:1d40::1 DST=fd02:c8be:1d40:0:f461:8084:f6cb:7c20 PROTO=UDP SPT=53 DPT=54420 PKTS=3 BYTES=435
Nov 19 22:22:05 10.0.0.2 ulogd[1267]: [DESTROY] ORIG: SRC=fd02:c8be:1d40:0:f461:8084:f6cb:7c20 DST=fd02:c8be:1d40::1 PROTO=UDP SPT=62330 DPT=53 PKTS=2 BYTES=174 , REPLY: SRC=fd02:c8be:1d40::1 DST=fd02:c8be:1d40:0:f461:8084:f6cb:7c20 PROTO=UDP SPT=53 DPT=62330 PKTS=2 BYTES=323
Nov 19 22:22:05 10.0.0.2 ulogd[1267]: [DESTROY] ORIG: SRC=192.168.1.1 DST=192.168.1.45 PROTO=UDP SPT=54018 DPT=5353 PKTS=1 BYTES=71 , REPLY: SRC=192.168.1.45 DST=192.168.1.1 PROTO=UDP SPT=5353 DPT=54018 PKTS=0 BYTES=0
Nov 19 22:22:05 10.0.0.2 ulogd[1267]: [DESTROY] ORIG: SRC=192.168.1.45 DST=3.77.103.135 PROTO=TCP SPT=39346 DPT=443 PKTS=11 BYTES=1597 , REPLY: SRC=3.77.103.135 DST=176.36.141.89 PROTO=TCP SPT=443 DPT=39346 PKTS=11 BYTES=5761
Nov 19 22:22:05 10.0.0.2 ulogd[1267]: [DESTROY] ORIG: SRC=192.168.1.180 DST=204.79.197.222 PROTO=TCP SPT=49449 DPT=443 PKTS=13 BYTES=2198 , REPLY: SRC=204.79.197.222 DST=176.36.141.89 PROTO=TCP SPT=443 DPT=49449 PKTS=13 BYTES=7418
Nov 19 22:22:05 10.0.0.2 ulogd[1267]: [DESTROY] ORIG: SRC=fd02:c8be:1d40:0:f461:8084:f6cb:7c20 DST=fd02:c8be:1d40::1 PROTO=UDP SPT=51906 DPT=53 PKTS=4 BYTES=385 , REPLY: SRC=fd02:c8be:1d40::1 DST=fd02:c8be:1d40:0:f461:8084:f6cb:7c20 PROTO=UDP SPT=53 DPT=51906 PKTS=4 BYTES=482
Nov 19 22:22:05 10.0.0.2 ulogd[1267]: [DESTROY] ORIG: SRC=192.168.1.180 DST=172.217.16.14 PROTO=UDP SPT=53805 DPT=443 PKTS=8 BYTES=3436 , REPLY: SRC=172.217.16.14 DST=176.36.141.89 PROTO=UDP SPT=443 DPT=53805 PKTS=12 BYTES=9052
Nov 19 22:22:05 10.0.0.2 ulogd[1267]: [DESTROY] ORIG: SRC=192.168.1.180 DST=35.186.224.18 PROTO=UDP SPT=56009 DPT=443 PKTS=6 BYTES=2505 , REPLY: SRC=35.186.224.18 DST=176.36.141.89 PROTO=UDP SPT=443 DPT=56009 PKTS=8 BYTES=4298
Nov 19 22:22:05 10.0.0.2 ulogd[1267]: [DESTROY] ORIG: SRC=192.168.1.180 DST=4.150.240.254 PROTO=TCP SPT=49448 DPT=443 PKTS=15 BYTES=1598 , REPLY: SRC=4.150.240.254 DST=176.36.141.89 PROTO=TCP SPT=443 DPT=49448 PKTS=15 BYTES=8065
Nov 19 22:22:05 10.0.0.2 ulogd[1267]: [DESTROY] ORIG: SRC=176.36.141.89 DST=194.50.85.5 PROTO=UDP SPT=43231 DPT=53 PKTS=1 BYTES=67 , REPLY: SRC=194.50.85.5 DST=176.36.141.89 PROTO=UDP SPT=53 DPT=43231 PKTS=1 BYTES=179
Nov 19 22:22:05 10.0.0.2 ulogd[1267]: [DESTROY] ORIG: SRC=176.36.141.89 DST=194.50.85.7 PROTO=UDP SPT=44191 DPT=53 PKTS=1 BYTES=110 , REPLY: SRC=194.50.85.7 DST=176.36.141.89 PROTO=UDP SPT=53 DPT=44191 PKTS=1 BYTES=169
Nov 19 22:22:05 10.0.0.2 ulogd[1267]: [DESTROY] ORIG: SRC=34.245.10.226 DST=176.36.141.89 PROTO=ICMP TYPE=0 CODE=8 PKTS=1 BYTES=36 , REPLY: SRC=176.36.141.89 DST=34.245.10.226 PROTO=ICMP TYPE=0 CODE=8 PKTS=1 BYTES=36
Nov 19 22:22:05 10.0.0.2 ulogd[1267]: [DESTROY] ORIG: SRC=176.36.141.89 DST=194.50.85.5 PROTO=UDP SPT=36517 DPT=53 PKTS=1 BYTES=68 , REPLY: SRC=194.50.85.5 DST=176.36.141.89 PROTO=UDP SPT=53 DPT=36517 PKTS=1 BYTES=84
Nov 19 22:22:07 10.0.0.2 ulogd[1267]: [NEW] ORIG: SRC=34.243.116.212 DST=176.36.141.89 PROTO=ICMP TYPE=0 CODE=8 PKTS=0 BYTES=0 , REPLY: SRC=176.36.141.89 DST=34.243.116.212 PROTO=ICMP TYPE=0 CODE=8 PKTS=0 BYTES=0
Nov 19 22:22:07 10.0.0.2 ulogd[1267]: [NEW] ORIG: SRC=54.78.199.185 DST=176.36.141.89 PROTO=ICMP TYPE=0 CODE=8 PKTS=0 BYTES=0 , REPLY: SRC=176.36.141.89 DST=54.78.199.185 PROTO=ICMP TYPE=0 CODE=8 PKTS=0 BYTES=0
Nov 19 22:22:08 10.0.0.2 ulogd[1267]: [NEW] ORIG: SRC=3.249.87.203 DST=176.36.141.89 PROTO=ICMP TYPE=0 CODE=8 PKTS=0 BYTES=0 , REPLY: SRC=176.36.141.89 DST=3.249.87.203 PROTO=ICMP TYPE=0 CODE=8 PKTS=0 BYTES=0
Nov 19 22:22:15 10.0.0.2 ulogd[1267]: [NEW] ORIG: SRC=fe80::b295:75ff:fe15:6fa5 DST=ff02::1:2 PROTO=UDP SPT=546 DPT=547 PKTS=0 BYTES=0 , REPLY: SRC=ff02::1:2 DST=fe80::b295:75ff:fe15:6fa5 PROTO=UDP SPT=547 DPT=546 PKTS=0 BYTES=0
Nov 19 22:22:26 10.0.0.2 ulogd[1267]: [NEW] ORIG: SRC=fd02:c8be:1d40:0:f461:8084:f6cb:7c20 DST=fd02:c8be:1d40::1 PROTO=UDP SPT=61959 DPT=53 PKTS=0 BYTES=0 , REPLY: SRC=fd02:c8be:1d40::1 DST=fd02:c8be:1d40:0:f461:8084:f6cb:7c20 PROTO=UDP SPT=53 DPT=61959 PKTS=0 BYTES=0
Nov 19 22:22:26 10.0.0.2 dnsmasq[1]: 474337 fd02:c8be:1d40:0:f461:8084:f6cb:7c20/61959 query[A] assets.msn.com from fd02:c8be:1d40:0:f461:8084:f6cb:7c20
Nov 19 22:22:26 10.0.0.2 dnsmasq[1]: 474337 fd02:c8be:1d40:0:f461:8084:f6cb:7c20/61959 forwarded assets.msn.com to 192.168.1.45
Nov 19 22:22:26 10.0.0.2 ulogd[1267]: [NEW] ORIG: SRC=fd02:c8be:1d40:0:f461:8084:f6cb:7c20 DST=fd02:c8be:1d40::1 PROTO=UDP SPT=49347 DPT=53 PKTS=0 BYTES=0 , REPLY: SRC=fd02:c8be:1d40::1 DST=fd02:c8be:1d40:0:f461:8084:f6cb:7c20 PROTO=UDP SPT=53 DPT=49347 PKTS=0 BYTES=0
Nov 19 22:22:26 10.0.0.2 ulogd[1267]: [NEW] ORIG: SRC=192.168.1.1 DST=192.168.1.45 PROTO=UDP SPT=43420 DPT=5353 PKTS=0 BYTES=0 , REPLY: SRC=192.168.1.45 DST=192.168.1.1 PROTO=UDP SPT=5353 DPT=43420 PKTS=0 BYTES=0
Nov 19 22:22:26 10.0.0.2 ulogd[1267]: [NEW] ORIG: SRC=176.36.141.89 DST=194.50.85.5 PROTO=UDP SPT=43420 DPT=53 PKTS=0 BYTES=0 , REPLY: SRC=194.50.85.5 DST=176.36.141.89 PROTO=UDP SPT=53 DPT=43420 PKTS=0 BYTES=0
Nov 19 22:22:26 10.0.0.2 dnsmasq[1]: 474337 fd02:c8be:1d40:0:f461:8084:f6cb:7c20/61959 forwarded assets.msn.com to 194.50.85.5
Nov 19 22:22:26 10.0.0.2 ulogd[1267]: [NEW] ORIG: SRC=176.36.141.89 DST=194.50.85.7 PROTO=UDP SPT=43420 DPT=53 PKTS=0 BYTES=0 , REPLY: SRC=194.50.85.7 DST=176.36.141.89 PROTO=UDP SPT=53 DPT=43420 PKTS=0 BYTES=0
Nov 19 22:22:26 10.0.0.2 dnsmasq[1]: 474337 fd02:c8be:1d40:0:f461:8084:f6cb:7c20/61959 forwarded assets.msn.com to 194.50.85.7
Nov 19 22:22:26 10.0.0.2 dnsmasq[1]: 474337 fd02:c8be:1d40:0:f461:8084:f6cb:7c20/61959 reply assets.msn.com is <CNAME>
Nov 19 22:22:26 10.0.0.2 dnsmasq[1]: 474337 fd02:c8be:1d40:0:f461:8084:f6cb:7c20/61959 reply assets.msn.com.edgekey.net is <CNAME>
Nov 19 22:22:26 10.0.0.2 dnsmasq[1]: 474337 fd02:c8be:1d40:0:f461:8084:f6cb:7c20/61959 reply e28578.d.akamaiedge.net is 95.100.111.8
Nov 19 22:22:26 10.0.0.2 dnsmasq[1]: 474337 fd02:c8be:1d40:0:f461:8084:f6cb:7c20/61959 reply e28578.d.akamaiedge.net is 95.100.111.121
Nov 19 22:22:26 10.0.0.2 dnsmasq[1]: 474337 fd02:c8be:1d40:0:f461:8084:f6cb:7c20/61959 reply e28578.d.akamaiedge.net is 95.100.111.97
Nov 19 22:22:26 10.0.0.2 dnsmasq[1]: 474337 fd02:c8be:1d40:0:f461:8084:f6cb:7c20/61959 reply e28578.d.akamaiedge.net is 95.100.111.72
Nov 19 22:22:26 10.0.0.2 dnsmasq[1]: 474337 fd02:c8be:1d40:0:f461:8084:f6cb:7c20/61959 reply e28578.d.akamaiedge.net is 95.100.111.11
Nov 19 22:22:26 10.0.0.2 dnsmasq[1]: 474337 fd02:c8be:1d40:0:f461:8084:f6cb:7c20/61959 reply e28578.d.akamaiedge.net is 95.100.111.19
Nov 19 22:22:26 10.0.0.2 dnsmasq[1]: 474337 fd02:c8be:1d40:0:f461:8084:f6cb:7c20/61959 reply e28578.d.akamaiedge.net is 95.100.111.59
Nov 19 22:22:26 10.0.0.2 dnsmasq[1]: 474337 fd02:c8be:1d40:0:f461:8084:f6cb:7c20/61959 reply e28578.d.akamaiedge.net is 95.100.111.48
Nov 19 22:22:26 10.0.0.2 dnsmasq[1]: 474337 fd02:c8be:1d40:0:f461:8084:f6cb:7c20/61959 reply e28578.d.akamaiedge.net is 95.100.111.64
Nov 19 22:22:26 10.0.0.2 dnsmasq[1]: 474338 fd02:c8be:1d40:0:f461:8084:f6cb:7c20/49347 query[AAAA] assets.msn.com from fd02:c8be:1d40:0:f461:8084:f6cb:7c20
Nov 19 22:22:26 10.0.0.2 dnsmasq[1]: 474338 fd02:c8be:1d40:0:f461:8084:f6cb:7c20/49347 cached assets.msn.com is <CNAME>
Nov 19 22:22:26 10.0.0.2 dnsmasq[1]: 474338 fd02:c8be:1d40:0:f461:8084:f6cb:7c20/49347 cached assets.msn.com.edgekey.net is <CNAME>
Nov 19 22:22:26 10.0.0.2 ulogd[1267]: [NEW] ORIG: SRC=176.36.141.89 DST=194.50.85.7 PROTO=UDP SPT=57724 DPT=53 PKTS=0 BYTES=0 , REPLY: SRC=194.50.85.7 DST=176.36.141.89 PROTO=UDP SPT=53 DPT=57724 PKTS=0 BYTES=0
Nov 19 22:22:26 10.0.0.2 dnsmasq[1]: 474338 fd02:c8be:1d40:0:f461:8084:f6cb:7c20/49347 forwarded assets.msn.com to 194.50.85.7
Nov 19 22:22:26 10.0.0.2 ulogd[1267]: [NEW] ORIG: SRC=192.168.1.180 DST=192.168.1.1 PROTO=UDP SPT=49347 DPT=53 PKTS=0 BYTES=0 , REPLY: SRC=192.168.1.1 DST=192.168.1.180 PROTO=UDP SPT=53 DPT=49347 PKTS=0 BYTES=0
Nov 19 22:22:26 10.0.0.2 dnsmasq[1]: 474339 192.168.1.180/49347 query[AAAA] assets.msn.com from 192.168.1.180
Nov 19 22:22:26 10.0.0.2 dnsmasq[1]: 474339 192.168.1.180/49347 cached assets.msn.com is <CNAME>
Nov 19 22:22:26 10.0.0.2 dnsmasq[1]: 474339 192.168.1.180/49347 cached assets.msn.com.edgekey.net is <CNAME>
Nov 19 22:22:26 10.0.0.2 dnsmasq[1]: 474338 fd02:c8be:1d40:0:f461:8084:f6cb:7c20/49347 reply assets.msn.com is <CNAME>
Nov 19 22:22:26 10.0.0.2 dnsmasq[1]: 474338 fd02:c8be:1d40:0:f461:8084:f6cb:7c20/49347 reply assets.msn.com.edgekey.net is <CNAME>
Nov 19 22:22:26 10.0.0.2 dnsmasq[1]: 474338 fd02:c8be:1d40:0:f461:8084:f6cb:7c20/49347 reply e28578.d.akamaiedge.net is NODATA-IPv6
Nov 19 22:22:26 10.0.0.2 dnsmasq[1]: 474339 192.168.1.180/49347 reply query is duplicate
Nov 19 22:22:26 10.0.0.2 ulogd[1267]: [NEW] ORIG: SRC=192.168.1.180 DST=95.100.111.8 PROTO=TCP SPT=49513 DPT=443 PKTS=0 BYTES=0 , REPLY: SRC=95.100.111.8 DST=176.36.141.89 PROTO=TCP SPT=443 DPT=49513 PKTS=0 BYTES=0
Nov 19 22:22:26 10.0.0.2 ulogd[1267]: [NEW] ORIG: SRC=192.168.1.180 DST=95.100.111.8 PROTO=TCP SPT=49512 DPT=443 PKTS=0 BYTES=0 , REPLY: SRC=95.100.111.8 DST=176.36.141.89 PROTO=TCP SPT=443 DPT=49512 PKTS=0 BYTES=0
Nov 19 22:22:26 10.0.0.2 ulogd[1267]: [NEW] ORIG: SRC=192.168.1.180 DST=95.100.111.8 PROTO=TCP SPT=49514 DPT=443 PKTS=0 BYTES=0 , REPLY: SRC=95.100.111.8 DST=176.36.141.89 PROTO=TCP SPT=443 DPT=49514 PKTS=0 BYTES=0
Nov 19 22:22:30 10.0.0.2 dnsmasq[1]: 474340 fd02:c8be:1d40:0:f461:8084:f6cb:7c20/61959 query[A] www.aljazeera.com from fd02:c8be:1d40:0:f461:8084:f6cb:7c20
Nov 19 22:22:30 10.0.0.2 dnsmasq[1]: 474340 fd02:c8be:1d40:0:f461:8084:f6cb:7c20/61959 forwarded www.aljazeera.com to 194.50.85.7
Nov 19 22:22:30 10.0.0.2 ulogd[1267]: [NEW] ORIG: SRC=176.36.141.89 DST=194.50.85.7 PROTO=UDP SPT=37249 DPT=53 PKTS=0 BYTES=0 , REPLY: SRC=194.50.85.7 DST=176.36.141.89 PROTO=UDP SPT=53 DPT=37249 PKTS=0 BYTES=0
Nov 19 22:22:31 10.0.0.2 ulogd[1267]: [NEW] ORIG: SRC=192.168.1.180 DST=192.168.1.1 PROTO=UDP SPT=61959 DPT=53 PKTS=0 BYTES=0 , REPLY: SRC=192.168.1.1 DST=192.168.1.180 PROTO=UDP SPT=53 DPT=61959 PKTS=0 BYTES=0
Nov 19 22:22:31 10.0.0.2 dnsmasq[1]: 474341 192.168.1.180/61959 query[A] www.aljazeera.com from 192.168.1.180
Nov 19 22:22:31 10.0.0.2 dnsmasq[1]: 474340 fd02:c8be:1d40:0:f461:8084:f6cb:7c20/61959 reply www.aljazeera.com is <CNAME>
Nov 19 22:22:31 10.0.0.2 dnsmasq[1]: 474340 fd02:c8be:1d40:0:f461:8084:f6cb:7c20/61959 reply www.aljazeera.com.edgekey.net is <CNAME>
Nov 19 22:22:31 10.0.0.2 dnsmasq[1]: 474340 fd02:c8be:1d40:0:f461:8084:f6cb:7c20/61959 reply e9106.dscg.akamaiedge.net is 23.48.0.162
Nov 19 22:22:31 10.0.0.2 dnsmasq[1]: 474341 192.168.1.180/61959 reply query is duplicate
Nov 19 22:22:41 10.0.0.2 ulogd[1267]: [DESTROY] ORIG: SRC=34.243.116.212 DST=176.36.141.89 PROTO=ICMP TYPE=0 CODE=8 PKTS=1 BYTES=36 , REPLY: SRC=176.36.141.89 DST=34.243.116.212 PROTO=ICMP TYPE=0 CODE=8 PKTS=1 BYTES=36
Nov 19 22:22:51 10.0.0.2 ulogd[1267]: [NEW] ORIG: SRC=192.168.1.180 DST=35.186.224.25 PROTO=UDP SPT=50671 DPT=443 PKTS=0 BYTES=0 , REPLY: SRC=35.186.224.25 DST=176.36.141.89 PROTO=UDP SPT=443 DPT=50671 PKTS=0 BYTES=0
Nov 19 22:22:53 10.0.0.2 ulogd[1267]: [DESTROY] ORIG: SRC=192.168.1.180 DST=35.186.224.18 PROTO=UDP SPT=53753 DPT=443 PKTS=23 BYTES=13518 , REPLY: SRC=35.186.224.18 DST=176.36.141.89 PROTO=UDP SPT=443 DPT=53753 PKTS=23 BYTES=5635
Nov 19 22:22:54 10.0.0.2 ulogd[1267]: [NEW] ORIG: SRC=192.168.1.180 DST=217.72.196.44 PROTO=TCP SPT=49515 DPT=443 PKTS=0 BYTES=0 , REPLY: SRC=217.72.196.44 DST=176.36.141.89 PROTO=TCP SPT=443 DPT=49515 PKTS=0 BYTES=0
Nov 19 22:22:57 10.0.0.2 ulogd[1267]: [NEW] ORIG: SRC=fd02:c8be:1d40:0:f461:8084:f6cb:7c20 DST=fd02:c8be:1d40::1 PROTO=UDP SPT=63246 DPT=53 PKTS=0 BYTES=0 , REPLY: SRC=fd02:c8be:1d40::1 DST=fd02:c8be:1d40:0:f461:8084:f6cb:7c20 PROTO=UDP SPT=53 DPT=63246 PKTS=0 BYTES=0
Nov 19 22:22:57 10.0.0.2 dnsmasq[1]: 474342 fd02:c8be:1d40:0:f461:8084:f6cb:7c20/63246 query[A] status.maxmind.com from fd02:c8be:1d40:0:f461:8084:f6cb:7c20
Nov 19 22:22:57 10.0.0.2 ulogd[1267]: [NEW] ORIG: SRC=192.168.1.1 DST=192.168.1.45 PROTO=UDP SPT=41282 DPT=5353 PKTS=0 BYTES=0 , REPLY: SRC=192.168.1.45 DST=192.168.1.1 PROTO=UDP SPT=5353 DPT=41282 PKTS=0 BYTES=0
Nov 19 22:22:57 10.0.0.2 dnsmasq[1]: 474342 fd02:c8be:1d40:0:f461:8084:f6cb:7c20/63246 forwarded status.maxmind.com to 192.168.1.45
Nov 19 22:22:57 10.0.0.2 ulogd[1267]: [NEW] ORIG: SRC=fd02:c8be:1d40:0:f461:8084:f6cb:7c20 DST=fd02:c8be:1d40::1 PROTO=UDP SPT=57726 DPT=53 PKTS=0 BYTES=0 , REPLY: SRC=fd02:c8be:1d40::1 DST=fd02:c8be:1d40:0:f461:8084:f6cb:7c20 PROTO=UDP SPT=53 DPT=57726 PKTS=0 BYTES=0
Nov 19 22:22:57 10.0.0.2 ulogd[1267]: [NEW] ORIG: SRC=176.36.141.89 DST=194.50.85.5 PROTO=UDP SPT=41282 DPT=53 PKTS=0 BYTES=0 , REPLY: SRC=194.50.85.5 DST=176.36.141.89 PROTO=UDP SPT=53 DPT=41282 PKTS=0 BYTES=0
Nov 19 22:22:57 10.0.0.2 dnsmasq[1]: 474342 fd02:c8be:1d40:0:f461:8084:f6cb:7c20/63246 forwarded status.maxmind.com to 194.50.85.5
Nov 19 22:22:57 10.0.0.2 ulogd[1267]: [NEW] ORIG: SRC=176.36.141.89 DST=194.50.85.7 PROTO=UDP SPT=41282 DPT=53 PKTS=0 BYTES=0 , REPLY: SRC=194.50.85.7 DST=176.36.141.89 PROTO=UDP SPT=53 DPT=41282 PKTS=0 BYTES=0
Nov 19 22:22:57 10.0.0.2 dnsmasq[1]: 474342 fd02:c8be:1d40:0:f461:8084:f6cb:7c20/63246 forwarded status.maxmind.com to 194.50.85.7
Nov 19 22:22:57 10.0.0.2 dnsmasq[1]: 474342 fd02:c8be:1d40:0:f461:8084:f6cb:7c20/63246 reply status.maxmind.com is <CNAME>
Nov 19 22:22:57 10.0.0.2 dnsmasq[1]: 474342 fd02:c8be:1d40:0:f461:8084:f6cb:7c20/63246 reply domain.status.io is 18.244.102.112
Nov 19 22:22:57 10.0.0.2 dnsmasq[1]: 474342 fd02:c8be:1d40:0:f461:8084:f6cb:7c20/63246 reply domain.status.io is 18.244.102.115
Nov 19 22:22:57 10.0.0.2 dnsmasq[1]: 474342 fd02:c8be:1d40:0:f461:8084:f6cb:7c20/63246 reply domain.status.io is 18.244.102.67
Nov 19 22:22:57 10.0.0.2 dnsmasq[1]: 474342 fd02:c8be:1d40:0:f461:8084:f6cb:7c20/63246 reply domain.status.io is 18.244.102.63
Nov 19 22:22:57 10.0.0.2 dnsmasq[1]: 474343 fd02:c8be:1d40:0:f461:8084:f6cb:7c20/57726 query[A] lps.navigator-bs.gmx.com from fd02:c8be:1d40:0:f461:8084:f6cb:7c20
Nov 19 22:22:57 10.0.0.2 dnsmasq[1]: 474343 fd02:c8be:1d40:0:f461:8084:f6cb:7c20/57726 forwarded lps.navigator-bs.gmx.com to 194.50.85.7
Nov 19 22:22:57 10.0.0.2 ulogd[1267]: [NEW] ORIG: SRC=176.36.141.89 DST=194.50.85.7 PROTO=UDP SPT=50083 DPT=53 PKTS=0 BYTES=0 , REPLY: SRC=194.50.85.7 DST=176.36.141.89 PROTO=UDP SPT=53 DPT=50083 PKTS=0 BYTES=0
Nov 19 22:22:57 10.0.0.2 ulogd[1267]: [NEW] ORIG: SRC=192.168.1.180 DST=192.168.1.1 PROTO=UDP SPT=57726 DPT=53 PKTS=0 BYTES=0 , REPLY: SRC=192.168.1.1 DST=192.168.1.180 PROTO=UDP SPT=53 DPT=57726 PKTS=0 BYTES=0
Nov 19 22:22:57 10.0.0.2 dnsmasq[1]: 474344 192.168.1.180/57726 query[A] lps.navigator-bs.gmx.com from 192.168.1.180
Nov 19 22:22:58 10.0.0.2 dnsmasq[1]: 474343 fd02:c8be:1d40:0:f461:8084:f6cb:7c20/57726 reply lps.navigator-bs.gmx.com is 217.72.199.27
Nov 19 22:22:58 10.0.0.2 ulogd[1267]: [NEW] ORIG: SRC=192.168.1.180 DST=217.72.199.27 PROTO=TCP SPT=49516 DPT=443 PKTS=0 BYTES=0 , REPLY: SRC=217.72.199.27 DST=176.36.141.89 PROTO=TCP SPT=443 DPT=49516 PKTS=0 BYTES=0
Nov 19 22:22:58 10.0.0.2 dnsmasq[1]: 474344 192.168.1.180/57726 reply query is duplicate
Nov 19 22:22:58 10.0.0.2 ulogd[1267]: [DESTROY] ORIG: SRC=192.168.1.45 DST=140.82.121.34 PROTO=TCP SPT=57810 DPT=443 PKTS=19 BYTES=2230 , REPLY: SRC=140.82.121.34 DST=176.36.141.89 PROTO=TCP SPT=443 DPT=57810 PKTS=8 BYTES=5121
Nov 19 22:23:00 10.0.0.2 ulogd[1267]: [DESTROY] ORIG: SRC=fd02:c8be:1d40:0:f461:8084:f6cb:7c20 DST=fd02:c8be:1d40::1 PROTO=UDP SPT=51648 DPT=53 PKTS=1 BYTES=74 , REPLY: SRC=fd02:c8be:1d40::1 DST=fd02:c8be:1d40:0:f461:8084:f6cb:7c20 PROTO=UDP SPT=53 DPT=51648 PKTS=1 BYTES=74
Nov 19 22:23:07 10.0.0.2 dnsmasq[1]: 474345 fd02:c8be:1d40:0:f461:8084:f6cb:7c20/63246 query[A] sync-v2.brave.com from fd02:c8be:1d40:0:f461:8084:f6cb:7c20
Nov 19 22:23:07 10.0.0.2 dnsmasq[1]: 474345 fd02:c8be:1d40:0:f461:8084:f6cb:7c20/63246 forwarded sync-v2.brave.com to 194.50.85.7
Nov 19 22:23:07 10.0.0.2 ulogd[1267]: [NEW] ORIG: SRC=176.36.141.89 DST=194.50.85.7 PROTO=UDP SPT=58498 DPT=53 PKTS=0 BYTES=0 , REPLY: SRC=194.50.85.7 DST=176.36.141.89 PROTO=UDP SPT=53 DPT=58498 PKTS=0 BYTES=0
Nov 19 22:23:07 10.0.0.2 ulogd[1267]: [NEW] ORIG: SRC=192.168.1.180 DST=192.168.1.1 PROTO=UDP SPT=63246 DPT=53 PKTS=0 BYTES=0 , REPLY: SRC=192.168.1.1 DST=192.168.1.180 PROTO=UDP SPT=53 DPT=63246 PKTS=0 BYTES=0
Nov 19 22:23:07 10.0.0.2 dnsmasq[1]: 474346 192.168.1.180/63246 query[A] sync-v2.brave.com from 192.168.1.180
Nov 19 22:23:07 10.0.0.2 ulogd[1267]: [NEW] ORIG: SRC=54.75.65.205 DST=176.36.141.89 PROTO=ICMP TYPE=0 CODE=8 PKTS=0 BYTES=0 , REPLY: SRC=176.36.141.89 DST=54.75.65.205 PROTO=ICMP TYPE=0 CODE=8 PKTS=0 BYTES=0
Nov 19 22:23:07 10.0.0.2 ulogd[1267]: [NEW] ORIG: SRC=63.33.192.172 DST=176.36.141.89 PROTO=ICMP TYPE=0 CODE=8 PKTS=0 BYTES=0 , REPLY: SRC=176.36.141.89 DST=63.33.192.172 PROTO=ICMP TYPE=0 CODE=8 PKTS=0 BYTES=0
Nov 19 22:23:08 10.0.0.2 ulogd[1267]: [NEW] ORIG: SRC=54.171.151.67 DST=176.36.141.89 PROTO=ICMP TYPE=0 CODE=8 PKTS=0 BYTES=0 , REPLY: SRC=176.36.141.89 DST=54.171.151.67 PROTO=ICMP TYPE=0 CODE=8 PKTS=0 BYTES=0
Nov 19 22:23:08 10.0.0.2 dnsmasq[1]: 474347 fd02:c8be:1d40:0:f461:8084:f6cb:7c20/63246 query[A] sync-v2.brave.com from fd02:c8be:1d40:0:f461:8084:f6cb:7c20
Nov 19 22:23:08 10.0.0.2 dnsmasq[1]: 474347 fd02:c8be:1d40:0:f461:8084:f6cb:7c20/63246 forwarded sync-v2.brave.com to 192.168.1.45
Nov 19 22:23:08 10.0.0.2 ulogd[1267]: [NEW] ORIG: SRC=192.168.1.1 DST=192.168.1.45 PROTO=UDP SPT=58498 DPT=5353 PKTS=0 BYTES=0 , REPLY: SRC=192.168.1.45 DST=192.168.1.1 PROTO=UDP SPT=5353 DPT=58498 PKTS=0 BYTES=0
Nov 19 22:23:08 10.0.0.2 ulogd[1267]: [NEW] ORIG: SRC=176.36.141.89 DST=194.50.85.5 PROTO=UDP SPT=58498 DPT=53 PKTS=0 BYTES=0 , REPLY: SRC=194.50.85.5 DST=176.36.141.89 PROTO=UDP SPT=53 DPT=58498 PKTS=0 BYTES=0
Nov 19 22:23:08 10.0.0.2 dnsmasq[1]: 474347 fd02:c8be:1d40:0:f461:8084:f6cb:7c20/63246 forwarded sync-v2.brave.com to 194.50.85.5
Nov 19 22:23:08 10.0.0.2 dnsmasq[1]: 474347 fd02:c8be:1d40:0:f461:8084:f6cb:7c20/63246 forwarded sync-v2.brave.com to 194.50.85.7
Nov 19 22:23:08 10.0.0.2 dnsmasq[1]: 474347 fd02:c8be:1d40:0:f461:8084:f6cb:7c20/63246 reply sync-v2.brave.com is <CNAME>
Nov 19 22:23:08 10.0.0.2 dnsmasq[1]: 474347 fd02:c8be:1d40:0:f461:8084:f6cb:7c20/63246 reply sync-alb-152764135.us-west-2.elb.amazonaws.com is 52.34.169.249
Nov 19 22:23:08 10.0.0.2 dnsmasq[1]: 474347 fd02:c8be:1d40:0:f461:8084:f6cb:7c20/63246 reply sync-alb-152764135.us-west-2.elb.amazonaws.com is 44.228.160.54
Nov 19 22:23:08 10.0.0.2 dnsmasq[1]: 474347 fd02:c8be:1d40:0:f461:8084:f6cb:7c20/63246 reply sync-alb-152764135.us-west-2.elb.amazonaws.com is 54.190.8.136
Nov 19 22:23:08 10.0.0.2 dnsmasq[1]: 474346 192.168.1.180/63246 reply query is duplicate
Nov 19 22:23:16 10.0.0.2 ulogd[1267]: [DESTROY] ORIG: SRC=176.36.141.89 DST=194.50.85.7 PROTO=UDP SPT=51697 DPT=53 PKTS=1 BYTES=69 , REPLY: SRC=194.50.85.7 DST=176.36.141.89 PROTO=UDP SPT=53 DPT=51697 PKTS=1 BYTES=118
Nov 19 22:23:16 10.0.0.2 ulogd[1267]: [DESTROY] ORIG: SRC=192.168.1.45 DST=192.168.1.1 PROTO=UDP SPT=39836 DPT=53 PKTS=1 BYTES=64 , REPLY: SRC=192.168.1.1 DST=192.168.1.45 PROTO=UDP SPT=53 DPT=39836 PKTS=1 BYTES=126
Nov 19 22:23:17 10.0.0.2 ulogd[1267]: [NEW] ORIG: SRC=178.62.203.224 DST=176.36.141.89 PROTO=ICMP TYPE=0 CODE=8 PKTS=0 BYTES=0 , REPLY: SRC=176.36.141.89 DST=178.62.203.224 PROTO=ICMP TYPE=0 CODE=8 PKTS=0 BYTES=0
Nov 19 22:23:27 10.0.0.2 ulogd[1267]: [DESTROY] ORIG: SRC=176.36.141.89 DST=194.50.85.7 PROTO=UDP SPT=43420 DPT=53 PKTS=1 BYTES=60 , REPLY: SRC=194.50.85.7 DST=176.36.141.89 PROTO=UDP SPT=53 DPT=43420 PKTS=1 BYTES=278
Nov 19 22:23:29 10.0.0.2 dnsmasq[1]: 474348 fd02:c8be:1d40:0:f461:8084:f6cb:7c20/57086 query[A] event.shelljacket.us from fd02:c8be:1d40:0:f461:8084:f6cb:7c20
Nov 19 22:23:29 10.0.0.2 ulogd[1267]: [NEW] ORIG: SRC=fd02:c8be:1d40:0:f461:8084:f6cb:7c20 DST=fd02:c8be:1d40::1 PROTO=UDP SPT=57086 DPT=53 PKTS=0 BYTES=0 , REPLY: SRC=fd02:c8be:1d40::1 DST=fd02:c8be:1d40:0:f461:8084:f6cb:7c20 PROTO=UDP SPT=53 DPT=57086 PKTS=0 BYTES=0
Nov 19 22:23:29 10.0.0.2 ulogd[1267]: [NEW] ORIG: SRC=192.168.1.1 DST=192.168.1.45 PROTO=UDP SPT=48850 DPT=5353 PKTS=0 BYTES=0 , REPLY: SRC=192.168.1.45 DST=192.168.1.1 PROTO=UDP SPT=5353 DPT=48850 PKTS=0 BYTES=0
Nov 19 22:23:29 10.0.0.2 dnsmasq[1]: 474348 fd02:c8be:1d40:0:f461:8084:f6cb:7c20/57086 forwarded event.shelljacket.us to 192.168.1.45
Nov 19 22:23:29 10.0.0.2 dnsmasq[1]: 474348 fd02:c8be:1d40:0:f461:8084:f6cb:7c20/57086 forwarded event.shelljacket.us to 194.50.85.5
Nov 19 22:23:29 10.0.0.2 ulogd[1267]: [NEW] ORIG: SRC=176.36.141.89 DST=194.50.85.5 PROTO=UDP SPT=48850 DPT=53 PKTS=0 BYTES=0 , REPLY: SRC=194.50.85.5 DST=176.36.141.89 PROTO=UDP SPT=53 DPT=48850 PKTS=0 BYTES=0
Nov 19 22:23:29 10.0.0.2 ulogd[1267]: [NEW] ORIG: SRC=176.36.141.89 DST=194.50.85.7 PROTO=UDP SPT=48850 DPT=53 PKTS=0 BYTES=0 , REPLY: SRC=194.50.85.7 DST=176.36.141.89 PROTO=UDP SPT=53 DPT=48850 PKTS=0 BYTES=0
Nov 19 22:23:29 10.0.0.2 dnsmasq[1]: 474348 fd02:c8be:1d40:0:f461:8084:f6cb:7c20/57086 forwarded event.shelljacket.us to 194.50.85.7
Nov 19 22:23:29 10.0.0.2 dnsmasq[1]: 474348 fd02:c8be:1d40:0:f461:8084:f6cb:7c20/57086 reply event.shelljacket.us is 159.89.100.215
Nov 19 22:23:29 10.0.0.2 dnsmasq[1]: 474348 fd02:c8be:1d40:0:f461:8084:f6cb:7c20/57086 reply event.shelljacket.us is 138.68.77.102
Nov 19 22:23:29 10.0.0.2 dnsmasq[1]: 474348 fd02:c8be:1d40:0:f461:8084:f6cb:7c20/57086 reply event.shelljacket.us is 46.101.131.214
Nov 19 22:23:29 10.0.0.2 dnsmasq[1]: 474348 fd02:c8be:1d40:0:f461:8084:f6cb:7c20/57086 reply event.shelljacket.us is 138.68.92.190
Nov 19 22:23:29 10.0.0.2 dnsmasq[1]: 474348 fd02:c8be:1d40:0:f461:8084:f6cb:7c20/57086 reply event.shelljacket.us is 138.68.101.1
