Dec  9 00:45:10 10.0.0.2 ulogd[1267]: [NEW] ORIG: SRC=192.168.1.151 DST=192.168.1.1 PROTO=UDP SPT=49968 DPT=53 PKTS=0 BYTES=0 , REPLY: SRC=192.168.1.1 DST=192.168.1.151 PROTO=UDP SPT=53 DPT=49968 PKTS=0 BYTES=0
Dec  9 00:45:10 10.0.0.2 ulogd[1267]: [NEW] ORIG: SRC=192.168.1.151 DST=192.168.1.1 PROTO=UDP SPT=50605 DPT=53 PKTS=0 BYTES=0 , REPLY: SRC=192.168.1.1 DST=192.168.1.151 PROTO=UDP SPT=53 DPT=50605 PKTS=0 BYTES=0
Dec  9 00:45:10 10.0.0.2 dnsmasq[1]: 2117777 192.168.1.151/49968 query[type=65] gs-loc.apple.com from 192.168.1.151
Dec  9 00:45:10 10.0.0.2 ulogd[1267]: [NEW] ORIG: SRC=176.36.141.89 DST=194.50.85.5 PROTO=UDP SPT=46931 DPT=53 PKTS=0 BYTES=0 , REPLY: SRC=194.50.85.5 DST=176.36.141.89 PROTO=UDP SPT=53 DPT=46931 PKTS=0 BYTES=0
Dec  9 00:45:10 10.0.0.2 dnsmasq[1]: 2117777 192.168.1.151/49968 forwarded gs-loc.apple.com to 194.50.85.5
Dec  9 00:45:10 10.0.0.2 dnsmasq[1]: 2117777 192.168.1.151/49968 reply gs-loc.apple.com is <CNAME>
Dec  9 00:45:10 10.0.0.2 dnsmasq[1]: 2117777 192.168.1.151/49968 reply gs-loc-new.ls-apple.com.akadns.net is <CNAME>
Dec  9 00:45:10 10.0.0.2 dnsmasq[1]: 2117777 192.168.1.151/49968 reply gs-loc.ls-apple.com.akadns.net is NODATA
Dec  9 00:45:10 10.0.0.2 dnsmasq[1]: 2117778 192.168.1.151/50605 query[A] gs-loc.apple.com from 192.168.1.151
Dec  9 00:45:10 10.0.0.2 ulogd[1267]: [NEW] ORIG: SRC=176.36.141.89 DST=194.50.85.5 PROTO=UDP SPT=43657 DPT=53 PKTS=0 BYTES=0 , REPLY: SRC=194.50.85.5 DST=176.36.141.89 PROTO=UDP SPT=53 DPT=43657 PKTS=0 BYTES=0
Dec  9 00:45:10 10.0.0.2 dnsmasq[1]: 2117778 192.168.1.151/50605 forwarded gs-loc.apple.com to 194.50.85.5
Dec  9 00:45:10 10.0.0.2 dnsmasq[1]: 2117778 192.168.1.151/50605 reply gs-loc.apple.com is <CNAME>
Dec  9 00:45:10 10.0.0.2 dnsmasq[1]: 2117778 192.168.1.151/50605 reply gs-loc-new.ls-apple.com.akadns.net is <CNAME>
Dec  9 00:45:10 10.0.0.2 dnsmasq[1]: 2117778 192.168.1.151/50605 reply gs-loc.ls-apple.com.akadns.net is 17.36.206.5
Dec  9 00:45:10 10.0.0.2 dnsmasq[1]: 2117778 192.168.1.151/50605 reply gs-loc.ls-apple.com.akadns.net is 17.36.206.4
Dec  9 00:45:10 10.0.0.2 ulogd[1267]: [NEW] ORIG: SRC=192.168.1.151 DST=192.168.1.1 PROTO=UDP SPT=60219 DPT=53 PKTS=0 BYTES=0 , REPLY: SRC=192.168.1.1 DST=192.168.1.151 PROTO=UDP SPT=53 DPT=60219 PKTS=0 BYTES=0
Dec  9 00:45:10 10.0.0.2 dnsmasq[1]: 2117779 192.168.1.151/60219 query[type=65] gs-loc.ls-apple.com.akadns.net from 192.168.1.151
Dec  9 00:45:10 10.0.0.2 ulogd[1267]: [NEW] ORIG: SRC=176.36.141.89 DST=194.50.85.5 PROTO=UDP SPT=60019 DPT=53 PKTS=0 BYTES=0 , REPLY: SRC=194.50.85.5 DST=176.36.141.89 PROTO=UDP SPT=53 DPT=60019 PKTS=0 BYTES=0
Dec  9 00:45:10 10.0.0.2 dnsmasq[1]: 2117779 192.168.1.151/60219 forwarded gs-loc.ls-apple.com.akadns.net to 194.50.85.5
Dec  9 00:45:10 10.0.0.2 dnsmasq[1]: 2117779 192.168.1.151/60219 reply gs-loc.ls-apple.com.akadns.net is NODATA
Dec  9 00:45:10 10.0.0.2 ulogd[1267]: [DESTROY] ORIG: SRC=fd02:c8be:1d40:0:75c3:3b72:9ae4:cb64 DST=fd02:c8be:1d40::1 PROTO=UDP SPT=64119 DPT=53 PKTS=1 BYTES=86 , REPLY: SRC=fd02:c8be:1d40::1 DST=fd02:c8be:1d40:0:75c3:3b72:9ae4:cb64 PROTO=UDP SPT=53 DPT=64119 PKTS=1 BYTES=198
Dec  9 00:45:10 10.0.0.2 ulogd[1267]: [NEW] ORIG: SRC=192.168.1.151 DST=17.36.206.5 PROTO=TCP SPT=64095 DPT=443 PKTS=0 BYTES=0 , REPLY: SRC=17.36.206.5 DST=176.36.141.89 PROTO=TCP SPT=443 DPT=64095 PKTS=0 BYTES=0
Dec  9 00:45:10 10.0.0.2 ulogd[1267]: [NEW] ORIG: SRC=192.168.1.180 DST=185.86.139.95 PROTO=TCP SPT=65339 DPT=443 PKTS=0 BYTES=0 , REPLY: SRC=185.86.139.95 DST=176.36.141.89 PROTO=TCP SPT=443 DPT=65339 PKTS=0 BYTES=0
Dec  9 00:45:10 10.0.0.2 dnsmasq[1]: 2117780 192.168.1.151/54801 query[type=65] people-pa.googleapis.com from 192.168.1.151
Dec  9 00:45:10 10.0.0.2 ulogd[1267]: [NEW] ORIG: SRC=192.168.1.151 DST=192.168.1.1 PROTO=UDP SPT=54801 DPT=53 PKTS=0 BYTES=0 , REPLY: SRC=192.168.1.1 DST=192.168.1.151 PROTO=UDP SPT=53 DPT=54801 PKTS=0 BYTES=0
Dec  9 00:45:10 10.0.0.2 ulogd[1267]: [NEW] ORIG: SRC=192.168.1.151 DST=192.168.1.1 PROTO=UDP SPT=56293 DPT=53 PKTS=0 BYTES=0 , REPLY: SRC=192.168.1.1 DST=192.168.1.151 PROTO=UDP SPT=53 DPT=56293 PKTS=0 BYTES=0
Dec  9 00:45:10 10.0.0.2 dnsmasq[1]: 2117780 192.168.1.151/54801 forwarded people-pa.googleapis.com to 194.50.85.5
Dec  9 00:45:10 10.0.0.2 ulogd[1267]: [NEW] ORIG: SRC=192.168.1.151 DST=192.168.1.1 PROTO=UDP SPT=63903 DPT=53 PKTS=0 BYTES=0 , REPLY: SRC=192.168.1.1 DST=192.168.1.151 PROTO=UDP SPT=53 DPT=63903 PKTS=0 BYTES=0
Dec  9 00:45:10 10.0.0.2 dnsmasq[1]: 2117781 192.168.1.151/56293 query[A] people-pa.googleapis.com from 192.168.1.151
Dec  9 00:45:10 10.0.0.2 ulogd[1267]: [NEW] ORIG: SRC=176.36.141.89 DST=194.50.85.5 PROTO=UDP SPT=57428 DPT=53 PKTS=0 BYTES=0 , REPLY: SRC=194.50.85.5 DST=176.36.141.89 PROTO=UDP SPT=53 DPT=57428 PKTS=0 BYTES=0
Dec  9 00:45:10 10.0.0.2 dnsmasq[1]: 2117781 192.168.1.151/56293 forwarded people-pa.googleapis.com to 194.50.85.5
Dec  9 00:45:10 10.0.0.2 dnsmasq[1]: 2117782 192.168.1.151/63903 query[type=65] mobilemaps.googleapis.com from 192.168.1.151
Dec  9 00:45:10 10.0.0.2 ulogd[1267]: [NEW] ORIG: SRC=176.36.141.89 DST=194.50.85.5 PROTO=UDP SPT=40168 DPT=53 PKTS=0 BYTES=0 , REPLY: SRC=194.50.85.5 DST=176.36.141.89 PROTO=UDP SPT=53 DPT=40168 PKTS=0 BYTES=0
Dec  9 00:45:10 10.0.0.2 ulogd[1267]: [NEW] ORIG: SRC=192.168.1.151 DST=192.168.1.1 PROTO=UDP SPT=50686 DPT=53 PKTS=0 BYTES=0 , REPLY: SRC=192.168.1.1 DST=192.168.1.151 PROTO=UDP SPT=53 DPT=50686 PKTS=0 BYTES=0
Dec  9 00:45:10 10.0.0.2 dnsmasq[1]: 2117782 192.168.1.151/63903 forwarded mobilemaps.googleapis.com to 194.50.85.5
Dec  9 00:45:10 10.0.0.2 ulogd[1267]: [NEW] ORIG: SRC=192.168.1.151 DST=192.168.1.1 PROTO=UDP SPT=51842 DPT=53 PKTS=0 BYTES=0 , REPLY: SRC=192.168.1.1 DST=192.168.1.151 PROTO=UDP SPT=53 DPT=51842 PKTS=0 BYTES=0
Dec  9 00:45:10 10.0.0.2 ulogd[1267]: [NEW] ORIG: SRC=192.168.1.151 DST=192.168.1.1 PROTO=UDP SPT=64250 DPT=53 PKTS=0 BYTES=0 , REPLY: SRC=192.168.1.1 DST=192.168.1.151 PROTO=UDP SPT=53 DPT=64250 PKTS=0 BYTES=0
Dec  9 00:45:10 10.0.0.2 dnsmasq[1]: 2117780 192.168.1.151/54801 reply people-pa.googleapis.com is NODATA
Dec  9 00:45:10 10.0.0.2 ulogd[1267]: [NEW] ORIG: SRC=176.36.141.89 DST=194.50.85.5 PROTO=UDP SPT=34666 DPT=53 PKTS=0 BYTES=0 , REPLY: SRC=194.50.85.5 DST=176.36.141.89 PROTO=UDP SPT=53 DPT=34666 PKTS=0 BYTES=0
Dec  9 00:45:10 10.0.0.2 ulogd[1267]: [NEW] ORIG: SRC=192.168.1.151 DST=192.168.1.1 PROTO=UDP SPT=54302 DPT=53 PKTS=0 BYTES=0 , REPLY: SRC=192.168.1.1 DST=192.168.1.151 PROTO=UDP SPT=53 DPT=54302 PKTS=0 BYTES=0
Dec  9 00:45:10 10.0.0.2 dnsmasq[1]: 2117783 192.168.1.151/50686 query[type=65] www.googleapis.com from 192.168.1.151
Dec  9 00:45:10 10.0.0.2 dnsmasq[1]: 2117783 192.168.1.151/50686 forwarded www.googleapis.com to 194.50.85.5
Dec  9 00:45:10 10.0.0.2 dnsmasq[1]: 2117781 192.168.1.151/56293 reply people-pa.googleapis.com is 142.250.180.202
Dec  9 00:45:10 10.0.0.2 ulogd[1267]: [NEW] ORIG: SRC=176.36.141.89 DST=194.50.85.5 PROTO=UDP SPT=35819 DPT=53 PKTS=0 BYTES=0 , REPLY: SRC=194.50.85.5 DST=176.36.141.89 PROTO=UDP SPT=53 DPT=35819 PKTS=0 BYTES=0
Dec  9 00:45:10 10.0.0.2 dnsmasq[1]: 2117781 192.168.1.151/56293 reply people-pa.googleapis.com is 142.251.39.42
Dec  9 00:45:10 10.0.0.2 dnsmasq[1]: 2117781 192.168.1.151/56293 reply people-pa.googleapis.com is 142.250.201.202
Dec  9 00:45:10 10.0.0.2 dnsmasq[1]: 2117781 192.168.1.151/56293 reply people-pa.googleapis.com is 142.251.208.106
Dec  9 00:45:10 10.0.0.2 dnsmasq[1]: 2117781 192.168.1.151/56293 reply people-pa.googleapis.com is 142.251.39.10
Dec  9 00:45:10 10.0.0.2 dnsmasq[1]: 2117781 192.168.1.151/56293 reply people-pa.googleapis.com is 142.250.180.234
Dec  9 00:45:10 10.0.0.2 dnsmasq[1]: 2117781 192.168.1.151/56293 reply people-pa.googleapis.com is 142.251.208.170
Dec  9 00:45:10 10.0.0.2 dnsmasq[1]: 2117781 192.168.1.151/56293 reply people-pa.googleapis.com is 172.217.20.10
Dec  9 00:45:10 10.0.0.2 dnsmasq[1]: 2117781 192.168.1.151/56293 reply people-pa.googleapis.com is 142.251.208.138
Dec  9 00:45:10 10.0.0.2 dnsmasq[1]: 2117781 192.168.1.151/56293 reply people-pa.googleapis.com is 172.217.19.106
Dec  9 00:45:10 10.0.0.2 dnsmasq[1]: 2117781 192.168.1.151/56293 reply people-pa.googleapis.com is 142.251.39.74
Dec  9 00:45:10 10.0.0.2 dnsmasq[1]: 2117782 192.168.1.151/63903 reply mobilemaps.googleapis.com is NODATA
Dec  9 00:45:10 10.0.0.2 dnsmasq[1]: 2117784 192.168.1.151/51842 query[A] www.googleapis.com from 192.168.1.151
Dec  9 00:45:10 10.0.0.2 dnsmasq[1]: 2117784 192.168.1.151/51842 forwarded www.googleapis.com to 194.50.85.5
Dec  9 00:45:10 10.0.0.2 dnsmasq[1]: 2117783 192.168.1.151/50686 reply www.googleapis.com is NODATA
Dec  9 00:45:10 10.0.0.2 dnsmasq[1]: 2117785 192.168.1.151/64250 query[type=65] mobilemaps-pa-gz.googleapis.com from 192.168.1.151
Dec  9 00:45:10 10.0.0.2 ulogd[1267]: [NEW] ORIG: SRC=176.36.141.89 DST=194.50.85.5 PROTO=UDP SPT=53039 DPT=53 PKTS=0 BYTES=0 , REPLY: SRC=194.50.85.5 DST=176.36.141.89 PROTO=UDP SPT=53 DPT=53039 PKTS=0 BYTES=0
Dec  9 00:45:10 10.0.0.2 dnsmasq[1]: 2117785 192.168.1.151/64250 forwarded mobilemaps-pa-gz.googleapis.com to 194.50.85.5
Dec  9 00:45:10 10.0.0.2 dnsmasq[1]: 2117784 192.168.1.151/51842 reply www.googleapis.com is 142.250.180.202
Dec  9 00:45:10 10.0.0.2 dnsmasq[1]: 2117784 192.168.1.151/51842 reply www.googleapis.com is 142.251.208.138
Dec  9 00:45:10 10.0.0.2 ulogd[1267]: [NEW] ORIG: SRC=176.36.141.89 DST=194.50.85.5 PROTO=UDP SPT=57590 DPT=53 PKTS=0 BYTES=0 , REPLY: SRC=194.50.85.5 DST=176.36.141.89 PROTO=UDP SPT=53 DPT=57590 PKTS=0 BYTES=0
Dec  9 00:45:10 10.0.0.2 dnsmasq[1]: 2117784 192.168.1.151/51842 reply www.googleapis.com is 142.251.39.10
Dec  9 00:45:10 10.0.0.2 dnsmasq[1]: 2117784 192.168.1.151/51842 reply www.googleapis.com is 142.251.39.74
Dec  9 00:45:10 10.0.0.2 dnsmasq[1]: 2117784 192.168.1.151/51842 reply www.googleapis.com is 172.217.19.106
Dec  9 00:45:10 10.0.0.2 dnsmasq[1]: 2117784 192.168.1.151/51842 reply www.googleapis.com is 142.250.201.202
Dec  9 00:45:10 10.0.0.2 dnsmasq[1]: 2117784 192.168.1.151/51842 reply www.googleapis.com is 142.251.208.170
Dec  9 00:45:10 10.0.0.2 dnsmasq[1]: 2117784 192.168.1.151/51842 reply www.googleapis.com is 142.251.39.42
Dec  9 00:45:10 10.0.0.2 dnsmasq[1]: 2117784 192.168.1.151/51842 reply www.googleapis.com is 142.250.180.234
Dec  9 00:45:10 10.0.0.2 dnsmasq[1]: 2117784 192.168.1.151/51842 reply www.googleapis.com is 142.251.208.106
Dec  9 00:45:10 10.0.0.2 dnsmasq[1]: 2117786 192.168.1.151/54302 query[A] mobilemaps-pa-gz.googleapis.com from 192.168.1.151
Dec  9 00:45:10 10.0.0.2 dnsmasq[1]: 2117786 192.168.1.151/54302 forwarded mobilemaps-pa-gz.googleapis.com to 194.50.85.5
Dec  9 00:45:10 10.0.0.2 dnsmasq[1]: 2117785 192.168.1.151/64250 reply mobilemaps-pa-gz.googleapis.com is NODATA
Dec  9 00:45:10 10.0.0.2 dnsmasq[1]: 2117786 192.168.1.151/54302 reply mobilemaps-pa-gz.googleapis.com is 216.239.38.135
Dec  9 00:45:10 10.0.0.2 ulogd[1267]: [NEW] ORIG: SRC=176.36.141.89 DST=194.50.85.5 PROTO=UDP SPT=58701 DPT=53 PKTS=0 BYTES=0 , REPLY: SRC=194.50.85.5 DST=176.36.141.89 PROTO=UDP SPT=53 DPT=58701 PKTS=0 BYTES=0
Dec  9 00:45:11 10.0.0.2 ulogd[1267]: [NEW] ORIG: SRC=192.168.1.151 DST=216.239.38.135 PROTO=TCP SPT=64096 DPT=443 PKTS=0 BYTES=0 , REPLY: SRC=216.239.38.135 DST=176.36.141.89 PROTO=TCP SPT=443 DPT=64096 PKTS=0 BYTES=0
Dec  9 00:45:11 10.0.0.2 ulogd[1267]: [NEW] ORIG: SRC=192.168.1.151 DST=142.250.180.202 PROTO=TCP SPT=64097 DPT=443 PKTS=0 BYTES=0 , REPLY: SRC=142.250.180.202 DST=176.36.141.89 PROTO=TCP SPT=443 DPT=64097 PKTS=0 BYTES=0
Dec  9 00:45:11 10.0.0.2 ulogd[1267]: [NEW] ORIG: SRC=192.168.1.151 DST=142.250.180.202 PROTO=TCP SPT=64098 DPT=443 PKTS=0 BYTES=0 , REPLY: SRC=142.250.180.202 DST=176.36.141.89 PROTO=TCP SPT=443 DPT=64098 PKTS=0 BYTES=0
Dec  9 00:45:11 10.0.0.2 ulogd[1267]: [NEW] ORIG: SRC=192.168.1.151 DST=216.239.38.135 PROTO=TCP SPT=64099 DPT=443 PKTS=0 BYTES=0 , REPLY: SRC=216.239.38.135 DST=176.36.141.89 PROTO=TCP SPT=443 DPT=64099 PKTS=0 BYTES=0
Dec  9 00:45:11 10.0.0.2 dnsmasq[1]: 2117787 192.168.1.45/56405 query[A] updates.maxmind.com from 192.168.1.45
Dec  9 00:45:11 10.0.0.2 dnsmasq[1]: 2117787 192.168.1.45/56405 cached updates.maxmind.com is 162.159.134.22
Dec  9 00:45:11 10.0.0.2 dnsmasq[1]: 2117787 192.168.1.45/56405 cached updates.maxmind.com is 162.159.135.22
Dec  9 00:45:11 10.0.0.2 ulogd[1267]: [NEW] ORIG: SRC=192.168.1.45 DST=192.168.1.1 PROTO=UDP SPT=56405 DPT=53 PKTS=0 BYTES=0 , REPLY: SRC=192.168.1.1 DST=192.168.1.45 PROTO=UDP SPT=53 DPT=56405 PKTS=0 BYTES=0
Dec  9 00:45:11 10.0.0.2 ulogd[1267]: [NEW] ORIG: SRC=192.168.1.45 DST=192.168.1.1 PROTO=UDP SPT=50476 DPT=53 PKTS=0 BYTES=0 , REPLY: SRC=192.168.1.1 DST=192.168.1.45 PROTO=UDP SPT=53 DPT=50476 PKTS=0 BYTES=0
Dec  9 00:45:11 10.0.0.2 dnsmasq[1]: 2117788 192.168.1.45/50476 query[AAAA] updates.maxmind.com from 192.168.1.45
Dec  9 00:45:11 10.0.0.2 dnsmasq[1]: 2117788 192.168.1.45/50476 cached updates.maxmind.com is 2606:4700:7::a29f:8716
Dec  9 00:45:11 10.0.0.2 dnsmasq[1]: 2117788 192.168.1.45/50476 cached updates.maxmind.com is 2606:4700:7::a29f:8616
Dec  9 00:45:11 10.0.0.2 ulogd[1267]: [NEW] ORIG: SRC=192.168.1.45 DST=162.159.134.22 PROTO=TCP SPT=58680 DPT=443 PKTS=0 BYTES=0 , REPLY: SRC=162.159.134.22 DST=176.36.141.89 PROTO=TCP SPT=443 DPT=58680 PKTS=0 BYTES=0
Dec  9 00:45:12 10.0.0.2 ulogd[1267]: [NEW] ORIG: SRC=192.168.1.151 DST=192.168.1.1 PROTO=UDP SPT=64944 DPT=53 PKTS=0 BYTES=0 , REPLY: SRC=192.168.1.1 DST=192.168.1.151 PROTO=UDP SPT=53 DPT=64944 PKTS=0 BYTES=0
Dec  9 00:45:12 10.0.0.2 dnsmasq[1]: 2117789 192.168.1.151/64944 query[type=65] lh3.googleusercontent.com from 192.168.1.151
Dec  9 00:45:12 10.0.0.2 ulogd[1267]: [NEW] ORIG: SRC=192.168.1.151 DST=192.168.1.1 PROTO=UDP SPT=55976 DPT=53 PKTS=0 BYTES=0 , REPLY: SRC=192.168.1.1 DST=192.168.1.151 PROTO=UDP SPT=53 DPT=55976 PKTS=0 BYTES=0
Dec  9 00:45:12 10.0.0.2 ulogd[1267]: [NEW] ORIG: SRC=176.36.141.89 DST=194.50.85.5 PROTO=UDP SPT=49612 DPT=53 PKTS=0 BYTES=0 , REPLY: SRC=194.50.85.5 DST=176.36.141.89 PROTO=UDP SPT=53 DPT=49612 PKTS=0 BYTES=0
Dec  9 00:45:12 10.0.0.2 dnsmasq[1]: 2117789 192.168.1.151/64944 forwarded lh3.googleusercontent.com to 194.50.85.5
Dec  9 00:45:12 10.0.0.2 dnsmasq[1]: 2117790 192.168.1.151/55976 query[A] lh3.googleusercontent.com from 192.168.1.151
Dec  9 00:45:12 10.0.0.2 dnsmasq[1]: 2117790 192.168.1.151/55976 forwarded lh3.googleusercontent.com to 194.50.85.5
Dec  9 00:45:12 10.0.0.2 ulogd[1267]: [NEW] ORIG: SRC=176.36.141.89 DST=194.50.85.5 PROTO=UDP SPT=57866 DPT=53 PKTS=0 BYTES=0 , REPLY: SRC=194.50.85.5 DST=176.36.141.89 PROTO=UDP SPT=53 DPT=57866 PKTS=0 BYTES=0
Dec  9 00:45:12 10.0.0.2 dnsmasq[1]: 2117790 192.168.1.151/55976 reply lh3.googleusercontent.com is <CNAME>
Dec  9 00:45:12 10.0.0.2 dnsmasq[1]: 2117790 192.168.1.151/55976 reply googlehosted.l.googleusercontent.com is 172.217.20.1
Dec  9 00:45:12 10.0.0.2 ulogd[1267]: [NEW] ORIG: SRC=192.168.1.151 DST=172.217.20.1 PROTO=TCP SPT=64100 DPT=443 PKTS=0 BYTES=0 , REPLY: SRC=172.217.20.1 DST=176.36.141.89 PROTO=TCP SPT=443 DPT=64100 PKTS=0 BYTES=0
Dec  9 00:45:12 10.0.0.2 dnsmasq[1]: 2117789 192.168.1.151/64944 reply lh3.googleusercontent.com is <CNAME>
Dec  9 00:45:12 10.0.0.2 dnsmasq[1]: 2117789 192.168.1.151/64944 reply googlehosted.l.googleusercontent.com is NODATA
Dec  9 00:45:12 10.0.0.2 ulogd[1267]: [NEW] ORIG: SRC=192.168.1.151 DST=192.168.1.1 PROTO=UDP SPT=53630 DPT=53 PKTS=0 BYTES=0 , REPLY: SRC=192.168.1.1 DST=192.168.1.151 PROTO=UDP SPT=53 DPT=53630 PKTS=0 BYTES=0
Dec  9 00:45:12 10.0.0.2 dnsmasq[1]: 2117791 192.168.1.151/53630 query[type=65] googlehosted.l.googleusercontent.com from 192.168.1.151
Dec  9 00:45:12 10.0.0.2 ulogd[1267]: [NEW] ORIG: SRC=176.36.141.89 DST=194.50.85.5 PROTO=UDP SPT=33303 DPT=53 PKTS=0 BYTES=0 , REPLY: SRC=194.50.85.5 DST=176.36.141.89 PROTO=UDP SPT=53 DPT=33303 PKTS=0 BYTES=0
Dec  9 00:45:12 10.0.0.2 dnsmasq[1]: 2117791 192.168.1.151/53630 forwarded googlehosted.l.googleusercontent.com to 194.50.85.5
Dec  9 00:45:12 10.0.0.2 dnsmasq[1]: 2117791 192.168.1.151/53630 reply googlehosted.l.googleusercontent.com is NODATA
Dec  9 00:45:14 10.0.0.2 ulogd[1267]: [NEW] ORIG: SRC=fd02:c8be:1d40:0:75c3:3b72:9ae4:cb64 DST=fd02:c8be:1d40::1 PROTO=UDP SPT=61670 DPT=53 PKTS=0 BYTES=0 , REPLY: SRC=fd02:c8be:1d40::1 DST=fd02:c8be:1d40:0:75c3:3b72:9ae4:cb64 PROTO=UDP SPT=53 DPT=61670 PKTS=0 BYTES=0
Dec  9 00:45:14 10.0.0.2 dnsmasq[1]: 2117792 fd02:c8be:1d40:0:75c3:3b72:9ae4:cb64/61670 query[A] spclient.wg.spotify.com from fd02:c8be:1d40:0:75c3:3b72:9ae4:cb64
Dec  9 00:45:14 10.0.0.2 ulogd[1267]: [NEW] ORIG: SRC=fd02:c8be:1d40:0:75c3:3b72:9ae4:cb64 DST=fd02:c8be:1d40::1 PROTO=UDP SPT=63164 DPT=53 PKTS=0 BYTES=0 , REPLY: SRC=fd02:c8be:1d40::1 DST=fd02:c8be:1d40:0:75c3:3b72:9ae4:cb64 PROTO=UDP SPT=53 DPT=63164 PKTS=0 BYTES=0
Dec  9 00:45:14 10.0.0.2 ulogd[1267]: [NEW] ORIG: SRC=176.36.141.89 DST=194.50.85.5 PROTO=UDP SPT=38092 DPT=53 PKTS=0 BYTES=0 , REPLY: SRC=194.50.85.5 DST=176.36.141.89 PROTO=UDP SPT=53 DPT=38092 PKTS=0 BYTES=0
Dec  9 00:45:14 10.0.0.2 dnsmasq[1]: 2117792 fd02:c8be:1d40:0:75c3:3b72:9ae4:cb64/61670 forwarded spclient.wg.spotify.com to 194.50.85.5
Dec  9 00:45:14 10.0.0.2 dnsmasq[1]: 2117792 fd02:c8be:1d40:0:75c3:3b72:9ae4:cb64/61670 reply spclient.wg.spotify.com is <CNAME>
Dec  9 00:45:14 10.0.0.2 dnsmasq[1]: 2117792 fd02:c8be:1d40:0:75c3:3b72:9ae4:cb64/61670 reply edge-web.dual-gslb.spotify.com is 35.186.224.25
Dec  9 00:45:14 10.0.0.2 dnsmasq[1]: 2117793 fd02:c8be:1d40:0:75c3:3b72:9ae4:cb64/63164 query[type=65] spclient.wg.spotify.com from fd02:c8be:1d40:0:75c3:3b72:9ae4:cb64
Dec  9 00:45:14 10.0.0.2 dnsmasq[1]: 2117793 fd02:c8be:1d40:0:75c3:3b72:9ae4:cb64/63164 cached spclient.wg.spotify.com is <CNAME>
Dec  9 00:45:14 10.0.0.2 dnsmasq[1]: 2117793 fd02:c8be:1d40:0:75c3:3b72:9ae4:cb64/63164 forwarded spclient.wg.spotify.com to 194.50.85.5
Dec  9 00:45:14 10.0.0.2 ulogd[1267]: [NEW] ORIG: SRC=176.36.141.89 DST=194.50.85.5 PROTO=UDP SPT=45723 DPT=53 PKTS=0 BYTES=0 , REPLY: SRC=194.50.85.5 DST=176.36.141.89 PROTO=UDP SPT=53 DPT=45723 PKTS=0 BYTES=0
Dec  9 00:45:14 10.0.0.2 dnsmasq[1]: 2117793 fd02:c8be:1d40:0:75c3:3b72:9ae4:cb64/63164 reply spclient.wg.spotify.com is <CNAME>
Dec  9 00:45:14 10.0.0.2 dnsmasq[1]: 2117793 fd02:c8be:1d40:0:75c3:3b72:9ae4:cb64/63164 reply edge-web.dual-gslb.spotify.com is NODATA
Dec  9 00:45:14 10.0.0.2 ulogd[1267]: [NEW] ORIG: SRC=192.168.1.180 DST=35.186.224.25 PROTO=UDP SPT=58265 DPT=443 PKTS=0 BYTES=0 , REPLY: SRC=35.186.224.25 DST=176.36.141.89 PROTO=UDP SPT=443 DPT=58265 PKTS=0 BYTES=0
Dec  9 00:45:14 10.0.0.2 ulogd[1267]: [NEW] ORIG: SRC=192.168.1.180 DST=35.186.224.25 PROTO=TCP SPT=65340 DPT=443 PKTS=0 BYTES=0 , REPLY: SRC=35.186.224.25 DST=176.36.141.89 PROTO=TCP SPT=443 DPT=65340 PKTS=0 BYTES=0
Dec  9 00:45:18 10.0.0.2 ulogd[1267]: [DESTROY] ORIG: SRC=192.168.1.180 DST=192.168.1.1 PROTO=UDP SPT=49588 DPT=53 PKTS=1 BYTES=67 , REPLY: SRC=192.168.1.1 DST=192.168.1.180 PROTO=UDP SPT=53 DPT=49588 PKTS=1 BYTES=220
Dec  9 00:45:19 10.0.0.2 ulogd[1267]: [NEW] ORIG: SRC=192.168.1.45 DST=192.168.1.1 PROTO=UDP SPT=38958 DPT=53 PKTS=0 BYTES=0 , REPLY: SRC=192.168.1.1 DST=192.168.1.45 PROTO=UDP SPT=53 DPT=38958 PKTS=0 BYTES=0
Dec  9 00:45:19 10.0.0.2 ulogd[1267]: [DESTROY] ORIG: SRC=192.168.1.1 DST=192.168.1.45 PROTO=UDP SPT=46638 DPT=5353 PKTS=1 BYTES=76 , REPLY: SRC=192.168.1.45 DST=192.168.1.1 PROTO=UDP SPT=5353 DPT=46638 PKTS=0 BYTES=0
Dec  9 00:45:19 10.0.0.2 ulogd[1267]: [NEW] ORIG: SRC=192.168.1.45 DST=192.168.1.1 PROTO=UDP SPT=35147 DPT=53 PKTS=0 BYTES=0 , REPLY: SRC=192.168.1.1 DST=192.168.1.45 PROTO=UDP SPT=53 DPT=35147 PKTS=0 BYTES=0
Dec  9 00:45:19 10.0.0.2 dnsmasq[1]: 2117794 192.168.1.45/38958 query[AAAA] updates.maxmind.com from 192.168.1.45
Dec  9 00:45:19 10.0.0.2 dnsmasq[1]: 2117794 192.168.1.45/38958 cached updates.maxmind.com is 2606:4700:7::a29f:8616
Dec  9 00:45:19 10.0.0.2 dnsmasq[1]: 2117794 192.168.1.45/38958 cached updates.maxmind.com is 2606:4700:7::a29f:8716
Dec  9 00:45:19 10.0.0.2 dnsmasq[1]: 2117795 192.168.1.45/35147 query[A] updates.maxmind.com from 192.168.1.45
Dec  9 00:45:19 10.0.0.2 dnsmasq[1]: 2117795 192.168.1.45/35147 cached updates.maxmind.com is 162.159.135.22
Dec  9 00:45:19 10.0.0.2 dnsmasq[1]: 2117795 192.168.1.45/35147 cached updates.maxmind.com is 162.159.134.22
Dec  9 00:45:19 10.0.0.2 ulogd[1267]: [NEW] ORIG: SRC=192.168.1.45 DST=162.159.135.22 PROTO=TCP SPT=42218 DPT=443 PKTS=0 BYTES=0 , REPLY: SRC=162.159.135.22 DST=176.36.141.89 PROTO=TCP SPT=443 DPT=42218 PKTS=0 BYTES=0
Dec  9 00:45:19 10.0.0.2 ulogd[1267]: [DESTROY] ORIG: SRC=192.168.1.45 DST=192.168.1.1 PROTO=UDP SPT=56386 DPT=53 PKTS=1 BYTES=76 , REPLY: SRC=192.168.1.1 DST=192.168.1.45 PROTO=UDP SPT=53 DPT=56386 PKTS=1 BYTES=132
Dec  9 00:45:24 10.0.0.2 ulogd[1267]: [NEW] ORIG: SRC=192.168.1.180 DST=192.168.1.1 PROTO=UDP SPT=56671 DPT=53 PKTS=0 BYTES=0 , REPLY: SRC=192.168.1.1 DST=192.168.1.180 PROTO=UDP SPT=53 DPT=56671 PKTS=0 BYTES=0
Dec  9 00:45:24 10.0.0.2 dnsmasq[1]: 2117796 192.168.1.180/56671 query[A] prebid-server.rubiconproject.com from 192.168.1.180
Dec  9 00:45:24 10.0.0.2 ulogd[1267]: [NEW] ORIG: SRC=192.168.1.180 DST=192.168.1.1 PROTO=UDP SPT=59378 DPT=53 PKTS=0 BYTES=0 , REPLY: SRC=192.168.1.1 DST=192.168.1.180 PROTO=UDP SPT=53 DPT=59378 PKTS=0 BYTES=0
Dec  9 00:45:24 10.0.0.2 dnsmasq[1]: 2117796 192.168.1.180/56671 cached prebid-server.rubiconproject.com is <CNAME>
Dec  9 00:45:24 10.0.0.2 dnsmasq[1]: 2117796 192.168.1.180/56671 cached prebid-server.rubiconproject.net.akadns.net is <CNAME>
Dec  9 00:45:24 10.0.0.2 ulogd[1267]: [NEW] ORIG: SRC=192.168.1.180 DST=185.86.139.95 PROTO=TCP SPT=65341 DPT=443 PKTS=0 BYTES=0 , REPLY: SRC=185.86.139.95 DST=176.36.141.89 PROTO=TCP SPT=443 DPT=65341 PKTS=0 BYTES=0
Dec  9 00:45:24 10.0.0.2 dnsmasq[1]: 2117796 192.168.1.180/56671 forwarded prebid-server.rubiconproject.com to 192.168.1.45
Dec  9 00:45:24 10.0.0.2 ulogd[1267]: [NEW] ORIG: SRC=192.168.1.1 DST=192.168.1.45 PROTO=UDP SPT=55758 DPT=5353 PKTS=0 BYTES=0 , REPLY: SRC=192.168.1.45 DST=192.168.1.1 PROTO=UDP SPT=5353 DPT=55758 PKTS=0 BYTES=0
Dec  9 00:45:24 10.0.0.2 dnsmasq[1]: 2117796 192.168.1.180/56671 forwarded prebid-server.rubiconproject.com to 194.50.85.5
Dec  9 00:45:24 10.0.0.2 ulogd[1267]: [NEW] ORIG: SRC=176.36.141.89 DST=194.50.85.5 PROTO=UDP SPT=55758 DPT=53 PKTS=0 BYTES=0 , REPLY: SRC=194.50.85.5 DST=176.36.141.89 PROTO=UDP SPT=53 DPT=55758 PKTS=0 BYTES=0
Dec  9 00:45:24 10.0.0.2 ulogd[1267]: [NEW] ORIG: SRC=176.36.141.89 DST=194.50.85.7 PROTO=UDP SPT=55758 DPT=53 PKTS=0 BYTES=0 , REPLY: SRC=194.50.85.7 DST=176.36.141.89 PROTO=UDP SPT=53 DPT=55758 PKTS=0 BYTES=0
Dec  9 00:45:24 10.0.0.2 dnsmasq[1]: 2117796 192.168.1.180/56671 forwarded prebid-server.rubiconproject.com to 194.50.85.7
Dec  9 00:45:24 10.0.0.2 dnsmasq[1]: 2117796 192.168.1.180/56671 reply prebid-server.rubiconproject.com is <CNAME>
Dec  9 00:45:24 10.0.0.2 dnsmasq[1]: 2117796 192.168.1.180/56671 reply prebid-server.rubiconproject.net.akadns.net is <CNAME>
Dec  9 00:45:24 10.0.0.2 dnsmasq[1]: 2117796 192.168.1.180/56671 reply prebid-server-perf-eu.rubiconproject.net.akadns.net is 69.173.144.137
Dec  9 00:45:24 10.0.0.2 dnsmasq[1]: 2117797 192.168.1.180/59378 query[type=65] prebid-server.rubiconproject.com from 192.168.1.180
Dec  9 00:45:24 10.0.0.2 dnsmasq[1]: 2117797 192.168.1.180/59378 cached prebid-server.rubiconproject.com is <CNAME>
Dec  9 00:45:24 10.0.0.2 dnsmasq[1]: 2117797 192.168.1.180/59378 cached prebid-server.rubiconproject.net.akadns.net is <CNAME>
Dec  9 00:45:24 10.0.0.2 dnsmasq[1]: 2117797 192.168.1.180/59378 forwarded prebid-server.rubiconproject.com to 194.50.85.5
Dec  9 00:45:24 10.0.0.2 ulogd[1267]: [DESTROY] ORIG: SRC=fd02:c8be:1d40:0:75c3:3b72:9ae4:cb64 DST=fd02:c8be:1d40::1 PROTO=UDP SPT=50955 DPT=53 PKTS=1 BYTES=76 , REPLY: SRC=fd02:c8be:1d40::1 DST=fd02:c8be:1d40:0:75c3:3b72:9ae4:cb64 PROTO=UDP SPT=53 DPT=50955 PKTS=1 BYTES=160
Dec  9 00:45:24 10.0.0.2 ulogd[1267]: [NEW] ORIG: SRC=176.36.141.89 DST=194.50.85.5 PROTO=UDP SPT=37952 DPT=53 PKTS=0 BYTES=0 , REPLY: SRC=194.50.85.5 DST=176.36.141.89 PROTO=UDP SPT=53 DPT=37952 PKTS=0 BYTES=0
Dec  9 00:45:24 10.0.0.2 dnsmasq[1]: 2117797 192.168.1.180/59378 reply prebid-server.rubiconproject.com is <CNAME>
Dec  9 00:45:24 10.0.0.2 dnsmasq[1]: 2117797 192.168.1.180/59378 reply prebid-server.rubiconproject.net.akadns.net is <CNAME>
Dec  9 00:45:24 10.0.0.2 dnsmasq[1]: 2117797 192.168.1.180/59378 reply prebid-server-perf-eu.rubiconproject.net.akadns.net is NODATA
Dec  9 00:45:26 10.0.0.2 ulogd[1267]: [NEW] ORIG: SRC=192.168.1.45 DST=192.168.1.1 PROTO=UDP SPT=41673 DPT=53 PKTS=0 BYTES=0 , REPLY: SRC=192.168.1.1 DST=192.168.1.45 PROTO=UDP SPT=53 DPT=41673 PKTS=0 BYTES=0
Dec  9 00:45:26 10.0.0.2 dnsmasq[1]: 2117798 192.168.1.45/41673 query[A] updates.maxmind.com from 192.168.1.45
Dec  9 00:45:26 10.0.0.2 ulogd[1267]: [NEW] ORIG: SRC=192.168.1.45 DST=192.168.1.1 PROTO=UDP SPT=48763 DPT=53 PKTS=0 BYTES=0 , REPLY: SRC=192.168.1.1 DST=192.168.1.45 PROTO=UDP SPT=53 DPT=48763 PKTS=0 BYTES=0
Dec  9 00:45:26 10.0.0.2 dnsmasq[1]: 2117798 192.168.1.45/41673 cached updates.maxmind.com is 162.159.134.22
Dec  9 00:45:26 10.0.0.2 dnsmasq[1]: 2117798 192.168.1.45/41673 cached updates.maxmind.com is 162.159.135.22
Dec  9 00:45:26 10.0.0.2 dnsmasq[1]: 2117799 192.168.1.45/48763 query[AAAA] updates.maxmind.com from 192.168.1.45
Dec  9 00:45:26 10.0.0.2 dnsmasq[1]: 2117799 192.168.1.45/48763 cached updates.maxmind.com is 2606:4700:7::a29f:8716
Dec  9 00:45:26 10.0.0.2 dnsmasq[1]: 2117799 192.168.1.45/48763 cached updates.maxmind.com is 2606:4700:7::a29f:8616
Dec  9 00:45:26 10.0.0.2 ulogd[1267]: [NEW] ORIG: SRC=192.168.1.45 DST=162.159.134.22 PROTO=TCP SPT=38042 DPT=443 PKTS=0 BYTES=0 , REPLY: SRC=162.159.134.22 DST=176.36.141.89 PROTO=TCP SPT=443 DPT=38042 PKTS=0 BYTES=0
Dec  9 00:45:27 10.0.0.2 ulogd[1267]: [DESTROY] ORIG: SRC=192.168.1.180 DST=185.86.139.95 PROTO=TCP SPT=65338 DPT=443 PKTS=12 BYTES=4328 , REPLY: SRC=185.86.139.95 DST=176.36.141.89 PROTO=TCP SPT=443 DPT=65338 PKTS=10 BYTES=5127
Dec  9 00:45:29 10.0.0.2 ulogd[1267]: [DESTROY] ORIG: SRC=fd02:c8be:1d40:0:75c3:3b72:9ae4:cb64 DST=fd02:c8be:1d40::1 PROTO=UDP SPT=51302 DPT=53 PKTS=1 BYTES=95 , REPLY: SRC=fd02:c8be:1d40::1 DST=fd02:c8be:1d40:0:75c3:3b72:9ae4:cb64 PROTO=UDP SPT=53 DPT=51302 PKTS=1 BYTES=159
Dec  9 00:45:29 10.0.0.2 ulogd[1267]: [DESTROY] ORIG: SRC=176.36.141.89 DST=194.50.85.5 PROTO=UDP SPT=56212 DPT=53 PKTS=1 BYTES=60 , REPLY: SRC=194.50.85.5 DST=176.36.141.89 PROTO=UDP SPT=53 DPT=56212 PKTS=1 BYTES=108
Dec  9 00:45:29 10.0.0.2 ulogd[1267]: [DESTROY] ORIG: SRC=192.168.1.180 DST=217.72.199.27 PROTO=TCP SPT=65281 DPT=443 PKTS=16 BYTES=1827 , REPLY: SRC=217.72.199.27 DST=176.36.141.89 PROTO=TCP SPT=443 DPT=65281 PKTS=21 BYTES=5489
Dec  9 00:45:31 10.0.0.2 ulogd[1267]: [NEW] ORIG: SRC=fe80::b295:75ff:fe15:6fa5 DST=ff02::1:2 PROTO=UDP SPT=546 DPT=547 PKTS=0 BYTES=0 , REPLY: SRC=ff02::1:2 DST=fe80::b295:75ff:fe15:6fa5 PROTO=UDP SPT=547 DPT=546 PKTS=0 BYTES=0
Dec  9 00:45:33 10.0.0.2 dnsmasq[1]: 2117800 192.168.1.45/46456 query[AAAA] updates.maxmind.com from 192.168.1.45
Dec  9 00:45:33 10.0.0.2 ulogd[1267]: [NEW] ORIG: SRC=192.168.1.45 DST=192.168.1.1 PROTO=UDP SPT=46456 DPT=53 PKTS=0 BYTES=0 , REPLY: SRC=192.168.1.1 DST=192.168.1.45 PROTO=UDP SPT=53 DPT=46456 PKTS=0 BYTES=0
Dec  9 00:45:33 10.0.0.2 ulogd[1267]: [NEW] ORIG: SRC=192.168.1.45 DST=192.168.1.1 PROTO=UDP SPT=39337 DPT=53 PKTS=0 BYTES=0 , REPLY: SRC=192.168.1.1 DST=192.168.1.45 PROTO=UDP SPT=53 DPT=39337 PKTS=0 BYTES=0
Dec  9 00:45:33 10.0.0.2 dnsmasq[1]: 2117800 192.168.1.45/46456 cached updates.maxmind.com is 2606:4700:7::a29f:8616
Dec  9 00:45:33 10.0.0.2 dnsmasq[1]: 2117800 192.168.1.45/46456 cached updates.maxmind.com is 2606:4700:7::a29f:8716
Dec  9 00:45:33 10.0.0.2 dnsmasq[1]: 2117801 192.168.1.45/39337 query[A] updates.maxmind.com from 192.168.1.45
Dec  9 00:45:33 10.0.0.2 dnsmasq[1]: 2117801 192.168.1.45/39337 cached updates.maxmind.com is 162.159.135.22
Dec  9 00:45:33 10.0.0.2 dnsmasq[1]: 2117801 192.168.1.45/39337 cached updates.maxmind.com is 162.159.134.22
Dec  9 00:45:33 10.0.0.2 ulogd[1267]: [NEW] ORIG: SRC=192.168.1.45 DST=162.159.135.22 PROTO=TCP SPT=58084 DPT=443 PKTS=0 BYTES=0 , REPLY: SRC=162.159.135.22 DST=176.36.141.89 PROTO=TCP SPT=443 DPT=58084 PKTS=0 BYTES=0
Dec  9 00:45:33 10.0.0.2 ulogd[1267]: [DESTROY] ORIG: SRC=fd02:c8be:1d40:0:75c3:3b72:9ae4:cb64 DST=fd02:c8be:1d40::1 PROTO=UDP SPT=55352 DPT=53 PKTS=1 BYTES=95 , REPLY: SRC=fd02:c8be:1d40::1 DST=fd02:c8be:1d40:0:75c3:3b72:9ae4:cb64 PROTO=UDP SPT=53 DPT=55352 PKTS=1 BYTES=177
Dec  9 00:45:34 10.0.0.2 ulogd[1267]: [DESTROY] ORIG: SRC=192.168.1.45 DST=192.168.1.1 PROTO=UDP SPT=34350 DPT=53 PKTS=1 BYTES=76 , REPLY: SRC=192.168.1.1 DST=192.168.1.45 PROTO=UDP SPT=53 DPT=34350 PKTS=1 BYTES=108
Dec  9 00:45:39 10.0.0.2 ulogd[1267]: [NEW] ORIG: SRC=192.168.1.180 DST=185.86.139.95 PROTO=TCP SPT=65342 DPT=443 PKTS=0 BYTES=0 , REPLY: SRC=185.86.139.95 DST=176.36.141.89 PROTO=TCP SPT=443 DPT=65342 PKTS=0 BYTES=0
Dec  9 00:45:40 10.0.0.2 ulogd[1267]: [NEW] ORIG: SRC=192.168.1.45 DST=192.168.1.1 PROTO=UDP SPT=55107 DPT=53 PKTS=0 BYTES=0 , REPLY: SRC=192.168.1.1 DST=192.168.1.45 PROTO=UDP SPT=53 DPT=55107 PKTS=0 BYTES=0
Dec  9 00:45:40 10.0.0.2 dnsmasq[1]: 2117802 192.168.1.45/55107 query[A] updates.maxmind.com from 192.168.1.45
Dec  9 00:45:40 10.0.0.2 ulogd[1267]: [NEW] ORIG: SRC=192.168.1.45 DST=192.168.1.1 PROTO=UDP SPT=48322 DPT=53 PKTS=0 BYTES=0 , REPLY: SRC=192.168.1.1 DST=192.168.1.45 PROTO=UDP SPT=53 DPT=48322 PKTS=0 BYTES=0
Dec  9 00:45:40 10.0.0.2 dnsmasq[1]: 2117802 192.168.1.45/55107 cached updates.maxmind.com is 162.159.134.22
Dec  9 00:45:40 10.0.0.2 dnsmasq[1]: 2117802 192.168.1.45/55107 cached updates.maxmind.com is 162.159.135.22
Dec  9 00:45:40 10.0.0.2 dnsmasq[1]: 2117803 192.168.1.45/48322 query[AAAA] updates.maxmind.com from 192.168.1.45
Dec  9 00:45:40 10.0.0.2 dnsmasq[1]: 2117803 192.168.1.45/48322 cached updates.maxmind.com is 2606:4700:7::a29f:8716
Dec  9 00:45:40 10.0.0.2 dnsmasq[1]: 2117803 192.168.1.45/48322 cached updates.maxmind.com is 2606:4700:7::a29f:8616
Dec  9 00:45:40 10.0.0.2 ulogd[1267]: [NEW] ORIG: SRC=192.168.1.45 DST=162.159.134.22 PROTO=TCP SPT=51046 DPT=443 PKTS=0 BYTES=0 , REPLY: SRC=162.159.134.22 DST=176.36.141.89 PROTO=TCP SPT=443 DPT=51046 PKTS=0 BYTES=0
Dec  9 00:45:42 10.0.0.2 ulogd[1267]: [DESTROY] ORIG: SRC=fd02:c8be:1d40:0:75c3:3b72:9ae4:cb64 DST=fd02:c8be:1d40::1 PROTO=UDP SPT=56388 DPT=53 PKTS=1 BYTES=85 , REPLY: SRC=fd02:c8be:1d40::1 DST=fd02:c8be:1d40:0:75c3:3b72:9ae4:cb64 PROTO=UDP SPT=53 DPT=56388 PKTS=1 BYTES=117
Dec  9 00:45:46 10.0.0.2 ulogd[1267]: [NEW] ORIG: SRC=fd02:c8be:1d40:0:75c3:3b72:9ae4:cb64 DST=fd02:c8be:1d40::1 PROTO=UDP SPT=64591 DPT=53 PKTS=0 BYTES=0 , REPLY: SRC=fd02:c8be:1d40::1 DST=fd02:c8be:1d40:0:75c3:3b72:9ae4:cb64 PROTO=UDP SPT=53 DPT=64591 PKTS=0 BYTES=0
Dec  9 00:45:46 10.0.0.2 dnsmasq[1]: 2117804 fd02:c8be:1d40:0:75c3:3b72:9ae4:cb64/64591 query[A] sync-v2.brave.com from fd02:c8be:1d40:0:75c3:3b72:9ae4:cb64
Dec  9 00:45:46 10.0.0.2 dnsmasq[1]: 2117804 fd02:c8be:1d40:0:75c3:3b72:9ae4:cb64/64591 forwarded sync-v2.brave.com to 192.168.1.45
Dec  9 00:45:46 10.0.0.2 dnsmasq[1]: 2117804 fd02:c8be:1d40:0:75c3:3b72:9ae4:cb64/64591 forwarded sync-v2.brave.com to 194.50.85.5
Dec  9 00:45:46 10.0.0.2 ulogd[1267]: [NEW] ORIG: SRC=fd02:c8be:1d40:0:75c3:3b72:9ae4:cb64 DST=fd02:c8be:1d40::1 PROTO=UDP SPT=49549 DPT=53 PKTS=0 BYTES=0 , REPLY: SRC=fd02:c8be:1d40::1 DST=fd02:c8be:1d40:0:75c3:3b72:9ae4:cb64 PROTO=UDP SPT=53 DPT=49549 PKTS=0 BYTES=0
Dec  9 00:45:46 10.0.0.2 dnsmasq[1]: 2117804 fd02:c8be:1d40:0:75c3:3b72:9ae4:cb64/64591 forwarded sync-v2.brave.com to 194.50.85.7
Dec  9 00:45:46 10.0.0.2 ulogd[1267]: [NEW] ORIG: SRC=192.168.1.1 DST=192.168.1.45 PROTO=UDP SPT=36958 DPT=5353 PKTS=0 BYTES=0 , REPLY: SRC=192.168.1.45 DST=192.168.1.1 PROTO=UDP SPT=5353 DPT=36958 PKTS=0 BYTES=0
Dec  9 00:45:46 10.0.0.2 dnsmasq[1]: 2117804 fd02:c8be:1d40:0:75c3:3b72:9ae4:cb64/64591 reply sync-v2.brave.com is <CNAME>
Dec  9 00:45:46 10.0.0.2 ulogd[1267]: [NEW] ORIG: SRC=176.36.141.89 DST=194.50.85.5 PROTO=UDP SPT=36958 DPT=53 PKTS=0 BYTES=0 , REPLY: SRC=194.50.85.5 DST=176.36.141.89 PROTO=UDP SPT=53 DPT=36958 PKTS=0 BYTES=0
Dec  9 00:45:46 10.0.0.2 dnsmasq[1]: 2117804 fd02:c8be:1d40:0:75c3:3b72:9ae4:cb64/64591 reply sync-alb-152764135.us-west-2.elb.amazonaws.com is 34.223.239.225
Dec  9 00:45:46 10.0.0.2 ulogd[1267]: [NEW] ORIG: SRC=176.36.141.89 DST=194.50.85.7 PROTO=UDP SPT=36958 DPT=53 PKTS=0 BYTES=0 , REPLY: SRC=194.50.85.7 DST=176.36.141.89 PROTO=UDP SPT=53 DPT=36958 PKTS=0 BYTES=0
Dec  9 00:45:46 10.0.0.2 dnsmasq[1]: 2117804 fd02:c8be:1d40:0:75c3:3b72:9ae4:cb64/64591 reply sync-alb-152764135.us-west-2.elb.amazonaws.com is 52.11.56.197
Dec  9 00:45:46 10.0.0.2 dnsmasq[1]: 2117804 fd02:c8be:1d40:0:75c3:3b72:9ae4:cb64/64591 reply sync-alb-152764135.us-west-2.elb.amazonaws.com is 44.230.54.232
Dec  9 00:45:46 10.0.0.2 dnsmasq[1]: 2117805 fd02:c8be:1d40:0:75c3:3b72:9ae4:cb64/49549 query[type=65] sync-v2.brave.com from fd02:c8be:1d40:0:75c3:3b72:9ae4:cb64
Dec  9 00:45:46 10.0.0.2 dnsmasq[1]: 2117805 fd02:c8be:1d40:0:75c3:3b72:9ae4:cb64/49549 cached sync-v2.brave.com is <CNAME>
Dec  9 00:45:46 10.0.0.2 dnsmasq[1]: 2117805 fd02:c8be:1d40:0:75c3:3b72:9ae4:cb64/49549 forwarded sync-v2.brave.com to 194.50.85.5
Dec  9 00:45:46 10.0.0.2 ulogd[1267]: [NEW] ORIG: SRC=176.36.141.89 DST=194.50.85.5 PROTO=UDP SPT=53947 DPT=53 PKTS=0 BYTES=0 , REPLY: SRC=194.50.85.5 DST=176.36.141.89 PROTO=UDP SPT=53 DPT=53947 PKTS=0 BYTES=0
Dec  9 00:45:46 10.0.0.2 dnsmasq[1]: 2117805 fd02:c8be:1d40:0:75c3:3b72:9ae4:cb64/49549 reply sync-v2.brave.com is <CNAME>
Dec  9 00:45:46 10.0.0.2 dnsmasq[1]: 2117805 fd02:c8be:1d40:0:75c3:3b72:9ae4:cb64/49549 reply sync-alb-152764135.us-west-2.elb.amazonaws.com is NODATA
Dec  9 00:45:47 10.0.0.2 ulogd[1267]: [NEW] ORIG: SRC=192.168.1.45 DST=192.168.1.1 PROTO=UDP SPT=49571 DPT=53 PKTS=0 BYTES=0 , REPLY: SRC=192.168.1.1 DST=192.168.1.45 PROTO=UDP SPT=53 DPT=49571 PKTS=0 BYTES=0
Dec  9 00:45:47 10.0.0.2 ulogd[1267]: [NEW] ORIG: SRC=192.168.1.45 DST=192.168.1.1 PROTO=UDP SPT=35416 DPT=53 PKTS=0 BYTES=0 , REPLY: SRC=192.168.1.1 DST=192.168.1.45 PROTO=UDP SPT=53 DPT=35416 PKTS=0 BYTES=0
Dec  9 00:45:47 10.0.0.2 dnsmasq[1]: 2117806 192.168.1.45/49571 query[A] updates.maxmind.com from 192.168.1.45
Dec  9 00:45:47 10.0.0.2 dnsmasq[1]: 2117806 192.168.1.45/49571 cached updates.maxmind.com is 162.159.135.22
Dec  9 00:45:47 10.0.0.2 dnsmasq[1]: 2117806 192.168.1.45/49571 cached updates.maxmind.com is 162.159.134.22
Dec  9 00:45:47 10.0.0.2 dnsmasq[1]: 2117807 192.168.1.45/35416 query[AAAA] updates.maxmind.com from 192.168.1.45
Dec  9 00:45:47 10.0.0.2 dnsmasq[1]: 2117807 192.168.1.45/35416 cached updates.maxmind.com is 2606:4700:7::a29f:8616
Dec  9 00:45:47 10.0.0.2 dnsmasq[1]: 2117807 192.168.1.45/35416 cached updates.maxmind.com is 2606:4700:7::a29f:8716
Dec  9 00:45:47 10.0.0.2 ulogd[1267]: [NEW] ORIG: SRC=192.168.1.45 DST=162.159.135.22 PROTO=TCP SPT=58702 DPT=443 PKTS=0 BYTES=0 , REPLY: SRC=162.159.135.22 DST=176.36.141.89 PROTO=TCP SPT=443 DPT=58702 PKTS=0 BYTES=0
Dec  9 00:45:50 10.0.0.2 ulogd[1267]: [DESTROY] ORIG: SRC=192.168.1.151 DST=17.36.206.5 PROTO=TCP SPT=64095 DPT=443 PKTS=15 BYTES=1808 , REPLY: SRC=17.36.206.5 DST=176.36.141.89 PROTO=TCP SPT=443 DPT=64095 PKTS=12 BYTES=8069
Dec  9 00:45:53 10.0.0.2 ulogd[1267]: [NEW] ORIG: SRC=192.168.1.180 DST=185.86.139.95 PROTO=TCP SPT=65343 DPT=443 PKTS=0 BYTES=0 , REPLY: SRC=185.86.139.95 DST=176.36.141.89 PROTO=TCP SPT=443 DPT=65343 PKTS=0 BYTES=0
Dec  9 00:45:54 10.0.0.2 ulogd[1267]: [NEW] ORIG: SRC=192.168.1.45 DST=192.168.1.1 PROTO=UDP SPT=49198 DPT=53 PKTS=0 BYTES=0 , REPLY: SRC=192.168.1.1 DST=192.168.1.45 PROTO=UDP SPT=53 DPT=49198 PKTS=0 BYTES=0
Dec  9 00:45:54 10.0.0.2 dnsmasq[1]: 2117808 192.168.1.45/49198 query[AAAA] updates.maxmind.com from 192.168.1.45
Dec  9 00:45:54 10.0.0.2 dnsmasq[1]: 2117808 192.168.1.45/49198 cached updates.maxmind.com is 2606:4700:7::a29f:8716
Dec  9 00:45:54 10.0.0.2 ulogd[1267]: [NEW] ORIG: SRC=192.168.1.45 DST=192.168.1.1 PROTO=UDP SPT=39964 DPT=53 PKTS=0 BYTES=0 , REPLY: SRC=192.168.1.1 DST=192.168.1.45 PROTO=UDP SPT=53 DPT=39964 PKTS=0 BYTES=0
Dec  9 00:45:54 10.0.0.2 dnsmasq[1]: 2117808 192.168.1.45/49198 cached updates.maxmind.com is 2606:4700:7::a29f:8616
Dec  9 00:45:54 10.0.0.2 dnsmasq[1]: 2117809 192.168.1.45/39964 query[A] updates.maxmind.com from 192.168.1.45
Dec  9 00:45:54 10.0.0.2 dnsmasq[1]: 2117809 192.168.1.45/39964 cached updates.maxmind.com is 162.159.134.22
Dec  9 00:45:54 10.0.0.2 dnsmasq[1]: 2117809 192.168.1.45/39964 cached updates.maxmind.com is 162.159.135.22
Dec  9 00:45:54 10.0.0.2 ulogd[1267]: [NEW] ORIG: SRC=192.168.1.45 DST=162.159.134.22 PROTO=TCP SPT=49432 DPT=443 PKTS=0 BYTES=0 , REPLY: SRC=162.159.134.22 DST=176.36.141.89 PROTO=TCP SPT=443 DPT=49432 PKTS=0 BYTES=0
Dec  9 00:45:55 10.0.0.2 ulogd[1267]: [DESTROY] ORIG: SRC=192.168.1.180 DST=185.86.139.95 PROTO=TCP SPT=65341 DPT=443 PKTS=10 BYTES=4247 , REPLY: SRC=185.86.139.95 DST=176.36.141.89 PROTO=TCP SPT=443 DPT=65341 PKTS=9 BYTES=1263
Dec  9 00:45:57 10.0.0.2 ulogd[1267]: [DESTROY] ORIG: SRC=fd02:c8be:1d40:0:75c3:3b72:9ae4:cb64 DST=fd02:c8be:1d40::1 PROTO=UDP SPT=60438 DPT=53 PKTS=9 BYTES=767 , REPLY: SRC=fd02:c8be:1d40::1 DST=fd02:c8be:1d40:0:75c3:3b72:9ae4:cb64 PROTO=UDP SPT=53 DPT=60438 PKTS=9 BYTES=1262
Dec  9 00:45:57 10.0.0.2 dnsmasq[1]: 2117810 fd02:c8be:1d40:0:75c3:3b72:9ae4:cb64/60438 query[A] array609.prod.do.dsp.mp.microsoft.com from fd02:c8be:1d40:0:75c3:3b72:9ae4:cb64
Dec  9 00:45:57 10.0.0.2 ulogd[1267]: [NEW] ORIG: SRC=fd02:c8be:1d40:0:75c3:3b72:9ae4:cb64 DST=fd02:c8be:1d40::1 PROTO=UDP SPT=60438 DPT=53 PKTS=0 BYTES=0 , REPLY: SRC=fd02:c8be:1d40::1 DST=fd02:c8be:1d40:0:75c3:3b72:9ae4:cb64 PROTO=UDP SPT=53 DPT=60438 PKTS=0 BYTES=0
Dec  9 00:45:57 10.0.0.2 dnsmasq[1]: 2117810 fd02:c8be:1d40:0:75c3:3b72:9ae4:cb64/60438 forwarded array609.prod.do.dsp.mp.microsoft.com to 194.50.85.5
Dec  9 00:45:57 10.0.0.2 ulogd[1267]: [NEW] ORIG: SRC=176.36.141.89 DST=194.50.85.5 PROTO=UDP SPT=36957 DPT=53 PKTS=0 BYTES=0 , REPLY: SRC=194.50.85.5 DST=176.36.141.89 PROTO=UDP SPT=53 DPT=36957 PKTS=0 BYTES=0
Dec  9 00:45:57 10.0.0.2 dnsmasq[1]: 2117810 fd02:c8be:1d40:0:75c3:3b72:9ae4:cb64/60438 reply array609.prod.do.dsp.mp.microsoft.com is 51.104.167.255
Dec  9 00:45:57 10.0.0.2 ulogd[1267]: [NEW] ORIG: SRC=fd02:c8be:1d40:0:75c3:3b72:9ae4:cb64 DST=fd02:c8be:1d40::1 PROTO=UDP SPT=64483 DPT=53 PKTS=0 BYTES=0 , REPLY: SRC=fd02:c8be:1d40::1 DST=fd02:c8be:1d40:0:75c3:3b72:9ae4:cb64 PROTO=UDP SPT=53 DPT=64483 PKTS=0 BYTES=0
Dec  9 00:45:57 10.0.0.2 dnsmasq[1]: 2117811 fd02:c8be:1d40:0:75c3:3b72:9ae4:cb64/64483 query[AAAA] array609.prod.do.dsp.mp.microsoft.com from fd02:c8be:1d40:0:75c3:3b72:9ae4:cb64
Dec  9 00:45:57 10.0.0.2 dnsmasq[1]: 2117811 fd02:c8be:1d40:0:75c3:3b72:9ae4:cb64/64483 forwarded array609.prod.do.dsp.mp.microsoft.com to 194.50.85.5
Dec  9 00:45:57 10.0.0.2 ulogd[1267]: [NEW] ORIG: SRC=176.36.141.89 DST=194.50.85.5 PROTO=UDP SPT=46010 DPT=53 PKTS=0 BYTES=0 , REPLY: SRC=194.50.85.5 DST=176.36.141.89 PROTO=UDP SPT=53 DPT=46010 PKTS=0 BYTES=0
Dec  9 00:45:57 10.0.0.2 dnsmasq[1]: 2117811 fd02:c8be:1d40:0:75c3:3b72:9ae4:cb64/64483 reply array609.prod.do.dsp.mp.microsoft.com is NODATA-IPv6
Dec  9 00:45:57 10.0.0.2 ulogd[1267]: [NEW] ORIG: SRC=192.168.1.180 DST=51.104.167.255 PROTO=TCP SPT=65344 DPT=443 PKTS=0 BYTES=0 , REPLY: SRC=51.104.167.255 DST=176.36.141.89 PROTO=TCP SPT=443 DPT=65344 PKTS=0 BYTES=0
Dec  9 00:45:59 10.0.0.2 ulogd[1267]: [NEW] ORIG: SRC=fd02:c8be:1d40:0:75c3:3b72:9ae4:cb64 DST=fd02:c8be:1d40::1 PROTO=UDP SPT=58032 DPT=53 PKTS=0 BYTES=0 , REPLY: SRC=fd02:c8be:1d40::1 DST=fd02:c8be:1d40:0:75c3:3b72:9ae4:cb64 PROTO=UDP SPT=53 DPT=58032 PKTS=0 BYTES=0
Dec  9 00:45:59 10.0.0.2 ulogd[1267]: [DESTROY] ORIG: SRC=fd02:c8be:1d40:0:75c3:3b72:9ae4:cb64 DST=fd02:c8be:1d40::1 PROTO=UDP SPT=55731 DPT=53 PKTS=1 BYTES=90 , REPLY: SRC=fd02:c8be:1d40::1 DST=fd02:c8be:1d40:0:75c3:3b72:9ae4:cb64 PROTO=UDP SPT=53 DPT=55731 PKTS=1 BYTES=138
Dec  9 00:45:59 10.0.0.2 ulogd[1267]: [NEW] ORIG: SRC=fd02:c8be:1d40:0:75c3:3b72:9ae4:cb64 DST=fd02:c8be:1d40::1 PROTO=UDP SPT=52789 DPT=53 PKTS=0 BYTES=0 , REPLY: SRC=fd02:c8be:1d40::1 DST=fd02:c8be:1d40:0:75c3:3b72:9ae4:cb64 PROTO=UDP SPT=53 DPT=52789 PKTS=0 BYTES=0
Dec  9 00:45:59 10.0.0.2 dnsmasq[1]: 2117812 fd02:c8be:1d40:0:75c3:3b72:9ae4:cb64/58032 query[A] static.ads.brave.com from fd02:c8be:1d40:0:75c3:3b72:9ae4:cb64
Dec  9 00:45:59 10.0.0.2 ulogd[1267]: [NEW] ORIG: SRC=176.36.141.89 DST=194.50.85.5 PROTO=UDP SPT=55240 DPT=53 PKTS=0 BYTES=0 , REPLY: SRC=194.50.85.5 DST=176.36.141.89 PROTO=UDP SPT=53 DPT=55240 PKTS=0 BYTES=0
Dec  9 00:45:59 10.0.0.2 dnsmasq[1]: 2117812 fd02:c8be:1d40:0:75c3:3b72:9ae4:cb64/58032 forwarded static.ads.brave.com to 194.50.85.5
Dec  9 00:45:59 10.0.0.2 dnsmasq[1]: 2117812 fd02:c8be:1d40:0:75c3:3b72:9ae4:cb64/58032 reply static.ads.brave.com is <CNAME>
Dec  9 00:45:59 10.0.0.2 dnsmasq[1]: 2117812 fd02:c8be:1d40:0:75c3:3b72:9ae4:cb64/58032 reply d3owvgesicftp9.cloudfront.net is 18.244.146.70
Dec  9 00:45:59 10.0.0.2 dnsmasq[1]: 2117812 fd02:c8be:1d40:0:75c3:3b72:9ae4:cb64/58032 reply d3owvgesicftp9.cloudfront.net is 18.244.146.113
Dec  9 00:45:59 10.0.0.2 dnsmasq[1]: 2117812 fd02:c8be:1d40:0:75c3:3b72:9ae4:cb64/58032 reply d3owvgesicftp9.cloudfront.net is 18.244.146.101
Dec  9 00:45:59 10.0.0.2 dnsmasq[1]: 2117812 fd02:c8be:1d40:0:75c3:3b72:9ae4:cb64/58032 reply d3owvgesicftp9.cloudfront.net is 18.244.146.108
Dec  9 00:45:59 10.0.0.2 dnsmasq[1]: 2117813 fd02:c8be:1d40:0:75c3:3b72:9ae4:cb64/52789 query[type=65] static.ads.brave.com from fd02:c8be:1d40:0:75c3:3b72:9ae4:cb64
Dec  9 00:45:59 10.0.0.2 dnsmasq[1]: 2117813 fd02:c8be:1d40:0:75c3:3b72:9ae4:cb64/52789 cached static.ads.brave.com is <CNAME>
Dec  9 00:45:59 10.0.0.2 ulogd[1267]: [NEW] ORIG: SRC=176.36.141.89 DST=194.50.85.5 PROTO=UDP SPT=47696 DPT=53 PKTS=0 BYTES=0 , REPLY: SRC=194.50.85.5 DST=176.36.141.89 PROTO=UDP SPT=53 DPT=47696 PKTS=0 BYTES=0
Dec  9 00:45:59 10.0.0.2 dnsmasq[1]: 2117813 fd02:c8be:1d40:0:75c3:3b72:9ae4:cb64/52789 forwarded static.ads.brave.com to 194.50.85.5
Dec  9 00:45:59 10.0.0.2 ulogd[1267]: [NEW] ORIG: SRC=192.168.1.180 DST=18.244.146.70 PROTO=TCP SPT=65345 DPT=443 PKTS=0 BYTES=0 , REPLY: SRC=18.244.146.70 DST=176.36.141.89 PROTO=TCP SPT=443 DPT=65345 PKTS=0 BYTES=0
Dec  9 00:45:59 10.0.0.2 dnsmasq[1]: 2117813 fd02:c8be:1d40:0:75c3:3b72:9ae4:cb64/52789 reply static.ads.brave.com is <CNAME>
Dec  9 00:45:59 10.0.0.2 dnsmasq[1]: 2117813 fd02:c8be:1d40:0:75c3:3b72:9ae4:cb64/52789 reply d3owvgesicftp9.cloudfront.net is NODATA
Dec  9 00:46:00 10.0.0.2 ulogd[1267]: [DESTROY] ORIG: SRC=192.168.1.180 DST=46.101.131.214 PROTO=TCP SPT=65330 DPT=443 PKTS=13 BYTES=4776 , REPLY: SRC=46.101.131.214 DST=176.36.141.89 PROTO=TCP SPT=443 DPT=65330 PKTS=13 BYTES=5543
Dec  9 00:46:01 10.0.0.2 ulogd[1267]: [NEW] ORIG: SRC=192.168.1.45 DST=192.168.1.1 PROTO=UDP SPT=33594 DPT=53 PKTS=0 BYTES=0 , REPLY: SRC=192.168.1.1 DST=192.168.1.45 PROTO=UDP SPT=53 DPT=33594 PKTS=0 BYTES=0
Dec  9 00:46:01 10.0.0.2 dnsmasq[1]: 2117814 192.168.1.45/33594 query[A] updates.maxmind.com from 192.168.1.45
Dec  9 00:46:01 10.0.0.2 dnsmasq[1]: 2117814 192.168.1.45/33594 cached updates.maxmind.com is 162.159.135.22
Dec  9 00:46:01 10.0.0.2 dnsmasq[1]: 2117814 192.168.1.45/33594 cached updates.maxmind.com is 162.159.134.22
Dec  9 00:46:01 10.0.0.2 ulogd[1267]: [NEW] ORIG: SRC=192.168.1.45 DST=192.168.1.1 PROTO=UDP SPT=55562 DPT=53 PKTS=0 BYTES=0 , REPLY: SRC=192.168.1.1 DST=192.168.1.45 PROTO=UDP SPT=53 DPT=55562 PKTS=0 BYTES=0
Dec  9 00:46:01 10.0.0.2 dnsmasq[1]: 2117815 192.168.1.45/55562 query[AAAA] updates.maxmind.com from 192.168.1.45
Dec  9 00:46:01 10.0.0.2 dnsmasq[1]: 2117815 192.168.1.45/55562 cached updates.maxmind.com is 2606:4700:7::a29f:8616
Dec  9 00:46:01 10.0.0.2 dnsmasq[1]: 2117815 192.168.1.45/55562 cached updates.maxmind.com is 2606:4700:7::a29f:8716
Dec  9 00:46:01 10.0.0.2 ulogd[1267]: [NEW] ORIG: SRC=192.168.1.45 DST=162.159.135.22 PROTO=TCP SPT=60148 DPT=443 PKTS=0 BYTES=0 , REPLY: SRC=162.159.135.22 DST=176.36.141.89 PROTO=TCP SPT=443 DPT=60148 PKTS=0 BYTES=0
Dec  9 00:46:02 10.0.0.2 dnsmasq[1]: 2117816 fd02:c8be:1d40:0:75c3:3b72:9ae4:cb64/49240 query[A] pubads.g.doubleclick.net from fd02:c8be:1d40:0:75c3:3b72:9ae4:cb64
Dec  9 00:46:02 10.0.0.2 ulogd[1267]: [NEW] ORIG: SRC=fd02:c8be:1d40:0:75c3:3b72:9ae4:cb64 DST=fd02:c8be:1d40::1 PROTO=UDP SPT=49240 DPT=53 PKTS=0 BYTES=0 , REPLY: SRC=fd02:c8be:1d40::1 DST=fd02:c8be:1d40:0:75c3:3b72:9ae4:cb64 PROTO=UDP SPT=53 DPT=49240 PKTS=0 BYTES=0
Dec  9 00:46:02 10.0.0.2 ulogd[1267]: [NEW] ORIG: SRC=fd02:c8be:1d40:0:75c3:3b72:9ae4:cb64 DST=fd02:c8be:1d40::1 PROTO=UDP SPT=55195 DPT=53 PKTS=0 BYTES=0 , REPLY: SRC=fd02:c8be:1d40::1 DST=fd02:c8be:1d40:0:75c3:3b72:9ae4:cb64 PROTO=UDP SPT=53 DPT=55195 PKTS=0 BYTES=0
Dec  9 00:46:02 10.0.0.2 ulogd[1267]: [NEW] ORIG: SRC=fd02:c8be:1d40:0:75c3:3b72:9ae4:cb64 DST=fd02:c8be:1d40::1 PROTO=UDP SPT=56372 DPT=53 PKTS=0 BYTES=0 , REPLY: SRC=fd02:c8be:1d40::1 DST=fd02:c8be:1d40:0:75c3:3b72:9ae4:cb64 PROTO=UDP SPT=53 DPT=56372 PKTS=0 BYTES=0
Dec  9 00:46:02 10.0.0.2 dnsmasq[1]: 2117816 fd02:c8be:1d40:0:75c3:3b72:9ae4:cb64/49240 forwarded pubads.g.doubleclick.net to 194.50.85.5
Dec  9 00:46:02 10.0.0.2 dnsmasq[1]: 2117817 fd02:c8be:1d40:0:75c3:3b72:9ae4:cb64/55195 query[A] gew1-spclient.spotify.com from fd02:c8be:1d40:0:75c3:3b72:9ae4:cb64
Dec  9 00:46:02 10.0.0.2 ulogd[1267]: [NEW] ORIG: SRC=fd02:c8be:1d40:0:75c3:3b72:9ae4:cb64 DST=fd02:c8be:1d40::1 PROTO=UDP SPT=55479 DPT=53 PKTS=0 BYTES=0 , REPLY: SRC=fd02:c8be:1d40::1 DST=fd02:c8be:1d40:0:75c3:3b72:9ae4:cb64 PROTO=UDP SPT=53 DPT=55479 PKTS=0 BYTES=0
Dec  9 00:46:02 10.0.0.2 dnsmasq[1]: 2117817 fd02:c8be:1d40:0:75c3:3b72:9ae4:cb64/55195 forwarded gew1-spclient.spotify.com to 194.50.85.5
Dec  9 00:46:02 10.0.0.2 dnsmasq[1]: 2117816 fd02:c8be:1d40:0:75c3:3b72:9ae4:cb64/49240 reply pubads.g.doubleclick.net is <CNAME>
Dec  9 00:46:02 10.0.0.2 dnsmasq[1]: 2117816 fd02:c8be:1d40:0:75c3:3b72:9ae4:cb64/49240 reply pubads46.g.doubleclick.net is 142.250.201.194
Dec  9 00:46:02 10.0.0.2 ulogd[1267]: [NEW] ORIG: SRC=176.36.141.89 DST=194.50.85.5 PROTO=UDP SPT=37306 DPT=53 PKTS=0 BYTES=0 , REPLY: SRC=194.50.85.5 DST=176.36.141.89 PROTO=UDP SPT=53 DPT=37306 PKTS=0 BYTES=0
Dec  9 00:46:02 10.0.0.2 ulogd[1267]: [NEW] ORIG: SRC=176.36.141.89 DST=194.50.85.5 PROTO=UDP SPT=49699 DPT=53 PKTS=0 BYTES=0 , REPLY: SRC=194.50.85.5 DST=176.36.141.89 PROTO=UDP SPT=53 DPT=49699 PKTS=0 BYTES=0
Dec  9 00:46:02 10.0.0.2 dnsmasq[1]: 2117818 fd02:c8be:1d40:0:75c3:3b72:9ae4:cb64/56372 query[type=65] pubads.g.doubleclick.net from fd02:c8be:1d40:0:75c3:3b72:9ae4:cb64
Dec  9 00:46:02 10.0.0.2 dnsmasq[1]: 2117818 fd02:c8be:1d40:0:75c3:3b72:9ae4:cb64/56372 cached pubads.g.doubleclick.net is <CNAME>
Dec  9 00:46:02 10.0.0.2 dnsmasq[1]: 2117818 fd02:c8be:1d40:0:75c3:3b72:9ae4:cb64/56372 forwarded pubads.g.doubleclick.net to 194.50.85.5
Dec  9 00:46:02 10.0.0.2 dnsmasq[1]: 2117817 fd02:c8be:1d40:0:75c3:3b72:9ae4:cb64/55195 reply gew1-spclient.spotify.com is <CNAME>
Dec  9 00:46:02 10.0.0.2 dnsmasq[1]: 2117817 fd02:c8be:1d40:0:75c3:3b72:9ae4:cb64/55195 reply edge-web-gew1.dual-gslb.spotify.com is 35.186.224.18
Dec  9 00:46:02 10.0.0.2 dnsmasq[1]: 2117819 fd02:c8be:1d40:0:75c3:3b72:9ae4:cb64/55479 query[type=65] gew1-spclient.spotify.com from fd02:c8be:1d40:0:75c3:3b72:9ae4:cb64
Dec  9 00:46:02 10.0.0.2 dnsmasq[1]: 2117819 fd02:c8be:1d40:0:75c3:3b72:9ae4:cb64/55479 cached gew1-spclient.spotify.com is <CNAME>
Dec  9 00:46:02 10.0.0.2 dnsmasq[1]: 2117819 fd02:c8be:1d40:0:75c3:3b72:9ae4:cb64/55479 forwarded gew1-spclient.spotify.com to 194.50.85.5
Dec  9 00:46:02 10.0.0.2 dnsmasq[1]: 2117818 fd02:c8be:1d40:0:75c3:3b72:9ae4:cb64/56372 reply pubads.g.doubleclick.net is <CNAME>
Dec  9 00:46:02 10.0.0.2 dnsmasq[1]: 2117818 fd02:c8be:1d40:0:75c3:3b72:9ae4:cb64/56372 reply pubads46.g.doubleclick.net is NODATA
Dec  9 00:46:02 10.0.0.2 dnsmasq[1]: 2117819 fd02:c8be:1d40:0:75c3:3b72:9ae4:cb64/55479 reply gew1-spclient.spotify.com is <CNAME>
Dec  9 00:46:02 10.0.0.2 dnsmasq[1]: 2117819 fd02:c8be:1d40:0:75c3:3b72:9ae4:cb64/55479 reply edge-web-gew1.dual-gslb.spotify.com is NODATA
Dec  9 00:46:02 10.0.0.2 ulogd[1267]: [NEW] ORIG: SRC=176.36.141.89 DST=194.50.85.5 PROTO=UDP SPT=44161 DPT=53 PKTS=0 BYTES=0 , REPLY: SRC=194.50.85.5 DST=176.36.141.89 PROTO=UDP SPT=53 DPT=44161 PKTS=0 BYTES=0
Dec  9 00:46:02 10.0.0.2 ulogd[1267]: [NEW] ORIG: SRC=176.36.141.89 DST=194.50.85.5 PROTO=UDP SPT=58548 DPT=53 PKTS=0 BYTES=0 , REPLY: SRC=194.50.85.5 DST=176.36.141.89 PROTO=UDP SPT=53 DPT=58548 PKTS=0 BYTES=0
Dec  9 00:46:02 10.0.0.2 ulogd[1267]: [NEW] ORIG: SRC=192.168.1.180 DST=142.250.201.194 PROTO=UDP SPT=49879 DPT=443 PKTS=0 BYTES=0 , REPLY: SRC=142.250.201.194 DST=176.36.141.89 PROTO=UDP SPT=443 DPT=49879 PKTS=0 BYTES=0
Dec  9 00:46:02 10.0.0.2 ulogd[1267]: [NEW] ORIG: SRC=192.168.1.180 DST=35.186.224.18 PROTO=UDP SPT=58491 DPT=443 PKTS=0 BYTES=0 , REPLY: SRC=35.186.224.18 DST=176.36.141.89 PROTO=UDP SPT=443 DPT=58491 PKTS=0 BYTES=0
Dec  9 00:46:02 10.0.0.2 ulogd[1267]: [NEW] ORIG: SRC=fd02:c8be:1d40:0:75c3:3b72:9ae4:cb64 DST=fd02:c8be:1d40::1 PROTO=UDP SPT=60842 DPT=53 PKTS=0 BYTES=0 , REPLY: SRC=fd02:c8be:1d40::1 DST=fd02:c8be:1d40:0:75c3:3b72:9ae4:cb64 PROTO=UDP SPT=53 DPT=60842 PKTS=0 BYTES=0
Dec  9 00:46:02 10.0.0.2 ulogd[1267]: [NEW] ORIG: SRC=fd02:c8be:1d40:0:75c3:3b72:9ae4:cb64 DST=fd02:c8be:1d40::1 PROTO=UDP SPT=50241 DPT=53 PKTS=0 BYTES=0 , REPLY: SRC=fd02:c8be:1d40::1 DST=fd02:c8be:1d40:0:75c3:3b72:9ae4:cb64 PROTO=UDP SPT=53 DPT=50241 PKTS=0 BYTES=0
Dec  9 00:46:02 10.0.0.2 dnsmasq[1]: 2117820 fd02:c8be:1d40:0:75c3:3b72:9ae4:cb64/60842 query[A] adeventtrackermonitoring.spotify.com from fd02:c8be:1d40:0:75c3:3b72:9ae4:cb64
Dec  9 00:46:02 10.0.0.2 ulogd[1267]: [NEW] ORIG: SRC=176.36.141.89 DST=194.50.85.5 PROTO=UDP SPT=59629 DPT=53 PKTS=0 BYTES=0 , REPLY: SRC=194.50.85.5 DST=176.36.141.89 PROTO=UDP SPT=53 DPT=59629 PKTS=0 BYTES=0
