Dec  9 01:06:08 10.0.0.2 ulogd[1267]: [DESTROY] ORIG: SRC=176.36.141.89 DST=194.50.85.5 PROTO=UDP SPT=34222 DPT=53 PKTS=1 BYTES=71 , REPLY: SRC=194.50.85.5 DST=176.36.141.89 PROTO=UDP SPT=53 DPT=34222 PKTS=1 BYTES=174
Dec  9 01:06:09 10.0.0.2 ulogd[1267]: [DESTROY] ORIG: SRC=192.168.1.180 DST=192.168.1.1 PROTO=UDP SPT=59507 DPT=53 PKTS=1 BYTES=62 , REPLY: SRC=192.168.1.1 DST=192.168.1.180 PROTO=UDP SPT=53 DPT=59507 PKTS=1 BYTES=153
Dec  9 01:06:18 10.0.0.2 ulogd[1267]: [NEW] ORIG: SRC=192.168.1.180 DST=178.32.210.227 PROTO=TCP SPT=49276 DPT=443 PKTS=0 BYTES=0 , REPLY: SRC=178.32.210.227 DST=176.36.141.89 PROTO=TCP SPT=443 DPT=49276 PKTS=0 BYTES=0
Dec  9 01:06:22 10.0.0.2 ulogd[1267]: [DESTROY] ORIG: SRC=fd02:c8be:1d40:0:75c3:3b72:9ae4:cb64 DST=fd02:c8be:1d40::1 PROTO=UDP SPT=60098 DPT=53 PKTS=1 BYTES=89 , REPLY: SRC=fd02:c8be:1d40::1 DST=fd02:c8be:1d40:0:75c3:3b72:9ae4:cb64 PROTO=UDP SPT=53 DPT=60098 PKTS=1 BYTES=164
Dec  9 01:06:22 10.0.0.2 ulogd[1267]: [NEW] ORIG: SRC=fd02:c8be:1d40:0:75c3:3b72:9ae4:cb64 DST=fd02:c8be:1d40::1 PROTO=UDP SPT=59154 DPT=53 PKTS=0 BYTES=0 , REPLY: SRC=fd02:c8be:1d40::1 DST=fd02:c8be:1d40:0:75c3:3b72:9ae4:cb64 PROTO=UDP SPT=53 DPT=59154 PKTS=0 BYTES=0
Dec  9 01:06:22 10.0.0.2 dnsmasq[1]: 2118848 fd02:c8be:1d40:0:75c3:3b72:9ae4:cb64/59154 query[A] event.shelljacket.us from fd02:c8be:1d40:0:75c3:3b72:9ae4:cb64
Dec  9 01:06:22 10.0.0.2 dnsmasq[1]: 2118848 fd02:c8be:1d40:0:75c3:3b72:9ae4:cb64/59154 forwarded event.shelljacket.us to 192.168.1.45
Dec  9 01:06:22 10.0.0.2 ulogd[1267]: [NEW] ORIG: SRC=192.168.1.1 DST=192.168.1.45 PROTO=UDP SPT=46913 DPT=5353 PKTS=0 BYTES=0 , REPLY: SRC=192.168.1.45 DST=192.168.1.1 PROTO=UDP SPT=5353 DPT=46913 PKTS=0 BYTES=0
Dec  9 01:06:22 10.0.0.2 ulogd[1267]: [NEW] ORIG: SRC=176.36.141.89 DST=194.50.85.5 PROTO=UDP SPT=46913 DPT=53 PKTS=0 BYTES=0 , REPLY: SRC=194.50.85.5 DST=176.36.141.89 PROTO=UDP SPT=53 DPT=46913 PKTS=0 BYTES=0
Dec  9 01:06:22 10.0.0.2 dnsmasq[1]: 2118848 fd02:c8be:1d40:0:75c3:3b72:9ae4:cb64/59154 forwarded event.shelljacket.us to 194.50.85.5
Dec  9 01:06:22 10.0.0.2 ulogd[1267]: [NEW] ORIG: SRC=176.36.141.89 DST=194.50.85.7 PROTO=UDP SPT=46913 DPT=53 PKTS=0 BYTES=0 , REPLY: SRC=194.50.85.7 DST=176.36.141.89 PROTO=UDP SPT=53 DPT=46913 PKTS=0 BYTES=0
Dec  9 01:06:22 10.0.0.2 dnsmasq[1]: 2118848 fd02:c8be:1d40:0:75c3:3b72:9ae4:cb64/59154 forwarded event.shelljacket.us to 194.50.85.7
Dec  9 01:06:22 10.0.0.2 dnsmasq[1]: 2118848 fd02:c8be:1d40:0:75c3:3b72:9ae4:cb64/59154 reply event.shelljacket.us is 46.101.131.214
Dec  9 01:06:22 10.0.0.2 dnsmasq[1]: 2118848 fd02:c8be:1d40:0:75c3:3b72:9ae4:cb64/59154 reply event.shelljacket.us is 138.68.77.102
Dec  9 01:06:22 10.0.0.2 dnsmasq[1]: 2118848 fd02:c8be:1d40:0:75c3:3b72:9ae4:cb64/59154 reply event.shelljacket.us is 138.68.101.1
Dec  9 01:06:22 10.0.0.2 dnsmasq[1]: 2118848 fd02:c8be:1d40:0:75c3:3b72:9ae4:cb64/59154 reply event.shelljacket.us is 159.89.100.215
Dec  9 01:06:22 10.0.0.2 dnsmasq[1]: 2118848 fd02:c8be:1d40:0:75c3:3b72:9ae4:cb64/59154 reply event.shelljacket.us is 159.89.27.102
Dec  9 01:06:22 10.0.0.2 dnsmasq[1]: 2118848 fd02:c8be:1d40:0:75c3:3b72:9ae4:cb64/59154 reply event.shelljacket.us is 46.101.131.99
Dec  9 01:06:22 10.0.0.2 dnsmasq[1]: 2118848 fd02:c8be:1d40:0:75c3:3b72:9ae4:cb64/59154 reply event.shelljacket.us is 138.68.92.190
Dec  9 01:06:22 10.0.0.2 dnsmasq[1]: 2118849 fd02:c8be:1d40:0:75c3:3b72:9ae4:cb64/56915 query[type=65] event.shelljacket.us from fd02:c8be:1d40:0:75c3:3b72:9ae4:cb64
Dec  9 01:06:22 10.0.0.2 ulogd[1267]: [NEW] ORIG: SRC=176.36.141.89 DST=194.50.85.5 PROTO=UDP SPT=33017 DPT=53 PKTS=0 BYTES=0 , REPLY: SRC=194.50.85.5 DST=176.36.141.89 PROTO=UDP SPT=53 DPT=33017 PKTS=0 BYTES=0
Dec  9 01:06:22 10.0.0.2 dnsmasq[1]: 2118849 fd02:c8be:1d40:0:75c3:3b72:9ae4:cb64/56915 forwarded event.shelljacket.us to 194.50.85.5
Dec  9 01:06:22 10.0.0.2 ulogd[1267]: [NEW] ORIG: SRC=192.168.1.180 DST=46.101.131.214 PROTO=TCP SPT=49277 DPT=443 PKTS=0 BYTES=0 , REPLY: SRC=46.101.131.214 DST=176.36.141.89 PROTO=TCP SPT=443 DPT=49277 PKTS=0 BYTES=0
Dec  9 01:06:22 10.0.0.2 dnsmasq[1]: 2118849 fd02:c8be:1d40:0:75c3:3b72:9ae4:cb64/56915 reply event.shelljacket.us is NODATA
Dec  9 01:06:25 10.0.0.2 ulogd[1267]: [NEW] ORIG: SRC=192.168.1.45 DST=192.168.1.1 PROTO=UDP SPT=35224 DPT=53 PKTS=0 BYTES=0 , REPLY: SRC=192.168.1.1 DST=192.168.1.45 PROTO=UDP SPT=53 DPT=35224 PKTS=0 BYTES=0
Dec  9 01:06:25 10.0.0.2 dnsmasq[1]: 2118850 192.168.1.45/35224 query[A] github.com from 192.168.1.45
Dec  9 01:06:25 10.0.0.2 dnsmasq[1]: 2118850 192.168.1.45/35224 cached github.com is 140.82.121.3
Dec  9 01:06:25 10.0.0.2 dnsmasq[1]: 2118851 192.168.1.45/35224 query[AAAA] github.com from 192.168.1.45
Dec  9 01:06:25 10.0.0.2 ulogd[1267]: [NEW] ORIG: SRC=176.36.141.89 DST=194.50.85.5 PROTO=UDP SPT=44131 DPT=53 PKTS=0 BYTES=0 , REPLY: SRC=194.50.85.5 DST=176.36.141.89 PROTO=UDP SPT=53 DPT=44131 PKTS=0 BYTES=0
Dec  9 01:06:25 10.0.0.2 dnsmasq[1]: 2118851 192.168.1.45/35224 forwarded github.com to 194.50.85.5
Dec  9 01:06:25 10.0.0.2 dnsmasq[1]: 2118851 192.168.1.45/35224 reply github.com is NODATA-IPv6
Dec  9 01:06:25 10.0.0.2 ulogd[1267]: [NEW] ORIG: SRC=192.168.1.45 DST=140.82.121.3 PROTO=TCP SPT=46752 DPT=443 PKTS=0 BYTES=0 , REPLY: SRC=140.82.121.3 DST=176.36.141.89 PROTO=TCP SPT=443 DPT=46752 PKTS=0 BYTES=0
Dec  9 01:06:28 10.0.0.2 ulogd[1267]: [DESTROY] ORIG: SRC=192.168.1.180 DST=178.32.210.227 PROTO=TCP SPT=49273 DPT=443 PKTS=12 BYTES=4328 , REPLY: SRC=178.32.210.227 DST=176.36.141.89 PROTO=TCP SPT=443 DPT=49273 PKTS=12 BYTES=5218
Dec  9 01:06:31 10.0.0.2 ulogd[1267]: [NEW] ORIG: SRC=fe80::b295:75ff:fe15:6fa5 DST=ff02::1:2 PROTO=UDP SPT=546 DPT=547 PKTS=0 BYTES=0 , REPLY: SRC=ff02::1:2 DST=fe80::b295:75ff:fe15:6fa5 PROTO=UDP SPT=547 DPT=546 PKTS=0 BYTES=0
Dec  9 01:06:31 10.0.0.2 ulogd[1267]: [DESTROY] ORIG: SRC=192.168.1.180 DST=35.186.224.18 PROTO=UDP SPT=50105 DPT=443 PKTS=23 BYTES=4115 , REPLY: SRC=35.186.224.18 DST=176.36.141.89 PROTO=UDP SPT=443 DPT=50105 PKTS=23 BYTES=5228
Dec  9 01:06:32 10.0.0.2 ulogd[1267]: [NEW] ORIG: SRC=192.168.1.180 DST=178.32.210.227 PROTO=TCP SPT=49278 DPT=443 PKTS=0 BYTES=0 , REPLY: SRC=178.32.210.227 DST=176.36.141.89 PROTO=TCP SPT=443 DPT=49278 PKTS=0 BYTES=0
Dec  9 01:06:32 10.0.0.2 dnsmasq[1]: 2118852 fd02:c8be:1d40:0:75c3:3b72:9ae4:cb64/52012 query[A] prebid-server.rubiconproject.com from fd02:c8be:1d40:0:75c3:3b72:9ae4:cb64
Dec  9 01:06:32 10.0.0.2 dnsmasq[1]: 2118852 fd02:c8be:1d40:0:75c3:3b72:9ae4:cb64/52012 forwarded prebid-server.rubiconproject.com to 194.50.85.5
Dec  9 01:06:32 10.0.0.2 dnsmasq[1]: 2118853 fd02:c8be:1d40:0:75c3:3b72:9ae4:cb64/60969 query[type=65] prebid-server.rubiconproject.com from fd02:c8be:1d40:0:75c3:3b72:9ae4:cb64
Dec  9 01:06:32 10.0.0.2 dnsmasq[1]: 2118853 fd02:c8be:1d40:0:75c3:3b72:9ae4:cb64/60969 forwarded prebid-server.rubiconproject.com to 194.50.85.5
Dec  9 01:06:32 10.0.0.2 ulogd[1267]: [NEW] ORIG: SRC=fd02:c8be:1d40:0:75c3:3b72:9ae4:cb64 DST=fd02:c8be:1d40::1 PROTO=UDP SPT=52012 DPT=53 PKTS=0 BYTES=0 , REPLY: SRC=fd02:c8be:1d40::1 DST=fd02:c8be:1d40:0:75c3:3b72:9ae4:cb64 PROTO=UDP SPT=53 DPT=52012 PKTS=0 BYTES=0
Dec  9 01:06:32 10.0.0.2 dnsmasq[1]: 2118852 fd02:c8be:1d40:0:75c3:3b72:9ae4:cb64/52012 reply prebid-server.rubiconproject.com is <CNAME>
Dec  9 01:06:32 10.0.0.2 ulogd[1267]: [NEW] ORIG: SRC=fd02:c8be:1d40:0:75c3:3b72:9ae4:cb64 DST=fd02:c8be:1d40::1 PROTO=UDP SPT=60969 DPT=53 PKTS=0 BYTES=0 , REPLY: SRC=fd02:c8be:1d40::1 DST=fd02:c8be:1d40:0:75c3:3b72:9ae4:cb64 PROTO=UDP SPT=53 DPT=60969 PKTS=0 BYTES=0
Dec  9 01:06:32 10.0.0.2 dnsmasq[1]: 2118852 fd02:c8be:1d40:0:75c3:3b72:9ae4:cb64/52012 reply prebid-server.rubiconproject.net.akadns.net is <CNAME>
Dec  9 01:06:32 10.0.0.2 ulogd[1267]: [NEW] ORIG: SRC=176.36.141.89 DST=194.50.85.5 PROTO=UDP SPT=36881 DPT=53 PKTS=0 BYTES=0 , REPLY: SRC=194.50.85.5 DST=176.36.141.89 PROTO=UDP SPT=53 DPT=36881 PKTS=0 BYTES=0
Dec  9 01:06:32 10.0.0.2 dnsmasq[1]: 2118852 fd02:c8be:1d40:0:75c3:3b72:9ae4:cb64/52012 reply prebid-server-perf-eu.rubiconproject.net.akadns.net is 69.173.144.137
Dec  9 01:06:32 10.0.0.2 ulogd[1267]: [NEW] ORIG: SRC=176.36.141.89 DST=194.50.85.5 PROTO=UDP SPT=43546 DPT=53 PKTS=0 BYTES=0 , REPLY: SRC=194.50.85.5 DST=176.36.141.89 PROTO=UDP SPT=53 DPT=43546 PKTS=0 BYTES=0
Dec  9 01:06:32 10.0.0.2 dnsmasq[1]: 2118853 fd02:c8be:1d40:0:75c3:3b72:9ae4:cb64/60969 reply prebid-server.rubiconproject.com is <CNAME>
Dec  9 01:06:32 10.0.0.2 dnsmasq[1]: 2118853 fd02:c8be:1d40:0:75c3:3b72:9ae4:cb64/60969 reply prebid-server.rubiconproject.net.akadns.net is <CNAME>
Dec  9 01:06:32 10.0.0.2 dnsmasq[1]: 2118853 fd02:c8be:1d40:0:75c3:3b72:9ae4:cb64/60969 reply prebid-server-perf-eu.rubiconproject.net.akadns.net is NODATA
Dec  9 01:06:37 10.0.0.2 ulogd[1267]: [NEW] ORIG: SRC=192.168.1.45 DST=192.168.1.1 PROTO=UDP SPT=36729 DPT=53 PKTS=0 BYTES=0 , REPLY: SRC=192.168.1.1 DST=192.168.1.45 PROTO=UDP SPT=53 DPT=36729 PKTS=0 BYTES=0
Dec  9 01:06:37 10.0.0.2 dnsmasq[1]: 2118854 192.168.1.45/36729 query[A] github.com from 192.168.1.45
Dec  9 01:06:37 10.0.0.2 dnsmasq[1]: 2118854 192.168.1.45/36729 cached github.com is 140.82.121.3
Dec  9 01:06:37 10.0.0.2 dnsmasq[1]: 2118855 192.168.1.45/36729 query[AAAA] github.com from 192.168.1.45
Dec  9 01:06:37 10.0.0.2 ulogd[1267]: [NEW] ORIG: SRC=176.36.141.89 DST=194.50.85.5 PROTO=UDP SPT=47674 DPT=53 PKTS=0 BYTES=0 , REPLY: SRC=194.50.85.5 DST=176.36.141.89 PROTO=UDP SPT=53 DPT=47674 PKTS=0 BYTES=0
Dec  9 01:06:37 10.0.0.2 dnsmasq[1]: 2118855 192.168.1.45/36729 forwarded github.com to 194.50.85.5
Dec  9 01:06:37 10.0.0.2 dnsmasq[1]: 2118855 192.168.1.45/36729 reply github.com is NODATA-IPv6
Dec  9 01:06:37 10.0.0.2 ulogd[1267]: [NEW] ORIG: SRC=192.168.1.45 DST=140.82.121.3 PROTO=TCP SPT=35936 DPT=443 PKTS=0 BYTES=0 , REPLY: SRC=140.82.121.3 DST=176.36.141.89 PROTO=TCP SPT=443 DPT=35936 PKTS=0 BYTES=0
Dec  9 01:06:39 10.0.0.2 ulogd[1267]: [DESTROY] ORIG: SRC=176.36.141.89 DST=194.50.85.5 PROTO=UDP SPT=34527 DPT=53 PKTS=1 BYTES=62 , REPLY: SRC=194.50.85.5 DST=176.36.141.89 PROTO=UDP SPT=53 DPT=34527 PKTS=1 BYTES=198
Dec  9 01:06:40 10.0.0.2 ulogd[1267]: [DESTROY] ORIG: SRC=176.36.141.89 DST=194.50.85.5 PROTO=UDP SPT=54268 DPT=53 PKTS=1 BYTES=57 , REPLY: SRC=194.50.85.5 DST=176.36.141.89 PROTO=UDP SPT=53 DPT=54268 PKTS=1 BYTES=185
Dec  9 01:06:43 10.0.0.2 ulogd[1267]: [DESTROY] ORIG: SRC=176.36.141.89 DST=194.50.85.7 PROTO=UDP SPT=40418 DPT=53 PKTS=1 BYTES=78 , REPLY: SRC=194.50.85.7 DST=176.36.141.89 PROTO=UDP SPT=53 DPT=40418 PKTS=1 BYTES=234
Dec  9 01:06:43 10.0.0.2 ulogd[1267]: [DESTROY] ORIG: SRC=192.168.1.180 DST=81.17.55.113 PROTO=TCP SPT=49272 DPT=443 PKTS=10 BYTES=4248 , REPLY: SRC=81.17.55.113 DST=176.36.141.89 PROTO=TCP SPT=443 DPT=49272 PKTS=9 BYTES=1267
Dec  9 01:06:44 10.0.0.2 dnsmasq[1]: 2118856 fd02:c8be:1d40:0:75c3:3b72:9ae4:cb64/52752 query[A] spclient.wg.spotify.com from fd02:c8be:1d40:0:75c3:3b72:9ae4:cb64
Dec  9 01:06:44 10.0.0.2 dnsmasq[1]: 2118856 fd02:c8be:1d40:0:75c3:3b72:9ae4:cb64/52752 cached spclient.wg.spotify.com is <CNAME>
Dec  9 01:06:44 10.0.0.2 dnsmasq[1]: 2118856 fd02:c8be:1d40:0:75c3:3b72:9ae4:cb64/52752 forwarded spclient.wg.spotify.com to 192.168.1.45
Dec  9 01:06:44 10.0.0.2 ulogd[1267]: [NEW] ORIG: SRC=fd02:c8be:1d40:0:75c3:3b72:9ae4:cb64 DST=fd02:c8be:1d40::1 PROTO=UDP SPT=52752 DPT=53 PKTS=0 BYTES=0 , REPLY: SRC=fd02:c8be:1d40::1 DST=fd02:c8be:1d40:0:75c3:3b72:9ae4:cb64 PROTO=UDP SPT=53 DPT=52752 PKTS=0 BYTES=0
Dec  9 01:06:44 10.0.0.2 ulogd[1267]: [NEW] ORIG: SRC=192.168.1.1 DST=192.168.1.45 PROTO=UDP SPT=34639 DPT=5353 PKTS=0 BYTES=0 , REPLY: SRC=192.168.1.45 DST=192.168.1.1 PROTO=UDP SPT=5353 DPT=34639 PKTS=0 BYTES=0
Dec  9 01:06:44 10.0.0.2 ulogd[1267]: [NEW] ORIG: SRC=fd02:c8be:1d40:0:75c3:3b72:9ae4:cb64 DST=fd02:c8be:1d40::1 PROTO=UDP SPT=58245 DPT=53 PKTS=0 BYTES=0 , REPLY: SRC=fd02:c8be:1d40::1 DST=fd02:c8be:1d40:0:75c3:3b72:9ae4:cb64 PROTO=UDP SPT=53 DPT=58245 PKTS=0 BYTES=0
Dec  9 01:06:44 10.0.0.2 ulogd[1267]: [NEW] ORIG: SRC=176.36.141.89 DST=194.50.85.5 PROTO=UDP SPT=34639 DPT=53 PKTS=0 BYTES=0 , REPLY: SRC=194.50.85.5 DST=176.36.141.89 PROTO=UDP SPT=53 DPT=34639 PKTS=0 BYTES=0
Dec  9 01:06:44 10.0.0.2 dnsmasq[1]: 2118856 fd02:c8be:1d40:0:75c3:3b72:9ae4:cb64/52752 forwarded spclient.wg.spotify.com to 194.50.85.5
Dec  9 01:06:44 10.0.0.2 ulogd[1267]: [NEW] ORIG: SRC=176.36.141.89 DST=194.50.85.7 PROTO=UDP SPT=34639 DPT=53 PKTS=0 BYTES=0 , REPLY: SRC=194.50.85.7 DST=176.36.141.89 PROTO=UDP SPT=53 DPT=34639 PKTS=0 BYTES=0
Dec  9 01:06:44 10.0.0.2 dnsmasq[1]: 2118856 fd02:c8be:1d40:0:75c3:3b72:9ae4:cb64/52752 forwarded spclient.wg.spotify.com to 194.50.85.7
Dec  9 01:06:44 10.0.0.2 dnsmasq[1]: 2118856 fd02:c8be:1d40:0:75c3:3b72:9ae4:cb64/52752 reply spclient.wg.spotify.com is <CNAME>
Dec  9 01:06:44 10.0.0.2 dnsmasq[1]: 2118856 fd02:c8be:1d40:0:75c3:3b72:9ae4:cb64/52752 reply edge-web.dual-gslb.spotify.com is 35.186.224.25
Dec  9 01:06:44 10.0.0.2 dnsmasq[1]: 2118857 fd02:c8be:1d40:0:75c3:3b72:9ae4:cb64/58245 query[type=65] spclient.wg.spotify.com from fd02:c8be:1d40:0:75c3:3b72:9ae4:cb64
Dec  9 01:06:44 10.0.0.2 dnsmasq[1]: 2118857 fd02:c8be:1d40:0:75c3:3b72:9ae4:cb64/58245 cached spclient.wg.spotify.com is <CNAME>
Dec  9 01:06:44 10.0.0.2 ulogd[1267]: [NEW] ORIG: SRC=176.36.141.89 DST=194.50.85.5 PROTO=UDP SPT=44156 DPT=53 PKTS=0 BYTES=0 , REPLY: SRC=194.50.85.5 DST=176.36.141.89 PROTO=UDP SPT=53 DPT=44156 PKTS=0 BYTES=0
Dec  9 01:06:44 10.0.0.2 dnsmasq[1]: 2118857 fd02:c8be:1d40:0:75c3:3b72:9ae4:cb64/58245 forwarded spclient.wg.spotify.com to 194.50.85.5
Dec  9 01:06:44 10.0.0.2 dnsmasq[1]: 2118857 fd02:c8be:1d40:0:75c3:3b72:9ae4:cb64/58245 reply spclient.wg.spotify.com is <CNAME>
Dec  9 01:06:44 10.0.0.2 dnsmasq[1]: 2118857 fd02:c8be:1d40:0:75c3:3b72:9ae4:cb64/58245 reply edge-web.dual-gslb.spotify.com is NODATA
Dec  9 01:06:44 10.0.0.2 ulogd[1267]: [NEW] ORIG: SRC=192.168.1.180 DST=35.186.224.25 PROTO=UDP SPT=61958 DPT=443 PKTS=0 BYTES=0 , REPLY: SRC=35.186.224.25 DST=176.36.141.89 PROTO=UDP SPT=443 DPT=61958 PKTS=0 BYTES=0
Dec  9 01:06:45 10.0.0.2 ulogd[1267]: [DESTROY] ORIG: SRC=192.168.1.180 DST=44.225.17.45 PROTO=TCP SPT=49265 DPT=443 PKTS=15 BYTES=6722 , REPLY: SRC=44.225.17.45 DST=176.36.141.89 PROTO=TCP SPT=443 DPT=49265 PKTS=12 BYTES=6412
Dec  9 01:06:45 10.0.0.2 ulogd[1267]: [DESTROY] ORIG: SRC=176.36.141.89 DST=194.50.85.5 PROTO=UDP SPT=60755 DPT=53 PKTS=1 BYTES=62 , REPLY: SRC=194.50.85.5 DST=176.36.141.89 PROTO=UDP SPT=53 DPT=60755 PKTS=1 BYTES=153
Dec  9 01:06:47 10.0.0.2 dnsmasq[1]: 2118858 fd02:c8be:1d40:0:75c3:3b72:9ae4:cb64/62631 query[A] prg.smartadserver.com from fd02:c8be:1d40:0:75c3:3b72:9ae4:cb64
Dec  9 01:06:47 10.0.0.2 dnsmasq[1]: 2118858 fd02:c8be:1d40:0:75c3:3b72:9ae4:cb64/62631 cached prg.smartadserver.com is <CNAME>
Dec  9 01:06:47 10.0.0.2 dnsmasq[1]: 2118858 fd02:c8be:1d40:0:75c3:3b72:9ae4:cb64/62631 cached prga.smartadserver.com is <CNAME>
Dec  9 01:06:47 10.0.0.2 ulogd[1267]: [NEW] ORIG: SRC=fd02:c8be:1d40:0:75c3:3b72:9ae4:cb64 DST=fd02:c8be:1d40::1 PROTO=UDP SPT=62631 DPT=53 PKTS=0 BYTES=0 , REPLY: SRC=fd02:c8be:1d40::1 DST=fd02:c8be:1d40:0:75c3:3b72:9ae4:cb64 PROTO=UDP SPT=53 DPT=62631 PKTS=0 BYTES=0
Dec  9 01:06:47 10.0.0.2 dnsmasq[1]: 2118858 fd02:c8be:1d40:0:75c3:3b72:9ae4:cb64/62631 forwarded prg.smartadserver.com to 194.50.85.5
Dec  9 01:06:47 10.0.0.2 ulogd[1267]: [DESTROY] ORIG: SRC=fd02:c8be:1d40:0:75c3:3b72:9ae4:cb64 DST=fd02:c8be:1d40::1 PROTO=UDP SPT=49667 DPT=53 PKTS=1 BYTES=89 , REPLY: SRC=fd02:c8be:1d40::1 DST=fd02:c8be:1d40:0:75c3:3b72:9ae4:cb64 PROTO=UDP SPT=53 DPT=49667 PKTS=1 BYTES=149
Dec  9 01:06:47 10.0.0.2 dnsmasq[1]: 2118859 fd02:c8be:1d40:0:75c3:3b72:9ae4:cb64/54524 query[type=65] prg.smartadserver.com from fd02:c8be:1d40:0:75c3:3b72:9ae4:cb64
Dec  9 01:06:47 10.0.0.2 ulogd[1267]: [NEW] ORIG: SRC=fd02:c8be:1d40:0:75c3:3b72:9ae4:cb64 DST=fd02:c8be:1d40::1 PROTO=UDP SPT=54524 DPT=53 PKTS=0 BYTES=0 , REPLY: SRC=fd02:c8be:1d40::1 DST=fd02:c8be:1d40:0:75c3:3b72:9ae4:cb64 PROTO=UDP SPT=53 DPT=54524 PKTS=0 BYTES=0
Dec  9 01:06:47 10.0.0.2 dnsmasq[1]: 2118859 fd02:c8be:1d40:0:75c3:3b72:9ae4:cb64/54524 cached prg.smartadserver.com is <CNAME>
Dec  9 01:06:47 10.0.0.2 ulogd[1267]: [NEW] ORIG: SRC=176.36.141.89 DST=194.50.85.5 PROTO=UDP SPT=40436 DPT=53 PKTS=0 BYTES=0 , REPLY: SRC=194.50.85.5 DST=176.36.141.89 PROTO=UDP SPT=53 DPT=40436 PKTS=0 BYTES=0
Dec  9 01:06:47 10.0.0.2 dnsmasq[1]: 2118859 fd02:c8be:1d40:0:75c3:3b72:9ae4:cb64/54524 forwarded prg.smartadserver.com to 194.50.85.5
Dec  9 01:06:47 10.0.0.2 dnsmasq[1]: 2118858 fd02:c8be:1d40:0:75c3:3b72:9ae4:cb64/62631 reply prg.smartadserver.com is <CNAME>
Dec  9 01:06:47 10.0.0.2 dnsmasq[1]: 2118858 fd02:c8be:1d40:0:75c3:3b72:9ae4:cb64/62631 reply prga.smartadserver.com is <CNAME>
Dec  9 01:06:47 10.0.0.2 ulogd[1267]: [NEW] ORIG: SRC=176.36.141.89 DST=194.50.85.5 PROTO=UDP SPT=33439 DPT=53 PKTS=0 BYTES=0 , REPLY: SRC=194.50.85.5 DST=176.36.141.89 PROTO=UDP SPT=53 DPT=33439 PKTS=0 BYTES=0
Dec  9 01:06:47 10.0.0.2 dnsmasq[1]: 2118858 fd02:c8be:1d40:0:75c3:3b72:9ae4:cb64/62631 reply hb-geo.delivery-prod-sas.akadns.net is <CNAME>
Dec  9 01:06:47 10.0.0.2 dnsmasq[1]: 2118858 fd02:c8be:1d40:0:75c3:3b72:9ae4:cb64/62631 reply euw2.smartadserver.com is 5.196.111.65
Dec  9 01:06:47 10.0.0.2 dnsmasq[1]: 2118858 fd02:c8be:1d40:0:75c3:3b72:9ae4:cb64/62631 reply euw2.smartadserver.com is 178.32.210.226
Dec  9 01:06:47 10.0.0.2 dnsmasq[1]: 2118858 fd02:c8be:1d40:0:75c3:3b72:9ae4:cb64/62631 reply euw2.smartadserver.com is 217.182.178.225
Dec  9 01:06:47 10.0.0.2 dnsmasq[1]: 2118858 fd02:c8be:1d40:0:75c3:3b72:9ae4:cb64/62631 reply euw2.smartadserver.com is 5.135.209.97
Dec  9 01:06:47 10.0.0.2 dnsmasq[1]: 2118858 fd02:c8be:1d40:0:75c3:3b72:9ae4:cb64/62631 reply euw2.smartadserver.com is 178.32.210.227
Dec  9 01:06:47 10.0.0.2 dnsmasq[1]: 2118858 fd02:c8be:1d40:0:75c3:3b72:9ae4:cb64/62631 reply euw2.smartadserver.com is 5.135.209.96
Dec  9 01:06:47 10.0.0.2 dnsmasq[1]: 2118858 fd02:c8be:1d40:0:75c3:3b72:9ae4:cb64/62631 reply euw2.smartadserver.com is 217.182.178.224
Dec  9 01:06:47 10.0.0.2 dnsmasq[1]: 2118858 fd02:c8be:1d40:0:75c3:3b72:9ae4:cb64/62631 reply euw2.smartadserver.com is 5.196.111.64
Dec  9 01:06:47 10.0.0.2 dnsmasq[1]: 2118859 fd02:c8be:1d40:0:75c3:3b72:9ae4:cb64/54524 reply prg.smartadserver.com is <CNAME>
Dec  9 01:06:47 10.0.0.2 dnsmasq[1]: 2118859 fd02:c8be:1d40:0:75c3:3b72:9ae4:cb64/54524 reply prga.smartadserver.com is <CNAME>
Dec  9 01:06:47 10.0.0.2 dnsmasq[1]: 2118859 fd02:c8be:1d40:0:75c3:3b72:9ae4:cb64/54524 reply hb-geo.delivery-prod-sas.akadns.net is <CNAME>
Dec  9 01:06:47 10.0.0.2 dnsmasq[1]: 2118859 fd02:c8be:1d40:0:75c3:3b72:9ae4:cb64/54524 reply itx5.smartadserver.com is NODATA
Dec  9 01:06:47 10.0.0.2 ulogd[1267]: [DESTROY] ORIG: SRC=176.36.141.89 DST=194.50.85.5 PROTO=UDP SPT=33829 DPT=53 PKTS=1 BYTES=71 , REPLY: SRC=194.50.85.5 DST=176.36.141.89 PROTO=UDP SPT=53 DPT=33829 PKTS=1 BYTES=125
Dec  9 01:06:47 10.0.0.2 ulogd[1267]: [NEW] ORIG: SRC=192.168.1.180 DST=5.196.111.65 PROTO=TCP SPT=49279 DPT=443 PKTS=0 BYTES=0 , REPLY: SRC=5.196.111.65 DST=176.36.141.89 PROTO=TCP SPT=443 DPT=49279 PKTS=0 BYTES=0
Dec  9 01:06:50 10.0.0.2 ulogd[1267]: [DESTROY] ORIG: SRC=fd02:c8be:1d40:0:75c3:3b72:9ae4:cb64 DST=fd02:c8be:1d40::1 PROTO=UDP SPT=65042 DPT=53 PKTS=1 BYTES=83 , REPLY: SRC=fd02:c8be:1d40::1 DST=fd02:c8be:1d40:0:75c3:3b72:9ae4:cb64 PROTO=UDP SPT=53 DPT=65042 PKTS=1 BYTES=243
Dec  9 01:06:53 10.0.0.2 ulogd[1267]: [DESTROY] ORIG: SRC=fd02:c8be:1d40:0:75c3:3b72:9ae4:cb64 DST=fd02:c8be:1d40::1 PROTO=UDP SPT=60763 DPT=53 PKTS=1 BYTES=84 , REPLY: SRC=fd02:c8be:1d40::1 DST=fd02:c8be:1d40:0:75c3:3b72:9ae4:cb64 PROTO=UDP SPT=53 DPT=60763 PKTS=1 BYTES=198
Dec  9 01:06:55 10.0.0.2 dnsmasq[1]: 2118860 fd02:c8be:1d40:0:75c3:3b72:9ae4:cb64/63789 query[A] lps.navigator-bs.gmx.com from fd02:c8be:1d40:0:75c3:3b72:9ae4:cb64
Dec  9 01:06:55 10.0.0.2 ulogd[1267]: [NEW] ORIG: SRC=fd02:c8be:1d40:0:75c3:3b72:9ae4:cb64 DST=fd02:c8be:1d40::1 PROTO=UDP SPT=63789 DPT=53 PKTS=0 BYTES=0 , REPLY: SRC=fd02:c8be:1d40::1 DST=fd02:c8be:1d40:0:75c3:3b72:9ae4:cb64 PROTO=UDP SPT=53 DPT=63789 PKTS=0 BYTES=0
Dec  9 01:06:55 10.0.0.2 dnsmasq[1]: 2118860 fd02:c8be:1d40:0:75c3:3b72:9ae4:cb64/63789 forwarded lps.navigator-bs.gmx.com to 194.50.85.5
Dec  9 01:06:55 10.0.0.2 dnsmasq[1]: 2118861 fd02:c8be:1d40:0:75c3:3b72:9ae4:cb64/50844 query[type=65] lps.navigator-bs.gmx.com from fd02:c8be:1d40:0:75c3:3b72:9ae4:cb64
Dec  9 01:06:55 10.0.0.2 ulogd[1267]: [NEW] ORIG: SRC=fd02:c8be:1d40:0:75c3:3b72:9ae4:cb64 DST=fd02:c8be:1d40::1 PROTO=UDP SPT=50844 DPT=53 PKTS=0 BYTES=0 , REPLY: SRC=fd02:c8be:1d40::1 DST=fd02:c8be:1d40:0:75c3:3b72:9ae4:cb64 PROTO=UDP SPT=53 DPT=50844 PKTS=0 BYTES=0
Dec  9 01:06:55 10.0.0.2 ulogd[1267]: [NEW] ORIG: SRC=176.36.141.89 DST=194.50.85.5 PROTO=UDP SPT=50597 DPT=53 PKTS=0 BYTES=0 , REPLY: SRC=194.50.85.5 DST=176.36.141.89 PROTO=UDP SPT=53 DPT=50597 PKTS=0 BYTES=0
Dec  9 01:06:55 10.0.0.2 dnsmasq[1]: 2118861 fd02:c8be:1d40:0:75c3:3b72:9ae4:cb64/50844 forwarded lps.navigator-bs.gmx.com to 194.50.85.5
Dec  9 01:06:55 10.0.0.2 ulogd[1267]: [NEW] ORIG: SRC=176.36.141.89 DST=194.50.85.5 PROTO=UDP SPT=41012 DPT=53 PKTS=0 BYTES=0 , REPLY: SRC=194.50.85.5 DST=176.36.141.89 PROTO=UDP SPT=53 DPT=41012 PKTS=0 BYTES=0
Dec  9 01:06:56 10.0.0.2 dnsmasq[1]: 2118860 fd02:c8be:1d40:0:75c3:3b72:9ae4:cb64/63789 reply lps.navigator-bs.gmx.com is 217.72.199.27
Dec  9 01:06:56 10.0.0.2 dnsmasq[1]: 2118861 fd02:c8be:1d40:0:75c3:3b72:9ae4:cb64/50844 reply lps.navigator-bs.gmx.com is NODATA
Dec  9 01:06:57 10.0.0.2 dnsmasq[1]: 2118862 fd02:c8be:1d40:0:75c3:3b72:9ae4:cb64/57554 query[A] github.com from fd02:c8be:1d40:0:75c3:3b72:9ae4:cb64
Dec  9 01:06:57 10.0.0.2 ulogd[1267]: [NEW] ORIG: SRC=fd02:c8be:1d40:0:75c3:3b72:9ae4:cb64 DST=fd02:c8be:1d40::1 PROTO=UDP SPT=57554 DPT=53 PKTS=0 BYTES=0 , REPLY: SRC=fd02:c8be:1d40::1 DST=fd02:c8be:1d40:0:75c3:3b72:9ae4:cb64 PROTO=UDP SPT=53 DPT=57554 PKTS=0 BYTES=0
Dec  9 01:06:57 10.0.0.2 dnsmasq[1]: 2118862 fd02:c8be:1d40:0:75c3:3b72:9ae4:cb64/57554 forwarded github.com to 194.50.85.5
Dec  9 01:06:57 10.0.0.2 ulogd[1267]: [DESTROY] ORIG: SRC=192.168.1.180 DST=35.186.224.25 PROTO=UDP SPT=60388 DPT=443 PKTS=9 BYTES=3307 , REPLY: SRC=35.186.224.25 DST=176.36.141.89 PROTO=UDP SPT=443 DPT=60388 PKTS=9 BYTES=4188
Dec  9 01:06:57 10.0.0.2 ulogd[1267]: [NEW] ORIG: SRC=fd02:c8be:1d40:0:75c3:3b72:9ae4:cb64 DST=fd02:c8be:1d40::1 PROTO=UDP SPT=60390 DPT=53 PKTS=0 BYTES=0 , REPLY: SRC=fd02:c8be:1d40::1 DST=fd02:c8be:1d40:0:75c3:3b72:9ae4:cb64 PROTO=UDP SPT=53 DPT=60390 PKTS=0 BYTES=0
Dec  9 01:06:57 10.0.0.2 dnsmasq[1]: 2118862 fd02:c8be:1d40:0:75c3:3b72:9ae4:cb64/57554 reply github.com is 140.82.121.3
Dec  9 01:06:57 10.0.0.2 ulogd[1267]: [NEW] ORIG: SRC=176.36.141.89 DST=194.50.85.5 PROTO=UDP SPT=42785 DPT=53 PKTS=0 BYTES=0 , REPLY: SRC=194.50.85.5 DST=176.36.141.89 PROTO=UDP SPT=53 DPT=42785 PKTS=0 BYTES=0
Dec  9 01:06:57 10.0.0.2 dnsmasq[1]: 2118863 fd02:c8be:1d40:0:75c3:3b72:9ae4:cb64/60390 query[type=65] github.com from fd02:c8be:1d40:0:75c3:3b72:9ae4:cb64
Dec  9 01:06:57 10.0.0.2 dnsmasq[1]: 2118863 fd02:c8be:1d40:0:75c3:3b72:9ae4:cb64/60390 forwarded github.com to 194.50.85.5
Dec  9 01:06:57 10.0.0.2 ulogd[1267]: [NEW] ORIG: SRC=176.36.141.89 DST=194.50.85.5 PROTO=UDP SPT=35578 DPT=53 PKTS=0 BYTES=0 , REPLY: SRC=194.50.85.5 DST=176.36.141.89 PROTO=UDP SPT=53 DPT=35578 PKTS=0 BYTES=0
Dec  9 01:06:57 10.0.0.2 ulogd[1267]: [NEW] ORIG: SRC=192.168.1.180 DST=140.82.121.3 PROTO=TCP SPT=49280 DPT=443 PKTS=0 BYTES=0 , REPLY: SRC=140.82.121.3 DST=176.36.141.89 PROTO=TCP SPT=443 DPT=49280 PKTS=0 BYTES=0
Dec  9 01:06:57 10.0.0.2 dnsmasq[1]: 2118863 fd02:c8be:1d40:0:75c3:3b72:9ae4:cb64/60390 reply github.com is NODATA
Dec  9 01:06:59 10.0.0.2 ulogd[1267]: [NEW] ORIG: SRC=fd02:c8be:1d40:0:75c3:3b72:9ae4:cb64 DST=fd02:c8be:1d40::1 PROTO=UDP SPT=55468 DPT=53 PKTS=0 BYTES=0 , REPLY: SRC=fd02:c8be:1d40::1 DST=fd02:c8be:1d40:0:75c3:3b72:9ae4:cb64 PROTO=UDP SPT=53 DPT=55468 PKTS=0 BYTES=0
Dec  9 01:06:59 10.0.0.2 ulogd[1267]: [NEW] ORIG: SRC=fd02:c8be:1d40:0:75c3:3b72:9ae4:cb64 DST=fd02:c8be:1d40::1 PROTO=UDP SPT=49940 DPT=53 PKTS=0 BYTES=0 , REPLY: SRC=fd02:c8be:1d40::1 DST=fd02:c8be:1d40:0:75c3:3b72:9ae4:cb64 PROTO=UDP SPT=53 DPT=49940 PKTS=0 BYTES=0
Dec  9 01:06:59 10.0.0.2 dnsmasq[1]: 2118864 fd02:c8be:1d40:0:75c3:3b72:9ae4:cb64/55468 query[A] sync-v2.brave.com from fd02:c8be:1d40:0:75c3:3b72:9ae4:cb64
Dec  9 01:06:59 10.0.0.2 dnsmasq[1]: 2118864 fd02:c8be:1d40:0:75c3:3b72:9ae4:cb64/55468 cached sync-v2.brave.com is <CNAME>
Dec  9 01:06:59 10.0.0.2 dnsmasq[1]: 2118864 fd02:c8be:1d40:0:75c3:3b72:9ae4:cb64/55468 forwarded sync-v2.brave.com to 194.50.85.5
Dec  9 01:06:59 10.0.0.2 dnsmasq[1]: 2118864 fd02:c8be:1d40:0:75c3:3b72:9ae4:cb64/55468 reply sync-v2.brave.com is <CNAME>
Dec  9 01:06:59 10.0.0.2 ulogd[1267]: [NEW] ORIG: SRC=176.36.141.89 DST=194.50.85.5 PROTO=UDP SPT=33220 DPT=53 PKTS=0 BYTES=0 , REPLY: SRC=194.50.85.5 DST=176.36.141.89 PROTO=UDP SPT=53 DPT=33220 PKTS=0 BYTES=0
Dec  9 01:06:59 10.0.0.2 dnsmasq[1]: 2118864 fd02:c8be:1d40:0:75c3:3b72:9ae4:cb64/55468 reply sync-alb-152764135.us-west-2.elb.amazonaws.com is 44.230.54.232
Dec  9 01:06:59 10.0.0.2 dnsmasq[1]: 2118864 fd02:c8be:1d40:0:75c3:3b72:9ae4:cb64/55468 reply sync-alb-152764135.us-west-2.elb.amazonaws.com is 52.11.56.197
Dec  9 01:06:59 10.0.0.2 dnsmasq[1]: 2118864 fd02:c8be:1d40:0:75c3:3b72:9ae4:cb64/55468 reply sync-alb-152764135.us-west-2.elb.amazonaws.com is 34.223.239.225
Dec  9 01:06:59 10.0.0.2 dnsmasq[1]: 2118865 fd02:c8be:1d40:0:75c3:3b72:9ae4:cb64/49940 query[type=65] sync-v2.brave.com from fd02:c8be:1d40:0:75c3:3b72:9ae4:cb64
Dec  9 01:06:59 10.0.0.2 dnsmasq[1]: 2118865 fd02:c8be:1d40:0:75c3:3b72:9ae4:cb64/49940 cached sync-v2.brave.com is <CNAME>
Dec  9 01:06:59 10.0.0.2 dnsmasq[1]: 2118865 fd02:c8be:1d40:0:75c3:3b72:9ae4:cb64/49940 forwarded sync-v2.brave.com to 194.50.85.5
Dec  9 01:06:59 10.0.0.2 ulogd[1267]: [NEW] ORIG: SRC=176.36.141.89 DST=194.50.85.5 PROTO=UDP SPT=53938 DPT=53 PKTS=0 BYTES=0 , REPLY: SRC=194.50.85.5 DST=176.36.141.89 PROTO=UDP SPT=53 DPT=53938 PKTS=0 BYTES=0
Dec  9 01:06:59 10.0.0.2 dnsmasq[1]: 2118865 fd02:c8be:1d40:0:75c3:3b72:9ae4:cb64/49940 reply sync-v2.brave.com is <CNAME>
Dec  9 01:06:59 10.0.0.2 dnsmasq[1]: 2118865 fd02:c8be:1d40:0:75c3:3b72:9ae4:cb64/49940 reply sync-alb-152764135.us-west-2.elb.amazonaws.com is NODATA
Dec  9 01:07:01 10.0.0.2 ulogd[1267]: [NEW] ORIG: SRC=192.168.1.180 DST=5.196.111.65 PROTO=TCP SPT=49281 DPT=443 PKTS=0 BYTES=0 , REPLY: SRC=5.196.111.65 DST=176.36.141.89 PROTO=TCP SPT=443 DPT=49281 PKTS=0 BYTES=0
Dec  9 01:07:04 10.0.0.2 ulogd[1267]: [DESTROY] ORIG: SRC=192.168.1.180 DST=217.72.196.44 PROTO=TCP SPT=49245 DPT=443 PKTS=25 BYTES=9528 , REPLY: SRC=217.72.196.44 DST=176.36.141.89 PROTO=TCP SPT=443 DPT=49245 PKTS=25 BYTES=46616
Dec  9 01:07:08 10.0.0.2 dnsmasq[1]: 2118866 fd02:c8be:1d40:0:75c3:3b72:9ae4:cb64/56915 query[A] ca.slack-edge.com from fd02:c8be:1d40:0:75c3:3b72:9ae4:cb64
Dec  9 01:07:08 10.0.0.2 ulogd[1267]: [DESTROY] ORIG: SRC=176.36.141.89 DST=194.50.85.7 PROTO=UDP SPT=51565 DPT=53 PKTS=1 BYTES=56 , REPLY: SRC=194.50.85.7 DST=176.36.141.89 PROTO=UDP SPT=53 DPT=51565 PKTS=1 BYTES=72
Dec  9 01:07:08 10.0.0.2 dnsmasq[1]: 2118866 fd02:c8be:1d40:0:75c3:3b72:9ae4:cb64/56915 forwarded ca.slack-edge.com to 192.168.1.45
Dec  9 01:07:08 10.0.0.2 ulogd[1267]: [NEW] ORIG: SRC=fd02:c8be:1d40:0:75c3:3b72:9ae4:cb64 DST=fd02:c8be:1d40::1 PROTO=UDP SPT=51631 DPT=53 PKTS=0 BYTES=0 , REPLY: SRC=fd02:c8be:1d40::1 DST=fd02:c8be:1d40:0:75c3:3b72:9ae4:cb64 PROTO=UDP SPT=53 DPT=51631 PKTS=0 BYTES=0
Dec  9 01:07:08 10.0.0.2 dnsmasq[1]: 2118866 fd02:c8be:1d40:0:75c3:3b72:9ae4:cb64/56915 forwarded ca.slack-edge.com to 194.50.85.5
Dec  9 01:07:08 10.0.0.2 ulogd[1267]: [NEW] ORIG: SRC=192.168.1.1 DST=192.168.1.45 PROTO=UDP SPT=59551 DPT=5353 PKTS=0 BYTES=0 , REPLY: SRC=192.168.1.45 DST=192.168.1.1 PROTO=UDP SPT=5353 DPT=59551 PKTS=0 BYTES=0
Dec  9 01:07:08 10.0.0.2 ulogd[1267]: [NEW] ORIG: SRC=176.36.141.89 DST=194.50.85.5 PROTO=UDP SPT=59551 DPT=53 PKTS=0 BYTES=0 , REPLY: SRC=194.50.85.5 DST=176.36.141.89 PROTO=UDP SPT=53 DPT=59551 PKTS=0 BYTES=0
Dec  9 01:07:08 10.0.0.2 dnsmasq[1]: 2118866 fd02:c8be:1d40:0:75c3:3b72:9ae4:cb64/56915 forwarded ca.slack-edge.com to 194.50.85.7
Dec  9 01:07:08 10.0.0.2 ulogd[1267]: [NEW] ORIG: SRC=176.36.141.89 DST=194.50.85.7 PROTO=UDP SPT=59551 DPT=53 PKTS=0 BYTES=0 , REPLY: SRC=194.50.85.7 DST=176.36.141.89 PROTO=UDP SPT=53 DPT=59551 PKTS=0 BYTES=0
Dec  9 01:07:08 10.0.0.2 dnsmasq[1]: 2118866 fd02:c8be:1d40:0:75c3:3b72:9ae4:cb64/56915 reply ca.slack-edge.com is <CNAME>
Dec  9 01:07:08 10.0.0.2 dnsmasq[1]: 2118866 fd02:c8be:1d40:0:75c3:3b72:9ae4:cb64/56915 reply d2e801s7grwbqs.cloudfront.net is 18.244.146.2
Dec  9 01:07:08 10.0.0.2 dnsmasq[1]: 2118866 fd02:c8be:1d40:0:75c3:3b72:9ae4:cb64/56915 reply d2e801s7grwbqs.cloudfront.net is 18.244.146.3
Dec  9 01:07:08 10.0.0.2 dnsmasq[1]: 2118866 fd02:c8be:1d40:0:75c3:3b72:9ae4:cb64/56915 reply d2e801s7grwbqs.cloudfront.net is 18.244.146.60
Dec  9 01:07:08 10.0.0.2 dnsmasq[1]: 2118866 fd02:c8be:1d40:0:75c3:3b72:9ae4:cb64/56915 reply d2e801s7grwbqs.cloudfront.net is 18.244.146.34
Dec  9 01:07:08 10.0.0.2 dnsmasq[1]: 2118867 fd02:c8be:1d40:0:75c3:3b72:9ae4:cb64/51631 query[type=65] ca.slack-edge.com from fd02:c8be:1d40:0:75c3:3b72:9ae4:cb64
Dec  9 01:07:08 10.0.0.2 dnsmasq[1]: 2118867 fd02:c8be:1d40:0:75c3:3b72:9ae4:cb64/51631 cached ca.slack-edge.com is <CNAME>
Dec  9 01:07:08 10.0.0.2 dnsmasq[1]: 2118867 fd02:c8be:1d40:0:75c3:3b72:9ae4:cb64/51631 forwarded ca.slack-edge.com to 194.50.85.5
Dec  9 01:07:08 10.0.0.2 ulogd[1267]: [NEW] ORIG: SRC=176.36.141.89 DST=194.50.85.5 PROTO=UDP SPT=55825 DPT=53 PKTS=0 BYTES=0 , REPLY: SRC=194.50.85.5 DST=176.36.141.89 PROTO=UDP SPT=53 DPT=55825 PKTS=0 BYTES=0
Dec  9 01:07:08 10.0.0.2 ulogd[1267]: [NEW] ORIG: SRC=192.168.1.180 DST=18.244.146.2 PROTO=TCP SPT=49282 DPT=443 PKTS=0 BYTES=0 , REPLY: SRC=18.244.146.2 DST=176.36.141.89 PROTO=TCP SPT=443 DPT=49282 PKTS=0 BYTES=0
Dec  9 01:07:08 10.0.0.2 dnsmasq[1]: 2118867 fd02:c8be:1d40:0:75c3:3b72:9ae4:cb64/51631 reply ca.slack-edge.com is <CNAME>
Dec  9 01:07:08 10.0.0.2 dnsmasq[1]: 2118867 fd02:c8be:1d40:0:75c3:3b72:9ae4:cb64/51631 reply d2e801s7grwbqs.cloudfront.net is NODATA
Dec  9 01:07:08 10.0.0.2 ulogd[1267]: [NEW] ORIG: SRC=fd02:c8be:1d40:0:75c3:3b72:9ae4:cb64 DST=fd02:c8be:1d40::1 PROTO=UDP SPT=50701 DPT=53 PKTS=0 BYTES=0 , REPLY: SRC=fd02:c8be:1d40::1 DST=fd02:c8be:1d40:0:75c3:3b72:9ae4:cb64 PROTO=UDP SPT=53 DPT=50701 PKTS=0 BYTES=0
Dec  9 01:07:08 10.0.0.2 dnsmasq[1]: 2118868 fd02:c8be:1d40:0:75c3:3b72:9ae4:cb64/50701 query[A] slackb.com from fd02:c8be:1d40:0:75c3:3b72:9ae4:cb64
Dec  9 01:07:08 10.0.0.2 ulogd[1267]: [NEW] ORIG: SRC=fd02:c8be:1d40:0:75c3:3b72:9ae4:cb64 DST=fd02:c8be:1d40::1 PROTO=UDP SPT=52907 DPT=53 PKTS=0 BYTES=0 , REPLY: SRC=fd02:c8be:1d40::1 DST=fd02:c8be:1d40:0:75c3:3b72:9ae4:cb64 PROTO=UDP SPT=53 DPT=52907 PKTS=0 BYTES=0
Dec  9 01:07:08 10.0.0.2 ulogd[1267]: [NEW] ORIG: SRC=176.36.141.89 DST=194.50.85.5 PROTO=UDP SPT=54181 DPT=53 PKTS=0 BYTES=0 , REPLY: SRC=194.50.85.5 DST=176.36.141.89 PROTO=UDP SPT=53 DPT=54181 PKTS=0 BYTES=0
Dec  9 01:07:08 10.0.0.2 dnsmasq[1]: 2118868 fd02:c8be:1d40:0:75c3:3b72:9ae4:cb64/50701 forwarded slackb.com to 194.50.85.5
Dec  9 01:07:08 10.0.0.2 dnsmasq[1]: 2118869 fd02:c8be:1d40:0:75c3:3b72:9ae4:cb64/52907 query[type=65] slackb.com from fd02:c8be:1d40:0:75c3:3b72:9ae4:cb64
Dec  9 01:07:08 10.0.0.2 dnsmasq[1]: 2118869 fd02:c8be:1d40:0:75c3:3b72:9ae4:cb64/52907 forwarded slackb.com to 194.50.85.5
Dec  9 01:07:08 10.0.0.2 dnsmasq[1]: 2118868 fd02:c8be:1d40:0:75c3:3b72:9ae4:cb64/50701 reply slackb.com is 34.202.253.140
Dec  9 01:07:08 10.0.0.2 ulogd[1267]: [NEW] ORIG: SRC=176.36.141.89 DST=194.50.85.5 PROTO=UDP SPT=44506 DPT=53 PKTS=0 BYTES=0 , REPLY: SRC=194.50.85.5 DST=176.36.141.89 PROTO=UDP SPT=53 DPT=44506 PKTS=0 BYTES=0
Dec  9 01:07:08 10.0.0.2 dnsmasq[1]: 2118868 fd02:c8be:1d40:0:75c3:3b72:9ae4:cb64/50701 reply slackb.com is 34.195.221.192
Dec  9 01:07:08 10.0.0.2 dnsmasq[1]: 2118868 fd02:c8be:1d40:0:75c3:3b72:9ae4:cb64/50701 reply slackb.com is 18.213.32.120
Dec  9 01:07:08 10.0.0.2 dnsmasq[1]: 2118868 fd02:c8be:1d40:0:75c3:3b72:9ae4:cb64/50701 reply slackb.com is 44.216.98.239
Dec  9 01:07:08 10.0.0.2 dnsmasq[1]: 2118868 fd02:c8be:1d40:0:75c3:3b72:9ae4:cb64/50701 reply slackb.com is 3.91.140.69
Dec  9 01:07:08 10.0.0.2 dnsmasq[1]: 2118868 fd02:c8be:1d40:0:75c3:3b72:9ae4:cb64/50701 reply slackb.com is 3.90.158.208
Dec  9 01:07:08 10.0.0.2 dnsmasq[1]: 2118868 fd02:c8be:1d40:0:75c3:3b72:9ae4:cb64/50701 reply slackb.com is 52.3.167.79
Dec  9 01:07:08 10.0.0.2 dnsmasq[1]: 2118868 fd02:c8be:1d40:0:75c3:3b72:9ae4:cb64/50701 reply slackb.com is 44.205.171.153
Dec  9 01:07:08 10.0.0.2 dnsmasq[1]: 2118868 fd02:c8be:1d40:0:75c3:3b72:9ae4:cb64/50701 reply slackb.com is 54.236.104.103
Dec  9 01:07:08 10.0.0.2 dnsmasq[1]: 2118868 fd02:c8be:1d40:0:75c3:3b72:9ae4:cb64/50701 reply slackb.com is 52.200.46.145
Dec  9 01:07:08 10.0.0.2 dnsmasq[1]: 2118869 fd02:c8be:1d40:0:75c3:3b72:9ae4:cb64/52907 reply slackb.com is NODATA
Dec  9 01:07:08 10.0.0.2 ulogd[1267]: [NEW] ORIG: SRC=fd02:c8be:1d40:0:75c3:3b72:9ae4:cb64 DST=fd02:c8be:1d40::1 PROTO=UDP SPT=59898 DPT=53 PKTS=0 BYTES=0 , REPLY: SRC=fd02:c8be:1d40::1 DST=fd02:c8be:1d40:0:75c3:3b72:9ae4:cb64 PROTO=UDP SPT=53 DPT=59898 PKTS=0 BYTES=0
Dec  9 01:07:08 10.0.0.2 dnsmasq[1]: 2118870 fd02:c8be:1d40:0:75c3:3b72:9ae4:cb64/59898 query[A] bsssystemscrew.slack.com from fd02:c8be:1d40:0:75c3:3b72:9ae4:cb64
Dec  9 01:07:08 10.0.0.2 ulogd[1267]: [NEW] ORIG: SRC=fd02:c8be:1d40:0:75c3:3b72:9ae4:cb64 DST=fd02:c8be:1d40::1 PROTO=UDP SPT=60109 DPT=53 PKTS=0 BYTES=0 , REPLY: SRC=fd02:c8be:1d40::1 DST=fd02:c8be:1d40:0:75c3:3b72:9ae4:cb64 PROTO=UDP SPT=53 DPT=60109 PKTS=0 BYTES=0
Dec  9 01:07:08 10.0.0.2 ulogd[1267]: [NEW] ORIG: SRC=176.36.141.89 DST=194.50.85.5 PROTO=UDP SPT=50754 DPT=53 PKTS=0 BYTES=0 , REPLY: SRC=194.50.85.5 DST=176.36.141.89 PROTO=UDP SPT=53 DPT=50754 PKTS=0 BYTES=0
Dec  9 01:07:08 10.0.0.2 dnsmasq[1]: 2118870 fd02:c8be:1d40:0:75c3:3b72:9ae4:cb64/59898 forwarded bsssystemscrew.slack.com to 194.50.85.5
Dec  9 01:07:08 10.0.0.2 dnsmasq[1]: 2118871 fd02:c8be:1d40:0:75c3:3b72:9ae4:cb64/60109 query[type=65] bsssystemscrew.slack.com from fd02:c8be:1d40:0:75c3:3b72:9ae4:cb64
Dec  9 01:07:08 10.0.0.2 dnsmasq[1]: 2118871 fd02:c8be:1d40:0:75c3:3b72:9ae4:cb64/60109 forwarded bsssystemscrew.slack.com to 194.50.85.5
Dec  9 01:07:08 10.0.0.2 ulogd[1267]: [NEW] ORIG: SRC=176.36.141.89 DST=194.50.85.5 PROTO=UDP SPT=36598 DPT=53 PKTS=0 BYTES=0 , REPLY: SRC=194.50.85.5 DST=176.36.141.89 PROTO=UDP SPT=53 DPT=36598 PKTS=0 BYTES=0
Dec  9 01:07:08 10.0.0.2 dnsmasq[1]: 2118870 fd02:c8be:1d40:0:75c3:3b72:9ae4:cb64/59898 reply bsssystemscrew.slack.com is 3.68.175.98
Dec  9 01:07:08 10.0.0.2 dnsmasq[1]: 2118870 fd02:c8be:1d40:0:75c3:3b72:9ae4:cb64/59898 reply bsssystemscrew.slack.com is 18.159.197.225
Dec  9 01:07:08 10.0.0.2 dnsmasq[1]: 2118870 fd02:c8be:1d40:0:75c3:3b72:9ae4:cb64/59898 reply bsssystemscrew.slack.com is 3.68.124.168
Dec  9 01:07:08 10.0.0.2 dnsmasq[1]: 2118870 fd02:c8be:1d40:0:75c3:3b72:9ae4:cb64/59898 reply bsssystemscrew.slack.com is 3.68.170.153
Dec  9 01:07:08 10.0.0.2 dnsmasq[1]: 2118871 fd02:c8be:1d40:0:75c3:3b72:9ae4:cb64/60109 reply bsssystemscrew.slack.com is NODATA
Dec  9 01:07:08 10.0.0.2 ulogd[1267]: [NEW] ORIG: SRC=192.168.1.180 DST=3.68.175.98 PROTO=TCP SPT=49283 DPT=443 PKTS=0 BYTES=0 , REPLY: SRC=3.68.175.98 DST=176.36.141.89 PROTO=TCP SPT=443 DPT=49283 PKTS=0 BYTES=0
Dec  9 01:07:12 10.0.0.2 ulogd[1267]: [DESTROY] ORIG: SRC=fd02:c8be:1d40:0:75c3:3b72:9ae4:cb64 DST=fd02:c8be:1d40::1 PROTO=UDP SPT=64931 DPT=53 PKTS=1 BYTES=87 , REPLY: SRC=fd02:c8be:1d40::1 DST=fd02:c8be:1d40:0:75c3:3b72:9ae4:cb64 PROTO=UDP SPT=53 DPT=64931 PKTS=1 BYTES=334
Dec  9 01:07:12 10.0.0.2 ulogd[1267]: [DESTROY] ORIG: SRC=192.168.1.180 DST=199.36.158.100 PROTO=UDP SPT=59725 DPT=443 PKTS=47 BYTES=15058 , REPLY: SRC=199.36.158.100 DST=176.36.141.89 PROTO=UDP SPT=443 DPT=59725 PKTS=58 BYTES=36009
Dec  9 01:07:12 10.0.0.2 ulogd[1267]: [DESTROY] ORIG: SRC=fd02:c8be:1d40:0:75c3:3b72:9ae4:cb64 DST=fd02:c8be:1d40::1 PROTO=UDP SPT=52281 DPT=53 PKTS=1 BYTES=84 , REPLY: SRC=fd02:c8be:1d40::1 DST=fd02:c8be:1d40:0:75c3:3b72:9ae4:cb64 PROTO=UDP SPT=53 DPT=52281 PKTS=1 BYTES=178
Dec  9 01:07:12 10.0.0.2 ulogd[1267]: [DESTROY] ORIG: SRC=192.168.1.180 DST=199.60.103.227 PROTO=UDP SPT=55425 DPT=443 PKTS=15 BYTES=5573 , REPLY: SRC=199.60.103.227 DST=176.36.141.89 PROTO=UDP SPT=443 DPT=55425 PKTS=20 BYTES=12629
Dec  9 01:07:12 10.0.0.2 ulogd[1267]: [DESTROY] ORIG: SRC=176.36.141.89 DST=194.50.85.7 PROTO=UDP SPT=49443 DPT=53 PKTS=1 BYTES=67 , REPLY: SRC=194.50.85.7 DST=176.36.141.89 PROTO=UDP SPT=53 DPT=49443 PKTS=1 BYTES=151
Dec  9 01:07:12 10.0.0.2 ulogd[1267]: [DESTROY] ORIG: SRC=fd02:c8be:1d40:0:75c3:3b72:9ae4:cb64 DST=fd02:c8be:1d40::1 PROTO=UDP SPT=53807 DPT=53 PKTS=1 BYTES=91 , REPLY: SRC=fd02:c8be:1d40::1 DST=fd02:c8be:1d40:0:75c3:3b72:9ae4:cb64 PROTO=UDP SPT=53 DPT=53807 PKTS=1 BYTES=156
Dec  9 01:07:12 10.0.0.2 ulogd[1267]: [DESTROY] ORIG: SRC=fd02:c8be:1d40:0:75c3:3b72:9ae4:cb64 DST=fd02:c8be:1d40::1 PROTO=UDP SPT=51333 DPT=53 PKTS=1 BYTES=89 , REPLY: SRC=fd02:c8be:1d40::1 DST=fd02:c8be:1d40:0:75c3:3b72:9ae4:cb64 PROTO=UDP SPT=53 DPT=51333 PKTS=1 BYTES=187
Dec  9 01:07:12 10.0.0.2 ulogd[1267]: [DESTROY] ORIG: SRC=176.36.141.89 DST=194.50.85.5 PROTO=UDP SPT=54053 DPT=53 PKTS=1 BYTES=64 , REPLY: SRC=194.50.85.5 DST=176.36.141.89 PROTO=UDP SPT=53 DPT=54053 PKTS=1 BYTES=96
Dec  9 01:07:12 10.0.0.2 ulogd[1267]: [DESTROY] ORIG: SRC=fd02:c8be:1d40:0:75c3:3b72:9ae4:cb64 DST=fd02:c8be:1d40::1 PROTO=UDP SPT=62731 DPT=53 PKTS=1 BYTES=83 , REPLY: SRC=fd02:c8be:1d40::1 DST=fd02:c8be:1d40:0:75c3:3b72:9ae4:cb64 PROTO=UDP SPT=53 DPT=62731 PKTS=1 BYTES=205
Dec  9 01:07:12 10.0.0.2 ulogd[1267]: [DESTROY] ORIG: SRC=fd02:c8be:1d40:0:75c3:3b72:9ae4:cb64 DST=fd02:c8be:1d40::1 PROTO=UDP SPT=51745 DPT=53 PKTS=1 BYTES=79 , REPLY: SRC=fd02:c8be:1d40::1 DST=fd02:c8be:1d40:0:75c3:3b72:9ae4:cb64 PROTO=UDP SPT=53 DPT=51745 PKTS=1 BYTES=95
Dec  9 01:07:12 10.0.0.2 ulogd[1267]: [DESTROY] ORIG: SRC=192.168.1.1 DST=192.168.1.45 PROTO=UDP SPT=59630 DPT=5353 PKTS=1 BYTES=57 , REPLY: SRC=192.168.1.45 DST=192.168.1.1 PROTO=UDP SPT=5353 DPT=59630 PKTS=0 BYTES=0
Dec  9 01:07:12 10.0.0.2 ulogd[1267]: [DESTROY] ORIG: SRC=176.36.141.89 DST=194.50.85.5 PROTO=UDP SPT=50768 DPT=53 PKTS=1 BYTES=64 , REPLY: SRC=194.50.85.5 DST=176.36.141.89 PROTO=UDP SPT=53 DPT=50768 PKTS=1 BYTES=134
Dec  9 01:07:12 10.0.0.2 ulogd[1267]: [DESTROY] ORIG: SRC=176.36.141.89 DST=194.50.85.7 PROTO=UDP SPT=60022 DPT=53 PKTS=1 BYTES=67 , REPLY: SRC=194.50.85.7 DST=176.36.141.89 PROTO=UDP SPT=53 DPT=60022 PKTS=1 BYTES=99
Dec  9 01:07:12 10.0.0.2 ulogd[1267]: [DESTROY] ORIG: SRC=176.36.141.89 DST=194.50.85.7 PROTO=UDP SPT=38382 DPT=53 PKTS=1 BYTES=56 , REPLY: SRC=194.50.85.7 DST=176.36.141.89 PROTO=UDP SPT=53 DPT=38382 PKTS=1 BYTES=72
Dec  9 01:07:12 10.0.0.2 ulogd[1267]: [DESTROY] ORIG: SRC=fd02:c8be:1d40:0:75c3:3b72:9ae4:cb64 DST=fd02:c8be:1d40::1 PROTO=UDP SPT=51188 DPT=53 PKTS=1 BYTES=77 , REPLY: SRC=fd02:c8be:1d40::1 DST=fd02:c8be:1d40:0:75c3:3b72:9ae4:cb64 PROTO=UDP SPT=53 DPT=51188 PKTS=1 BYTES=166
Dec  9 01:07:12 10.0.0.2 ulogd[1267]: [DESTROY] ORIG: SRC=fd02:c8be:1d40:0:75c3:3b72:9ae4:cb64 DST=fd02:c8be:1d40::1 PROTO=UDP SPT=49482 DPT=53 PKTS=1 BYTES=86 , REPLY: SRC=fd02:c8be:1d40::1 DST=fd02:c8be:1d40:0:75c3:3b72:9ae4:cb64 PROTO=UDP SPT=53 DPT=49482 PKTS=1 BYTES=207
Dec  9 01:07:12 10.0.0.2 ulogd[1267]: [DESTROY] ORIG: SRC=176.36.141.89 DST=194.50.85.5 PROTO=UDP SPT=38810 DPT=53 PKTS=1 BYTES=64 , REPLY: SRC=194.50.85.5 DST=176.36.141.89 PROTO=UDP SPT=53 DPT=38810 PKTS=1 BYTES=134
Dec  9 01:07:12 10.0.0.2 ulogd[1267]: [DESTROY] ORIG: SRC=fd02:c8be:1d40:0:75c3:3b72:9ae4:cb64 DST=fd02:c8be:1d40::1 PROTO=UDP SPT=52020 DPT=53 PKTS=1 BYTES=86 , REPLY: SRC=fd02:c8be:1d40::1 DST=fd02:c8be:1d40:0:75c3:3b72:9ae4:cb64 PROTO=UDP SPT=53 DPT=52020 PKTS=1 BYTES=193
Dec  9 01:07:12 10.0.0.2 ulogd[1267]: [DESTROY] ORIG: SRC=192.168.1.180 DST=142.250.201.195 PROTO=UDP SPT=61478 DPT=443 PKTS=6 BYTES=2878 , REPLY: SRC=142.250.201.195 DST=176.36.141.89 PROTO=UDP SPT=443 DPT=61478 PKTS=5 BYTES=2504
Dec  9 01:07:12 10.0.0.2 ulogd[1267]: [DESTROY] ORIG: SRC=192.168.1.180 DST=104.18.72.113 PROTO=TCP SPT=49232 DPT=443 PKTS=9 BYTES=1037 , REPLY: SRC=104.18.72.113 DST=176.36.141.89 PROTO=TCP SPT=443 DPT=49232 PKTS=6 BYTES=4869
Dec  9 01:07:12 10.0.0.2 ulogd[1267]: [DESTROY] ORIG: SRC=192.168.1.1 DST=192.168.1.45 PROTO=UDP SPT=60755 DPT=5353 PKTS=1 BYTES=62 , REPLY: SRC=192.168.1.45 DST=192.168.1.1 PROTO=UDP SPT=5353 DPT=60755 PKTS=0 BYTES=0
Dec  9 01:07:12 10.0.0.2 ulogd[1267]: [DESTROY] ORIG: SRC=fd02:c8be:1d40:0:75c3:3b72:9ae4:cb64 DST=fd02:c8be:1d40::1 PROTO=UDP SPT=49710 DPT=53 PKTS=4 BYTES=347 , REPLY: SRC=fd02:c8be:1d40::1 DST=fd02:c8be:1d40:0:75c3:3b72:9ae4:cb64 PROTO=UDP SPT=53 DPT=49710 PKTS=3 BYTES=418
Dec  9 01:07:12 10.0.0.2 ulogd[1267]: [DESTROY] ORIG: SRC=176.36.141.89 DST=194.50.85.5 PROTO=UDP SPT=55148 DPT=53 PKTS=1 BYTES=70 , REPLY: SRC=194.50.85.5 DST=176.36.141.89 PROTO=UDP SPT=53 DPT=55148 PKTS=1 BYTES=160
Dec  9 01:07:12 10.0.0.2 ulogd[1267]: [DESTROY] ORIG: SRC=192.168.1.180 DST=142.251.208.138 PROTO=UDP SPT=61156 DPT=443 PKTS=5 BYTES=2784 , REPLY: SRC=142.251.208.138 DST=176.36.141.89 PROTO=UDP SPT=443 DPT=61156 PKTS=5 BYTES=2510
Dec  9 01:07:12 10.0.0.2 ulogd[1267]: [DESTROY] ORIG: SRC=fd02:c8be:1d40:0:75c3:3b72:9ae4:cb64 DST=fd02:c8be:1d40::1 PROTO=UDP SPT=59461 DPT=53 PKTS=1 BYTES=80 , REPLY: SRC=fd02:c8be:1d40::1 DST=fd02:c8be:1d40:0:75c3:3b72:9ae4:cb64 PROTO=UDP SPT=53 DPT=59461 PKTS=1 BYTES=105
Dec  9 01:07:12 10.0.0.2 ulogd[1267]: [DESTROY] ORIG: SRC=176.36.141.89 DST=194.50.85.5 PROTO=UDP SPT=48591 DPT=53 PKTS=1 BYTES=63 , REPLY: SRC=194.50.85.5 DST=176.36.141.89 PROTO=UDP SPT=53 DPT=48591 PKTS=1 BYTES=223
Dec  9 01:07:12 10.0.0.2 ulogd[1267]: [DESTROY] ORIG: SRC=192.168.1.180 DST=46.101.131.214 PROTO=TCP SPT=49277 DPT=443 PKTS=13 BYTES=4789 , REPLY: SRC=46.101.131.214 DST=176.36.141.89 PROTO=TCP SPT=443 DPT=49277 PKTS=12 BYTES=5504
Dec  9 01:07:12 10.0.0.2 ulogd[1267]: [DESTROY] ORIG: SRC=192.168.1.180 DST=44.225.17.45 PROTO=TCP SPT=49271 DPT=443 PKTS=12 BYTES=3753 , REPLY: SRC=44.225.17.45 DST=176.36.141.89 PROTO=TCP SPT=443 DPT=49271 PKTS=10 BYTES=737
Dec  9 01:07:12 10.0.0.2 ulogd[1267]: [DESTROY] ORIG: SRC=176.36.141.89 DST=194.50.85.5 PROTO=UDP SPT=59834 DPT=53 PKTS=1 BYTES=61 , REPLY: SRC=194.50.85.5 DST=176.36.141.89 PROTO=UDP SPT=53 DPT=59834 PKTS=1 BYTES=196
Dec  9 01:07:12 10.0.0.2 ulogd[1267]: [DESTROY] ORIG: SRC=192.168.1.180 DST=140.82.114.21 PROTO=TCP SPT=49226 DPT=443 PKTS=15 BYTES=3460 , REPLY: SRC=140.82.114.21 DST=176.36.141.89 PROTO=TCP SPT=443 DPT=49226 PKTS=16 BYTES=5599
Dec  9 01:07:12 10.0.0.2 ulogd[1267]: [DESTROY] ORIG: SRC=176.36.141.89 DST=194.50.85.7 PROTO=UDP SPT=59630 DPT=53 PKTS=1 BYTES=57 , REPLY: SRC=194.50.85.7 DST=176.36.141.89 PROTO=UDP SPT=53 DPT=59630 PKTS=1 BYTES=73
Dec  9 01:07:12 10.0.0.2 ulogd[1267]: [DESTROY] ORIG: SRC=176.36.141.89 DST=194.50.85.7 PROTO=UDP SPT=44354 DPT=53 PKTS=1 BYTES=66 , REPLY: SRC=194.50.85.7 DST=176.36.141.89 PROTO=UDP SPT=53 DPT=44354 PKTS=1 BYTES=187
Dec  9 01:07:12 10.0.0.2 ulogd[1267]: [DESTROY] ORIG: SRC=176.36.141.89 DST=194.50.85.5 PROTO=UDP SPT=50339 DPT=53 PKTS=1 BYTES=60 , REPLY: SRC=194.50.85.5 DST=176.36.141.89 PROTO=UDP SPT=53 DPT=50339 PKTS=1 BYTES=85
Dec  9 01:07:12 10.0.0.2 ulogd[1267]: [DESTROY] ORIG: SRC=fd02:c8be:1d40:0:75c3:3b72:9ae4:cb64 DST=fd02:c8be:1d40::1 PROTO=UDP SPT=55026 DPT=53 PKTS=1 BYTES=83 , REPLY: SRC=fd02:c8be:1d40::1 DST=fd02:c8be:1d40:0:75c3:3b72:9ae4:cb64 PROTO=UDP SPT=53 DPT=55026 PKTS=1 BYTES=153
Dec  9 01:07:12 10.0.0.2 ulogd[1267]: [DESTROY] ORIG: SRC=192.168.1.1 DST=192.168.1.45 PROTO=UDP SPT=44775 DPT=5353 PKTS=1 BYTES=63 , REPLY: SRC=192.168.1.45 DST=192.168.1.1 PROTO=UDP SPT=5353 DPT=44775 PKTS=0 BYTES=0
Dec  9 01:07:12 10.0.0.2 ulogd[1267]: [DESTROY] ORIG: SRC=176.36.141.89 DST=194.50.85.5 PROTO=UDP SPT=43238 DPT=53 PKTS=1 BYTES=60 , REPLY: SRC=194.50.85.5 DST=176.36.141.89 PROTO=UDP SPT=53 DPT=43238 PKTS=1 BYTES=76
Dec  9 01:07:12 10.0.0.2 ulogd[1267]: [DESTROY] ORIG: SRC=192.168.1.180 DST=140.82.121.6 PROTO=TCP SPT=49241 DPT=443 PKTS=13 BYTES=1759 , REPLY: SRC=140.82.121.6 DST=176.36.141.89 PROTO=TCP SPT=443 DPT=49241 PKTS=11 BYTES=4676
Dec  9 01:07:12 10.0.0.2 ulogd[1267]: [DESTROY] ORIG: SRC=fd02:c8be:1d40:0:75c3:3b72:9ae4:cb64 DST=fd02:c8be:1d40::1 PROTO=UDP SPT=65081 DPT=53 PKTS=1 BYTES=91 , REPLY: SRC=fd02:c8be:1d40::1 DST=fd02:c8be:1d40:0:75c3:3b72:9ae4:cb64 PROTO=UDP SPT=53 DPT=65081 PKTS=1 BYTES=194
Dec  9 01:07:12 10.0.0.2 ulogd[1267]: [DESTROY] ORIG: SRC=192.168.1.1 DST=192.168.1.45 PROTO=UDP SPT=40418 DPT=5353 PKTS=1 BYTES=78 , REPLY: SRC=192.168.1.45 DST=192.168.1.1 PROTO=UDP SPT=5353 DPT=40418 PKTS=0 BYTES=0
Dec  9 01:07:12 10.0.0.2 ulogd[1267]: [DESTROY] ORIG: SRC=192.168.1.180 DST=35.186.224.18 PROTO=UDP SPT=61965 DPT=443 PKTS=15 BYTES=7949 , REPLY: SRC=35.186.224.18 DST=176.36.141.89 PROTO=UDP SPT=443 DPT=61965 PKTS=14 BYTES=3241
Dec  9 01:07:12 10.0.0.2 ulogd[1267]: [DESTROY] ORIG: SRC=176.36.141.89 DST=194.50.85.5 PROTO=UDP SPT=44724 DPT=53 PKTS=1 BYTES=63 , REPLY: SRC=194.50.85.5 DST=176.36.141.89 PROTO=UDP SPT=53 DPT=44724 PKTS=1 BYTES=168
Dec  9 01:07:12 10.0.0.2 ulogd[1267]: [DESTROY] ORIG: SRC=fd02:c8be:1d40:0:75c3:3b72:9ae4:cb64 DST=fd02:c8be:1d40::1 PROTO=UDP SPT=65220 DPT=53 PKTS=1 BYTES=82 , REPLY: SRC=fd02:c8be:1d40::1 DST=fd02:c8be:1d40:0:75c3:3b72:9ae4:cb64 PROTO=UDP SPT=53 DPT=65220 PKTS=1 BYTES=176
Dec  9 01:07:12 10.0.0.2 ulogd[1267]: [DESTROY] ORIG: SRC=fd02:c8be:1d40:0:75c3:3b72:9ae4:cb64 DST=fd02:c8be:1d40::1 PROTO=UDP SPT=60183 DPT=53 PKTS=1 BYTES=89 , REPLY: SRC=fd02:c8be:1d40::1 DST=fd02:c8be:1d40:0:75c3:3b72:9ae4:cb64 PROTO=UDP SPT=53 DPT=60183 PKTS=1 BYTES=138
Dec  9 01:07:12 10.0.0.2 ulogd[1267]: [DESTROY] ORIG: SRC=176.36.141.89 DST=194.50.85.5 PROTO=UDP SPT=43346 DPT=53 PKTS=1 BYTES=69 , REPLY: SRC=194.50.85.5 DST=176.36.141.89 PROTO=UDP SPT=53 DPT=43346 PKTS=1 BYTES=167
Dec  9 01:07:12 10.0.0.2 ulogd[1267]: [DESTROY] ORIG: SRC=fd02:c8be:1d40:0:75c3:3b72:9ae4:cb64 DST=fd02:c8be:1d40::1 PROTO=UDP SPT=65144 DPT=53 PKTS=1 BYTES=87 , REPLY: SRC=fd02:c8be:1d40::1 DST=fd02:c8be:1d40:0:75c3:3b72:9ae4:cb64 PROTO=UDP SPT=53 DPT=65144 PKTS=1 BYTES=171
Dec  9 01:07:12 10.0.0.2 ulogd[1267]: [DESTROY] ORIG: SRC=176.36.141.89 DST=194.50.85.5 PROTO=UDP SPT=42927 DPT=53 PKTS=1 BYTES=63 , REPLY: SRC=194.50.85.5 DST=176.36.141.89 PROTO=UDP SPT=53 DPT=42927 PKTS=1 BYTES=198
Dec  9 01:07:12 10.0.0.2 ulogd[1267]: [DESTROY] ORIG: SRC=fd02:c8be:1d40:0:75c3:3b72:9ae4:cb64 DST=fd02:c8be:1d40::1 PROTO=UDP SPT=58844 DPT=53 PKTS=1 BYTES=89 , REPLY: SRC=fd02:c8be:1d40::1 DST=fd02:c8be:1d40:0:75c3:3b72:9ae4:cb64 PROTO=UDP SPT=53 DPT=58844 PKTS=1 BYTES=213
Dec  9 01:07:12 10.0.0.2 ulogd[1267]: [DESTROY] ORIG: SRC=176.36.141.89 DST=194.50.85.5 PROTO=UDP SPT=44775 DPT=53 PKTS=1 BYTES=63 , REPLY: SRC=194.50.85.5 DST=176.36.141.89 PROTO=UDP SPT=53 DPT=44775 PKTS=1 BYTES=168
Dec  9 01:07:12 10.0.0.2 ulogd[1267]: [DESTROY] ORIG: SRC=176.36.141.89 DST=194.50.85.5 PROTO=UDP SPT=54798 DPT=53 PKTS=1 BYTES=64 , REPLY: SRC=194.50.85.5 DST=176.36.141.89 PROTO=UDP SPT=53 DPT=54798 PKTS=1 BYTES=158
Dec  9 01:07:12 10.0.0.2 ulogd[1267]: [DESTROY] ORIG: SRC=192.168.1.180 DST=23.200.160.165 PROTO=TCP SPT=49254 DPT=443 PKTS=8 BYTES=979 , REPLY: SRC=23.200.160.165 DST=176.36.141.89 PROTO=TCP SPT=443 DPT=49254 PKTS=12 BYTES=5552
Dec  9 01:07:12 10.0.0.2 ulogd[1267]: [DESTROY] ORIG: SRC=176.36.141.89 DST=194.50.85.5 PROTO=UDP SPT=42188 DPT=53 PKTS=1 BYTES=69 , REPLY: SRC=194.50.85.5 DST=176.36.141.89 PROTO=UDP SPT=53 DPT=42188 PKTS=1 BYTES=144
Dec  9 01:07:12 10.0.0.2 ulogd[1267]: [DESTROY] ORIG: SRC=176.36.141.89 DST=194.50.85.5 PROTO=UDP SPT=54522 DPT=53 PKTS=1 BYTES=64 , REPLY: SRC=194.50.85.5 DST=176.36.141.89 PROTO=UDP SPT=53 DPT=54522 PKTS=1 BYTES=96
Dec  9 01:07:12 10.0.0.2 ulogd[1267]: [DESTROY] ORIG: SRC=fd02:c8be:1d40:0:75c3:3b72:9ae4:cb64 DST=fd02:c8be:1d40::1 PROTO=UDP SPT=55444 DPT=53 PKTS=1 BYTES=90 , REPLY: SRC=fd02:c8be:1d40::1 DST=fd02:c8be:1d40:0:75c3:3b72:9ae4:cb64 PROTO=UDP SPT=53 DPT=55444 PKTS=1 BYTES=138
Dec  9 01:07:12 10.0.0.2 ulogd[1267]: [DESTROY] ORIG: SRC=176.36.141.89 DST=194.50.85.5 PROTO=UDP SPT=59630 DPT=53 PKTS=1 BYTES=57 , REPLY: SRC=194.50.85.5 DST=176.36.141.89 PROTO=UDP SPT=53 DPT=59630 PKTS=1 BYTES=73
Dec  9 01:07:12 10.0.0.2 ulogd[1267]: [DESTROY] ORIG: SRC=fd02:c8be:1d40:0:75c3:3b72:9ae4:cb64 DST=fd02:c8be:1d40::1 PROTO=UDP SPT=58442 DPT=53 PKTS=1 BYTES=83 , REPLY: SRC=fd02:c8be:1d40::1 DST=fd02:c8be:1d40:0:75c3:3b72:9ae4:cb64 PROTO=UDP SPT=53 DPT=58442 PKTS=1 BYTES=188
Dec  9 01:07:12 10.0.0.2 ulogd[1267]: [DESTROY] ORIG: SRC=fd02:c8be:1d40:0:75c3:3b72:9ae4:cb64 DST=fd02:c8be:1d40::1 PROTO=UDP SPT=56603 DPT=53 PKTS=1 BYTES=98 , REPLY: SRC=fd02:c8be:1d40::1 DST=fd02:c8be:1d40:0:75c3:3b72:9ae4:cb64 PROTO=UDP SPT=53 DPT=56603 PKTS=1 BYTES=236
Dec  9 01:07:12 10.0.0.2 ulogd[1267]: [DESTROY] ORIG: SRC=176.36.141.89 DST=194.50.85.7 PROTO=UDP SPT=36561 DPT=53 PKTS=1 BYTES=66 , REPLY: SRC=194.50.85.7 DST=176.36.141.89 PROTO=UDP SPT=53 DPT=36561 PKTS=1 BYTES=173
Dec  9 01:07:12 10.0.0.2 ulogd[1267]: [DESTROY] ORIG: SRC=fd02:c8be:1d40:0:75c3:3b72:9ae4:cb64 DST=fd02:c8be:1d40::1 PROTO=UDP SPT=56938 DPT=53 PKTS=1 BYTES=87 , REPLY: SRC=fd02:c8be:1d40::1 DST=fd02:c8be:1d40:0:75c3:3b72:9ae4:cb64 PROTO=UDP SPT=53 DPT=56938 PKTS=1 BYTES=302
Dec  9 01:07:12 10.0.0.2 ulogd[1267]: [DESTROY] ORIG: SRC=192.168.1.180 DST=178.32.210.227 PROTO=TCP SPT=49275 DPT=443 PKTS=10 BYTES=4248 , REPLY: SRC=178.32.210.227 DST=176.36.141.89 PROTO=TCP SPT=443 DPT=49275 PKTS=10 BYTES=1319
Dec  9 01:07:12 10.0.0.2 ulogd[1267]: [DESTROY] ORIG: SRC=176.36.141.89 DST=194.50.85.7 PROTO=UDP SPT=51645 DPT=53 PKTS=1 BYTES=56 , REPLY: SRC=194.50.85.7 DST=176.36.141.89 PROTO=UDP SPT=53 DPT=51645 PKTS=1 BYTES=140
