Dec  9 01:01:04 10.0.0.2 ulogd[1267]: [DESTROY] ORIG: SRC=fd02:c8be:1d40:0:75c3:3b72:9ae4:cb64 DST=fd02:c8be:1d40::1 PROTO=UDP SPT=64560 DPT=53 PKTS=1 BYTES=89 , REPLY: SRC=fd02:c8be:1d40::1 DST=fd02:c8be:1d40:0:75c3:3b72:9ae4:cb64 PROTO=UDP SPT=53 DPT=64560 PKTS=1 BYTES=187
Dec  9 01:01:04 10.0.0.2 ulogd[1267]: [DESTROY] ORIG: SRC=192.168.1.45 DST=192.168.1.1 PROTO=UDP SPT=54869 DPT=53 PKTS=1 BYTES=71 , REPLY: SRC=192.168.1.1 DST=192.168.1.45 PROTO=UDP SPT=53 DPT=54869 PKTS=1 BYTES=119
Dec  9 01:01:04 10.0.0.2 ulogd[1267]: [DESTROY] ORIG: SRC=192.168.1.45 DST=192.168.1.1 PROTO=UDP SPT=49624 DPT=53 PKTS=1 BYTES=66 , REPLY: SRC=192.168.1.1 DST=192.168.1.45 PROTO=UDP SPT=53 DPT=49624 PKTS=1 BYTES=150
Dec  9 01:01:04 10.0.0.2 ulogd[1267]: [DESTROY] ORIG: SRC=192.168.1.45 DST=192.168.1.1 PROTO=UDP SPT=42782 DPT=53 PKTS=1 BYTES=64 , REPLY: SRC=192.168.1.1 DST=192.168.1.45 PROTO=UDP SPT=53 DPT=42782 PKTS=1 BYTES=96
Dec  9 01:01:04 10.0.0.2 ulogd[1267]: [DESTROY] ORIG: SRC=fd02:c8be:1d40:0:75c3:3b72:9ae4:cb64 DST=fd02:c8be:1d40::1 PROTO=UDP SPT=62079 DPT=53 PKTS=1 BYTES=87 , REPLY: SRC=fd02:c8be:1d40::1 DST=fd02:c8be:1d40:0:75c3:3b72:9ae4:cb64 PROTO=UDP SPT=53 DPT=62079 PKTS=1 BYTES=240
Dec  9 01:01:04 10.0.0.2 ulogd[1267]: [DESTROY] ORIG: SRC=fd02:c8be:1d40:0:75c3:3b72:9ae4:cb64 DST=fd02:c8be:1d40::1 PROTO=UDP SPT=62845 DPT=53 PKTS=1 BYTES=84 , REPLY: SRC=fd02:c8be:1d40::1 DST=fd02:c8be:1d40:0:75c3:3b72:9ae4:cb64 PROTO=UDP SPT=53 DPT=62845 PKTS=1 BYTES=178
Dec  9 01:01:04 10.0.0.2 ulogd[1267]: [DESTROY] ORIG: SRC=176.36.141.89 DST=194.50.85.5 PROTO=UDP SPT=47511 DPT=53 PKTS=1 BYTES=64 , REPLY: SRC=194.50.85.5 DST=176.36.141.89 PROTO=UDP SPT=53 DPT=47511 PKTS=1 BYTES=126
Dec  9 01:01:04 10.0.0.2 ulogd[1267]: [DESTROY] ORIG: SRC=176.36.141.89 DST=194.50.85.5 PROTO=UDP SPT=46468 DPT=53 PKTS=1 BYTES=77 , REPLY: SRC=194.50.85.5 DST=176.36.141.89 PROTO=UDP SPT=53 DPT=46468 PKTS=1 BYTES=161
Dec  9 01:01:04 10.0.0.2 ulogd[1267]: [DESTROY] ORIG: SRC=176.36.141.89 DST=194.50.85.5 PROTO=UDP SPT=34462 DPT=53 PKTS=1 BYTES=71 , REPLY: SRC=194.50.85.5 DST=176.36.141.89 PROTO=UDP SPT=53 DPT=34462 PKTS=1 BYTES=155
Dec  9 01:01:04 10.0.0.2 ulogd[1267]: [DESTROY] ORIG: SRC=192.168.1.45 DST=192.168.1.1 PROTO=UDP SPT=59514 DPT=53 PKTS=1 BYTES=71 , REPLY: SRC=192.168.1.1 DST=192.168.1.45 PROTO=UDP SPT=53 DPT=59514 PKTS=1 BYTES=119
Dec  9 01:01:04 10.0.0.2 ulogd[1267]: [DESTROY] ORIG: SRC=176.36.141.89 DST=194.50.85.5 PROTO=UDP SPT=49081 DPT=53 PKTS=1 BYTES=69 , REPLY: SRC=194.50.85.5 DST=176.36.141.89 PROTO=UDP SPT=53 DPT=49081 PKTS=1 BYTES=167
Dec  9 01:01:04 10.0.0.2 ulogd[1267]: [DESTROY] ORIG: SRC=fd02:c8be:1d40:0:75c3:3b72:9ae4:cb64 DST=fd02:c8be:1d40::1 PROTO=UDP SPT=57059 DPT=53 PKTS=1 BYTES=84 , REPLY: SRC=fd02:c8be:1d40::1 DST=fd02:c8be:1d40:0:75c3:3b72:9ae4:cb64 PROTO=UDP SPT=53 DPT=57059 PKTS=1 BYTES=198
Dec  9 01:01:04 10.0.0.2 ulogd[1267]: [DESTROY] ORIG: SRC=192.168.1.45 DST=192.168.1.1 PROTO=UDP SPT=36475 DPT=53 PKTS=1 BYTES=64 , REPLY: SRC=192.168.1.1 DST=192.168.1.45 PROTO=UDP SPT=53 DPT=36475 PKTS=1 BYTES=96
Dec  9 01:01:04 10.0.0.2 ulogd[1267]: [DESTROY] ORIG: SRC=176.36.141.89 DST=194.50.85.7 PROTO=UDP SPT=39485 DPT=53 PKTS=1 BYTES=71 , REPLY: SRC=194.50.85.7 DST=176.36.141.89 PROTO=UDP SPT=53 DPT=39485 PKTS=0 BYTES=0
Dec  9 01:01:04 10.0.0.2 ulogd[1267]: [DESTROY] ORIG: SRC=192.168.1.45 DST=192.168.1.1 PROTO=UDP SPT=33549 DPT=53 PKTS=1 BYTES=64 , REPLY: SRC=192.168.1.1 DST=192.168.1.45 PROTO=UDP SPT=53 DPT=33549 PKTS=1 BYTES=64
Dec  9 01:01:04 10.0.0.2 ulogd[1267]: [DESTROY] ORIG: SRC=176.36.141.89 DST=194.50.85.5 PROTO=UDP SPT=49994 DPT=53 PKTS=1 BYTES=76 , REPLY: SRC=194.50.85.5 DST=176.36.141.89 PROTO=UDP SPT=53 DPT=49994 PKTS=1 BYTES=132
Dec  9 01:01:04 10.0.0.2 ulogd[1267]: [DESTROY] ORIG: SRC=192.168.1.45 DST=192.168.1.1 PROTO=UDP SPT=38266 DPT=53 PKTS=1 BYTES=64 , REPLY: SRC=192.168.1.1 DST=192.168.1.45 PROTO=UDP SPT=53 DPT=38266 PKTS=1 BYTES=64
Dec  9 01:01:04 10.0.0.2 ulogd[1267]: [DESTROY] ORIG: SRC=192.168.1.45 DST=192.168.1.1 PROTO=UDP SPT=32949 DPT=53 PKTS=1 BYTES=64 , REPLY: SRC=192.168.1.1 DST=192.168.1.45 PROTO=UDP SPT=53 DPT=32949 PKTS=1 BYTES=64
Dec  9 01:01:04 10.0.0.2 ulogd[1267]: [DESTROY] ORIG: SRC=192.168.1.45 DST=54.236.113.205 PROTO=TCP SPT=46274 DPT=443 PKTS=17 BYTES=4026 , REPLY: SRC=54.236.113.205 DST=176.36.141.89 PROTO=TCP SPT=443 DPT=46274 PKTS=15 BYTES=6924
Dec  9 01:01:04 10.0.0.2 ulogd[1267]: [DESTROY] ORIG: SRC=192.168.1.45 DST=192.168.1.1 PROTO=UDP SPT=49361 DPT=53 PKTS=1 BYTES=71 , REPLY: SRC=192.168.1.1 DST=192.168.1.45 PROTO=UDP SPT=53 DPT=49361 PKTS=1 BYTES=119
Dec  9 01:01:04 10.0.0.2 ulogd[1267]: [DESTROY] ORIG: SRC=176.36.141.89 DST=194.50.85.5 PROTO=UDP SPT=59930 DPT=53 PKTS=1 BYTES=64 , REPLY: SRC=194.50.85.5 DST=176.36.141.89 PROTO=UDP SPT=53 DPT=59930 PKTS=1 BYTES=178
Dec  9 01:01:04 10.0.0.2 ulogd[1267]: [DESTROY] ORIG: SRC=192.168.1.45 DST=192.168.1.1 PROTO=UDP SPT=45574 DPT=53 PKTS=1 BYTES=77 , REPLY: SRC=192.168.1.1 DST=192.168.1.45 PROTO=UDP SPT=53 DPT=45574 PKTS=1 BYTES=161
Dec  9 01:01:04 10.0.0.2 ulogd[1267]: [DESTROY] ORIG: SRC=192.168.1.45 DST=192.168.1.1 PROTO=UDP SPT=35006 DPT=53 PKTS=1 BYTES=71 , REPLY: SRC=192.168.1.1 DST=192.168.1.45 PROTO=UDP SPT=53 DPT=35006 PKTS=1 BYTES=155
Dec  9 01:01:04 10.0.0.2 ulogd[1267]: [DESTROY] ORIG: SRC=fd02:c8be:1d40:0:75c3:3b72:9ae4:cb64 DST=fd02:c8be:1d40::1 PROTO=UDP SPT=55045 DPT=53 PKTS=1 BYTES=89 , REPLY: SRC=fd02:c8be:1d40::1 DST=fd02:c8be:1d40:0:75c3:3b72:9ae4:cb64 PROTO=UDP SPT=53 DPT=55045 PKTS=1 BYTES=187
Dec  9 01:01:04 10.0.0.2 ulogd[1267]: [DESTROY] ORIG: SRC=192.168.1.45 DST=192.168.1.1 PROTO=UDP SPT=53227 DPT=53 PKTS=1 BYTES=77 , REPLY: SRC=192.168.1.1 DST=192.168.1.45 PROTO=UDP SPT=53 DPT=53227 PKTS=1 BYTES=125
Dec  9 01:01:04 10.0.0.2 ulogd[1267]: [DESTROY] ORIG: SRC=fd02:c8be:1d40:0:75c3:3b72:9ae4:cb64 DST=fd02:c8be:1d40::1 PROTO=UDP SPT=61496 DPT=53 PKTS=1 BYTES=89 , REPLY: SRC=fd02:c8be:1d40::1 DST=fd02:c8be:1d40:0:75c3:3b72:9ae4:cb64 PROTO=UDP SPT=53 DPT=61496 PKTS=1 BYTES=138
Dec  9 01:01:04 10.0.0.2 ulogd[1267]: [DESTROY] ORIG: SRC=176.36.141.89 DST=194.50.85.5 PROTO=UDP SPT=39199 DPT=53 PKTS=1 BYTES=70 , REPLY: SRC=194.50.85.5 DST=176.36.141.89 PROTO=UDP SPT=53 DPT=39199 PKTS=1 BYTES=134
Dec  9 01:01:04 10.0.0.2 ulogd[1267]: [DESTROY] ORIG: SRC=192.168.1.45 DST=192.168.1.1 PROTO=UDP SPT=51801 DPT=53 PKTS=1 BYTES=71 , REPLY: SRC=192.168.1.1 DST=192.168.1.45 PROTO=UDP SPT=53 DPT=51801 PKTS=1 BYTES=155
Dec  9 01:01:04 10.0.0.2 ulogd[1267]: [DESTROY] ORIG: SRC=176.36.141.89 DST=194.50.85.5 PROTO=UDP SPT=55521 DPT=53 PKTS=1 BYTES=69 , REPLY: SRC=194.50.85.5 DST=176.36.141.89 PROTO=UDP SPT=53 DPT=55521 PKTS=1 BYTES=167
Dec  9 01:01:04 10.0.0.2 ulogd[1267]: [DESTROY] ORIG: SRC=192.168.1.45 DST=3.77.103.135 PROTO=TCP SPT=59262 DPT=443 PKTS=11 BYTES=1597 , REPLY: SRC=3.77.103.135 DST=176.36.141.89 PROTO=TCP SPT=443 DPT=59262 PKTS=10 BYTES=5545
Dec  9 01:01:04 10.0.0.2 ulogd[1267]: [DESTROY] ORIG: SRC=192.168.1.45 DST=192.168.1.1 PROTO=UDP SPT=44996 DPT=53 PKTS=1 BYTES=82 , REPLY: SRC=192.168.1.1 DST=192.168.1.45 PROTO=UDP SPT=53 DPT=44996 PKTS=1 BYTES=146
Dec  9 01:01:04 10.0.0.2 ulogd[1267]: [DESTROY] ORIG: SRC=fd02:c8be:1d40:0:75c3:3b72:9ae4:cb64 DST=fd02:c8be:1d40::1 PROTO=UDP SPT=57037 DPT=53 PKTS=1 BYTES=89 , REPLY: SRC=fd02:c8be:1d40::1 DST=fd02:c8be:1d40:0:75c3:3b72:9ae4:cb64 PROTO=UDP SPT=53 DPT=57037 PKTS=1 BYTES=213
Dec  9 01:01:04 10.0.0.2 ulogd[1267]: [DESTROY] ORIG: SRC=192.168.1.45 DST=192.168.1.1 PROTO=UDP SPT=39124 DPT=53 PKTS=1 BYTES=76 , REPLY: SRC=192.168.1.1 DST=192.168.1.45 PROTO=UDP SPT=53 DPT=39124 PKTS=1 BYTES=108
Dec  9 01:01:04 10.0.0.2 ulogd[1267]: [DESTROY] ORIG: SRC=176.36.141.89 DST=194.50.85.5 PROTO=UDP SPT=52669 DPT=53 PKTS=1 BYTES=71 , REPLY: SRC=194.50.85.5 DST=176.36.141.89 PROTO=UDP SPT=53 DPT=52669 PKTS=1 BYTES=199
Dec  9 01:01:04 10.0.0.2 ulogd[1267]: [DESTROY] ORIG: SRC=192.168.1.45 DST=192.168.1.1 PROTO=UDP SPT=51147 DPT=53 PKTS=1 BYTES=64 , REPLY: SRC=192.168.1.1 DST=192.168.1.45 PROTO=UDP SPT=53 DPT=51147 PKTS=1 BYTES=64
Dec  9 01:01:04 10.0.0.2 ulogd[1267]: [DESTROY] ORIG: SRC=192.168.1.45 DST=192.168.1.1 PROTO=UDP SPT=52075 DPT=53 PKTS=1 BYTES=77 , REPLY: SRC=192.168.1.1 DST=192.168.1.45 PROTO=UDP SPT=53 DPT=52075 PKTS=1 BYTES=161
Dec  9 01:01:04 10.0.0.2 ulogd[1267]: [DESTROY] ORIG: SRC=fd02:c8be:1d40:0:75c3:3b72:9ae4:cb64 DST=fd02:c8be:1d40::1 PROTO=UDP SPT=53591 DPT=53 PKTS=1 BYTES=83 , REPLY: SRC=fd02:c8be:1d40::1 DST=fd02:c8be:1d40:0:75c3:3b72:9ae4:cb64 PROTO=UDP SPT=53 DPT=53591 PKTS=1 BYTES=218
Dec  9 01:01:04 10.0.0.2 ulogd[1267]: [DESTROY] ORIG: SRC=192.168.1.45 DST=192.168.1.1 PROTO=UDP SPT=59982 DPT=53 PKTS=1 BYTES=76 , REPLY: SRC=192.168.1.1 DST=192.168.1.45 PROTO=UDP SPT=53 DPT=59982 PKTS=1 BYTES=132
Dec  9 01:01:04 10.0.0.2 ulogd[1267]: [DESTROY] ORIG: SRC=192.168.1.45 DST=192.168.1.1 PROTO=UDP SPT=34370 DPT=53 PKTS=1 BYTES=68 , REPLY: SRC=192.168.1.1 DST=192.168.1.45 PROTO=UDP SPT=53 DPT=34370 PKTS=1 BYTES=96
Dec  9 01:01:04 10.0.0.2 ulogd[1267]: [DESTROY] ORIG: SRC=fd02:c8be:1d40:0:75c3:3b72:9ae4:cb64 DST=fd02:c8be:1d40::1 PROTO=UDP SPT=53644 DPT=53 PKTS=1 BYTES=89 , REPLY: SRC=fd02:c8be:1d40::1 DST=fd02:c8be:1d40:0:75c3:3b72:9ae4:cb64 PROTO=UDP SPT=53 DPT=53644 PKTS=1 BYTES=164
Dec  9 01:01:04 10.0.0.2 ulogd[1267]: [DESTROY] ORIG: SRC=192.168.1.45 DST=54.236.113.205 PROTO=TCP SPT=46264 DPT=443 PKTS=16 BYTES=1503 , REPLY: SRC=54.236.113.205 DST=176.36.141.89 PROTO=TCP SPT=443 DPT=46264 PKTS=14 BYTES=11033
Dec  9 01:01:04 10.0.0.2 ulogd[1267]: [DESTROY] ORIG: SRC=192.168.1.45 DST=192.168.1.1 PROTO=UDP SPT=54448 DPT=53 PKTS=1 BYTES=82 , REPLY: SRC=192.168.1.1 DST=192.168.1.45 PROTO=UDP SPT=53 DPT=54448 PKTS=1 BYTES=194
Dec  9 01:01:04 10.0.0.2 ulogd[1267]: [DESTROY] ORIG: SRC=192.168.1.45 DST=192.168.1.1 PROTO=UDP SPT=50941 DPT=53 PKTS=1 BYTES=66 , REPLY: SRC=192.168.1.1 DST=192.168.1.45 PROTO=UDP SPT=53 DPT=50941 PKTS=1 BYTES=114
Dec  9 01:01:04 10.0.0.2 ulogd[1267]: [DESTROY] ORIG: SRC=192.168.1.1 DST=192.168.1.45 PROTO=UDP SPT=39485 DPT=5353 PKTS=1 BYTES=71 , REPLY: SRC=192.168.1.45 DST=192.168.1.1 PROTO=UDP SPT=5353 DPT=39485 PKTS=0 BYTES=0
Dec  9 01:01:04 10.0.0.2 ulogd[1267]: [DESTROY] ORIG: SRC=fd02:c8be:1d40:0:75c3:3b72:9ae4:cb64 DST=fd02:c8be:1d40::1 PROTO=UDP SPT=61019 DPT=53 PKTS=1 BYTES=89 , REPLY: SRC=fd02:c8be:1d40::1 DST=fd02:c8be:1d40:0:75c3:3b72:9ae4:cb64 PROTO=UDP SPT=53 DPT=61019 PKTS=1 BYTES=187
Dec  9 01:01:04 10.0.0.2 ulogd[1267]: [DESTROY] ORIG: SRC=192.168.1.45 DST=192.168.1.1 PROTO=UDP SPT=39072 DPT=53 PKTS=1 BYTES=77 , REPLY: SRC=192.168.1.1 DST=192.168.1.45 PROTO=UDP SPT=53 DPT=39072 PKTS=1 BYTES=125
Dec  9 01:01:04 10.0.0.2 ulogd[1267]: [DESTROY] ORIG: SRC=192.168.1.180 DST=35.186.224.18 PROTO=UDP SPT=50330 DPT=443 PKTS=14 BYTES=3408 , REPLY: SRC=35.186.224.18 DST=176.36.141.89 PROTO=UDP SPT=443 DPT=50330 PKTS=14 BYTES=3519
Dec  9 01:01:04 10.0.0.2 ulogd[1267]: [DESTROY] ORIG: SRC=192.168.1.180 DST=62.140.236.155 PROTO=TCP SPT=65500 DPT=443 PKTS=29 BYTES=2277 , REPLY: SRC=62.140.236.155 DST=176.36.141.89 PROTO=TCP SPT=443 DPT=65500 PKTS=33 BYTES=154209
Dec  9 01:01:04 10.0.0.2 ulogd[1267]: [DESTROY] ORIG: SRC=176.36.141.89 DST=194.50.85.5 PROTO=UDP SPT=52143 DPT=53 PKTS=1 BYTES=71 , REPLY: SRC=194.50.85.5 DST=176.36.141.89 PROTO=UDP SPT=53 DPT=52143 PKTS=1 BYTES=119
Dec  9 01:01:04 10.0.0.2 ulogd[1267]: [DESTROY] ORIG: SRC=192.168.1.180 DST=35.186.224.25 PROTO=UDP SPT=49861 DPT=443 PKTS=10 BYTES=3101 , REPLY: SRC=35.186.224.25 DST=176.36.141.89 PROTO=UDP SPT=443 DPT=49861 PKTS=11 BYTES=6078
Dec  9 01:01:04 10.0.0.2 ulogd[1267]: [DESTROY] ORIG: SRC=176.36.141.89 DST=194.50.85.5 PROTO=UDP SPT=36965 DPT=53 PKTS=1 BYTES=68 , REPLY: SRC=194.50.85.5 DST=176.36.141.89 PROTO=UDP SPT=53 DPT=36965 PKTS=1 BYTES=96
Dec  9 01:01:04 10.0.0.2 ulogd[1267]: [DESTROY] ORIG: SRC=192.168.1.45 DST=192.168.1.1 PROTO=UDP SPT=49500 DPT=53 PKTS=1 BYTES=71 , REPLY: SRC=192.168.1.1 DST=192.168.1.45 PROTO=UDP SPT=53 DPT=49500 PKTS=1 BYTES=119
Dec  9 01:01:04 10.0.0.2 ulogd[1267]: [DESTROY] ORIG: SRC=192.168.1.45 DST=192.168.1.1 PROTO=UDP SPT=34696 DPT=53 PKTS=1 BYTES=66 , REPLY: SRC=192.168.1.1 DST=192.168.1.45 PROTO=UDP SPT=53 DPT=34696 PKTS=1 BYTES=150
Dec  9 01:01:04 10.0.0.2 ulogd[1267]: [DESTROY] ORIG: SRC=fd02:c8be:1d40:0:75c3:3b72:9ae4:cb64 DST=fd02:c8be:1d40::1 PROTO=UDP SPT=60043 DPT=53 PKTS=1 BYTES=89 , REPLY: SRC=fd02:c8be:1d40::1 DST=fd02:c8be:1d40:0:75c3:3b72:9ae4:cb64 PROTO=UDP SPT=53 DPT=60043 PKTS=1 BYTES=138
Dec  9 01:01:04 10.0.0.2 ulogd[1267]: [DESTROY] ORIG: SRC=192.168.1.45 DST=192.168.1.1 PROTO=UDP SPT=49434 DPT=53 PKTS=1 BYTES=64 , REPLY: SRC=192.168.1.1 DST=192.168.1.45 PROTO=UDP SPT=53 DPT=49434 PKTS=1 BYTES=80
Dec  9 01:01:04 10.0.0.2 ulogd[1267]: [DESTROY] ORIG: SRC=192.168.1.45 DST=192.168.1.1 PROTO=UDP SPT=46459 DPT=53 PKTS=1 BYTES=64 , REPLY: SRC=192.168.1.1 DST=192.168.1.45 PROTO=UDP SPT=53 DPT=46459 PKTS=1 BYTES=64
Dec  9 01:01:04 10.0.0.2 ulogd[1267]: [DESTROY] ORIG: SRC=192.168.1.180 DST=5.135.209.96 PROTO=TCP SPT=49169 DPT=443 PKTS=12 BYTES=4328 , REPLY: SRC=5.135.209.96 DST=176.36.141.89 PROTO=TCP SPT=443 DPT=49169 PKTS=11 BYTES=5179
Dec  9 01:01:04 10.0.0.2 ulogd[1267]: [DESTROY] ORIG: SRC=192.168.1.180 DST=5.135.209.96 PROTO=TCP SPT=49185 DPT=443 PKTS=10 BYTES=4248 , REPLY: SRC=5.135.209.96 DST=176.36.141.89 PROTO=TCP SPT=443 DPT=49185 PKTS=10 BYTES=1319
Dec  9 01:01:04 10.0.0.2 ulogd[1267]: [DESTROY] ORIG: SRC=192.168.1.45 DST=140.82.121.33 PROTO=TCP SPT=59934 DPT=443 PKTS=11 BYTES=1223 , REPLY: SRC=140.82.121.33 DST=176.36.141.89 PROTO=TCP SPT=443 DPT=59934 PKTS=10 BYTES=5065
Dec  9 01:01:04 10.0.0.2 ulogd[1267]: [DESTROY] ORIG: SRC=176.36.141.89 DST=194.50.85.5 PROTO=UDP SPT=56451 DPT=53 PKTS=1 BYTES=69 , REPLY: SRC=194.50.85.5 DST=176.36.141.89 PROTO=UDP SPT=53 DPT=56451 PKTS=1 BYTES=144
Dec  9 01:01:04 10.0.0.2 ulogd[1267]: [DESTROY] ORIG: SRC=192.168.1.45 DST=54.227.20.253 PROTO=TCP SPT=34532 DPT=443 PKTS=16 BYTES=1509 , REPLY: SRC=54.227.20.253 DST=176.36.141.89 PROTO=TCP SPT=443 DPT=34532 PKTS=14 BYTES=11049
Dec  9 01:01:04 10.0.0.2 ulogd[1267]: [DESTROY] ORIG: SRC=192.168.1.45 DST=192.168.1.1 PROTO=UDP SPT=34234 DPT=53 PKTS=1 BYTES=64 , REPLY: SRC=192.168.1.1 DST=192.168.1.45 PROTO=UDP SPT=53 DPT=34234 PKTS=1 BYTES=80
Dec  9 01:01:04 10.0.0.2 ulogd[1267]: [DESTROY] ORIG: SRC=192.168.1.45 DST=54.227.20.253 PROTO=TCP SPT=36662 DPT=443 PKTS=16 BYTES=4062 , REPLY: SRC=54.227.20.253 DST=176.36.141.89 PROTO=TCP SPT=443 DPT=36662 PKTS=14 BYTES=7992
Dec  9 01:01:04 10.0.0.2 ulogd[1267]: [DESTROY] ORIG: SRC=fd02:c8be:1d40:0:75c3:3b72:9ae4:cb64 DST=fd02:c8be:1d40::1 PROTO=UDP SPT=64886 DPT=53 PKTS=1 BYTES=98 , REPLY: SRC=fd02:c8be:1d40::1 DST=fd02:c8be:1d40:0:75c3:3b72:9ae4:cb64 PROTO=UDP SPT=53 DPT=64886 PKTS=1 BYTES=254
Dec  9 01:01:04 10.0.0.2 ulogd[1267]: [DESTROY] ORIG: SRC=192.168.1.180 DST=5.135.209.96 PROTO=TCP SPT=49183 DPT=443 PKTS=10 BYTES=4248 , REPLY: SRC=5.135.209.96 DST=176.36.141.89 PROTO=TCP SPT=443 DPT=49183 PKTS=10 BYTES=1319
Dec  9 01:01:04 10.0.0.2 ulogd[1267]: [DESTROY] ORIG: SRC=176.36.141.89 DST=194.50.85.5 PROTO=UDP SPT=37805 DPT=53 PKTS=1 BYTES=78 , REPLY: SRC=194.50.85.5 DST=176.36.141.89 PROTO=UDP SPT=53 DPT=37805 PKTS=1 BYTES=234
Dec  9 01:01:04 10.0.0.2 ulogd[1267]: [DESTROY] ORIG: SRC=192.168.1.45 DST=192.168.1.1 PROTO=UDP SPT=48080 DPT=53 PKTS=1 BYTES=64 , REPLY: SRC=192.168.1.1 DST=192.168.1.45 PROTO=UDP SPT=53 DPT=48080 PKTS=1 BYTES=126
Dec  9 01:01:04 10.0.0.2 ulogd[1267]: [DESTROY] ORIG: SRC=192.168.1.45 DST=192.168.1.1 PROTO=UDP SPT=54192 DPT=53 PKTS=1 BYTES=77 , REPLY: SRC=192.168.1.1 DST=192.168.1.45 PROTO=UDP SPT=53 DPT=54192 PKTS=1 BYTES=125
Dec  9 01:01:04 10.0.0.2 ulogd[1267]: [DESTROY] ORIG: SRC=176.36.141.89 DST=194.50.85.5 PROTO=UDP SPT=36776 DPT=53 PKTS=1 BYTES=64 , REPLY: SRC=194.50.85.5 DST=176.36.141.89 PROTO=UDP SPT=53 DPT=36776 PKTS=1 BYTES=126
Dec  9 01:01:04 10.0.0.2 ulogd[1267]: [DESTROY] ORIG: SRC=176.36.141.89 DST=194.50.85.5 PROTO=UDP SPT=56342 DPT=53 PKTS=1 BYTES=63 , REPLY: SRC=194.50.85.5 DST=176.36.141.89 PROTO=UDP SPT=53 DPT=56342 PKTS=1 BYTES=168
Dec  9 01:01:04 10.0.0.2 ulogd[1267]: [DESTROY] ORIG: SRC=192.168.1.45 DST=54.236.113.205 PROTO=TCP SPT=46262 DPT=443 PKTS=16 BYTES=3965 , REPLY: SRC=54.236.113.205 DST=176.36.141.89 PROTO=TCP SPT=443 DPT=46262 PKTS=16 BYTES=6976
Dec  9 01:01:04 10.0.0.2 dnsmasq[1]: 2118594 192.168.1.45/52189 query[AAAA] updates.maxmind.com from 192.168.1.45
Dec  9 01:01:04 10.0.0.2 ulogd[1267]: [NEW] ORIG: SRC=192.168.1.45 DST=192.168.1.1 PROTO=UDP SPT=52189 DPT=53 PKTS=0 BYTES=0 , REPLY: SRC=192.168.1.1 DST=192.168.1.45 PROTO=UDP SPT=53 DPT=52189 PKTS=0 BYTES=0
Dec  9 01:01:04 10.0.0.2 dnsmasq[1]: 2118594 192.168.1.45/52189 cached updates.maxmind.com is 2606:4700:7::a29f:8616
Dec  9 01:01:04 10.0.0.2 ulogd[1267]: [NEW] ORIG: SRC=192.168.1.45 DST=192.168.1.1 PROTO=UDP SPT=54609 DPT=53 PKTS=0 BYTES=0 , REPLY: SRC=192.168.1.1 DST=192.168.1.45 PROTO=UDP SPT=53 DPT=54609 PKTS=0 BYTES=0
Dec  9 01:01:04 10.0.0.2 dnsmasq[1]: 2118594 192.168.1.45/52189 cached updates.maxmind.com is 2606:4700:7::a29f:8716
Dec  9 01:01:04 10.0.0.2 dnsmasq[1]: 2118595 192.168.1.45/54609 query[A] updates.maxmind.com from 192.168.1.45
Dec  9 01:01:04 10.0.0.2 dnsmasq[1]: 2118595 192.168.1.45/54609 cached updates.maxmind.com is 162.159.134.22
Dec  9 01:01:04 10.0.0.2 dnsmasq[1]: 2118595 192.168.1.45/54609 cached updates.maxmind.com is 162.159.135.22
Dec  9 01:01:04 10.0.0.2 ulogd[1267]: [NEW] ORIG: SRC=192.168.1.45 DST=162.159.134.22 PROTO=TCP SPT=37510 DPT=443 PKTS=0 BYTES=0 , REPLY: SRC=162.159.134.22 DST=176.36.141.89 PROTO=TCP SPT=443 DPT=37510 PKTS=0 BYTES=0
Dec  9 01:01:11 10.0.0.2 dnsmasq[1]: 2118596 192.168.1.45/48889 query[AAAA] updates.maxmind.com from 192.168.1.45
Dec  9 01:01:11 10.0.0.2 ulogd[1267]: [NEW] ORIG: SRC=192.168.1.45 DST=192.168.1.1 PROTO=UDP SPT=48889 DPT=53 PKTS=0 BYTES=0 , REPLY: SRC=192.168.1.1 DST=192.168.1.45 PROTO=UDP SPT=53 DPT=48889 PKTS=0 BYTES=0
Dec  9 01:01:11 10.0.0.2 dnsmasq[1]: 2118596 192.168.1.45/48889 cached updates.maxmind.com is 2606:4700:7::a29f:8716
Dec  9 01:01:11 10.0.0.2 ulogd[1267]: [NEW] ORIG: SRC=192.168.1.45 DST=192.168.1.1 PROTO=UDP SPT=51655 DPT=53 PKTS=0 BYTES=0 , REPLY: SRC=192.168.1.1 DST=192.168.1.45 PROTO=UDP SPT=53 DPT=51655 PKTS=0 BYTES=0
Dec  9 01:01:11 10.0.0.2 dnsmasq[1]: 2118596 192.168.1.45/48889 cached updates.maxmind.com is 2606:4700:7::a29f:8616
Dec  9 01:01:11 10.0.0.2 dnsmasq[1]: 2118597 192.168.1.45/51655 query[A] updates.maxmind.com from 192.168.1.45
Dec  9 01:01:11 10.0.0.2 dnsmasq[1]: 2118597 192.168.1.45/51655 cached updates.maxmind.com is 162.159.135.22
Dec  9 01:01:11 10.0.0.2 dnsmasq[1]: 2118597 192.168.1.45/51655 cached updates.maxmind.com is 162.159.134.22
Dec  9 01:01:11 10.0.0.2 ulogd[1267]: [NEW] ORIG: SRC=192.168.1.45 DST=162.159.135.22 PROTO=TCP SPT=48650 DPT=443 PKTS=0 BYTES=0 , REPLY: SRC=162.159.135.22 DST=176.36.141.89 PROTO=TCP SPT=443 DPT=48650 PKTS=0 BYTES=0
Dec  9 01:01:16 10.0.0.2 ulogd[1267]: [NEW] ORIG: SRC=192.168.1.180 DST=217.182.178.224 PROTO=TCP SPT=49197 DPT=443 PKTS=0 BYTES=0 , REPLY: SRC=217.182.178.224 DST=176.36.141.89 PROTO=TCP SPT=443 DPT=49197 PKTS=0 BYTES=0
Dec  9 01:01:18 10.0.0.2 dnsmasq[1]: 2118598 192.168.1.45/42554 query[AAAA] updates.maxmind.com from 192.168.1.45
Dec  9 01:01:18 10.0.0.2 ulogd[1267]: [NEW] ORIG: SRC=192.168.1.45 DST=192.168.1.1 PROTO=UDP SPT=42554 DPT=53 PKTS=0 BYTES=0 , REPLY: SRC=192.168.1.1 DST=192.168.1.45 PROTO=UDP SPT=53 DPT=42554 PKTS=0 BYTES=0
Dec  9 01:01:18 10.0.0.2 ulogd[1267]: [NEW] ORIG: SRC=192.168.1.45 DST=192.168.1.1 PROTO=UDP SPT=57995 DPT=53 PKTS=0 BYTES=0 , REPLY: SRC=192.168.1.1 DST=192.168.1.45 PROTO=UDP SPT=53 DPT=57995 PKTS=0 BYTES=0
Dec  9 01:01:18 10.0.0.2 dnsmasq[1]: 2118598 192.168.1.45/42554 cached updates.maxmind.com is 2606:4700:7::a29f:8616
Dec  9 01:01:18 10.0.0.2 dnsmasq[1]: 2118598 192.168.1.45/42554 cached updates.maxmind.com is 2606:4700:7::a29f:8716
Dec  9 01:01:18 10.0.0.2 dnsmasq[1]: 2118599 192.168.1.45/57995 query[A] updates.maxmind.com from 192.168.1.45
Dec  9 01:01:18 10.0.0.2 dnsmasq[1]: 2118599 192.168.1.45/57995 cached updates.maxmind.com is 162.159.134.22
Dec  9 01:01:18 10.0.0.2 dnsmasq[1]: 2118599 192.168.1.45/57995 cached updates.maxmind.com is 162.159.135.22
Dec  9 01:01:18 10.0.0.2 ulogd[1267]: [NEW] ORIG: SRC=192.168.1.45 DST=162.159.134.22 PROTO=TCP SPT=39710 DPT=443 PKTS=0 BYTES=0 , REPLY: SRC=162.159.134.22 DST=176.36.141.89 PROTO=TCP SPT=443 DPT=39710 PKTS=0 BYTES=0
Dec  9 01:01:19 10.0.0.2 dnsmasq[1]: 2118600 fd02:c8be:1d40:0:75c3:3b72:9ae4:cb64/63316 query[A] v10.events.data.microsoft.com from fd02:c8be:1d40:0:75c3:3b72:9ae4:cb64
Dec  9 01:01:19 10.0.0.2 ulogd[1267]: [NEW] ORIG: SRC=fd02:c8be:1d40:0:75c3:3b72:9ae4:cb64 DST=fd02:c8be:1d40::1 PROTO=UDP SPT=63316 DPT=53 PKTS=0 BYTES=0 , REPLY: SRC=fd02:c8be:1d40::1 DST=fd02:c8be:1d40:0:75c3:3b72:9ae4:cb64 PROTO=UDP SPT=53 DPT=63316 PKTS=0 BYTES=0
Dec  9 01:01:19 10.0.0.2 ulogd[1267]: [NEW] ORIG: SRC=fd02:c8be:1d40:0:75c3:3b72:9ae4:cb64 DST=fd02:c8be:1d40::1 PROTO=UDP SPT=51174 DPT=53 PKTS=0 BYTES=0 , REPLY: SRC=fd02:c8be:1d40::1 DST=fd02:c8be:1d40:0:75c3:3b72:9ae4:cb64 PROTO=UDP SPT=53 DPT=51174 PKTS=0 BYTES=0
Dec  9 01:01:19 10.0.0.2 dnsmasq[1]: 2118600 fd02:c8be:1d40:0:75c3:3b72:9ae4:cb64/63316 forwarded v10.events.data.microsoft.com to 192.168.1.45
Dec  9 01:01:19 10.0.0.2 dnsmasq[1]: 2118600 fd02:c8be:1d40:0:75c3:3b72:9ae4:cb64/63316 forwarded v10.events.data.microsoft.com to 194.50.85.5
Dec  9 01:01:19 10.0.0.2 ulogd[1267]: [NEW] ORIG: SRC=192.168.1.1 DST=192.168.1.45 PROTO=UDP SPT=52212 DPT=5353 PKTS=0 BYTES=0 , REPLY: SRC=192.168.1.45 DST=192.168.1.1 PROTO=UDP SPT=5353 DPT=52212 PKTS=0 BYTES=0
Dec  9 01:01:19 10.0.0.2 dnsmasq[1]: 2118600 fd02:c8be:1d40:0:75c3:3b72:9ae4:cb64/63316 forwarded v10.events.data.microsoft.com to 194.50.85.7
Dec  9 01:01:19 10.0.0.2 dnsmasq[1]: 2118600 fd02:c8be:1d40:0:75c3:3b72:9ae4:cb64/63316 reply v10.events.data.microsoft.com is <CNAME>
Dec  9 01:01:19 10.0.0.2 ulogd[1267]: [NEW] ORIG: SRC=176.36.141.89 DST=194.50.85.5 PROTO=UDP SPT=52212 DPT=53 PKTS=0 BYTES=0 , REPLY: SRC=194.50.85.5 DST=176.36.141.89 PROTO=UDP SPT=53 DPT=52212 PKTS=0 BYTES=0
Dec  9 01:01:19 10.0.0.2 dnsmasq[1]: 2118600 fd02:c8be:1d40:0:75c3:3b72:9ae4:cb64/63316 reply win-global-asimov-leafs-events-data.trafficmanager.net is <CNAME>
Dec  9 01:01:19 10.0.0.2 dnsmasq[1]: 2118600 fd02:c8be:1d40:0:75c3:3b72:9ae4:cb64/63316 reply onedscolprdwus13.westus.cloudapp.azure.com is 20.189.173.14
Dec  9 01:01:19 10.0.0.2 ulogd[1267]: [NEW] ORIG: SRC=176.36.141.89 DST=194.50.85.7 PROTO=UDP SPT=52212 DPT=53 PKTS=0 BYTES=0 , REPLY: SRC=194.50.85.7 DST=176.36.141.89 PROTO=UDP SPT=53 DPT=52212 PKTS=0 BYTES=0
Dec  9 01:01:19 10.0.0.2 dnsmasq[1]: 2118601 fd02:c8be:1d40:0:75c3:3b72:9ae4:cb64/51174 query[AAAA] v10.events.data.microsoft.com from fd02:c8be:1d40:0:75c3:3b72:9ae4:cb64
Dec  9 01:01:19 10.0.0.2 dnsmasq[1]: 2118601 fd02:c8be:1d40:0:75c3:3b72:9ae4:cb64/51174 cached v10.events.data.microsoft.com is <CNAME>
Dec  9 01:01:19 10.0.0.2 dnsmasq[1]: 2118601 fd02:c8be:1d40:0:75c3:3b72:9ae4:cb64/51174 cached win-global-asimov-leafs-events-data.trafficmanager.net is <CNAME>
Dec  9 01:01:19 10.0.0.2 dnsmasq[1]: 2118601 fd02:c8be:1d40:0:75c3:3b72:9ae4:cb64/51174 forwarded v10.events.data.microsoft.com to 194.50.85.5
Dec  9 01:01:19 10.0.0.2 ulogd[1267]: [NEW] ORIG: SRC=176.36.141.89 DST=194.50.85.5 PROTO=UDP SPT=50323 DPT=53 PKTS=0 BYTES=0 , REPLY: SRC=194.50.85.5 DST=176.36.141.89 PROTO=UDP SPT=53 DPT=50323 PKTS=0 BYTES=0
Dec  9 01:01:19 10.0.0.2 ulogd[1267]: [NEW] ORIG: SRC=192.168.1.180 DST=192.168.1.1 PROTO=UDP SPT=51174 DPT=53 PKTS=0 BYTES=0 , REPLY: SRC=192.168.1.1 DST=192.168.1.180 PROTO=UDP SPT=53 DPT=51174 PKTS=0 BYTES=0
Dec  9 01:01:19 10.0.0.2 dnsmasq[1]: 2118602 192.168.1.180/51174 query[AAAA] v10.events.data.microsoft.com from 192.168.1.180
Dec  9 01:01:19 10.0.0.2 dnsmasq[1]: 2118602 192.168.1.180/51174 cached v10.events.data.microsoft.com is <CNAME>
Dec  9 01:01:19 10.0.0.2 dnsmasq[1]: 2118602 192.168.1.180/51174 cached win-global-asimov-leafs-events-data.trafficmanager.net is <CNAME>
Dec  9 01:01:19 10.0.0.2 dnsmasq[1]: 2118601 fd02:c8be:1d40:0:75c3:3b72:9ae4:cb64/51174 reply v10.events.data.microsoft.com is <CNAME>
Dec  9 01:01:19 10.0.0.2 dnsmasq[1]: 2118601 fd02:c8be:1d40:0:75c3:3b72:9ae4:cb64/51174 reply win-global-asimov-leafs-events-data.trafficmanager.net is <CNAME>
Dec  9 01:01:19 10.0.0.2 dnsmasq[1]: 2118601 fd02:c8be:1d40:0:75c3:3b72:9ae4:cb64/51174 reply onedscolprdwus13.westus.cloudapp.azure.com is NODATA-IPv6
Dec  9 01:01:19 10.0.0.2 dnsmasq[1]: 2118602 192.168.1.180/51174 reply query is duplicate
Dec  9 01:01:19 10.0.0.2 ulogd[1267]: [NEW] ORIG: SRC=192.168.1.180 DST=20.189.173.14 PROTO=TCP SPT=49198 DPT=443 PKTS=0 BYTES=0 , REPLY: SRC=20.189.173.14 DST=176.36.141.89 PROTO=TCP SPT=443 DPT=49198 PKTS=0 BYTES=0
Dec  9 01:01:22 10.0.0.2 ulogd[1267]: [DESTROY] ORIG: SRC=fd02:c8be:1d40:0:75c3:3b72:9ae4:cb64 DST=fd02:c8be:1d40::1 PROTO=UDP SPT=59950 DPT=53 PKTS=1 BYTES=76 , REPLY: SRC=fd02:c8be:1d40::1 DST=fd02:c8be:1d40:0:75c3:3b72:9ae4:cb64 PROTO=UDP SPT=53 DPT=59950 PKTS=1 BYTES=92
Dec  9 01:01:25 10.0.0.2 ulogd[1267]: [NEW] ORIG: SRC=fd02:c8be:1d40:0:75c3:3b72:9ae4:cb64 DST=fd02:c8be:1d40::1 PROTO=UDP SPT=57824 DPT=53 PKTS=0 BYTES=0 , REPLY: SRC=fd02:c8be:1d40::1 DST=fd02:c8be:1d40:0:75c3:3b72:9ae4:cb64 PROTO=UDP SPT=53 DPT=57824 PKTS=0 BYTES=0
Dec  9 01:01:25 10.0.0.2 ulogd[1267]: [NEW] ORIG: SRC=fd02:c8be:1d40:0:75c3:3b72:9ae4:cb64 DST=fd02:c8be:1d40::1 PROTO=UDP SPT=54937 DPT=53 PKTS=0 BYTES=0 , REPLY: SRC=fd02:c8be:1d40::1 DST=fd02:c8be:1d40:0:75c3:3b72:9ae4:cb64 PROTO=UDP SPT=53 DPT=54937 PKTS=0 BYTES=0
Dec  9 01:01:25 10.0.0.2 dnsmasq[1]: 2118603 fd02:c8be:1d40:0:75c3:3b72:9ae4:cb64/57824 query[A] sync-v2.brave.com from fd02:c8be:1d40:0:75c3:3b72:9ae4:cb64
Dec  9 01:01:25 10.0.0.2 dnsmasq[1]: 2118603 fd02:c8be:1d40:0:75c3:3b72:9ae4:cb64/57824 cached sync-v2.brave.com is <CNAME>
Dec  9 01:01:25 10.0.0.2 ulogd[1267]: [NEW] ORIG: SRC=176.36.141.89 DST=194.50.85.5 PROTO=UDP SPT=52415 DPT=53 PKTS=0 BYTES=0 , REPLY: SRC=194.50.85.5 DST=176.36.141.89 PROTO=UDP SPT=53 DPT=52415 PKTS=0 BYTES=0
Dec  9 01:01:25 10.0.0.2 dnsmasq[1]: 2118603 fd02:c8be:1d40:0:75c3:3b72:9ae4:cb64/57824 forwarded sync-v2.brave.com to 194.50.85.5
Dec  9 01:01:25 10.0.0.2 dnsmasq[1]: 2118604 fd02:c8be:1d40:0:75c3:3b72:9ae4:cb64/54937 query[type=65] sync-v2.brave.com from fd02:c8be:1d40:0:75c3:3b72:9ae4:cb64
Dec  9 01:01:25 10.0.0.2 ulogd[1267]: [NEW] ORIG: SRC=176.36.141.89 DST=194.50.85.5 PROTO=UDP SPT=36453 DPT=53 PKTS=0 BYTES=0 , REPLY: SRC=194.50.85.5 DST=176.36.141.89 PROTO=UDP SPT=53 DPT=36453 PKTS=0 BYTES=0
Dec  9 01:01:25 10.0.0.2 dnsmasq[1]: 2118604 fd02:c8be:1d40:0:75c3:3b72:9ae4:cb64/54937 forwarded sync-v2.brave.com to 194.50.85.5
Dec  9 01:01:25 10.0.0.2 dnsmasq[1]: 2118603 fd02:c8be:1d40:0:75c3:3b72:9ae4:cb64/57824 reply sync-v2.brave.com is <CNAME>
Dec  9 01:01:25 10.0.0.2 dnsmasq[1]: 2118603 fd02:c8be:1d40:0:75c3:3b72:9ae4:cb64/57824 reply sync-alb-152764135.us-west-2.elb.amazonaws.com is 34.223.239.225
Dec  9 01:01:25 10.0.0.2 dnsmasq[1]: 2118603 fd02:c8be:1d40:0:75c3:3b72:9ae4:cb64/57824 reply sync-alb-152764135.us-west-2.elb.amazonaws.com is 52.11.56.197
Dec  9 01:01:25 10.0.0.2 dnsmasq[1]: 2118603 fd02:c8be:1d40:0:75c3:3b72:9ae4:cb64/57824 reply sync-alb-152764135.us-west-2.elb.amazonaws.com is 44.230.54.232
Dec  9 01:01:25 10.0.0.2 dnsmasq[1]: 2118604 fd02:c8be:1d40:0:75c3:3b72:9ae4:cb64/54937 reply sync-v2.brave.com is <CNAME>
Dec  9 01:01:25 10.0.0.2 dnsmasq[1]: 2118604 fd02:c8be:1d40:0:75c3:3b72:9ae4:cb64/54937 reply sync-alb-152764135.us-west-2.elb.amazonaws.com is NODATA
Dec  9 01:01:25 10.0.0.2 ulogd[1267]: [NEW] ORIG: SRC=192.168.1.45 DST=192.168.1.1 PROTO=UDP SPT=37775 DPT=53 PKTS=0 BYTES=0 , REPLY: SRC=192.168.1.1 DST=192.168.1.45 PROTO=UDP SPT=53 DPT=37775 PKTS=0 BYTES=0
Dec  9 01:01:25 10.0.0.2 ulogd[1267]: [NEW] ORIG: SRC=192.168.1.45 DST=192.168.1.1 PROTO=UDP SPT=38777 DPT=53 PKTS=0 BYTES=0 , REPLY: SRC=192.168.1.1 DST=192.168.1.45 PROTO=UDP SPT=53 DPT=38777 PKTS=0 BYTES=0
Dec  9 01:01:25 10.0.0.2 dnsmasq[1]: 2118605 192.168.1.45/37775 query[AAAA] updates.maxmind.com from 192.168.1.45
Dec  9 01:01:25 10.0.0.2 dnsmasq[1]: 2118605 192.168.1.45/37775 cached updates.maxmind.com is 2606:4700:7::a29f:8716
Dec  9 01:01:25 10.0.0.2 dnsmasq[1]: 2118605 192.168.1.45/37775 cached updates.maxmind.com is 2606:4700:7::a29f:8616
Dec  9 01:01:25 10.0.0.2 dnsmasq[1]: 2118606 192.168.1.45/38777 query[A] updates.maxmind.com from 192.168.1.45
Dec  9 01:01:25 10.0.0.2 dnsmasq[1]: 2118606 192.168.1.45/38777 cached updates.maxmind.com is 162.159.135.22
Dec  9 01:01:25 10.0.0.2 dnsmasq[1]: 2118606 192.168.1.45/38777 cached updates.maxmind.com is 162.159.134.22
Dec  9 01:01:25 10.0.0.2 ulogd[1267]: [NEW] ORIG: SRC=192.168.1.45 DST=162.159.135.22 PROTO=TCP SPT=42788 DPT=443 PKTS=0 BYTES=0 , REPLY: SRC=162.159.135.22 DST=176.36.141.89 PROTO=TCP SPT=443 DPT=42788 PKTS=0 BYTES=0
Dec  9 01:01:28 10.0.0.2 ulogd[1267]: [NEW] ORIG: SRC=fd02:c8be:1d40:0:75c3:3b72:9ae4:cb64 DST=fd02:c8be:1d40::1 PROTO=UDP SPT=57818 DPT=53 PKTS=0 BYTES=0 , REPLY: SRC=fd02:c8be:1d40::1 DST=fd02:c8be:1d40:0:75c3:3b72:9ae4:cb64 PROTO=UDP SPT=53 DPT=57818 PKTS=0 BYTES=0
Dec  9 01:01:28 10.0.0.2 dnsmasq[1]: 2118607 fd02:c8be:1d40:0:75c3:3b72:9ae4:cb64/57818 query[A] 3c-bs.gmx.com from fd02:c8be:1d40:0:75c3:3b72:9ae4:cb64
Dec  9 01:01:28 10.0.0.2 ulogd[1267]: [NEW] ORIG: SRC=fd02:c8be:1d40:0:75c3:3b72:9ae4:cb64 DST=fd02:c8be:1d40::1 PROTO=UDP SPT=55486 DPT=53 PKTS=0 BYTES=0 , REPLY: SRC=fd02:c8be:1d40::1 DST=fd02:c8be:1d40:0:75c3:3b72:9ae4:cb64 PROTO=UDP SPT=53 DPT=55486 PKTS=0 BYTES=0
Dec  9 01:01:28 10.0.0.2 dnsmasq[1]: 2118607 fd02:c8be:1d40:0:75c3:3b72:9ae4:cb64/57818 forwarded 3c-bs.gmx.com to 194.50.85.5
Dec  9 01:01:28 10.0.0.2 dnsmasq[1]: 2118608 fd02:c8be:1d40:0:75c3:3b72:9ae4:cb64/55486 query[type=65] 3c-bs.gmx.com from fd02:c8be:1d40:0:75c3:3b72:9ae4:cb64
Dec  9 01:01:28 10.0.0.2 dnsmasq[1]: 2118608 fd02:c8be:1d40:0:75c3:3b72:9ae4:cb64/55486 forwarded 3c-bs.gmx.com to 194.50.85.5
Dec  9 01:01:28 10.0.0.2 ulogd[1267]: [NEW] ORIG: SRC=176.36.141.89 DST=194.50.85.5 PROTO=UDP SPT=42921 DPT=53 PKTS=0 BYTES=0 , REPLY: SRC=194.50.85.5 DST=176.36.141.89 PROTO=UDP SPT=53 DPT=42921 PKTS=0 BYTES=0
Dec  9 01:01:28 10.0.0.2 ulogd[1267]: [NEW] ORIG: SRC=176.36.141.89 DST=194.50.85.5 PROTO=UDP SPT=41977 DPT=53 PKTS=0 BYTES=0 , REPLY: SRC=194.50.85.5 DST=176.36.141.89 PROTO=UDP SPT=53 DPT=41977 PKTS=0 BYTES=0
Dec  9 01:01:28 10.0.0.2 dnsmasq[1]: 2118607 fd02:c8be:1d40:0:75c3:3b72:9ae4:cb64/57818 reply 3c-bs.gmx.com is 217.72.196.44
Dec  9 01:01:28 10.0.0.2 ulogd[1267]: [NEW] ORIG: SRC=192.168.1.180 DST=217.72.196.44 PROTO=TCP SPT=49199 DPT=443 PKTS=0 BYTES=0 , REPLY: SRC=217.72.196.44 DST=176.36.141.89 PROTO=TCP SPT=443 DPT=49199 PKTS=0 BYTES=0
Dec  9 01:01:30 10.0.0.2 dnsmasq[1]: 2118608 fd02:c8be:1d40:0:75c3:3b72:9ae4:cb64/55486 reply 3c-bs.gmx.com is NODATA
Dec  9 01:01:30 10.0.0.2 ulogd[1267]: [NEW] ORIG: SRC=192.168.1.180 DST=217.182.178.224 PROTO=TCP SPT=49200 DPT=443 PKTS=0 BYTES=0 , REPLY: SRC=217.182.178.224 DST=176.36.141.89 PROTO=TCP SPT=443 DPT=49200 PKTS=0 BYTES=0
Dec  9 01:01:30 10.0.0.2 ulogd[1267]: [DESTROY] ORIG: SRC=fd02:c8be:1d40:0:75c3:3b72:9ae4:cb64 DST=fd02:c8be:1d40::1 PROTO=UDP SPT=52948 DPT=53 PKTS=1 BYTES=83 , REPLY: SRC=fd02:c8be:1d40::1 DST=fd02:c8be:1d40:0:75c3:3b72:9ae4:cb64 PROTO=UDP SPT=53 DPT=52948 PKTS=1 BYTES=115
Dec  9 01:01:32 10.0.0.2 dnsmasq[1]: 2118609 192.168.1.45/51462 query[AAAA] updates.maxmind.com from 192.168.1.45
Dec  9 01:01:32 10.0.0.2 ulogd[1267]: [NEW] ORIG: SRC=192.168.1.45 DST=192.168.1.1 PROTO=UDP SPT=51462 DPT=53 PKTS=0 BYTES=0 , REPLY: SRC=192.168.1.1 DST=192.168.1.45 PROTO=UDP SPT=53 DPT=51462 PKTS=0 BYTES=0
Dec  9 01:01:32 10.0.0.2 dnsmasq[1]: 2118609 192.168.1.45/51462 cached updates.maxmind.com is 2606:4700:7::a29f:8616
Dec  9 01:01:32 10.0.0.2 ulogd[1267]: [NEW] ORIG: SRC=192.168.1.45 DST=192.168.1.1 PROTO=UDP SPT=53718 DPT=53 PKTS=0 BYTES=0 , REPLY: SRC=192.168.1.1 DST=192.168.1.45 PROTO=UDP SPT=53 DPT=53718 PKTS=0 BYTES=0
Dec  9 01:01:32 10.0.0.2 dnsmasq[1]: 2118609 192.168.1.45/51462 cached updates.maxmind.com is 2606:4700:7::a29f:8716
Dec  9 01:01:32 10.0.0.2 dnsmasq[1]: 2118610 192.168.1.45/53718 query[A] updates.maxmind.com from 192.168.1.45
Dec  9 01:01:32 10.0.0.2 dnsmasq[1]: 2118610 192.168.1.45/53718 cached updates.maxmind.com is 162.159.134.22
Dec  9 01:01:32 10.0.0.2 dnsmasq[1]: 2118610 192.168.1.45/53718 cached updates.maxmind.com is 162.159.135.22
Dec  9 01:01:32 10.0.0.2 ulogd[1267]: [NEW] ORIG: SRC=192.168.1.45 DST=162.159.134.22 PROTO=TCP SPT=38330 DPT=443 PKTS=0 BYTES=0 , REPLY: SRC=162.159.134.22 DST=176.36.141.89 PROTO=TCP SPT=443 DPT=38330 PKTS=0 BYTES=0
Dec  9 01:01:33 10.0.0.2 ulogd[1267]: [NEW] ORIG: SRC=fd02:c8be:1d40:0:75c3:3b72:9ae4:cb64 DST=fd02:c8be:1d40::1 PROTO=UDP SPT=57392 DPT=53 PKTS=0 BYTES=0 , REPLY: SRC=fd02:c8be:1d40::1 DST=fd02:c8be:1d40:0:75c3:3b72:9ae4:cb64 PROTO=UDP SPT=53 DPT=57392 PKTS=0 BYTES=0
Dec  9 01:01:33 10.0.0.2 dnsmasq[1]: 2118611 fd02:c8be:1d40:0:75c3:3b72:9ae4:cb64/57392 query[A] spclient.wg.spotify.com from fd02:c8be:1d40:0:75c3:3b72:9ae4:cb64
Dec  9 01:01:33 10.0.0.2 dnsmasq[1]: 2118611 fd02:c8be:1d40:0:75c3:3b72:9ae4:cb64/57392 cached spclient.wg.spotify.com is <CNAME>
Dec  9 01:01:33 10.0.0.2 ulogd[1267]: [NEW] ORIG: SRC=fd02:c8be:1d40:0:75c3:3b72:9ae4:cb64 DST=fd02:c8be:1d40::1 PROTO=UDP SPT=55330 DPT=53 PKTS=0 BYTES=0 , REPLY: SRC=fd02:c8be:1d40::1 DST=fd02:c8be:1d40:0:75c3:3b72:9ae4:cb64 PROTO=UDP SPT=53 DPT=55330 PKTS=0 BYTES=0
Dec  9 01:01:33 10.0.0.2 dnsmasq[1]: 2118611 fd02:c8be:1d40:0:75c3:3b72:9ae4:cb64/57392 forwarded spclient.wg.spotify.com to 194.50.85.5
Dec  9 01:01:33 10.0.0.2 ulogd[1267]: [NEW] ORIG: SRC=176.36.141.89 DST=194.50.85.5 PROTO=UDP SPT=35799 DPT=53 PKTS=0 BYTES=0 , REPLY: SRC=194.50.85.5 DST=176.36.141.89 PROTO=UDP SPT=53 DPT=35799 PKTS=0 BYTES=0
Dec  9 01:01:33 10.0.0.2 dnsmasq[1]: 2118612 fd02:c8be:1d40:0:75c3:3b72:9ae4:cb64/55330 query[type=65] spclient.wg.spotify.com from fd02:c8be:1d40:0:75c3:3b72:9ae4:cb64
Dec  9 01:01:33 10.0.0.2 dnsmasq[1]: 2118612 fd02:c8be:1d40:0:75c3:3b72:9ae4:cb64/55330 forwarded spclient.wg.spotify.com to 194.50.85.5
Dec  9 01:01:33 10.0.0.2 ulogd[1267]: [NEW] ORIG: SRC=176.36.141.89 DST=194.50.85.5 PROTO=UDP SPT=37930 DPT=53 PKTS=0 BYTES=0 , REPLY: SRC=194.50.85.5 DST=176.36.141.89 PROTO=UDP SPT=53 DPT=37930 PKTS=0 BYTES=0
Dec  9 01:01:33 10.0.0.2 dnsmasq[1]: 2118612 fd02:c8be:1d40:0:75c3:3b72:9ae4:cb64/55330 reply spclient.wg.spotify.com is <CNAME>
Dec  9 01:01:33 10.0.0.2 dnsmasq[1]: 2118612 fd02:c8be:1d40:0:75c3:3b72:9ae4:cb64/55330 reply edge-web.dual-gslb.spotify.com is NODATA
Dec  9 01:01:34 10.0.0.2 ulogd[1267]: [NEW] ORIG: SRC=192.168.1.180 DST=192.168.1.1 PROTO=UDP SPT=50737 DPT=53 PKTS=0 BYTES=0 , REPLY: SRC=192.168.1.1 DST=192.168.1.180 PROTO=UDP SPT=53 DPT=50737 PKTS=0 BYTES=0
Dec  9 01:01:34 10.0.0.2 dnsmasq[1]: 2118613 192.168.1.180/50737 query[A] spclient.wg.spotify.com from 192.168.1.180
Dec  9 01:01:34 10.0.0.2 dnsmasq[1]: 2118614 fd02:c8be:1d40:0:75c3:3b72:9ae4:cb64/65343 query[A] lps.navigator-bs.gmx.com from fd02:c8be:1d40:0:75c3:3b72:9ae4:cb64
Dec  9 01:01:34 10.0.0.2 ulogd[1267]: [NEW] ORIG: SRC=fd02:c8be:1d40:0:75c3:3b72:9ae4:cb64 DST=fd02:c8be:1d40::1 PROTO=UDP SPT=65343 DPT=53 PKTS=0 BYTES=0 , REPLY: SRC=fd02:c8be:1d40::1 DST=fd02:c8be:1d40:0:75c3:3b72:9ae4:cb64 PROTO=UDP SPT=53 DPT=65343 PKTS=0 BYTES=0
Dec  9 01:01:34 10.0.0.2 ulogd[1267]: [NEW] ORIG: SRC=fd02:c8be:1d40:0:75c3:3b72:9ae4:cb64 DST=fd02:c8be:1d40::1 PROTO=UDP SPT=63608 DPT=53 PKTS=0 BYTES=0 , REPLY: SRC=fd02:c8be:1d40::1 DST=fd02:c8be:1d40:0:75c3:3b72:9ae4:cb64 PROTO=UDP SPT=53 DPT=63608 PKTS=0 BYTES=0
Dec  9 01:01:34 10.0.0.2 dnsmasq[1]: 2118614 fd02:c8be:1d40:0:75c3:3b72:9ae4:cb64/65343 forwarded lps.navigator-bs.gmx.com to 194.50.85.5
Dec  9 01:01:34 10.0.0.2 ulogd[1267]: [NEW] ORIG: SRC=176.36.141.89 DST=194.50.85.5 PROTO=UDP SPT=49425 DPT=53 PKTS=0 BYTES=0 , REPLY: SRC=194.50.85.5 DST=176.36.141.89 PROTO=UDP SPT=53 DPT=49425 PKTS=0 BYTES=0
Dec  9 01:01:34 10.0.0.2 dnsmasq[1]: 2118615 fd02:c8be:1d40:0:75c3:3b72:9ae4:cb64/63608 query[type=65] lps.navigator-bs.gmx.com from fd02:c8be:1d40:0:75c3:3b72:9ae4:cb64
Dec  9 01:01:34 10.0.0.2 dnsmasq[1]: 2118615 fd02:c8be:1d40:0:75c3:3b72:9ae4:cb64/63608 forwarded lps.navigator-bs.gmx.com to 194.50.85.5
Dec  9 01:01:34 10.0.0.2 ulogd[1267]: [NEW] ORIG: SRC=176.36.141.89 DST=194.50.85.5 PROTO=UDP SPT=53172 DPT=53 PKTS=0 BYTES=0 , REPLY: SRC=194.50.85.5 DST=176.36.141.89 PROTO=UDP SPT=53 DPT=53172 PKTS=0 BYTES=0
Dec  9 01:01:34 10.0.0.2 dnsmasq[1]: 2118614 fd02:c8be:1d40:0:75c3:3b72:9ae4:cb64/65343 reply lps.navigator-bs.gmx.com is 217.72.199.27
Dec  9 01:01:34 10.0.0.2 dnsmasq[1]: 2118615 fd02:c8be:1d40:0:75c3:3b72:9ae4:cb64/63608 reply lps.navigator-bs.gmx.com is NODATA
Dec  9 01:01:34 10.0.0.2 ulogd[1267]: [NEW] ORIG: SRC=192.168.1.180 DST=217.72.199.27 PROTO=TCP SPT=49201 DPT=443 PKTS=0 BYTES=0 , REPLY: SRC=217.72.199.27 DST=176.36.141.89 PROTO=TCP SPT=443 DPT=49201 PKTS=0 BYTES=0
Dec  9 01:01:35 10.0.0.2 ulogd[1267]: [NEW] ORIG: SRC=fd02:c8be:1d40:0:75c3:3b72:9ae4:cb64 DST=fd02:c8be:1d40::1 PROTO=UDP SPT=59086 DPT=53 PKTS=0 BYTES=0 , REPLY: SRC=fd02:c8be:1d40::1 DST=fd02:c8be:1d40:0:75c3:3b72:9ae4:cb64 PROTO=UDP SPT=53 DPT=59086 PKTS=0 BYTES=0
Dec  9 01:01:35 10.0.0.2 ulogd[1267]: [NEW] ORIG: SRC=fd02:c8be:1d40:0:75c3:3b72:9ae4:cb64 DST=fd02:c8be:1d40::1 PROTO=UDP SPT=57496 DPT=53 PKTS=0 BYTES=0 , REPLY: SRC=fd02:c8be:1d40::1 DST=fd02:c8be:1d40:0:75c3:3b72:9ae4:cb64 PROTO=UDP SPT=53 DPT=57496 PKTS=0 BYTES=0
Dec  9 01:01:35 10.0.0.2 dnsmasq[1]: 2118616 fd02:c8be:1d40:0:75c3:3b72:9ae4:cb64/59086 query[A] hub.docker.com from fd02:c8be:1d40:0:75c3:3b72:9ae4:cb64
Dec  9 01:01:35 10.0.0.2 dnsmasq[1]: 2118616 fd02:c8be:1d40:0:75c3:3b72:9ae4:cb64/59086 forwarded hub.docker.com to 194.50.85.5
Dec  9 01:01:35 10.0.0.2 ulogd[1267]: [NEW] ORIG: SRC=176.36.141.89 DST=194.50.85.5 PROTO=UDP SPT=48534 DPT=53 PKTS=0 BYTES=0 , REPLY: SRC=194.50.85.5 DST=176.36.141.89 PROTO=UDP SPT=53 DPT=48534 PKTS=0 BYTES=0
Dec  9 01:01:35 10.0.0.2 dnsmasq[1]: 2118617 fd02:c8be:1d40:0:75c3:3b72:9ae4:cb64/57496 query[type=65] hub.docker.com from fd02:c8be:1d40:0:75c3:3b72:9ae4:cb64
Dec  9 01:01:35 10.0.0.2 ulogd[1267]: [NEW] ORIG: SRC=176.36.141.89 DST=194.50.85.5 PROTO=UDP SPT=34748 DPT=53 PKTS=0 BYTES=0 , REPLY: SRC=194.50.85.5 DST=176.36.141.89 PROTO=UDP SPT=53 DPT=34748 PKTS=0 BYTES=0
Dec  9 01:01:35 10.0.0.2 dnsmasq[1]: 2118617 fd02:c8be:1d40:0:75c3:3b72:9ae4:cb64/57496 forwarded hub.docker.com to 194.50.85.5
Dec  9 01:01:35 10.0.0.2 dnsmasq[1]: 2118617 fd02:c8be:1d40:0:75c3:3b72:9ae4:cb64/57496 reply hub.docker.com is <CNAME>
Dec  9 01:01:35 10.0.0.2 dnsmasq[1]: 2118617 fd02:c8be:1d40:0:75c3:3b72:9ae4:cb64/57496 reply elb-default.us-east-1.aws.dckr.io is <CNAME>
Dec  9 01:01:35 10.0.0.2 dnsmasq[1]: 2118617 fd02:c8be:1d40:0:75c3:3b72:9ae4:cb64/57496 reply prodextdefblue-be9epwf86ra-011431b53d8e1adf.elb.us-east-1.amazonaws.com is NODATA
Dec  9 01:01:35 10.0.0.2 ulogd[1267]: [DESTROY] ORIG: SRC=192.168.1.45 DST=192.168.1.1 PROTO=UDP SPT=47613 DPT=53 PKTS=1 BYTES=76 , REPLY: SRC=192.168.1.1 DST=192.168.1.45 PROTO=UDP SPT=53 DPT=47613 PKTS=1 BYTES=108
Dec  9 01:01:36 10.0.0.2 ulogd[1267]: [NEW] ORIG: SRC=fd02:c8be:1d40:0:75c3:3b72:9ae4:cb64 DST=fd02:c8be:1d40::1 PROTO=UDP SPT=55058 DPT=53 PKTS=0 BYTES=0 , REPLY: SRC=fd02:c8be:1d40::1 DST=fd02:c8be:1d40:0:75c3:3b72:9ae4:cb64 PROTO=UDP SPT=53 DPT=55058 PKTS=0 BYTES=0
Dec  9 01:01:36 10.0.0.2 dnsmasq[1]: 2118618 fd02:c8be:1d40:0:75c3:3b72:9ae4:cb64/55058 query[A] spclient.wg.spotify.com from fd02:c8be:1d40:0:75c3:3b72:9ae4:cb64
Dec  9 01:01:36 10.0.0.2 dnsmasq[1]: 2118618 fd02:c8be:1d40:0:75c3:3b72:9ae4:cb64/55058 forwarded spclient.wg.spotify.com to 194.50.85.5
Dec  9 01:01:36 10.0.0.2 dnsmasq[1]: 2118618 fd02:c8be:1d40:0:75c3:3b72:9ae4:cb64/57392 reply spclient.wg.spotify.com is <CNAME>
Dec  9 01:01:36 10.0.0.2 dnsmasq[1]: 2118618 fd02:c8be:1d40:0:75c3:3b72:9ae4:cb64/57392 reply edge-web.dual-gslb.spotify.com is 35.186.224.25
Dec  9 01:01:36 10.0.0.2 dnsmasq[1]: 2118618 fd02:c8be:1d40:0:75c3:3b72:9ae4:cb64/55058 reply query is duplicate
Dec  9 01:01:36 10.0.0.2 dnsmasq[1]: 2118613 192.168.1.180/50737 reply query is duplicate
Dec  9 01:01:36 10.0.0.2 ulogd[1267]: [NEW] ORIG: SRC=192.168.1.180 DST=35.186.224.25 PROTO=UDP SPT=49351 DPT=443 PKTS=0 BYTES=0 , REPLY: SRC=35.186.224.25 DST=176.36.141.89 PROTO=UDP SPT=443 DPT=49351 PKTS=0 BYTES=0
Dec  9 01:01:37 10.0.0.2 ulogd[1267]: [NEW] ORIG: SRC=fd02:c8be:1d40:0:75c3:3b72:9ae4:cb64 DST=fd02:c8be:1d40::1 PROTO=UDP SPT=52907 DPT=53 PKTS=0 BYTES=0 , REPLY: SRC=fd02:c8be:1d40::1 DST=fd02:c8be:1d40:0:75c3:3b72:9ae4:cb64 PROTO=UDP SPT=53 DPT=52907 PKTS=0 BYTES=0
Dec  9 01:01:37 10.0.0.2 dnsmasq[1]: 2118619 fd02:c8be:1d40:0:75c3:3b72:9ae4:cb64/52907 query[A] hub.docker.com from fd02:c8be:1d40:0:75c3:3b72:9ae4:cb64
Dec  9 01:01:37 10.0.0.2 dnsmasq[1]: 2118619 fd02:c8be:1d40:0:75c3:3b72:9ae4:cb64/52907 forwarded hub.docker.com to 194.50.85.5
Dec  9 01:01:39 10.0.0.2 ulogd[1267]: [NEW] ORIG: SRC=192.168.1.45 DST=192.168.1.1 PROTO=UDP SPT=51277 DPT=53 PKTS=0 BYTES=0 , REPLY: SRC=192.168.1.1 DST=192.168.1.45 PROTO=UDP SPT=53 DPT=51277 PKTS=0 BYTES=0
Dec  9 01:01:39 10.0.0.2 dnsmasq[1]: 2118620 192.168.1.45/51277 query[A] updates.maxmind.com from 192.168.1.45
Dec  9 01:01:39 10.0.0.2 ulogd[1267]: [NEW] ORIG: SRC=192.168.1.45 DST=192.168.1.1 PROTO=UDP SPT=48471 DPT=53 PKTS=0 BYTES=0 , REPLY: SRC=192.168.1.1 DST=192.168.1.45 PROTO=UDP SPT=53 DPT=48471 PKTS=0 BYTES=0
Dec  9 01:01:39 10.0.0.2 dnsmasq[1]: 2118620 192.168.1.45/51277 cached updates.maxmind.com is 162.159.135.22
Dec  9 01:01:39 10.0.0.2 dnsmasq[1]: 2118620 192.168.1.45/51277 cached updates.maxmind.com is 162.159.134.22
Dec  9 01:01:39 10.0.0.2 dnsmasq[1]: 2118621 192.168.1.45/48471 query[AAAA] updates.maxmind.com from 192.168.1.45
Dec  9 01:01:39 10.0.0.2 dnsmasq[1]: 2118621 192.168.1.45/48471 cached updates.maxmind.com is 2606:4700:7::a29f:8716
Dec  9 01:01:39 10.0.0.2 dnsmasq[1]: 2118621 192.168.1.45/48471 cached updates.maxmind.com is 2606:4700:7::a29f:8616
Dec  9 01:01:39 10.0.0.2 ulogd[1267]: [NEW] ORIG: SRC=192.168.1.45 DST=162.159.135.22 PROTO=TCP SPT=55784 DPT=443 PKTS=0 BYTES=0 , REPLY: SRC=162.159.135.22 DST=176.36.141.89 PROTO=TCP SPT=443 DPT=55784 PKTS=0 BYTES=0
Dec  9 01:01:39 10.0.0.2 ulogd[1267]: [NEW] ORIG: SRC=192.168.1.180 DST=192.168.1.1 PROTO=UDP SPT=62076 DPT=53 PKTS=0 BYTES=0 , REPLY: SRC=192.168.1.1 DST=192.168.1.180 PROTO=UDP SPT=53 DPT=62076 PKTS=0 BYTES=0
Dec  9 01:01:39 10.0.0.2 dnsmasq[1]: 2118622 192.168.1.180/62076 query[A] hub.docker.com from 192.168.1.180
Dec  9 01:01:39 10.0.0.2 dnsmasq[1]: 2118622 192.168.1.180/62076 forwarded hub.docker.com to 194.50.85.5
Dec  9 01:01:39 10.0.0.2 dnsmasq[1]: 2118622 fd02:c8be:1d40:0:75c3:3b72:9ae4:cb64/59086 reply hub.docker.com is <CNAME>
Dec  9 01:01:39 10.0.0.2 dnsmasq[1]: 2118622 fd02:c8be:1d40:0:75c3:3b72:9ae4:cb64/59086 reply elb-default.us-east-1.aws.dckr.io is <CNAME>
Dec  9 01:01:39 10.0.0.2 dnsmasq[1]: 2118622 fd02:c8be:1d40:0:75c3:3b72:9ae4:cb64/59086 reply prodextdefblue-be9epwf86ra-011431b53d8e1adf.elb.us-east-1.amazonaws.com is 52.44.227.212
Dec  9 01:01:39 10.0.0.2 dnsmasq[1]: 2118622 fd02:c8be:1d40:0:75c3:3b72:9ae4:cb64/59086 reply prodextdefblue-be9epwf86ra-011431b53d8e1adf.elb.us-east-1.amazonaws.com is 54.156.140.159
Dec  9 01:01:39 10.0.0.2 dnsmasq[1]: 2118622 fd02:c8be:1d40:0:75c3:3b72:9ae4:cb64/59086 reply prodextdefblue-be9epwf86ra-011431b53d8e1adf.elb.us-east-1.amazonaws.com is 44.221.37.199
Dec  9 01:01:39 10.0.0.2 dnsmasq[1]: 2118622 192.168.1.180/62076 reply query is duplicate
Dec  9 01:01:39 10.0.0.2 dnsmasq[1]: 2118619 fd02:c8be:1d40:0:75c3:3b72:9ae4:cb64/52907 reply query is duplicate
Dec  9 01:01:39 10.0.0.2 ulogd[1267]: [NEW] ORIG: SRC=192.168.1.180 DST=52.44.227.212 PROTO=TCP SPT=49202 DPT=443 PKTS=0 BYTES=0 , REPLY: SRC=52.44.227.212 DST=176.36.141.89 PROTO=TCP SPT=443 DPT=49202 PKTS=0 BYTES=0
Dec  9 01:01:44 10.0.0.2 dnsmasq[1]: 2118623 fd02:c8be:1d40:0:75c3:3b72:9ae4:cb64/58689 query[A] prebid-server.rubiconproject.com from fd02:c8be:1d40:0:75c3:3b72:9ae4:cb64
Dec  9 01:01:44 10.0.0.2 ulogd[1267]: [NEW] ORIG: SRC=192.168.1.180 DST=217.182.178.224 PROTO=TCP SPT=49203 DPT=443 PKTS=0 BYTES=0 , REPLY: SRC=217.182.178.224 DST=176.36.141.89 PROTO=TCP SPT=443 DPT=49203 PKTS=0 BYTES=0
Dec  9 01:01:44 10.0.0.2 dnsmasq[1]: 2118623 fd02:c8be:1d40:0:75c3:3b72:9ae4:cb64/58689 cached prebid-server.rubiconproject.com is <CNAME>
Dec  9 01:01:44 10.0.0.2 ulogd[1267]: [NEW] ORIG: SRC=fd02:c8be:1d40:0:75c3:3b72:9ae4:cb64 DST=fd02:c8be:1d40::1 PROTO=UDP SPT=58689 DPT=53 PKTS=0 BYTES=0 , REPLY: SRC=fd02:c8be:1d40::1 DST=fd02:c8be:1d40:0:75c3:3b72:9ae4:cb64 PROTO=UDP SPT=53 DPT=58689 PKTS=0 BYTES=0
Dec  9 01:01:44 10.0.0.2 ulogd[1267]: [NEW] ORIG: SRC=fd02:c8be:1d40:0:75c3:3b72:9ae4:cb64 DST=fd02:c8be:1d40::1 PROTO=UDP SPT=63451 DPT=53 PKTS=0 BYTES=0 , REPLY: SRC=fd02:c8be:1d40::1 DST=fd02:c8be:1d40:0:75c3:3b72:9ae4:cb64 PROTO=UDP SPT=53 DPT=63451 PKTS=0 BYTES=0
Dec  9 01:01:44 10.0.0.2 dnsmasq[1]: 2118623 fd02:c8be:1d40:0:75c3:3b72:9ae4:cb64/58689 forwarded prebid-server.rubiconproject.com to 192.168.1.45
Dec  9 01:01:44 10.0.0.2 ulogd[1267]: [NEW] ORIG: SRC=192.168.1.1 DST=192.168.1.45 PROTO=UDP SPT=38455 DPT=5353 PKTS=0 BYTES=0 , REPLY: SRC=192.168.1.45 DST=192.168.1.1 PROTO=UDP SPT=5353 DPT=38455 PKTS=0 BYTES=0
Dec  9 01:01:44 10.0.0.2 dnsmasq[1]: 2118623 fd02:c8be:1d40:0:75c3:3b72:9ae4:cb64/58689 forwarded prebid-server.rubiconproject.com to 194.50.85.5
Dec  9 01:01:44 10.0.0.2 ulogd[1267]: [NEW] ORIG: SRC=176.36.141.89 DST=194.50.85.5 PROTO=UDP SPT=38455 DPT=53 PKTS=0 BYTES=0 , REPLY: SRC=194.50.85.5 DST=176.36.141.89 PROTO=UDP SPT=53 DPT=38455 PKTS=0 BYTES=0
Dec  9 01:01:44 10.0.0.2 dnsmasq[1]: 2118623 fd02:c8be:1d40:0:75c3:3b72:9ae4:cb64/58689 forwarded prebid-server.rubiconproject.com to 194.50.85.7
Dec  9 01:01:44 10.0.0.2 dnsmasq[1]: 2118623 fd02:c8be:1d40:0:75c3:3b72:9ae4:cb64/58689 reply prebid-server.rubiconproject.com is <CNAME>
Dec  9 01:01:44 10.0.0.2 dnsmasq[1]: 2118623 fd02:c8be:1d40:0:75c3:3b72:9ae4:cb64/58689 reply prebid-server.rubiconproject.net.akadns.net is <CNAME>
Dec  9 01:01:44 10.0.0.2 dnsmasq[1]: 2118623 fd02:c8be:1d40:0:75c3:3b72:9ae4:cb64/58689 reply prebid-server-perf-eu.rubiconproject.net.akadns.net is 69.173.144.137
Dec  9 01:01:44 10.0.0.2 ulogd[1267]: [NEW] ORIG: SRC=176.36.141.89 DST=194.50.85.7 PROTO=UDP SPT=38455 DPT=53 PKTS=0 BYTES=0 , REPLY: SRC=194.50.85.7 DST=176.36.141.89 PROTO=UDP SPT=53 DPT=38455 PKTS=0 BYTES=0
Dec  9 01:01:44 10.0.0.2 dnsmasq[1]: 2118624 fd02:c8be:1d40:0:75c3:3b72:9ae4:cb64/63451 query[type=65] prebid-server.rubiconproject.com from fd02:c8be:1d40:0:75c3:3b72:9ae4:cb64
Dec  9 01:01:44 10.0.0.2 dnsmasq[1]: 2118624 fd02:c8be:1d40:0:75c3:3b72:9ae4:cb64/63451 cached prebid-server.rubiconproject.com is <CNAME>
Dec  9 01:01:44 10.0.0.2 dnsmasq[1]: 2118624 fd02:c8be:1d40:0:75c3:3b72:9ae4:cb64/63451 cached prebid-server.rubiconproject.net.akadns.net is <CNAME>
Dec  9 01:01:44 10.0.0.2 dnsmasq[1]: 2118624 fd02:c8be:1d40:0:75c3:3b72:9ae4:cb64/63451 forwarded prebid-server.rubiconproject.com to 194.50.85.5
Dec  9 01:01:44 10.0.0.2 ulogd[1267]: [NEW] ORIG: SRC=176.36.141.89 DST=194.50.85.5 PROTO=UDP SPT=50405 DPT=53 PKTS=0 BYTES=0 , REPLY: SRC=194.50.85.5 DST=176.36.141.89 PROTO=UDP SPT=53 DPT=50405 PKTS=0 BYTES=0
Dec  9 01:01:44 10.0.0.2 dnsmasq[1]: 2118624 fd02:c8be:1d40:0:75c3:3b72:9ae4:cb64/63451 reply prebid-server.rubiconproject.com is <CNAME>
Dec  9 01:01:44 10.0.0.2 dnsmasq[1]: 2118624 fd02:c8be:1d40:0:75c3:3b72:9ae4:cb64/63451 reply prebid-server.rubiconproject.net.akadns.net is <CNAME>
Dec  9 01:01:44 10.0.0.2 dnsmasq[1]: 2118624 fd02:c8be:1d40:0:75c3:3b72:9ae4:cb64/63451 reply prebid-server-perf-eu.rubiconproject.net.akadns.net is NODATA
Dec  9 01:01:46 10.0.0.2 dnsmasq[1]: 2118625 192.168.1.45/50141 query[A] updates.maxmind.com from 192.168.1.45
Dec  9 01:01:46 10.0.0.2 ulogd[1267]: [NEW] ORIG: SRC=192.168.1.45 DST=192.168.1.1 PROTO=UDP SPT=50141 DPT=53 PKTS=0 BYTES=0 , REPLY: SRC=192.168.1.1 DST=192.168.1.45 PROTO=UDP SPT=53 DPT=50141 PKTS=0 BYTES=0
Dec  9 01:01:46 10.0.0.2 dnsmasq[1]: 2118625 192.168.1.45/50141 cached updates.maxmind.com is 162.159.134.22
Dec  9 01:01:46 10.0.0.2 ulogd[1267]: [NEW] ORIG: SRC=192.168.1.45 DST=192.168.1.1 PROTO=UDP SPT=56759 DPT=53 PKTS=0 BYTES=0 , REPLY: SRC=192.168.1.1 DST=192.168.1.45 PROTO=UDP SPT=53 DPT=56759 PKTS=0 BYTES=0
Dec  9 01:01:46 10.0.0.2 dnsmasq[1]: 2118625 192.168.1.45/50141 cached updates.maxmind.com is 162.159.135.22
Dec  9 01:01:46 10.0.0.2 dnsmasq[1]: 2118626 192.168.1.45/56759 query[AAAA] updates.maxmind.com from 192.168.1.45
Dec  9 01:01:46 10.0.0.2 dnsmasq[1]: 2118626 192.168.1.45/56759 cached updates.maxmind.com is 2606:4700:7::a29f:8616
Dec  9 01:01:46 10.0.0.2 dnsmasq[1]: 2118626 192.168.1.45/56759 cached updates.maxmind.com is 2606:4700:7::a29f:8716
Dec  9 01:01:46 10.0.0.2 ulogd[1267]: [NEW] ORIG: SRC=192.168.1.45 DST=162.159.134.22 PROTO=TCP SPT=37546 DPT=443 PKTS=0 BYTES=0 , REPLY: SRC=162.159.134.22 DST=176.36.141.89 PROTO=TCP SPT=443 DPT=37546 PKTS=0 BYTES=0
Dec  9 01:01:49 10.0.0.2 ulogd[1267]: [NEW] ORIG: SRC=fd02:c8be:1d40:0:75c3:3b72:9ae4:cb64 DST=fd02:c8be:1d40::1 PROTO=UDP SPT=59360 DPT=53 PKTS=0 BYTES=0 , REPLY: SRC=fd02:c8be:1d40::1 DST=fd02:c8be:1d40:0:75c3:3b72:9ae4:cb64 PROTO=UDP SPT=53 DPT=59360 PKTS=0 BYTES=0
Dec  9 01:01:49 10.0.0.2 dnsmasq[1]: 2118627 fd02:c8be:1d40:0:75c3:3b72:9ae4:cb64/59360 query[A] bsssystemscrew.slack.com from fd02:c8be:1d40:0:75c3:3b72:9ae4:cb64
Dec  9 01:01:49 10.0.0.2 dnsmasq[1]: 2118627 fd02:c8be:1d40:0:75c3:3b72:9ae4:cb64/59360 forwarded bsssystemscrew.slack.com to 194.50.85.5
