Dec  9 01:04:23 10.0.0.2 dnsmasq[1]: 2118804 fd02:c8be:1d40:0:75c3:3b72:9ae4:cb64/64931 reply euw1.smartadserver.com is 89.149.192.64
Dec  9 01:04:23 10.0.0.2 dnsmasq[1]: 2118804 fd02:c8be:1d40:0:75c3:3b72:9ae4:cb64/64931 reply euw1.smartadserver.com is 89.149.192.193
Dec  9 01:04:23 10.0.0.2 dnsmasq[1]: 2118804 fd02:c8be:1d40:0:75c3:3b72:9ae4:cb64/64931 reply euw1.smartadserver.com is 89.149.192.65
Dec  9 01:04:23 10.0.0.2 dnsmasq[1]: 2118805 fd02:c8be:1d40:0:75c3:3b72:9ae4:cb64/61921 query[type=65] prg.smartadserver.com from fd02:c8be:1d40:0:75c3:3b72:9ae4:cb64
Dec  9 01:04:23 10.0.0.2 dnsmasq[1]: 2118805 fd02:c8be:1d40:0:75c3:3b72:9ae4:cb64/61921 cached prg.smartadserver.com is <CNAME>
Dec  9 01:04:23 10.0.0.2 dnsmasq[1]: 2118805 fd02:c8be:1d40:0:75c3:3b72:9ae4:cb64/61921 cached prga.smartadserver.com is <CNAME>
Dec  9 01:04:23 10.0.0.2 dnsmasq[1]: 2118805 fd02:c8be:1d40:0:75c3:3b72:9ae4:cb64/61921 cached hb-geo.delivery-prod-sas.akadns.net is <CNAME>
Dec  9 01:04:23 10.0.0.2 ulogd[1267]: [NEW] ORIG: SRC=176.36.141.89 DST=194.50.85.5 PROTO=UDP SPT=36789 DPT=53 PKTS=0 BYTES=0 , REPLY: SRC=194.50.85.5 DST=176.36.141.89 PROTO=UDP SPT=53 DPT=36789 PKTS=0 BYTES=0
Dec  9 01:04:23 10.0.0.2 dnsmasq[1]: 2118805 fd02:c8be:1d40:0:75c3:3b72:9ae4:cb64/61921 forwarded prg.smartadserver.com to 194.50.85.5
Dec  9 01:04:23 10.0.0.2 ulogd[1267]: [NEW] ORIG: SRC=192.168.1.180 DST=81.17.55.113 PROTO=TCP SPT=49257 DPT=443 PKTS=0 BYTES=0 , REPLY: SRC=81.17.55.113 DST=176.36.141.89 PROTO=TCP SPT=443 DPT=49257 PKTS=0 BYTES=0
Dec  9 01:04:23 10.0.0.2 dnsmasq[1]: 2118805 fd02:c8be:1d40:0:75c3:3b72:9ae4:cb64/61921 reply prg.smartadserver.com is <CNAME>
Dec  9 01:04:23 10.0.0.2 dnsmasq[1]: 2118805 fd02:c8be:1d40:0:75c3:3b72:9ae4:cb64/61921 reply prga.smartadserver.com is <CNAME>
Dec  9 01:04:23 10.0.0.2 dnsmasq[1]: 2118805 fd02:c8be:1d40:0:75c3:3b72:9ae4:cb64/61921 reply hb-geo.delivery-prod-sas.akadns.net is <CNAME>
Dec  9 01:04:23 10.0.0.2 dnsmasq[1]: 2118805 fd02:c8be:1d40:0:75c3:3b72:9ae4:cb64/61921 reply euw1.smartadserver.com is NODATA
Dec  9 01:04:24 10.0.0.2 ulogd[1267]: [NEW] ORIG: SRC=178.62.203.224 DST=176.36.141.89 PROTO=ICMP TYPE=0 CODE=8 PKTS=0 BYTES=0 , REPLY: SRC=176.36.141.89 DST=178.62.203.224 PROTO=ICMP TYPE=0 CODE=8 PKTS=0 BYTES=0
Dec  9 01:04:24 10.0.0.2 ulogd[1267]: [DESTROY] ORIG: SRC=192.168.1.180 DST=35.186.224.18 PROTO=TCP SPT=65503 DPT=443 PKTS=15 BYTES=1266 , REPLY: SRC=35.186.224.18 DST=176.36.141.89 PROTO=TCP SPT=443 DPT=65503 PKTS=13 BYTES=4613
Dec  9 01:04:28 10.0.0.2 ulogd[1267]: [DESTROY] ORIG: SRC=fe80::b295:75ff:fe15:6fa5 DST=ff02::1:2 PROTO=UDP SPT=546 DPT=547 PKTS=1 BYTES=150 , REPLY: SRC=ff02::1:2 DST=fe80::b295:75ff:fe15:6fa5 PROTO=UDP SPT=547 DPT=546 PKTS=0 BYTES=0
Dec  9 01:04:28 10.0.0.2 ulogd[1267]: [NEW] ORIG: SRC=fe80::b295:75ff:fe15:6fa5 DST=ff02::1:2 PROTO=UDP SPT=546 DPT=547 PKTS=0 BYTES=0 , REPLY: SRC=ff02::1:2 DST=fe80::b295:75ff:fe15:6fa5 PROTO=UDP SPT=547 DPT=546 PKTS=0 BYTES=0
Dec  9 01:04:28 10.0.0.2 dnsmasq[1]: 2118806 fd02:c8be:1d40:0:75c3:3b72:9ae4:cb64/55187 query[A] static.maxmind.com from fd02:c8be:1d40:0:75c3:3b72:9ae4:cb64
Dec  9 01:04:28 10.0.0.2 dnsmasq[1]: 2118806 fd02:c8be:1d40:0:75c3:3b72:9ae4:cb64/55187 forwarded static.maxmind.com to 194.50.85.5
Dec  9 01:04:28 10.0.0.2 ulogd[1267]: [NEW] ORIG: SRC=fd02:c8be:1d40:0:75c3:3b72:9ae4:cb64 DST=fd02:c8be:1d40::1 PROTO=UDP SPT=55187 DPT=53 PKTS=0 BYTES=0 , REPLY: SRC=fd02:c8be:1d40::1 DST=fd02:c8be:1d40:0:75c3:3b72:9ae4:cb64 PROTO=UDP SPT=53 DPT=55187 PKTS=0 BYTES=0
Dec  9 01:04:28 10.0.0.2 dnsmasq[1]: 2118807 fd02:c8be:1d40:0:75c3:3b72:9ae4:cb64/65315 query[type=65] static.maxmind.com from fd02:c8be:1d40:0:75c3:3b72:9ae4:cb64
Dec  9 01:04:28 10.0.0.2 ulogd[1267]: [NEW] ORIG: SRC=fd02:c8be:1d40:0:75c3:3b72:9ae4:cb64 DST=fd02:c8be:1d40::1 PROTO=UDP SPT=65315 DPT=53 PKTS=0 BYTES=0 , REPLY: SRC=fd02:c8be:1d40::1 DST=fd02:c8be:1d40:0:75c3:3b72:9ae4:cb64 PROTO=UDP SPT=53 DPT=65315 PKTS=0 BYTES=0
Dec  9 01:04:28 10.0.0.2 dnsmasq[1]: 2118807 fd02:c8be:1d40:0:75c3:3b72:9ae4:cb64/65315 forwarded static.maxmind.com to 194.50.85.5
Dec  9 01:04:28 10.0.0.2 dnsmasq[1]: 2118806 fd02:c8be:1d40:0:75c3:3b72:9ae4:cb64/55187 reply static.maxmind.com is 162.159.135.22
Dec  9 01:04:28 10.0.0.2 ulogd[1267]: [NEW] ORIG: SRC=fd02:c8be:1d40:0:75c3:3b72:9ae4:cb64 DST=fd02:c8be:1d40::1 PROTO=UDP SPT=55026 DPT=53 PKTS=0 BYTES=0 , REPLY: SRC=fd02:c8be:1d40::1 DST=fd02:c8be:1d40:0:75c3:3b72:9ae4:cb64 PROTO=UDP SPT=53 DPT=55026 PKTS=0 BYTES=0
Dec  9 01:04:28 10.0.0.2 ulogd[1267]: [NEW] ORIG: SRC=fd02:c8be:1d40:0:75c3:3b72:9ae4:cb64 DST=fd02:c8be:1d40::1 PROTO=UDP SPT=59345 DPT=53 PKTS=0 BYTES=0 , REPLY: SRC=fd02:c8be:1d40::1 DST=fd02:c8be:1d40:0:75c3:3b72:9ae4:cb64 PROTO=UDP SPT=53 DPT=59345 PKTS=0 BYTES=0
Dec  9 01:04:28 10.0.0.2 ulogd[1267]: [NEW] ORIG: SRC=fd02:c8be:1d40:0:75c3:3b72:9ae4:cb64 DST=fd02:c8be:1d40::1 PROTO=UDP SPT=51358 DPT=53 PKTS=0 BYTES=0 , REPLY: SRC=fd02:c8be:1d40::1 DST=fd02:c8be:1d40:0:75c3:3b72:9ae4:cb64 PROTO=UDP SPT=53 DPT=51358 PKTS=0 BYTES=0
Dec  9 01:04:28 10.0.0.2 dnsmasq[1]: 2118806 fd02:c8be:1d40:0:75c3:3b72:9ae4:cb64/55187 reply static.maxmind.com is 162.159.134.22
Dec  9 01:04:28 10.0.0.2 ulogd[1267]: [NEW] ORIG: SRC=176.36.141.89 DST=194.50.85.5 PROTO=UDP SPT=59541 DPT=53 PKTS=0 BYTES=0 , REPLY: SRC=194.50.85.5 DST=176.36.141.89 PROTO=UDP SPT=53 DPT=59541 PKTS=0 BYTES=0
Dec  9 01:04:28 10.0.0.2 dnsmasq[1]: 2118808 fd02:c8be:1d40:0:75c3:3b72:9ae4:cb64/55026 query[type=65] fonts.maxmind.com from fd02:c8be:1d40:0:75c3:3b72:9ae4:cb64
Dec  9 01:04:28 10.0.0.2 dnsmasq[1]: 2118808 fd02:c8be:1d40:0:75c3:3b72:9ae4:cb64/55026 forwarded fonts.maxmind.com to 194.50.85.5
Dec  9 01:04:28 10.0.0.2 ulogd[1267]: [NEW] ORIG: SRC=fd02:c8be:1d40:0:75c3:3b72:9ae4:cb64 DST=fd02:c8be:1d40::1 PROTO=UDP SPT=51597 DPT=53 PKTS=0 BYTES=0 , REPLY: SRC=fd02:c8be:1d40::1 DST=fd02:c8be:1d40:0:75c3:3b72:9ae4:cb64 PROTO=UDP SPT=53 DPT=51597 PKTS=0 BYTES=0
Dec  9 01:04:28 10.0.0.2 ulogd[1267]: [NEW] ORIG: SRC=176.36.141.89 DST=194.50.85.5 PROTO=UDP SPT=50768 DPT=53 PKTS=0 BYTES=0 , REPLY: SRC=194.50.85.5 DST=176.36.141.89 PROTO=UDP SPT=53 DPT=50768 PKTS=0 BYTES=0
Dec  9 01:04:28 10.0.0.2 dnsmasq[1]: 2118807 fd02:c8be:1d40:0:75c3:3b72:9ae4:cb64/65315 reply static.maxmind.com is <type=65>
Dec  9 01:04:28 10.0.0.2 ulogd[1267]: [NEW] ORIG: SRC=176.36.141.89 DST=194.50.85.5 PROTO=UDP SPT=40148 DPT=53 PKTS=0 BYTES=0 , REPLY: SRC=194.50.85.5 DST=176.36.141.89 PROTO=UDP SPT=53 DPT=40148 PKTS=0 BYTES=0
Dec  9 01:04:28 10.0.0.2 dnsmasq[1]: 2118809 fd02:c8be:1d40:0:75c3:3b72:9ae4:cb64/59345 query[A] fonts.maxmind.com from fd02:c8be:1d40:0:75c3:3b72:9ae4:cb64
Dec  9 01:04:28 10.0.0.2 dnsmasq[1]: 2118809 fd02:c8be:1d40:0:75c3:3b72:9ae4:cb64/59345 forwarded fonts.maxmind.com to 194.50.85.5
Dec  9 01:04:28 10.0.0.2 ulogd[1267]: [NEW] ORIG: SRC=176.36.141.89 DST=194.50.85.5 PROTO=UDP SPT=33239 DPT=53 PKTS=0 BYTES=0 , REPLY: SRC=194.50.85.5 DST=176.36.141.89 PROTO=UDP SPT=53 DPT=33239 PKTS=0 BYTES=0
Dec  9 01:04:28 10.0.0.2 dnsmasq[1]: 2118810 fd02:c8be:1d40:0:75c3:3b72:9ae4:cb64/51358 query[A] device.maxmind.com from fd02:c8be:1d40:0:75c3:3b72:9ae4:cb64
Dec  9 01:04:28 10.0.0.2 ulogd[1267]: [NEW] ORIG: SRC=192.168.1.180 DST=162.159.135.22 PROTO=TCP SPT=49258 DPT=443 PKTS=0 BYTES=0 , REPLY: SRC=162.159.135.22 DST=176.36.141.89 PROTO=TCP SPT=443 DPT=49258 PKTS=0 BYTES=0
Dec  9 01:04:28 10.0.0.2 dnsmasq[1]: 2118810 fd02:c8be:1d40:0:75c3:3b72:9ae4:cb64/51358 forwarded device.maxmind.com to 194.50.85.5
Dec  9 01:04:28 10.0.0.2 ulogd[1267]: [NEW] ORIG: SRC=176.36.141.89 DST=194.50.85.5 PROTO=UDP SPT=54053 DPT=53 PKTS=0 BYTES=0 , REPLY: SRC=194.50.85.5 DST=176.36.141.89 PROTO=UDP SPT=53 DPT=54053 PKTS=0 BYTES=0
Dec  9 01:04:28 10.0.0.2 dnsmasq[1]: 2118811 fd02:c8be:1d40:0:75c3:3b72:9ae4:cb64/51597 query[type=65] device.maxmind.com from fd02:c8be:1d40:0:75c3:3b72:9ae4:cb64
Dec  9 01:04:28 10.0.0.2 dnsmasq[1]: 2118811 fd02:c8be:1d40:0:75c3:3b72:9ae4:cb64/51597 forwarded device.maxmind.com to 194.50.85.5
Dec  9 01:04:28 10.0.0.2 ulogd[1267]: [NEW] ORIG: SRC=176.36.141.89 DST=194.50.85.5 PROTO=UDP SPT=41170 DPT=53 PKTS=0 BYTES=0 , REPLY: SRC=194.50.85.5 DST=176.36.141.89 PROTO=UDP SPT=53 DPT=41170 PKTS=0 BYTES=0
Dec  9 01:04:28 10.0.0.2 dnsmasq[1]: 2118810 fd02:c8be:1d40:0:75c3:3b72:9ae4:cb64/51358 reply device.maxmind.com is 162.159.134.22
Dec  9 01:04:28 10.0.0.2 dnsmasq[1]: 2118810 fd02:c8be:1d40:0:75c3:3b72:9ae4:cb64/51358 reply device.maxmind.com is 162.159.135.22
Dec  9 01:04:28 10.0.0.2 dnsmasq[1]: 2118808 fd02:c8be:1d40:0:75c3:3b72:9ae4:cb64/55026 reply fonts.maxmind.com is <type=65>
Dec  9 01:04:28 10.0.0.2 dnsmasq[1]: 2118811 fd02:c8be:1d40:0:75c3:3b72:9ae4:cb64/51597 reply device.maxmind.com is <type=65>
Dec  9 01:04:28 10.0.0.2 dnsmasq[1]: 2118809 fd02:c8be:1d40:0:75c3:3b72:9ae4:cb64/59345 reply fonts.maxmind.com is 162.159.134.22
Dec  9 01:04:28 10.0.0.2 dnsmasq[1]: 2118809 fd02:c8be:1d40:0:75c3:3b72:9ae4:cb64/59345 reply fonts.maxmind.com is 162.159.135.22
Dec  9 01:04:28 10.0.0.2 ulogd[1267]: [NEW] ORIG: SRC=192.168.1.180 DST=162.159.134.22 PROTO=TCP SPT=49259 DPT=443 PKTS=0 BYTES=0 , REPLY: SRC=162.159.134.22 DST=176.36.141.89 PROTO=TCP SPT=443 DPT=49259 PKTS=0 BYTES=0
Dec  9 01:04:28 10.0.0.2 ulogd[1267]: [NEW] ORIG: SRC=192.168.1.180 DST=162.159.134.22 PROTO=TCP SPT=49260 DPT=443 PKTS=0 BYTES=0 , REPLY: SRC=162.159.134.22 DST=176.36.141.89 PROTO=TCP SPT=443 DPT=49260 PKTS=0 BYTES=0
Dec  9 01:04:30 10.0.0.2 ulogd[1267]: [DESTROY] ORIG: SRC=176.36.141.89 DST=194.50.85.5 PROTO=UDP SPT=40149 DPT=53 PKTS=1 BYTES=78 , REPLY: SRC=194.50.85.5 DST=176.36.141.89 PROTO=UDP SPT=53 DPT=40149 PKTS=1 BYTES=234
Dec  9 01:04:30 10.0.0.2 ulogd[1267]: [NEW] ORIG: SRC=fd02:c8be:1d40:0:75c3:3b72:9ae4:cb64 DST=fd02:c8be:1d40::1 PROTO=UDP SPT=54098 DPT=53 PKTS=0 BYTES=0 , REPLY: SRC=fd02:c8be:1d40::1 DST=fd02:c8be:1d40:0:75c3:3b72:9ae4:cb64 PROTO=UDP SPT=53 DPT=54098 PKTS=0 BYTES=0
Dec  9 01:04:30 10.0.0.2 dnsmasq[1]: 2118812 fd02:c8be:1d40:0:75c3:3b72:9ae4:cb64/54098 query[A] d-ipv6.mmapiws.com from fd02:c8be:1d40:0:75c3:3b72:9ae4:cb64
Dec  9 01:04:30 10.0.0.2 dnsmasq[1]: 2118812 fd02:c8be:1d40:0:75c3:3b72:9ae4:cb64/54098 forwarded d-ipv6.mmapiws.com to 194.50.85.5
Dec  9 01:04:30 10.0.0.2 ulogd[1267]: [NEW] ORIG: SRC=176.36.141.89 DST=194.50.85.5 PROTO=UDP SPT=54522 DPT=53 PKTS=0 BYTES=0 , REPLY: SRC=194.50.85.5 DST=176.36.141.89 PROTO=UDP SPT=53 DPT=54522 PKTS=0 BYTES=0
Dec  9 01:04:30 10.0.0.2 dnsmasq[1]: 2118812 fd02:c8be:1d40:0:75c3:3b72:9ae4:cb64/54098 reply d-ipv6.mmapiws.com is 104.18.42.177
Dec  9 01:04:30 10.0.0.2 dnsmasq[1]: 2118812 fd02:c8be:1d40:0:75c3:3b72:9ae4:cb64/54098 reply d-ipv6.mmapiws.com is 172.64.145.79
Dec  9 01:04:30 10.0.0.2 ulogd[1267]: [NEW] ORIG: SRC=fd02:c8be:1d40:0:75c3:3b72:9ae4:cb64 DST=fd02:c8be:1d40::1 PROTO=UDP SPT=64001 DPT=53 PKTS=0 BYTES=0 , REPLY: SRC=fd02:c8be:1d40::1 DST=fd02:c8be:1d40:0:75c3:3b72:9ae4:cb64 PROTO=UDP SPT=53 DPT=64001 PKTS=0 BYTES=0
Dec  9 01:04:30 10.0.0.2 dnsmasq[1]: 2118813 fd02:c8be:1d40:0:75c3:3b72:9ae4:cb64/64001 query[A] d-ipv6.mmapiws.com from fd02:c8be:1d40:0:75c3:3b72:9ae4:cb64
Dec  9 01:04:30 10.0.0.2 dnsmasq[1]: 2118813 fd02:c8be:1d40:0:75c3:3b72:9ae4:cb64/64001 cached d-ipv6.mmapiws.com is 172.64.145.79
Dec  9 01:04:30 10.0.0.2 ulogd[1267]: [NEW] ORIG: SRC=fd02:c8be:1d40:0:75c3:3b72:9ae4:cb64 DST=fd02:c8be:1d40::1 PROTO=UDP SPT=58174 DPT=53 PKTS=0 BYTES=0 , REPLY: SRC=fd02:c8be:1d40::1 DST=fd02:c8be:1d40:0:75c3:3b72:9ae4:cb64 PROTO=UDP SPT=53 DPT=58174 PKTS=0 BYTES=0
Dec  9 01:04:30 10.0.0.2 dnsmasq[1]: 2118813 fd02:c8be:1d40:0:75c3:3b72:9ae4:cb64/64001 cached d-ipv6.mmapiws.com is 104.18.42.177
Dec  9 01:04:30 10.0.0.2 dnsmasq[1]: 2118814 fd02:c8be:1d40:0:75c3:3b72:9ae4:cb64/58174 query[type=65] d-ipv6.mmapiws.com from fd02:c8be:1d40:0:75c3:3b72:9ae4:cb64
Dec  9 01:04:30 10.0.0.2 dnsmasq[1]: 2118814 fd02:c8be:1d40:0:75c3:3b72:9ae4:cb64/58174 forwarded d-ipv6.mmapiws.com to 194.50.85.5
Dec  9 01:04:30 10.0.0.2 ulogd[1267]: [NEW] ORIG: SRC=176.36.141.89 DST=194.50.85.5 PROTO=UDP SPT=38810 DPT=53 PKTS=0 BYTES=0 , REPLY: SRC=194.50.85.5 DST=176.36.141.89 PROTO=UDP SPT=53 DPT=38810 PKTS=0 BYTES=0
Dec  9 01:04:30 10.0.0.2 dnsmasq[1]: 2118814 fd02:c8be:1d40:0:75c3:3b72:9ae4:cb64/58174 reply d-ipv6.mmapiws.com is <type=65>
Dec  9 01:04:30 10.0.0.2 ulogd[1267]: [NEW] ORIG: SRC=192.168.1.180 DST=172.64.145.79 PROTO=TCP SPT=49261 DPT=443 PKTS=0 BYTES=0 , REPLY: SRC=172.64.145.79 DST=176.36.141.89 PROTO=TCP SPT=443 DPT=49261 PKTS=0 BYTES=0
Dec  9 01:04:36 10.0.0.2 ulogd[1267]: [NEW] ORIG: SRC=fd02:c8be:1d40:0:75c3:3b72:9ae4:cb64 DST=fd02:c8be:1d40::1 PROTO=UDP SPT=60568 DPT=53 PKTS=0 BYTES=0 , REPLY: SRC=fd02:c8be:1d40::1 DST=fd02:c8be:1d40:0:75c3:3b72:9ae4:cb64 PROTO=UDP SPT=53 DPT=60568 PKTS=0 BYTES=0
Dec  9 01:04:36 10.0.0.2 dnsmasq[1]: 2118815 fd02:c8be:1d40:0:75c3:3b72:9ae4:cb64/60568 query[A] category.blocksite.co from fd02:c8be:1d40:0:75c3:3b72:9ae4:cb64
Dec  9 01:04:36 10.0.0.2 dnsmasq[1]: 2118815 fd02:c8be:1d40:0:75c3:3b72:9ae4:cb64/60568 forwarded category.blocksite.co to 192.168.1.45
Dec  9 01:04:36 10.0.0.2 ulogd[1267]: [NEW] ORIG: SRC=fd02:c8be:1d40:0:75c3:3b72:9ae4:cb64 DST=fd02:c8be:1d40::1 PROTO=UDP SPT=65144 DPT=53 PKTS=0 BYTES=0 , REPLY: SRC=fd02:c8be:1d40::1 DST=fd02:c8be:1d40:0:75c3:3b72:9ae4:cb64 PROTO=UDP SPT=53 DPT=65144 PKTS=0 BYTES=0
Dec  9 01:04:36 10.0.0.2 dnsmasq[1]: 2118815 fd02:c8be:1d40:0:75c3:3b72:9ae4:cb64/60568 forwarded category.blocksite.co to 194.50.85.5
Dec  9 01:04:36 10.0.0.2 ulogd[1267]: [NEW] ORIG: SRC=192.168.1.1 DST=192.168.1.45 PROTO=UDP SPT=60022 DPT=5353 PKTS=0 BYTES=0 , REPLY: SRC=192.168.1.45 DST=192.168.1.1 PROTO=UDP SPT=5353 DPT=60022 PKTS=0 BYTES=0
Dec  9 01:04:36 10.0.0.2 dnsmasq[1]: 2118815 fd02:c8be:1d40:0:75c3:3b72:9ae4:cb64/60568 forwarded category.blocksite.co to 194.50.85.7
Dec  9 01:04:36 10.0.0.2 ulogd[1267]: [NEW] ORIG: SRC=176.36.141.89 DST=194.50.85.5 PROTO=UDP SPT=60022 DPT=53 PKTS=0 BYTES=0 , REPLY: SRC=194.50.85.5 DST=176.36.141.89 PROTO=UDP SPT=53 DPT=60022 PKTS=0 BYTES=0
Dec  9 01:04:36 10.0.0.2 ulogd[1267]: [NEW] ORIG: SRC=176.36.141.89 DST=194.50.85.7 PROTO=UDP SPT=60022 DPT=53 PKTS=0 BYTES=0 , REPLY: SRC=194.50.85.7 DST=176.36.141.89 PROTO=UDP SPT=53 DPT=60022 PKTS=0 BYTES=0
Dec  9 01:04:36 10.0.0.2 dnsmasq[1]: 2118815 fd02:c8be:1d40:0:75c3:3b72:9ae4:cb64/60568 reply category.blocksite.co is 44.225.17.45
Dec  9 01:04:36 10.0.0.2 dnsmasq[1]: 2118815 fd02:c8be:1d40:0:75c3:3b72:9ae4:cb64/60568 reply category.blocksite.co is 44.229.120.41
Dec  9 01:04:36 10.0.0.2 dnsmasq[1]: 2118816 fd02:c8be:1d40:0:75c3:3b72:9ae4:cb64/65144 query[type=65] category.blocksite.co from fd02:c8be:1d40:0:75c3:3b72:9ae4:cb64
Dec  9 01:04:36 10.0.0.2 ulogd[1267]: [NEW] ORIG: SRC=176.36.141.89 DST=194.50.85.7 PROTO=UDP SPT=49443 DPT=53 PKTS=0 BYTES=0 , REPLY: SRC=194.50.85.7 DST=176.36.141.89 PROTO=UDP SPT=53 DPT=49443 PKTS=0 BYTES=0
Dec  9 01:04:36 10.0.0.2 dnsmasq[1]: 2118816 fd02:c8be:1d40:0:75c3:3b72:9ae4:cb64/65144 forwarded category.blocksite.co to 194.50.85.7
Dec  9 01:04:36 10.0.0.2 dnsmasq[1]: 2118816 fd02:c8be:1d40:0:75c3:3b72:9ae4:cb64/65144 reply category.blocksite.co is NODATA
Dec  9 01:04:37 10.0.0.2 ulogd[1267]: [NEW] ORIG: SRC=192.168.1.180 DST=81.17.55.113 PROTO=TCP SPT=49262 DPT=443 PKTS=0 BYTES=0 , REPLY: SRC=81.17.55.113 DST=176.36.141.89 PROTO=TCP SPT=443 DPT=49262 PKTS=0 BYTES=0
Dec  9 01:04:42 10.0.0.2 ulogd[1267]: [NEW] ORIG: SRC=192.168.1.180 DST=217.72.196.44 PROTO=TCP SPT=49263 DPT=443 PKTS=0 BYTES=0 , REPLY: SRC=217.72.196.44 DST=176.36.141.89 PROTO=TCP SPT=443 DPT=49263 PKTS=0 BYTES=0
Dec  9 01:04:50 10.0.0.2 ulogd[1267]: [NEW] ORIG: SRC=fd02:c8be:1d40:0:75c3:3b72:9ae4:cb64 DST=fd02:c8be:1d40::1 PROTO=UDP SPT=52020 DPT=53 PKTS=0 BYTES=0 , REPLY: SRC=fd02:c8be:1d40::1 DST=fd02:c8be:1d40:0:75c3:3b72:9ae4:cb64 PROTO=UDP SPT=53 DPT=52020 PKTS=0 BYTES=0
Dec  9 01:04:50 10.0.0.2 dnsmasq[1]: 2118817 fd02:c8be:1d40:0:75c3:3b72:9ae4:cb64/52020 query[A] static.ads.brave.com from fd02:c8be:1d40:0:75c3:3b72:9ae4:cb64
Dec  9 01:04:50 10.0.0.2 ulogd[1267]: [NEW] ORIG: SRC=fd02:c8be:1d40:0:75c3:3b72:9ae4:cb64 DST=fd02:c8be:1d40::1 PROTO=UDP SPT=49482 DPT=53 PKTS=0 BYTES=0 , REPLY: SRC=fd02:c8be:1d40::1 DST=fd02:c8be:1d40:0:75c3:3b72:9ae4:cb64 PROTO=UDP SPT=53 DPT=49482 PKTS=0 BYTES=0
Dec  9 01:04:50 10.0.0.2 ulogd[1267]: [NEW] ORIG: SRC=176.36.141.89 DST=194.50.85.7 PROTO=UDP SPT=36561 DPT=53 PKTS=0 BYTES=0 , REPLY: SRC=194.50.85.7 DST=176.36.141.89 PROTO=UDP SPT=53 DPT=36561 PKTS=0 BYTES=0
Dec  9 01:04:50 10.0.0.2 dnsmasq[1]: 2118817 fd02:c8be:1d40:0:75c3:3b72:9ae4:cb64/52020 forwarded static.ads.brave.com to 194.50.85.7
Dec  9 01:04:50 10.0.0.2 dnsmasq[1]: 2118817 fd02:c8be:1d40:0:75c3:3b72:9ae4:cb64/52020 reply static.ads.brave.com is <CNAME>
Dec  9 01:04:50 10.0.0.2 dnsmasq[1]: 2118817 fd02:c8be:1d40:0:75c3:3b72:9ae4:cb64/52020 reply d3owvgesicftp9.cloudfront.net is 18.244.146.70
Dec  9 01:04:50 10.0.0.2 dnsmasq[1]: 2118817 fd02:c8be:1d40:0:75c3:3b72:9ae4:cb64/52020 reply d3owvgesicftp9.cloudfront.net is 18.244.146.108
Dec  9 01:04:50 10.0.0.2 dnsmasq[1]: 2118817 fd02:c8be:1d40:0:75c3:3b72:9ae4:cb64/52020 reply d3owvgesicftp9.cloudfront.net is 18.244.146.113
Dec  9 01:04:50 10.0.0.2 dnsmasq[1]: 2118817 fd02:c8be:1d40:0:75c3:3b72:9ae4:cb64/52020 reply d3owvgesicftp9.cloudfront.net is 18.244.146.101
Dec  9 01:04:50 10.0.0.2 dnsmasq[1]: 2118818 fd02:c8be:1d40:0:75c3:3b72:9ae4:cb64/49482 query[type=65] static.ads.brave.com from fd02:c8be:1d40:0:75c3:3b72:9ae4:cb64
Dec  9 01:04:50 10.0.0.2 dnsmasq[1]: 2118818 fd02:c8be:1d40:0:75c3:3b72:9ae4:cb64/49482 cached static.ads.brave.com is <CNAME>
Dec  9 01:04:50 10.0.0.2 ulogd[1267]: [NEW] ORIG: SRC=176.36.141.89 DST=194.50.85.7 PROTO=UDP SPT=44354 DPT=53 PKTS=0 BYTES=0 , REPLY: SRC=194.50.85.7 DST=176.36.141.89 PROTO=UDP SPT=53 DPT=44354 PKTS=0 BYTES=0
Dec  9 01:04:50 10.0.0.2 dnsmasq[1]: 2118818 fd02:c8be:1d40:0:75c3:3b72:9ae4:cb64/49482 forwarded static.ads.brave.com to 194.50.85.7
Dec  9 01:04:50 10.0.0.2 ulogd[1267]: [NEW] ORIG: SRC=192.168.1.180 DST=18.244.146.70 PROTO=TCP SPT=49264 DPT=443 PKTS=0 BYTES=0 , REPLY: SRC=18.244.146.70 DST=176.36.141.89 PROTO=TCP SPT=443 DPT=49264 PKTS=0 BYTES=0
Dec  9 01:04:50 10.0.0.2 dnsmasq[1]: 2118818 fd02:c8be:1d40:0:75c3:3b72:9ae4:cb64/49482 reply static.ads.brave.com is <CNAME>
Dec  9 01:04:50 10.0.0.2 dnsmasq[1]: 2118818 fd02:c8be:1d40:0:75c3:3b72:9ae4:cb64/49482 reply d3owvgesicftp9.cloudfront.net is NODATA
Dec  9 01:04:51 10.0.0.2 ulogd[1267]: [DESTROY] ORIG: SRC=192.168.1.180 DST=3.68.170.153 PROTO=TCP SPT=49184 DPT=443 PKTS=21 BYTES=7115 , REPLY: SRC=3.68.170.153 DST=176.36.141.89 PROTO=TCP SPT=443 DPT=49184 PKTS=23 BYTES=4069
Dec  9 01:04:51 10.0.0.2 ulogd[1267]: [NEW] ORIG: SRC=192.168.1.180 DST=44.225.17.45 PROTO=TCP SPT=49265 DPT=443 PKTS=0 BYTES=0 , REPLY: SRC=44.225.17.45 DST=176.36.141.89 PROTO=TCP SPT=443 DPT=49265 PKTS=0 BYTES=0
Dec  9 01:04:52 10.0.0.2 ulogd[1267]: [NEW] ORIG: SRC=192.168.1.180 DST=81.17.55.113 PROTO=TCP SPT=49266 DPT=443 PKTS=0 BYTES=0 , REPLY: SRC=81.17.55.113 DST=176.36.141.89 PROTO=TCP SPT=443 DPT=49266 PKTS=0 BYTES=0
Dec  9 01:04:56 10.0.0.2 ulogd[1267]: [DESTROY] ORIG: SRC=192.168.1.1 DST=192.168.1.45 PROTO=TCP SPT=35384 DPT=514 PKTS=447 BYTES=144672 , REPLY: SRC=192.168.1.45 DST=192.168.1.1 PROTO=TCP SPT=514 DPT=35384 PKTS=430 BYTES=22368
Dec  9 01:04:56 10.0.0.2 ulogd[1267]: [DESTROY] ORIG: SRC=176.36.141.89 DST=194.50.85.5 PROTO=UDP SPT=55627 DPT=53 PKTS=1 BYTES=65 , REPLY: SRC=194.50.85.5 DST=176.36.141.89 PROTO=UDP SPT=53 DPT=55627 PKTS=1 BYTES=143
Dec  9 01:04:57 10.0.0.2 dnsmasq[1]: 2118819 fd02:c8be:1d40:0:75c3:3b72:9ae4:cb64/55186 query[A] dmsu.gov.ua from fd02:c8be:1d40:0:75c3:3b72:9ae4:cb64
Dec  9 01:04:57 10.0.0.2 ulogd[1267]: [NEW] ORIG: SRC=fd02:c8be:1d40:0:75c3:3b72:9ae4:cb64 DST=fd02:c8be:1d40::1 PROTO=UDP SPT=55186 DPT=53 PKTS=0 BYTES=0 , REPLY: SRC=fd02:c8be:1d40::1 DST=fd02:c8be:1d40:0:75c3:3b72:9ae4:cb64 PROTO=UDP SPT=53 DPT=55186 PKTS=0 BYTES=0
Dec  9 01:04:57 10.0.0.2 dnsmasq[1]: 2118819 fd02:c8be:1d40:0:75c3:3b72:9ae4:cb64/55186 forwarded dmsu.gov.ua to 192.168.1.45
Dec  9 01:04:57 10.0.0.2 ulogd[1267]: [DESTROY] ORIG: SRC=192.168.1.180 DST=5.135.209.97 PROTO=TCP SPT=49248 DPT=443 PKTS=11 BYTES=4288 , REPLY: SRC=5.135.209.97 DST=176.36.141.89 PROTO=TCP SPT=443 DPT=49248 PKTS=9 BYTES=1267
Dec  9 01:04:57 10.0.0.2 dnsmasq[1]: 2118819 fd02:c8be:1d40:0:75c3:3b72:9ae4:cb64/55186 forwarded dmsu.gov.ua to 194.50.85.5
Dec  9 01:04:57 10.0.0.2 ulogd[1267]: [NEW] ORIG: SRC=fd02:c8be:1d40:0:75c3:3b72:9ae4:cb64 DST=fd02:c8be:1d40::1 PROTO=UDP SPT=49568 DPT=53 PKTS=0 BYTES=0 , REPLY: SRC=fd02:c8be:1d40::1 DST=fd02:c8be:1d40:0:75c3:3b72:9ae4:cb64 PROTO=UDP SPT=53 DPT=49568 PKTS=0 BYTES=0
Dec  9 01:04:57 10.0.0.2 dnsmasq[1]: 2118819 fd02:c8be:1d40:0:75c3:3b72:9ae4:cb64/55186 forwarded dmsu.gov.ua to 194.50.85.7
Dec  9 01:04:57 10.0.0.2 ulogd[1267]: [NEW] ORIG: SRC=fd02:c8be:1d40:0:75c3:3b72:9ae4:cb64 DST=fd02:c8be:1d40::1 PROTO=UDP SPT=59461 DPT=53 PKTS=0 BYTES=0 , REPLY: SRC=fd02:c8be:1d40::1 DST=fd02:c8be:1d40:0:75c3:3b72:9ae4:cb64 PROTO=UDP SPT=53 DPT=59461 PKTS=0 BYTES=0
Dec  9 01:04:57 10.0.0.2 dnsmasq[1]: 2118819 fd02:c8be:1d40:0:75c3:3b72:9ae4:cb64/55186 reply dmsu.gov.ua is 91.195.120.196
Dec  9 01:04:57 10.0.0.2 ulogd[1267]: [NEW] ORIG: SRC=fd02:c8be:1d40:0:75c3:3b72:9ae4:cb64 DST=fd02:c8be:1d40::1 PROTO=UDP SPT=50919 DPT=53 PKTS=0 BYTES=0 , REPLY: SRC=fd02:c8be:1d40::1 DST=fd02:c8be:1d40:0:75c3:3b72:9ae4:cb64 PROTO=UDP SPT=53 DPT=50919 PKTS=0 BYTES=0
Dec  9 01:04:57 10.0.0.2 dnsmasq[1]: 2118820 fd02:c8be:1d40:0:75c3:3b72:9ae4:cb64/49568 query[type=65] dmsu.gov.ua from fd02:c8be:1d40:0:75c3:3b72:9ae4:cb64
Dec  9 01:04:57 10.0.0.2 ulogd[1267]: [NEW] ORIG: SRC=192.168.1.1 DST=192.168.1.45 PROTO=UDP SPT=59630 DPT=5353 PKTS=0 BYTES=0 , REPLY: SRC=192.168.1.45 DST=192.168.1.1 PROTO=UDP SPT=5353 DPT=59630 PKTS=0 BYTES=0
Dec  9 01:04:57 10.0.0.2 dnsmasq[1]: 2118820 fd02:c8be:1d40:0:75c3:3b72:9ae4:cb64/49568 forwarded dmsu.gov.ua to 194.50.85.5
Dec  9 01:04:57 10.0.0.2 ulogd[1267]: [NEW] ORIG: SRC=176.36.141.89 DST=194.50.85.5 PROTO=UDP SPT=59630 DPT=53 PKTS=0 BYTES=0 , REPLY: SRC=194.50.85.5 DST=176.36.141.89 PROTO=UDP SPT=53 DPT=59630 PKTS=0 BYTES=0
Dec  9 01:04:57 10.0.0.2 ulogd[1267]: [DESTROY] ORIG: SRC=192.168.1.45 DST=192.168.1.1 PROTO=UDP SPT=50544 DPT=53 PKTS=1 BYTES=68 , REPLY: SRC=192.168.1.1 DST=192.168.1.45 PROTO=UDP SPT=53 DPT=50544 PKTS=1 BYTES=96
Dec  9 01:04:57 10.0.0.2 dnsmasq[1]: 2118821 fd02:c8be:1d40:0:75c3:3b72:9ae4:cb64/59461 query[type=65] www.google.com from fd02:c8be:1d40:0:75c3:3b72:9ae4:cb64
Dec  9 01:04:57 10.0.0.2 ulogd[1267]: [NEW] ORIG: SRC=176.36.141.89 DST=194.50.85.7 PROTO=UDP SPT=59630 DPT=53 PKTS=0 BYTES=0 , REPLY: SRC=194.50.85.7 DST=176.36.141.89 PROTO=UDP SPT=53 DPT=59630 PKTS=0 BYTES=0
Dec  9 01:04:57 10.0.0.2 dnsmasq[1]: 2118821 fd02:c8be:1d40:0:75c3:3b72:9ae4:cb64/59461 forwarded www.google.com to 194.50.85.5
Dec  9 01:04:57 10.0.0.2 dnsmasq[1]: 2118822 fd02:c8be:1d40:0:75c3:3b72:9ae4:cb64/50919 query[A] www.google.com from fd02:c8be:1d40:0:75c3:3b72:9ae4:cb64
Dec  9 01:04:57 10.0.0.2 ulogd[1267]: [NEW] ORIG: SRC=176.36.141.89 DST=194.50.85.5 PROTO=UDP SPT=53422 DPT=53 PKTS=0 BYTES=0 , REPLY: SRC=194.50.85.5 DST=176.36.141.89 PROTO=UDP SPT=53 DPT=53422 PKTS=0 BYTES=0
Dec  9 01:04:57 10.0.0.2 dnsmasq[1]: 2118822 fd02:c8be:1d40:0:75c3:3b72:9ae4:cb64/50919 forwarded www.google.com to 194.50.85.5
Dec  9 01:04:57 10.0.0.2 ulogd[1267]: [NEW] ORIG: SRC=176.36.141.89 DST=194.50.85.5 PROTO=UDP SPT=50339 DPT=53 PKTS=0 BYTES=0 , REPLY: SRC=194.50.85.5 DST=176.36.141.89 PROTO=UDP SPT=53 DPT=50339 PKTS=0 BYTES=0
Dec  9 01:04:57 10.0.0.2 dnsmasq[1]: 2118821 fd02:c8be:1d40:0:75c3:3b72:9ae4:cb64/59461 reply www.google.com is <type=65>
Dec  9 01:04:57 10.0.0.2 ulogd[1267]: [NEW] ORIG: SRC=176.36.141.89 DST=194.50.85.5 PROTO=UDP SPT=43238 DPT=53 PKTS=0 BYTES=0 , REPLY: SRC=194.50.85.5 DST=176.36.141.89 PROTO=UDP SPT=53 DPT=43238 PKTS=0 BYTES=0
Dec  9 01:04:57 10.0.0.2 dnsmasq[1]: 2118822 fd02:c8be:1d40:0:75c3:3b72:9ae4:cb64/50919 reply www.google.com is 142.251.208.132
Dec  9 01:04:57 10.0.0.2 dnsmasq[1]: 2118820 fd02:c8be:1d40:0:75c3:3b72:9ae4:cb64/49568 reply dmsu.gov.ua is NODATA
Dec  9 01:04:57 10.0.0.2 ulogd[1267]: [NEW] ORIG: SRC=192.168.1.180 DST=142.251.208.132 PROTO=UDP SPT=50814 DPT=443 PKTS=0 BYTES=0 , REPLY: SRC=142.251.208.132 DST=176.36.141.89 PROTO=UDP SPT=443 DPT=50814 PKTS=0 BYTES=0
Dec  9 01:04:57 10.0.0.2 ulogd[1267]: [NEW] ORIG: SRC=192.168.1.180 DST=91.195.120.196 PROTO=TCP SPT=49267 DPT=443 PKTS=0 BYTES=0 , REPLY: SRC=91.195.120.196 DST=176.36.141.89 PROTO=TCP SPT=443 DPT=49267 PKTS=0 BYTES=0
Dec  9 01:04:57 10.0.0.2 ulogd[1267]: [DESTROY] ORIG: SRC=176.36.141.89 DST=194.50.85.5 PROTO=UDP SPT=33178 DPT=53 PKTS=1 BYTES=62 , REPLY: SRC=194.50.85.5 DST=176.36.141.89 PROTO=UDP SPT=53 DPT=33178 PKTS=1 BYTES=94
Dec  9 01:04:58 10.0.0.2 dnsmasq[1]: 2118823 fd02:c8be:1d40:0:75c3:3b72:9ae4:cb64/60183 query[A] spclient.wg.spotify.com from fd02:c8be:1d40:0:75c3:3b72:9ae4:cb64
Dec  9 01:04:58 10.0.0.2 ulogd[1267]: [NEW] ORIG: SRC=fd02:c8be:1d40:0:75c3:3b72:9ae4:cb64 DST=fd02:c8be:1d40::1 PROTO=UDP SPT=60183 DPT=53 PKTS=0 BYTES=0 , REPLY: SRC=fd02:c8be:1d40::1 DST=fd02:c8be:1d40:0:75c3:3b72:9ae4:cb64 PROTO=UDP SPT=53 DPT=60183 PKTS=0 BYTES=0
Dec  9 01:04:58 10.0.0.2 dnsmasq[1]: 2118823 fd02:c8be:1d40:0:75c3:3b72:9ae4:cb64/60183 forwarded spclient.wg.spotify.com to 194.50.85.5
Dec  9 01:04:58 10.0.0.2 ulogd[1267]: [NEW] ORIG: SRC=fd02:c8be:1d40:0:75c3:3b72:9ae4:cb64 DST=fd02:c8be:1d40::1 PROTO=UDP SPT=58335 DPT=53 PKTS=0 BYTES=0 , REPLY: SRC=fd02:c8be:1d40::1 DST=fd02:c8be:1d40:0:75c3:3b72:9ae4:cb64 PROTO=UDP SPT=53 DPT=58335 PKTS=0 BYTES=0
Dec  9 01:04:58 10.0.0.2 dnsmasq[1]: 2118824 fd02:c8be:1d40:0:75c3:3b72:9ae4:cb64/58335 query[type=65] spclient.wg.spotify.com from fd02:c8be:1d40:0:75c3:3b72:9ae4:cb64
Dec  9 01:04:58 10.0.0.2 ulogd[1267]: [NEW] ORIG: SRC=176.36.141.89 DST=194.50.85.5 PROTO=UDP SPT=35487 DPT=53 PKTS=0 BYTES=0 , REPLY: SRC=194.50.85.5 DST=176.36.141.89 PROTO=UDP SPT=53 DPT=35487 PKTS=0 BYTES=0
Dec  9 01:04:58 10.0.0.2 dnsmasq[1]: 2118824 fd02:c8be:1d40:0:75c3:3b72:9ae4:cb64/58335 forwarded spclient.wg.spotify.com to 194.50.85.5
Dec  9 01:04:58 10.0.0.2 dnsmasq[1]: 2118823 fd02:c8be:1d40:0:75c3:3b72:9ae4:cb64/60183 reply spclient.wg.spotify.com is <CNAME>
Dec  9 01:04:58 10.0.0.2 ulogd[1267]: [NEW] ORIG: SRC=176.36.141.89 DST=194.50.85.5 PROTO=UDP SPT=43346 DPT=53 PKTS=0 BYTES=0 , REPLY: SRC=194.50.85.5 DST=176.36.141.89 PROTO=UDP SPT=53 DPT=43346 PKTS=0 BYTES=0
Dec  9 01:04:58 10.0.0.2 dnsmasq[1]: 2118823 fd02:c8be:1d40:0:75c3:3b72:9ae4:cb64/60183 reply edge-web.dual-gslb.spotify.com is 35.186.224.25
Dec  9 01:04:58 10.0.0.2 dnsmasq[1]: 2118824 fd02:c8be:1d40:0:75c3:3b72:9ae4:cb64/58335 reply spclient.wg.spotify.com is <CNAME>
Dec  9 01:04:58 10.0.0.2 dnsmasq[1]: 2118824 fd02:c8be:1d40:0:75c3:3b72:9ae4:cb64/58335 reply edge-web.dual-gslb.spotify.com is NODATA
Dec  9 01:04:58 10.0.0.2 ulogd[1267]: [NEW] ORIG: SRC=192.168.1.180 DST=35.186.224.25 PROTO=UDP SPT=61800 DPT=443 PKTS=0 BYTES=0 , REPLY: SRC=35.186.224.25 DST=176.36.141.89 PROTO=UDP SPT=443 DPT=61800 PKTS=0 BYTES=0
Dec  9 01:04:58 10.0.0.2 ulogd[1267]: [NEW] ORIG: SRC=192.168.1.180 DST=35.186.224.25 PROTO=TCP SPT=49268 DPT=443 PKTS=0 BYTES=0 , REPLY: SRC=35.186.224.25 DST=176.36.141.89 PROTO=TCP SPT=443 DPT=49268 PKTS=0 BYTES=0
Dec  9 01:04:58 10.0.0.2 dnsmasq[1]: 2118825 fd02:c8be:1d40:0:75c3:3b72:9ae4:cb64/55444 query[A] matrix-client.matrix.org from fd02:c8be:1d40:0:75c3:3b72:9ae4:cb64
Dec  9 01:04:58 10.0.0.2 ulogd[1267]: [NEW] ORIG: SRC=fd02:c8be:1d40:0:75c3:3b72:9ae4:cb64 DST=fd02:c8be:1d40::1 PROTO=UDP SPT=55444 DPT=53 PKTS=0 BYTES=0 , REPLY: SRC=fd02:c8be:1d40::1 DST=fd02:c8be:1d40:0:75c3:3b72:9ae4:cb64 PROTO=UDP SPT=53 DPT=55444 PKTS=0 BYTES=0
Dec  9 01:04:58 10.0.0.2 dnsmasq[1]: 2118825 fd02:c8be:1d40:0:75c3:3b72:9ae4:cb64/55444 cached matrix-client.matrix.org is 104.20.201.37
Dec  9 01:04:58 10.0.0.2 ulogd[1267]: [NEW] ORIG: SRC=fd02:c8be:1d40:0:75c3:3b72:9ae4:cb64 DST=fd02:c8be:1d40::1 PROTO=UDP SPT=51752 DPT=53 PKTS=0 BYTES=0 , REPLY: SRC=fd02:c8be:1d40::1 DST=fd02:c8be:1d40:0:75c3:3b72:9ae4:cb64 PROTO=UDP SPT=53 DPT=51752 PKTS=0 BYTES=0
Dec  9 01:04:58 10.0.0.2 dnsmasq[1]: 2118825 fd02:c8be:1d40:0:75c3:3b72:9ae4:cb64/55444 cached matrix-client.matrix.org is 172.67.19.90
Dec  9 01:04:58 10.0.0.2 dnsmasq[1]: 2118825 fd02:c8be:1d40:0:75c3:3b72:9ae4:cb64/55444 cached matrix-client.matrix.org is 104.20.200.37
Dec  9 01:04:58 10.0.0.2 dnsmasq[1]: 2118826 fd02:c8be:1d40:0:75c3:3b72:9ae4:cb64/51752 query[type=65] matrix-client.matrix.org from fd02:c8be:1d40:0:75c3:3b72:9ae4:cb64
Dec  9 01:04:58 10.0.0.2 dnsmasq[1]: 2118826 fd02:c8be:1d40:0:75c3:3b72:9ae4:cb64/51752 forwarded matrix-client.matrix.org to 194.50.85.5
Dec  9 01:04:58 10.0.0.2 ulogd[1267]: [NEW] ORIG: SRC=176.36.141.89 DST=194.50.85.5 PROTO=UDP SPT=55148 DPT=53 PKTS=0 BYTES=0 , REPLY: SRC=194.50.85.5 DST=176.36.141.89 PROTO=UDP SPT=53 DPT=55148 PKTS=0 BYTES=0
Dec  9 01:04:58 10.0.0.2 dnsmasq[1]: 2118826 fd02:c8be:1d40:0:75c3:3b72:9ae4:cb64/51752 reply matrix-client.matrix.org is <type=65>
Dec  9 01:04:58 10.0.0.2 ulogd[1267]: [NEW] ORIG: SRC=fd02:c8be:1d40:0:75c3:3b72:9ae4:cb64 DST=fd02:c8be:1d40::1 PROTO=UDP SPT=58442 DPT=53 PKTS=0 BYTES=0 , REPLY: SRC=fd02:c8be:1d40::1 DST=fd02:c8be:1d40:0:75c3:3b72:9ae4:cb64 PROTO=UDP SPT=53 DPT=58442 PKTS=0 BYTES=0
Dec  9 01:04:58 10.0.0.2 dnsmasq[1]: 2118827 fd02:c8be:1d40:0:75c3:3b72:9ae4:cb64/58442 query[A] sync-v2.brave.com from fd02:c8be:1d40:0:75c3:3b72:9ae4:cb64
Dec  9 01:04:58 10.0.0.2 ulogd[1267]: [NEW] ORIG: SRC=fd02:c8be:1d40:0:75c3:3b72:9ae4:cb64 DST=fd02:c8be:1d40::1 PROTO=UDP SPT=63778 DPT=53 PKTS=0 BYTES=0 , REPLY: SRC=fd02:c8be:1d40::1 DST=fd02:c8be:1d40:0:75c3:3b72:9ae4:cb64 PROTO=UDP SPT=53 DPT=63778 PKTS=0 BYTES=0
Dec  9 01:04:58 10.0.0.2 dnsmasq[1]: 2118827 fd02:c8be:1d40:0:75c3:3b72:9ae4:cb64/58442 forwarded sync-v2.brave.com to 194.50.85.5
Dec  9 01:04:58 10.0.0.2 ulogd[1267]: [NEW] ORIG: SRC=176.36.141.89 DST=194.50.85.5 PROTO=UDP SPT=44724 DPT=53 PKTS=0 BYTES=0 , REPLY: SRC=194.50.85.5 DST=176.36.141.89 PROTO=UDP SPT=53 DPT=44724 PKTS=0 BYTES=0
Dec  9 01:04:58 10.0.0.2 dnsmasq[1]: 2118827 fd02:c8be:1d40:0:75c3:3b72:9ae4:cb64/58442 reply sync-v2.brave.com is <CNAME>
Dec  9 01:04:58 10.0.0.2 dnsmasq[1]: 2118827 fd02:c8be:1d40:0:75c3:3b72:9ae4:cb64/58442 reply sync-alb-152764135.us-west-2.elb.amazonaws.com is 52.11.56.197
Dec  9 01:04:58 10.0.0.2 dnsmasq[1]: 2118827 fd02:c8be:1d40:0:75c3:3b72:9ae4:cb64/58442 reply sync-alb-152764135.us-west-2.elb.amazonaws.com is 44.230.54.232
Dec  9 01:04:58 10.0.0.2 dnsmasq[1]: 2118827 fd02:c8be:1d40:0:75c3:3b72:9ae4:cb64/58442 reply sync-alb-152764135.us-west-2.elb.amazonaws.com is 34.223.239.225
Dec  9 01:04:58 10.0.0.2 dnsmasq[1]: 2118828 fd02:c8be:1d40:0:75c3:3b72:9ae4:cb64/63778 query[type=65] sync-v2.brave.com from fd02:c8be:1d40:0:75c3:3b72:9ae4:cb64
Dec  9 01:04:58 10.0.0.2 dnsmasq[1]: 2118828 fd02:c8be:1d40:0:75c3:3b72:9ae4:cb64/63778 cached sync-v2.brave.com is <CNAME>
Dec  9 01:04:58 10.0.0.2 dnsmasq[1]: 2118828 fd02:c8be:1d40:0:75c3:3b72:9ae4:cb64/63778 forwarded sync-v2.brave.com to 194.50.85.5
Dec  9 01:04:58 10.0.0.2 ulogd[1267]: [NEW] ORIG: SRC=176.36.141.89 DST=194.50.85.5 PROTO=UDP SPT=42927 DPT=53 PKTS=0 BYTES=0 , REPLY: SRC=194.50.85.5 DST=176.36.141.89 PROTO=UDP SPT=53 DPT=42927 PKTS=0 BYTES=0
Dec  9 01:04:58 10.0.0.2 ulogd[1267]: [DESTROY] ORIG: SRC=fd02:c8be:1d40:0:75c3:3b72:9ae4:cb64 DST=fd02:c8be:1d40::1 PROTO=UDP SPT=49913 DPT=53 PKTS=1 BYTES=87 , REPLY: SRC=fd02:c8be:1d40::1 DST=fd02:c8be:1d40:0:75c3:3b72:9ae4:cb64 PROTO=UDP SPT=53 DPT=49913 PKTS=1 BYTES=302
Dec  9 01:04:58 10.0.0.2 dnsmasq[1]: 2118828 fd02:c8be:1d40:0:75c3:3b72:9ae4:cb64/63778 reply sync-v2.brave.com is <CNAME>
Dec  9 01:04:58 10.0.0.2 dnsmasq[1]: 2118828 fd02:c8be:1d40:0:75c3:3b72:9ae4:cb64/63778 reply sync-alb-152764135.us-west-2.elb.amazonaws.com is NODATA
Dec  9 01:05:01 10.0.0.2 ulogd[1267]: [DESTROY] ORIG: SRC=176.36.141.89 DST=194.50.85.5 PROTO=UDP SPT=57143 DPT=53 PKTS=1 BYTES=66 , REPLY: SRC=194.50.85.5 DST=176.36.141.89 PROTO=UDP SPT=53 DPT=57143 PKTS=1 BYTES=124
Dec  9 01:05:03 10.0.0.2 ulogd[1267]: [DESTROY] ORIG: SRC=192.168.1.45 DST=192.168.1.1 PROTO=UDP SPT=52957 DPT=53 PKTS=1 BYTES=77 , REPLY: SRC=192.168.1.1 DST=192.168.1.45 PROTO=UDP SPT=53 DPT=52957 PKTS=1 BYTES=161
Dec  9 01:05:03 10.0.0.2 ulogd[1267]: [NEW] ORIG: SRC=fd02:c8be:1d40:0:75c3:3b72:9ae4:cb64 DST=fd02:c8be:1d40::1 PROTO=UDP SPT=64239 DPT=53 PKTS=0 BYTES=0 , REPLY: SRC=fd02:c8be:1d40::1 DST=fd02:c8be:1d40:0:75c3:3b72:9ae4:cb64 PROTO=UDP SPT=53 DPT=64239 PKTS=0 BYTES=0
Dec  9 01:05:03 10.0.0.2 dnsmasq[1]: 2118829 fd02:c8be:1d40:0:75c3:3b72:9ae4:cb64/64239 query[A] gew1-spclient.spotify.com from fd02:c8be:1d40:0:75c3:3b72:9ae4:cb64
Dec  9 01:05:03 10.0.0.2 ulogd[1267]: [NEW] ORIG: SRC=fd02:c8be:1d40:0:75c3:3b72:9ae4:cb64 DST=fd02:c8be:1d40::1 PROTO=UDP SPT=65081 DPT=53 PKTS=0 BYTES=0 , REPLY: SRC=fd02:c8be:1d40::1 DST=fd02:c8be:1d40:0:75c3:3b72:9ae4:cb64 PROTO=UDP SPT=53 DPT=65081 PKTS=0 BYTES=0
Dec  9 01:05:03 10.0.0.2 dnsmasq[1]: 2118829 fd02:c8be:1d40:0:75c3:3b72:9ae4:cb64/64239 forwarded gew1-spclient.spotify.com to 194.50.85.5
Dec  9 01:05:03 10.0.0.2 ulogd[1267]: [NEW] ORIG: SRC=176.36.141.89 DST=194.50.85.5 PROTO=UDP SPT=33829 DPT=53 PKTS=0 BYTES=0 , REPLY: SRC=194.50.85.5 DST=176.36.141.89 PROTO=UDP SPT=53 DPT=33829 PKTS=0 BYTES=0
Dec  9 01:05:03 10.0.0.2 dnsmasq[1]: 2118830 fd02:c8be:1d40:0:75c3:3b72:9ae4:cb64/65081 query[type=65] gew1-spclient.spotify.com from fd02:c8be:1d40:0:75c3:3b72:9ae4:cb64
Dec  9 01:05:03 10.0.0.2 dnsmasq[1]: 2118830 fd02:c8be:1d40:0:75c3:3b72:9ae4:cb64/65081 forwarded gew1-spclient.spotify.com to 194.50.85.5
Dec  9 01:05:03 10.0.0.2 ulogd[1267]: [NEW] ORIG: SRC=176.36.141.89 DST=194.50.85.5 PROTO=UDP SPT=43870 DPT=53 PKTS=0 BYTES=0 , REPLY: SRC=194.50.85.5 DST=176.36.141.89 PROTO=UDP SPT=53 DPT=43870 PKTS=0 BYTES=0
Dec  9 01:05:03 10.0.0.2 dnsmasq[1]: 2118829 fd02:c8be:1d40:0:75c3:3b72:9ae4:cb64/64239 reply gew1-spclient.spotify.com is <CNAME>
Dec  9 01:05:03 10.0.0.2 dnsmasq[1]: 2118829 fd02:c8be:1d40:0:75c3:3b72:9ae4:cb64/64239 reply edge-web-gew1.dual-gslb.spotify.com is 35.186.224.18
Dec  9 01:05:03 10.0.0.2 dnsmasq[1]: 2118830 fd02:c8be:1d40:0:75c3:3b72:9ae4:cb64/65081 reply gew1-spclient.spotify.com is <CNAME>
Dec  9 01:05:03 10.0.0.2 dnsmasq[1]: 2118830 fd02:c8be:1d40:0:75c3:3b72:9ae4:cb64/65081 reply edge-web-gew1.dual-gslb.spotify.com is NODATA
Dec  9 01:05:03 10.0.0.2 ulogd[1267]: [NEW] ORIG: SRC=192.168.1.180 DST=35.186.224.18 PROTO=UDP SPT=58624 DPT=443 PKTS=0 BYTES=0 , REPLY: SRC=35.186.224.18 DST=176.36.141.89 PROTO=UDP SPT=443 DPT=58624 PKTS=0 BYTES=0
Dec  9 01:05:03 10.0.0.2 ulogd[1267]: [NEW] ORIG: SRC=fd02:c8be:1d40:0:75c3:3b72:9ae4:cb64 DST=fd02:c8be:1d40::1 PROTO=UDP SPT=49667 DPT=53 PKTS=0 BYTES=0 , REPLY: SRC=fd02:c8be:1d40::1 DST=fd02:c8be:1d40:0:75c3:3b72:9ae4:cb64 PROTO=UDP SPT=53 DPT=49667 PKTS=0 BYTES=0
Dec  9 01:05:03 10.0.0.2 dnsmasq[1]: 2118831 fd02:c8be:1d40:0:75c3:3b72:9ae4:cb64/49667 query[A] spclient.wg.spotify.com from fd02:c8be:1d40:0:75c3:3b72:9ae4:cb64
Dec  9 01:05:03 10.0.0.2 ulogd[1267]: [NEW] ORIG: SRC=fd02:c8be:1d40:0:75c3:3b72:9ae4:cb64 DST=fd02:c8be:1d40::1 PROTO=UDP SPT=51333 DPT=53 PKTS=0 BYTES=0 , REPLY: SRC=fd02:c8be:1d40::1 DST=fd02:c8be:1d40:0:75c3:3b72:9ae4:cb64 PROTO=UDP SPT=53 DPT=51333 PKTS=0 BYTES=0
Dec  9 01:05:03 10.0.0.2 dnsmasq[1]: 2118831 fd02:c8be:1d40:0:75c3:3b72:9ae4:cb64/49667 cached spclient.wg.spotify.com is <CNAME>
Dec  9 01:05:03 10.0.0.2 dnsmasq[1]: 2118831 fd02:c8be:1d40:0:75c3:3b72:9ae4:cb64/49667 cached edge-web.dual-gslb.spotify.com is 35.186.224.25
Dec  9 01:05:03 10.0.0.2 ulogd[1267]: [NEW] ORIG: SRC=fd02:c8be:1d40:0:75c3:3b72:9ae4:cb64 DST=fd02:c8be:1d40::1 PROTO=UDP SPT=60098 DPT=53 PKTS=0 BYTES=0 , REPLY: SRC=fd02:c8be:1d40::1 DST=fd02:c8be:1d40:0:75c3:3b72:9ae4:cb64 PROTO=UDP SPT=53 DPT=60098 PKTS=0 BYTES=0
Dec  9 01:05:03 10.0.0.2 ulogd[1267]: [NEW] ORIG: SRC=fd02:c8be:1d40:0:75c3:3b72:9ae4:cb64 DST=fd02:c8be:1d40::1 PROTO=UDP SPT=58844 DPT=53 PKTS=0 BYTES=0 , REPLY: SRC=fd02:c8be:1d40::1 DST=fd02:c8be:1d40:0:75c3:3b72:9ae4:cb64 PROTO=UDP SPT=53 DPT=58844 PKTS=0 BYTES=0
Dec  9 01:05:03 10.0.0.2 dnsmasq[1]: 2118832 fd02:c8be:1d40:0:75c3:3b72:9ae4:cb64/51333 query[type=65] spclient.wg.spotify.com from fd02:c8be:1d40:0:75c3:3b72:9ae4:cb64
Dec  9 01:05:03 10.0.0.2 dnsmasq[1]: 2118832 fd02:c8be:1d40:0:75c3:3b72:9ae4:cb64/51333 cached spclient.wg.spotify.com is <CNAME>
Dec  9 01:05:03 10.0.0.2 ulogd[1267]: [NEW] ORIG: SRC=192.168.1.180 DST=35.186.224.18 PROTO=TCP SPT=49269 DPT=443 PKTS=0 BYTES=0 , REPLY: SRC=35.186.224.18 DST=176.36.141.89 PROTO=TCP SPT=443 DPT=49269 PKTS=0 BYTES=0
Dec  9 01:05:03 10.0.0.2 dnsmasq[1]: 2118832 fd02:c8be:1d40:0:75c3:3b72:9ae4:cb64/51333 forwarded spclient.wg.spotify.com to 194.50.85.5
Dec  9 01:05:03 10.0.0.2 ulogd[1267]: [NEW] ORIG: SRC=176.36.141.89 DST=194.50.85.5 PROTO=UDP SPT=55093 DPT=53 PKTS=0 BYTES=0 , REPLY: SRC=194.50.85.5 DST=176.36.141.89 PROTO=UDP SPT=53 DPT=55093 PKTS=0 BYTES=0
Dec  9 01:05:03 10.0.0.2 dnsmasq[1]: 2118833 fd02:c8be:1d40:0:75c3:3b72:9ae4:cb64/60098 query[A] api-partner.spotify.com from fd02:c8be:1d40:0:75c3:3b72:9ae4:cb64
Dec  9 01:05:03 10.0.0.2 dnsmasq[1]: 2118833 fd02:c8be:1d40:0:75c3:3b72:9ae4:cb64/60098 forwarded api-partner.spotify.com to 194.50.85.5
Dec  9 01:05:03 10.0.0.2 ulogd[1267]: [NEW] ORIG: SRC=176.36.141.89 DST=194.50.85.5 PROTO=UDP SPT=42188 DPT=53 PKTS=0 BYTES=0 , REPLY: SRC=194.50.85.5 DST=176.36.141.89 PROTO=UDP SPT=53 DPT=42188 PKTS=0 BYTES=0
Dec  9 01:05:03 10.0.0.2 dnsmasq[1]: 2118834 fd02:c8be:1d40:0:75c3:3b72:9ae4:cb64/58844 query[type=65] api-partner.spotify.com from fd02:c8be:1d40:0:75c3:3b72:9ae4:cb64
Dec  9 01:05:03 10.0.0.2 dnsmasq[1]: 2118834 fd02:c8be:1d40:0:75c3:3b72:9ae4:cb64/58844 forwarded api-partner.spotify.com to 194.50.85.5
Dec  9 01:05:03 10.0.0.2 ulogd[1267]: [NEW] ORIG: SRC=176.36.141.89 DST=194.50.85.5 PROTO=UDP SPT=50324 DPT=53 PKTS=0 BYTES=0 , REPLY: SRC=194.50.85.5 DST=176.36.141.89 PROTO=UDP SPT=53 DPT=50324 PKTS=0 BYTES=0
Dec  9 01:05:03 10.0.0.2 ulogd[1267]: [NEW] ORIG: SRC=192.168.1.180 DST=35.186.224.25 PROTO=UDP SPT=49328 DPT=443 PKTS=0 BYTES=0 , REPLY: SRC=35.186.224.25 DST=176.36.141.89 PROTO=UDP SPT=443 DPT=49328 PKTS=0 BYTES=0
Dec  9 01:05:03 10.0.0.2 dnsmasq[1]: 2118833 fd02:c8be:1d40:0:75c3:3b72:9ae4:cb64/60098 reply api-partner.spotify.com is <CNAME>
Dec  9 01:05:03 10.0.0.2 dnsmasq[1]: 2118833 fd02:c8be:1d40:0:75c3:3b72:9ae4:cb64/60098 reply partners.wg.spotify.com is <CNAME>
Dec  9 01:05:03 10.0.0.2 dnsmasq[1]: 2118833 fd02:c8be:1d40:0:75c3:3b72:9ae4:cb64/60098 reply edge-web.dual-gslb.spotify.com is 35.186.224.25
Dec  9 01:05:03 10.0.0.2 dnsmasq[1]: 2118834 fd02:c8be:1d40:0:75c3:3b72:9ae4:cb64/58844 reply api-partner.spotify.com is <CNAME>
Dec  9 01:05:03 10.0.0.2 dnsmasq[1]: 2118834 fd02:c8be:1d40:0:75c3:3b72:9ae4:cb64/58844 reply partners.wg.spotify.com is <CNAME>
Dec  9 01:05:03 10.0.0.2 dnsmasq[1]: 2118834 fd02:c8be:1d40:0:75c3:3b72:9ae4:cb64/58844 reply edge-web.dual-gslb.spotify.com is NODATA
Dec  9 01:05:03 10.0.0.2 ulogd[1267]: [NEW] ORIG: SRC=192.168.1.180 DST=35.186.224.25 PROTO=UDP SPT=60388 DPT=443 PKTS=0 BYTES=0 , REPLY: SRC=35.186.224.25 DST=176.36.141.89 PROTO=UDP SPT=443 DPT=60388 PKTS=0 BYTES=0
Dec  9 01:05:03 10.0.0.2 dnsmasq[1]: 2118832 fd02:c8be:1d40:0:75c3:3b72:9ae4:cb64/51333 reply spclient.wg.spotify.com is <CNAME>
Dec  9 01:05:03 10.0.0.2 dnsmasq[1]: 2118832 fd02:c8be:1d40:0:75c3:3b72:9ae4:cb64/51333 reply edge-web.dual-gslb.spotify.com is NODATA
Dec  9 01:05:03 10.0.0.2 ulogd[1267]: [NEW] ORIG: SRC=fd02:c8be:1d40:0:75c3:3b72:9ae4:cb64 DST=fd02:c8be:1d40::1 PROTO=UDP SPT=53807 DPT=53 PKTS=0 BYTES=0 , REPLY: SRC=fd02:c8be:1d40::1 DST=fd02:c8be:1d40:0:75c3:3b72:9ae4:cb64 PROTO=UDP SPT=53 DPT=53807 PKTS=0 BYTES=0
Dec  9 01:05:03 10.0.0.2 dnsmasq[1]: 2118835 fd02:c8be:1d40:0:75c3:3b72:9ae4:cb64/53807 query[A] gew1-spclient.spotify.com from fd02:c8be:1d40:0:75c3:3b72:9ae4:cb64
Dec  9 01:05:03 10.0.0.2 ulogd[1267]: [NEW] ORIG: SRC=fd02:c8be:1d40:0:75c3:3b72:9ae4:cb64 DST=fd02:c8be:1d40::1 PROTO=UDP SPT=64315 DPT=53 PKTS=0 BYTES=0 , REPLY: SRC=fd02:c8be:1d40::1 DST=fd02:c8be:1d40:0:75c3:3b72:9ae4:cb64 PROTO=UDP SPT=53 DPT=64315 PKTS=0 BYTES=0
Dec  9 01:05:03 10.0.0.2 dnsmasq[1]: 2118835 fd02:c8be:1d40:0:75c3:3b72:9ae4:cb64/53807 cached gew1-spclient.spotify.com is <CNAME>
Dec  9 01:05:03 10.0.0.2 dnsmasq[1]: 2118835 fd02:c8be:1d40:0:75c3:3b72:9ae4:cb64/53807 cached edge-web-gew1.dual-gslb.spotify.com is 35.186.224.18
Dec  9 01:05:03 10.0.0.2 dnsmasq[1]: 2118836 fd02:c8be:1d40:0:75c3:3b72:9ae4:cb64/64315 query[type=65] gew1-spclient.spotify.com from fd02:c8be:1d40:0:75c3:3b72:9ae4:cb64
Dec  9 01:05:03 10.0.0.2 dnsmasq[1]: 2118836 fd02:c8be:1d40:0:75c3:3b72:9ae4:cb64/64315 cached gew1-spclient.spotify.com is <CNAME>
Dec  9 01:05:03 10.0.0.2 dnsmasq[1]: 2118836 fd02:c8be:1d40:0:75c3:3b72:9ae4:cb64/64315 forwarded gew1-spclient.spotify.com to 194.50.85.5
Dec  9 01:05:03 10.0.0.2 ulogd[1267]: [NEW] ORIG: SRC=176.36.141.89 DST=194.50.85.5 PROTO=UDP SPT=34222 DPT=53 PKTS=0 BYTES=0 , REPLY: SRC=194.50.85.5 DST=176.36.141.89 PROTO=UDP SPT=53 DPT=34222 PKTS=0 BYTES=0
Dec  9 01:05:03 10.0.0.2 dnsmasq[1]: 2118836 fd02:c8be:1d40:0:75c3:3b72:9ae4:cb64/64315 reply gew1-spclient.spotify.com is <CNAME>
Dec  9 01:05:03 10.0.0.2 dnsmasq[1]: 2118836 fd02:c8be:1d40:0:75c3:3b72:9ae4:cb64/64315 reply edge-web-gew1.dual-gslb.spotify.com is NODATA
Dec  9 01:05:03 10.0.0.2 ulogd[1267]: [NEW] ORIG: SRC=192.168.1.180 DST=35.186.224.18 PROTO=UDP SPT=60357 DPT=443 PKTS=0 BYTES=0 , REPLY: SRC=35.186.224.18 DST=176.36.141.89 PROTO=UDP SPT=443 DPT=60357 PKTS=0 BYTES=0
Dec  9 01:05:06 10.0.0.2 ulogd[1267]: [NEW] ORIG: SRC=192.168.1.180 DST=81.17.55.113 PROTO=TCP SPT=49270 DPT=443 PKTS=0 BYTES=0 , REPLY: SRC=81.17.55.113 DST=176.36.141.89 PROTO=TCP SPT=443 DPT=49270 PKTS=0 BYTES=0
Dec  9 01:05:06 10.0.0.2 ulogd[1267]: [DESTROY] ORIG: SRC=176.36.141.89 DST=194.50.85.5 PROTO=UDP SPT=52413 DPT=53 PKTS=1 BYTES=66 , REPLY: SRC=194.50.85.5 DST=176.36.141.89 PROTO=UDP SPT=53 DPT=52413 PKTS=1 BYTES=123
Dec  9 01:05:08 10.0.0.2 ulogd[1267]: [DESTROY] ORIG: SRC=fd02:c8be:1d40:0:75c3:3b72:9ae4:cb64 DST=fd02:c8be:1d40::1 PROTO=UDP SPT=56312 DPT=53 PKTS=1 BYTES=83 , REPLY: SRC=fd02:c8be:1d40::1 DST=fd02:c8be:1d40:0:75c3:3b72:9ae4:cb64 PROTO=UDP SPT=53 DPT=56312 PKTS=1 BYTES=218
Dec  9 01:05:08 10.0.0.2 ulogd[1267]: [DESTROY] ORIG: SRC=176.36.141.89 DST=194.50.85.7 PROTO=UDP SPT=58255 DPT=53 PKTS=1 BYTES=69 , REPLY: SRC=194.50.85.7 DST=176.36.141.89 PROTO=UDP SPT=53 DPT=58255 PKTS=1 BYTES=133
Dec  9 01:05:09 10.0.0.2 ulogd[1267]: [NEW] ORIG: SRC=fd02:c8be:1d40:0:75c3:3b72:9ae4:cb64 DST=fd02:c8be:1d40::1 PROTO=UDP SPT=56366 DPT=53 PKTS=0 BYTES=0 , REPLY: SRC=fd02:c8be:1d40::1 DST=fd02:c8be:1d40:0:75c3:3b72:9ae4:cb64 PROTO=UDP SPT=53 DPT=56366 PKTS=0 BYTES=0
Dec  9 01:05:09 10.0.0.2 dnsmasq[1]: 2118837 fd02:c8be:1d40:0:75c3:3b72:9ae4:cb64/56366 query[TXT] _dnslink.dmsu.gov.ua from fd02:c8be:1d40:0:75c3:3b72:9ae4:cb64
Dec  9 01:05:09 10.0.0.2 dnsmasq[1]: 2118837 fd02:c8be:1d40:0:75c3:3b72:9ae4:cb64/56366 forwarded _dnslink.dmsu.gov.ua to 194.50.85.5
Dec  9 01:05:09 10.0.0.2 ulogd[1267]: [NEW] ORIG: SRC=176.36.141.89 DST=194.50.85.5 PROTO=UDP SPT=34712 DPT=53 PKTS=0 BYTES=0 , REPLY: SRC=194.50.85.5 DST=176.36.141.89 PROTO=UDP SPT=53 DPT=34712 PKTS=0 BYTES=0
Dec  9 01:05:09 10.0.0.2 ulogd[1267]: [DESTROY] ORIG: SRC=192.168.1.180 DST=217.72.196.44 PROTO=TCP SPT=49199 DPT=443 PKTS=10 BYTES=3069 , REPLY: SRC=217.72.196.44 DST=176.36.141.89 PROTO=TCP SPT=443 DPT=49199 PKTS=9 BYTES=4790
Dec  9 01:05:09 10.0.0.2 ulogd[1267]: [DESTROY] ORIG: SRC=fd02:c8be:1d40:0:75c3:3b72:9ae4:cb64 DST=fd02:c8be:1d40::1 PROTO=UDP SPT=57324 DPT=53 PKTS=1 BYTES=89 , REPLY: SRC=fd02:c8be:1d40::1 DST=fd02:c8be:1d40:0:75c3:3b72:9ae4:cb64 PROTO=UDP SPT=53 DPT=57324 PKTS=1 BYTES=187
Dec  9 01:05:09 10.0.0.2 ulogd[1267]: [DESTROY] ORIG: SRC=fd02:c8be:1d40:0:75c3:3b72:9ae4:cb64 DST=fd02:c8be:1d40::1 PROTO=UDP SPT=55961 DPT=53 PKTS=1 BYTES=96 , REPLY: SRC=fd02:c8be:1d40::1 DST=fd02:c8be:1d40:0:75c3:3b72:9ae4:cb64 PROTO=UDP SPT=53 DPT=55961 PKTS=1 BYTES=161
Dec  9 01:05:09 10.0.0.2 ulogd[1267]: [DESTROY] ORIG: SRC=176.36.141.89 DST=194.50.85.5 PROTO=UDP SPT=45634 DPT=53 PKTS=1 BYTES=57 , REPLY: SRC=194.50.85.5 DST=176.36.141.89 PROTO=UDP SPT=53 DPT=45634 PKTS=1 BYTES=143
Dec  9 01:05:09 10.0.0.2 ulogd[1267]: [DESTROY] ORIG: SRC=176.36.141.89 DST=194.50.85.5 PROTO=UDP SPT=51872 DPT=53 PKTS=1 BYTES=69 , REPLY: SRC=194.50.85.5 DST=176.36.141.89 PROTO=UDP SPT=53 DPT=51872 PKTS=1 BYTES=144
Dec  9 01:05:09 10.0.0.2 ulogd[1267]: [DESTROY] ORIG: SRC=176.36.141.89 DST=194.50.85.7 PROTO=UDP SPT=40487 DPT=53 PKTS=1 BYTES=65 , REPLY: SRC=194.50.85.7 DST=176.36.141.89 PROTO=UDP SPT=53 DPT=40487 PKTS=1 BYTES=127
Dec  9 01:05:09 10.0.0.2 ulogd[1267]: [DESTROY] ORIG: SRC=fd02:c8be:1d40:0:75c3:3b72:9ae4:cb64 DST=fd02:c8be:1d40::1 PROTO=UDP SPT=52191 DPT=53 PKTS=1 BYTES=76 , REPLY: SRC=fd02:c8be:1d40::1 DST=fd02:c8be:1d40:0:75c3:3b72:9ae4:cb64 PROTO=UDP SPT=53 DPT=52191 PKTS=1 BYTES=160
Dec  9 01:05:09 10.0.0.2 ulogd[1267]: [DESTROY] ORIG: SRC=176.36.141.89 DST=194.50.85.5 PROTO=UDP SPT=33730 DPT=53 PKTS=1 BYTES=64 , REPLY: SRC=194.50.85.5 DST=176.36.141.89 PROTO=UDP SPT=53 DPT=33730 PKTS=1 BYTES=178
Dec  9 01:05:09 10.0.0.2 ulogd[1267]: [DESTROY] ORIG: SRC=176.36.141.89 DST=194.50.85.5 PROTO=UDP SPT=51620 DPT=53 PKTS=1 BYTES=72 , REPLY: SRC=194.50.85.5 DST=176.36.141.89 PROTO=UDP SPT=53 DPT=51620 PKTS=1 BYTES=129
Dec  9 01:05:09 10.0.0.2 dnsmasq[1]: 2118837 fd02:c8be:1d40:0:75c3:3b72:9ae4:cb64/56366 reply _dnslink.dmsu.gov.ua is NXDOMAIN
Dec  9 01:05:09 10.0.0.2 ulogd[1267]: [DESTROY] ORIG: SRC=192.168.1.45 DST=192.168.1.1 PROTO=UDP SPT=40562 DPT=53 PKTS=1 BYTES=64 , REPLY: SRC=192.168.1.1 DST=192.168.1.45 PROTO=UDP SPT=53 DPT=40562 PKTS=1 BYTES=126
Dec  9 01:05:09 10.0.0.2 ulogd[1267]: [DESTROY] ORIG: SRC=fd02:c8be:1d40:0:75c3:3b72:9ae4:cb64 DST=fd02:c8be:1d40::1 PROTO=UDP SPT=57631 DPT=53 PKTS=1 BYTES=97 , REPLY: SRC=fd02:c8be:1d40::1 DST=fd02:c8be:1d40:0:75c3:3b72:9ae4:cb64 PROTO=UDP SPT=53 DPT=57631 PKTS=1 BYTES=155
Dec  9 01:05:09 10.0.0.2 ulogd[1267]: [DESTROY] ORIG: SRC=192.168.1.45 DST=162.159.135.22 PROTO=TCP SPT=42246 DPT=443 PKTS=11404 BYTES=747812 , REPLY: SRC=162.159.135.22 DST=176.36.141.89 PROTO=TCP SPT=443 DPT=42246 PKTS=5168 BYTES=33976023
Dec  9 01:05:09 10.0.0.2 ulogd[1267]: [DESTROY] ORIG: SRC=176.36.141.89 DST=194.50.85.5 PROTO=UDP SPT=41190 DPT=53 PKTS=1 BYTES=64 , REPLY: SRC=194.50.85.5 DST=176.36.141.89 PROTO=UDP SPT=53 DPT=41190 PKTS=1 BYTES=126
Dec  9 01:05:09 10.0.0.2 ulogd[1267]: [DESTROY] ORIG: SRC=192.168.1.45 DST=162.159.135.22 PROTO=TCP SPT=42788 DPT=443 PKTS=14 BYTES=1385 , REPLY: SRC=162.159.135.22 DST=176.36.141.89 PROTO=TCP SPT=443 DPT=42788 PKTS=10 BYTES=3840
Dec  9 01:05:09 10.0.0.2 ulogd[1267]: [DESTROY] ORIG: SRC=fd02:c8be:1d40:0:75c3:3b72:9ae4:cb64 DST=fd02:c8be:1d40::1 PROTO=UDP SPT=60383 DPT=53 PKTS=1 BYTES=98 , REPLY: SRC=fd02:c8be:1d40::1 DST=fd02:c8be:1d40:0:75c3:3b72:9ae4:cb64 PROTO=UDP SPT=53 DPT=60383 PKTS=1 BYTES=236
Dec  9 01:05:09 10.0.0.2 ulogd[1267]: [DESTROY] ORIG: SRC=192.168.1.180 DST=5.135.209.97 PROTO=TCP SPT=49243 DPT=443 PKTS=11 BYTES=4288 , REPLY: SRC=5.135.209.97 DST=176.36.141.89 PROTO=TCP SPT=443 DPT=49243 PKTS=9 BYTES=1267
Dec  9 01:05:09 10.0.0.2 ulogd[1267]: [DESTROY] ORIG: SRC=176.36.141.89 DST=194.50.85.5 PROTO=UDP SPT=52034 DPT=53 PKTS=1 BYTES=63 , REPLY: SRC=194.50.85.5 DST=176.36.141.89 PROTO=UDP SPT=53 DPT=52034 PKTS=1 BYTES=120
Dec  9 01:05:09 10.0.0.2 ulogd[1267]: [DESTROY] ORIG: SRC=192.168.1.45 DST=192.168.1.1 PROTO=UDP SPT=53675 DPT=53 PKTS=1 BYTES=64 , REPLY: SRC=192.168.1.1 DST=192.168.1.45 PROTO=UDP SPT=53 DPT=53675 PKTS=1 BYTES=64
Dec  9 01:05:09 10.0.0.2 ulogd[1267]: [DESTROY] ORIG: SRC=fd02:c8be:1d40:0:75c3:3b72:9ae4:cb64 DST=fd02:c8be:1d40::1 PROTO=UDP SPT=59939 DPT=53 PKTS=1 BYTES=92 , REPLY: SRC=fd02:c8be:1d40::1 DST=fd02:c8be:1d40:0:75c3:3b72:9ae4:cb64 PROTO=UDP SPT=53 DPT=59939 PKTS=1 BYTES=252
Dec  9 01:05:09 10.0.0.2 ulogd[1267]: [DESTROY] ORIG: SRC=192.168.1.180 DST=3.67.35.217 PROTO=TCP SPT=49187 DPT=443 PKTS=15 BYTES=3442 , REPLY: SRC=3.67.35.217 DST=176.36.141.89 PROTO=TCP SPT=443 DPT=49187 PKTS=16 BYTES=4548
Dec  9 01:05:09 10.0.0.2 ulogd[1267]: [DESTROY] ORIG: SRC=176.36.141.89 DST=194.50.85.5 PROTO=UDP SPT=33226 DPT=53 PKTS=1 BYTES=64 , REPLY: SRC=194.50.85.5 DST=176.36.141.89 PROTO=UDP SPT=53 DPT=33226 PKTS=1 BYTES=80
Dec  9 01:05:09 10.0.0.2 ulogd[1267]: [DESTROY] ORIG: SRC=192.168.1.180 DST=3.68.170.153 PROTO=TCP SPT=65491 DPT=443 PKTS=40 BYTES=9433 , REPLY: SRC=3.68.170.153 DST=176.36.141.89 PROTO=TCP SPT=443 DPT=65491 PKTS=41 BYTES=4537
Dec  9 01:05:09 10.0.0.2 ulogd[1267]: [DESTROY] ORIG: SRC=176.36.141.89 DST=194.50.85.5 PROTO=UDP SPT=52702 DPT=53 PKTS=1 BYTES=67 , REPLY: SRC=194.50.85.5 DST=176.36.141.89 PROTO=UDP SPT=53 DPT=52702 PKTS=1 BYTES=220
Dec  9 01:05:09 10.0.0.2 ulogd[1267]: [DESTROY] ORIG: SRC=176.36.141.89 DST=194.50.85.5 PROTO=UDP SPT=53134 DPT=53 PKTS=1 BYTES=61 , REPLY: SRC=194.50.85.5 DST=176.36.141.89 PROTO=UDP SPT=53 DPT=53134 PKTS=1 BYTES=131
Dec  9 01:05:09 10.0.0.2 ulogd[1267]: [DESTROY] ORIG: SRC=192.168.1.180 DST=35.186.224.25 PROTO=UDP SPT=58483 DPT=443 PKTS=27 BYTES=19570 , REPLY: SRC=35.186.224.25 DST=176.36.141.89 PROTO=UDP SPT=443 DPT=58483 PKTS=22 BYTES=3897
Dec  9 01:05:09 10.0.0.2 ulogd[1267]: [DESTROY] ORIG: SRC=fd02:c8be:1d40:0:75c3:3b72:9ae4:cb64 DST=fd02:c8be:1d40::1 PROTO=UDP SPT=61497 DPT=53 PKTS=1 BYTES=90 , REPLY: SRC=fd02:c8be:1d40::1 DST=fd02:c8be:1d40:0:75c3:3b72:9ae4:cb64 PROTO=UDP SPT=53 DPT=61497 PKTS=1 BYTES=180
Dec  9 01:05:09 10.0.0.2 ulogd[1267]: [DESTROY] ORIG: SRC=192.168.1.180 DST=192.168.1.1 PROTO=UDP SPT=50318 DPT=53 PKTS=1 BYTES=61 , REPLY: SRC=192.168.1.1 DST=192.168.1.180 PROTO=UDP SPT=53 DPT=50318 PKTS=1 BYTES=151
