Nov 22 14:20:04 10.0.0.2 dnsmasq[1]: 668411 fd02:c8be:1d40:0:ed9a:a5a9:93a0:c3e8/61803 forwarded event.shelljacket.us to 194.50.85.5
Nov 22 14:20:04 10.0.0.2 dnsmasq[1]: 668411 fd02:c8be:1d40:0:ed9a:a5a9:93a0:c3e8/61803 reply event.shelljacket.us is 46.101.131.99
Nov 22 14:20:04 10.0.0.2 dnsmasq[1]: 668411 fd02:c8be:1d40:0:ed9a:a5a9:93a0:c3e8/61803 reply event.shelljacket.us is 138.68.77.102
Nov 22 14:20:04 10.0.0.2 dnsmasq[1]: 668411 fd02:c8be:1d40:0:ed9a:a5a9:93a0:c3e8/61803 reply event.shelljacket.us is 138.68.92.190
Nov 22 14:20:04 10.0.0.2 dnsmasq[1]: 668411 fd02:c8be:1d40:0:ed9a:a5a9:93a0:c3e8/61803 reply event.shelljacket.us is 46.101.131.214
Nov 22 14:20:04 10.0.0.2 dnsmasq[1]: 668411 fd02:c8be:1d40:0:ed9a:a5a9:93a0:c3e8/61803 reply event.shelljacket.us is 159.89.27.102
Nov 22 14:20:04 10.0.0.2 dnsmasq[1]: 668411 fd02:c8be:1d40:0:ed9a:a5a9:93a0:c3e8/61803 reply event.shelljacket.us is 138.68.101.1
Nov 22 14:20:04 10.0.0.2 dnsmasq[1]: 668411 fd02:c8be:1d40:0:ed9a:a5a9:93a0:c3e8/61803 reply event.shelljacket.us is 159.89.100.215
Nov 22 14:20:04 10.0.0.2 ulogd[1267]: [NEW] ORIG: SRC=192.168.1.180 DST=46.101.131.99 PROTO=TCP SPT=62062 DPT=443 PKTS=0 BYTES=0 , REPLY: SRC=46.101.131.99 DST=176.36.141.89 PROTO=TCP SPT=443 DPT=62062 PKTS=0 BYTES=0
Nov 22 14:20:08 10.0.0.2 dnsmasq[1]: 668412 fd02:c8be:1d40:0:ed9a:a5a9:93a0:c3e8/61803 query[A] matrix-client.matrix.org from fd02:c8be:1d40:0:ed9a:a5a9:93a0:c3e8
Nov 22 14:20:08 10.0.0.2 dnsmasq[1]: 668412 fd02:c8be:1d40:0:ed9a:a5a9:93a0:c3e8/61803 forwarded matrix-client.matrix.org to 194.50.85.5
Nov 22 14:20:08 10.0.0.2 ulogd[1267]: [NEW] ORIG: SRC=176.36.141.89 DST=194.50.85.5 PROTO=UDP SPT=51156 DPT=53 PKTS=0 BYTES=0 , REPLY: SRC=194.50.85.5 DST=176.36.141.89 PROTO=UDP SPT=53 DPT=51156 PKTS=0 BYTES=0
Nov 22 14:20:08 10.0.0.2 dnsmasq[1]: 668412 fd02:c8be:1d40:0:ed9a:a5a9:93a0:c3e8/61803 reply matrix-client.matrix.org is 104.20.200.37
Nov 22 14:20:08 10.0.0.2 dnsmasq[1]: 668412 fd02:c8be:1d40:0:ed9a:a5a9:93a0:c3e8/61803 reply matrix-client.matrix.org is 104.20.201.37
Nov 22 14:20:08 10.0.0.2 dnsmasq[1]: 668412 fd02:c8be:1d40:0:ed9a:a5a9:93a0:c3e8/61803 reply matrix-client.matrix.org is 172.67.19.90
Nov 22 14:20:09 10.0.0.2 ulogd[1267]: [DESTROY] ORIG: SRC=192.168.1.180 DST=35.186.224.18 PROTO=UDP SPT=64987 DPT=443 PKTS=9 BYTES=5444 , REPLY: SRC=35.186.224.18 DST=176.36.141.89 PROTO=UDP SPT=443 DPT=64987 PKTS=9 BYTES=4422
Nov 22 14:20:19 10.0.0.2 dnsmasq[1]: 668413 fd02:c8be:1d40:0:ed9a:a5a9:93a0:c3e8/61803 query[A] js.ui-portal.de from fd02:c8be:1d40:0:ed9a:a5a9:93a0:c3e8
Nov 22 14:20:19 10.0.0.2 ulogd[1267]: [NEW] ORIG: SRC=176.36.141.89 DST=194.50.85.5 PROTO=UDP SPT=54729 DPT=53 PKTS=0 BYTES=0 , REPLY: SRC=194.50.85.5 DST=176.36.141.89 PROTO=UDP SPT=53 DPT=54729 PKTS=0 BYTES=0
Nov 22 14:20:19 10.0.0.2 dnsmasq[1]: 668413 fd02:c8be:1d40:0:ed9a:a5a9:93a0:c3e8/61803 forwarded js.ui-portal.de to 194.50.85.5
Nov 22 14:20:19 10.0.0.2 dnsmasq[1]: 668413 fd02:c8be:1d40:0:ed9a:a5a9:93a0:c3e8/61803 reply js.ui-portal.de is <CNAME>
Nov 22 14:20:19 10.0.0.2 dnsmasq[1]: 668413 fd02:c8be:1d40:0:ed9a:a5a9:93a0:c3e8/61803 reply js.ui-portal.de.edgekey.net is <CNAME>
Nov 22 14:20:19 10.0.0.2 dnsmasq[1]: 668413 fd02:c8be:1d40:0:ed9a:a5a9:93a0:c3e8/61803 reply e5416.g.akamaiedge.net is 23.48.0.158
Nov 22 14:20:20 10.0.0.2 ulogd[1267]: [NEW] ORIG: SRC=fd02:c8be:1d40:0:ed9a:a5a9:93a0:c3e8 DST=fd02:c8be:1d40::1 PROTO=UDP SPT=55204 DPT=53 PKTS=0 BYTES=0 , REPLY: SRC=fd02:c8be:1d40::1 DST=fd02:c8be:1d40:0:ed9a:a5a9:93a0:c3e8 PROTO=UDP SPT=53 DPT=55204 PKTS=0 BYTES=0
Nov 22 14:20:20 10.0.0.2 dnsmasq[1]: 668414 fd02:c8be:1d40:0:ed9a:a5a9:93a0:c3e8/61803 query[A] api.github.com from fd02:c8be:1d40:0:ed9a:a5a9:93a0:c3e8
Nov 22 14:20:20 10.0.0.2 ulogd[1267]: [NEW] ORIG: SRC=176.36.141.89 DST=194.50.85.5 PROTO=UDP SPT=59428 DPT=53 PKTS=0 BYTES=0 , REPLY: SRC=194.50.85.5 DST=176.36.141.89 PROTO=UDP SPT=53 DPT=59428 PKTS=0 BYTES=0
Nov 22 14:20:20 10.0.0.2 dnsmasq[1]: 668414 fd02:c8be:1d40:0:ed9a:a5a9:93a0:c3e8/61803 forwarded api.github.com to 194.50.85.5
Nov 22 14:20:20 10.0.0.2 dnsmasq[1]: 668414 fd02:c8be:1d40:0:ed9a:a5a9:93a0:c3e8/61803 reply api.github.com is 140.82.121.5
Nov 22 14:20:20 10.0.0.2 dnsmasq[1]: 668415 fd02:c8be:1d40:0:ed9a:a5a9:93a0:c3e8/55204 query[A] navigator-bs.gmx.com from fd02:c8be:1d40:0:ed9a:a5a9:93a0:c3e8
Nov 22 14:20:20 10.0.0.2 ulogd[1267]: [NEW] ORIG: SRC=176.36.141.89 DST=194.50.85.5 PROTO=UDP SPT=38130 DPT=53 PKTS=0 BYTES=0 , REPLY: SRC=194.50.85.5 DST=176.36.141.89 PROTO=UDP SPT=53 DPT=38130 PKTS=0 BYTES=0
Nov 22 14:20:20 10.0.0.2 dnsmasq[1]: 668415 fd02:c8be:1d40:0:ed9a:a5a9:93a0:c3e8/55204 forwarded navigator-bs.gmx.com to 194.50.85.5
Nov 22 14:20:20 10.0.0.2 dnsmasq[1]: 668415 fd02:c8be:1d40:0:ed9a:a5a9:93a0:c3e8/55204 reply navigator-bs.gmx.com is 217.72.199.27
Nov 22 14:20:20 10.0.0.2 ulogd[1267]: [NEW] ORIG: SRC=192.168.1.180 DST=217.72.196.44 PROTO=TCP SPT=62063 DPT=443 PKTS=0 BYTES=0 , REPLY: SRC=217.72.196.44 DST=176.36.141.89 PROTO=TCP SPT=443 DPT=62063 PKTS=0 BYTES=0
Nov 22 14:20:20 10.0.0.2 dnsmasq[1]: 668416 fd02:c8be:1d40:0:ed9a:a5a9:93a0:c3e8/61803 query[A] s.uicdn.com from fd02:c8be:1d40:0:ed9a:a5a9:93a0:c3e8
Nov 22 14:20:20 10.0.0.2 ulogd[1267]: [NEW] ORIG: SRC=176.36.141.89 DST=194.50.85.5 PROTO=UDP SPT=39274 DPT=53 PKTS=0 BYTES=0 , REPLY: SRC=194.50.85.5 DST=176.36.141.89 PROTO=UDP SPT=53 DPT=39274 PKTS=0 BYTES=0
Nov 22 14:20:20 10.0.0.2 dnsmasq[1]: 668416 fd02:c8be:1d40:0:ed9a:a5a9:93a0:c3e8/61803 forwarded s.uicdn.com to 194.50.85.5
Nov 22 14:20:20 10.0.0.2 ulogd[1267]: [NEW] ORIG: SRC=192.168.1.180 DST=192.168.1.1 PROTO=UDP SPT=61803 DPT=53 PKTS=0 BYTES=0 , REPLY: SRC=192.168.1.1 DST=192.168.1.180 PROTO=UDP SPT=53 DPT=61803 PKTS=0 BYTES=0
Nov 22 14:20:20 10.0.0.2 dnsmasq[1]: 668417 192.168.1.180/61803 query[A] s.uicdn.com from 192.168.1.180
Nov 22 14:20:21 10.0.0.2 dnsmasq[1]: 668416 fd02:c8be:1d40:0:ed9a:a5a9:93a0:c3e8/61803 reply s.uicdn.com is <CNAME>
Nov 22 14:20:21 10.0.0.2 dnsmasq[1]: 668416 fd02:c8be:1d40:0:ed9a:a5a9:93a0:c3e8/61803 reply s.uicdn.com.edgekey.net is <CNAME>
Nov 22 14:20:21 10.0.0.2 dnsmasq[1]: 668416 fd02:c8be:1d40:0:ed9a:a5a9:93a0:c3e8/61803 reply e5416.g.akamaiedge.net is 23.48.0.158
Nov 22 14:20:21 10.0.0.2 dnsmasq[1]: 668417 192.168.1.180/61803 reply query is duplicate
Nov 22 14:20:21 10.0.0.2 ulogd[1267]: [NEW] ORIG: SRC=192.168.1.180 DST=23.48.0.158 PROTO=TCP SPT=62064 DPT=443 PKTS=0 BYTES=0 , REPLY: SRC=23.48.0.158 DST=176.36.141.89 PROTO=TCP SPT=443 DPT=62064 PKTS=0 BYTES=0
Nov 22 14:20:31 10.0.0.2 ulogd[1267]: [DESTROY] ORIG: SRC=192.168.1.180 DST=192.168.1.1 PROTO=UDP SPT=59538 DPT=53 PKTS=1 BYTES=57 , REPLY: SRC=192.168.1.1 DST=192.168.1.180 PROTO=UDP SPT=53 DPT=59538 PKTS=1 BYTES=143
Nov 22 14:20:33 10.0.0.2 dnsmasq[1]: 668418 fd02:c8be:1d40:0:ed9a:a5a9:93a0:c3e8/55204 query[A] www.aljazeera.com from fd02:c8be:1d40:0:ed9a:a5a9:93a0:c3e8
Nov 22 14:20:33 10.0.0.2 dnsmasq[1]: 668418 fd02:c8be:1d40:0:ed9a:a5a9:93a0:c3e8/55204 forwarded www.aljazeera.com to 192.168.1.45
Nov 22 14:20:33 10.0.0.2 ulogd[1267]: [NEW] ORIG: SRC=192.168.1.1 DST=192.168.1.45 PROTO=UDP SPT=47562 DPT=5353 PKTS=0 BYTES=0 , REPLY: SRC=192.168.1.45 DST=192.168.1.1 PROTO=UDP SPT=5353 DPT=47562 PKTS=0 BYTES=0
Nov 22 14:20:33 10.0.0.2 dnsmasq[1]: 668418 fd02:c8be:1d40:0:ed9a:a5a9:93a0:c3e8/55204 forwarded www.aljazeera.com to 194.50.85.5
Nov 22 14:20:33 10.0.0.2 dnsmasq[1]: 668418 fd02:c8be:1d40:0:ed9a:a5a9:93a0:c3e8/55204 forwarded www.aljazeera.com to 194.50.85.7
Nov 22 14:20:33 10.0.0.2 ulogd[1267]: [NEW] ORIG: SRC=176.36.141.89 DST=194.50.85.5 PROTO=UDP SPT=47562 DPT=53 PKTS=0 BYTES=0 , REPLY: SRC=194.50.85.5 DST=176.36.141.89 PROTO=UDP SPT=53 DPT=47562 PKTS=0 BYTES=0
Nov 22 14:20:33 10.0.0.2 ulogd[1267]: [NEW] ORIG: SRC=176.36.141.89 DST=194.50.85.7 PROTO=UDP SPT=47562 DPT=53 PKTS=0 BYTES=0 , REPLY: SRC=194.50.85.7 DST=176.36.141.89 PROTO=UDP SPT=53 DPT=47562 PKTS=0 BYTES=0
Nov 22 14:20:33 10.0.0.2 ulogd[1267]: [NEW] ORIG: SRC=192.168.1.180 DST=192.168.1.1 PROTO=UDP SPT=55204 DPT=53 PKTS=0 BYTES=0 , REPLY: SRC=192.168.1.1 DST=192.168.1.180 PROTO=UDP SPT=53 DPT=55204 PKTS=0 BYTES=0
Nov 22 14:20:33 10.0.0.2 dnsmasq[1]: 668419 192.168.1.180/55204 query[A] www.aljazeera.com from 192.168.1.180
Nov 22 14:20:33 10.0.0.2 dnsmasq[1]: 668418 fd02:c8be:1d40:0:ed9a:a5a9:93a0:c3e8/55204 reply www.aljazeera.com is <CNAME>
Nov 22 14:20:33 10.0.0.2 dnsmasq[1]: 668418 fd02:c8be:1d40:0:ed9a:a5a9:93a0:c3e8/55204 reply www.aljazeera.com.edgekey.net is <CNAME>
Nov 22 14:20:33 10.0.0.2 dnsmasq[1]: 668418 fd02:c8be:1d40:0:ed9a:a5a9:93a0:c3e8/55204 reply e9106.dscg.akamaiedge.net is 23.48.0.162
Nov 22 14:20:33 10.0.0.2 dnsmasq[1]: 668419 192.168.1.180/55204 reply query is duplicate
Nov 22 14:20:34 10.0.0.2 hostapd: wlan0: STA 24:6f:8c:bd:b0:3d IEEE 802.11: deauthenticated due to inactivity (timer DEAUTH/REMOVE)
Nov 22 14:20:34 10.0.0.2 kernel: [700094.867388] ath10k_ahb a000000.wifi: mac flush vdev 0 drop 0 queues 0x1 ar->paused: 0x0  arvif->paused: 0x0
Nov 22 14:20:34 10.0.0.2 ulogd[1267]: [NEW] ORIG: SRC=fd02:c8be:1d40:0:ed9a:a5a9:93a0:c3e8 DST=fd02:c8be:1d40::1 PROTO=UDP SPT=51316 DPT=53 PKTS=0 BYTES=0 , REPLY: SRC=fd02:c8be:1d40::1 DST=fd02:c8be:1d40:0:ed9a:a5a9:93a0:c3e8 PROTO=UDP SPT=53 DPT=51316 PKTS=0 BYTES=0
Nov 22 14:20:34 10.0.0.2 dnsmasq[1]: 668420 fd02:c8be:1d40:0:ed9a:a5a9:93a0:c3e8/51316 query[A] slack.com from fd02:c8be:1d40:0:ed9a:a5a9:93a0:c3e8
Nov 22 14:20:34 10.0.0.2 ulogd[1267]: [NEW] ORIG: SRC=176.36.141.89 DST=194.50.85.5 PROTO=UDP SPT=35114 DPT=53 PKTS=0 BYTES=0 , REPLY: SRC=194.50.85.5 DST=176.36.141.89 PROTO=UDP SPT=53 DPT=35114 PKTS=0 BYTES=0
Nov 22 14:20:34 10.0.0.2 dnsmasq[1]: 668420 fd02:c8be:1d40:0:ed9a:a5a9:93a0:c3e8/51316 forwarded slack.com to 194.50.85.5
Nov 22 14:20:34 10.0.0.2 dnsmasq[1]: 668420 fd02:c8be:1d40:0:ed9a:a5a9:93a0:c3e8/51316 reply slack.com is 18.159.197.225
Nov 22 14:20:34 10.0.0.2 dnsmasq[1]: 668420 fd02:c8be:1d40:0:ed9a:a5a9:93a0:c3e8/51316 reply slack.com is 3.68.175.98
Nov 22 14:20:34 10.0.0.2 dnsmasq[1]: 668420 fd02:c8be:1d40:0:ed9a:a5a9:93a0:c3e8/51316 reply slack.com is 3.68.170.153
Nov 22 14:20:34 10.0.0.2 dnsmasq[1]: 668420 fd02:c8be:1d40:0:ed9a:a5a9:93a0:c3e8/51316 reply slack.com is 3.68.124.168
Nov 22 14:20:34 10.0.0.2 ulogd[1267]: [NEW] ORIG: SRC=192.168.1.180 DST=18.159.197.225 PROTO=TCP SPT=62065 DPT=443 PKTS=0 BYTES=0 , REPLY: SRC=18.159.197.225 DST=176.36.141.89 PROTO=TCP SPT=443 DPT=62065 PKTS=0 BYTES=0
Nov 22 14:20:40 10.0.0.2 ulogd[1267]: [DESTROY] ORIG: SRC=176.36.141.89 DST=194.50.85.5 PROTO=UDP SPT=40805 DPT=53 PKTS=1 BYTES=61 , REPLY: SRC=194.50.85.5 DST=176.36.141.89 PROTO=UDP SPT=53 DPT=40805 PKTS=1 BYTES=151
Nov 22 14:20:43 10.0.0.2 dnsmasq[1]: 668421 fd02:c8be:1d40:0:ed9a:a5a9:93a0:c3e8/51316 query[A] sync-v2.brave.com from fd02:c8be:1d40:0:ed9a:a5a9:93a0:c3e8
Nov 22 14:20:43 10.0.0.2 ulogd[1267]: [NEW] ORIG: SRC=176.36.141.89 DST=194.50.85.5 PROTO=UDP SPT=38196 DPT=53 PKTS=0 BYTES=0 , REPLY: SRC=194.50.85.5 DST=176.36.141.89 PROTO=UDP SPT=53 DPT=38196 PKTS=0 BYTES=0
Nov 22 14:20:43 10.0.0.2 dnsmasq[1]: 668421 fd02:c8be:1d40:0:ed9a:a5a9:93a0:c3e8/51316 forwarded sync-v2.brave.com to 194.50.85.5
Nov 22 14:20:43 10.0.0.2 dnsmasq[1]: 668421 fd02:c8be:1d40:0:ed9a:a5a9:93a0:c3e8/51316 reply sync-v2.brave.com is <CNAME>
Nov 22 14:20:43 10.0.0.2 dnsmasq[1]: 668421 fd02:c8be:1d40:0:ed9a:a5a9:93a0:c3e8/51316 reply sync-alb-152764135.us-west-2.elb.amazonaws.com is 44.228.160.54
Nov 22 14:20:43 10.0.0.2 dnsmasq[1]: 668421 fd02:c8be:1d40:0:ed9a:a5a9:93a0:c3e8/51316 reply sync-alb-152764135.us-west-2.elb.amazonaws.com is 52.34.169.249
Nov 22 14:20:43 10.0.0.2 dnsmasq[1]: 668421 fd02:c8be:1d40:0:ed9a:a5a9:93a0:c3e8/51316 reply sync-alb-152764135.us-west-2.elb.amazonaws.com is 54.190.8.136
Nov 22 14:20:46 10.0.0.2 ulogd[1267]: [DESTROY] ORIG: SRC=176.36.141.89 DST=194.50.85.5 PROTO=UDP SPT=43244 DPT=53 PKTS=1 BYTES=57 , REPLY: SRC=194.50.85.5 DST=176.36.141.89 PROTO=UDP SPT=53 DPT=43244 PKTS=1 BYTES=143
Nov 22 14:20:49 10.0.0.2 ulogd[1267]: [NEW] ORIG: SRC=fd02:c8be:1d40:0:ed9a:a5a9:93a0:c3e8 DST=fd02:c8be:1d40::1 PROTO=TCP SPT=62066 DPT=53 PKTS=0 BYTES=0 , REPLY: SRC=fd02:c8be:1d40::1 DST=fd02:c8be:1d40:0:ed9a:a5a9:93a0:c3e8 PROTO=TCP SPT=53 DPT=62066 PKTS=0 BYTES=0
Nov 22 14:20:49 10.0.0.2 ulogd[1267]: [NEW] ORIG: SRC=fd02:c8be:1d40:0:ed9a:a5a9:93a0:c3e8 DST=fd02:c8be:1d40::1 PROTO=TCP SPT=62067 DPT=53 PKTS=0 BYTES=0 , REPLY: SRC=fd02:c8be:1d40::1 DST=fd02:c8be:1d40:0:ed9a:a5a9:93a0:c3e8 PROTO=TCP SPT=53 DPT=62067 PKTS=0 BYTES=0
Nov 22 14:20:49 10.0.0.2 dnsmasq[5002]: 668422 fd02:c8be:1d40:0:ed9a:a5a9:93a0:c3e8/62066 query[A] spclient.wg.spotify.com from fd02:c8be:1d40:0:ed9a:a5a9:93a0:c3e8
Nov 22 14:20:49 10.0.0.2 ulogd[1267]: [NEW] ORIG: SRC=176.36.141.89 DST=194.50.85.5 PROTO=TCP SPT=47068 DPT=53 PKTS=0 BYTES=0 , REPLY: SRC=194.50.85.5 DST=176.36.141.89 PROTO=TCP SPT=53 DPT=47068 PKTS=0 BYTES=0
Nov 22 14:20:49 10.0.0.2 dnsmasq[5003]: 668522 fd02:c8be:1d40:0:ed9a:a5a9:93a0:c3e8/62067 query[type=65] spclient.wg.spotify.com from fd02:c8be:1d40:0:ed9a:a5a9:93a0:c3e8
Nov 22 14:20:49 10.0.0.2 ulogd[1267]: [NEW] ORIG: SRC=176.36.141.89 DST=194.50.85.5 PROTO=TCP SPT=47082 DPT=53 PKTS=0 BYTES=0 , REPLY: SRC=194.50.85.5 DST=176.36.141.89 PROTO=TCP SPT=53 DPT=47082 PKTS=0 BYTES=0
Nov 22 14:20:50 10.0.0.2 ulogd[1267]: [NEW] ORIG: SRC=fd02:c8be:1d40:0:ed9a:a5a9:93a0:c3e8 DST=fd02:c8be:1d40::1 PROTO=TCP SPT=62068 DPT=53 PKTS=0 BYTES=0 , REPLY: SRC=fd02:c8be:1d40::1 DST=fd02:c8be:1d40:0:ed9a:a5a9:93a0:c3e8 PROTO=TCP SPT=53 DPT=62068 PKTS=0 BYTES=0
Nov 22 14:20:50 10.0.0.2 ulogd[1267]: [NEW] ORIG: SRC=192.168.1.180 DST=192.168.1.1 PROTO=TCP SPT=62069 DPT=53 PKTS=0 BYTES=0 , REPLY: SRC=192.168.1.1 DST=192.168.1.180 PROTO=TCP SPT=53 DPT=62069 PKTS=0 BYTES=0
Nov 22 14:20:50 10.0.0.2 dnsmasq[5004]: 668622 fd02:c8be:1d40:0:ed9a:a5a9:93a0:c3e8/62068 query[A] spclient.wg.spotify.com from fd02:c8be:1d40:0:ed9a:a5a9:93a0:c3e8
Nov 22 14:20:50 10.0.0.2 ulogd[1267]: [DESTROY] ORIG: SRC=176.36.141.89 DST=194.50.85.7 PROTO=UDP SPT=33800 DPT=53 PKTS=1 BYTES=65 , REPLY: SRC=194.50.85.7 DST=176.36.141.89 PROTO=UDP SPT=53 DPT=33800 PKTS=1 BYTES=81
Nov 22 14:20:50 10.0.0.2 ulogd[1267]: [NEW] ORIG: SRC=176.36.141.89 DST=194.50.85.5 PROTO=TCP SPT=47088 DPT=53 PKTS=0 BYTES=0 , REPLY: SRC=194.50.85.5 DST=176.36.141.89 PROTO=TCP SPT=53 DPT=47088 PKTS=0 BYTES=0
Nov 22 14:20:50 10.0.0.2 dnsmasq[5005]: 668722 192.168.1.180/62069 query[type=65] spclient.wg.spotify.com from 192.168.1.180
Nov 22 14:20:50 10.0.0.2 ulogd[1267]: [NEW] ORIG: SRC=176.36.141.89 DST=194.50.85.5 PROTO=TCP SPT=47090 DPT=53 PKTS=0 BYTES=0 , REPLY: SRC=194.50.85.5 DST=176.36.141.89 PROTO=TCP SPT=53 DPT=47090 PKTS=0 BYTES=0
Nov 22 14:20:50 10.0.0.2 ulogd[1267]: [DESTROY] ORIG: SRC=192.168.1.180 DST=185.199.109.154 PROTO=TCP SPT=62055 DPT=443 PKTS=7 BYTES=1123 , REPLY: SRC=185.199.109.154 DST=176.36.141.89 PROTO=TCP SPT=443 DPT=62055 PKTS=8 BYTES=821
Nov 22 14:20:51 10.0.0.2 ulogd[1267]: [NEW] ORIG: SRC=192.168.1.180 DST=192.168.1.1 PROTO=TCP SPT=62070 DPT=53 PKTS=0 BYTES=0 , REPLY: SRC=192.168.1.1 DST=192.168.1.180 PROTO=TCP SPT=53 DPT=62070 PKTS=0 BYTES=0
Nov 22 14:20:51 10.0.0.2 ulogd[1267]: [NEW] ORIG: SRC=fd02:c8be:1d40:0:ed9a:a5a9:93a0:c3e8 DST=fd02:c8be:1d40::1 PROTO=TCP SPT=62071 DPT=53 PKTS=0 BYTES=0 , REPLY: SRC=fd02:c8be:1d40::1 DST=fd02:c8be:1d40:0:ed9a:a5a9:93a0:c3e8 PROTO=TCP SPT=53 DPT=62071 PKTS=0 BYTES=0
Nov 22 14:20:51 10.0.0.2 dnsmasq[5006]: 668822 192.168.1.180/62070 query[A] spclient.wg.spotify.com from 192.168.1.180
Nov 22 14:20:51 10.0.0.2 ulogd[1267]: [NEW] ORIG: SRC=176.36.141.89 DST=194.50.85.5 PROTO=TCP SPT=41316 DPT=53 PKTS=0 BYTES=0 , REPLY: SRC=194.50.85.5 DST=176.36.141.89 PROTO=TCP SPT=53 DPT=41316 PKTS=0 BYTES=0
Nov 22 14:20:51 10.0.0.2 dnsmasq[5007]: 668922 fd02:c8be:1d40:0:ed9a:a5a9:93a0:c3e8/62071 query[type=65] spclient.wg.spotify.com from fd02:c8be:1d40:0:ed9a:a5a9:93a0:c3e8
Nov 22 14:20:51 10.0.0.2 ulogd[1267]: [NEW] ORIG: SRC=176.36.141.89 DST=194.50.85.5 PROTO=TCP SPT=41330 DPT=53 PKTS=0 BYTES=0 , REPLY: SRC=194.50.85.5 DST=176.36.141.89 PROTO=TCP SPT=53 DPT=41330 PKTS=0 BYTES=0
Nov 22 14:20:53 10.0.0.2 ulogd[1267]: [NEW] ORIG: SRC=192.168.1.180 DST=192.168.1.1 PROTO=TCP SPT=62072 DPT=53 PKTS=0 BYTES=0 , REPLY: SRC=192.168.1.1 DST=192.168.1.180 PROTO=TCP SPT=53 DPT=62072 PKTS=0 BYTES=0
Nov 22 14:20:53 10.0.0.2 ulogd[1267]: [NEW] ORIG: SRC=192.168.1.180 DST=192.168.1.1 PROTO=TCP SPT=62073 DPT=53 PKTS=0 BYTES=0 , REPLY: SRC=192.168.1.1 DST=192.168.1.180 PROTO=TCP SPT=53 DPT=62073 PKTS=0 BYTES=0
Nov 22 14:20:53 10.0.0.2 dnsmasq[5008]: 669022 192.168.1.180/62072 query[A] spclient.wg.spotify.com from 192.168.1.180
Nov 22 14:20:53 10.0.0.2 ulogd[1267]: [NEW] ORIG: SRC=176.36.141.89 DST=194.50.85.5 PROTO=TCP SPT=41334 DPT=53 PKTS=0 BYTES=0 , REPLY: SRC=194.50.85.5 DST=176.36.141.89 PROTO=TCP SPT=53 DPT=41334 PKTS=0 BYTES=0
Nov 22 14:20:53 10.0.0.2 dnsmasq[5009]: 669122 192.168.1.180/62073 query[type=65] spclient.wg.spotify.com from 192.168.1.180
Nov 22 14:20:53 10.0.0.2 ulogd[1267]: [NEW] ORIG: SRC=176.36.141.89 DST=194.50.85.5 PROTO=TCP SPT=41344 DPT=53 PKTS=0 BYTES=0 , REPLY: SRC=194.50.85.5 DST=176.36.141.89 PROTO=TCP SPT=53 DPT=41344 PKTS=0 BYTES=0
Nov 22 14:20:55 10.0.0.2 dnsmasq[1]: 669222 fd02:c8be:1d40:0:ed9a:a5a9:93a0:c3e8/51316 query[A] spclient.wg.spotify.com from fd02:c8be:1d40:0:ed9a:a5a9:93a0:c3e8
Nov 22 14:20:55 10.0.0.2 ulogd[1267]: [NEW] ORIG: SRC=192.168.1.1 DST=192.168.1.45 PROTO=UDP SPT=56333 DPT=5353 PKTS=0 BYTES=0 , REPLY: SRC=192.168.1.45 DST=192.168.1.1 PROTO=UDP SPT=5353 DPT=56333 PKTS=0 BYTES=0
Nov 22 14:20:55 10.0.0.2 dnsmasq[1]: 669222 fd02:c8be:1d40:0:ed9a:a5a9:93a0:c3e8/51316 forwarded spclient.wg.spotify.com to 192.168.1.45
Nov 22 14:20:55 10.0.0.2 ulogd[1267]: [NEW] ORIG: SRC=176.36.141.89 DST=194.50.85.5 PROTO=UDP SPT=56333 DPT=53 PKTS=0 BYTES=0 , REPLY: SRC=194.50.85.5 DST=176.36.141.89 PROTO=UDP SPT=53 DPT=56333 PKTS=0 BYTES=0
Nov 22 14:20:55 10.0.0.2 dnsmasq[1]: 669222 fd02:c8be:1d40:0:ed9a:a5a9:93a0:c3e8/51316 forwarded spclient.wg.spotify.com to 194.50.85.5
Nov 22 14:20:55 10.0.0.2 ulogd[1267]: [NEW] ORIG: SRC=176.36.141.89 DST=194.50.85.7 PROTO=UDP SPT=56333 DPT=53 PKTS=0 BYTES=0 , REPLY: SRC=194.50.85.7 DST=176.36.141.89 PROTO=UDP SPT=53 DPT=56333 PKTS=0 BYTES=0
Nov 22 14:20:55 10.0.0.2 dnsmasq[1]: 669222 fd02:c8be:1d40:0:ed9a:a5a9:93a0:c3e8/51316 forwarded spclient.wg.spotify.com to 194.50.85.7
Nov 22 14:20:55 10.0.0.2 dnsmasq[1]: 669222 fd02:c8be:1d40:0:ed9a:a5a9:93a0:c3e8/51316 reply spclient.wg.spotify.com is <CNAME>
Nov 22 14:20:55 10.0.0.2 dnsmasq[1]: 669222 fd02:c8be:1d40:0:ed9a:a5a9:93a0:c3e8/51316 reply edge-web.dual-gslb.spotify.com is 35.186.224.25
Nov 22 14:20:55 10.0.0.2 ulogd[1267]: [NEW] ORIG: SRC=192.168.1.180 DST=35.186.224.25 PROTO=UDP SPT=59633 DPT=443 PKTS=0 BYTES=0 , REPLY: SRC=35.186.224.25 DST=176.36.141.89 PROTO=UDP SPT=443 DPT=59633 PKTS=0 BYTES=0
Nov 22 14:20:55 10.0.0.2 ulogd[1267]: [NEW] ORIG: SRC=192.168.1.180 DST=35.186.224.25 PROTO=TCP SPT=62074 DPT=443 PKTS=0 BYTES=0 , REPLY: SRC=35.186.224.25 DST=176.36.141.89 PROTO=TCP SPT=443 DPT=62074 PKTS=0 BYTES=0
Nov 22 14:20:57 10.0.0.2 ulogd[1267]: [DESTROY] ORIG: SRC=176.36.141.89 DST=194.50.85.5 PROTO=TCP SPT=52328 DPT=53 PKTS=1 BYTES=60 , REPLY: SRC=194.50.85.5 DST=176.36.141.89 PROTO=TCP SPT=53 DPT=52328 PKTS=0 BYTES=0
Nov 22 14:21:18 10.0.0.2 ulogd[1267]: [DESTROY] ORIG: SRC=192.168.1.180 DST=130.211.34.183 PROTO=TCP SPT=61742 DPT=443 PKTS=11 BYTES=3442 , REPLY: SRC=130.211.34.183 DST=176.36.141.89 PROTO=TCP SPT=443 DPT=61742 PKTS=10 BYTES=6954
Nov 22 14:21:27 10.0.0.2 ulogd[1267]: [DESTROY] ORIG: SRC=176.36.141.89 DST=194.50.85.5 PROTO=UDP SPT=45611 DPT=53 PKTS=1 BYTES=77 , REPLY: SRC=194.50.85.5 DST=176.36.141.89 PROTO=UDP SPT=53 DPT=45611 PKTS=1 BYTES=93
Nov 22 19:07:59 10.0.0.2 ulogd[1267]: [NEW] ORIG: SRC=192.168.1.1 DST=192.168.1.45 PROTO=TCP SPT=50982 DPT=514 PKTS=0 BYTES=0 , REPLY: SRC=192.168.1.45 DST=192.168.1.1 PROTO=TCP SPT=514 DPT=50982 PKTS=0 BYTES=0
Nov 22 19:07:59 10.0.0.2 logread[790]: Logread connected to 192.168.1.45:514 via tcp
Nov 22 19:08:00 10.0.0.2 ulogd[1267]: [NEW] ORIG: SRC=192.168.1.151 DST=192.168.1.1 PROTO=UDP SPT=52734 DPT=53 PKTS=0 BYTES=0 , REPLY: SRC=192.168.1.1 DST=192.168.1.151 PROTO=UDP SPT=53 DPT=52734 PKTS=0 BYTES=0
Nov 22 19:08:00 10.0.0.2 dnsmasq[1]: 693711 192.168.1.151/52734 query[A] g.whatsapp.net from 192.168.1.151
Nov 22 19:08:00 10.0.0.2 ulogd[1267]: [NEW] ORIG: SRC=192.168.1.1 DST=192.168.1.45 PROTO=UDP SPT=48494 DPT=5353 PKTS=0 BYTES=0 , REPLY: SRC=192.168.1.45 DST=192.168.1.1 PROTO=UDP SPT=5353 DPT=48494 PKTS=0 BYTES=0
Nov 22 19:08:00 10.0.0.2 dnsmasq[1]: 693711 192.168.1.151/52734 forwarded g.whatsapp.net to 192.168.1.45
Nov 22 19:08:00 10.0.0.2 dnsmasq[1]: 693711 192.168.1.151/52734 forwarded g.whatsapp.net to 194.50.85.5
Nov 22 19:08:00 10.0.0.2 ulogd[1267]: [NEW] ORIG: SRC=176.36.141.89 DST=194.50.85.5 PROTO=UDP SPT=48494 DPT=53 PKTS=0 BYTES=0 , REPLY: SRC=194.50.85.5 DST=176.36.141.89 PROTO=UDP SPT=53 DPT=48494 PKTS=0 BYTES=0
Nov 22 19:08:00 10.0.0.2 dnsmasq[1]: 693711 192.168.1.151/52734 forwarded g.whatsapp.net to 194.50.85.7
Nov 22 19:08:00 10.0.0.2 ulogd[1267]: [NEW] ORIG: SRC=176.36.141.89 DST=194.50.85.7 PROTO=UDP SPT=48494 DPT=53 PKTS=0 BYTES=0 , REPLY: SRC=194.50.85.7 DST=176.36.141.89 PROTO=UDP SPT=53 DPT=48494 PKTS=0 BYTES=0
Nov 22 19:08:00 10.0.0.2 dnsmasq[1]: 693711 192.168.1.151/52734 reply g.whatsapp.net is <CNAME>
Nov 22 19:08:00 10.0.0.2 dnsmasq[1]: 693711 192.168.1.151/52734 reply chat.cdn.whatsapp.net is 157.240.224.61
Nov 22 19:08:00 10.0.0.2 ulogd[1267]: [NEW] ORIG: SRC=192.168.1.151 DST=157.240.224.61 PROTO=TCP SPT=49195 DPT=5222 PKTS=0 BYTES=0 , REPLY: SRC=157.240.224.61 DST=176.36.141.89 PROTO=TCP SPT=5222 DPT=49195 PKTS=0 BYTES=0
Nov 22 19:08:01 10.0.0.2 ulogd[1267]: [NEW] ORIG: SRC=192.168.1.151 DST=192.168.1.1 PROTO=UDP SPT=61994 DPT=53 PKTS=0 BYTES=0 , REPLY: SRC=192.168.1.1 DST=192.168.1.151 PROTO=UDP SPT=53 DPT=61994 PKTS=0 BYTES=0
Nov 22 19:08:01 10.0.0.2 dnsmasq[1]: 693712 192.168.1.151/61994 query[type=65] pps.whatsapp.net from 192.168.1.151
Nov 22 19:08:01 10.0.0.2 ulogd[1267]: [NEW] ORIG: SRC=192.168.1.151 DST=192.168.1.1 PROTO=UDP SPT=65510 DPT=53 PKTS=0 BYTES=0 , REPLY: SRC=192.168.1.1 DST=192.168.1.151 PROTO=UDP SPT=53 DPT=65510 PKTS=0 BYTES=0
Nov 22 19:08:01 10.0.0.2 dnsmasq[1]: 693712 192.168.1.151/61994 forwarded pps.whatsapp.net to 194.50.85.7
Nov 22 19:08:01 10.0.0.2 ulogd[1267]: [NEW] ORIG: SRC=176.36.141.89 DST=194.50.85.7 PROTO=UDP SPT=40746 DPT=53 PKTS=0 BYTES=0 , REPLY: SRC=194.50.85.7 DST=176.36.141.89 PROTO=UDP SPT=53 DPT=40746 PKTS=0 BYTES=0
Nov 22 19:08:01 10.0.0.2 dnsmasq[1]: 693712 192.168.1.151/61994 reply pps.whatsapp.net is <CNAME>
Nov 22 19:08:01 10.0.0.2 dnsmasq[1]: 693712 192.168.1.151/61994 reply mmx-ds.cdn.whatsapp.net is NODATA
Nov 22 19:08:01 10.0.0.2 dnsmasq[1]: 693713 192.168.1.151/65510 query[A] pps.whatsapp.net from 192.168.1.151
Nov 22 19:08:01 10.0.0.2 dnsmasq[1]: 693713 192.168.1.151/65510 forwarded pps.whatsapp.net to 194.50.85.7
Nov 22 19:08:01 10.0.0.2 ulogd[1267]: [NEW] ORIG: SRC=176.36.141.89 DST=194.50.85.7 PROTO=UDP SPT=60381 DPT=53 PKTS=0 BYTES=0 , REPLY: SRC=194.50.85.7 DST=176.36.141.89 PROTO=UDP SPT=53 DPT=60381 PKTS=0 BYTES=0
Nov 22 19:08:01 10.0.0.2 dnsmasq[1]: 693713 192.168.1.151/65510 reply pps.whatsapp.net is <CNAME>
Nov 22 19:08:01 10.0.0.2 dnsmasq[1]: 693713 192.168.1.151/65510 reply mmx-ds.cdn.whatsapp.net is 157.240.224.60
Nov 22 19:08:01 10.0.0.2 ulogd[1267]: [NEW] ORIG: SRC=192.168.1.151 DST=192.168.1.1 PROTO=UDP SPT=57196 DPT=53 PKTS=0 BYTES=0 , REPLY: SRC=192.168.1.1 DST=192.168.1.151 PROTO=UDP SPT=53 DPT=57196 PKTS=0 BYTES=0
Nov 22 19:08:01 10.0.0.2 dnsmasq[1]: 693714 192.168.1.151/57196 query[type=65] mmx-ds.cdn.whatsapp.net from 192.168.1.151
Nov 22 19:08:01 10.0.0.2 dnsmasq[1]: 693714 192.168.1.151/57196 forwarded mmx-ds.cdn.whatsapp.net to 194.50.85.7
Nov 22 19:08:01 10.0.0.2 ulogd[1267]: [NEW] ORIG: SRC=176.36.141.89 DST=194.50.85.7 PROTO=UDP SPT=44748 DPT=53 PKTS=0 BYTES=0 , REPLY: SRC=194.50.85.7 DST=176.36.141.89 PROTO=UDP SPT=53 DPT=44748 PKTS=0 BYTES=0
Nov 22 19:08:01 10.0.0.2 dnsmasq[1]: 693714 192.168.1.151/57196 reply mmx-ds.cdn.whatsapp.net is NODATA
Nov 22 19:08:01 10.0.0.2 ulogd[1267]: [DESTROY] ORIG: SRC=fd02:c8be:1d40:0:ac0c:95fe:edec:9466 DST=fd02:c8be:1d40::1 PROTO=UDP SPT=59473 DPT=53 PKTS=1 BYTES=89 , REPLY: SRC=fd02:c8be:1d40::1 DST=fd02:c8be:1d40:0:ac0c:95fe:edec:9466 PROTO=UDP SPT=53 DPT=59473 PKTS=1 BYTES=212
Nov 22 19:08:01 10.0.0.2 ulogd[1267]: [NEW] ORIG: SRC=192.168.1.151 DST=157.240.224.60 PROTO=TCP SPT=56600 DPT=443 PKTS=0 BYTES=0 , REPLY: SRC=157.240.224.60 DST=176.36.141.89 PROTO=TCP SPT=443 DPT=56600 PKTS=0 BYTES=0
Nov 22 19:08:05 10.0.0.2 ulogd[1267]: [DESTROY] ORIG: SRC=192.168.1.45 DST=185.199.109.154 PROTO=TCP SPT=57454 DPT=443 PKTS=1738 BYTES=91292 , REPLY: SRC=185.199.109.154 DST=176.36.141.89 PROTO=TCP SPT=443 DPT=57454 PKTS=1899 BYTES=5296041
Nov 22 19:08:07 10.0.0.2 ulogd[1267]: [NEW] ORIG: SRC=3.75.183.254 DST=176.36.141.89 PROTO=ICMP TYPE=0 CODE=8 PKTS=0 BYTES=0 , REPLY: SRC=176.36.141.89 DST=3.75.183.254 PROTO=ICMP TYPE=0 CODE=8 PKTS=0 BYTES=0
Nov 22 19:08:07 10.0.0.2 ulogd[1267]: [NEW] ORIG: SRC=3.69.150.185 DST=176.36.141.89 PROTO=ICMP TYPE=0 CODE=8 PKTS=0 BYTES=0 , REPLY: SRC=176.36.141.89 DST=3.69.150.185 PROTO=ICMP TYPE=0 CODE=8 PKTS=0 BYTES=0
Nov 22 19:08:07 10.0.0.2 ulogd[1267]: [NEW] ORIG: SRC=3.65.206.29 DST=176.36.141.89 PROTO=ICMP TYPE=0 CODE=8 PKTS=0 BYTES=0 , REPLY: SRC=176.36.141.89 DST=3.65.206.29 PROTO=ICMP TYPE=0 CODE=8 PKTS=0 BYTES=0
Nov 22 19:08:07 10.0.0.2 ulogd[1267]: [NEW] ORIG: SRC=140.179.180.68 DST=176.36.141.89 PROTO=ICMP TYPE=0 CODE=8 PKTS=0 BYTES=0 , REPLY: SRC=176.36.141.89 DST=140.179.180.68 PROTO=ICMP TYPE=0 CODE=8 PKTS=0 BYTES=0
Nov 22 19:08:07 10.0.0.2 ulogd[1267]: [NEW] ORIG: SRC=54.223.215.162 DST=176.36.141.89 PROTO=ICMP TYPE=0 CODE=8 PKTS=0 BYTES=0 , REPLY: SRC=176.36.141.89 DST=54.223.215.162 PROTO=ICMP TYPE=0 CODE=8 PKTS=0 BYTES=0
Nov 22 19:08:07 10.0.0.2 ulogd[1267]: [NEW] ORIG: SRC=54.222.221.189 DST=176.36.141.89 PROTO=ICMP TYPE=0 CODE=8 PKTS=0 BYTES=0 , REPLY: SRC=176.36.141.89 DST=54.222.221.189 PROTO=ICMP TYPE=0 CODE=8 PKTS=0 BYTES=0
Nov 22 19:08:15 10.0.0.2 ulogd[1267]: [DESTROY] ORIG: SRC=192.168.1.45 DST=140.82.121.33 PROTO=TCP SPT=37480 DPT=443 PKTS=11 BYTES=1420 , REPLY: SRC=140.82.121.33 DST=176.36.141.89 PROTO=TCP SPT=443 DPT=37480 PKTS=9 BYTES=5237
Nov 22 19:08:20 10.0.0.2 ulogd[1267]: [NEW] ORIG: SRC=fd02:c8be:1d40:0:ac0c:95fe:edec:9466 DST=fd02:c8be:1d40::1 PROTO=UDP SPT=53920 DPT=53 PKTS=0 BYTES=0 , REPLY: SRC=fd02:c8be:1d40::1 DST=fd02:c8be:1d40:0:ac0c:95fe:edec:9466 PROTO=UDP SPT=53 DPT=53920 PKTS=0 BYTES=0
Nov 22 19:08:20 10.0.0.2 dnsmasq[1]: 693715 fd02:c8be:1d40:0:ac0c:95fe:edec:9466/53920 query[A] sync-v2.brave.com from fd02:c8be:1d40:0:ac0c:95fe:edec:9466
Nov 22 19:08:20 10.0.0.2 dnsmasq[1]: 693715 fd02:c8be:1d40:0:ac0c:95fe:edec:9466/53920 cached sync-v2.brave.com is <CNAME>
Nov 22 19:08:20 10.0.0.2 ulogd[1267]: [NEW] ORIG: SRC=176.36.141.89 DST=194.50.85.7 PROTO=UDP SPT=58358 DPT=53 PKTS=0 BYTES=0 , REPLY: SRC=194.50.85.7 DST=176.36.141.89 PROTO=UDP SPT=53 DPT=58358 PKTS=0 BYTES=0
Nov 22 19:08:20 10.0.0.2 dnsmasq[1]: 693715 fd02:c8be:1d40:0:ac0c:95fe:edec:9466/53920 forwarded sync-v2.brave.com to 194.50.85.7
Nov 22 19:08:20 10.0.0.2 ulogd[1267]: [NEW] ORIG: SRC=192.168.1.144 DST=192.168.1.1 PROTO=UDP SPT=53920 DPT=53 PKTS=0 BYTES=0 , REPLY: SRC=192.168.1.1 DST=192.168.1.144 PROTO=UDP SPT=53 DPT=53920 PKTS=0 BYTES=0
Nov 22 19:08:20 10.0.0.2 dnsmasq[1]: 693716 192.168.1.144/53920 query[A] sync-v2.brave.com from 192.168.1.144
Nov 22 19:08:20 10.0.0.2 dnsmasq[1]: 693715 fd02:c8be:1d40:0:ac0c:95fe:edec:9466/53920 reply sync-v2.brave.com is <CNAME>
Nov 22 19:08:20 10.0.0.2 dnsmasq[1]: 693715 fd02:c8be:1d40:0:ac0c:95fe:edec:9466/53920 reply sync-alb-152764135.us-west-2.elb.amazonaws.com is 54.190.8.136
Nov 22 19:08:20 10.0.0.2 dnsmasq[1]: 693715 fd02:c8be:1d40:0:ac0c:95fe:edec:9466/53920 reply sync-alb-152764135.us-west-2.elb.amazonaws.com is 52.34.169.249
Nov 22 19:08:20 10.0.0.2 dnsmasq[1]: 693715 fd02:c8be:1d40:0:ac0c:95fe:edec:9466/53920 reply sync-alb-152764135.us-west-2.elb.amazonaws.com is 44.228.160.54
Nov 22 19:08:20 10.0.0.2 dnsmasq[1]: 693716 192.168.1.144/53920 reply query is duplicate
Nov 22 19:08:23 10.0.0.2 ulogd[1267]: [NEW] ORIG: SRC=fd02:c8be:1d40:0:ac0c:95fe:edec:9466 DST=fd02:c8be:1d40::1 PROTO=UDP SPT=52006 DPT=53 PKTS=0 BYTES=0 , REPLY: SRC=fd02:c8be:1d40::1 DST=fd02:c8be:1d40:0:ac0c:95fe:edec:9466 PROTO=UDP SPT=53 DPT=52006 PKTS=0 BYTES=0
Nov 22 19:08:23 10.0.0.2 dnsmasq[1]: 693717 fd02:c8be:1d40:0:ac0c:95fe:edec:9466/52006 query[A] lps.navigator-bs.gmx.com from fd02:c8be:1d40:0:ac0c:95fe:edec:9466
Nov 22 19:08:23 10.0.0.2 dnsmasq[1]: 693717 fd02:c8be:1d40:0:ac0c:95fe:edec:9466/52006 forwarded lps.navigator-bs.gmx.com to 192.168.1.45
Nov 22 19:08:23 10.0.0.2 ulogd[1267]: [NEW] ORIG: SRC=192.168.1.1 DST=192.168.1.45 PROTO=UDP SPT=45917 DPT=5353 PKTS=0 BYTES=0 , REPLY: SRC=192.168.1.45 DST=192.168.1.1 PROTO=UDP SPT=5353 DPT=45917 PKTS=0 BYTES=0
Nov 22 19:08:23 10.0.0.2 dnsmasq[1]: 693717 fd02:c8be:1d40:0:ac0c:95fe:edec:9466/52006 forwarded lps.navigator-bs.gmx.com to 194.50.85.5
Nov 22 19:08:23 10.0.0.2 ulogd[1267]: [NEW] ORIG: SRC=176.36.141.89 DST=194.50.85.5 PROTO=UDP SPT=45917 DPT=53 PKTS=0 BYTES=0 , REPLY: SRC=194.50.85.5 DST=176.36.141.89 PROTO=UDP SPT=53 DPT=45917 PKTS=0 BYTES=0
Nov 22 19:08:23 10.0.0.2 ulogd[1267]: [NEW] ORIG: SRC=fd02:c8be:1d40:0:ac0c:95fe:edec:9466 DST=fd02:c8be:1d40::1 PROTO=UDP SPT=53467 DPT=53 PKTS=0 BYTES=0 , REPLY: SRC=fd02:c8be:1d40::1 DST=fd02:c8be:1d40:0:ac0c:95fe:edec:9466 PROTO=UDP SPT=53 DPT=53467 PKTS=0 BYTES=0
Nov 22 19:08:23 10.0.0.2 dnsmasq[1]: 693717 fd02:c8be:1d40:0:ac0c:95fe:edec:9466/52006 forwarded lps.navigator-bs.gmx.com to 194.50.85.7
Nov 22 19:08:23 10.0.0.2 ulogd[1267]: [NEW] ORIG: SRC=fd02:c8be:1d40:0:ac0c:95fe:edec:9466 DST=fd02:c8be:1d40::1 PROTO=UDP SPT=56666 DPT=53 PKTS=0 BYTES=0 , REPLY: SRC=fd02:c8be:1d40::1 DST=fd02:c8be:1d40:0:ac0c:95fe:edec:9466 PROTO=UDP SPT=53 DPT=56666 PKTS=0 BYTES=0
Nov 22 19:08:23 10.0.0.2 dnsmasq[1]: 693718 fd02:c8be:1d40:0:ac0c:95fe:edec:9466/53467 query[A] spclient.wg.spotify.com from fd02:c8be:1d40:0:ac0c:95fe:edec:9466
Nov 22 19:08:23 10.0.0.2 dnsmasq[1]: 693718 fd02:c8be:1d40:0:ac0c:95fe:edec:9466/53467 cached spclient.wg.spotify.com is <CNAME>
Nov 22 19:08:23 10.0.0.2 ulogd[1267]: [NEW] ORIG: SRC=176.36.141.89 DST=194.50.85.7 PROTO=UDP SPT=45917 DPT=53 PKTS=0 BYTES=0 , REPLY: SRC=194.50.85.7 DST=176.36.141.89 PROTO=UDP SPT=53 DPT=45917 PKTS=0 BYTES=0
Nov 22 19:08:23 10.0.0.2 dnsmasq[1]: 693718 fd02:c8be:1d40:0:ac0c:95fe:edec:9466/53467 forwarded spclient.wg.spotify.com to 194.50.85.7
Nov 22 19:08:23 10.0.0.2 ulogd[1267]: [NEW] ORIG: SRC=176.36.141.89 DST=194.50.85.7 PROTO=UDP SPT=58519 DPT=53 PKTS=0 BYTES=0 , REPLY: SRC=194.50.85.7 DST=176.36.141.89 PROTO=UDP SPT=53 DPT=58519 PKTS=0 BYTES=0
Nov 22 19:08:23 10.0.0.2 dnsmasq[1]: 693719 fd02:c8be:1d40:0:ac0c:95fe:edec:9466/56666 query[type=65] spclient.wg.spotify.com from fd02:c8be:1d40:0:ac0c:95fe:edec:9466
Nov 22 19:08:23 10.0.0.2 dnsmasq[1]: 693719 fd02:c8be:1d40:0:ac0c:95fe:edec:9466/56666 forwarded spclient.wg.spotify.com to 194.50.85.7
Nov 22 19:08:23 10.0.0.2 ulogd[1267]: [NEW] ORIG: SRC=176.36.141.89 DST=194.50.85.7 PROTO=UDP SPT=48841 DPT=53 PKTS=0 BYTES=0 , REPLY: SRC=194.50.85.7 DST=176.36.141.89 PROTO=UDP SPT=53 DPT=48841 PKTS=0 BYTES=0
Nov 22 19:08:23 10.0.0.2 dnsmasq[1]: 693718 fd02:c8be:1d40:0:ac0c:95fe:edec:9466/53467 reply spclient.wg.spotify.com is <CNAME>
Nov 22 19:08:23 10.0.0.2 dnsmasq[1]: 693718 fd02:c8be:1d40:0:ac0c:95fe:edec:9466/53467 reply edge-web.dual-gslb.spotify.com is 35.186.224.25
Nov 22 19:08:23 10.0.0.2 dnsmasq[1]: 693719 fd02:c8be:1d40:0:ac0c:95fe:edec:9466/56666 reply spclient.wg.spotify.com is <CNAME>
Nov 22 19:08:23 10.0.0.2 dnsmasq[1]: 693719 fd02:c8be:1d40:0:ac0c:95fe:edec:9466/56666 reply edge-web.dual-gslb.spotify.com is NODATA
Nov 22 19:08:23 10.0.0.2 ulogd[1267]: [NEW] ORIG: SRC=192.168.1.144 DST=192.168.1.1 PROTO=UDP SPT=52006 DPT=53 PKTS=0 BYTES=0 , REPLY: SRC=192.168.1.1 DST=192.168.1.144 PROTO=UDP SPT=53 DPT=52006 PKTS=0 BYTES=0
Nov 22 19:08:23 10.0.0.2 dnsmasq[1]: 693720 192.168.1.144/52006 query[A] lps.navigator-bs.gmx.com from 192.168.1.144
Nov 22 19:08:23 10.0.0.2 ulogd[1267]: [NEW] ORIG: SRC=192.168.1.144 DST=35.186.224.25 PROTO=UDP SPT=60948 DPT=443 PKTS=0 BYTES=0 , REPLY: SRC=35.186.224.25 DST=176.36.141.89 PROTO=UDP SPT=443 DPT=60948 PKTS=0 BYTES=0
Nov 22 19:08:23 10.0.0.2 dnsmasq[1]: 693717 fd02:c8be:1d40:0:ac0c:95fe:edec:9466/52006 reply lps.navigator-bs.gmx.com is 217.72.199.27
Nov 22 19:08:23 10.0.0.2 dnsmasq[1]: 693720 192.168.1.144/52006 reply query is duplicate
Nov 22 19:08:23 10.0.0.2 ulogd[1267]: [NEW] ORIG: SRC=192.168.1.144 DST=217.72.199.27 PROTO=TCP SPT=49263 DPT=443 PKTS=0 BYTES=0 , REPLY: SRC=217.72.199.27 DST=176.36.141.89 PROTO=TCP SPT=443 DPT=49263 PKTS=0 BYTES=0
Nov 22 19:08:25 10.0.0.2 ulogd[1267]: [DESTROY] ORIG: SRC=192.168.1.45 DST=185.199.110.154 PROTO=TCP SPT=54268 DPT=443 PKTS=11 BYTES=1490 , REPLY: SRC=185.199.110.154 DST=176.36.141.89 PROTO=TCP SPT=443 DPT=54268 PKTS=11 BYTES=6620
Nov 22 19:08:27 10.0.0.2 ulogd[1267]: [DESTROY] ORIG: SRC=fe80::b295:75ff:fe15:6fa5 DST=ff02::1:2 PROTO=UDP SPT=546 DPT=547 PKTS=1 BYTES=150 , REPLY: SRC=ff02::1:2 DST=fe80::b295:75ff:fe15:6fa5 PROTO=UDP SPT=547 DPT=546 PKTS=0 BYTES=0
Nov 22 19:08:27 10.0.0.2 ulogd[1267]: [NEW] ORIG: SRC=fe80::b295:75ff:fe15:6fa5 DST=ff02::1:2 PROTO=UDP SPT=546 DPT=547 PKTS=0 BYTES=0 , REPLY: SRC=ff02::1:2 DST=fe80::b295:75ff:fe15:6fa5 PROTO=UDP SPT=547 DPT=546 PKTS=0 BYTES=0
Nov 22 19:08:35 10.0.0.2 ulogd[1267]: [DESTROY] ORIG: SRC=192.168.1.45 DST=192.168.1.1 PROTO=UDP SPT=36685 DPT=53 PKTS=1 BYTES=64 , REPLY: SRC=192.168.1.1 DST=192.168.1.45 PROTO=UDP SPT=53 DPT=36685 PKTS=1 BYTES=96
Nov 22 19:08:35 10.0.0.2 ulogd[1267]: [DESTROY] ORIG: SRC=192.168.1.45 DST=192.168.1.1 PROTO=UDP SPT=37258 DPT=53 PKTS=1 BYTES=64 , REPLY: SRC=192.168.1.1 DST=192.168.1.45 PROTO=UDP SPT=53 DPT=37258 PKTS=1 BYTES=96
Nov 22 19:08:36 10.0.0.2 ulogd[1267]: [NEW] ORIG: SRC=192.168.1.144 DST=217.72.196.44 PROTO=TCP SPT=49266 DPT=443 PKTS=0 BYTES=0 , REPLY: SRC=217.72.196.44 DST=176.36.141.89 PROTO=TCP SPT=443 DPT=49266 PKTS=0 BYTES=0
Nov 22 19:08:38 10.0.0.2 ulogd[1267]: [DESTROY] ORIG: SRC=fd02:c8be:1d40:0:ac0c:95fe:edec:9466 DST=fd02:c8be:1d40::1 PROTO=UDP SPT=65405 DPT=53 PKTS=2 BYTES=166 , REPLY: SRC=fd02:c8be:1d40::1 DST=fd02:c8be:1d40:0:ac0c:95fe:edec:9466 PROTO=UDP SPT=53 DPT=65405 PKTS=2 BYTES=366
Nov 22 19:08:42 10.0.0.2 ulogd[1267]: [DESTROY] ORIG: SRC=192.168.1.45 DST=192.168.1.1 PROTO=UDP SPT=52493 DPT=53 PKTS=1 BYTES=64 , REPLY: SRC=192.168.1.1 DST=192.168.1.45 PROTO=UDP SPT=53 DPT=52493 PKTS=1 BYTES=64
Nov 22 19:08:47 10.0.0.2 ulogd[1267]: [DESTROY] ORIG: SRC=192.168.1.45 DST=192.168.1.1 PROTO=UDP SPT=33836 DPT=53 PKTS=1 BYTES=64 , REPLY: SRC=192.168.1.1 DST=192.168.1.45 PROTO=UDP SPT=53 DPT=33836 PKTS=1 BYTES=126
Nov 22 19:08:47 10.0.0.2 ulogd[1267]: [DESTROY] ORIG: SRC=192.168.1.45 DST=192.168.1.1 PROTO=UDP SPT=52187 DPT=53 PKTS=1 BYTES=64 , REPLY: SRC=192.168.1.1 DST=192.168.1.45 PROTO=UDP SPT=53 DPT=52187 PKTS=1 BYTES=80
Nov 22 19:08:48 10.0.0.2 ulogd[1267]: [DESTROY] ORIG: SRC=192.168.1.45 DST=192.168.1.1 PROTO=UDP SPT=35000 DPT=53 PKTS=1 BYTES=64 , REPLY: SRC=192.168.1.1 DST=192.168.1.45 PROTO=UDP SPT=53 DPT=35000 PKTS=1 BYTES=64
Nov 22 19:08:48 10.0.0.2 ulogd[1267]: [DESTROY] ORIG: SRC=192.168.1.45 DST=185.199.110.154 PROTO=TCP SPT=54270 DPT=443 PKTS=12 BYTES=1544 , REPLY: SRC=185.199.110.154 DST=176.36.141.89 PROTO=TCP SPT=443 DPT=54270 PKTS=12 BYTES=10108
Nov 22 19:08:48 10.0.0.2 ulogd[1267]: [DESTROY] ORIG: SRC=192.168.1.45 DST=192.168.1.1 PROTO=UDP SPT=57120 DPT=53 PKTS=1 BYTES=64 , REPLY: SRC=192.168.1.1 DST=192.168.1.45 PROTO=UDP SPT=53 DPT=57120 PKTS=1 BYTES=148
Nov 22 19:08:48 10.0.0.2 ulogd[1267]: [DESTROY] ORIG: SRC=192.168.1.45 DST=192.168.1.1 PROTO=UDP SPT=56142 DPT=53 PKTS=1 BYTES=93 , REPLY: SRC=192.168.1.1 DST=192.168.1.45 PROTO=UDP SPT=53 DPT=56142 PKTS=1 BYTES=157
Nov 22 19:08:48 10.0.0.2 ulogd[1267]: [DESTROY] ORIG: SRC=192.168.1.144 DST=35.186.224.25 PROTO=TCP SPT=49163 DPT=443 PKTS=11 BYTES=1101 , REPLY: SRC=35.186.224.25 DST=176.36.141.89 PROTO=TCP SPT=443 DPT=49163 PKTS=9 BYTES=1186
Nov 22 19:08:48 10.0.0.2 ulogd[1267]: [DESTROY] ORIG: SRC=192.168.1.45 DST=140.82.121.33 PROTO=TCP SPT=52278 DPT=443 PKTS=9 BYTES=1034 , REPLY: SRC=140.82.121.33 DST=176.36.141.89 PROTO=TCP SPT=443 DPT=52278 PKTS=8 BYTES=5094
Nov 22 19:08:48 10.0.0.2 ulogd[1267]: [DESTROY] ORIG: SRC=18.157.79.130 DST=176.36.141.89 PROTO=ICMP TYPE=0 CODE=8 PKTS=1 BYTES=36 , REPLY: SRC=176.36.141.89 DST=18.157.79.130 PROTO=ICMP TYPE=0 CODE=8 PKTS=1 BYTES=36
Nov 22 19:08:48 10.0.0.2 ulogd[1267]: [DESTROY] ORIG: SRC=192.168.1.45 DST=3.67.33.93 PROTO=TCP SPT=33736 DPT=443 PKTS=13 BYTES=1614 , REPLY: SRC=3.67.33.93 DST=176.36.141.89 PROTO=TCP SPT=443 DPT=33736 PKTS=11 BYTES=5545
Nov 22 19:08:48 10.0.0.2 ulogd[1267]: [DESTROY] ORIG: SRC=192.168.1.45 DST=192.168.1.1 PROTO=UDP SPT=42929 DPT=53 PKTS=1 BYTES=93 , REPLY: SRC=192.168.1.1 DST=192.168.1.45 PROTO=UDP SPT=53 DPT=42929 PKTS=1 BYTES=205
Nov 22 19:08:48 10.0.0.2 ulogd[1267]: [DESTROY] ORIG: SRC=176.36.141.89 DST=194.50.85.5 PROTO=UDP SPT=55844 DPT=53 PKTS=1 BYTES=71 , REPLY: SRC=194.50.85.5 DST=176.36.141.89 PROTO=UDP SPT=53 DPT=55844 PKTS=1 BYTES=119
Nov 22 19:08:48 10.0.0.2 ulogd[1267]: [DESTROY] ORIG: SRC=176.36.141.89 DST=194.50.85.5 PROTO=UDP SPT=39842 DPT=53 PKTS=1 BYTES=64 , REPLY: SRC=194.50.85.5 DST=176.36.141.89 PROTO=UDP SPT=53 DPT=39842 PKTS=1 BYTES=126
Nov 22 19:08:48 10.0.0.2 ulogd[1267]: [DESTROY] ORIG: SRC=192.168.1.45 DST=192.168.1.1 PROTO=UDP SPT=43611 DPT=53 PKTS=1 BYTES=64 , REPLY: SRC=192.168.1.1 DST=192.168.1.45 PROTO=UDP SPT=53 DPT=43611 PKTS=1 BYTES=64
Nov 22 19:08:48 10.0.0.2 ulogd[1267]: [DESTROY] ORIG: SRC=192.168.1.45 DST=192.168.1.1 PROTO=UDP SPT=45463 DPT=53 PKTS=1 BYTES=64 , REPLY: SRC=192.168.1.1 DST=192.168.1.45 PROTO=UDP SPT=53 DPT=45463 PKTS=1 BYTES=126
Nov 22 19:08:48 10.0.0.2 ulogd[1267]: [DESTROY] ORIG: SRC=176.36.141.89 DST=194.50.85.5 PROTO=UDP SPT=41764 DPT=53 PKTS=1 BYTES=93 , REPLY: SRC=194.50.85.5 DST=176.36.141.89 PROTO=UDP SPT=53 DPT=41764 PKTS=1 BYTES=205
Nov 22 19:08:48 10.0.0.2 ulogd[1267]: [DESTROY] ORIG: SRC=192.168.1.45 DST=192.168.1.1 PROTO=UDP SPT=52703 DPT=53 PKTS=1 BYTES=77 , REPLY: SRC=192.168.1.1 DST=192.168.1.45 PROTO=UDP SPT=53 DPT=52703 PKTS=1 BYTES=125
Nov 22 19:08:48 10.0.0.2 ulogd[1267]: [DESTROY] ORIG: SRC=192.168.1.45 DST=192.168.1.1 PROTO=UDP SPT=52991 DPT=53 PKTS=1 BYTES=64 , REPLY: SRC=192.168.1.1 DST=192.168.1.45 PROTO=UDP SPT=53 DPT=52991 PKTS=1 BYTES=80
Nov 22 19:08:48 10.0.0.2 ulogd[1267]: [DESTROY] ORIG: SRC=192.168.1.45 DST=192.168.1.1 PROTO=UDP SPT=35419 DPT=53 PKTS=1 BYTES=64 , REPLY: SRC=192.168.1.1 DST=192.168.1.45 PROTO=UDP SPT=53 DPT=35419 PKTS=1 BYTES=80
Nov 22 19:08:48 10.0.0.2 ulogd[1267]: [DESTROY] ORIG: SRC=192.168.1.45 DST=192.168.1.1 PROTO=UDP SPT=40317 DPT=53 PKTS=1 BYTES=64 , REPLY: SRC=192.168.1.1 DST=192.168.1.45 PROTO=UDP SPT=53 DPT=40317 PKTS=1 BYTES=80
Nov 22 19:08:48 10.0.0.2 ulogd[1267]: [DESTROY] ORIG: SRC=176.36.141.89 DST=194.50.85.5 PROTO=UDP SPT=41634 DPT=53 PKTS=1 BYTES=64 , REPLY: SRC=194.50.85.5 DST=176.36.141.89 PROTO=UDP SPT=53 DPT=41634 PKTS=1 BYTES=148
Nov 22 19:08:48 10.0.0.2 ulogd[1267]: [DESTROY] ORIG: SRC=192.168.1.144 DST=192.168.1.1 PROTO=UDP SPT=65045 DPT=53 PKTS=1 BYTES=63 , REPLY: SRC=192.168.1.1 DST=192.168.1.144 PROTO=UDP SPT=53 DPT=65045 PKTS=1 BYTES=158
Nov 22 19:08:48 10.0.0.2 ulogd[1267]: [DESTROY] ORIG: SRC=192.168.1.45 DST=192.168.1.1 PROTO=UDP SPT=37432 DPT=53 PKTS=1 BYTES=93 , REPLY: SRC=192.168.1.1 DST=192.168.1.45 PROTO=UDP SPT=53 DPT=37432 PKTS=1 BYTES=205
Nov 22 19:08:48 10.0.0.2 ulogd[1267]: [DESTROY] ORIG: SRC=192.168.1.45 DST=192.168.1.1 PROTO=UDP SPT=44886 DPT=53 PKTS=1 BYTES=64 , REPLY: SRC=192.168.1.1 DST=192.168.1.45 PROTO=UDP SPT=53 DPT=44886 PKTS=1 BYTES=64
Nov 22 19:08:48 10.0.0.2 ulogd[1267]: [DESTROY] ORIG: SRC=192.168.1.45 DST=140.82.121.33 PROTO=TCP SPT=52288 DPT=443 PKTS=10 BYTES=1124 , REPLY: SRC=140.82.121.33 DST=176.36.141.89 PROTO=TCP SPT=443 DPT=52288 PKTS=9 BYTES=5015
Nov 22 19:08:48 10.0.0.2 ulogd[1267]: [DESTROY] ORIG: SRC=192.168.1.45 DST=192.168.1.1 PROTO=UDP SPT=60543 DPT=53 PKTS=1 BYTES=64 , REPLY: SRC=192.168.1.1 DST=192.168.1.45 PROTO=UDP SPT=53 DPT=60543 PKTS=1 BYTES=148
Nov 22 19:08:48 10.0.0.2 ulogd[1267]: [DESTROY] ORIG: SRC=192.168.1.144 DST=140.82.121.3 PROTO=TCP SPT=49247 DPT=443 PKTS=15 BYTES=2816 , REPLY: SRC=140.82.121.3 DST=176.36.141.89 PROTO=TCP SPT=443 DPT=49247 PKTS=14 BYTES=11125
Nov 22 19:08:48 10.0.0.2 ulogd[1267]: [DESTROY] ORIG: SRC=176.36.141.89 DST=194.50.85.5 PROTO=UDP SPT=35434 DPT=53 PKTS=1 BYTES=64 , REPLY: SRC=194.50.85.5 DST=176.36.141.89 PROTO=UDP SPT=53 DPT=35434 PKTS=1 BYTES=126
Nov 22 19:08:48 10.0.0.2 ulogd[1267]: [DESTROY] ORIG: SRC=192.168.1.45 DST=3.67.33.93 PROTO=TCP SPT=58610 DPT=443 PKTS=13 BYTES=1327 , REPLY: SRC=3.67.33.93 DST=176.36.141.89 PROTO=TCP SPT=443 DPT=58610 PKTS=13 BYTES=5849
Nov 22 19:08:48 10.0.0.2 ulogd[1267]: [DESTROY] ORIG: SRC=192.168.1.45 DST=192.168.1.1 PROTO=UDP SPT=50697 DPT=53 PKTS=1 BYTES=64 , REPLY: SRC=192.168.1.1 DST=192.168.1.45 PROTO=UDP SPT=53 DPT=50697 PKTS=1 BYTES=64
Nov 22 19:08:48 10.0.0.2 ulogd[1267]: [DESTROY] ORIG: SRC=192.168.1.45 DST=192.168.1.1 PROTO=UDP SPT=42485 DPT=53 PKTS=1 BYTES=64 , REPLY: SRC=192.168.1.1 DST=192.168.1.45 PROTO=UDP SPT=53 DPT=42485 PKTS=1 BYTES=64
Nov 22 19:08:48 10.0.0.2 ulogd[1267]: [DESTROY] ORIG: SRC=192.168.1.45 DST=192.168.1.1 PROTO=UDP SPT=57555 DPT=53 PKTS=1 BYTES=64 , REPLY: SRC=192.168.1.1 DST=192.168.1.45 PROTO=UDP SPT=53 DPT=57555 PKTS=1 BYTES=96
Nov 22 19:08:48 10.0.0.2 ulogd[1267]: [DESTROY] ORIG: SRC=192.168.1.45 DST=192.168.1.1 PROTO=UDP SPT=35360 DPT=53 PKTS=1 BYTES=93 , REPLY: SRC=192.168.1.1 DST=192.168.1.45 PROTO=UDP SPT=53 DPT=35360 PKTS=1 BYTES=205
Nov 22 19:08:48 10.0.0.2 ulogd[1267]: [DESTROY] ORIG: SRC=192.168.1.45 DST=185.199.111.154 PROTO=TCP SPT=57508 DPT=443 PKTS=13 BYTES=1596 , REPLY: SRC=185.199.111.154 DST=176.36.141.89 PROTO=TCP SPT=443 DPT=57508 PKTS=11 BYTES=9680
Nov 22 19:08:48 10.0.0.2 ulogd[1267]: [DESTROY] ORIG: SRC=192.168.1.45 DST=192.168.1.1 PROTO=UDP SPT=41589 DPT=53 PKTS=1 BYTES=64 , REPLY: SRC=192.168.1.1 DST=192.168.1.45 PROTO=UDP SPT=53 DPT=41589 PKTS=1 BYTES=64
Nov 22 19:08:48 10.0.0.2 ulogd[1267]: [DESTROY] ORIG: SRC=fd02:c8be:1d40:0:ac0c:95fe:edec:9466 DST=fd02:c8be:1d40::1 PROTO=UDP SPT=56353 DPT=53 PKTS=4 BYTES=331 , REPLY: SRC=fd02:c8be:1d40::1 DST=fd02:c8be:1d40:0:ac0c:95fe:edec:9466 PROTO=UDP SPT=53 DPT=56353 PKTS=4 BYTES=584
Nov 22 19:08:48 10.0.0.2 ulogd[1267]: [DESTROY] ORIG: SRC=192.168.1.45 DST=192.168.1.1 PROTO=UDP SPT=56477 DPT=53 PKTS=1 BYTES=71 , REPLY: SRC=192.168.1.1 DST=192.168.1.45 PROTO=UDP SPT=53 DPT=56477 PKTS=1 BYTES=119
Nov 22 19:08:48 10.0.0.2 ulogd[1267]: [DESTROY] ORIG: SRC=192.168.1.45 DST=140.82.121.33 PROTO=TCP SPT=37454 DPT=443 PKTS=11 BYTES=1420 , REPLY: SRC=140.82.121.33 DST=176.36.141.89 PROTO=TCP SPT=443 DPT=37454 PKTS=8 BYTES=5185
Nov 22 19:08:48 10.0.0.2 ulogd[1267]: [DESTROY] ORIG: SRC=176.36.141.89 DST=194.50.85.5 PROTO=UDP SPT=42865 DPT=53 PKTS=1 BYTES=77 , REPLY: SRC=194.50.85.5 DST=176.36.141.89 PROTO=UDP SPT=53 DPT=42865 PKTS=1 BYTES=161
Nov 22 19:08:48 10.0.0.2 ulogd[1267]: [DESTROY] ORIG: SRC=192.168.1.45 DST=192.168.1.1 PROTO=UDP SPT=59244 DPT=53 PKTS=1 BYTES=64 , REPLY: SRC=192.168.1.1 DST=192.168.1.45 PROTO=UDP SPT=53 DPT=59244 PKTS=1 BYTES=80
Nov 22 19:08:48 10.0.0.2 ulogd[1267]: [DESTROY] ORIG: SRC=176.36.141.89 DST=194.50.85.5 PROTO=UDP SPT=56756 DPT=53 PKTS=1 BYTES=62 , REPLY: SRC=194.50.85.5 DST=176.36.141.89 PROTO=UDP SPT=53 DPT=56756 PKTS=1 BYTES=165
Nov 22 19:08:48 10.0.0.2 ulogd[1267]: [DESTROY] ORIG: SRC=192.168.1.1 DST=192.168.1.45 PROTO=UDP SPT=47438 DPT=5353 PKTS=1 BYTES=62 , REPLY: SRC=192.168.1.45 DST=192.168.1.1 PROTO=UDP SPT=5353 DPT=47438 PKTS=0 BYTES=0
Nov 22 19:08:48 10.0.0.2 ulogd[1267]: [DESTROY] ORIG: SRC=192.168.1.45 DST=192.168.1.1 PROTO=UDP SPT=59917 DPT=53 PKTS=1 BYTES=64 , REPLY: SRC=192.168.1.1 DST=192.168.1.45 PROTO=UDP SPT=53 DPT=59917 PKTS=1 BYTES=96
Nov 22 19:08:48 10.0.0.2 ulogd[1267]: [DESTROY] ORIG: SRC=192.168.1.45 DST=140.82.121.33 PROTO=TCP SPT=52258 DPT=443 PKTS=12 BYTES=1251 , REPLY: SRC=140.82.121.33 DST=176.36.141.89 PROTO=TCP SPT=443 DPT=52258 PKTS=9 BYTES=5013
Nov 22 19:08:48 10.0.0.2 ulogd[1267]: [DESTROY] ORIG: SRC=176.36.141.89 DST=194.50.85.5 PROTO=UDP SPT=58995 DPT=53 PKTS=1 BYTES=64 , REPLY: SRC=194.50.85.5 DST=176.36.141.89 PROTO=UDP SPT=53 DPT=58995 PKTS=1 BYTES=126
Nov 22 19:08:48 10.0.0.2 ulogd[1267]: [DESTROY] ORIG: SRC=192.168.1.45 DST=192.168.1.1 PROTO=UDP SPT=58449 DPT=53 PKTS=1 BYTES=71 , REPLY: SRC=192.168.1.1 DST=192.168.1.45 PROTO=UDP SPT=53 DPT=58449 PKTS=1 BYTES=155
Nov 22 19:08:48 10.0.0.2 ulogd[1267]: [DESTROY] ORIG: SRC=192.168.1.45 DST=140.82.121.33 PROTO=TCP SPT=52268 DPT=443 PKTS=12 BYTES=1698 , REPLY: SRC=140.82.121.33 DST=176.36.141.89 PROTO=TCP SPT=443 DPT=52268 PKTS=9 BYTES=5161
Nov 22 19:08:48 10.0.0.2 ulogd[1267]: [DESTROY] ORIG: SRC=192.168.1.45 DST=192.168.1.1 PROTO=UDP SPT=35856 DPT=53 PKTS=1 BYTES=93 , REPLY: SRC=192.168.1.1 DST=192.168.1.45 PROTO=UDP SPT=53 DPT=35856 PKTS=1 BYTES=205
Nov 22 19:08:48 10.0.0.2 ulogd[1267]: [DESTROY] ORIG: SRC=176.36.141.89 DST=194.50.85.7 PROTO=UDP SPT=55571 DPT=53 PKTS=1 BYTES=63 , REPLY: SRC=194.50.85.7 DST=176.36.141.89 PROTO=UDP SPT=53 DPT=55571 PKTS=1 BYTES=158
Nov 22 19:08:48 10.0.0.2 ulogd[1267]: [DESTROY] ORIG: SRC=192.168.1.45 DST=192.168.1.1 PROTO=UDP SPT=33292 DPT=53 PKTS=1 BYTES=64 , REPLY: SRC=192.168.1.1 DST=192.168.1.45 PROTO=UDP SPT=53 DPT=33292 PKTS=1 BYTES=80
Nov 22 19:08:48 10.0.0.2 ulogd[1267]: [DESTROY] ORIG: SRC=192.168.1.45 DST=34.226.69.105 PROTO=TCP SPT=51984 DPT=443 PKTS=16 BYTES=4076 , REPLY: SRC=34.226.69.105 DST=176.36.141.89 PROTO=TCP SPT=443 DPT=51984 PKTS=16 BYTES=8118
Nov 22 19:08:48 10.0.0.2 ulogd[1267]: [DESTROY] ORIG: SRC=192.168.1.45 DST=192.168.1.1 PROTO=UDP SPT=50624 DPT=53 PKTS=1 BYTES=77 , REPLY: SRC=192.168.1.1 DST=192.168.1.45 PROTO=UDP SPT=53 DPT=50624 PKTS=1 BYTES=125
Nov 22 19:08:48 10.0.0.2 ulogd[1267]: [DESTROY] ORIG: SRC=192.168.1.144 DST=192.168.1.1 PROTO=UDP SPT=49742 DPT=53 PKTS=1 BYTES=62 , REPLY: SRC=192.168.1.1 DST=192.168.1.144 PROTO=UDP SPT=53 DPT=49742 PKTS=1 BYTES=97
Nov 22 19:08:48 10.0.0.2 ulogd[1267]: [DESTROY] ORIG: SRC=192.168.1.45 DST=192.168.1.1 PROTO=UDP SPT=47249 DPT=53 PKTS=1 BYTES=93 , REPLY: SRC=192.168.1.1 DST=192.168.1.45 PROTO=UDP SPT=53 DPT=47249 PKTS=1 BYTES=157
Nov 22 19:08:48 10.0.0.2 ulogd[1267]: [DESTROY] ORIG: SRC=192.168.1.45 DST=192.168.1.1 PROTO=UDP SPT=42523 DPT=53 PKTS=1 BYTES=64 , REPLY: SRC=192.168.1.1 DST=192.168.1.45 PROTO=UDP SPT=53 DPT=42523 PKTS=1 BYTES=126
Nov 22 19:08:48 10.0.0.2 ulogd[1267]: [DESTROY] ORIG: SRC=176.36.141.89 DST=194.50.85.5 PROTO=UDP SPT=56616 DPT=53 PKTS=1 BYTES=64 , REPLY: SRC=194.50.85.5 DST=176.36.141.89 PROTO=UDP SPT=53 DPT=56616 PKTS=1 BYTES=80
Nov 22 19:08:48 10.0.0.2 ulogd[1267]: [DESTROY] ORIG: SRC=192.168.1.45 DST=192.168.1.1 PROTO=UDP SPT=49487 DPT=53 PKTS=1 BYTES=93 , REPLY: SRC=192.168.1.1 DST=192.168.1.45 PROTO=UDP SPT=53 DPT=49487 PKTS=1 BYTES=157
Nov 22 19:08:48 10.0.0.2 ulogd[1267]: [DESTROY] ORIG: SRC=192.168.1.45 DST=192.168.1.1 PROTO=UDP SPT=47097 DPT=53 PKTS=1 BYTES=64 , REPLY: SRC=192.168.1.1 DST=192.168.1.45 PROTO=UDP SPT=53 DPT=47097 PKTS=1 BYTES=96
Nov 22 19:08:48 10.0.0.2 ulogd[1267]: [DESTROY] ORIG: SRC=192.168.1.45 DST=3.67.33.93 PROTO=TCP SPT=58592 DPT=443 PKTS=13 BYTES=1327 , REPLY: SRC=3.67.33.93 DST=176.36.141.89 PROTO=TCP SPT=443 DPT=58592 PKTS=14 BYTES=5901
Nov 22 19:08:48 10.0.0.2 ulogd[1267]: [DESTROY] ORIG: SRC=192.168.1.45 DST=192.168.1.1 PROTO=UDP SPT=55125 DPT=53 PKTS=1 BYTES=64 , REPLY: SRC=192.168.1.1 DST=192.168.1.45 PROTO=UDP SPT=53 DPT=55125 PKTS=1 BYTES=126
Nov 22 19:08:48 10.0.0.2 ulogd[1267]: [DESTROY] ORIG: SRC=192.168.1.45 DST=3.77.103.135 PROTO=TCP SPT=47538 DPT=443 PKTS=13 BYTES=1327 , REPLY: SRC=3.77.103.135 DST=176.36.141.89 PROTO=TCP SPT=443 DPT=47538 PKTS=13 BYTES=5849
Nov 22 19:08:48 10.0.0.2 ulogd[1267]: [DESTROY] ORIG: SRC=192.168.1.45 DST=192.168.1.1 PROTO=UDP SPT=43352 DPT=53 PKTS=1 BYTES=64 , REPLY: SRC=192.168.1.1 DST=192.168.1.45 PROTO=UDP SPT=53 DPT=43352 PKTS=1 BYTES=96
Nov 22 19:08:48 10.0.0.2 ulogd[1267]: [DESTROY] ORIG: SRC=192.168.1.45 DST=192.168.1.1 PROTO=UDP SPT=59816 DPT=53 PKTS=1 BYTES=64 , REPLY: SRC=192.168.1.1 DST=192.168.1.45 PROTO=UDP SPT=53 DPT=59816 PKTS=1 BYTES=96
Nov 22 19:08:48 10.0.0.2 ulogd[1267]: [DESTROY] ORIG: SRC=192.168.1.45 DST=192.168.1.1 PROTO=UDP SPT=58139 DPT=53 PKTS=1 BYTES=64 , REPLY: SRC=192.168.1.1 DST=192.168.1.45 PROTO=UDP SPT=53 DPT=58139 PKTS=1 BYTES=96
Nov 22 19:08:48 10.0.0.2 ulogd[1267]: [DESTROY] ORIG: SRC=192.168.1.45 DST=192.168.1.1 PROTO=UDP SPT=58155 DPT=53 PKTS=1 BYTES=93 , REPLY: SRC=192.168.1.1 DST=192.168.1.45 PROTO=UDP SPT=53 DPT=58155 PKTS=1 BYTES=157
Nov 22 19:08:48 10.0.0.2 ulogd[1267]: [DESTROY] ORIG: SRC=192.168.1.45 DST=192.168.1.1 PROTO=UDP SPT=53891 DPT=53 PKTS=1 BYTES=77 , REPLY: SRC=192.168.1.1 DST=192.168.1.45 PROTO=UDP SPT=53 DPT=53891 PKTS=1 BYTES=161
Nov 22 19:08:48 10.0.0.2 ulogd[1267]: [DESTROY] ORIG: SRC=192.168.1.45 DST=3.67.33.93 PROTO=TCP SPT=33752 DPT=443 PKTS=13 BYTES=1630 , REPLY: SRC=3.67.33.93 DST=176.36.141.89 PROTO=TCP SPT=443 DPT=33752 PKTS=13 BYTES=5853
Nov 22 19:08:48 10.0.0.2 ulogd[1267]: [DESTROY] ORIG: SRC=192.168.1.45 DST=185.199.109.154 PROTO=TCP SPT=57426 DPT=443 PKTS=14 BYTES=1620 , REPLY: SRC=185.199.109.154 DST=176.36.141.89 PROTO=TCP SPT=443 DPT=57426 PKTS=14 BYTES=13282
Nov 22 19:08:48 10.0.0.2 ulogd[1267]: [DESTROY] ORIG: SRC=176.36.141.89 DST=194.50.85.5 PROTO=UDP SPT=55813 DPT=53 PKTS=2 BYTES=132 , REPLY: SRC=194.50.85.5 DST=176.36.141.89 PROTO=UDP SPT=53 DPT=55813 PKTS=1 BYTES=150
