Nov 22 14:17:59 10.0.0.2 ulogd[1267]: [DESTROY] ORIG: SRC=176.36.141.89 DST=194.50.85.5 PROTO=UDP SPT=55011 DPT=53 PKTS=2 BYTES=110 , REPLY: SRC=194.50.85.5 DST=176.36.141.89 PROTO=UDP SPT=53 DPT=55011 PKTS=1 BYTES=183
Nov 22 14:17:59 10.0.0.2 ulogd[1267]: [DESTROY] ORIG: SRC=176.36.141.89 DST=194.50.85.5 PROTO=UDP SPT=54555 DPT=53 PKTS=1 BYTES=57 , REPLY: SRC=194.50.85.5 DST=176.36.141.89 PROTO=UDP SPT=53 DPT=54555 PKTS=1 BYTES=73
Nov 22 14:17:59 10.0.0.2 ulogd[1267]: [DESTROY] ORIG: SRC=192.168.1.180 DST=192.168.1.1 PROTO=UDP SPT=54366 DPT=53 PKTS=1 BYTES=69 , REPLY: SRC=192.168.1.1 DST=192.168.1.180 PROTO=UDP SPT=53 DPT=54366 PKTS=1 BYTES=85
Nov 22 14:17:59 10.0.0.2 ulogd[1267]: [DESTROY] ORIG: SRC=192.168.1.45 DST=192.168.1.1 PROTO=UDP SPT=35772 DPT=53 PKTS=1 BYTES=71 , REPLY: SRC=192.168.1.1 DST=192.168.1.45 PROTO=UDP SPT=53 DPT=35772 PKTS=1 BYTES=155
Nov 22 14:17:59 10.0.0.2 ulogd[1267]: [DESTROY] ORIG: SRC=192.168.1.180 DST=85.114.159.93 PROTO=TCP SPT=61794 DPT=443 PKTS=10 BYTES=1733 , REPLY: SRC=85.114.159.93 DST=176.36.141.89 PROTO=TCP SPT=443 DPT=61794 PKTS=9 BYTES=4471
Nov 22 14:17:59 10.0.0.2 ulogd[1267]: [DESTROY] ORIG: SRC=192.168.1.180 DST=134.122.57.34 PROTO=TCP SPT=62012 DPT=443 PKTS=12 BYTES=1797 , REPLY: SRC=134.122.57.34 DST=176.36.141.89 PROTO=TCP SPT=443 DPT=62012 PKTS=13 BYTES=7457
Nov 22 14:17:59 10.0.0.2 ulogd[1267]: [DESTROY] ORIG: SRC=176.36.141.89 DST=194.50.85.7 PROTO=UDP SPT=59834 DPT=53 PKTS=1 BYTES=68 , REPLY: SRC=194.50.85.7 DST=176.36.141.89 PROTO=UDP SPT=53 DPT=59834 PKTS=1 BYTES=233
Nov 22 14:17:59 10.0.0.2 ulogd[1267]: [DESTROY] ORIG: SRC=192.168.1.45 DST=192.168.1.1 PROTO=UDP SPT=39461 DPT=53 PKTS=1 BYTES=77 , REPLY: SRC=192.168.1.1 DST=192.168.1.45 PROTO=UDP SPT=53 DPT=39461 PKTS=1 BYTES=125
Nov 22 14:18:04 10.0.0.2 ulogd[1267]: [DESTROY] ORIG: SRC=fd02:c8be:1d40:0:ed9a:a5a9:93a0:c3e8 DST=fd02:c8be:1d40::1 PROTO=UDP SPT=59592 DPT=53 PKTS=1 BYTES=90 , REPLY: SRC=fd02:c8be:1d40::1 DST=fd02:c8be:1d40:0:ed9a:a5a9:93a0:c3e8 PROTO=UDP SPT=53 DPT=59592 PKTS=1 BYTES=173
Nov 22 14:18:08 10.0.0.2 ulogd[1267]: [NEW] ORIG: SRC=fd02:c8be:1d40:0:ed9a:a5a9:93a0:c3e8 DST=fd02:c8be:1d40::1 PROTO=UDP SPT=59581 DPT=53 PKTS=0 BYTES=0 , REPLY: SRC=fd02:c8be:1d40::1 DST=fd02:c8be:1d40:0:ed9a:a5a9:93a0:c3e8 PROTO=UDP SPT=53 DPT=59581 PKTS=0 BYTES=0
Nov 22 14:18:08 10.0.0.2 dnsmasq[1]: 668364 fd02:c8be:1d40:0:ed9a:a5a9:93a0:c3e8/59581 query[A] spclient.wg.spotify.com from fd02:c8be:1d40:0:ed9a:a5a9:93a0:c3e8
Nov 22 14:18:08 10.0.0.2 dnsmasq[1]: 668364 fd02:c8be:1d40:0:ed9a:a5a9:93a0:c3e8/59581 forwarded spclient.wg.spotify.com to 192.168.1.45
Nov 22 14:18:08 10.0.0.2 dnsmasq[1]: 668364 fd02:c8be:1d40:0:ed9a:a5a9:93a0:c3e8/59581 forwarded spclient.wg.spotify.com to 194.50.85.5
Nov 22 14:18:08 10.0.0.2 dnsmasq[1]: 668364 fd02:c8be:1d40:0:ed9a:a5a9:93a0:c3e8/59581 forwarded spclient.wg.spotify.com to 194.50.85.7
Nov 22 14:18:08 10.0.0.2 ulogd[1267]: [NEW] ORIG: SRC=fd02:c8be:1d40:0:ed9a:a5a9:93a0:c3e8 DST=fd02:c8be:1d40::1 PROTO=UDP SPT=64475 DPT=53 PKTS=0 BYTES=0 , REPLY: SRC=fd02:c8be:1d40::1 DST=fd02:c8be:1d40:0:ed9a:a5a9:93a0:c3e8 PROTO=UDP SPT=53 DPT=64475 PKTS=0 BYTES=0
Nov 22 14:18:08 10.0.0.2 dnsmasq[1]: 668364 fd02:c8be:1d40:0:ed9a:a5a9:93a0:c3e8/59581 reply spclient.wg.spotify.com is <CNAME>
Nov 22 14:18:08 10.0.0.2 ulogd[1267]: [NEW] ORIG: SRC=192.168.1.1 DST=192.168.1.45 PROTO=UDP SPT=46181 DPT=5353 PKTS=0 BYTES=0 , REPLY: SRC=192.168.1.45 DST=192.168.1.1 PROTO=UDP SPT=5353 DPT=46181 PKTS=0 BYTES=0
Nov 22 14:18:08 10.0.0.2 dnsmasq[1]: 668364 fd02:c8be:1d40:0:ed9a:a5a9:93a0:c3e8/59581 reply edge-web.dual-gslb.spotify.com is 35.186.224.25
Nov 22 14:18:08 10.0.0.2 ulogd[1267]: [NEW] ORIG: SRC=176.36.141.89 DST=194.50.85.5 PROTO=UDP SPT=46181 DPT=53 PKTS=0 BYTES=0 , REPLY: SRC=194.50.85.5 DST=176.36.141.89 PROTO=UDP SPT=53 DPT=46181 PKTS=0 BYTES=0
Nov 22 14:18:08 10.0.0.2 ulogd[1267]: [NEW] ORIG: SRC=176.36.141.89 DST=194.50.85.7 PROTO=UDP SPT=46181 DPT=53 PKTS=0 BYTES=0 , REPLY: SRC=194.50.85.7 DST=176.36.141.89 PROTO=UDP SPT=53 DPT=46181 PKTS=0 BYTES=0
Nov 22 14:18:08 10.0.0.2 dnsmasq[1]: 668365 fd02:c8be:1d40:0:ed9a:a5a9:93a0:c3e8/64475 query[type=65] spclient.wg.spotify.com from fd02:c8be:1d40:0:ed9a:a5a9:93a0:c3e8
Nov 22 14:18:08 10.0.0.2 ulogd[1267]: [NEW] ORIG: SRC=192.168.1.180 DST=35.186.224.18 PROTO=UDP SPT=64646 DPT=443 PKTS=0 BYTES=0 , REPLY: SRC=35.186.224.18 DST=176.36.141.89 PROTO=UDP SPT=443 DPT=64646 PKTS=0 BYTES=0
Nov 22 14:18:08 10.0.0.2 dnsmasq[1]: 668365 fd02:c8be:1d40:0:ed9a:a5a9:93a0:c3e8/64475 cached spclient.wg.spotify.com is <CNAME>
Nov 22 14:18:08 10.0.0.2 ulogd[1267]: [NEW] ORIG: SRC=176.36.141.89 DST=194.50.85.5 PROTO=UDP SPT=39100 DPT=53 PKTS=0 BYTES=0 , REPLY: SRC=194.50.85.5 DST=176.36.141.89 PROTO=UDP SPT=53 DPT=39100 PKTS=0 BYTES=0
Nov 22 14:18:08 10.0.0.2 dnsmasq[1]: 668365 fd02:c8be:1d40:0:ed9a:a5a9:93a0:c3e8/64475 forwarded spclient.wg.spotify.com to 194.50.85.5
Nov 22 14:18:08 10.0.0.2 dnsmasq[1]: 668365 fd02:c8be:1d40:0:ed9a:a5a9:93a0:c3e8/64475 reply spclient.wg.spotify.com is <CNAME>
Nov 22 14:18:08 10.0.0.2 dnsmasq[1]: 668365 fd02:c8be:1d40:0:ed9a:a5a9:93a0:c3e8/64475 reply edge-web.dual-gslb.spotify.com is NODATA
Nov 22 14:18:08 10.0.0.2 ulogd[1267]: [NEW] ORIG: SRC=192.168.1.180 DST=35.186.224.25 PROTO=UDP SPT=60805 DPT=443 PKTS=0 BYTES=0 , REPLY: SRC=35.186.224.25 DST=176.36.141.89 PROTO=UDP SPT=443 DPT=60805 PKTS=0 BYTES=0
Nov 22 14:18:08 10.0.0.2 ulogd[1267]: [NEW] ORIG: SRC=192.168.1.180 DST=35.186.224.25 PROTO=TCP SPT=62047 DPT=443 PKTS=0 BYTES=0 , REPLY: SRC=35.186.224.25 DST=176.36.141.89 PROTO=TCP SPT=443 DPT=62047 PKTS=0 BYTES=0
Nov 22 14:18:08 10.0.0.2 ulogd[1267]: [NEW] ORIG: SRC=192.168.1.180 DST=142.251.208.162 PROTO=UDP SPT=50589 DPT=443 PKTS=0 BYTES=0 , REPLY: SRC=142.251.208.162 DST=176.36.141.89 PROTO=UDP SPT=443 DPT=50589 PKTS=0 BYTES=0
Nov 22 14:18:08 10.0.0.2 ulogd[1267]: [NEW] ORIG: SRC=fd02:c8be:1d40:0:ed9a:a5a9:93a0:c3e8 DST=fd02:c8be:1d40::1 PROTO=UDP SPT=61880 DPT=53 PKTS=0 BYTES=0 , REPLY: SRC=fd02:c8be:1d40::1 DST=fd02:c8be:1d40:0:ed9a:a5a9:93a0:c3e8 PROTO=UDP SPT=53 DPT=61880 PKTS=0 BYTES=0
Nov 22 14:18:08 10.0.0.2 ulogd[1267]: [NEW] ORIG: SRC=fd02:c8be:1d40:0:ed9a:a5a9:93a0:c3e8 DST=fd02:c8be:1d40::1 PROTO=UDP SPT=49776 DPT=53 PKTS=0 BYTES=0 , REPLY: SRC=fd02:c8be:1d40::1 DST=fd02:c8be:1d40:0:ed9a:a5a9:93a0:c3e8 PROTO=UDP SPT=53 DPT=49776 PKTS=0 BYTES=0
Nov 22 14:18:08 10.0.0.2 ulogd[1267]: [NEW] ORIG: SRC=fd02:c8be:1d40:0:ed9a:a5a9:93a0:c3e8 DST=fd02:c8be:1d40::1 PROTO=UDP SPT=49359 DPT=53 PKTS=0 BYTES=0 , REPLY: SRC=fd02:c8be:1d40::1 DST=fd02:c8be:1d40:0:ed9a:a5a9:93a0:c3e8 PROTO=UDP SPT=53 DPT=49359 PKTS=0 BYTES=0
Nov 22 14:18:08 10.0.0.2 ulogd[1267]: [NEW] ORIG: SRC=fd02:c8be:1d40:0:ed9a:a5a9:93a0:c3e8 DST=fd02:c8be:1d40::1 PROTO=UDP SPT=53679 DPT=53 PKTS=0 BYTES=0 , REPLY: SRC=fd02:c8be:1d40::1 DST=fd02:c8be:1d40:0:ed9a:a5a9:93a0:c3e8 PROTO=UDP SPT=53 DPT=53679 PKTS=0 BYTES=0
Nov 22 14:18:08 10.0.0.2 dnsmasq[1]: 668366 fd02:c8be:1d40:0:ed9a:a5a9:93a0:c3e8/61880 query[A] securepubads.g.doubleclick.net from fd02:c8be:1d40:0:ed9a:a5a9:93a0:c3e8
Nov 22 14:18:08 10.0.0.2 dnsmasq[1]: 668366 fd02:c8be:1d40:0:ed9a:a5a9:93a0:c3e8/61880 cached securepubads.g.doubleclick.net is <CNAME>
Nov 22 14:18:08 10.0.0.2 dnsmasq[1]: 668366 fd02:c8be:1d40:0:ed9a:a5a9:93a0:c3e8/61880 cached securepubads46.g.doubleclick.net is 172.217.20.2
Nov 22 14:18:08 10.0.0.2 dnsmasq[1]: 668367 fd02:c8be:1d40:0:ed9a:a5a9:93a0:c3e8/49776 query[type=65] securepubads.g.doubleclick.net from fd02:c8be:1d40:0:ed9a:a5a9:93a0:c3e8
Nov 22 14:18:08 10.0.0.2 dnsmasq[1]: 668367 fd02:c8be:1d40:0:ed9a:a5a9:93a0:c3e8/49776 cached securepubads.g.doubleclick.net is <CNAME>
Nov 22 14:18:08 10.0.0.2 ulogd[1267]: [NEW] ORIG: SRC=176.36.141.89 DST=194.50.85.5 PROTO=UDP SPT=43552 DPT=53 PKTS=0 BYTES=0 , REPLY: SRC=194.50.85.5 DST=176.36.141.89 PROTO=UDP SPT=53 DPT=43552 PKTS=0 BYTES=0
Nov 22 14:18:08 10.0.0.2 dnsmasq[1]: 668367 fd02:c8be:1d40:0:ed9a:a5a9:93a0:c3e8/49776 forwarded securepubads.g.doubleclick.net to 194.50.85.5
Nov 22 14:18:08 10.0.0.2 dnsmasq[1]: 668368 fd02:c8be:1d40:0:ed9a:a5a9:93a0:c3e8/49359 query[A] adeventtrackermonitoring.spotify.com from fd02:c8be:1d40:0:ed9a:a5a9:93a0:c3e8
Nov 22 14:18:08 10.0.0.2 ulogd[1267]: [NEW] ORIG: SRC=176.36.141.89 DST=194.50.85.5 PROTO=UDP SPT=60582 DPT=53 PKTS=0 BYTES=0 , REPLY: SRC=194.50.85.5 DST=176.36.141.89 PROTO=UDP SPT=53 DPT=60582 PKTS=0 BYTES=0
Nov 22 14:18:08 10.0.0.2 dnsmasq[1]: 668368 fd02:c8be:1d40:0:ed9a:a5a9:93a0:c3e8/49359 forwarded adeventtrackermonitoring.spotify.com to 194.50.85.5
Nov 22 14:18:08 10.0.0.2 dnsmasq[1]: 668369 fd02:c8be:1d40:0:ed9a:a5a9:93a0:c3e8/53679 query[type=65] adeventtrackermonitoring.spotify.com from fd02:c8be:1d40:0:ed9a:a5a9:93a0:c3e8
Nov 22 14:18:08 10.0.0.2 ulogd[1267]: [NEW] ORIG: SRC=176.36.141.89 DST=194.50.85.5 PROTO=UDP SPT=36447 DPT=53 PKTS=0 BYTES=0 , REPLY: SRC=194.50.85.5 DST=176.36.141.89 PROTO=UDP SPT=53 DPT=36447 PKTS=0 BYTES=0
Nov 22 14:18:08 10.0.0.2 dnsmasq[1]: 668369 fd02:c8be:1d40:0:ed9a:a5a9:93a0:c3e8/53679 forwarded adeventtrackermonitoring.spotify.com to 194.50.85.5
Nov 22 14:18:08 10.0.0.2 ulogd[1267]: [NEW] ORIG: SRC=192.168.1.180 DST=172.217.20.2 PROTO=UDP SPT=49769 DPT=443 PKTS=0 BYTES=0 , REPLY: SRC=172.217.20.2 DST=176.36.141.89 PROTO=UDP SPT=443 DPT=49769 PKTS=0 BYTES=0
Nov 22 14:18:08 10.0.0.2 ulogd[1267]: [NEW] ORIG: SRC=192.168.1.180 DST=192.168.1.1 PROTO=UDP SPT=49742 DPT=53 PKTS=0 BYTES=0 , REPLY: SRC=192.168.1.1 DST=192.168.1.180 PROTO=UDP SPT=53 DPT=49742 PKTS=0 BYTES=0
Nov 22 14:18:08 10.0.0.2 ulogd[1267]: [NEW] ORIG: SRC=fd02:c8be:1d40:0:ed9a:a5a9:93a0:c3e8 DST=fd02:c8be:1d40::1 PROTO=UDP SPT=58709 DPT=53 PKTS=0 BYTES=0 , REPLY: SRC=fd02:c8be:1d40::1 DST=fd02:c8be:1d40:0:ed9a:a5a9:93a0:c3e8 PROTO=UDP SPT=53 DPT=58709 PKTS=0 BYTES=0
Nov 22 14:18:08 10.0.0.2 dnsmasq[1]: 668370 fd02:c8be:1d40:0:ed9a:a5a9:93a0:c3e8/58709 query[A] adeventtrackermonitoring.spotify.com from fd02:c8be:1d40:0:ed9a:a5a9:93a0:c3e8
Nov 22 14:18:08 10.0.0.2 dnsmasq[1]: 668371 192.168.1.180/49742 query[type=65] adeventtrackermonitoring.spotify.com from 192.168.1.180
Nov 22 14:18:08 10.0.0.2 ulogd[1267]: [NEW] ORIG: SRC=192.168.1.180 DST=192.168.1.1 PROTO=UDP SPT=62878 DPT=53 PKTS=0 BYTES=0 , REPLY: SRC=192.168.1.1 DST=192.168.1.180 PROTO=UDP SPT=53 DPT=62878 PKTS=0 BYTES=0
Nov 22 14:18:08 10.0.0.2 dnsmasq[1]: 668372 192.168.1.180/62878 query[A] adeventtrackermonitoring.spotify.com from 192.168.1.180
Nov 22 14:18:09 10.0.0.2 ulogd[1267]: [NEW] ORIG: SRC=fd02:c8be:1d40:0:ed9a:a5a9:93a0:c3e8 DST=fd02:c8be:1d40::1 PROTO=UDP SPT=51407 DPT=53 PKTS=0 BYTES=0 , REPLY: SRC=fd02:c8be:1d40::1 DST=fd02:c8be:1d40:0:ed9a:a5a9:93a0:c3e8 PROTO=UDP SPT=53 DPT=51407 PKTS=0 BYTES=0
Nov 22 14:18:09 10.0.0.2 dnsmasq[1]: 668373 fd02:c8be:1d40:0:ed9a:a5a9:93a0:c3e8/51407 query[type=65] adeventtrackermonitoring.spotify.com from fd02:c8be:1d40:0:ed9a:a5a9:93a0:c3e8
Nov 22 14:18:09 10.0.0.2 ulogd[1267]: [NEW] ORIG: SRC=192.168.1.180 DST=192.168.1.1 PROTO=UDP SPT=51587 DPT=53 PKTS=0 BYTES=0 , REPLY: SRC=192.168.1.1 DST=192.168.1.180 PROTO=UDP SPT=53 DPT=51587 PKTS=0 BYTES=0
Nov 22 14:18:09 10.0.0.2 dnsmasq[1]: 668374 192.168.1.180/51587 query[type=65] adeventtrackermonitoring.spotify.com from 192.168.1.180
Nov 22 14:18:10 10.0.0.2 ulogd[1267]: [NEW] ORIG: SRC=192.168.1.180 DST=192.168.1.1 PROTO=UDP SPT=60989 DPT=53 PKTS=0 BYTES=0 , REPLY: SRC=192.168.1.1 DST=192.168.1.180 PROTO=UDP SPT=53 DPT=60989 PKTS=0 BYTES=0
Nov 22 14:18:10 10.0.0.2 dnsmasq[1]: 668375 192.168.1.180/60989 query[A] adeventtrackermonitoring.spotify.com from 192.168.1.180
Nov 22 14:18:10 10.0.0.2 dnsmasq[1]: 668375 192.168.1.180/60989 forwarded adeventtrackermonitoring.spotify.com to 194.50.85.5
Nov 22 14:18:10 10.0.0.2 dnsmasq[1]: 668375 fd02:c8be:1d40:0:ed9a:a5a9:93a0:c3e8/49359 reply adeventtrackermonitoring.spotify.com is <CNAME>
Nov 22 14:18:10 10.0.0.2 dnsmasq[1]: 668375 fd02:c8be:1d40:0:ed9a:a5a9:93a0:c3e8/49359 reply edge-web.dual-gslb.spotify.com is 35.186.224.25
Nov 22 14:18:10 10.0.0.2 dnsmasq[1]: 668375 192.168.1.180/60989 reply query is duplicate
Nov 22 14:18:10 10.0.0.2 dnsmasq[1]: 668372 192.168.1.180/62878 reply query is duplicate
Nov 22 14:18:10 10.0.0.2 dnsmasq[1]: 668370 fd02:c8be:1d40:0:ed9a:a5a9:93a0:c3e8/58709 reply query is duplicate
Nov 22 14:18:10 10.0.0.2 ulogd[1267]: [NEW] ORIG: SRC=192.168.1.180 DST=35.186.224.25 PROTO=UDP SPT=49183 DPT=443 PKTS=0 BYTES=0 , REPLY: SRC=35.186.224.25 DST=176.36.141.89 PROTO=UDP SPT=443 DPT=49183 PKTS=0 BYTES=0
Nov 22 14:18:13 10.0.0.2 ulogd[1267]: [NEW] ORIG: SRC=fd02:c8be:1d40:0:ed9a:a5a9:93a0:c3e8 DST=fd02:c8be:1d40::1 PROTO=UDP SPT=52058 DPT=53 PKTS=0 BYTES=0 , REPLY: SRC=fd02:c8be:1d40::1 DST=fd02:c8be:1d40:0:ed9a:a5a9:93a0:c3e8 PROTO=UDP SPT=53 DPT=52058 PKTS=0 BYTES=0
Nov 22 14:18:13 10.0.0.2 dnsmasq[1]: 668376 fd02:c8be:1d40:0:ed9a:a5a9:93a0:c3e8/52058 query[A] gew1-spclient.spotify.com from fd02:c8be:1d40:0:ed9a:a5a9:93a0:c3e8
Nov 22 14:18:13 10.0.0.2 ulogd[1267]: [NEW] ORIG: SRC=fd02:c8be:1d40:0:ed9a:a5a9:93a0:c3e8 DST=fd02:c8be:1d40::1 PROTO=UDP SPT=55394 DPT=53 PKTS=0 BYTES=0 , REPLY: SRC=fd02:c8be:1d40::1 DST=fd02:c8be:1d40:0:ed9a:a5a9:93a0:c3e8 PROTO=UDP SPT=53 DPT=55394 PKTS=0 BYTES=0
Nov 22 14:18:13 10.0.0.2 dnsmasq[1]: 668376 fd02:c8be:1d40:0:ed9a:a5a9:93a0:c3e8/52058 cached gew1-spclient.spotify.com is <CNAME>
Nov 22 14:18:13 10.0.0.2 dnsmasq[1]: 668376 fd02:c8be:1d40:0:ed9a:a5a9:93a0:c3e8/52058 cached edge-web-gew1.dual-gslb.spotify.com is 35.186.224.18
Nov 22 14:18:13 10.0.0.2 dnsmasq[1]: 668377 fd02:c8be:1d40:0:ed9a:a5a9:93a0:c3e8/55394 query[type=65] gew1-spclient.spotify.com from fd02:c8be:1d40:0:ed9a:a5a9:93a0:c3e8
Nov 22 14:18:13 10.0.0.2 dnsmasq[1]: 668377 fd02:c8be:1d40:0:ed9a:a5a9:93a0:c3e8/55394 cached gew1-spclient.spotify.com is <CNAME>
Nov 22 14:18:13 10.0.0.2 ulogd[1267]: [NEW] ORIG: SRC=176.36.141.89 DST=194.50.85.5 PROTO=UDP SPT=39282 DPT=53 PKTS=0 BYTES=0 , REPLY: SRC=194.50.85.5 DST=176.36.141.89 PROTO=UDP SPT=53 DPT=39282 PKTS=0 BYTES=0
Nov 22 14:18:13 10.0.0.2 dnsmasq[1]: 668377 fd02:c8be:1d40:0:ed9a:a5a9:93a0:c3e8/55394 forwarded gew1-spclient.spotify.com to 194.50.85.5
Nov 22 14:18:13 10.0.0.2 dnsmasq[1]: 668377 fd02:c8be:1d40:0:ed9a:a5a9:93a0:c3e8/55394 reply gew1-spclient.spotify.com is <CNAME>
Nov 22 14:18:13 10.0.0.2 dnsmasq[1]: 668377 fd02:c8be:1d40:0:ed9a:a5a9:93a0:c3e8/55394 reply edge-web-gew1.dual-gslb.spotify.com is NODATA
Nov 22 14:18:13 10.0.0.2 ulogd[1267]: [NEW] ORIG: SRC=192.168.1.180 DST=35.186.224.18 PROTO=UDP SPT=50997 DPT=443 PKTS=0 BYTES=0 , REPLY: SRC=35.186.224.18 DST=176.36.141.89 PROTO=UDP SPT=443 DPT=50997 PKTS=0 BYTES=0
Nov 22 14:18:13 10.0.0.2 ulogd[1267]: [NEW] ORIG: SRC=192.168.1.180 DST=35.186.224.18 PROTO=TCP SPT=62048 DPT=443 PKTS=0 BYTES=0 , REPLY: SRC=35.186.224.18 DST=176.36.141.89 PROTO=TCP SPT=443 DPT=62048 PKTS=0 BYTES=0
Nov 22 14:18:21 10.0.0.2 dnsmasq[1]: 668378 fd02:c8be:1d40:0:ed9a:a5a9:93a0:c3e8/61745 query[A] www.aljazeera.com from fd02:c8be:1d40:0:ed9a:a5a9:93a0:c3e8
Nov 22 14:18:21 10.0.0.2 dnsmasq[1]: 668378 fd02:c8be:1d40:0:ed9a:a5a9:93a0:c3e8/61745 forwarded www.aljazeera.com to 194.50.85.5
Nov 22 14:18:21 10.0.0.2 ulogd[1267]: [NEW] ORIG: SRC=176.36.141.89 DST=194.50.85.5 PROTO=UDP SPT=44000 DPT=53 PKTS=0 BYTES=0 , REPLY: SRC=194.50.85.5 DST=176.36.141.89 PROTO=UDP SPT=53 DPT=44000 PKTS=0 BYTES=0
Nov 22 14:18:21 10.0.0.2 ulogd[1267]: [NEW] ORIG: SRC=192.168.1.180 DST=192.168.1.1 PROTO=UDP SPT=61745 DPT=53 PKTS=0 BYTES=0 , REPLY: SRC=192.168.1.1 DST=192.168.1.180 PROTO=UDP SPT=53 DPT=61745 PKTS=0 BYTES=0
Nov 22 14:18:21 10.0.0.2 dnsmasq[1]: 668379 192.168.1.180/61745 query[A] www.aljazeera.com from 192.168.1.180
Nov 22 14:18:21 10.0.0.2 dnsmasq[1]: 668378 fd02:c8be:1d40:0:ed9a:a5a9:93a0:c3e8/61745 reply www.aljazeera.com is <CNAME>
Nov 22 14:18:21 10.0.0.2 dnsmasq[1]: 668378 fd02:c8be:1d40:0:ed9a:a5a9:93a0:c3e8/61745 reply www.aljazeera.com.edgekey.net is <CNAME>
Nov 22 14:18:21 10.0.0.2 dnsmasq[1]: 668378 fd02:c8be:1d40:0:ed9a:a5a9:93a0:c3e8/61745 reply e9106.dscg.akamaiedge.net is 23.48.0.162
Nov 22 14:18:21 10.0.0.2 dnsmasq[1]: 668379 192.168.1.180/61745 reply query is duplicate
Nov 22 14:18:32 10.0.0.2 ulogd[1267]: [DESTROY] ORIG: SRC=176.36.141.89 DST=194.50.85.5 PROTO=UDP SPT=58691 DPT=53 PKTS=1 BYTES=82 , REPLY: SRC=194.50.85.5 DST=176.36.141.89 PROTO=UDP SPT=53 DPT=58691 PKTS=1 BYTES=131
Nov 22 14:18:34 10.0.0.2 ulogd[1267]: [NEW] ORIG: SRC=176.36.141.89 DST=194.50.85.5 PROTO=TCP SPT=52328 DPT=53 PKTS=0 BYTES=0 , REPLY: SRC=194.50.85.5 DST=176.36.141.89 PROTO=TCP SPT=53 DPT=52328 PKTS=0 BYTES=0
Nov 22 14:18:36 10.0.0.2 ulogd[1267]: [DESTROY] ORIG: SRC=176.36.141.89 DST=194.50.85.5 PROTO=UDP SPT=48893 DPT=53 PKTS=1 BYTES=82 , REPLY: SRC=194.50.85.5 DST=176.36.141.89 PROTO=UDP SPT=53 DPT=48893 PKTS=1 BYTES=180
Nov 22 14:18:41 10.0.0.2 ulogd[1267]: [DESTROY] ORIG: SRC=176.36.141.89 DST=194.50.85.5 PROTO=UDP SPT=39844 DPT=53 PKTS=1 BYTES=71 , REPLY: SRC=194.50.85.5 DST=176.36.141.89 PROTO=UDP SPT=53 DPT=39844 PKTS=1 BYTES=174
Nov 22 14:18:42 10.0.0.2 ulogd[1267]: [NEW] ORIG: SRC=fd02:c8be:1d40:0:ed9a:a5a9:93a0:c3e8 DST=fd02:c8be:1d40::1 PROTO=UDP SPT=59510 DPT=53 PKTS=0 BYTES=0 , REPLY: SRC=fd02:c8be:1d40::1 DST=fd02:c8be:1d40:0:ed9a:a5a9:93a0:c3e8 PROTO=UDP SPT=53 DPT=59510 PKTS=0 BYTES=0
Nov 22 14:18:42 10.0.0.2 dnsmasq[1]: 668380 fd02:c8be:1d40:0:ed9a:a5a9:93a0:c3e8/59510 query[A] sync-v2.brave.com from fd02:c8be:1d40:0:ed9a:a5a9:93a0:c3e8
Nov 22 14:18:42 10.0.0.2 dnsmasq[1]: 668380 fd02:c8be:1d40:0:ed9a:a5a9:93a0:c3e8/59510 cached sync-v2.brave.com is <CNAME>
Nov 22 14:18:42 10.0.0.2 dnsmasq[1]: 668380 fd02:c8be:1d40:0:ed9a:a5a9:93a0:c3e8/59510 forwarded sync-v2.brave.com to 192.168.1.45
Nov 22 14:18:42 10.0.0.2 ulogd[1267]: [NEW] ORIG: SRC=192.168.1.1 DST=192.168.1.45 PROTO=UDP SPT=50795 DPT=5353 PKTS=0 BYTES=0 , REPLY: SRC=192.168.1.45 DST=192.168.1.1 PROTO=UDP SPT=5353 DPT=50795 PKTS=0 BYTES=0
Nov 22 14:18:42 10.0.0.2 dnsmasq[1]: 668380 fd02:c8be:1d40:0:ed9a:a5a9:93a0:c3e8/59510 forwarded sync-v2.brave.com to 194.50.85.5
Nov 22 14:18:42 10.0.0.2 ulogd[1267]: [NEW] ORIG: SRC=176.36.141.89 DST=194.50.85.5 PROTO=UDP SPT=50795 DPT=53 PKTS=0 BYTES=0 , REPLY: SRC=194.50.85.5 DST=176.36.141.89 PROTO=UDP SPT=53 DPT=50795 PKTS=0 BYTES=0
Nov 22 14:18:42 10.0.0.2 ulogd[1267]: [NEW] ORIG: SRC=176.36.141.89 DST=194.50.85.7 PROTO=UDP SPT=50795 DPT=53 PKTS=0 BYTES=0 , REPLY: SRC=194.50.85.7 DST=176.36.141.89 PROTO=UDP SPT=53 DPT=50795 PKTS=0 BYTES=0
Nov 22 14:18:42 10.0.0.2 dnsmasq[1]: 668380 fd02:c8be:1d40:0:ed9a:a5a9:93a0:c3e8/59510 forwarded sync-v2.brave.com to 194.50.85.7
Nov 22 14:18:42 10.0.0.2 dnsmasq[1]: 668380 fd02:c8be:1d40:0:ed9a:a5a9:93a0:c3e8/59510 reply sync-v2.brave.com is <CNAME>
Nov 22 14:18:42 10.0.0.2 dnsmasq[1]: 668380 fd02:c8be:1d40:0:ed9a:a5a9:93a0:c3e8/59510 reply sync-alb-152764135.us-west-2.elb.amazonaws.com is 52.34.169.249
Nov 22 14:18:42 10.0.0.2 dnsmasq[1]: 668380 fd02:c8be:1d40:0:ed9a:a5a9:93a0:c3e8/59510 reply sync-alb-152764135.us-west-2.elb.amazonaws.com is 54.190.8.136
Nov 22 14:18:42 10.0.0.2 dnsmasq[1]: 668380 fd02:c8be:1d40:0:ed9a:a5a9:93a0:c3e8/59510 reply sync-alb-152764135.us-west-2.elb.amazonaws.com is 44.228.160.54
Nov 22 14:18:46 10.0.0.2 ulogd[1267]: [DESTROY] ORIG: SRC=192.168.1.180 DST=193.3.178.4 PROTO=TCP SPT=61999 DPT=443 PKTS=15 BYTES=1916 , REPLY: SRC=193.3.178.4 DST=176.36.141.89 PROTO=TCP SPT=443 DPT=61999 PKTS=15 BYTES=6171
Nov 22 14:18:50 10.0.0.2 ulogd[1267]: [DESTROY] ORIG: SRC=192.168.1.1 DST=192.168.1.45 PROTO=UDP SPT=42522 DPT=5353 PKTS=1 BYTES=68 , REPLY: SRC=192.168.1.45 DST=192.168.1.1 PROTO=UDP SPT=5353 DPT=42522 PKTS=0 BYTES=0
Nov 22 14:19:01 10.0.0.2 ulogd[1267]: [DESTROY] ORIG: SRC=fd02:c8be:1d40:0:ed9a:a5a9:93a0:c3e8 DST=fd02:c8be:1d40::1 PROTO=UDP SPT=62843 DPT=53 PKTS=11 BYTES=909 , REPLY: SRC=fd02:c8be:1d40::1 DST=fd02:c8be:1d40:0:ed9a:a5a9:93a0:c3e8 PROTO=UDP SPT=53 DPT=62843 PKTS=11 BYTES=1542
Nov 22 14:19:03 10.0.0.2 ulogd[1267]: [DESTROY] ORIG: SRC=192.168.1.180 DST=34.149.50.64 PROTO=TCP SPT=61987 DPT=443 PKTS=12 BYTES=1659 , REPLY: SRC=34.149.50.64 DST=176.36.141.89 PROTO=TCP SPT=443 DPT=61987 PKTS=11 BYTES=6444
Nov 22 14:19:03 10.0.0.2 ulogd[1267]: [DESTROY] ORIG: SRC=192.168.1.180 DST=198.47.127.205 PROTO=TCP SPT=61953 DPT=443 PKTS=24 BYTES=4662 , REPLY: SRC=198.47.127.205 DST=176.36.141.89 PROTO=TCP SPT=443 DPT=61953 PKTS=31 BYTES=8058
Nov 22 14:19:03 10.0.0.2 ulogd[1267]: [NEW] ORIG: SRC=192.168.1.180 DST=35.186.224.18 PROTO=UDP SPT=64987 DPT=443 PKTS=0 BYTES=0 , REPLY: SRC=35.186.224.18 DST=176.36.141.89 PROTO=UDP SPT=443 DPT=64987 PKTS=0 BYTES=0
Nov 22 14:19:03 10.0.0.2 ulogd[1267]: [NEW] ORIG: SRC=192.168.1.180 DST=35.186.224.25 PROTO=UDP SPT=56659 DPT=443 PKTS=0 BYTES=0 , REPLY: SRC=35.186.224.25 DST=176.36.141.89 PROTO=UDP SPT=443 DPT=56659 PKTS=0 BYTES=0
Nov 22 14:19:03 10.0.0.2 dnsmasq[1]: 668381 fd02:c8be:1d40:0:ed9a:a5a9:93a0:c3e8/55013 query[A] gew1-spclient.spotify.com from fd02:c8be:1d40:0:ed9a:a5a9:93a0:c3e8
Nov 22 14:19:03 10.0.0.2 ulogd[1267]: [NEW] ORIG: SRC=fd02:c8be:1d40:0:ed9a:a5a9:93a0:c3e8 DST=fd02:c8be:1d40::1 PROTO=UDP SPT=55013 DPT=53 PKTS=0 BYTES=0 , REPLY: SRC=fd02:c8be:1d40::1 DST=fd02:c8be:1d40:0:ed9a:a5a9:93a0:c3e8 PROTO=UDP SPT=53 DPT=55013 PKTS=0 BYTES=0
Nov 22 14:19:03 10.0.0.2 dnsmasq[1]: 668381 fd02:c8be:1d40:0:ed9a:a5a9:93a0:c3e8/55013 cached gew1-spclient.spotify.com is <CNAME>
Nov 22 14:19:03 10.0.0.2 ulogd[1267]: [NEW] ORIG: SRC=fd02:c8be:1d40:0:ed9a:a5a9:93a0:c3e8 DST=fd02:c8be:1d40::1 PROTO=UDP SPT=49238 DPT=53 PKTS=0 BYTES=0 , REPLY: SRC=fd02:c8be:1d40::1 DST=fd02:c8be:1d40:0:ed9a:a5a9:93a0:c3e8 PROTO=UDP SPT=53 DPT=49238 PKTS=0 BYTES=0
Nov 22 14:19:03 10.0.0.2 dnsmasq[1]: 668381 fd02:c8be:1d40:0:ed9a:a5a9:93a0:c3e8/55013 forwarded gew1-spclient.spotify.com to 192.168.1.45
Nov 22 14:19:03 10.0.0.2 ulogd[1267]: [NEW] ORIG: SRC=192.168.1.1 DST=192.168.1.45 PROTO=UDP SPT=35490 DPT=5353 PKTS=0 BYTES=0 , REPLY: SRC=192.168.1.45 DST=192.168.1.1 PROTO=UDP SPT=5353 DPT=35490 PKTS=0 BYTES=0
Nov 22 14:19:03 10.0.0.2 ulogd[1267]: [NEW] ORIG: SRC=176.36.141.89 DST=194.50.85.5 PROTO=UDP SPT=35490 DPT=53 PKTS=0 BYTES=0 , REPLY: SRC=194.50.85.5 DST=176.36.141.89 PROTO=UDP SPT=53 DPT=35490 PKTS=0 BYTES=0
Nov 22 14:19:03 10.0.0.2 dnsmasq[1]: 668381 fd02:c8be:1d40:0:ed9a:a5a9:93a0:c3e8/55013 forwarded gew1-spclient.spotify.com to 194.50.85.5
Nov 22 14:19:03 10.0.0.2 dnsmasq[1]: 668381 fd02:c8be:1d40:0:ed9a:a5a9:93a0:c3e8/55013 forwarded gew1-spclient.spotify.com to 194.50.85.7
Nov 22 14:19:03 10.0.0.2 ulogd[1267]: [NEW] ORIG: SRC=176.36.141.89 DST=194.50.85.7 PROTO=UDP SPT=35490 DPT=53 PKTS=0 BYTES=0 , REPLY: SRC=194.50.85.7 DST=176.36.141.89 PROTO=UDP SPT=53 DPT=35490 PKTS=0 BYTES=0
Nov 22 14:19:03 10.0.0.2 dnsmasq[1]: 668381 fd02:c8be:1d40:0:ed9a:a5a9:93a0:c3e8/55013 reply gew1-spclient.spotify.com is <CNAME>
Nov 22 14:19:03 10.0.0.2 dnsmasq[1]: 668381 fd02:c8be:1d40:0:ed9a:a5a9:93a0:c3e8/55013 reply edge-web-gew1.dual-gslb.spotify.com is 35.186.224.18
Nov 22 14:19:03 10.0.0.2 dnsmasq[1]: 668382 fd02:c8be:1d40:0:ed9a:a5a9:93a0:c3e8/49238 query[type=65] gew1-spclient.spotify.com from fd02:c8be:1d40:0:ed9a:a5a9:93a0:c3e8
Nov 22 14:19:03 10.0.0.2 dnsmasq[1]: 668382 fd02:c8be:1d40:0:ed9a:a5a9:93a0:c3e8/49238 cached gew1-spclient.spotify.com is <CNAME>
Nov 22 14:19:03 10.0.0.2 dnsmasq[1]: 668382 fd02:c8be:1d40:0:ed9a:a5a9:93a0:c3e8/49238 forwarded gew1-spclient.spotify.com to 194.50.85.5
Nov 22 14:19:03 10.0.0.2 ulogd[1267]: [NEW] ORIG: SRC=176.36.141.89 DST=194.50.85.5 PROTO=UDP SPT=59774 DPT=53 PKTS=0 BYTES=0 , REPLY: SRC=194.50.85.5 DST=176.36.141.89 PROTO=UDP SPT=53 DPT=59774 PKTS=0 BYTES=0
Nov 22 14:19:03 10.0.0.2 dnsmasq[1]: 668382 fd02:c8be:1d40:0:ed9a:a5a9:93a0:c3e8/49238 reply gew1-spclient.spotify.com is <CNAME>
Nov 22 14:19:03 10.0.0.2 dnsmasq[1]: 668382 fd02:c8be:1d40:0:ed9a:a5a9:93a0:c3e8/49238 reply edge-web-gew1.dual-gslb.spotify.com is NODATA
Nov 22 14:19:03 10.0.0.2 ulogd[1267]: [NEW] ORIG: SRC=192.168.1.180 DST=35.186.224.18 PROTO=UDP SPT=59825 DPT=443 PKTS=0 BYTES=0 , REPLY: SRC=35.186.224.18 DST=176.36.141.89 PROTO=UDP SPT=443 DPT=59825 PKTS=0 BYTES=0
Nov 22 14:19:03 10.0.0.2 ulogd[1267]: [NEW] ORIG: SRC=192.168.1.180 DST=172.217.20.2 PROTO=UDP SPT=58503 DPT=443 PKTS=0 BYTES=0 , REPLY: SRC=172.217.20.2 DST=176.36.141.89 PROTO=UDP SPT=443 DPT=58503 PKTS=0 BYTES=0
Nov 22 14:19:03 10.0.0.2 ulogd[1267]: [NEW] ORIG: SRC=192.168.1.180 DST=142.251.208.162 PROTO=UDP SPT=59537 DPT=443 PKTS=0 BYTES=0 , REPLY: SRC=142.251.208.162 DST=176.36.141.89 PROTO=UDP SPT=443 DPT=59537 PKTS=0 BYTES=0
Nov 22 14:19:03 10.0.0.2 ulogd[1267]: [NEW] ORIG: SRC=192.168.1.180 DST=35.186.224.25 PROTO=UDP SPT=63348 DPT=443 PKTS=0 BYTES=0 , REPLY: SRC=35.186.224.25 DST=176.36.141.89 PROTO=UDP SPT=443 DPT=63348 PKTS=0 BYTES=0
Nov 22 14:19:03 10.0.0.2 ulogd[1267]: [NEW] ORIG: SRC=192.168.1.180 DST=35.186.224.25 PROTO=TCP SPT=62049 DPT=443 PKTS=0 BYTES=0 , REPLY: SRC=35.186.224.25 DST=176.36.141.89 PROTO=TCP SPT=443 DPT=62049 PKTS=0 BYTES=0
Nov 22 14:19:07 10.0.0.2 ulogd[1267]: [DESTROY] ORIG: SRC=192.168.1.180 DST=198.47.127.20 PROTO=TCP SPT=61989 DPT=443 PKTS=22 BYTES=4592 , REPLY: SRC=198.47.127.20 DST=176.36.141.89 PROTO=TCP SPT=443 DPT=61989 PKTS=29 BYTES=6809
Nov 22 14:19:08 10.0.0.2 dnsmasq[1]: 668383 fd02:c8be:1d40:0:ed9a:a5a9:93a0:c3e8/59510 query[A] navigator-bs.gmx.com from fd02:c8be:1d40:0:ed9a:a5a9:93a0:c3e8
Nov 22 14:19:08 10.0.0.2 ulogd[1267]: [NEW] ORIG: SRC=176.36.141.89 DST=194.50.85.5 PROTO=UDP SPT=35332 DPT=53 PKTS=0 BYTES=0 , REPLY: SRC=194.50.85.5 DST=176.36.141.89 PROTO=UDP SPT=53 DPT=35332 PKTS=0 BYTES=0
Nov 22 14:19:08 10.0.0.2 dnsmasq[1]: 668383 fd02:c8be:1d40:0:ed9a:a5a9:93a0:c3e8/59510 forwarded navigator-bs.gmx.com to 194.50.85.5
Nov 22 14:19:08 10.0.0.2 dnsmasq[1]: 668384 fd02:c8be:1d40:0:ed9a:a5a9:93a0:c3e8/55061 query[A] epimetheus.navigator-bs.gmx.com from fd02:c8be:1d40:0:ed9a:a5a9:93a0:c3e8
Nov 22 14:19:08 10.0.0.2 ulogd[1267]: [NEW] ORIG: SRC=fd02:c8be:1d40:0:ed9a:a5a9:93a0:c3e8 DST=fd02:c8be:1d40::1 PROTO=UDP SPT=55061 DPT=53 PKTS=0 BYTES=0 , REPLY: SRC=fd02:c8be:1d40::1 DST=fd02:c8be:1d40:0:ed9a:a5a9:93a0:c3e8 PROTO=UDP SPT=53 DPT=55061 PKTS=0 BYTES=0
Nov 22 14:19:08 10.0.0.2 dnsmasq[1]: 668384 fd02:c8be:1d40:0:ed9a:a5a9:93a0:c3e8/55061 forwarded epimetheus.navigator-bs.gmx.com to 194.50.85.5
Nov 22 14:19:08 10.0.0.2 ulogd[1267]: [NEW] ORIG: SRC=176.36.141.89 DST=194.50.85.5 PROTO=UDP SPT=45611 DPT=53 PKTS=0 BYTES=0 , REPLY: SRC=194.50.85.5 DST=176.36.141.89 PROTO=UDP SPT=53 DPT=45611 PKTS=0 BYTES=0
Nov 22 14:19:08 10.0.0.2 dnsmasq[1]: 668385 fd02:c8be:1d40:0:ed9a:a5a9:93a0:c3e8/59538 query[A] js.ui-portal.de from fd02:c8be:1d40:0:ed9a:a5a9:93a0:c3e8
Nov 22 14:19:08 10.0.0.2 ulogd[1267]: [NEW] ORIG: SRC=fd02:c8be:1d40:0:ed9a:a5a9:93a0:c3e8 DST=fd02:c8be:1d40::1 PROTO=UDP SPT=59538 DPT=53 PKTS=0 BYTES=0 , REPLY: SRC=fd02:c8be:1d40::1 DST=fd02:c8be:1d40:0:ed9a:a5a9:93a0:c3e8 PROTO=UDP SPT=53 DPT=59538 PKTS=0 BYTES=0
Nov 22 14:19:08 10.0.0.2 dnsmasq[1]: 668385 fd02:c8be:1d40:0:ed9a:a5a9:93a0:c3e8/59538 forwarded js.ui-portal.de to 194.50.85.5
Nov 22 14:19:08 10.0.0.2 dnsmasq[1]: 668385 fd02:c8be:1d40:0:ed9a:a5a9:93a0:c3e8/59538 reply js.ui-portal.de is <CNAME>
Nov 22 14:19:08 10.0.0.2 dnsmasq[1]: 668385 fd02:c8be:1d40:0:ed9a:a5a9:93a0:c3e8/59538 reply js.ui-portal.de.edgekey.net is <CNAME>
Nov 22 14:19:08 10.0.0.2 dnsmasq[1]: 668385 fd02:c8be:1d40:0:ed9a:a5a9:93a0:c3e8/59538 reply e5416.g.akamaiedge.net is 23.48.0.158
Nov 22 14:19:08 10.0.0.2 ulogd[1267]: [NEW] ORIG: SRC=176.36.141.89 DST=194.50.85.5 PROTO=UDP SPT=40805 DPT=53 PKTS=0 BYTES=0 , REPLY: SRC=194.50.85.5 DST=176.36.141.89 PROTO=UDP SPT=53 DPT=40805 PKTS=0 BYTES=0
Nov 22 14:19:08 10.0.0.2 dnsmasq[1]: 668383 fd02:c8be:1d40:0:ed9a:a5a9:93a0:c3e8/59510 reply navigator-bs.gmx.com is 217.72.199.27
Nov 22 14:19:08 10.0.0.2 dnsmasq[1]: 668386 192.168.1.180/59510 query[A] navigator-bs.gmx.com from 192.168.1.180
Nov 22 14:19:08 10.0.0.2 ulogd[1267]: [NEW] ORIG: SRC=192.168.1.180 DST=192.168.1.1 PROTO=UDP SPT=59510 DPT=53 PKTS=0 BYTES=0 , REPLY: SRC=192.168.1.1 DST=192.168.1.180 PROTO=UDP SPT=53 DPT=59510 PKTS=0 BYTES=0
Nov 22 14:19:08 10.0.0.2 dnsmasq[1]: 668386 192.168.1.180/59510 cached navigator-bs.gmx.com is 217.72.199.27
Nov 22 14:19:08 10.0.0.2 dnsmasq[1]: 668387 192.168.1.180/55061 query[A] epimetheus.navigator-bs.gmx.com from 192.168.1.180
Nov 22 14:19:08 10.0.0.2 ulogd[1267]: [NEW] ORIG: SRC=192.168.1.180 DST=192.168.1.1 PROTO=UDP SPT=55061 DPT=53 PKTS=0 BYTES=0 , REPLY: SRC=192.168.1.1 DST=192.168.1.180 PROTO=UDP SPT=53 DPT=55061 PKTS=0 BYTES=0
Nov 22 14:19:08 10.0.0.2 dnsmasq[1]: 668384 fd02:c8be:1d40:0:ed9a:a5a9:93a0:c3e8/55061 reply epimetheus.navigator-bs.gmx.com is 217.72.199.27
Nov 22 14:19:08 10.0.0.2 dnsmasq[1]: 668387 192.168.1.180/55061 reply query is duplicate
Nov 22 14:19:09 10.0.0.2 dnsmasq[1]: 668388 fd02:c8be:1d40:0:ed9a:a5a9:93a0:c3e8/59538 query[A] 3c-bs.gmx.com from fd02:c8be:1d40:0:ed9a:a5a9:93a0:c3e8
Nov 22 14:19:09 10.0.0.2 dnsmasq[1]: 668388 fd02:c8be:1d40:0:ed9a:a5a9:93a0:c3e8/59538 forwarded 3c-bs.gmx.com to 194.50.85.5
Nov 22 14:19:09 10.0.0.2 ulogd[1267]: [NEW] ORIG: SRC=176.36.141.89 DST=194.50.85.5 PROTO=UDP SPT=51717 DPT=53 PKTS=0 BYTES=0 , REPLY: SRC=194.50.85.5 DST=176.36.141.89 PROTO=UDP SPT=53 DPT=51717 PKTS=0 BYTES=0
Nov 22 14:19:09 10.0.0.2 ulogd[1267]: [DESTROY] ORIG: SRC=192.168.1.180 DST=192.168.1.1 PROTO=UDP SPT=49742 DPT=53 PKTS=1 BYTES=82 , REPLY: SRC=192.168.1.1 DST=192.168.1.180 PROTO=UDP SPT=53 DPT=49742 PKTS=0 BYTES=0
Nov 22 14:19:09 10.0.0.2 dnsmasq[1]: 668388 fd02:c8be:1d40:0:ed9a:a5a9:93a0:c3e8/59538 reply 3c-bs.gmx.com is 217.72.196.44
Nov 22 14:19:09 10.0.0.2 ulogd[1267]: [NEW] ORIG: SRC=192.168.1.180 DST=217.72.196.44 PROTO=TCP SPT=62050 DPT=443 PKTS=0 BYTES=0 , REPLY: SRC=217.72.196.44 DST=176.36.141.89 PROTO=TCP SPT=443 DPT=62050 PKTS=0 BYTES=0
Nov 22 14:19:10 10.0.0.2 dnsmasq[1]: 668389 fd02:c8be:1d40:0:ed9a:a5a9:93a0:c3e8/59538 query[A] s.uicdn.com from fd02:c8be:1d40:0:ed9a:a5a9:93a0:c3e8
Nov 22 14:19:10 10.0.0.2 dnsmasq[1]: 668389 fd02:c8be:1d40:0:ed9a:a5a9:93a0:c3e8/59538 forwarded s.uicdn.com to 194.50.85.5
Nov 22 14:19:10 10.0.0.2 ulogd[1267]: [NEW] ORIG: SRC=176.36.141.89 DST=194.50.85.5 PROTO=UDP SPT=43244 DPT=53 PKTS=0 BYTES=0 , REPLY: SRC=194.50.85.5 DST=176.36.141.89 PROTO=UDP SPT=53 DPT=43244 PKTS=0 BYTES=0
Nov 22 14:19:10 10.0.0.2 ulogd[1267]: [NEW] ORIG: SRC=192.168.1.180 DST=192.168.1.1 PROTO=UDP SPT=59538 DPT=53 PKTS=0 BYTES=0 , REPLY: SRC=192.168.1.1 DST=192.168.1.180 PROTO=UDP SPT=53 DPT=59538 PKTS=0 BYTES=0
Nov 22 14:19:10 10.0.0.2 dnsmasq[1]: 668390 192.168.1.180/59538 query[A] s.uicdn.com from 192.168.1.180
Nov 22 14:19:10 10.0.0.2 dnsmasq[1]: 668389 fd02:c8be:1d40:0:ed9a:a5a9:93a0:c3e8/59538 reply s.uicdn.com is <CNAME>
Nov 22 14:19:10 10.0.0.2 dnsmasq[1]: 668389 fd02:c8be:1d40:0:ed9a:a5a9:93a0:c3e8/59538 reply s.uicdn.com.edgekey.net is <CNAME>
Nov 22 14:19:10 10.0.0.2 dnsmasq[1]: 668389 fd02:c8be:1d40:0:ed9a:a5a9:93a0:c3e8/59538 reply e5416.g.akamaiedge.net is 23.48.0.158
Nov 22 14:19:10 10.0.0.2 dnsmasq[1]: 668390 192.168.1.180/59538 reply query is duplicate
Nov 22 14:19:13 10.0.0.2 ulogd[1267]: [NEW] ORIG: SRC=fd02:c8be:1d40:0:ed9a:a5a9:93a0:c3e8 DST=fd02:c8be:1d40::1 PROTO=UDP SPT=49806 DPT=53 PKTS=0 BYTES=0 , REPLY: SRC=fd02:c8be:1d40::1 DST=fd02:c8be:1d40:0:ed9a:a5a9:93a0:c3e8 PROTO=UDP SPT=53 DPT=49806 PKTS=0 BYTES=0
Nov 22 14:19:13 10.0.0.2 dnsmasq[1]: 668391 fd02:c8be:1d40:0:ed9a:a5a9:93a0:c3e8/49806 query[A] api.github.com from fd02:c8be:1d40:0:ed9a:a5a9:93a0:c3e8
Nov 22 14:19:13 10.0.0.2 dnsmasq[1]: 668391 fd02:c8be:1d40:0:ed9a:a5a9:93a0:c3e8/49806 forwarded api.github.com to 194.50.85.5
Nov 22 14:19:13 10.0.0.2 dnsmasq[1]: 668391 fd02:c8be:1d40:0:ed9a:a5a9:93a0:c3e8/49806 reply api.github.com is 140.82.121.5
Nov 22 14:19:13 10.0.0.2 ulogd[1267]: [NEW] ORIG: SRC=176.36.141.89 DST=194.50.85.5 PROTO=UDP SPT=41626 DPT=53 PKTS=0 BYTES=0 , REPLY: SRC=194.50.85.5 DST=176.36.141.89 PROTO=UDP SPT=53 DPT=41626 PKTS=0 BYTES=0
Nov 22 14:19:13 10.0.0.2 ulogd[1267]: [NEW] ORIG: SRC=192.168.1.180 DST=140.82.121.5 PROTO=TCP SPT=62051 DPT=443 PKTS=0 BYTES=0 , REPLY: SRC=140.82.121.5 DST=176.36.141.89 PROTO=TCP SPT=443 DPT=62051 PKTS=0 BYTES=0
Nov 22 14:19:13 10.0.0.2 ulogd[1267]: [NEW] ORIG: SRC=192.168.1.180 DST=140.82.121.5 PROTO=TCP SPT=62052 DPT=443 PKTS=0 BYTES=0 , REPLY: SRC=140.82.121.5 DST=176.36.141.89 PROTO=TCP SPT=443 DPT=62052 PKTS=0 BYTES=0
Nov 22 14:19:13 10.0.0.2 ulogd[1267]: [DESTROY] ORIG: SRC=176.36.141.89 DST=194.50.85.5 PROTO=UDP SPT=51893 DPT=53 PKTS=1 BYTES=76 , REPLY: SRC=194.50.85.5 DST=176.36.141.89 PROTO=UDP SPT=53 DPT=51893 PKTS=1 BYTES=165
Nov 22 14:19:14 10.0.0.2 ulogd[1267]: [DESTROY] ORIG: SRC=10.0.255.255 DST=255.255.255.255 PROTO=UDP SPT=67 DPT=68 PKTS=1 BYTES=349 , REPLY: SRC=255.255.255.255 DST=10.0.255.255 PROTO=UDP SPT=68 DPT=67 PKTS=0 BYTES=0
Nov 22 14:19:14 10.0.0.2 ulogd[1267]: [NEW] ORIG: SRC=10.0.255.255 DST=255.255.255.255 PROTO=UDP SPT=67 DPT=68 PKTS=0 BYTES=0 , REPLY: SRC=255.255.255.255 DST=10.0.255.255 PROTO=UDP SPT=68 DPT=67 PKTS=0 BYTES=0
Nov 22 14:19:14 10.0.0.2 dnsmasq[1]: 668392 fd02:c8be:1d40:0:ed9a:a5a9:93a0:c3e8/49806 query[A] github.githubassets.com from fd02:c8be:1d40:0:ed9a:a5a9:93a0:c3e8
Nov 22 14:19:14 10.0.0.2 ulogd[1267]: [NEW] ORIG: SRC=fd02:c8be:1d40:0:ed9a:a5a9:93a0:c3e8 DST=fd02:c8be:1d40::1 PROTO=UDP SPT=52259 DPT=53 PKTS=0 BYTES=0 , REPLY: SRC=fd02:c8be:1d40::1 DST=fd02:c8be:1d40:0:ed9a:a5a9:93a0:c3e8 PROTO=UDP SPT=53 DPT=52259 PKTS=0 BYTES=0
Nov 22 14:19:14 10.0.0.2 dnsmasq[1]: 668392 fd02:c8be:1d40:0:ed9a:a5a9:93a0:c3e8/49806 forwarded github.githubassets.com to 194.50.85.5
Nov 22 14:19:14 10.0.0.2 ulogd[1267]: [NEW] ORIG: SRC=176.36.141.89 DST=194.50.85.5 PROTO=UDP SPT=37768 DPT=53 PKTS=0 BYTES=0 , REPLY: SRC=194.50.85.5 DST=176.36.141.89 PROTO=UDP SPT=53 DPT=37768 PKTS=0 BYTES=0
Nov 22 14:19:14 10.0.0.2 dnsmasq[1]: 668392 fd02:c8be:1d40:0:ed9a:a5a9:93a0:c3e8/49806 reply github.githubassets.com is 185.199.109.154
Nov 22 14:19:14 10.0.0.2 dnsmasq[1]: 668392 fd02:c8be:1d40:0:ed9a:a5a9:93a0:c3e8/49806 reply github.githubassets.com is 185.199.111.154
Nov 22 14:19:14 10.0.0.2 dnsmasq[1]: 668392 fd02:c8be:1d40:0:ed9a:a5a9:93a0:c3e8/49806 reply github.githubassets.com is 185.199.110.154
Nov 22 14:19:14 10.0.0.2 dnsmasq[1]: 668392 fd02:c8be:1d40:0:ed9a:a5a9:93a0:c3e8/49806 reply github.githubassets.com is 185.199.108.154
Nov 22 14:19:14 10.0.0.2 dnsmasq[1]: 668393 fd02:c8be:1d40:0:ed9a:a5a9:93a0:c3e8/52259 query[A] github.com from fd02:c8be:1d40:0:ed9a:a5a9:93a0:c3e8
Nov 22 14:19:14 10.0.0.2 ulogd[1267]: [NEW] ORIG: SRC=176.36.141.89 DST=194.50.85.5 PROTO=UDP SPT=41794 DPT=53 PKTS=0 BYTES=0 , REPLY: SRC=194.50.85.5 DST=176.36.141.89 PROTO=UDP SPT=53 DPT=41794 PKTS=0 BYTES=0
Nov 22 14:19:14 10.0.0.2 dnsmasq[1]: 668393 fd02:c8be:1d40:0:ed9a:a5a9:93a0:c3e8/52259 forwarded github.com to 194.50.85.5
Nov 22 14:19:14 10.0.0.2 dnsmasq[1]: 668393 fd02:c8be:1d40:0:ed9a:a5a9:93a0:c3e8/52259 reply github.com is 140.82.121.4
Nov 22 14:19:14 10.0.0.2 ulogd[1267]: [NEW] ORIG: SRC=192.168.1.180 DST=185.199.109.154 PROTO=TCP SPT=62053 DPT=443 PKTS=0 BYTES=0 , REPLY: SRC=185.199.109.154 DST=176.36.141.89 PROTO=TCP SPT=443 DPT=62053 PKTS=0 BYTES=0
Nov 22 14:19:14 10.0.0.2 ulogd[1267]: [NEW] ORIG: SRC=192.168.1.180 DST=140.82.121.4 PROTO=TCP SPT=62054 DPT=443 PKTS=0 BYTES=0 , REPLY: SRC=140.82.121.4 DST=176.36.141.89 PROTO=TCP SPT=443 DPT=62054 PKTS=0 BYTES=0
Nov 22 14:19:15 10.0.0.2 dnsmasq[1]: 668394 fd02:c8be:1d40:0:ed9a:a5a9:93a0:c3e8/49806 query[A] avatars.githubusercontent.com from fd02:c8be:1d40:0:ed9a:a5a9:93a0:c3e8
Nov 22 14:19:15 10.0.0.2 ulogd[1267]: [DESTROY] ORIG: SRC=192.168.1.180 DST=34.202.198.252 PROTO=TCP SPT=61745 DPT=443 PKTS=16 BYTES=1950 , REPLY: SRC=34.202.198.252 DST=176.36.141.89 PROTO=TCP SPT=443 DPT=61745 PKTS=16 BYTES=6125
Nov 22 14:19:15 10.0.0.2 dnsmasq[1]: 668394 fd02:c8be:1d40:0:ed9a:a5a9:93a0:c3e8/49806 forwarded avatars.githubusercontent.com to 194.50.85.5
Nov 22 14:19:15 10.0.0.2 ulogd[1267]: [NEW] ORIG: SRC=192.168.1.180 DST=185.199.109.154 PROTO=TCP SPT=62055 DPT=443 PKTS=0 BYTES=0 , REPLY: SRC=185.199.109.154 DST=176.36.141.89 PROTO=TCP SPT=443 DPT=62055 PKTS=0 BYTES=0
Nov 22 14:19:15 10.0.0.2 ulogd[1267]: [NEW] ORIG: SRC=176.36.141.89 DST=194.50.85.5 PROTO=UDP SPT=46935 DPT=53 PKTS=0 BYTES=0 , REPLY: SRC=194.50.85.5 DST=176.36.141.89 PROTO=UDP SPT=53 DPT=46935 PKTS=0 BYTES=0
Nov 22 14:19:15 10.0.0.2 dnsmasq[1]: 668394 fd02:c8be:1d40:0:ed9a:a5a9:93a0:c3e8/49806 reply avatars.githubusercontent.com is 185.199.111.133
Nov 22 14:19:15 10.0.0.2 dnsmasq[1]: 668394 fd02:c8be:1d40:0:ed9a:a5a9:93a0:c3e8/49806 reply avatars.githubusercontent.com is 185.199.109.133
Nov 22 14:19:15 10.0.0.2 dnsmasq[1]: 668394 fd02:c8be:1d40:0:ed9a:a5a9:93a0:c3e8/49806 reply avatars.githubusercontent.com is 185.199.108.133
Nov 22 14:19:15 10.0.0.2 dnsmasq[1]: 668394 fd02:c8be:1d40:0:ed9a:a5a9:93a0:c3e8/49806 reply avatars.githubusercontent.com is 185.199.110.133
Nov 22 14:19:15 10.0.0.2 ulogd[1267]: [NEW] ORIG: SRC=192.168.1.180 DST=185.199.111.133 PROTO=TCP SPT=62056 DPT=443 PKTS=0 BYTES=0 , REPLY: SRC=185.199.111.133 DST=176.36.141.89 PROTO=TCP SPT=443 DPT=62056 PKTS=0 BYTES=0
Nov 22 14:19:16 10.0.0.2 dnsmasq[1]: 668395 fd02:c8be:1d40:0:ed9a:a5a9:93a0:c3e8/52259 query[A] github-cloud.s3.amazonaws.com from fd02:c8be:1d40:0:ed9a:a5a9:93a0:c3e8
Nov 22 14:19:16 10.0.0.2 dnsmasq[1]: 668395 fd02:c8be:1d40:0:ed9a:a5a9:93a0:c3e8/52259 forwarded github-cloud.s3.amazonaws.com to 194.50.85.5
Nov 22 14:19:16 10.0.0.2 ulogd[1267]: [NEW] ORIG: SRC=176.36.141.89 DST=194.50.85.5 PROTO=UDP SPT=40347 DPT=53 PKTS=0 BYTES=0 , REPLY: SRC=194.50.85.5 DST=176.36.141.89 PROTO=UDP SPT=53 DPT=40347 PKTS=0 BYTES=0
Nov 22 14:19:16 10.0.0.2 dnsmasq[1]: 668396 fd02:c8be:1d40:0:ed9a:a5a9:93a0:c3e8/49806 query[A] user-images.githubusercontent.com from fd02:c8be:1d40:0:ed9a:a5a9:93a0:c3e8
Nov 22 14:19:16 10.0.0.2 ulogd[1267]: [NEW] ORIG: SRC=176.36.141.89 DST=194.50.85.5 PROTO=UDP SPT=45756 DPT=53 PKTS=0 BYTES=0 , REPLY: SRC=194.50.85.5 DST=176.36.141.89 PROTO=UDP SPT=53 DPT=45756 PKTS=0 BYTES=0
Nov 22 14:19:16 10.0.0.2 dnsmasq[1]: 668396 fd02:c8be:1d40:0:ed9a:a5a9:93a0:c3e8/49806 forwarded user-images.githubusercontent.com to 194.50.85.5
Nov 22 14:19:16 10.0.0.2 dnsmasq[1]: 668395 fd02:c8be:1d40:0:ed9a:a5a9:93a0:c3e8/52259 reply github-cloud.s3.amazonaws.com is <CNAME>
Nov 22 14:19:16 10.0.0.2 dnsmasq[1]: 668395 fd02:c8be:1d40:0:ed9a:a5a9:93a0:c3e8/52259 reply s3-1-w.amazonaws.com is <CNAME>
Nov 22 14:19:16 10.0.0.2 dnsmasq[1]: 668395 fd02:c8be:1d40:0:ed9a:a5a9:93a0:c3e8/52259 reply s3-w.us-east-1.amazonaws.com is 54.231.162.1
Nov 22 14:19:16 10.0.0.2 dnsmasq[1]: 668395 fd02:c8be:1d40:0:ed9a:a5a9:93a0:c3e8/52259 reply s3-w.us-east-1.amazonaws.com is 3.5.9.225
Nov 22 14:19:16 10.0.0.2 dnsmasq[1]: 668395 fd02:c8be:1d40:0:ed9a:a5a9:93a0:c3e8/52259 reply s3-w.us-east-1.amazonaws.com is 54.231.130.121
Nov 22 14:19:16 10.0.0.2 dnsmasq[1]: 668395 fd02:c8be:1d40:0:ed9a:a5a9:93a0:c3e8/52259 reply s3-w.us-east-1.amazonaws.com is 16.182.68.105
Nov 22 14:19:16 10.0.0.2 dnsmasq[1]: 668395 fd02:c8be:1d40:0:ed9a:a5a9:93a0:c3e8/52259 reply s3-w.us-east-1.amazonaws.com is 52.217.204.249
Nov 22 14:19:16 10.0.0.2 dnsmasq[1]: 668395 fd02:c8be:1d40:0:ed9a:a5a9:93a0:c3e8/52259 reply s3-w.us-east-1.amazonaws.com is 52.216.113.139
Nov 22 14:19:16 10.0.0.2 dnsmasq[1]: 668395 fd02:c8be:1d40:0:ed9a:a5a9:93a0:c3e8/52259 reply s3-w.us-east-1.amazonaws.com is 3.5.9.197
Nov 22 14:19:16 10.0.0.2 dnsmasq[1]: 668395 fd02:c8be:1d40:0:ed9a:a5a9:93a0:c3e8/52259 reply s3-w.us-east-1.amazonaws.com is 52.216.212.241
Nov 22 14:19:16 10.0.0.2 dnsmasq[1]: 668396 fd02:c8be:1d40:0:ed9a:a5a9:93a0:c3e8/49806 reply user-images.githubusercontent.com is 185.199.108.133
Nov 22 14:19:16 10.0.0.2 dnsmasq[1]: 668396 fd02:c8be:1d40:0:ed9a:a5a9:93a0:c3e8/49806 reply user-images.githubusercontent.com is 185.199.111.133
Nov 22 14:19:16 10.0.0.2 dnsmasq[1]: 668396 fd02:c8be:1d40:0:ed9a:a5a9:93a0:c3e8/49806 reply user-images.githubusercontent.com is 185.199.110.133
Nov 22 14:19:16 10.0.0.2 dnsmasq[1]: 668396 fd02:c8be:1d40:0:ed9a:a5a9:93a0:c3e8/49806 reply user-images.githubusercontent.com is 185.199.109.133
Nov 22 14:19:16 10.0.0.2 dnsmasq[1]: 668397 fd02:c8be:1d40:0:ed9a:a5a9:93a0:c3e8/52259 query[A] category.blocksite.co from fd02:c8be:1d40:0:ed9a:a5a9:93a0:c3e8
Nov 22 14:19:16 10.0.0.2 ulogd[1267]: [NEW] ORIG: SRC=176.36.141.89 DST=194.50.85.5 PROTO=UDP SPT=54458 DPT=53 PKTS=0 BYTES=0 , REPLY: SRC=194.50.85.5 DST=176.36.141.89 PROTO=UDP SPT=53 DPT=54458 PKTS=0 BYTES=0
Nov 22 14:19:16 10.0.0.2 dnsmasq[1]: 668397 fd02:c8be:1d40:0:ed9a:a5a9:93a0:c3e8/52259 forwarded category.blocksite.co to 194.50.85.5
Nov 22 14:19:16 10.0.0.2 dnsmasq[1]: 668397 fd02:c8be:1d40:0:ed9a:a5a9:93a0:c3e8/52259 reply category.blocksite.co is 50.112.184.49
Nov 22 14:19:16 10.0.0.2 dnsmasq[1]: 668397 fd02:c8be:1d40:0:ed9a:a5a9:93a0:c3e8/52259 reply category.blocksite.co is 52.11.42.187
Nov 22 14:19:16 10.0.0.2 ulogd[1267]: [NEW] ORIG: SRC=192.168.1.180 DST=50.112.184.49 PROTO=TCP SPT=62057 DPT=443 PKTS=0 BYTES=0 , REPLY: SRC=50.112.184.49 DST=176.36.141.89 PROTO=TCP SPT=443 DPT=62057 PKTS=0 BYTES=0
Nov 22 14:19:17 10.0.0.2 ulogd[1267]: [DESTROY] ORIG: SRC=176.36.141.89 DST=194.50.85.7 PROTO=UDP SPT=44969 DPT=53 PKTS=1 BYTES=55 , REPLY: SRC=194.50.85.7 DST=176.36.141.89 PROTO=UDP SPT=53 DPT=44969 PKTS=1 BYTES=119
Nov 22 14:19:17 10.0.0.2 dnsmasq[1]: 668398 fd02:c8be:1d40:0:ed9a:a5a9:93a0:c3e8/49806 query[A] alive.github.com from fd02:c8be:1d40:0:ed9a:a5a9:93a0:c3e8
Nov 22 14:19:17 10.0.0.2 dnsmasq[1]: 668398 fd02:c8be:1d40:0:ed9a:a5a9:93a0:c3e8/49806 forwarded alive.github.com to 194.50.85.5
Nov 22 14:19:17 10.0.0.2 ulogd[1267]: [NEW] ORIG: SRC=176.36.141.89 DST=194.50.85.5 PROTO=UDP SPT=35669 DPT=53 PKTS=0 BYTES=0 , REPLY: SRC=194.50.85.5 DST=176.36.141.89 PROTO=UDP SPT=53 DPT=35669 PKTS=0 BYTES=0
Nov 22 14:19:17 10.0.0.2 dnsmasq[1]: 668398 fd02:c8be:1d40:0:ed9a:a5a9:93a0:c3e8/49806 reply alive.github.com is <CNAME>
Nov 22 14:19:17 10.0.0.2 dnsmasq[1]: 668398 fd02:c8be:1d40:0:ed9a:a5a9:93a0:c3e8/49806 reply live.github.com is 140.82.113.26
Nov 22 14:19:17 10.0.0.2 ulogd[1267]: [NEW] ORIG: SRC=192.168.1.180 DST=140.82.113.26 PROTO=TCP SPT=62058 DPT=443 PKTS=0 BYTES=0 , REPLY: SRC=140.82.113.26 DST=176.36.141.89 PROTO=TCP SPT=443 DPT=62058 PKTS=0 BYTES=0
Nov 22 14:19:17 10.0.0.2 dnsmasq[1]: 668399 fd02:c8be:1d40:0:ed9a:a5a9:93a0:c3e8/52259 query[A] collector.github.com from fd02:c8be:1d40:0:ed9a:a5a9:93a0:c3e8
Nov 22 14:19:17 10.0.0.2 ulogd[1267]: [NEW] ORIG: SRC=176.36.141.89 DST=194.50.85.5 PROTO=UDP SPT=60793 DPT=53 PKTS=0 BYTES=0 , REPLY: SRC=194.50.85.5 DST=176.36.141.89 PROTO=UDP SPT=53 DPT=60793 PKTS=0 BYTES=0
Nov 22 14:19:17 10.0.0.2 dnsmasq[1]: 668399 fd02:c8be:1d40:0:ed9a:a5a9:93a0:c3e8/52259 forwarded collector.github.com to 194.50.85.5
Nov 22 14:19:17 10.0.0.2 dnsmasq[1]: 668399 fd02:c8be:1d40:0:ed9a:a5a9:93a0:c3e8/52259 reply collector.github.com is <CNAME>
Nov 22 14:19:17 10.0.0.2 dnsmasq[1]: 668399 fd02:c8be:1d40:0:ed9a:a5a9:93a0:c3e8/52259 reply glb-db52c2cf8be544.github.com is 140.82.113.21
Nov 22 14:19:17 10.0.0.2 ulogd[1267]: [NEW] ORIG: SRC=192.168.1.180 DST=140.82.113.21 PROTO=TCP SPT=62059 DPT=443 PKTS=0 BYTES=0 , REPLY: SRC=140.82.113.21 DST=176.36.141.89 PROTO=TCP SPT=443 DPT=62059 PKTS=0 BYTES=0
Nov 22 14:19:18 10.0.0.2 ulogd[1267]: [DESTROY] ORIG: SRC=192.168.1.180 DST=63.35.117.106 PROTO=TCP SPT=61963 DPT=443 PKTS=20 BYTES=2522 , REPLY: SRC=63.35.117.106 DST=176.36.141.89 PROTO=TCP SPT=443 DPT=61963 PKTS=20 BYTES=8843
Nov 22 14:19:22 10.0.0.2 ulogd[1267]: [DESTROY] ORIG: SRC=192.168.1.180 DST=104.18.24.173 PROTO=TCP SPT=61977 DPT=443 PKTS=15 BYTES=2205 , REPLY: SRC=104.18.24.173 DST=176.36.141.89 PROTO=TCP SPT=443 DPT=61977 PKTS=15 BYTES=4511
Nov 22 14:19:25 10.0.0.2 dnsmasq[1]: 668400 fd02:c8be:1d40:0:ed9a:a5a9:93a0:c3e8/49806 query[A] codeload.github.com from fd02:c8be:1d40:0:ed9a:a5a9:93a0:c3e8
Nov 22 14:19:25 10.0.0.2 dnsmasq[1]: 668400 fd02:c8be:1d40:0:ed9a:a5a9:93a0:c3e8/49806 forwarded codeload.github.com to 192.168.1.45
Nov 22 14:19:25 10.0.0.2 ulogd[1267]: [NEW] ORIG: SRC=192.168.1.1 DST=192.168.1.45 PROTO=UDP SPT=33800 DPT=5353 PKTS=0 BYTES=0 , REPLY: SRC=192.168.1.45 DST=192.168.1.1 PROTO=UDP SPT=5353 DPT=33800 PKTS=0 BYTES=0
Nov 22 14:19:25 10.0.0.2 dnsmasq[1]: 668400 fd02:c8be:1d40:0:ed9a:a5a9:93a0:c3e8/49806 forwarded codeload.github.com to 194.50.85.5
Nov 22 14:19:25 10.0.0.2 ulogd[1267]: [NEW] ORIG: SRC=176.36.141.89 DST=194.50.85.5 PROTO=UDP SPT=33800 DPT=53 PKTS=0 BYTES=0 , REPLY: SRC=194.50.85.5 DST=176.36.141.89 PROTO=UDP SPT=53 DPT=33800 PKTS=0 BYTES=0
Nov 22 14:19:25 10.0.0.2 dnsmasq[1]: 668400 fd02:c8be:1d40:0:ed9a:a5a9:93a0:c3e8/49806 forwarded codeload.github.com to 194.50.85.7
Nov 22 14:19:25 10.0.0.2 ulogd[1267]: [NEW] ORIG: SRC=176.36.141.89 DST=194.50.85.7 PROTO=UDP SPT=33800 DPT=53 PKTS=0 BYTES=0 , REPLY: SRC=194.50.85.7 DST=176.36.141.89 PROTO=UDP SPT=53 DPT=33800 PKTS=0 BYTES=0
Nov 22 14:19:25 10.0.0.2 dnsmasq[1]: 668400 fd02:c8be:1d40:0:ed9a:a5a9:93a0:c3e8/49806 reply codeload.github.com is 140.82.121.10
Nov 22 14:19:25 10.0.0.2 ulogd[1267]: [DESTROY] ORIG: SRC=192.168.1.180 DST=193.200.64.25 PROTO=TCP SPT=61748 DPT=443 PKTS=12 BYTES=1675 , REPLY: SRC=193.200.64.25 DST=176.36.141.89 PROTO=TCP SPT=443 DPT=61748 PKTS=11 BYTES=10197
Nov 22 14:19:25 10.0.0.2 ulogd[1267]: [NEW] ORIG: SRC=192.168.1.180 DST=140.82.121.10 PROTO=TCP SPT=62060 DPT=443 PKTS=0 BYTES=0 , REPLY: SRC=140.82.121.10 DST=176.36.141.89 PROTO=TCP SPT=443 DPT=62060 PKTS=0 BYTES=0
Nov 22 14:19:27 10.0.0.2 dnsmasq[1]: 668401 fd02:c8be:1d40:0:ed9a:a5a9:93a0:c3e8/52259 query[A] www.aljazeera.com from fd02:c8be:1d40:0:ed9a:a5a9:93a0:c3e8
Nov 22 14:19:27 10.0.0.2 dnsmasq[1]: 668401 fd02:c8be:1d40:0:ed9a:a5a9:93a0:c3e8/52259 forwarded www.aljazeera.com to 194.50.85.5
Nov 22 14:19:27 10.0.0.2 ulogd[1267]: [NEW] ORIG: SRC=176.36.141.89 DST=194.50.85.5 PROTO=UDP SPT=37469 DPT=53 PKTS=0 BYTES=0 , REPLY: SRC=194.50.85.5 DST=176.36.141.89 PROTO=UDP SPT=53 DPT=37469 PKTS=0 BYTES=0
Nov 22 14:19:27 10.0.0.2 ulogd[1267]: [NEW] ORIG: SRC=192.168.1.180 DST=192.168.1.1 PROTO=UDP SPT=52259 DPT=53 PKTS=0 BYTES=0 , REPLY: SRC=192.168.1.1 DST=192.168.1.180 PROTO=UDP SPT=53 DPT=52259 PKTS=0 BYTES=0
Nov 22 14:19:27 10.0.0.2 dnsmasq[1]: 668402 192.168.1.180/52259 query[A] www.aljazeera.com from 192.168.1.180
Nov 22 14:19:27 10.0.0.2 dnsmasq[1]: 668401 fd02:c8be:1d40:0:ed9a:a5a9:93a0:c3e8/52259 reply www.aljazeera.com is <CNAME>
Nov 22 14:19:27 10.0.0.2 dnsmasq[1]: 668401 fd02:c8be:1d40:0:ed9a:a5a9:93a0:c3e8/52259 reply www.aljazeera.com.edgekey.net is <CNAME>
Nov 22 14:19:27 10.0.0.2 dnsmasq[1]: 668401 fd02:c8be:1d40:0:ed9a:a5a9:93a0:c3e8/52259 reply e9106.dscg.akamaiedge.net is 23.48.0.162
Nov 22 14:19:27 10.0.0.2 dnsmasq[1]: 668402 192.168.1.180/52259 reply query is duplicate
Nov 22 14:19:27 10.0.0.2 ulogd[1267]: [DESTROY] ORIG: SRC=192.168.1.180 DST=35.186.224.25 PROTO=UDP SPT=64105 DPT=443 PKTS=10 BYTES=4215 , REPLY: SRC=35.186.224.25 DST=176.36.141.89 PROTO=UDP SPT=443 DPT=64105 PKTS=8 BYTES=2769
Nov 22 14:19:29 10.0.0.2 ulogd[1267]: [DESTROY] ORIG: SRC=192.168.1.180 DST=72.251.241.206 PROTO=TCP SPT=61939 DPT=443 PKTS=13 BYTES=1793 , REPLY: SRC=72.251.241.206 DST=176.36.141.89 PROTO=TCP SPT=443 DPT=61939 PKTS=17 BYTES=7714
Nov 22 14:19:29 10.0.0.2 ulogd[1267]: [DESTROY] ORIG: SRC=192.168.1.180 DST=80.77.87.161 PROTO=TCP SPT=61960 DPT=443 PKTS=11 BYTES=2054 , REPLY: SRC=80.77.87.161 DST=176.36.141.89 PROTO=TCP SPT=443 DPT=61960 PKTS=10 BYTES=6424
Nov 22 14:19:30 10.0.0.2 ulogd[1267]: [NEW] ORIG: SRC=192.168.1.180 DST=192.168.1.255 PROTO=UDP SPT=137 DPT=137 PKTS=0 BYTES=0 , REPLY: SRC=192.168.1.255 DST=192.168.1.180 PROTO=UDP SPT=137 DPT=137 PKTS=0 BYTES=0
Nov 22 14:19:33 10.0.0.2 ulogd[1267]: [DESTROY] ORIG: SRC=192.168.1.180 DST=104.18.41.104 PROTO=TCP SPT=61964 DPT=443 PKTS=14 BYTES=1865 , REPLY: SRC=104.18.41.104 DST=176.36.141.89 PROTO=TCP SPT=443 DPT=61964 PKTS=12 BYTES=3893
Nov 22 14:19:37 10.0.0.2 ulogd[1267]: [NEW] ORIG: SRC=192.168.1.180 DST=172.217.20.2 PROTO=UDP SPT=50103 DPT=443 PKTS=0 BYTES=0 , REPLY: SRC=172.217.20.2 DST=176.36.141.89 PROTO=UDP SPT=443 DPT=50103 PKTS=0 BYTES=0
Nov 22 14:19:37 10.0.0.2 ulogd[1267]: [NEW] ORIG: SRC=fd02:c8be:1d40:0:ed9a:a5a9:93a0:c3e8 DST=fd02:c8be:1d40::1 PROTO=UDP SPT=60406 DPT=53 PKTS=0 BYTES=0 , REPLY: SRC=fd02:c8be:1d40::1 DST=fd02:c8be:1d40:0:ed9a:a5a9:93a0:c3e8 PROTO=UDP SPT=53 DPT=60406 PKTS=0 BYTES=0
Nov 22 14:19:37 10.0.0.2 dnsmasq[1]: 668403 fd02:c8be:1d40:0:ed9a:a5a9:93a0:c3e8/60406 query[A] pubads.g.doubleclick.net from fd02:c8be:1d40:0:ed9a:a5a9:93a0:c3e8
Nov 22 14:19:37 10.0.0.2 ulogd[1267]: [NEW] ORIG: SRC=fd02:c8be:1d40:0:ed9a:a5a9:93a0:c3e8 DST=fd02:c8be:1d40::1 PROTO=UDP SPT=61629 DPT=53 PKTS=0 BYTES=0 , REPLY: SRC=fd02:c8be:1d40::1 DST=fd02:c8be:1d40:0:ed9a:a5a9:93a0:c3e8 PROTO=UDP SPT=53 DPT=61629 PKTS=0 BYTES=0
Nov 22 14:19:37 10.0.0.2 ulogd[1267]: [NEW] ORIG: SRC=176.36.141.89 DST=194.50.85.5 PROTO=UDP SPT=49370 DPT=53 PKTS=0 BYTES=0 , REPLY: SRC=194.50.85.5 DST=176.36.141.89 PROTO=UDP SPT=53 DPT=49370 PKTS=0 BYTES=0
Nov 22 14:19:37 10.0.0.2 dnsmasq[1]: 668403 fd02:c8be:1d40:0:ed9a:a5a9:93a0:c3e8/60406 forwarded pubads.g.doubleclick.net to 194.50.85.5
Nov 22 14:19:37 10.0.0.2 dnsmasq[1]: 668404 fd02:c8be:1d40:0:ed9a:a5a9:93a0:c3e8/61629 query[type=65] pubads.g.doubleclick.net from fd02:c8be:1d40:0:ed9a:a5a9:93a0:c3e8
Nov 22 14:19:37 10.0.0.2 dnsmasq[1]: 668404 fd02:c8be:1d40:0:ed9a:a5a9:93a0:c3e8/61629 forwarded pubads.g.doubleclick.net to 194.50.85.5
Nov 22 14:19:37 10.0.0.2 ulogd[1267]: [NEW] ORIG: SRC=176.36.141.89 DST=194.50.85.5 PROTO=UDP SPT=60609 DPT=53 PKTS=0 BYTES=0 , REPLY: SRC=194.50.85.5 DST=176.36.141.89 PROTO=UDP SPT=53 DPT=60609 PKTS=0 BYTES=0
Nov 22 14:19:37 10.0.0.2 ulogd[1267]: [NEW] ORIG: SRC=192.168.1.180 DST=35.186.224.25 PROTO=UDP SPT=54999 DPT=443 PKTS=0 BYTES=0 , REPLY: SRC=35.186.224.25 DST=176.36.141.89 PROTO=UDP SPT=443 DPT=54999 PKTS=0 BYTES=0
