Nov 22 14:16:22 10.0.0.2 dnsmasq[1]: 668141 fd02:c8be:1d40:0:ed9a:a5a9:93a0:c3e8/61466 reply d5p.de17a.com is 213.155.156.167
Nov 22 14:16:22 10.0.0.2 dnsmasq[1]: 668141 fd02:c8be:1d40:0:ed9a:a5a9:93a0:c3e8/61466 reply d5p.de17a.com is 213.155.156.168
Nov 22 14:16:22 10.0.0.2 dnsmasq[1]: 668141 fd02:c8be:1d40:0:ed9a:a5a9:93a0:c3e8/61466 reply d5p.de17a.com is 213.155.156.180
Nov 22 14:16:22 10.0.0.2 dnsmasq[1]: 668141 fd02:c8be:1d40:0:ed9a:a5a9:93a0:c3e8/61466 reply d5p.de17a.com is 213.155.156.169
Nov 22 14:16:22 10.0.0.2 dnsmasq[1]: 668141 fd02:c8be:1d40:0:ed9a:a5a9:93a0:c3e8/61466 reply d5p.de17a.com is 213.155.156.185
Nov 22 14:16:22 10.0.0.2 dnsmasq[1]: 668141 fd02:c8be:1d40:0:ed9a:a5a9:93a0:c3e8/61466 reply d5p.de17a.com is 213.155.156.181
Nov 22 14:16:22 10.0.0.2 dnsmasq[1]: 668243 fd02:c8be:1d40:0:ed9a:a5a9:93a0:c3e8/65003 query[A] ad.mrtnsvr.com from fd02:c8be:1d40:0:ed9a:a5a9:93a0:c3e8
Nov 22 14:16:22 10.0.0.2 dnsmasq[1]: 668243 fd02:c8be:1d40:0:ed9a:a5a9:93a0:c3e8/65003 forwarded ad.mrtnsvr.com to 194.50.85.5
Nov 22 14:16:22 10.0.0.2 ulogd[1267]: [NEW] ORIG: SRC=176.36.141.89 DST=194.50.85.5 PROTO=UDP SPT=37241 DPT=53 PKTS=0 BYTES=0 , REPLY: SRC=194.50.85.5 DST=176.36.141.89 PROTO=UDP SPT=53 DPT=37241 PKTS=0 BYTES=0
Nov 22 14:16:22 10.0.0.2 dnsmasq[1]: 668142 fd02:c8be:1d40:0:ed9a:a5a9:93a0:c3e8/64291 reply p.rfihub.com is <CNAME>
Nov 22 14:16:22 10.0.0.2 dnsmasq[1]: 668142 fd02:c8be:1d40:0:ed9a:a5a9:93a0:c3e8/64291 reply a.rfihub.com is <CNAME>
Nov 22 14:16:22 10.0.0.2 dnsmasq[1]: 668142 fd02:c8be:1d40:0:ed9a:a5a9:93a0:c3e8/64291 reply a.rfihub.com.akadns.net is <CNAME>
Nov 22 14:16:22 10.0.0.2 dnsmasq[1]: 668142 fd02:c8be:1d40:0:ed9a:a5a9:93a0:c3e8/64291 reply a-emea.rfihub.com.akadns.net is 193.0.160.130
Nov 22 14:16:22 10.0.0.2 dnsmasq[1]: 668244 fd02:c8be:1d40:0:ed9a:a5a9:93a0:c3e8/65082 query[A] core.iprom.net from fd02:c8be:1d40:0:ed9a:a5a9:93a0:c3e8
Nov 22 14:16:22 10.0.0.2 dnsmasq[1]: 668244 fd02:c8be:1d40:0:ed9a:a5a9:93a0:c3e8/65082 forwarded core.iprom.net to 194.50.85.5
Nov 22 14:16:22 10.0.0.2 ulogd[1267]: [NEW] ORIG: SRC=176.36.141.89 DST=194.50.85.5 PROTO=UDP SPT=45790 DPT=53 PKTS=0 BYTES=0 , REPLY: SRC=194.50.85.5 DST=176.36.141.89 PROTO=UDP SPT=53 DPT=45790 PKTS=0 BYTES=0
Nov 22 14:16:22 10.0.0.2 dnsmasq[1]: 668245 fd02:c8be:1d40:0:ed9a:a5a9:93a0:c3e8/61745 query[A] cm-x.mgid.com from fd02:c8be:1d40:0:ed9a:a5a9:93a0:c3e8
Nov 22 14:16:22 10.0.0.2 dnsmasq[1]: 668245 fd02:c8be:1d40:0:ed9a:a5a9:93a0:c3e8/61745 forwarded cm-x.mgid.com to 194.50.85.5
Nov 22 14:16:22 10.0.0.2 ulogd[1267]: [NEW] ORIG: SRC=176.36.141.89 DST=194.50.85.5 PROTO=UDP SPT=56879 DPT=53 PKTS=0 BYTES=0 , REPLY: SRC=194.50.85.5 DST=176.36.141.89 PROTO=UDP SPT=53 DPT=56879 PKTS=0 BYTES=0
Nov 22 14:16:22 10.0.0.2 dnsmasq[1]: 668244 fd02:c8be:1d40:0:ed9a:a5a9:93a0:c3e8/65082 reply core.iprom.net is 195.5.165.20
Nov 22 14:16:22 10.0.0.2 dnsmasq[1]: 668243 fd02:c8be:1d40:0:ed9a:a5a9:93a0:c3e8/65003 reply ad.mrtnsvr.com is 34.102.163.6
Nov 22 14:16:22 10.0.0.2 dnsmasq[1]: 668245 fd02:c8be:1d40:0:ed9a:a5a9:93a0:c3e8/61745 reply cm-x.mgid.com is 8.2.110.161
Nov 22 14:16:22 10.0.0.2 ulogd[1267]: [NEW] ORIG: SRC=192.168.1.180 DST=72.251.241.206 PROTO=TCP SPT=61939 DPT=443 PKTS=0 BYTES=0 , REPLY: SRC=72.251.241.206 DST=176.36.141.89 PROTO=TCP SPT=443 DPT=61939 PKTS=0 BYTES=0
Nov 22 14:16:22 10.0.0.2 ulogd[1267]: [NEW] ORIG: SRC=192.168.1.180 DST=35.186.193.173 PROTO=TCP SPT=61940 DPT=443 PKTS=0 BYTES=0 , REPLY: SRC=35.186.193.173 DST=176.36.141.89 PROTO=TCP SPT=443 DPT=61940 PKTS=0 BYTES=0
Nov 22 14:16:22 10.0.0.2 ulogd[1267]: [NEW] ORIG: SRC=192.168.1.180 DST=213.155.156.166 PROTO=TCP SPT=61941 DPT=443 PKTS=0 BYTES=0 , REPLY: SRC=213.155.156.166 DST=176.36.141.89 PROTO=TCP SPT=443 DPT=61941 PKTS=0 BYTES=0
Nov 22 14:16:22 10.0.0.2 ulogd[1267]: [NEW] ORIG: SRC=192.168.1.180 DST=193.0.160.130 PROTO=TCP SPT=61942 DPT=443 PKTS=0 BYTES=0 , REPLY: SRC=193.0.160.130 DST=176.36.141.89 PROTO=TCP SPT=443 DPT=61942 PKTS=0 BYTES=0
Nov 22 14:16:22 10.0.0.2 ulogd[1267]: [NEW] ORIG: SRC=192.168.1.180 DST=34.102.163.6 PROTO=TCP SPT=61943 DPT=443 PKTS=0 BYTES=0 , REPLY: SRC=34.102.163.6 DST=176.36.141.89 PROTO=TCP SPT=443 DPT=61943 PKTS=0 BYTES=0
Nov 22 14:16:22 10.0.0.2 ulogd[1267]: [NEW] ORIG: SRC=192.168.1.180 DST=195.5.165.20 PROTO=TCP SPT=61944 DPT=443 PKTS=0 BYTES=0 , REPLY: SRC=195.5.165.20 DST=176.36.141.89 PROTO=TCP SPT=443 DPT=61944 PKTS=0 BYTES=0
Nov 22 14:16:22 10.0.0.2 ulogd[1267]: [NEW] ORIG: SRC=192.168.1.180 DST=8.2.110.161 PROTO=TCP SPT=61945 DPT=443 PKTS=0 BYTES=0 , REPLY: SRC=8.2.110.161 DST=176.36.141.89 PROTO=TCP SPT=443 DPT=61945 PKTS=0 BYTES=0
Nov 22 14:16:22 10.0.0.2 dnsmasq[1]: 668246 fd02:c8be:1d40:0:ed9a:a5a9:93a0:c3e8/61679 query[A] simage2.pubmatic.com from fd02:c8be:1d40:0:ed9a:a5a9:93a0:c3e8
Nov 22 14:16:22 10.0.0.2 ulogd[1267]: [NEW] ORIG: SRC=176.36.141.89 DST=194.50.85.5 PROTO=UDP SPT=55317 DPT=53 PKTS=0 BYTES=0 , REPLY: SRC=194.50.85.5 DST=176.36.141.89 PROTO=UDP SPT=53 DPT=55317 PKTS=0 BYTES=0
Nov 22 14:16:22 10.0.0.2 dnsmasq[1]: 668246 fd02:c8be:1d40:0:ed9a:a5a9:93a0:c3e8/61679 forwarded simage2.pubmatic.com to 194.50.85.5
Nov 22 14:16:22 10.0.0.2 dnsmasq[1]: 668246 fd02:c8be:1d40:0:ed9a:a5a9:93a0:c3e8/61679 reply simage2.pubmatic.com is <CNAME>
Nov 22 14:16:22 10.0.0.2 dnsmasq[1]: 668246 fd02:c8be:1d40:0:ed9a:a5a9:93a0:c3e8/61679 reply simage2v2.pubmnet.com is <CNAME>
Nov 22 14:16:22 10.0.0.2 dnsmasq[1]: 668246 fd02:c8be:1d40:0:ed9a:a5a9:93a0:c3e8/61679 reply pug-ams-bc.pubmnet.com is 198.47.127.205
Nov 22 14:16:22 10.0.0.2 dnsmasq[1]: 668247 fd02:c8be:1d40:0:ed9a:a5a9:93a0:c3e8/65204 query[A] sonata-notifications.taptapnetworks.com from fd02:c8be:1d40:0:ed9a:a5a9:93a0:c3e8
Nov 22 14:16:22 10.0.0.2 dnsmasq[1]: 668247 fd02:c8be:1d40:0:ed9a:a5a9:93a0:c3e8/65204 forwarded sonata-notifications.taptapnetworks.com to 194.50.85.5
Nov 22 14:16:22 10.0.0.2 ulogd[1267]: [NEW] ORIG: SRC=176.36.141.89 DST=194.50.85.5 PROTO=UDP SPT=58188 DPT=53 PKTS=0 BYTES=0 , REPLY: SRC=194.50.85.5 DST=176.36.141.89 PROTO=UDP SPT=53 DPT=58188 PKTS=0 BYTES=0
Nov 22 14:16:22 10.0.0.2 dnsmasq[1]: 668248 fd02:c8be:1d40:0:ed9a:a5a9:93a0:c3e8/58977 query[A] us-u.openx.net from fd02:c8be:1d40:0:ed9a:a5a9:93a0:c3e8
Nov 22 14:16:22 10.0.0.2 dnsmasq[1]: 668248 fd02:c8be:1d40:0:ed9a:a5a9:93a0:c3e8/58977 forwarded us-u.openx.net to 194.50.85.5
Nov 22 14:16:22 10.0.0.2 ulogd[1267]: [NEW] ORIG: SRC=176.36.141.89 DST=194.50.85.5 PROTO=UDP SPT=35682 DPT=53 PKTS=0 BYTES=0 , REPLY: SRC=194.50.85.5 DST=176.36.141.89 PROTO=UDP SPT=53 DPT=35682 PKTS=0 BYTES=0
Nov 22 14:16:22 10.0.0.2 dnsmasq[1]: 668248 fd02:c8be:1d40:0:ed9a:a5a9:93a0:c3e8/58977 reply us-u.openx.net is 35.244.159.8
Nov 22 14:16:22 10.0.0.2 dnsmasq[1]: 668248 fd02:c8be:1d40:0:ed9a:a5a9:93a0:c3e8/58977 reply us-u.openx.net is 34.98.64.218
Nov 22 14:16:22 10.0.0.2 ulogd[1267]: [NEW] ORIG: SRC=192.168.1.180 DST=198.47.127.205 PROTO=TCP SPT=61946 DPT=443 PKTS=0 BYTES=0 , REPLY: SRC=198.47.127.205 DST=176.36.141.89 PROTO=TCP SPT=443 DPT=61946 PKTS=0 BYTES=0
Nov 22 14:16:22 10.0.0.2 ulogd[1267]: [NEW] ORIG: SRC=192.168.1.180 DST=35.244.159.8 PROTO=TCP SPT=61947 DPT=443 PKTS=0 BYTES=0 , REPLY: SRC=35.244.159.8 DST=176.36.141.89 PROTO=TCP SPT=443 DPT=61947 PKTS=0 BYTES=0
Nov 22 14:16:22 10.0.0.2 ulogd[1267]: [NEW] ORIG: SRC=192.168.1.180 DST=34.102.163.6 PROTO=TCP SPT=61948 DPT=443 PKTS=0 BYTES=0 , REPLY: SRC=34.102.163.6 DST=176.36.141.89 PROTO=TCP SPT=443 DPT=61948 PKTS=0 BYTES=0
Nov 22 14:16:22 10.0.0.2 ulogd[1267]: [NEW] ORIG: SRC=192.168.1.180 DST=198.47.127.205 PROTO=TCP SPT=61949 DPT=443 PKTS=0 BYTES=0 , REPLY: SRC=198.47.127.205 DST=176.36.141.89 PROTO=TCP SPT=443 DPT=61949 PKTS=0 BYTES=0
Nov 22 14:16:22 10.0.0.2 ulogd[1267]: [NEW] ORIG: SRC=192.168.1.180 DST=192.168.1.1 PROTO=UDP SPT=65204 DPT=53 PKTS=0 BYTES=0 , REPLY: SRC=192.168.1.1 DST=192.168.1.180 PROTO=UDP SPT=53 DPT=65204 PKTS=0 BYTES=0
Nov 22 14:16:22 10.0.0.2 dnsmasq[1]: 668249 192.168.1.180/65204 query[A] sonata-notifications.taptapnetworks.com from 192.168.1.180
Nov 22 14:16:22 10.0.0.2 dnsmasq[1]: 668247 fd02:c8be:1d40:0:ed9a:a5a9:93a0:c3e8/65204 reply sonata-notifications.taptapnetworks.com is 3.127.123.183
Nov 22 14:16:22 10.0.0.2 dnsmasq[1]: 668247 fd02:c8be:1d40:0:ed9a:a5a9:93a0:c3e8/65204 reply sonata-notifications.taptapnetworks.com is 18.158.152.62
Nov 22 14:16:22 10.0.0.2 dnsmasq[1]: 668249 192.168.1.180/65204 reply query is duplicate
Nov 22 14:16:22 10.0.0.2 ulogd[1267]: [NEW] ORIG: SRC=192.168.1.180 DST=198.47.127.205 PROTO=TCP SPT=61950 DPT=443 PKTS=0 BYTES=0 , REPLY: SRC=198.47.127.205 DST=176.36.141.89 PROTO=TCP SPT=443 DPT=61950 PKTS=0 BYTES=0
Nov 22 14:16:22 10.0.0.2 ulogd[1267]: [NEW] ORIG: SRC=192.168.1.180 DST=3.127.123.183 PROTO=TCP SPT=61951 DPT=443 PKTS=0 BYTES=0 , REPLY: SRC=3.127.123.183 DST=176.36.141.89 PROTO=TCP SPT=443 DPT=61951 PKTS=0 BYTES=0
Nov 22 14:16:22 10.0.0.2 dnsmasq[1]: 668250 fd02:c8be:1d40:0:ed9a:a5a9:93a0:c3e8/61466 query[A] image2.pubmatic.com from fd02:c8be:1d40:0:ed9a:a5a9:93a0:c3e8
Nov 22 14:16:22 10.0.0.2 dnsmasq[1]: 668250 fd02:c8be:1d40:0:ed9a:a5a9:93a0:c3e8/61466 forwarded image2.pubmatic.com to 194.50.85.5
Nov 22 14:16:22 10.0.0.2 ulogd[1267]: [NEW] ORIG: SRC=176.36.141.89 DST=194.50.85.5 PROTO=UDP SPT=38222 DPT=53 PKTS=0 BYTES=0 , REPLY: SRC=194.50.85.5 DST=176.36.141.89 PROTO=UDP SPT=53 DPT=38222 PKTS=0 BYTES=0
Nov 22 14:16:22 10.0.0.2 dnsmasq[1]: 668250 fd02:c8be:1d40:0:ed9a:a5a9:93a0:c3e8/61466 reply image2.pubmatic.com is <CNAME>
Nov 22 14:16:22 10.0.0.2 dnsmasq[1]: 668250 fd02:c8be:1d40:0:ed9a:a5a9:93a0:c3e8/61466 reply image2v2.pubmnet.com is <CNAME>
Nov 22 14:16:22 10.0.0.2 dnsmasq[1]: 668250 fd02:c8be:1d40:0:ed9a:a5a9:93a0:c3e8/61466 reply pug-ams-bc.pubmnet.com is 198.47.127.205
Nov 22 14:16:22 10.0.0.2 ulogd[1267]: [NEW] ORIG: SRC=192.168.1.180 DST=198.47.127.205 PROTO=TCP SPT=61952 DPT=443 PKTS=0 BYTES=0 , REPLY: SRC=198.47.127.205 DST=176.36.141.89 PROTO=TCP SPT=443 DPT=61952 PKTS=0 BYTES=0
Nov 22 14:16:22 10.0.0.2 ulogd[1267]: [NEW] ORIG: SRC=192.168.1.180 DST=198.47.127.205 PROTO=TCP SPT=61953 DPT=443 PKTS=0 BYTES=0 , REPLY: SRC=198.47.127.205 DST=176.36.141.89 PROTO=TCP SPT=443 DPT=61953 PKTS=0 BYTES=0
Nov 22 14:16:22 10.0.0.2 dnsmasq[1]: 668251 fd02:c8be:1d40:0:ed9a:a5a9:93a0:c3e8/64291 query[A] cr.frontend.weborama.fr from fd02:c8be:1d40:0:ed9a:a5a9:93a0:c3e8
Nov 22 14:16:22 10.0.0.2 dnsmasq[1]: 668251 fd02:c8be:1d40:0:ed9a:a5a9:93a0:c3e8/64291 forwarded cr.frontend.weborama.fr to 194.50.85.5
Nov 22 14:16:22 10.0.0.2 ulogd[1267]: [NEW] ORIG: SRC=176.36.141.89 DST=194.50.85.5 PROTO=UDP SPT=56081 DPT=53 PKTS=0 BYTES=0 , REPLY: SRC=194.50.85.5 DST=176.36.141.89 PROTO=UDP SPT=53 DPT=56081 PKTS=0 BYTES=0
Nov 22 14:16:22 10.0.0.2 dnsmasq[1]: 668251 fd02:c8be:1d40:0:ed9a:a5a9:93a0:c3e8/64291 reply cr.frontend.weborama.fr is 34.111.129.221
Nov 22 14:16:22 10.0.0.2 ulogd[1267]: [NEW] ORIG: SRC=192.168.1.180 DST=34.111.129.221 PROTO=TCP SPT=61954 DPT=443 PKTS=0 BYTES=0 , REPLY: SRC=34.111.129.221 DST=176.36.141.89 PROTO=TCP SPT=443 DPT=61954 PKTS=0 BYTES=0
Nov 22 14:16:22 10.0.0.2 ulogd[1267]: [NEW] ORIG: SRC=192.168.1.180 DST=69.173.144.139 PROTO=TCP SPT=61955 DPT=443 PKTS=0 BYTES=0 , REPLY: SRC=69.173.144.139 DST=176.36.141.89 PROTO=TCP SPT=443 DPT=61955 PKTS=0 BYTES=0
Nov 22 14:16:22 10.0.0.2 dnsmasq[1]: 668252 fd02:c8be:1d40:0:ed9a:a5a9:93a0:c3e8/65003 query[A] ap.lijit.com from fd02:c8be:1d40:0:ed9a:a5a9:93a0:c3e8
Nov 22 14:16:22 10.0.0.2 dnsmasq[1]: 668252 fd02:c8be:1d40:0:ed9a:a5a9:93a0:c3e8/65003 forwarded ap.lijit.com to 194.50.85.5
Nov 22 14:16:22 10.0.0.2 ulogd[1267]: [NEW] ORIG: SRC=176.36.141.89 DST=194.50.85.5 PROTO=UDP SPT=38054 DPT=53 PKTS=0 BYTES=0 , REPLY: SRC=194.50.85.5 DST=176.36.141.89 PROTO=UDP SPT=53 DPT=38054 PKTS=0 BYTES=0
Nov 22 14:16:22 10.0.0.2 dnsmasq[1]: 668252 fd02:c8be:1d40:0:ed9a:a5a9:93a0:c3e8/65003 reply ap.lijit.com is <CNAME>
Nov 22 14:16:22 10.0.0.2 dnsmasq[1]: 668252 fd02:c8be:1d40:0:ed9a:a5a9:93a0:c3e8/65003 reply vap.lijit.com is <CNAME>
Nov 22 14:16:22 10.0.0.2 dnsmasq[1]: 668252 fd02:c8be:1d40:0:ed9a:a5a9:93a0:c3e8/65003 reply emeas.vap.lijit.com is <CNAME>
Nov 22 14:16:22 10.0.0.2 dnsmasq[1]: 668252 fd02:c8be:1d40:0:ed9a:a5a9:93a0:c3e8/65003 reply emea.vap.lijit.com is 216.52.2.86
Nov 22 14:16:22 10.0.0.2 dnsmasq[1]: 668252 fd02:c8be:1d40:0:ed9a:a5a9:93a0:c3e8/65003 reply emea.vap.lijit.com is 216.52.2.6
Nov 22 14:16:22 10.0.0.2 dnsmasq[1]: 668252 fd02:c8be:1d40:0:ed9a:a5a9:93a0:c3e8/65003 reply emea.vap.lijit.com is 216.52.2.91
Nov 22 14:16:22 10.0.0.2 dnsmasq[1]: 668252 fd02:c8be:1d40:0:ed9a:a5a9:93a0:c3e8/65003 reply emea.vap.lijit.com is 216.52.2.48
Nov 22 14:16:22 10.0.0.2 dnsmasq[1]: 668252 fd02:c8be:1d40:0:ed9a:a5a9:93a0:c3e8/65003 reply emea.vap.lijit.com is 216.52.2.16
Nov 22 14:16:22 10.0.0.2 dnsmasq[1]: 668252 fd02:c8be:1d40:0:ed9a:a5a9:93a0:c3e8/65003 reply emea.vap.lijit.com is 216.52.2.39
Nov 22 14:16:22 10.0.0.2 dnsmasq[1]: 668252 fd02:c8be:1d40:0:ed9a:a5a9:93a0:c3e8/65003 reply emea.vap.lijit.com is 216.52.2.30
Nov 22 14:16:22 10.0.0.2 ulogd[1267]: [NEW] ORIG: SRC=192.168.1.180 DST=216.52.2.86 PROTO=TCP SPT=61956 DPT=443 PKTS=0 BYTES=0 , REPLY: SRC=216.52.2.86 DST=176.36.141.89 PROTO=TCP SPT=443 DPT=61956 PKTS=0 BYTES=0
Nov 22 14:16:22 10.0.0.2 dnsmasq[1]: 668253 fd02:c8be:1d40:0:ed9a:a5a9:93a0:c3e8/65082 query[A] pixel.rubiconproject.com from fd02:c8be:1d40:0:ed9a:a5a9:93a0:c3e8
Nov 22 14:16:22 10.0.0.2 dnsmasq[1]: 668253 fd02:c8be:1d40:0:ed9a:a5a9:93a0:c3e8/65082 forwarded pixel.rubiconproject.com to 194.50.85.5
Nov 22 14:16:22 10.0.0.2 ulogd[1267]: [NEW] ORIG: SRC=176.36.141.89 DST=194.50.85.5 PROTO=UDP SPT=35398 DPT=53 PKTS=0 BYTES=0 , REPLY: SRC=194.50.85.5 DST=176.36.141.89 PROTO=UDP SPT=53 DPT=35398 PKTS=0 BYTES=0
Nov 22 14:16:22 10.0.0.2 dnsmasq[1]: 668253 fd02:c8be:1d40:0:ed9a:a5a9:93a0:c3e8/65082 reply pixel.rubiconproject.com is <CNAME>
Nov 22 14:16:22 10.0.0.2 dnsmasq[1]: 668253 fd02:c8be:1d40:0:ed9a:a5a9:93a0:c3e8/65082 reply pixel.rubiconproject.net.akadns.net is 69.173.144.138
Nov 22 14:16:22 10.0.0.2 dnsmasq[1]: 668253 fd02:c8be:1d40:0:ed9a:a5a9:93a0:c3e8/65082 reply pixel.rubiconproject.net.akadns.net is 69.173.144.139
Nov 22 14:16:22 10.0.0.2 dnsmasq[1]: 668253 fd02:c8be:1d40:0:ed9a:a5a9:93a0:c3e8/65082 reply pixel.rubiconproject.net.akadns.net is 69.173.144.165
Nov 22 14:16:22 10.0.0.2 ulogd[1267]: [NEW] ORIG: SRC=192.168.1.180 DST=69.173.144.138 PROTO=TCP SPT=61957 DPT=443 PKTS=0 BYTES=0 , REPLY: SRC=69.173.144.138 DST=176.36.141.89 PROTO=TCP SPT=443 DPT=61957 PKTS=0 BYTES=0
Nov 22 14:16:22 10.0.0.2 dnsmasq[1]: 668254 fd02:c8be:1d40:0:ed9a:a5a9:93a0:c3e8/61745 query[A] a.audrte.com from fd02:c8be:1d40:0:ed9a:a5a9:93a0:c3e8
Nov 22 14:16:22 10.0.0.2 dnsmasq[1]: 668254 fd02:c8be:1d40:0:ed9a:a5a9:93a0:c3e8/61745 forwarded a.audrte.com to 194.50.85.5
Nov 22 14:16:22 10.0.0.2 ulogd[1267]: [NEW] ORIG: SRC=176.36.141.89 DST=194.50.85.5 PROTO=UDP SPT=51105 DPT=53 PKTS=0 BYTES=0 , REPLY: SRC=194.50.85.5 DST=176.36.141.89 PROTO=UDP SPT=53 DPT=51105 PKTS=0 BYTES=0
Nov 22 14:16:22 10.0.0.2 dnsmasq[1]: 668254 fd02:c8be:1d40:0:ed9a:a5a9:93a0:c3e8/61745 reply a.audrte.com is 54.170.171.251
Nov 22 14:16:22 10.0.0.2 dnsmasq[1]: 668254 fd02:c8be:1d40:0:ed9a:a5a9:93a0:c3e8/61745 reply a.audrte.com is 52.211.237.14
Nov 22 14:16:22 10.0.0.2 dnsmasq[1]: 668254 fd02:c8be:1d40:0:ed9a:a5a9:93a0:c3e8/61745 reply a.audrte.com is 54.171.85.58
Nov 22 14:16:22 10.0.0.2 dnsmasq[1]: 668254 fd02:c8be:1d40:0:ed9a:a5a9:93a0:c3e8/61745 reply a.audrte.com is 52.212.111.17
Nov 22 14:16:22 10.0.0.2 dnsmasq[1]: 668254 fd02:c8be:1d40:0:ed9a:a5a9:93a0:c3e8/61745 reply a.audrte.com is 34.249.199.141
Nov 22 14:16:22 10.0.0.2 dnsmasq[1]: 668254 fd02:c8be:1d40:0:ed9a:a5a9:93a0:c3e8/61745 reply a.audrte.com is 34.249.25.93
Nov 22 14:16:22 10.0.0.2 dnsmasq[1]: 668255 fd02:c8be:1d40:0:ed9a:a5a9:93a0:c3e8/61679 query[A] rtb-csync.smartadserver.com from fd02:c8be:1d40:0:ed9a:a5a9:93a0:c3e8
Nov 22 14:16:22 10.0.0.2 dnsmasq[1]: 668255 fd02:c8be:1d40:0:ed9a:a5a9:93a0:c3e8/61679 forwarded rtb-csync.smartadserver.com to 194.50.85.5
Nov 22 14:16:22 10.0.0.2 ulogd[1267]: [NEW] ORIG: SRC=176.36.141.89 DST=194.50.85.5 PROTO=UDP SPT=45105 DPT=53 PKTS=0 BYTES=0 , REPLY: SRC=194.50.85.5 DST=176.36.141.89 PROTO=UDP SPT=53 DPT=45105 PKTS=0 BYTES=0
Nov 22 14:16:22 10.0.0.2 ulogd[1267]: [NEW] ORIG: SRC=192.168.1.180 DST=54.170.171.251 PROTO=TCP SPT=61958 DPT=443 PKTS=0 BYTES=0 , REPLY: SRC=54.170.171.251 DST=176.36.141.89 PROTO=TCP SPT=443 DPT=61958 PKTS=0 BYTES=0
Nov 22 14:16:22 10.0.0.2 dnsmasq[1]: 668255 fd02:c8be:1d40:0:ed9a:a5a9:93a0:c3e8/61679 reply rtb-csync.smartadserver.com is <CNAME>
Nov 22 14:16:22 10.0.0.2 dnsmasq[1]: 668255 fd02:c8be:1d40:0:ed9a:a5a9:93a0:c3e8/61679 reply rtb-csync-geo.usersync-prod-sas.akadns.net is <CNAME>
Nov 22 14:16:22 10.0.0.2 dnsmasq[1]: 668255 fd02:c8be:1d40:0:ed9a:a5a9:93a0:c3e8/61679 reply rtb-csync-itx5.smartadserver.com is 185.86.138.152
Nov 22 14:16:22 10.0.0.2 dnsmasq[1]: 668255 fd02:c8be:1d40:0:ed9a:a5a9:93a0:c3e8/61679 reply rtb-csync-itx5.smartadserver.com is 185.86.138.153
Nov 22 14:16:22 10.0.0.2 dnsmasq[1]: 668255 fd02:c8be:1d40:0:ed9a:a5a9:93a0:c3e8/61679 reply rtb-csync-itx5.smartadserver.com is 185.86.138.154
Nov 22 14:16:22 10.0.0.2 dnsmasq[1]: 668255 fd02:c8be:1d40:0:ed9a:a5a9:93a0:c3e8/61679 reply rtb-csync-itx5.smartadserver.com is 185.86.138.151
Nov 22 14:16:22 10.0.0.2 dnsmasq[1]: 668255 fd02:c8be:1d40:0:ed9a:a5a9:93a0:c3e8/61679 reply rtb-csync-itx5.smartadserver.com is 185.86.138.155
Nov 22 14:16:22 10.0.0.2 dnsmasq[1]: 668255 fd02:c8be:1d40:0:ed9a:a5a9:93a0:c3e8/61679 reply rtb-csync-itx5.smartadserver.com is 185.86.138.146
Nov 22 14:16:22 10.0.0.2 dnsmasq[1]: 668255 fd02:c8be:1d40:0:ed9a:a5a9:93a0:c3e8/61679 reply rtb-csync-itx5.smartadserver.com is 185.86.138.145
Nov 22 14:16:22 10.0.0.2 dnsmasq[1]: 668255 fd02:c8be:1d40:0:ed9a:a5a9:93a0:c3e8/61679 reply rtb-csync-itx5.smartadserver.com is 185.86.138.150
Nov 22 14:16:22 10.0.0.2 ulogd[1267]: [NEW] ORIG: SRC=192.168.1.180 DST=185.86.138.152 PROTO=TCP SPT=61959 DPT=443 PKTS=0 BYTES=0 , REPLY: SRC=185.86.138.152 DST=176.36.141.89 PROTO=TCP SPT=443 DPT=61959 PKTS=0 BYTES=0
Nov 22 14:16:22 10.0.0.2 dnsmasq[1]: 668256 fd02:c8be:1d40:0:ed9a:a5a9:93a0:c3e8/58977 query[A] cs.admanmedia.com from fd02:c8be:1d40:0:ed9a:a5a9:93a0:c3e8
Nov 22 14:16:22 10.0.0.2 dnsmasq[1]: 668256 fd02:c8be:1d40:0:ed9a:a5a9:93a0:c3e8/58977 forwarded cs.admanmedia.com to 194.50.85.5
Nov 22 14:16:22 10.0.0.2 ulogd[1267]: [NEW] ORIG: SRC=176.36.141.89 DST=194.50.85.5 PROTO=UDP SPT=51102 DPT=53 PKTS=0 BYTES=0 , REPLY: SRC=194.50.85.5 DST=176.36.141.89 PROTO=UDP SPT=53 DPT=51102 PKTS=0 BYTES=0
Nov 22 14:16:22 10.0.0.2 dnsmasq[1]: 668257 fd02:c8be:1d40:0:ed9a:a5a9:93a0:c3e8/61466 query[A] pixel.onaudience.com from fd02:c8be:1d40:0:ed9a:a5a9:93a0:c3e8
Nov 22 14:16:22 10.0.0.2 dnsmasq[1]: 668257 fd02:c8be:1d40:0:ed9a:a5a9:93a0:c3e8/61466 forwarded pixel.onaudience.com to 194.50.85.5
Nov 22 14:16:22 10.0.0.2 ulogd[1267]: [NEW] ORIG: SRC=176.36.141.89 DST=194.50.85.5 PROTO=UDP SPT=60962 DPT=53 PKTS=0 BYTES=0 , REPLY: SRC=194.50.85.5 DST=176.36.141.89 PROTO=UDP SPT=53 DPT=60962 PKTS=0 BYTES=0
Nov 22 14:16:22 10.0.0.2 dnsmasq[1]: 668256 fd02:c8be:1d40:0:ed9a:a5a9:93a0:c3e8/58977 reply cs.admanmedia.com is 80.77.87.161
Nov 22 14:16:22 10.0.0.2 ulogd[1267]: [NEW] ORIG: SRC=192.168.1.180 DST=80.77.87.161 PROTO=TCP SPT=61960 DPT=443 PKTS=0 BYTES=0 , REPLY: SRC=80.77.87.161 DST=176.36.141.89 PROTO=TCP SPT=443 DPT=61960 PKTS=0 BYTES=0
Nov 22 14:16:22 10.0.0.2 dnsmasq[1]: 668257 fd02:c8be:1d40:0:ed9a:a5a9:93a0:c3e8/61466 reply pixel.onaudience.com is 141.94.171.216
Nov 22 14:16:22 10.0.0.2 dnsmasq[1]: 668257 fd02:c8be:1d40:0:ed9a:a5a9:93a0:c3e8/61466 reply pixel.onaudience.com is 141.94.171.212
Nov 22 14:16:22 10.0.0.2 dnsmasq[1]: 668257 fd02:c8be:1d40:0:ed9a:a5a9:93a0:c3e8/61466 reply pixel.onaudience.com is 146.59.148.16
Nov 22 14:16:22 10.0.0.2 dnsmasq[1]: 668257 fd02:c8be:1d40:0:ed9a:a5a9:93a0:c3e8/61466 reply pixel.onaudience.com is 141.94.171.214
Nov 22 14:16:22 10.0.0.2 dnsmasq[1]: 668257 fd02:c8be:1d40:0:ed9a:a5a9:93a0:c3e8/61466 reply pixel.onaudience.com is 141.94.170.64
Nov 22 14:16:22 10.0.0.2 dnsmasq[1]: 668257 fd02:c8be:1d40:0:ed9a:a5a9:93a0:c3e8/61466 reply pixel.onaudience.com is 51.222.80.231
Nov 22 14:16:22 10.0.0.2 dnsmasq[1]: 668257 fd02:c8be:1d40:0:ed9a:a5a9:93a0:c3e8/61466 reply pixel.onaudience.com is 141.94.170.77
Nov 22 14:16:22 10.0.0.2 dnsmasq[1]: 668257 fd02:c8be:1d40:0:ed9a:a5a9:93a0:c3e8/61466 reply pixel.onaudience.com is 141.94.171.215
Nov 22 14:16:22 10.0.0.2 dnsmasq[1]: 668257 fd02:c8be:1d40:0:ed9a:a5a9:93a0:c3e8/61466 reply pixel.onaudience.com is 141.94.171.213
Nov 22 14:16:22 10.0.0.2 dnsmasq[1]: 668257 fd02:c8be:1d40:0:ed9a:a5a9:93a0:c3e8/61466 reply pixel.onaudience.com is 15.235.15.221
Nov 22 14:16:22 10.0.0.2 ulogd[1267]: [NEW] ORIG: SRC=192.168.1.180 DST=141.94.171.216 PROTO=TCP SPT=61961 DPT=443 PKTS=0 BYTES=0 , REPLY: SRC=141.94.171.216 DST=176.36.141.89 PROTO=TCP SPT=443 DPT=61961 PKTS=0 BYTES=0
Nov 22 14:16:22 10.0.0.2 ulogd[1267]: [NEW] ORIG: SRC=192.168.1.180 DST=69.173.144.138 PROTO=TCP SPT=61962 DPT=443 PKTS=0 BYTES=0 , REPLY: SRC=69.173.144.138 DST=176.36.141.89 PROTO=TCP SPT=443 DPT=61962 PKTS=0 BYTES=0
Nov 22 14:16:22 10.0.0.2 dnsmasq[1]: 668258 fd02:c8be:1d40:0:ed9a:a5a9:93a0:c3e8/64291 query[A] pr-bh.ybp.yahoo.com from fd02:c8be:1d40:0:ed9a:a5a9:93a0:c3e8
Nov 22 14:16:22 10.0.0.2 dnsmasq[1]: 668258 fd02:c8be:1d40:0:ed9a:a5a9:93a0:c3e8/64291 forwarded pr-bh.ybp.yahoo.com to 194.50.85.5
Nov 22 14:16:22 10.0.0.2 ulogd[1267]: [NEW] ORIG: SRC=176.36.141.89 DST=194.50.85.5 PROTO=UDP SPT=56314 DPT=53 PKTS=0 BYTES=0 , REPLY: SRC=194.50.85.5 DST=176.36.141.89 PROTO=UDP SPT=53 DPT=56314 PKTS=0 BYTES=0
Nov 22 14:16:22 10.0.0.2 dnsmasq[1]: 668258 fd02:c8be:1d40:0:ed9a:a5a9:93a0:c3e8/64291 reply pr-bh.ybp.yahoo.com is <CNAME>
Nov 22 14:16:22 10.0.0.2 dnsmasq[1]: 668258 fd02:c8be:1d40:0:ed9a:a5a9:93a0:c3e8/64291 reply ds-pr-bh.ybp.gysm.yahoodns.net is 63.35.117.106
Nov 22 14:16:22 10.0.0.2 dnsmasq[1]: 668258 fd02:c8be:1d40:0:ed9a:a5a9:93a0:c3e8/64291 reply ds-pr-bh.ybp.gysm.yahoodns.net is 52.213.173.251
Nov 22 14:16:22 10.0.0.2 dnsmasq[1]: 668258 fd02:c8be:1d40:0:ed9a:a5a9:93a0:c3e8/64291 reply ds-pr-bh.ybp.gysm.yahoodns.net is 54.76.87.161
Nov 22 14:16:22 10.0.0.2 dnsmasq[1]: 668258 fd02:c8be:1d40:0:ed9a:a5a9:93a0:c3e8/64291 reply ds-pr-bh.ybp.gysm.yahoodns.net is 176.34.91.195
Nov 22 14:16:22 10.0.0.2 ulogd[1267]: [NEW] ORIG: SRC=192.168.1.180 DST=63.35.117.106 PROTO=TCP SPT=61963 DPT=443 PKTS=0 BYTES=0 , REPLY: SRC=63.35.117.106 DST=176.36.141.89 PROTO=TCP SPT=443 DPT=61963 PKTS=0 BYTES=0
Nov 22 14:16:22 10.0.0.2 dnsmasq[1]: 668259 fd02:c8be:1d40:0:ed9a:a5a9:93a0:c3e8/65003 query[A] ups.analytics.yahoo.com from fd02:c8be:1d40:0:ed9a:a5a9:93a0:c3e8
Nov 22 14:16:22 10.0.0.2 dnsmasq[1]: 668259 fd02:c8be:1d40:0:ed9a:a5a9:93a0:c3e8/65003 forwarded ups.analytics.yahoo.com to 194.50.85.5
Nov 22 14:16:22 10.0.0.2 ulogd[1267]: [NEW] ORIG: SRC=176.36.141.89 DST=194.50.85.5 PROTO=UDP SPT=40240 DPT=53 PKTS=0 BYTES=0 , REPLY: SRC=194.50.85.5 DST=176.36.141.89 PROTO=UDP SPT=53 DPT=40240 PKTS=0 BYTES=0
Nov 22 14:16:22 10.0.0.2 dnsmasq[1]: 668260 fd02:c8be:1d40:0:ed9a:a5a9:93a0:c3e8/65082 query[A] capi.connatix.com from fd02:c8be:1d40:0:ed9a:a5a9:93a0:c3e8
Nov 22 14:16:22 10.0.0.2 ulogd[1267]: [NEW] ORIG: SRC=176.36.141.89 DST=194.50.85.5 PROTO=UDP SPT=45252 DPT=53 PKTS=0 BYTES=0 , REPLY: SRC=194.50.85.5 DST=176.36.141.89 PROTO=UDP SPT=53 DPT=45252 PKTS=0 BYTES=0
Nov 22 14:16:22 10.0.0.2 dnsmasq[1]: 668260 fd02:c8be:1d40:0:ed9a:a5a9:93a0:c3e8/65082 forwarded capi.connatix.com to 194.50.85.5
Nov 22 14:16:22 10.0.0.2 dnsmasq[1]: 668260 fd02:c8be:1d40:0:ed9a:a5a9:93a0:c3e8/65082 reply capi.connatix.com is <CNAME>
Nov 22 14:16:22 10.0.0.2 dnsmasq[1]: 668260 fd02:c8be:1d40:0:ed9a:a5a9:93a0:c3e8/65082 reply capi.connatix.com.cdn.cloudflare.net is 104.18.41.104
Nov 22 14:16:22 10.0.0.2 dnsmasq[1]: 668260 fd02:c8be:1d40:0:ed9a:a5a9:93a0:c3e8/65082 reply capi.connatix.com.cdn.cloudflare.net is 172.64.146.152
Nov 22 14:16:22 10.0.0.2 dnsmasq[1]: 668259 fd02:c8be:1d40:0:ed9a:a5a9:93a0:c3e8/65003 reply ups.analytics.yahoo.com is <CNAME>
Nov 22 14:16:22 10.0.0.2 dnsmasq[1]: 668259 fd02:c8be:1d40:0:ed9a:a5a9:93a0:c3e8/65003 reply prod.ups-ats.aolp-ds-prd.aws.oath.cloud is <CNAME>
Nov 22 14:16:22 10.0.0.2 dnsmasq[1]: 668259 fd02:c8be:1d40:0:ed9a:a5a9:93a0:c3e8/65003 reply prod.ups-ats.eu-central-1.aolp-ds-prd.aws.oath.cloud is <CNAME>
Nov 22 14:16:22 10.0.0.2 ulogd[1267]: [NEW] ORIG: SRC=192.168.1.180 DST=104.18.41.104 PROTO=TCP SPT=61964 DPT=443 PKTS=0 BYTES=0 , REPLY: SRC=104.18.41.104 DST=176.36.141.89 PROTO=TCP SPT=443 DPT=61964 PKTS=0 BYTES=0
Nov 22 14:16:22 10.0.0.2 dnsmasq[1]: 668259 fd02:c8be:1d40:0:ed9a:a5a9:93a0:c3e8/65003 reply ats-eks.eu-central-1.dcs-online-targeting-prd.aws.oath.cloud is 3.71.149.231
Nov 22 14:16:22 10.0.0.2 dnsmasq[1]: 668259 fd02:c8be:1d40:0:ed9a:a5a9:93a0:c3e8/65003 reply ats-eks.eu-central-1.dcs-online-targeting-prd.aws.oath.cloud is 3.75.62.37
Nov 22 14:16:22 10.0.0.2 ulogd[1267]: [NEW] ORIG: SRC=192.168.1.180 DST=3.71.149.231 PROTO=TCP SPT=61965 DPT=443 PKTS=0 BYTES=0 , REPLY: SRC=3.71.149.231 DST=176.36.141.89 PROTO=TCP SPT=443 DPT=61965 PKTS=0 BYTES=0
Nov 22 14:16:22 10.0.0.2 dnsmasq[1]: 668261 fd02:c8be:1d40:0:ed9a:a5a9:93a0:c3e8/61745 query[A] px.ads.linkedin.com from fd02:c8be:1d40:0:ed9a:a5a9:93a0:c3e8
Nov 22 14:16:22 10.0.0.2 ulogd[1267]: [NEW] ORIG: SRC=176.36.141.89 DST=194.50.85.5 PROTO=UDP SPT=51582 DPT=53 PKTS=0 BYTES=0 , REPLY: SRC=194.50.85.5 DST=176.36.141.89 PROTO=UDP SPT=53 DPT=51582 PKTS=0 BYTES=0
Nov 22 14:16:22 10.0.0.2 dnsmasq[1]: 668261 fd02:c8be:1d40:0:ed9a:a5a9:93a0:c3e8/61745 forwarded px.ads.linkedin.com to 194.50.85.5
Nov 22 14:16:22 10.0.0.2 dnsmasq[1]: 668261 fd02:c8be:1d40:0:ed9a:a5a9:93a0:c3e8/61745 reply px.ads.linkedin.com is <CNAME>
Nov 22 14:16:22 10.0.0.2 dnsmasq[1]: 668261 fd02:c8be:1d40:0:ed9a:a5a9:93a0:c3e8/61745 reply exp1.www.linkedin.com is <CNAME>
Nov 22 14:16:22 10.0.0.2 dnsmasq[1]: 668261 fd02:c8be:1d40:0:ed9a:a5a9:93a0:c3e8/61745 reply www-linkedin-com.l-0005.l-msedge.net is <CNAME>
Nov 22 14:16:22 10.0.0.2 dnsmasq[1]: 668261 fd02:c8be:1d40:0:ed9a:a5a9:93a0:c3e8/61745 reply l-0005.l-msedge.net is 13.107.42.14
Nov 22 14:16:22 10.0.0.2 ulogd[1267]: [NEW] ORIG: SRC=192.168.1.180 DST=13.107.42.14 PROTO=TCP SPT=61966 DPT=443 PKTS=0 BYTES=0 , REPLY: SRC=13.107.42.14 DST=176.36.141.89 PROTO=TCP SPT=443 DPT=61966 PKTS=0 BYTES=0
Nov 22 14:16:23 10.0.0.2 dnsmasq[1]: 668262 fd02:c8be:1d40:0:ed9a:a5a9:93a0:c3e8/61679 query[A] a.sportradarserving.com from fd02:c8be:1d40:0:ed9a:a5a9:93a0:c3e8
Nov 22 14:16:23 10.0.0.2 ulogd[1267]: [NEW] ORIG: SRC=176.36.141.89 DST=194.50.85.5 PROTO=UDP SPT=37016 DPT=53 PKTS=0 BYTES=0 , REPLY: SRC=194.50.85.5 DST=176.36.141.89 PROTO=UDP SPT=53 DPT=37016 PKTS=0 BYTES=0
Nov 22 14:16:23 10.0.0.2 dnsmasq[1]: 668262 fd02:c8be:1d40:0:ed9a:a5a9:93a0:c3e8/61679 forwarded a.sportradarserving.com to 194.50.85.5
Nov 22 14:16:23 10.0.0.2 dnsmasq[1]: 668262 fd02:c8be:1d40:0:ed9a:a5a9:93a0:c3e8/61679 reply a.sportradarserving.com is <CNAME>
Nov 22 14:16:23 10.0.0.2 dnsmasq[1]: 668262 fd02:c8be:1d40:0:ed9a:a5a9:93a0:c3e8/61679 reply zagreb.geo.iponweb.net is <CNAME>
Nov 22 14:16:23 10.0.0.2 dnsmasq[1]: 668262 fd02:c8be:1d40:0:ed9a:a5a9:93a0:c3e8/61679 reply pool-eu.zagreb.iponweb.net is <CNAME>
Nov 22 14:16:23 10.0.0.2 dnsmasq[1]: 668262 fd02:c8be:1d40:0:ed9a:a5a9:93a0:c3e8/61679 reply elb-aws-fr-zagreb-1702672115.eu-central-1.elb.amazonaws.com is 3.127.72.135
Nov 22 14:16:23 10.0.0.2 dnsmasq[1]: 668262 fd02:c8be:1d40:0:ed9a:a5a9:93a0:c3e8/61679 reply elb-aws-fr-zagreb-1702672115.eu-central-1.elb.amazonaws.com is 52.28.202.91
Nov 22 14:16:23 10.0.0.2 dnsmasq[1]: 668262 fd02:c8be:1d40:0:ed9a:a5a9:93a0:c3e8/61679 reply elb-aws-fr-zagreb-1702672115.eu-central-1.elb.amazonaws.com is 3.122.74.3
Nov 22 14:16:23 10.0.0.2 ulogd[1267]: [NEW] ORIG: SRC=192.168.1.180 DST=3.127.72.135 PROTO=TCP SPT=61967 DPT=443 PKTS=0 BYTES=0 , REPLY: SRC=3.127.72.135 DST=176.36.141.89 PROTO=TCP SPT=443 DPT=61967 PKTS=0 BYTES=0
Nov 22 14:16:23 10.0.0.2 dnsmasq[1]: 668263 fd02:c8be:1d40:0:ed9a:a5a9:93a0:c3e8/58977 query[A] a4p.adpartner.pro from fd02:c8be:1d40:0:ed9a:a5a9:93a0:c3e8
Nov 22 14:16:23 10.0.0.2 ulogd[1267]: [NEW] ORIG: SRC=176.36.141.89 DST=194.50.85.5 PROTO=UDP SPT=59596 DPT=53 PKTS=0 BYTES=0 , REPLY: SRC=194.50.85.5 DST=176.36.141.89 PROTO=UDP SPT=53 DPT=59596 PKTS=0 BYTES=0
Nov 22 14:16:23 10.0.0.2 dnsmasq[1]: 668263 fd02:c8be:1d40:0:ed9a:a5a9:93a0:c3e8/58977 forwarded a4p.adpartner.pro to 194.50.85.5
Nov 22 14:16:23 10.0.0.2 dnsmasq[1]: 668263 fd02:c8be:1d40:0:ed9a:a5a9:93a0:c3e8/58977 reply a4p.adpartner.pro is 51.83.220.94
Nov 22 14:16:23 10.0.0.2 ulogd[1267]: [NEW] ORIG: SRC=192.168.1.180 DST=51.83.220.94 PROTO=TCP SPT=61968 DPT=443 PKTS=0 BYTES=0 , REPLY: SRC=51.83.220.94 DST=176.36.141.89 PROTO=TCP SPT=443 DPT=61968 PKTS=0 BYTES=0
Nov 22 14:16:23 10.0.0.2 ulogd[1267]: [NEW] ORIG: SRC=192.168.1.180 DST=51.83.220.94 PROTO=TCP SPT=61969 DPT=443 PKTS=0 BYTES=0 , REPLY: SRC=51.83.220.94 DST=176.36.141.89 PROTO=TCP SPT=443 DPT=61969 PKTS=0 BYTES=0
Nov 22 14:16:23 10.0.0.2 dnsmasq[1]: 668264 fd02:c8be:1d40:0:ed9a:a5a9:93a0:c3e8/61466 query[A] bttrack.com from fd02:c8be:1d40:0:ed9a:a5a9:93a0:c3e8
Nov 22 14:16:23 10.0.0.2 ulogd[1267]: [NEW] ORIG: SRC=176.36.141.89 DST=194.50.85.5 PROTO=UDP SPT=35244 DPT=53 PKTS=0 BYTES=0 , REPLY: SRC=194.50.85.5 DST=176.36.141.89 PROTO=UDP SPT=53 DPT=35244 PKTS=0 BYTES=0
Nov 22 14:16:23 10.0.0.2 dnsmasq[1]: 668264 fd02:c8be:1d40:0:ed9a:a5a9:93a0:c3e8/61466 forwarded bttrack.com to 194.50.85.5
Nov 22 14:16:23 10.0.0.2 dnsmasq[1]: 668264 fd02:c8be:1d40:0:ed9a:a5a9:93a0:c3e8/61466 reply bttrack.com is 192.132.33.68
Nov 22 14:16:23 10.0.0.2 dnsmasq[1]: 668264 fd02:c8be:1d40:0:ed9a:a5a9:93a0:c3e8/61466 reply bttrack.com is 192.132.33.69
Nov 22 14:16:23 10.0.0.2 dnsmasq[1]: 668264 fd02:c8be:1d40:0:ed9a:a5a9:93a0:c3e8/61466 reply bttrack.com is 192.132.33.67
Nov 22 14:16:23 10.0.0.2 dnsmasq[1]: 668265 fd02:c8be:1d40:0:ed9a:a5a9:93a0:c3e8/64291 query[A] dm-eu.hybrid.ai from fd02:c8be:1d40:0:ed9a:a5a9:93a0:c3e8
Nov 22 14:16:23 10.0.0.2 ulogd[1267]: [NEW] ORIG: SRC=176.36.141.89 DST=194.50.85.5 PROTO=UDP SPT=49227 DPT=53 PKTS=0 BYTES=0 , REPLY: SRC=194.50.85.5 DST=176.36.141.89 PROTO=UDP SPT=53 DPT=49227 PKTS=0 BYTES=0
Nov 22 14:16:23 10.0.0.2 dnsmasq[1]: 668265 fd02:c8be:1d40:0:ed9a:a5a9:93a0:c3e8/64291 forwarded dm-eu.hybrid.ai to 194.50.85.5
Nov 22 14:16:23 10.0.0.2 dnsmasq[1]: 668266 fd02:c8be:1d40:0:ed9a:a5a9:93a0:c3e8/65082 query[A] um.simpli.fi from fd02:c8be:1d40:0:ed9a:a5a9:93a0:c3e8
Nov 22 14:16:23 10.0.0.2 ulogd[1267]: [NEW] ORIG: SRC=176.36.141.89 DST=194.50.85.5 PROTO=UDP SPT=49719 DPT=53 PKTS=0 BYTES=0 , REPLY: SRC=194.50.85.5 DST=176.36.141.89 PROTO=UDP SPT=53 DPT=49719 PKTS=0 BYTES=0
Nov 22 14:16:23 10.0.0.2 ulogd[1267]: [NEW] ORIG: SRC=192.168.1.180 DST=192.132.33.68 PROTO=TCP SPT=61970 DPT=443 PKTS=0 BYTES=0 , REPLY: SRC=192.132.33.68 DST=176.36.141.89 PROTO=TCP SPT=443 DPT=61970 PKTS=0 BYTES=0
Nov 22 14:16:23 10.0.0.2 dnsmasq[1]: 668266 fd02:c8be:1d40:0:ed9a:a5a9:93a0:c3e8/65082 forwarded um.simpli.fi to 194.50.85.5
Nov 22 14:16:23 10.0.0.2 dnsmasq[1]: 668265 fd02:c8be:1d40:0:ed9a:a5a9:93a0:c3e8/64291 reply dm-eu.hybrid.ai is 37.230.131.22
Nov 22 14:16:23 10.0.0.2 dnsmasq[1]: 668265 fd02:c8be:1d40:0:ed9a:a5a9:93a0:c3e8/64291 reply dm-eu.hybrid.ai is 37.230.131.21
Nov 22 14:16:23 10.0.0.2 dnsmasq[1]: 668265 fd02:c8be:1d40:0:ed9a:a5a9:93a0:c3e8/64291 reply dm-eu.hybrid.ai is 37.230.131.16
Nov 22 14:16:23 10.0.0.2 dnsmasq[1]: 668266 fd02:c8be:1d40:0:ed9a:a5a9:93a0:c3e8/65082 reply um.simpli.fi is 34.91.62.186
Nov 22 14:16:23 10.0.0.2 dnsmasq[1]: 668266 fd02:c8be:1d40:0:ed9a:a5a9:93a0:c3e8/65082 reply um.simpli.fi is 35.204.158.49
Nov 22 14:16:23 10.0.0.2 dnsmasq[1]: 668266 fd02:c8be:1d40:0:ed9a:a5a9:93a0:c3e8/65082 reply um.simpli.fi is 35.204.74.118
Nov 22 14:16:23 10.0.0.2 ulogd[1267]: [NEW] ORIG: SRC=192.168.1.180 DST=37.230.131.22 PROTO=TCP SPT=61971 DPT=443 PKTS=0 BYTES=0 , REPLY: SRC=37.230.131.22 DST=176.36.141.89 PROTO=TCP SPT=443 DPT=61971 PKTS=0 BYTES=0
Nov 22 14:16:23 10.0.0.2 dnsmasq[1]: 668267 fd02:c8be:1d40:0:ed9a:a5a9:93a0:c3e8/65003 query[A] sync.ipredictive.com from fd02:c8be:1d40:0:ed9a:a5a9:93a0:c3e8
Nov 22 14:16:23 10.0.0.2 ulogd[1267]: [NEW] ORIG: SRC=176.36.141.89 DST=194.50.85.5 PROTO=UDP SPT=49703 DPT=53 PKTS=0 BYTES=0 , REPLY: SRC=194.50.85.5 DST=176.36.141.89 PROTO=UDP SPT=53 DPT=49703 PKTS=0 BYTES=0
Nov 22 14:16:23 10.0.0.2 dnsmasq[1]: 668267 fd02:c8be:1d40:0:ed9a:a5a9:93a0:c3e8/65003 forwarded sync.ipredictive.com to 194.50.85.5
Nov 22 14:16:23 10.0.0.2 dnsmasq[1]: 668267 fd02:c8be:1d40:0:ed9a:a5a9:93a0:c3e8/65003 reply sync.ipredictive.com is 54.156.137.107
Nov 22 14:16:23 10.0.0.2 dnsmasq[1]: 668267 fd02:c8be:1d40:0:ed9a:a5a9:93a0:c3e8/65003 reply sync.ipredictive.com is 52.2.49.56
Nov 22 14:16:23 10.0.0.2 dnsmasq[1]: 668267 fd02:c8be:1d40:0:ed9a:a5a9:93a0:c3e8/65003 reply sync.ipredictive.com is 52.4.98.207
Nov 22 14:16:23 10.0.0.2 dnsmasq[1]: 668267 fd02:c8be:1d40:0:ed9a:a5a9:93a0:c3e8/65003 reply sync.ipredictive.com is 52.71.71.233
Nov 22 14:16:23 10.0.0.2 dnsmasq[1]: 668267 fd02:c8be:1d40:0:ed9a:a5a9:93a0:c3e8/65003 reply sync.ipredictive.com is 52.73.162.54
Nov 22 14:16:23 10.0.0.2 dnsmasq[1]: 668267 fd02:c8be:1d40:0:ed9a:a5a9:93a0:c3e8/65003 reply sync.ipredictive.com is 52.70.253.77
Nov 22 14:16:23 10.0.0.2 dnsmasq[1]: 668267 fd02:c8be:1d40:0:ed9a:a5a9:93a0:c3e8/65003 reply sync.ipredictive.com is 54.157.141.59
Nov 22 14:16:23 10.0.0.2 dnsmasq[1]: 668267 fd02:c8be:1d40:0:ed9a:a5a9:93a0:c3e8/65003 reply sync.ipredictive.com is 52.3.113.141
Nov 22 14:16:23 10.0.0.2 ulogd[1267]: [NEW] ORIG: SRC=192.168.1.180 DST=34.91.62.186 PROTO=TCP SPT=61972 DPT=443 PKTS=0 BYTES=0 , REPLY: SRC=34.91.62.186 DST=176.36.141.89 PROTO=TCP SPT=443 DPT=61972 PKTS=0 BYTES=0
Nov 22 14:16:23 10.0.0.2 ulogd[1267]: [NEW] ORIG: SRC=192.168.1.180 DST=54.156.137.107 PROTO=TCP SPT=61973 DPT=443 PKTS=0 BYTES=0 , REPLY: SRC=54.156.137.107 DST=176.36.141.89 PROTO=TCP SPT=443 DPT=61973 PKTS=0 BYTES=0
Nov 22 14:16:23 10.0.0.2 dnsmasq[1]: 668268 fd02:c8be:1d40:0:ed9a:a5a9:93a0:c3e8/61745 query[A] cs.videowalldirect.com from fd02:c8be:1d40:0:ed9a:a5a9:93a0:c3e8
Nov 22 14:16:23 10.0.0.2 ulogd[1267]: [NEW] ORIG: SRC=176.36.141.89 DST=194.50.85.5 PROTO=UDP SPT=38210 DPT=53 PKTS=0 BYTES=0 , REPLY: SRC=194.50.85.5 DST=176.36.141.89 PROTO=UDP SPT=53 DPT=38210 PKTS=0 BYTES=0
Nov 22 14:16:23 10.0.0.2 dnsmasq[1]: 668268 fd02:c8be:1d40:0:ed9a:a5a9:93a0:c3e8/61745 forwarded cs.videowalldirect.com to 194.50.85.5
Nov 22 14:16:23 10.0.0.2 dnsmasq[1]: 668268 fd02:c8be:1d40:0:ed9a:a5a9:93a0:c3e8/61745 reply cs.videowalldirect.com is NXDOMAIN
Nov 22 14:16:23 10.0.0.2 dnsmasq[1]: 668269 fd02:c8be:1d40:0:ed9a:a5a9:93a0:c3e8/61679 query[A] dmp.adform.net from fd02:c8be:1d40:0:ed9a:a5a9:93a0:c3e8
Nov 22 14:16:23 10.0.0.2 ulogd[1267]: [NEW] ORIG: SRC=176.36.141.89 DST=194.50.85.5 PROTO=UDP SPT=49225 DPT=53 PKTS=0 BYTES=0 , REPLY: SRC=194.50.85.5 DST=176.36.141.89 PROTO=UDP SPT=53 DPT=49225 PKTS=0 BYTES=0
Nov 22 14:16:23 10.0.0.2 dnsmasq[1]: 668269 fd02:c8be:1d40:0:ed9a:a5a9:93a0:c3e8/61679 forwarded dmp.adform.net to 194.50.85.5
Nov 22 14:16:23 10.0.0.2 ulogd[1267]: [NEW] ORIG: SRC=192.168.1.180 DST=192.168.1.1 PROTO=UDP SPT=61679 DPT=53 PKTS=0 BYTES=0 , REPLY: SRC=192.168.1.1 DST=192.168.1.180 PROTO=UDP SPT=53 DPT=61679 PKTS=0 BYTES=0
Nov 22 14:16:23 10.0.0.2 dnsmasq[1]: 668270 192.168.1.180/61679 query[A] dmp.adform.net from 192.168.1.180
Nov 22 14:16:23 10.0.0.2 ulogd[1267]: [DESTROY] ORIG: SRC=192.168.1.45 DST=192.168.1.1 PROTO=UDP SPT=45260 DPT=53 PKTS=1 BYTES=71 , REPLY: SRC=192.168.1.1 DST=192.168.1.45 PROTO=UDP SPT=53 DPT=45260 PKTS=1 BYTES=119
Nov 22 14:16:23 10.0.0.2 dnsmasq[1]: 668271 fd02:c8be:1d40:0:ed9a:a5a9:93a0:c3e8/58977 query[A] match.deepintent.com from fd02:c8be:1d40:0:ed9a:a5a9:93a0:c3e8
Nov 22 14:16:23 10.0.0.2 dnsmasq[1]: 668271 fd02:c8be:1d40:0:ed9a:a5a9:93a0:c3e8/58977 forwarded match.deepintent.com to 194.50.85.5
Nov 22 14:16:23 10.0.0.2 ulogd[1267]: [NEW] ORIG: SRC=176.36.141.89 DST=194.50.85.5 PROTO=UDP SPT=52285 DPT=53 PKTS=0 BYTES=0 , REPLY: SRC=194.50.85.5 DST=176.36.141.89 PROTO=UDP SPT=53 DPT=52285 PKTS=0 BYTES=0
Nov 22 14:16:23 10.0.0.2 dnsmasq[1]: 668271 fd02:c8be:1d40:0:ed9a:a5a9:93a0:c3e8/58977 reply match.deepintent.com is <CNAME>
Nov 22 14:16:23 10.0.0.2 dnsmasq[1]: 668271 fd02:c8be:1d40:0:ed9a:a5a9:93a0:c3e8/58977 reply m.deepintent.com is 169.197.150.7
Nov 22 14:16:23 10.0.0.2 dnsmasq[1]: 668271 fd02:c8be:1d40:0:ed9a:a5a9:93a0:c3e8/58977 reply m.deepintent.com is 169.197.150.8
Nov 22 14:16:23 10.0.0.2 dnsmasq[1]: 668271 fd02:c8be:1d40:0:ed9a:a5a9:93a0:c3e8/58977 reply m.deepintent.com is 38.91.45.7
Nov 22 14:16:23 10.0.0.2 dnsmasq[1]: 668271 fd02:c8be:1d40:0:ed9a:a5a9:93a0:c3e8/58977 reply m.deepintent.com is 8.18.47.7
Nov 22 14:16:23 10.0.0.2 ulogd[1267]: [NEW] ORIG: SRC=192.168.1.180 DST=169.197.150.7 PROTO=TCP SPT=61974 DPT=443 PKTS=0 BYTES=0 , REPLY: SRC=169.197.150.7 DST=176.36.141.89 PROTO=TCP SPT=443 DPT=61974 PKTS=0 BYTES=0
Nov 22 14:16:23 10.0.0.2 dnsmasq[1]: 668272 fd02:c8be:1d40:0:ed9a:a5a9:93a0:c3e8/61466 query[A] us.ck-ie.com from fd02:c8be:1d40:0:ed9a:a5a9:93a0:c3e8
Nov 22 14:16:23 10.0.0.2 ulogd[1267]: [NEW] ORIG: SRC=176.36.141.89 DST=194.50.85.5 PROTO=UDP SPT=59225 DPT=53 PKTS=0 BYTES=0 , REPLY: SRC=194.50.85.5 DST=176.36.141.89 PROTO=UDP SPT=53 DPT=59225 PKTS=0 BYTES=0
Nov 22 14:16:23 10.0.0.2 dnsmasq[1]: 668272 fd02:c8be:1d40:0:ed9a:a5a9:93a0:c3e8/61466 forwarded us.ck-ie.com to 194.50.85.5
Nov 22 14:16:23 10.0.0.2 dnsmasq[1]: 668272 fd02:c8be:1d40:0:ed9a:a5a9:93a0:c3e8/61466 reply us.ck-ie.com is 8.2.110.114
Nov 22 14:16:23 10.0.0.2 dnsmasq[1]: 668272 fd02:c8be:1d40:0:ed9a:a5a9:93a0:c3e8/61466 reply us.ck-ie.com is 8.2.108.175
Nov 22 14:16:23 10.0.0.2 dnsmasq[1]: 668272 fd02:c8be:1d40:0:ed9a:a5a9:93a0:c3e8/61466 reply us.ck-ie.com is 8.2.108.194
Nov 22 14:16:23 10.0.0.2 ulogd[1267]: [NEW] ORIG: SRC=192.168.1.180 DST=8.2.110.114 PROTO=TCP SPT=61975 DPT=443 PKTS=0 BYTES=0 , REPLY: SRC=8.2.110.114 DST=176.36.141.89 PROTO=TCP SPT=443 DPT=61975 PKTS=0 BYTES=0
Nov 22 14:16:24 10.0.0.2 dnsmasq[1]: 668273 fd02:c8be:1d40:0:ed9a:a5a9:93a0:c3e8/64291 query[A] cm-supply-web.gammaplatform.com from fd02:c8be:1d40:0:ed9a:a5a9:93a0:c3e8
Nov 22 14:16:24 10.0.0.2 ulogd[1267]: [NEW] ORIG: SRC=176.36.141.89 DST=194.50.85.5 PROTO=UDP SPT=47745 DPT=53 PKTS=0 BYTES=0 , REPLY: SRC=194.50.85.5 DST=176.36.141.89 PROTO=UDP SPT=53 DPT=47745 PKTS=0 BYTES=0
Nov 22 14:16:24 10.0.0.2 dnsmasq[1]: 668273 fd02:c8be:1d40:0:ed9a:a5a9:93a0:c3e8/64291 forwarded cm-supply-web.gammaplatform.com to 194.50.85.5
Nov 22 14:16:24 10.0.0.2 dnsmasq[1]: 668273 fd02:c8be:1d40:0:ed9a:a5a9:93a0:c3e8/64291 reply cm-supply-web.gammaplatform.com is 35.186.154.107
Nov 22 14:16:24 10.0.0.2 ulogd[1267]: [NEW] ORIG: SRC=192.168.1.180 DST=35.186.154.107 PROTO=TCP SPT=61976 DPT=443 PKTS=0 BYTES=0 , REPLY: SRC=35.186.154.107 DST=176.36.141.89 PROTO=TCP SPT=443 DPT=61976 PKTS=0 BYTES=0
Nov 22 14:16:24 10.0.0.2 dnsmasq[1]: 668274 fd02:c8be:1d40:0:ed9a:a5a9:93a0:c3e8/65082 query[A] a.tribalfusion.com from fd02:c8be:1d40:0:ed9a:a5a9:93a0:c3e8
Nov 22 14:16:24 10.0.0.2 ulogd[1267]: [NEW] ORIG: SRC=176.36.141.89 DST=194.50.85.5 PROTO=UDP SPT=46821 DPT=53 PKTS=0 BYTES=0 , REPLY: SRC=194.50.85.5 DST=176.36.141.89 PROTO=UDP SPT=53 DPT=46821 PKTS=0 BYTES=0
Nov 22 14:16:24 10.0.0.2 dnsmasq[1]: 668274 fd02:c8be:1d40:0:ed9a:a5a9:93a0:c3e8/65082 forwarded a.tribalfusion.com to 194.50.85.5
Nov 22 14:16:24 10.0.0.2 dnsmasq[1]: 668274 fd02:c8be:1d40:0:ed9a:a5a9:93a0:c3e8/65082 reply a.tribalfusion.com is 104.18.24.173
Nov 22 14:16:24 10.0.0.2 dnsmasq[1]: 668274 fd02:c8be:1d40:0:ed9a:a5a9:93a0:c3e8/65082 reply a.tribalfusion.com is 104.18.25.173
Nov 22 14:16:24 10.0.0.2 ulogd[1267]: [NEW] ORIG: SRC=192.168.1.180 DST=104.18.24.173 PROTO=TCP SPT=61977 DPT=443 PKTS=0 BYTES=0 , REPLY: SRC=104.18.24.173 DST=176.36.141.89 PROTO=TCP SPT=443 DPT=61977 PKTS=0 BYTES=0
Nov 22 14:16:24 10.0.0.2 dnsmasq[1]: 668275 fd02:c8be:1d40:0:ed9a:a5a9:93a0:c3e8/65003 query[A] green.erne.co from fd02:c8be:1d40:0:ed9a:a5a9:93a0:c3e8
Nov 22 14:16:24 10.0.0.2 ulogd[1267]: [NEW] ORIG: SRC=176.36.141.89 DST=194.50.85.5 PROTO=UDP SPT=60783 DPT=53 PKTS=0 BYTES=0 , REPLY: SRC=194.50.85.5 DST=176.36.141.89 PROTO=UDP SPT=53 DPT=60783 PKTS=0 BYTES=0
Nov 22 14:16:24 10.0.0.2 dnsmasq[1]: 668275 fd02:c8be:1d40:0:ed9a:a5a9:93a0:c3e8/65003 forwarded green.erne.co to 194.50.85.5
Nov 22 14:16:24 10.0.0.2 dnsmasq[1]: 668275 fd02:c8be:1d40:0:ed9a:a5a9:93a0:c3e8/65003 reply green.erne.co is 141.95.171.142
Nov 22 14:16:24 10.0.0.2 dnsmasq[1]: 668275 fd02:c8be:1d40:0:ed9a:a5a9:93a0:c3e8/65003 reply green.erne.co is 141.95.172.216
Nov 22 14:16:24 10.0.0.2 dnsmasq[1]: 668275 fd02:c8be:1d40:0:ed9a:a5a9:93a0:c3e8/65003 reply green.erne.co is 141.95.171.139
Nov 22 14:16:24 10.0.0.2 dnsmasq[1]: 668275 fd02:c8be:1d40:0:ed9a:a5a9:93a0:c3e8/65003 reply green.erne.co is 141.94.161.190
Nov 22 14:16:24 10.0.0.2 dnsmasq[1]: 668275 fd02:c8be:1d40:0:ed9a:a5a9:93a0:c3e8/65003 reply green.erne.co is 141.94.242.206
Nov 22 14:16:24 10.0.0.2 dnsmasq[1]: 668275 fd02:c8be:1d40:0:ed9a:a5a9:93a0:c3e8/65003 reply green.erne.co is 141.94.242.226
Nov 22 14:16:24 10.0.0.2 dnsmasq[1]: 668275 fd02:c8be:1d40:0:ed9a:a5a9:93a0:c3e8/65003 reply green.erne.co is 141.95.171.140
Nov 22 14:16:24 10.0.0.2 dnsmasq[1]: 668275 fd02:c8be:1d40:0:ed9a:a5a9:93a0:c3e8/65003 reply green.erne.co is 141.94.161.158
Nov 22 14:16:24 10.0.0.2 dnsmasq[1]: 668275 fd02:c8be:1d40:0:ed9a:a5a9:93a0:c3e8/65003 reply green.erne.co is 141.95.171.141
Nov 22 14:16:24 10.0.0.2 dnsmasq[1]: 668275 fd02:c8be:1d40:0:ed9a:a5a9:93a0:c3e8/65003 reply green.erne.co is 141.94.240.143
Nov 22 14:16:24 10.0.0.2 dnsmasq[1]: 668275 fd02:c8be:1d40:0:ed9a:a5a9:93a0:c3e8/65003 reply green.erne.co is 141.94.242.204
Nov 22 14:16:24 10.0.0.2 dnsmasq[1]: 668276 fd02:c8be:1d40:0:ed9a:a5a9:93a0:c3e8/61745 query[A] matching.truffle.bid from fd02:c8be:1d40:0:ed9a:a5a9:93a0:c3e8
Nov 22 14:16:24 10.0.0.2 ulogd[1267]: [NEW] ORIG: SRC=176.36.141.89 DST=194.50.85.5 PROTO=UDP SPT=56710 DPT=53 PKTS=0 BYTES=0 , REPLY: SRC=194.50.85.5 DST=176.36.141.89 PROTO=UDP SPT=53 DPT=56710 PKTS=0 BYTES=0
Nov 22 14:16:24 10.0.0.2 ulogd[1267]: [NEW] ORIG: SRC=192.168.1.180 DST=141.95.171.142 PROTO=TCP SPT=61978 DPT=443 PKTS=0 BYTES=0 , REPLY: SRC=141.95.171.142 DST=176.36.141.89 PROTO=TCP SPT=443 DPT=61978 PKTS=0 BYTES=0
Nov 22 14:16:24 10.0.0.2 dnsmasq[1]: 668276 fd02:c8be:1d40:0:ed9a:a5a9:93a0:c3e8/61745 forwarded matching.truffle.bid to 194.50.85.5
Nov 22 14:16:24 10.0.0.2 dnsmasq[1]: 668276 fd02:c8be:1d40:0:ed9a:a5a9:93a0:c3e8/61745 reply matching.truffle.bid is 23.88.86.2
Nov 22 14:16:24 10.0.0.2 dnsmasq[1]: 668276 fd02:c8be:1d40:0:ed9a:a5a9:93a0:c3e8/61745 reply matching.truffle.bid is 162.55.120.196
Nov 22 14:16:24 10.0.0.2 dnsmasq[1]: 668277 fd02:c8be:1d40:0:ed9a:a5a9:93a0:c3e8/58977 query[A] sync.1rx.io from fd02:c8be:1d40:0:ed9a:a5a9:93a0:c3e8
Nov 22 14:16:24 10.0.0.2 ulogd[1267]: [NEW] ORIG: SRC=176.36.141.89 DST=194.50.85.5 PROTO=UDP SPT=54555 DPT=53 PKTS=0 BYTES=0 , REPLY: SRC=194.50.85.5 DST=176.36.141.89 PROTO=UDP SPT=53 DPT=54555 PKTS=0 BYTES=0
Nov 22 14:16:24 10.0.0.2 ulogd[1267]: [NEW] ORIG: SRC=192.168.1.180 DST=23.88.86.2 PROTO=TCP SPT=61979 DPT=443 PKTS=0 BYTES=0 , REPLY: SRC=23.88.86.2 DST=176.36.141.89 PROTO=TCP SPT=443 DPT=61979 PKTS=0 BYTES=0
Nov 22 14:16:24 10.0.0.2 dnsmasq[1]: 668277 fd02:c8be:1d40:0:ed9a:a5a9:93a0:c3e8/58977 forwarded sync.1rx.io to 194.50.85.5
Nov 22 14:16:24 10.0.0.2 dnsmasq[1]: 668277 fd02:c8be:1d40:0:ed9a:a5a9:93a0:c3e8/58977 reply sync.1rx.io is 46.228.174.117
Nov 22 14:16:24 10.0.0.2 dnsmasq[1]: 668278 fd02:c8be:1d40:0:ed9a:a5a9:93a0:c3e8/61466 query[A] mwzeom.zeotap.com from fd02:c8be:1d40:0:ed9a:a5a9:93a0:c3e8
Nov 22 14:16:24 10.0.0.2 ulogd[1267]: [NEW] ORIG: SRC=176.36.141.89 DST=194.50.85.5 PROTO=UDP SPT=33363 DPT=53 PKTS=0 BYTES=0 , REPLY: SRC=194.50.85.5 DST=176.36.141.89 PROTO=UDP SPT=53 DPT=33363 PKTS=0 BYTES=0
Nov 22 14:16:24 10.0.0.2 ulogd[1267]: [NEW] ORIG: SRC=192.168.1.180 DST=46.228.174.117 PROTO=TCP SPT=61980 DPT=443 PKTS=0 BYTES=0 , REPLY: SRC=46.228.174.117 DST=176.36.141.89 PROTO=TCP SPT=443 DPT=61980 PKTS=0 BYTES=0
Nov 22 14:16:24 10.0.0.2 dnsmasq[1]: 668278 fd02:c8be:1d40:0:ed9a:a5a9:93a0:c3e8/61466 forwarded mwzeom.zeotap.com to 194.50.85.5
Nov 22 14:16:24 10.0.0.2 dnsmasq[1]: 668278 fd02:c8be:1d40:0:ed9a:a5a9:93a0:c3e8/61466 reply mwzeom.zeotap.com is 104.22.25.87
Nov 22 14:16:24 10.0.0.2 dnsmasq[1]: 668278 fd02:c8be:1d40:0:ed9a:a5a9:93a0:c3e8/61466 reply mwzeom.zeotap.com is 104.22.24.87
Nov 22 14:16:24 10.0.0.2 dnsmasq[1]: 668278 fd02:c8be:1d40:0:ed9a:a5a9:93a0:c3e8/61466 reply mwzeom.zeotap.com is 172.67.13.182
Nov 22 14:16:24 10.0.0.2 dnsmasq[1]: 668279 fd02:c8be:1d40:0:ed9a:a5a9:93a0:c3e8/64291 query[A] uipglob.semasio.net from fd02:c8be:1d40:0:ed9a:a5a9:93a0:c3e8
Nov 22 14:16:24 10.0.0.2 ulogd[1267]: [NEW] ORIG: SRC=176.36.141.89 DST=194.50.85.5 PROTO=UDP SPT=52646 DPT=53 PKTS=0 BYTES=0 , REPLY: SRC=194.50.85.5 DST=176.36.141.89 PROTO=UDP SPT=53 DPT=52646 PKTS=0 BYTES=0
Nov 22 14:16:24 10.0.0.2 ulogd[1267]: [NEW] ORIG: SRC=192.168.1.180 DST=104.22.25.87 PROTO=TCP SPT=61981 DPT=443 PKTS=0 BYTES=0 , REPLY: SRC=104.22.25.87 DST=176.36.141.89 PROTO=TCP SPT=443 DPT=61981 PKTS=0 BYTES=0
Nov 22 14:16:24 10.0.0.2 dnsmasq[1]: 668279 fd02:c8be:1d40:0:ed9a:a5a9:93a0:c3e8/64291 forwarded uipglob.semasio.net to 194.50.85.5
Nov 22 14:16:24 10.0.0.2 dnsmasq[1]: 668279 fd02:c8be:1d40:0:ed9a:a5a9:93a0:c3e8/64291 reply uipglob.semasio.net is <CNAME>
Nov 22 14:16:24 10.0.0.2 dnsmasq[1]: 668279 fd02:c8be:1d40:0:ed9a:a5a9:93a0:c3e8/64291 reply uipglob.trafficmanager.net is <CNAME>
Nov 22 14:16:24 10.0.0.2 dnsmasq[1]: 668279 fd02:c8be:1d40:0:ed9a:a5a9:93a0:c3e8/64291 reply uip.semasio.net is 77.243.51.121
Nov 22 14:16:24 10.0.0.2 dnsmasq[1]: 668279 fd02:c8be:1d40:0:ed9a:a5a9:93a0:c3e8/64291 reply uip.semasio.net is 77.243.51.122
Nov 22 14:16:24 10.0.0.2 ulogd[1267]: [NEW] ORIG: SRC=192.168.1.180 DST=77.243.51.121 PROTO=TCP SPT=61982 DPT=443 PKTS=0 BYTES=0 , REPLY: SRC=77.243.51.121 DST=176.36.141.89 PROTO=TCP SPT=443 DPT=61982 PKTS=0 BYTES=0
Nov 22 14:16:24 10.0.0.2 dnsmasq[1]: 668280 fd02:c8be:1d40:0:ed9a:a5a9:93a0:c3e8/65082 query[A] s.amazon-adsystem.com from fd02:c8be:1d40:0:ed9a:a5a9:93a0:c3e8
Nov 22 14:16:24 10.0.0.2 ulogd[1267]: [NEW] ORIG: SRC=192.168.1.180 DST=35.186.154.107 PROTO=TCP SPT=61983 DPT=443 PKTS=0 BYTES=0 , REPLY: SRC=35.186.154.107 DST=176.36.141.89 PROTO=TCP SPT=443 DPT=61983 PKTS=0 BYTES=0
Nov 22 14:16:24 10.0.0.2 ulogd[1267]: [NEW] ORIG: SRC=176.36.141.89 DST=194.50.85.5 PROTO=UDP SPT=46516 DPT=53 PKTS=0 BYTES=0 , REPLY: SRC=194.50.85.5 DST=176.36.141.89 PROTO=UDP SPT=53 DPT=46516 PKTS=0 BYTES=0
Nov 22 14:16:24 10.0.0.2 dnsmasq[1]: 668280 fd02:c8be:1d40:0:ed9a:a5a9:93a0:c3e8/65082 forwarded s.amazon-adsystem.com to 194.50.85.5
Nov 22 14:16:24 10.0.0.2 dnsmasq[1]: 668280 fd02:c8be:1d40:0:ed9a:a5a9:93a0:c3e8/65082 reply s.amazon-adsystem.com is 52.46.128.147
Nov 22 14:16:24 10.0.0.2 ulogd[1267]: [NEW] ORIG: SRC=192.168.1.180 DST=52.46.128.147 PROTO=TCP SPT=61984 DPT=443 PKTS=0 BYTES=0 , REPLY: SRC=52.46.128.147 DST=176.36.141.89 PROTO=TCP SPT=443 DPT=61984 PKTS=0 BYTES=0
Nov 22 14:16:24 10.0.0.2 dnsmasq[1]: 668281 fd02:c8be:1d40:0:ed9a:a5a9:93a0:c3e8/65003 query[A] cm.adform.net from fd02:c8be:1d40:0:ed9a:a5a9:93a0:c3e8
Nov 22 14:16:24 10.0.0.2 ulogd[1267]: [NEW] ORIG: SRC=176.36.141.89 DST=194.50.85.5 PROTO=UDP SPT=57694 DPT=53 PKTS=0 BYTES=0 , REPLY: SRC=194.50.85.5 DST=176.36.141.89 PROTO=UDP SPT=53 DPT=57694 PKTS=0 BYTES=0
Nov 22 14:16:24 10.0.0.2 dnsmasq[1]: 668281 fd02:c8be:1d40:0:ed9a:a5a9:93a0:c3e8/65003 forwarded cm.adform.net to 194.50.85.5
Nov 22 14:16:24 10.0.0.2 dnsmasq[1]: 668281 fd02:c8be:1d40:0:ed9a:a5a9:93a0:c3e8/65003 reply cm.adform.net is <CNAME>
Nov 22 14:16:24 10.0.0.2 dnsmasq[1]: 668281 fd02:c8be:1d40:0:ed9a:a5a9:93a0:c3e8/65003 reply track-eu.adformnet.akadns.net is 37.157.3.26
Nov 22 14:16:24 10.0.0.2 dnsmasq[1]: 668281 fd02:c8be:1d40:0:ed9a:a5a9:93a0:c3e8/65003 reply track-eu.adformnet.akadns.net is 37.157.2.229
Nov 22 14:16:24 10.0.0.2 dnsmasq[1]: 668281 fd02:c8be:1d40:0:ed9a:a5a9:93a0:c3e8/65003 reply track-eu.adformnet.akadns.net is 37.157.3.20
Nov 22 14:16:24 10.0.0.2 dnsmasq[1]: 668281 fd02:c8be:1d40:0:ed9a:a5a9:93a0:c3e8/65003 reply track-eu.adformnet.akadns.net is 37.157.2.230
Nov 22 14:16:24 10.0.0.2 dnsmasq[1]: 668281 fd02:c8be:1d40:0:ed9a:a5a9:93a0:c3e8/65003 reply track-eu.adformnet.akadns.net is 37.157.2.228
Nov 22 14:16:24 10.0.0.2 ulogd[1267]: [NEW] ORIG: SRC=192.168.1.180 DST=37.157.3.26 PROTO=TCP SPT=61985 DPT=443 PKTS=0 BYTES=0 , REPLY: SRC=37.157.3.26 DST=176.36.141.89 PROTO=TCP SPT=443 DPT=61985 PKTS=0 BYTES=0
Nov 22 14:16:24 10.0.0.2 dnsmasq[1]: 668282 fd02:c8be:1d40:0:ed9a:a5a9:93a0:c3e8/61745 query[A] s.tribalfusion.com from fd02:c8be:1d40:0:ed9a:a5a9:93a0:c3e8
Nov 22 14:16:24 10.0.0.2 dnsmasq[1]: 668282 fd02:c8be:1d40:0:ed9a:a5a9:93a0:c3e8/61745 forwarded s.tribalfusion.com to 194.50.85.5
Nov 22 14:16:24 10.0.0.2 ulogd[1267]: [NEW] ORIG: SRC=176.36.141.89 DST=194.50.85.5 PROTO=UDP SPT=50582 DPT=53 PKTS=0 BYTES=0 , REPLY: SRC=194.50.85.5 DST=176.36.141.89 PROTO=UDP SPT=53 DPT=50582 PKTS=0 BYTES=0
Nov 22 14:16:24 10.0.0.2 dnsmasq[1]: 668282 fd02:c8be:1d40:0:ed9a:a5a9:93a0:c3e8/61745 reply s.tribalfusion.com is 104.18.24.173
Nov 22 14:16:24 10.0.0.2 dnsmasq[1]: 668282 fd02:c8be:1d40:0:ed9a:a5a9:93a0:c3e8/61745 reply s.tribalfusion.com is 104.18.25.173
Nov 22 14:16:24 10.0.0.2 dnsmasq[1]: 668283 fd02:c8be:1d40:0:ed9a:a5a9:93a0:c3e8/58977 query[A] pixel-eu.onaudience.com from fd02:c8be:1d40:0:ed9a:a5a9:93a0:c3e8
Nov 22 14:16:24 10.0.0.2 dnsmasq[1]: 668283 fd02:c8be:1d40:0:ed9a:a5a9:93a0:c3e8/58977 forwarded pixel-eu.onaudience.com to 194.50.85.5
