Nov 22 14:16:24 10.0.0.2 dnsmasq[1]: 668283 fd02:c8be:1d40:0:ed9a:a5a9:93a0:c3e8/58977 reply pixel-eu.onaudience.com is 146.59.148.16
Nov 22 14:16:24 10.0.0.2 ulogd[1267]: [NEW] ORIG: SRC=176.36.141.89 DST=194.50.85.5 PROTO=UDP SPT=37833 DPT=53 PKTS=0 BYTES=0 , REPLY: SRC=194.50.85.5 DST=176.36.141.89 PROTO=UDP SPT=53 DPT=37833 PKTS=0 BYTES=0
Nov 22 14:16:24 10.0.0.2 dnsmasq[1]: 668283 fd02:c8be:1d40:0:ed9a:a5a9:93a0:c3e8/58977 reply pixel-eu.onaudience.com is 141.94.171.215
Nov 22 14:16:24 10.0.0.2 dnsmasq[1]: 668283 fd02:c8be:1d40:0:ed9a:a5a9:93a0:c3e8/58977 reply pixel-eu.onaudience.com is 141.94.171.216
Nov 22 14:16:24 10.0.0.2 dnsmasq[1]: 668283 fd02:c8be:1d40:0:ed9a:a5a9:93a0:c3e8/58977 reply pixel-eu.onaudience.com is 141.94.171.212
Nov 22 14:16:24 10.0.0.2 dnsmasq[1]: 668283 fd02:c8be:1d40:0:ed9a:a5a9:93a0:c3e8/58977 reply pixel-eu.onaudience.com is 141.94.171.213
Nov 22 14:16:24 10.0.0.2 dnsmasq[1]: 668283 fd02:c8be:1d40:0:ed9a:a5a9:93a0:c3e8/58977 reply pixel-eu.onaudience.com is 141.94.170.77
Nov 22 14:16:24 10.0.0.2 dnsmasq[1]: 668283 fd02:c8be:1d40:0:ed9a:a5a9:93a0:c3e8/58977 reply pixel-eu.onaudience.com is 141.94.170.64
Nov 22 14:16:24 10.0.0.2 dnsmasq[1]: 668283 fd02:c8be:1d40:0:ed9a:a5a9:93a0:c3e8/58977 reply pixel-eu.onaudience.com is 141.94.171.214
Nov 22 14:16:24 10.0.0.2 ulogd[1267]: [NEW] ORIG: SRC=192.168.1.180 DST=146.59.148.16 PROTO=TCP SPT=61986 DPT=443 PKTS=0 BYTES=0 , REPLY: SRC=146.59.148.16 DST=176.36.141.89 PROTO=TCP SPT=443 DPT=61986 PKTS=0 BYTES=0
Nov 22 14:16:24 10.0.0.2 dnsmasq[1]: 668284 fd02:c8be:1d40:0:ed9a:a5a9:93a0:c3e8/61466 query[A] s.seedtag.com from fd02:c8be:1d40:0:ed9a:a5a9:93a0:c3e8
Nov 22 14:16:24 10.0.0.2 dnsmasq[1]: 668284 fd02:c8be:1d40:0:ed9a:a5a9:93a0:c3e8/61466 forwarded s.seedtag.com to 192.168.1.45
Nov 22 14:16:24 10.0.0.2 ulogd[1267]: [NEW] ORIG: SRC=192.168.1.1 DST=192.168.1.45 PROTO=UDP SPT=58778 DPT=5353 PKTS=0 BYTES=0 , REPLY: SRC=192.168.1.45 DST=192.168.1.1 PROTO=UDP SPT=5353 DPT=58778 PKTS=0 BYTES=0
Nov 22 14:16:24 10.0.0.2 ulogd[1267]: [NEW] ORIG: SRC=176.36.141.89 DST=194.50.85.5 PROTO=UDP SPT=58778 DPT=53 PKTS=0 BYTES=0 , REPLY: SRC=194.50.85.5 DST=176.36.141.89 PROTO=UDP SPT=53 DPT=58778 PKTS=0 BYTES=0
Nov 22 14:16:24 10.0.0.2 dnsmasq[1]: 668284 fd02:c8be:1d40:0:ed9a:a5a9:93a0:c3e8/61466 forwarded s.seedtag.com to 194.50.85.5
Nov 22 14:16:24 10.0.0.2 dnsmasq[1]: 668284 fd02:c8be:1d40:0:ed9a:a5a9:93a0:c3e8/61466 forwarded s.seedtag.com to 194.50.85.7
Nov 22 14:16:24 10.0.0.2 ulogd[1267]: [NEW] ORIG: SRC=176.36.141.89 DST=194.50.85.7 PROTO=UDP SPT=58778 DPT=53 PKTS=0 BYTES=0 , REPLY: SRC=194.50.85.7 DST=176.36.141.89 PROTO=UDP SPT=53 DPT=58778 PKTS=0 BYTES=0
Nov 22 14:16:24 10.0.0.2 dnsmasq[1]: 668284 fd02:c8be:1d40:0:ed9a:a5a9:93a0:c3e8/61466 reply s.seedtag.com is 34.149.50.64
Nov 22 14:16:24 10.0.0.2 ulogd[1267]: [NEW] ORIG: SRC=192.168.1.180 DST=34.149.50.64 PROTO=TCP SPT=61987 DPT=443 PKTS=0 BYTES=0 , REPLY: SRC=34.149.50.64 DST=176.36.141.89 PROTO=TCP SPT=443 DPT=61987 PKTS=0 BYTES=0
Nov 22 14:16:24 10.0.0.2 dnsmasq[1]: 668285 fd02:c8be:1d40:0:ed9a:a5a9:93a0:c3e8/64291 query[A] ad.turn.com from fd02:c8be:1d40:0:ed9a:a5a9:93a0:c3e8
Nov 22 14:16:24 10.0.0.2 dnsmasq[1]: 668285 fd02:c8be:1d40:0:ed9a:a5a9:93a0:c3e8/64291 forwarded ad.turn.com to 194.50.85.5
Nov 22 14:16:24 10.0.0.2 ulogd[1267]: [NEW] ORIG: SRC=176.36.141.89 DST=194.50.85.5 PROTO=UDP SPT=35346 DPT=53 PKTS=0 BYTES=0 , REPLY: SRC=194.50.85.5 DST=176.36.141.89 PROTO=UDP SPT=53 DPT=35346 PKTS=0 BYTES=0
Nov 22 14:16:24 10.0.0.2 dnsmasq[1]: 668285 fd02:c8be:1d40:0:ed9a:a5a9:93a0:c3e8/64291 reply ad.turn.com is <CNAME>
Nov 22 14:16:24 10.0.0.2 dnsmasq[1]: 668285 fd02:c8be:1d40:0:ed9a:a5a9:93a0:c3e8/64291 reply ad.turn.com.akadns.net is 46.228.164.11
Nov 22 14:16:24 10.0.0.2 dnsmasq[1]: 668286 fd02:c8be:1d40:0:ed9a:a5a9:93a0:c3e8/65082 query[A] image4.pubmatic.com from fd02:c8be:1d40:0:ed9a:a5a9:93a0:c3e8
Nov 22 14:16:24 10.0.0.2 dnsmasq[1]: 668286 fd02:c8be:1d40:0:ed9a:a5a9:93a0:c3e8/65082 forwarded image4.pubmatic.com to 194.50.85.5
Nov 22 14:16:24 10.0.0.2 ulogd[1267]: [NEW] ORIG: SRC=176.36.141.89 DST=194.50.85.5 PROTO=UDP SPT=55293 DPT=53 PKTS=0 BYTES=0 , REPLY: SRC=194.50.85.5 DST=176.36.141.89 PROTO=UDP SPT=53 DPT=55293 PKTS=0 BYTES=0
Nov 22 14:16:24 10.0.0.2 dnsmasq[1]: 668286 fd02:c8be:1d40:0:ed9a:a5a9:93a0:c3e8/65082 reply image4.pubmatic.com is <CNAME>
Nov 22 14:16:24 10.0.0.2 dnsmasq[1]: 668286 fd02:c8be:1d40:0:ed9a:a5a9:93a0:c3e8/65082 reply image4-v2.pubmnet.com is <CNAME>
Nov 22 14:16:24 10.0.0.2 dnsmasq[1]: 668286 fd02:c8be:1d40:0:ed9a:a5a9:93a0:c3e8/65082 reply spug-amsfpairbc.pubmnet.com is 198.47.127.20
Nov 22 14:16:24 10.0.0.2 ulogd[1267]: [DESTROY] ORIG: SRC=192.168.1.45 DST=140.82.121.34 PROTO=TCP SPT=56232 DPT=443 PKTS=10 BYTES=1594 , REPLY: SRC=140.82.121.34 DST=176.36.141.89 PROTO=TCP SPT=443 DPT=56232 PKTS=8 BYTES=5105
Nov 22 14:16:24 10.0.0.2 ulogd[1267]: [NEW] ORIG: SRC=192.168.1.180 DST=46.228.164.11 PROTO=TCP SPT=61988 DPT=443 PKTS=0 BYTES=0 , REPLY: SRC=46.228.164.11 DST=176.36.141.89 PROTO=TCP SPT=443 DPT=61988 PKTS=0 BYTES=0
Nov 22 14:16:24 10.0.0.2 ulogd[1267]: [NEW] ORIG: SRC=192.168.1.180 DST=198.47.127.20 PROTO=TCP SPT=61989 DPT=443 PKTS=0 BYTES=0 , REPLY: SRC=198.47.127.20 DST=176.36.141.89 PROTO=TCP SPT=443 DPT=61989 PKTS=0 BYTES=0
Nov 22 14:16:24 10.0.0.2 ulogd[1267]: [DESTROY] ORIG: SRC=192.168.1.45 DST=192.168.1.1 PROTO=UDP SPT=55517 DPT=53 PKTS=1 BYTES=77 , REPLY: SRC=192.168.1.1 DST=192.168.1.45 PROTO=UDP SPT=53 DPT=55517 PKTS=1 BYTES=125
Nov 22 14:16:24 10.0.0.2 ulogd[1267]: [NEW] ORIG: SRC=192.168.1.180 DST=141.94.171.216 PROTO=TCP SPT=61990 DPT=443 PKTS=0 BYTES=0 , REPLY: SRC=141.94.171.216 DST=176.36.141.89 PROTO=TCP SPT=443 DPT=61990 PKTS=0 BYTES=0
Nov 22 14:16:24 10.0.0.2 dnsmasq[1]: 668287 fd02:c8be:1d40:0:ed9a:a5a9:93a0:c3e8/61679 query[A] dmp.adform.net from fd02:c8be:1d40:0:ed9a:a5a9:93a0:c3e8
Nov 22 14:16:24 10.0.0.2 dnsmasq[1]: 668287 fd02:c8be:1d40:0:ed9a:a5a9:93a0:c3e8/61679 forwarded dmp.adform.net to 192.168.1.45
Nov 22 14:16:24 10.0.0.2 ulogd[1267]: [NEW] ORIG: SRC=192.168.1.1 DST=192.168.1.45 PROTO=UDP SPT=49225 DPT=5353 PKTS=0 BYTES=0 , REPLY: SRC=192.168.1.45 DST=192.168.1.1 PROTO=UDP SPT=5353 DPT=49225 PKTS=0 BYTES=0
Nov 22 14:16:24 10.0.0.2 dnsmasq[1]: 668287 fd02:c8be:1d40:0:ed9a:a5a9:93a0:c3e8/61679 forwarded dmp.adform.net to 194.50.85.5
Nov 22 14:16:24 10.0.0.2 dnsmasq[1]: 668287 fd02:c8be:1d40:0:ed9a:a5a9:93a0:c3e8/61679 forwarded dmp.adform.net to 194.50.85.7
Nov 22 14:16:24 10.0.0.2 ulogd[1267]: [NEW] ORIG: SRC=176.36.141.89 DST=194.50.85.7 PROTO=UDP SPT=49225 DPT=53 PKTS=0 BYTES=0 , REPLY: SRC=194.50.85.7 DST=176.36.141.89 PROTO=UDP SPT=53 DPT=49225 PKTS=0 BYTES=0
Nov 22 14:16:24 10.0.0.2 dnsmasq[1]: 668287 fd02:c8be:1d40:0:ed9a:a5a9:93a0:c3e8/61679 reply dmp.adform.net is <CNAME>
Nov 22 14:16:24 10.0.0.2 dnsmasq[1]: 668287 fd02:c8be:1d40:0:ed9a:a5a9:93a0:c3e8/61679 reply track.adformnet.akadns.net is 37.157.6.243
Nov 22 14:16:24 10.0.0.2 dnsmasq[1]: 668287 fd02:c8be:1d40:0:ed9a:a5a9:93a0:c3e8/61679 reply track.adformnet.akadns.net is 37.157.6.237
Nov 22 14:16:24 10.0.0.2 dnsmasq[1]: 668287 fd02:c8be:1d40:0:ed9a:a5a9:93a0:c3e8/61679 reply track.adformnet.akadns.net is 37.157.6.232
Nov 22 14:16:24 10.0.0.2 dnsmasq[1]: 668287 fd02:c8be:1d40:0:ed9a:a5a9:93a0:c3e8/61679 reply track.adformnet.akadns.net is 37.157.6.233
Nov 22 14:16:24 10.0.0.2 dnsmasq[1]: 668287 fd02:c8be:1d40:0:ed9a:a5a9:93a0:c3e8/61679 reply track.adformnet.akadns.net is 37.157.6.254
Nov 22 14:16:24 10.0.0.2 dnsmasq[1]: 668270 192.168.1.180/61679 reply query is duplicate
Nov 22 14:16:24 10.0.0.2 dnsmasq[1]: 668288 fd02:c8be:1d40:0:ed9a:a5a9:93a0:c3e8/65003 query[A] tags.bluekai.com from fd02:c8be:1d40:0:ed9a:a5a9:93a0:c3e8
Nov 22 14:16:24 10.0.0.2 dnsmasq[1]: 668288 fd02:c8be:1d40:0:ed9a:a5a9:93a0:c3e8/65003 forwarded tags.bluekai.com to 194.50.85.7
Nov 22 14:16:24 10.0.0.2 ulogd[1267]: [NEW] ORIG: SRC=176.36.141.89 DST=194.50.85.7 PROTO=UDP SPT=54585 DPT=53 PKTS=0 BYTES=0 , REPLY: SRC=194.50.85.7 DST=176.36.141.89 PROTO=UDP SPT=53 DPT=54585 PKTS=0 BYTES=0
Nov 22 14:16:24 10.0.0.2 dnsmasq[1]: 668288 fd02:c8be:1d40:0:ed9a:a5a9:93a0:c3e8/65003 reply tags.bluekai.com is <CNAME>
Nov 22 14:16:24 10.0.0.2 dnsmasq[1]: 668288 fd02:c8be:1d40:0:ed9a:a5a9:93a0:c3e8/65003 reply tags.bluekai.com.edgekey.net is <CNAME>
Nov 22 14:16:24 10.0.0.2 dnsmasq[1]: 668288 fd02:c8be:1d40:0:ed9a:a5a9:93a0:c3e8/65003 reply e9126.x.akamaiedge.net is 2.23.109.22
Nov 22 14:16:24 10.0.0.2 ulogd[1267]: [NEW] ORIG: SRC=192.168.1.180 DST=2.23.109.22 PROTO=TCP SPT=61991 DPT=443 PKTS=0 BYTES=0 , REPLY: SRC=2.23.109.22 DST=176.36.141.89 PROTO=TCP SPT=443 DPT=61991 PKTS=0 BYTES=0
Nov 22 14:16:24 10.0.0.2 dnsmasq[1]: 668289 fd02:c8be:1d40:0:ed9a:a5a9:93a0:c3e8/61745 query[A] ads.smn.rs from fd02:c8be:1d40:0:ed9a:a5a9:93a0:c3e8
Nov 22 14:16:24 10.0.0.2 dnsmasq[1]: 668289 fd02:c8be:1d40:0:ed9a:a5a9:93a0:c3e8/61745 forwarded ads.smn.rs to 194.50.85.7
Nov 22 14:16:24 10.0.0.2 ulogd[1267]: [NEW] ORIG: SRC=176.36.141.89 DST=194.50.85.7 PROTO=UDP SPT=36829 DPT=53 PKTS=0 BYTES=0 , REPLY: SRC=194.50.85.7 DST=176.36.141.89 PROTO=UDP SPT=53 DPT=36829 PKTS=0 BYTES=0
Nov 22 14:16:24 10.0.0.2 dnsmasq[1]: 668289 fd02:c8be:1d40:0:ed9a:a5a9:93a0:c3e8/61745 reply ads.smn.rs is <CNAME>
Nov 22 14:16:24 10.0.0.2 dnsmasq[1]: 668289 fd02:c8be:1d40:0:ed9a:a5a9:93a0:c3e8/61745 reply smn-rs-ads.admixer.net is <CNAME>
Nov 22 14:16:24 10.0.0.2 dnsmasq[1]: 668289 fd02:c8be:1d40:0:ed9a:a5a9:93a0:c3e8/61745 reply inv-nets-eu-s3.admixer.net is 167.235.184.173
Nov 22 14:16:24 10.0.0.2 ulogd[1267]: [NEW] ORIG: SRC=192.168.1.180 DST=69.173.144.138 PROTO=TCP SPT=61992 DPT=443 PKTS=0 BYTES=0 , REPLY: SRC=69.173.144.138 DST=176.36.141.89 PROTO=TCP SPT=443 DPT=61992 PKTS=0 BYTES=0
Nov 22 14:16:24 10.0.0.2 dnsmasq[1]: 668290 fd02:c8be:1d40:0:ed9a:a5a9:93a0:c3e8/58977 query[A] ssbsync.smartadserver.com from fd02:c8be:1d40:0:ed9a:a5a9:93a0:c3e8
Nov 22 14:16:24 10.0.0.2 ulogd[1267]: [NEW] ORIG: SRC=192.168.1.180 DST=167.235.184.173 PROTO=TCP SPT=61993 DPT=443 PKTS=0 BYTES=0 , REPLY: SRC=167.235.184.173 DST=176.36.141.89 PROTO=TCP SPT=443 DPT=61993 PKTS=0 BYTES=0
Nov 22 14:16:24 10.0.0.2 ulogd[1267]: [NEW] ORIG: SRC=176.36.141.89 DST=194.50.85.7 PROTO=UDP SPT=36216 DPT=53 PKTS=0 BYTES=0 , REPLY: SRC=194.50.85.7 DST=176.36.141.89 PROTO=UDP SPT=53 DPT=36216 PKTS=0 BYTES=0
Nov 22 14:16:24 10.0.0.2 dnsmasq[1]: 668290 fd02:c8be:1d40:0:ed9a:a5a9:93a0:c3e8/58977 forwarded ssbsync.smartadserver.com to 194.50.85.7
Nov 22 14:16:24 10.0.0.2 dnsmasq[1]: 668290 fd02:c8be:1d40:0:ed9a:a5a9:93a0:c3e8/58977 reply ssbsync.smartadserver.com is <CNAME>
Nov 22 14:16:24 10.0.0.2 dnsmasq[1]: 668290 fd02:c8be:1d40:0:ed9a:a5a9:93a0:c3e8/58977 reply ssbsync-geo.smartadserver.com is <CNAME>
Nov 22 14:16:24 10.0.0.2 dnsmasq[1]: 668290 fd02:c8be:1d40:0:ed9a:a5a9:93a0:c3e8/58977 reply usersync-geo-global.usersync-prod-sas.akadns.net is <CNAME>
Nov 22 14:16:24 10.0.0.2 dnsmasq[1]: 668290 fd02:c8be:1d40:0:ed9a:a5a9:93a0:c3e8/58977 reply ssbsync-euw1.smartadserver.com is 81.17.55.171
Nov 22 14:16:24 10.0.0.2 dnsmasq[1]: 668290 fd02:c8be:1d40:0:ed9a:a5a9:93a0:c3e8/58977 reply ssbsync-euw1.smartadserver.com is 89.149.192.75
Nov 22 14:16:24 10.0.0.2 dnsmasq[1]: 668290 fd02:c8be:1d40:0:ed9a:a5a9:93a0:c3e8/58977 reply ssbsync-euw1.smartadserver.com is 81.17.55.123
Nov 22 14:16:24 10.0.0.2 dnsmasq[1]: 668290 fd02:c8be:1d40:0:ed9a:a5a9:93a0:c3e8/58977 reply ssbsync-euw1.smartadserver.com is 81.17.55.108
Nov 22 14:16:24 10.0.0.2 dnsmasq[1]: 668290 fd02:c8be:1d40:0:ed9a:a5a9:93a0:c3e8/58977 reply ssbsync-euw1.smartadserver.com is 89.149.192.197
Nov 22 14:16:24 10.0.0.2 dnsmasq[1]: 668290 fd02:c8be:1d40:0:ed9a:a5a9:93a0:c3e8/58977 reply ssbsync-euw1.smartadserver.com is 81.17.55.109
Nov 22 14:16:24 10.0.0.2 dnsmasq[1]: 668290 fd02:c8be:1d40:0:ed9a:a5a9:93a0:c3e8/58977 reply ssbsync-euw1.smartadserver.com is 89.149.192.196
Nov 22 14:16:24 10.0.0.2 dnsmasq[1]: 668290 fd02:c8be:1d40:0:ed9a:a5a9:93a0:c3e8/58977 reply ssbsync-euw1.smartadserver.com is 89.149.192.76
Nov 22 14:16:24 10.0.0.2 dnsmasq[1]: 668290 fd02:c8be:1d40:0:ed9a:a5a9:93a0:c3e8/58977 reply ssbsync-euw1.smartadserver.com is 81.17.55.122
Nov 22 14:16:24 10.0.0.2 dnsmasq[1]: 668290 fd02:c8be:1d40:0:ed9a:a5a9:93a0:c3e8/58977 reply ssbsync-euw1.smartadserver.com is 81.17.55.170
Nov 22 14:16:24 10.0.0.2 ulogd[1267]: [NEW] ORIG: SRC=192.168.1.180 DST=81.17.55.171 PROTO=TCP SPT=61994 DPT=443 PKTS=0 BYTES=0 , REPLY: SRC=81.17.55.171 DST=176.36.141.89 PROTO=TCP SPT=443 DPT=61994 PKTS=0 BYTES=0
Nov 22 14:16:24 10.0.0.2 dnsmasq[1]: 668291 fd02:c8be:1d40:0:ed9a:a5a9:93a0:c3e8/61466 query[A] stags.bluekai.com from fd02:c8be:1d40:0:ed9a:a5a9:93a0:c3e8
Nov 22 14:16:24 10.0.0.2 dnsmasq[1]: 668291 fd02:c8be:1d40:0:ed9a:a5a9:93a0:c3e8/61466 forwarded stags.bluekai.com to 194.50.85.7
Nov 22 14:16:24 10.0.0.2 ulogd[1267]: [NEW] ORIG: SRC=176.36.141.89 DST=194.50.85.7 PROTO=UDP SPT=33206 DPT=53 PKTS=0 BYTES=0 , REPLY: SRC=194.50.85.7 DST=176.36.141.89 PROTO=UDP SPT=53 DPT=33206 PKTS=0 BYTES=0
Nov 22 14:16:24 10.0.0.2 dnsmasq[1]: 668291 fd02:c8be:1d40:0:ed9a:a5a9:93a0:c3e8/61466 reply stags.bluekai.com is <CNAME>
Nov 22 14:16:24 10.0.0.2 dnsmasq[1]: 668291 fd02:c8be:1d40:0:ed9a:a5a9:93a0:c3e8/61466 reply tags.bluekai.com.edgekey.net is <CNAME>
Nov 22 14:16:24 10.0.0.2 dnsmasq[1]: 668291 fd02:c8be:1d40:0:ed9a:a5a9:93a0:c3e8/61466 reply e9126.x.akamaiedge.net is 2.23.109.22
Nov 22 14:16:25 10.0.0.2 dnsmasq[1]: 668292 fd02:c8be:1d40:0:ed9a:a5a9:93a0:c3e8/64291 query[A] pixel-sync.sitescout.com from fd02:c8be:1d40:0:ed9a:a5a9:93a0:c3e8
Nov 22 14:16:25 10.0.0.2 dnsmasq[1]: 668292 fd02:c8be:1d40:0:ed9a:a5a9:93a0:c3e8/64291 forwarded pixel-sync.sitescout.com to 194.50.85.7
Nov 22 14:16:25 10.0.0.2 ulogd[1267]: [NEW] ORIG: SRC=176.36.141.89 DST=194.50.85.7 PROTO=UDP SPT=43189 DPT=53 PKTS=0 BYTES=0 , REPLY: SRC=194.50.85.7 DST=176.36.141.89 PROTO=UDP SPT=53 DPT=43189 PKTS=0 BYTES=0
Nov 22 14:16:25 10.0.0.2 dnsmasq[1]: 668292 fd02:c8be:1d40:0:ed9a:a5a9:93a0:c3e8/64291 reply pixel-sync.sitescout.com is <CNAME>
Nov 22 14:16:25 10.0.0.2 dnsmasq[1]: 668292 fd02:c8be:1d40:0:ed9a:a5a9:93a0:c3e8/64291 reply pixel-a.sitescout.com is 98.98.134.243
Nov 22 14:16:25 10.0.0.2 dnsmasq[1]: 668293 fd02:c8be:1d40:0:ed9a:a5a9:93a0:c3e8/65082 query[A] pixel.tapad.com from fd02:c8be:1d40:0:ed9a:a5a9:93a0:c3e8
Nov 22 14:16:25 10.0.0.2 dnsmasq[1]: 668293 fd02:c8be:1d40:0:ed9a:a5a9:93a0:c3e8/65082 forwarded pixel.tapad.com to 194.50.85.7
Nov 22 14:16:25 10.0.0.2 ulogd[1267]: [NEW] ORIG: SRC=176.36.141.89 DST=194.50.85.7 PROTO=UDP SPT=35290 DPT=53 PKTS=0 BYTES=0 , REPLY: SRC=194.50.85.7 DST=176.36.141.89 PROTO=UDP SPT=53 DPT=35290 PKTS=0 BYTES=0
Nov 22 14:16:25 10.0.0.2 ulogd[1267]: [NEW] ORIG: SRC=192.168.1.180 DST=98.98.134.243 PROTO=TCP SPT=61995 DPT=443 PKTS=0 BYTES=0 , REPLY: SRC=98.98.134.243 DST=176.36.141.89 PROTO=TCP SPT=443 DPT=61995 PKTS=0 BYTES=0
Nov 22 14:16:25 10.0.0.2 dnsmasq[1]: 668293 fd02:c8be:1d40:0:ed9a:a5a9:93a0:c3e8/65082 reply pixel.tapad.com is 34.111.113.62
Nov 22 14:16:25 10.0.0.2 ulogd[1267]: [NEW] ORIG: SRC=192.168.1.180 DST=34.111.113.62 PROTO=TCP SPT=61996 DPT=443 PKTS=0 BYTES=0 , REPLY: SRC=34.111.113.62 DST=176.36.141.89 PROTO=TCP SPT=443 DPT=61996 PKTS=0 BYTES=0
Nov 22 14:16:25 10.0.0.2 dnsmasq[1]: 668294 fd02:c8be:1d40:0:ed9a:a5a9:93a0:c3e8/65003 query[A] id.rlcdn.com from fd02:c8be:1d40:0:ed9a:a5a9:93a0:c3e8
Nov 22 14:16:25 10.0.0.2 dnsmasq[1]: 668294 fd02:c8be:1d40:0:ed9a:a5a9:93a0:c3e8/65003 forwarded id.rlcdn.com to 194.50.85.7
Nov 22 14:16:25 10.0.0.2 ulogd[1267]: [NEW] ORIG: SRC=176.36.141.89 DST=194.50.85.7 PROTO=UDP SPT=46384 DPT=53 PKTS=0 BYTES=0 , REPLY: SRC=194.50.85.7 DST=176.36.141.89 PROTO=UDP SPT=53 DPT=46384 PKTS=0 BYTES=0
Nov 22 14:16:25 10.0.0.2 dnsmasq[1]: 668294 fd02:c8be:1d40:0:ed9a:a5a9:93a0:c3e8/65003 reply id.rlcdn.com is 35.244.174.68
Nov 22 14:16:25 10.0.0.2 ulogd[1267]: [NEW] ORIG: SRC=192.168.1.180 DST=35.244.174.68 PROTO=TCP SPT=61997 DPT=443 PKTS=0 BYTES=0 , REPLY: SRC=35.244.174.68 DST=176.36.141.89 PROTO=TCP SPT=443 DPT=61997 PKTS=0 BYTES=0
Nov 22 14:16:25 10.0.0.2 dnsmasq[1]: 668295 fd02:c8be:1d40:0:ed9a:a5a9:93a0:c3e8/61745 query[A] pubmatic-match.dotomi.com from fd02:c8be:1d40:0:ed9a:a5a9:93a0:c3e8
Nov 22 14:16:25 10.0.0.2 dnsmasq[1]: 668295 fd02:c8be:1d40:0:ed9a:a5a9:93a0:c3e8/61745 forwarded pubmatic-match.dotomi.com to 194.50.85.7
Nov 22 14:16:25 10.0.0.2 ulogd[1267]: [NEW] ORIG: SRC=176.36.141.89 DST=194.50.85.7 PROTO=UDP SPT=60201 DPT=53 PKTS=0 BYTES=0 , REPLY: SRC=194.50.85.7 DST=176.36.141.89 PROTO=UDP SPT=53 DPT=60201 PKTS=0 BYTES=0
Nov 22 14:16:25 10.0.0.2 dnsmasq[1]: 668295 fd02:c8be:1d40:0:ed9a:a5a9:93a0:c3e8/61745 reply pubmatic-match.dotomi.com is <CNAME>
Nov 22 14:16:25 10.0.0.2 dnsmasq[1]: 668295 fd02:c8be:1d40:0:ed9a:a5a9:93a0:c3e8/61745 reply bfp.global.dual.dotomi.weighted.com.akadns.net is 63.215.202.169
Nov 22 14:16:25 10.0.0.2 ulogd[1267]: [NEW] ORIG: SRC=192.168.1.180 DST=63.215.202.169 PROTO=TCP SPT=61998 DPT=443 PKTS=0 BYTES=0 , REPLY: SRC=63.215.202.169 DST=176.36.141.89 PROTO=TCP SPT=443 DPT=61998 PKTS=0 BYTES=0
Nov 22 14:16:25 10.0.0.2 dnsmasq[1]: 668296 fd02:c8be:1d40:0:ed9a:a5a9:93a0:c3e8/58977 query[A] sync.e-planning.net from fd02:c8be:1d40:0:ed9a:a5a9:93a0:c3e8
Nov 22 14:16:25 10.0.0.2 dnsmasq[1]: 668296 fd02:c8be:1d40:0:ed9a:a5a9:93a0:c3e8/58977 forwarded sync.e-planning.net to 194.50.85.7
Nov 22 14:16:25 10.0.0.2 ulogd[1267]: [NEW] ORIG: SRC=176.36.141.89 DST=194.50.85.7 PROTO=UDP SPT=50418 DPT=53 PKTS=0 BYTES=0 , REPLY: SRC=194.50.85.7 DST=176.36.141.89 PROTO=UDP SPT=53 DPT=50418 PKTS=0 BYTES=0
Nov 22 14:16:25 10.0.0.2 dnsmasq[1]: 668296 fd02:c8be:1d40:0:ed9a:a5a9:93a0:c3e8/58977 reply sync.e-planning.net is <CNAME>
Nov 22 14:16:25 10.0.0.2 dnsmasq[1]: 668296 fd02:c8be:1d40:0:ed9a:a5a9:93a0:c3e8/58977 reply ads.us.e-planning.net is 193.3.178.4
Nov 22 14:16:25 10.0.0.2 ulogd[1267]: [NEW] ORIG: SRC=192.168.1.180 DST=193.3.178.4 PROTO=TCP SPT=61999 DPT=443 PKTS=0 BYTES=0 , REPLY: SRC=193.3.178.4 DST=176.36.141.89 PROTO=TCP SPT=443 DPT=61999 PKTS=0 BYTES=0
Nov 22 14:16:25 10.0.0.2 ulogd[1267]: [NEW] ORIG: SRC=192.168.1.180 DST=193.3.178.4 PROTO=TCP SPT=62000 DPT=443 PKTS=0 BYTES=0 , REPLY: SRC=193.3.178.4 DST=176.36.141.89 PROTO=TCP SPT=443 DPT=62000 PKTS=0 BYTES=0
Nov 22 14:16:25 10.0.0.2 dnsmasq[1]: 668297 fd02:c8be:1d40:0:ed9a:a5a9:93a0:c3e8/61466 query[A] www.top.ge from fd02:c8be:1d40:0:ed9a:a5a9:93a0:c3e8
Nov 22 14:16:25 10.0.0.2 dnsmasq[1]: 668297 fd02:c8be:1d40:0:ed9a:a5a9:93a0:c3e8/61466 forwarded www.top.ge to 194.50.85.7
Nov 22 14:16:25 10.0.0.2 ulogd[1267]: [NEW] ORIG: SRC=176.36.141.89 DST=194.50.85.7 PROTO=UDP SPT=37613 DPT=53 PKTS=0 BYTES=0 , REPLY: SRC=194.50.85.7 DST=176.36.141.89 PROTO=UDP SPT=53 DPT=37613 PKTS=0 BYTES=0
Nov 22 14:16:25 10.0.0.2 dnsmasq[1]: 668297 fd02:c8be:1d40:0:ed9a:a5a9:93a0:c3e8/61466 reply www.top.ge is 188.93.89.87
Nov 22 14:16:25 10.0.0.2 dnsmasq[1]: 668298 fd02:c8be:1d40:0:ed9a:a5a9:93a0:c3e8/64291 query[A] hb.yahoo.net from fd02:c8be:1d40:0:ed9a:a5a9:93a0:c3e8
Nov 22 14:16:25 10.0.0.2 dnsmasq[1]: 668298 fd02:c8be:1d40:0:ed9a:a5a9:93a0:c3e8/64291 forwarded hb.yahoo.net to 194.50.85.7
Nov 22 14:16:25 10.0.0.2 ulogd[1267]: [NEW] ORIG: SRC=176.36.141.89 DST=194.50.85.7 PROTO=UDP SPT=52370 DPT=53 PKTS=0 BYTES=0 , REPLY: SRC=194.50.85.7 DST=176.36.141.89 PROTO=UDP SPT=53 DPT=52370 PKTS=0 BYTES=0
Nov 22 14:16:25 10.0.0.2 ulogd[1267]: [NEW] ORIG: SRC=192.168.1.180 DST=188.93.89.87 PROTO=TCP SPT=62001 DPT=443 PKTS=0 BYTES=0 , REPLY: SRC=188.93.89.87 DST=176.36.141.89 PROTO=TCP SPT=443 DPT=62001 PKTS=0 BYTES=0
Nov 22 14:16:25 10.0.0.2 dnsmasq[1]: 668299 fd02:c8be:1d40:0:ed9a:a5a9:93a0:c3e8/65082 query[A] exchange.buzzoola.com from fd02:c8be:1d40:0:ed9a:a5a9:93a0:c3e8
Nov 22 14:16:25 10.0.0.2 ulogd[1267]: [NEW] ORIG: SRC=176.36.141.89 DST=194.50.85.7 PROTO=UDP SPT=36257 DPT=53 PKTS=0 BYTES=0 , REPLY: SRC=194.50.85.7 DST=176.36.141.89 PROTO=UDP SPT=53 DPT=36257 PKTS=0 BYTES=0
Nov 22 14:16:25 10.0.0.2 dnsmasq[1]: 668299 fd02:c8be:1d40:0:ed9a:a5a9:93a0:c3e8/65082 forwarded exchange.buzzoola.com to 194.50.85.7
Nov 22 14:16:25 10.0.0.2 dnsmasq[1]: 668298 fd02:c8be:1d40:0:ed9a:a5a9:93a0:c3e8/64291 reply hb.yahoo.net is 62.140.236.162
Nov 22 14:16:25 10.0.0.2 dnsmasq[1]: 668298 fd02:c8be:1d40:0:ed9a:a5a9:93a0:c3e8/64291 reply hb.yahoo.net is 62.140.236.145
Nov 22 14:16:25 10.0.0.2 dnsmasq[1]: 668299 fd02:c8be:1d40:0:ed9a:a5a9:93a0:c3e8/65082 reply exchange.buzzoola.com is 116.202.236.171
Nov 22 14:16:25 10.0.0.2 dnsmasq[1]: 668299 fd02:c8be:1d40:0:ed9a:a5a9:93a0:c3e8/65082 reply exchange.buzzoola.com is 176.9.79.218
Nov 22 14:16:25 10.0.0.2 dnsmasq[1]: 668299 fd02:c8be:1d40:0:ed9a:a5a9:93a0:c3e8/65082 reply exchange.buzzoola.com is 94.130.13.220
Nov 22 14:16:25 10.0.0.2 dnsmasq[1]: 668299 fd02:c8be:1d40:0:ed9a:a5a9:93a0:c3e8/65082 reply exchange.buzzoola.com is 144.76.118.233
Nov 22 14:16:25 10.0.0.2 ulogd[1267]: [NEW] ORIG: SRC=192.168.1.180 DST=62.140.236.162 PROTO=TCP SPT=62002 DPT=443 PKTS=0 BYTES=0 , REPLY: SRC=62.140.236.162 DST=176.36.141.89 PROTO=TCP SPT=443 DPT=62002 PKTS=0 BYTES=0
Nov 22 14:16:25 10.0.0.2 dnsmasq[1]: 668299 fd02:c8be:1d40:0:ed9a:a5a9:93a0:c3e8/65082 reply exchange.buzzoola.com is 188.40.114.28
Nov 22 14:16:25 10.0.0.2 dnsmasq[1]: 668299 fd02:c8be:1d40:0:ed9a:a5a9:93a0:c3e8/65082 reply exchange.buzzoola.com is 148.251.156.238
Nov 22 14:16:25 10.0.0.2 dnsmasq[1]: 668299 fd02:c8be:1d40:0:ed9a:a5a9:93a0:c3e8/65082 reply exchange.buzzoola.com is 138.201.160.249
Nov 22 14:16:25 10.0.0.2 dnsmasq[1]: 668299 fd02:c8be:1d40:0:ed9a:a5a9:93a0:c3e8/65082 reply exchange.buzzoola.com is 136.243.15.180
Nov 22 14:16:25 10.0.0.2 dnsmasq[1]: 668299 fd02:c8be:1d40:0:ed9a:a5a9:93a0:c3e8/65082 reply exchange.buzzoola.com is 136.243.42.153
Nov 22 14:16:25 10.0.0.2 dnsmasq[1]: 668299 fd02:c8be:1d40:0:ed9a:a5a9:93a0:c3e8/65082 reply exchange.buzzoola.com is 138.201.34.239
Nov 22 14:16:25 10.0.0.2 dnsmasq[1]: 668299 fd02:c8be:1d40:0:ed9a:a5a9:93a0:c3e8/65082 reply exchange.buzzoola.com is 148.251.40.140
Nov 22 14:16:25 10.0.0.2 dnsmasq[1]: 668299 fd02:c8be:1d40:0:ed9a:a5a9:93a0:c3e8/65082 reply exchange.buzzoola.com is 195.201.198.232
Nov 22 14:16:25 10.0.0.2 dnsmasq[1]: 668299 fd02:c8be:1d40:0:ed9a:a5a9:93a0:c3e8/65082 reply exchange.buzzoola.com is 168.119.88.34
Nov 22 14:16:25 10.0.0.2 dnsmasq[1]: 668299 fd02:c8be:1d40:0:ed9a:a5a9:93a0:c3e8/65082 reply exchange.buzzoola.com is 88.198.31.232
Nov 22 14:16:25 10.0.0.2 dnsmasq[1]: 668299 fd02:c8be:1d40:0:ed9a:a5a9:93a0:c3e8/65082 reply exchange.buzzoola.com is 159.69.141.123
Nov 22 14:16:25 10.0.0.2 dnsmasq[1]: 668299 fd02:c8be:1d40:0:ed9a:a5a9:93a0:c3e8/65082 reply exchange.buzzoola.com is 176.9.158.88
Nov 22 14:16:25 10.0.0.2 dnsmasq[1]: 668299 fd02:c8be:1d40:0:ed9a:a5a9:93a0:c3e8/65082 reply exchange.buzzoola.com is 116.202.236.172
Nov 22 14:16:25 10.0.0.2 dnsmasq[1]: 668299 fd02:c8be:1d40:0:ed9a:a5a9:93a0:c3e8/65082 reply exchange.buzzoola.com is 168.119.8.212
Nov 22 14:16:25 10.0.0.2 dnsmasq[1]: 668299 fd02:c8be:1d40:0:ed9a:a5a9:93a0:c3e8/65082 reply exchange.buzzoola.com is 167.235.33.114
Nov 22 14:16:25 10.0.0.2 dnsmasq[1]: 668299 fd02:c8be:1d40:0:ed9a:a5a9:93a0:c3e8/65082 reply exchange.buzzoola.com is 167.235.33.113
Nov 22 14:16:25 10.0.0.2 dnsmasq[1]: 668299 fd02:c8be:1d40:0:ed9a:a5a9:93a0:c3e8/65082 reply exchange.buzzoola.com is 159.69.142.212
Nov 22 14:16:25 10.0.0.2 dnsmasq[1]: 668299 fd02:c8be:1d40:0:ed9a:a5a9:93a0:c3e8/65082 reply exchange.buzzoola.com is 136.243.48.253
Nov 22 14:16:25 10.0.0.2 dnsmasq[1]: 668299 fd02:c8be:1d40:0:ed9a:a5a9:93a0:c3e8/65082 reply exchange.buzzoola.com is 167.235.33.115
Nov 22 14:16:25 10.0.0.2 dnsmasq[1]: 668299 fd02:c8be:1d40:0:ed9a:a5a9:93a0:c3e8/65082 reply exchange.buzzoola.com is 138.201.34.238
Nov 22 14:16:25 10.0.0.2 dnsmasq[1]: 668299 fd02:c8be:1d40:0:ed9a:a5a9:93a0:c3e8/65082 reply exchange.buzzoola.com is 144.76.119.17
Nov 22 14:16:25 10.0.0.2 dnsmasq[1]: 668299 fd02:c8be:1d40:0:ed9a:a5a9:93a0:c3e8/65082 reply exchange.buzzoola.com is 168.119.9.59
Nov 22 14:16:25 10.0.0.2 dnsmasq[1]: 668299 fd02:c8be:1d40:0:ed9a:a5a9:93a0:c3e8/65082 reply exchange.buzzoola.com is 49.12.83.94
Nov 22 14:16:25 10.0.0.2 dnsmasq[1]: 668299 fd02:c8be:1d40:0:ed9a:a5a9:93a0:c3e8/65082 reply exchange.buzzoola.com is 176.9.81.69
Nov 22 14:16:25 10.0.0.2 dnsmasq[1]: 668299 fd02:c8be:1d40:0:ed9a:a5a9:93a0:c3e8/65082 reply exchange.buzzoola.com is 167.235.7.148
Nov 22 14:16:25 10.0.0.2 ulogd[1267]: [NEW] ORIG: SRC=192.168.1.180 DST=116.202.236.171 PROTO=TCP SPT=62003 DPT=443 PKTS=0 BYTES=0 , REPLY: SRC=116.202.236.171 DST=176.36.141.89 PROTO=TCP SPT=443 DPT=62003 PKTS=0 BYTES=0
Nov 22 14:16:25 10.0.0.2 dnsmasq[1]: 668300 fd02:c8be:1d40:0:ed9a:a5a9:93a0:c3e8/65003 query[A] cs.yellowblue.io from fd02:c8be:1d40:0:ed9a:a5a9:93a0:c3e8
Nov 22 14:16:25 10.0.0.2 dnsmasq[1]: 668300 fd02:c8be:1d40:0:ed9a:a5a9:93a0:c3e8/65003 forwarded cs.yellowblue.io to 194.50.85.7
Nov 22 14:16:25 10.0.0.2 ulogd[1267]: [NEW] ORIG: SRC=176.36.141.89 DST=194.50.85.7 PROTO=UDP SPT=36924 DPT=53 PKTS=0 BYTES=0 , REPLY: SRC=194.50.85.7 DST=176.36.141.89 PROTO=UDP SPT=53 DPT=36924 PKTS=0 BYTES=0
Nov 22 14:16:25 10.0.0.2 dnsmasq[1]: 668300 fd02:c8be:1d40:0:ed9a:a5a9:93a0:c3e8/65003 reply cs.yellowblue.io is 54.171.125.9
Nov 22 14:16:25 10.0.0.2 dnsmasq[1]: 668300 fd02:c8be:1d40:0:ed9a:a5a9:93a0:c3e8/65003 reply cs.yellowblue.io is 108.129.5.53
Nov 22 14:16:25 10.0.0.2 dnsmasq[1]: 668300 fd02:c8be:1d40:0:ed9a:a5a9:93a0:c3e8/65003 reply cs.yellowblue.io is 54.228.90.72
Nov 22 14:16:25 10.0.0.2 dnsmasq[1]: 668301 fd02:c8be:1d40:0:ed9a:a5a9:93a0:c3e8/61745 query[A] match.sharethrough.com from fd02:c8be:1d40:0:ed9a:a5a9:93a0:c3e8
Nov 22 14:16:25 10.0.0.2 ulogd[1267]: [NEW] ORIG: SRC=192.168.1.180 DST=54.171.125.9 PROTO=TCP SPT=62004 DPT=443 PKTS=0 BYTES=0 , REPLY: SRC=54.171.125.9 DST=176.36.141.89 PROTO=TCP SPT=443 DPT=62004 PKTS=0 BYTES=0
Nov 22 14:16:25 10.0.0.2 ulogd[1267]: [NEW] ORIG: SRC=176.36.141.89 DST=194.50.85.7 PROTO=UDP SPT=59834 DPT=53 PKTS=0 BYTES=0 , REPLY: SRC=194.50.85.7 DST=176.36.141.89 PROTO=UDP SPT=53 DPT=59834 PKTS=0 BYTES=0
Nov 22 14:16:25 10.0.0.2 dnsmasq[1]: 668301 fd02:c8be:1d40:0:ed9a:a5a9:93a0:c3e8/61745 forwarded match.sharethrough.com to 194.50.85.7
Nov 22 14:16:25 10.0.0.2 dnsmasq[1]: 668302 fd02:c8be:1d40:0:ed9a:a5a9:93a0:c3e8/58977 query[A] s2s.t13.io from fd02:c8be:1d40:0:ed9a:a5a9:93a0:c3e8
Nov 22 14:16:25 10.0.0.2 ulogd[1267]: [NEW] ORIG: SRC=176.36.141.89 DST=194.50.85.7 PROTO=UDP SPT=55986 DPT=53 PKTS=0 BYTES=0 , REPLY: SRC=194.50.85.7 DST=176.36.141.89 PROTO=UDP SPT=53 DPT=55986 PKTS=0 BYTES=0
Nov 22 14:16:25 10.0.0.2 dnsmasq[1]: 668302 fd02:c8be:1d40:0:ed9a:a5a9:93a0:c3e8/58977 forwarded s2s.t13.io to 194.50.85.7
Nov 22 14:16:25 10.0.0.2 dnsmasq[1]: 668301 fd02:c8be:1d40:0:ed9a:a5a9:93a0:c3e8/61745 reply match.sharethrough.com is <CNAME>
Nov 22 14:16:25 10.0.0.2 dnsmasq[1]: 668301 fd02:c8be:1d40:0:ed9a:a5a9:93a0:c3e8/61745 reply match-eu-central-1-ecs.sharethrough.com is 18.195.212.171
Nov 22 14:16:25 10.0.0.2 dnsmasq[1]: 668301 fd02:c8be:1d40:0:ed9a:a5a9:93a0:c3e8/61745 reply match-eu-central-1-ecs.sharethrough.com is 52.59.59.191
Nov 22 14:16:25 10.0.0.2 dnsmasq[1]: 668301 fd02:c8be:1d40:0:ed9a:a5a9:93a0:c3e8/61745 reply match-eu-central-1-ecs.sharethrough.com is 18.196.51.148
Nov 22 14:16:25 10.0.0.2 dnsmasq[1]: 668301 fd02:c8be:1d40:0:ed9a:a5a9:93a0:c3e8/61745 reply match-eu-central-1-ecs.sharethrough.com is 18.158.167.70
Nov 22 14:16:25 10.0.0.2 dnsmasq[1]: 668301 fd02:c8be:1d40:0:ed9a:a5a9:93a0:c3e8/61745 reply match-eu-central-1-ecs.sharethrough.com is 3.64.136.60
Nov 22 14:16:25 10.0.0.2 dnsmasq[1]: 668301 fd02:c8be:1d40:0:ed9a:a5a9:93a0:c3e8/61745 reply match-eu-central-1-ecs.sharethrough.com is 3.125.27.82
Nov 22 14:16:25 10.0.0.2 dnsmasq[1]: 668301 fd02:c8be:1d40:0:ed9a:a5a9:93a0:c3e8/61745 reply match-eu-central-1-ecs.sharethrough.com is 18.195.110.104
Nov 22 14:16:25 10.0.0.2 dnsmasq[1]: 668301 fd02:c8be:1d40:0:ed9a:a5a9:93a0:c3e8/61745 reply match-eu-central-1-ecs.sharethrough.com is 52.59.133.66
Nov 22 14:16:25 10.0.0.2 dnsmasq[1]: 668302 fd02:c8be:1d40:0:ed9a:a5a9:93a0:c3e8/58977 reply s2s.t13.io is 34.107.140.113
Nov 22 14:16:25 10.0.0.2 dnsmasq[1]: 668303 fd02:c8be:1d40:0:ed9a:a5a9:93a0:c3e8/61466 query[A] s-cs.rmp.rakuten.com from fd02:c8be:1d40:0:ed9a:a5a9:93a0:c3e8
Nov 22 14:16:25 10.0.0.2 ulogd[1267]: [DESTROY] ORIG: SRC=176.36.141.89 DST=194.50.85.7 PROTO=UDP SPT=49000 DPT=53 PKTS=1 BYTES=66 , REPLY: SRC=194.50.85.7 DST=176.36.141.89 PROTO=UDP SPT=53 DPT=49000 PKTS=1 BYTES=150
Nov 22 14:16:25 10.0.0.2 ulogd[1267]: [NEW] ORIG: SRC=192.168.1.180 DST=18.195.212.171 PROTO=TCP SPT=62005 DPT=443 PKTS=0 BYTES=0 , REPLY: SRC=18.195.212.171 DST=176.36.141.89 PROTO=TCP SPT=443 DPT=62005 PKTS=0 BYTES=0
Nov 22 14:16:25 10.0.0.2 ulogd[1267]: [NEW] ORIG: SRC=176.36.141.89 DST=194.50.85.7 PROTO=UDP SPT=51955 DPT=53 PKTS=0 BYTES=0 , REPLY: SRC=194.50.85.7 DST=176.36.141.89 PROTO=UDP SPT=53 DPT=51955 PKTS=0 BYTES=0
Nov 22 14:16:25 10.0.0.2 dnsmasq[1]: 668303 fd02:c8be:1d40:0:ed9a:a5a9:93a0:c3e8/61466 forwarded s-cs.rmp.rakuten.com to 194.50.85.7
Nov 22 14:16:25 10.0.0.2 ulogd[1267]: [NEW] ORIG: SRC=192.168.1.180 DST=34.107.140.113 PROTO=TCP SPT=62006 DPT=443 PKTS=0 BYTES=0 , REPLY: SRC=34.107.140.113 DST=176.36.141.89 PROTO=TCP SPT=443 DPT=62006 PKTS=0 BYTES=0
Nov 22 14:16:25 10.0.0.2 dnsmasq[1]: 668303 fd02:c8be:1d40:0:ed9a:a5a9:93a0:c3e8/61466 reply s-cs.rmp.rakuten.com is 34.95.81.88
Nov 22 14:16:25 10.0.0.2 ulogd[1267]: [NEW] ORIG: SRC=192.168.1.180 DST=34.95.81.88 PROTO=TCP SPT=62007 DPT=443 PKTS=0 BYTES=0 , REPLY: SRC=34.95.81.88 DST=176.36.141.89 PROTO=TCP SPT=443 DPT=62007 PKTS=0 BYTES=0
Nov 22 14:16:25 10.0.0.2 dnsmasq[1]: 668304 fd02:c8be:1d40:0:ed9a:a5a9:93a0:c3e8/64291 query[A] dpm.demdex.net from fd02:c8be:1d40:0:ed9a:a5a9:93a0:c3e8
Nov 22 14:16:25 10.0.0.2 dnsmasq[1]: 668304 fd02:c8be:1d40:0:ed9a:a5a9:93a0:c3e8/64291 forwarded dpm.demdex.net to 194.50.85.7
Nov 22 14:16:25 10.0.0.2 ulogd[1267]: [NEW] ORIG: SRC=176.36.141.89 DST=194.50.85.7 PROTO=UDP SPT=41218 DPT=53 PKTS=0 BYTES=0 , REPLY: SRC=194.50.85.7 DST=176.36.141.89 PROTO=UDP SPT=53 DPT=41218 PKTS=0 BYTES=0
Nov 22 14:16:25 10.0.0.2 dnsmasq[1]: 668304 fd02:c8be:1d40:0:ed9a:a5a9:93a0:c3e8/64291 reply dpm.demdex.net is <CNAME>
Nov 22 14:16:25 10.0.0.2 dnsmasq[1]: 668304 fd02:c8be:1d40:0:ed9a:a5a9:93a0:c3e8/64291 reply gslb-2.demdex.net is <CNAME>
Nov 22 14:16:25 10.0.0.2 dnsmasq[1]: 668304 fd02:c8be:1d40:0:ed9a:a5a9:93a0:c3e8/64291 reply edge-irl1.demdex.net is <CNAME>
Nov 22 14:16:25 10.0.0.2 dnsmasq[1]: 668304 fd02:c8be:1d40:0:ed9a:a5a9:93a0:c3e8/64291 reply dcs-public-edge-irl1-150041215.eu-west-1.elb.amazonaws.com is 54.194.27.175
Nov 22 14:16:25 10.0.0.2 dnsmasq[1]: 668304 fd02:c8be:1d40:0:ed9a:a5a9:93a0:c3e8/64291 reply dcs-public-edge-irl1-150041215.eu-west-1.elb.amazonaws.com is 54.170.232.202
Nov 22 14:16:25 10.0.0.2 dnsmasq[1]: 668304 fd02:c8be:1d40:0:ed9a:a5a9:93a0:c3e8/64291 reply dcs-public-edge-irl1-150041215.eu-west-1.elb.amazonaws.com is 54.76.19.164
Nov 22 14:16:25 10.0.0.2 dnsmasq[1]: 668304 fd02:c8be:1d40:0:ed9a:a5a9:93a0:c3e8/64291 reply dcs-public-edge-irl1-150041215.eu-west-1.elb.amazonaws.com is 54.229.110.241
Nov 22 14:16:25 10.0.0.2 dnsmasq[1]: 668304 fd02:c8be:1d40:0:ed9a:a5a9:93a0:c3e8/64291 reply dcs-public-edge-irl1-150041215.eu-west-1.elb.amazonaws.com is 54.76.185.45
Nov 22 14:16:25 10.0.0.2 dnsmasq[1]: 668304 fd02:c8be:1d40:0:ed9a:a5a9:93a0:c3e8/64291 reply dcs-public-edge-irl1-150041215.eu-west-1.elb.amazonaws.com is 54.220.4.214
Nov 22 14:16:25 10.0.0.2 dnsmasq[1]: 668304 fd02:c8be:1d40:0:ed9a:a5a9:93a0:c3e8/64291 reply dcs-public-edge-irl1-150041215.eu-west-1.elb.amazonaws.com is 46.51.206.130
Nov 22 14:16:25 10.0.0.2 dnsmasq[1]: 668304 fd02:c8be:1d40:0:ed9a:a5a9:93a0:c3e8/64291 reply dcs-public-edge-irl1-150041215.eu-west-1.elb.amazonaws.com is 52.50.106.246
Nov 22 14:16:25 10.0.0.2 ulogd[1267]: [NEW] ORIG: SRC=192.168.1.180 DST=54.194.27.175 PROTO=TCP SPT=62008 DPT=443 PKTS=0 BYTES=0 , REPLY: SRC=54.194.27.175 DST=176.36.141.89 PROTO=TCP SPT=443 DPT=62008 PKTS=0 BYTES=0
Nov 22 14:16:25 10.0.0.2 dnsmasq[1]: 668305 fd02:c8be:1d40:0:ed9a:a5a9:93a0:c3e8/65082 query[A] live.primis.tech from fd02:c8be:1d40:0:ed9a:a5a9:93a0:c3e8
Nov 22 14:16:25 10.0.0.2 dnsmasq[1]: 668305 fd02:c8be:1d40:0:ed9a:a5a9:93a0:c3e8/65082 forwarded live.primis.tech to 194.50.85.7
Nov 22 14:16:25 10.0.0.2 ulogd[1267]: [NEW] ORIG: SRC=176.36.141.89 DST=194.50.85.7 PROTO=UDP SPT=40136 DPT=53 PKTS=0 BYTES=0 , REPLY: SRC=194.50.85.7 DST=176.36.141.89 PROTO=UDP SPT=53 DPT=40136 PKTS=0 BYTES=0
Nov 22 14:16:25 10.0.0.2 dnsmasq[1]: 668305 fd02:c8be:1d40:0:ed9a:a5a9:93a0:c3e8/65082 reply live.primis.tech is <CNAME>
Nov 22 14:16:25 10.0.0.2 dnsmasq[1]: 668305 fd02:c8be:1d40:0:ed9a:a5a9:93a0:c3e8/65082 reply d2wcz8sc48ztgm.cloudfront.net is 18.66.233.27
Nov 22 14:16:25 10.0.0.2 dnsmasq[1]: 668305 fd02:c8be:1d40:0:ed9a:a5a9:93a0:c3e8/65082 reply d2wcz8sc48ztgm.cloudfront.net is 18.66.233.19
Nov 22 14:16:25 10.0.0.2 dnsmasq[1]: 668305 fd02:c8be:1d40:0:ed9a:a5a9:93a0:c3e8/65082 reply d2wcz8sc48ztgm.cloudfront.net is 18.66.233.78
Nov 22 14:16:25 10.0.0.2 dnsmasq[1]: 668305 fd02:c8be:1d40:0:ed9a:a5a9:93a0:c3e8/65082 reply d2wcz8sc48ztgm.cloudfront.net is 18.66.233.34
Nov 22 14:16:25 10.0.0.2 ulogd[1267]: [NEW] ORIG: SRC=192.168.1.180 DST=18.66.233.27 PROTO=TCP SPT=62009 DPT=443 PKTS=0 BYTES=0 , REPLY: SRC=18.66.233.27 DST=176.36.141.89 PROTO=TCP SPT=443 DPT=62009 PKTS=0 BYTES=0
Nov 22 14:16:25 10.0.0.2 dnsmasq[1]: 668306 fd02:c8be:1d40:0:ed9a:a5a9:93a0:c3e8/65003 query[A] image8.pubmatic.com from fd02:c8be:1d40:0:ed9a:a5a9:93a0:c3e8
Nov 22 14:16:25 10.0.0.2 dnsmasq[1]: 668306 fd02:c8be:1d40:0:ed9a:a5a9:93a0:c3e8/65003 forwarded image8.pubmatic.com to 194.50.85.7
Nov 22 14:16:25 10.0.0.2 ulogd[1267]: [NEW] ORIG: SRC=176.36.141.89 DST=194.50.85.7 PROTO=UDP SPT=33534 DPT=53 PKTS=0 BYTES=0 , REPLY: SRC=194.50.85.7 DST=176.36.141.89 PROTO=UDP SPT=53 DPT=33534 PKTS=0 BYTES=0
Nov 22 14:16:25 10.0.0.2 dnsmasq[1]: 668306 fd02:c8be:1d40:0:ed9a:a5a9:93a0:c3e8/65003 reply image8.pubmatic.com is <CNAME>
Nov 22 14:16:25 10.0.0.2 dnsmasq[1]: 668306 fd02:c8be:1d40:0:ed9a:a5a9:93a0:c3e8/65003 reply image8-v2.pubmnet.com is <CNAME>
Nov 22 14:16:25 10.0.0.2 dnsmasq[1]: 668306 fd02:c8be:1d40:0:ed9a:a5a9:93a0:c3e8/65003 reply imgsync-amsfpairbc.pubmnet.com is 198.47.127.18
Nov 22 14:16:25 10.0.0.2 ulogd[1267]: [NEW] ORIG: SRC=192.168.1.180 DST=198.47.127.18 PROTO=TCP SPT=62010 DPT=443 PKTS=0 BYTES=0 , REPLY: SRC=198.47.127.18 DST=176.36.141.89 PROTO=TCP SPT=443 DPT=62010 PKTS=0 BYTES=0
Nov 22 14:16:25 10.0.0.2 dnsmasq[1]: 668307 fd02:c8be:1d40:0:ed9a:a5a9:93a0:c3e8/61745 query[A] cs.mobfox.com from fd02:c8be:1d40:0:ed9a:a5a9:93a0:c3e8
Nov 22 14:16:25 10.0.0.2 dnsmasq[1]: 668307 fd02:c8be:1d40:0:ed9a:a5a9:93a0:c3e8/61745 forwarded cs.mobfox.com to 194.50.85.7
Nov 22 14:16:25 10.0.0.2 ulogd[1267]: [NEW] ORIG: SRC=176.36.141.89 DST=194.50.85.7 PROTO=UDP SPT=37020 DPT=53 PKTS=0 BYTES=0 , REPLY: SRC=194.50.85.7 DST=176.36.141.89 PROTO=UDP SPT=53 DPT=37020 PKTS=0 BYTES=0
Nov 22 14:16:25 10.0.0.2 dnsmasq[1]: 668307 fd02:c8be:1d40:0:ed9a:a5a9:93a0:c3e8/61745 reply cs.mobfox.com is 8.2.110.206
Nov 22 14:16:25 10.0.0.2 dnsmasq[1]: 668308 fd02:c8be:1d40:0:ed9a:a5a9:93a0:c3e8/58977 query[A] match.adsby.bidtheatre.com from fd02:c8be:1d40:0:ed9a:a5a9:93a0:c3e8
Nov 22 14:16:25 10.0.0.2 ulogd[1267]: [NEW] ORIG: SRC=192.168.1.180 DST=8.2.110.206 PROTO=TCP SPT=62011 DPT=443 PKTS=0 BYTES=0 , REPLY: SRC=8.2.110.206 DST=176.36.141.89 PROTO=TCP SPT=443 DPT=62011 PKTS=0 BYTES=0
Nov 22 14:16:25 10.0.0.2 dnsmasq[1]: 668308 fd02:c8be:1d40:0:ed9a:a5a9:93a0:c3e8/58977 forwarded match.adsby.bidtheatre.com to 194.50.85.7
Nov 22 14:16:25 10.0.0.2 dnsmasq[1]: 668308 fd02:c8be:1d40:0:ed9a:a5a9:93a0:c3e8/58977 reply match.adsby.bidtheatre.com is 134.122.57.34
Nov 22 14:16:25 10.0.0.2 ulogd[1267]: [NEW] ORIG: SRC=176.36.141.89 DST=194.50.85.7 PROTO=UDP SPT=37268 DPT=53 PKTS=0 BYTES=0 , REPLY: SRC=194.50.85.7 DST=176.36.141.89 PROTO=UDP SPT=53 DPT=37268 PKTS=0 BYTES=0
Nov 22 14:16:25 10.0.0.2 dnsmasq[1]: 668308 fd02:c8be:1d40:0:ed9a:a5a9:93a0:c3e8/58977 reply match.adsby.bidtheatre.com is 64.227.64.62
Nov 22 14:16:25 10.0.0.2 dnsmasq[1]: 668308 fd02:c8be:1d40:0:ed9a:a5a9:93a0:c3e8/58977 reply match.adsby.bidtheatre.com is 188.166.17.21
Nov 22 14:16:25 10.0.0.2 dnsmasq[1]: 668309 fd02:c8be:1d40:0:ed9a:a5a9:93a0:c3e8/61466 query[A] simage4.pubmatic.com from fd02:c8be:1d40:0:ed9a:a5a9:93a0:c3e8
Nov 22 14:16:25 10.0.0.2 ulogd[1267]: [NEW] ORIG: SRC=192.168.1.180 DST=134.122.57.34 PROTO=TCP SPT=62012 DPT=443 PKTS=0 BYTES=0 , REPLY: SRC=134.122.57.34 DST=176.36.141.89 PROTO=TCP SPT=443 DPT=62012 PKTS=0 BYTES=0
Nov 22 14:16:25 10.0.0.2 ulogd[1267]: [NEW] ORIG: SRC=176.36.141.89 DST=194.50.85.7 PROTO=UDP SPT=45265 DPT=53 PKTS=0 BYTES=0 , REPLY: SRC=194.50.85.7 DST=176.36.141.89 PROTO=UDP SPT=53 DPT=45265 PKTS=0 BYTES=0
Nov 22 14:16:25 10.0.0.2 dnsmasq[1]: 668309 fd02:c8be:1d40:0:ed9a:a5a9:93a0:c3e8/61466 forwarded simage4.pubmatic.com to 194.50.85.7
Nov 22 14:16:25 10.0.0.2 dnsmasq[1]: 668309 fd02:c8be:1d40:0:ed9a:a5a9:93a0:c3e8/61466 reply simage4.pubmatic.com is <CNAME>
Nov 22 14:16:25 10.0.0.2 dnsmasq[1]: 668309 fd02:c8be:1d40:0:ed9a:a5a9:93a0:c3e8/61466 reply image4-v2.pubmnet.com is <CNAME>
Nov 22 14:16:25 10.0.0.2 dnsmasq[1]: 668309 fd02:c8be:1d40:0:ed9a:a5a9:93a0:c3e8/61466 reply spug-amsfpairbc.pubmnet.com is 198.47.127.20
Nov 22 14:16:25 10.0.0.2 dnsmasq[1]: 668310 fd02:c8be:1d40:0:ed9a:a5a9:93a0:c3e8/64291 query[A] ce.lijit.com from fd02:c8be:1d40:0:ed9a:a5a9:93a0:c3e8
Nov 22 14:16:25 10.0.0.2 dnsmasq[1]: 668310 fd02:c8be:1d40:0:ed9a:a5a9:93a0:c3e8/64291 forwarded ce.lijit.com to 194.50.85.7
Nov 22 14:16:25 10.0.0.2 ulogd[1267]: [NEW] ORIG: SRC=176.36.141.89 DST=194.50.85.7 PROTO=UDP SPT=37973 DPT=53 PKTS=0 BYTES=0 , REPLY: SRC=194.50.85.7 DST=176.36.141.89 PROTO=UDP SPT=53 DPT=37973 PKTS=0 BYTES=0
Nov 22 14:16:25 10.0.0.2 dnsmasq[1]: 668310 fd02:c8be:1d40:0:ed9a:a5a9:93a0:c3e8/64291 reply ce.lijit.com is <CNAME>
Nov 22 14:16:25 10.0.0.2 dnsmasq[1]: 668310 fd02:c8be:1d40:0:ed9a:a5a9:93a0:c3e8/64291 reply emea.vap.lijit.com is 216.52.2.48
Nov 22 14:16:25 10.0.0.2 dnsmasq[1]: 668310 fd02:c8be:1d40:0:ed9a:a5a9:93a0:c3e8/64291 reply emea.vap.lijit.com is 216.52.2.30
Nov 22 14:16:25 10.0.0.2 dnsmasq[1]: 668310 fd02:c8be:1d40:0:ed9a:a5a9:93a0:c3e8/64291 reply emea.vap.lijit.com is 216.52.2.91
Nov 22 14:16:25 10.0.0.2 dnsmasq[1]: 668310 fd02:c8be:1d40:0:ed9a:a5a9:93a0:c3e8/64291 reply emea.vap.lijit.com is 216.52.2.39
Nov 22 14:16:25 10.0.0.2 dnsmasq[1]: 668310 fd02:c8be:1d40:0:ed9a:a5a9:93a0:c3e8/64291 reply emea.vap.lijit.com is 216.52.2.86
Nov 22 14:16:25 10.0.0.2 dnsmasq[1]: 668310 fd02:c8be:1d40:0:ed9a:a5a9:93a0:c3e8/64291 reply emea.vap.lijit.com is 216.52.2.16
Nov 22 14:16:25 10.0.0.2 dnsmasq[1]: 668310 fd02:c8be:1d40:0:ed9a:a5a9:93a0:c3e8/64291 reply emea.vap.lijit.com is 216.52.2.6
Nov 22 14:16:25 10.0.0.2 ulogd[1267]: [NEW] ORIG: SRC=192.168.1.180 DST=216.52.2.48 PROTO=TCP SPT=62013 DPT=443 PKTS=0 BYTES=0 , REPLY: SRC=216.52.2.48 DST=176.36.141.89 PROTO=TCP SPT=443 DPT=62013 PKTS=0 BYTES=0
Nov 22 14:16:25 10.0.0.2 dnsmasq[1]: 668311 fd02:c8be:1d40:0:ed9a:a5a9:93a0:c3e8/65082 query[A] cs.minutemedia-prebid.com from fd02:c8be:1d40:0:ed9a:a5a9:93a0:c3e8
Nov 22 14:16:25 10.0.0.2 dnsmasq[1]: 668311 fd02:c8be:1d40:0:ed9a:a5a9:93a0:c3e8/65082 forwarded cs.minutemedia-prebid.com to 194.50.85.7
Nov 22 14:16:25 10.0.0.2 ulogd[1267]: [NEW] ORIG: SRC=176.36.141.89 DST=194.50.85.7 PROTO=UDP SPT=48656 DPT=53 PKTS=0 BYTES=0 , REPLY: SRC=194.50.85.7 DST=176.36.141.89 PROTO=UDP SPT=53 DPT=48656 PKTS=0 BYTES=0
Nov 22 14:16:25 10.0.0.2 dnsmasq[1]: 668311 fd02:c8be:1d40:0:ed9a:a5a9:93a0:c3e8/65082 reply cs.minutemedia-prebid.com is <CNAME>
Nov 22 14:16:25 10.0.0.2 dnsmasq[1]: 668311 fd02:c8be:1d40:0:ed9a:a5a9:93a0:c3e8/65082 reply cs.digbearings.com is 54.171.125.9
Nov 22 14:16:25 10.0.0.2 dnsmasq[1]: 668311 fd02:c8be:1d40:0:ed9a:a5a9:93a0:c3e8/65082 reply cs.digbearings.com is 108.129.5.53
Nov 22 14:16:25 10.0.0.2 dnsmasq[1]: 668311 fd02:c8be:1d40:0:ed9a:a5a9:93a0:c3e8/65082 reply cs.digbearings.com is 54.228.90.72
Nov 22 14:16:25 10.0.0.2 ulogd[1267]: [NEW] ORIG: SRC=192.168.1.180 DST=54.171.125.9 PROTO=TCP SPT=62014 DPT=443 PKTS=0 BYTES=0 , REPLY: SRC=54.171.125.9 DST=176.36.141.89 PROTO=TCP SPT=443 DPT=62014 PKTS=0 BYTES=0
Nov 22 14:16:25 10.0.0.2 dnsmasq[1]: 668312 fd02:c8be:1d40:0:ed9a:a5a9:93a0:c3e8/65003 query[A] pa.tns-ua.com from fd02:c8be:1d40:0:ed9a:a5a9:93a0:c3e8
Nov 22 14:16:25 10.0.0.2 dnsmasq[1]: 668312 fd02:c8be:1d40:0:ed9a:a5a9:93a0:c3e8/65003 forwarded pa.tns-ua.com to 194.50.85.7
Nov 22 14:16:25 10.0.0.2 ulogd[1267]: [NEW] ORIG: SRC=176.36.141.89 DST=194.50.85.7 PROTO=UDP SPT=50193 DPT=53 PKTS=0 BYTES=0 , REPLY: SRC=194.50.85.7 DST=176.36.141.89 PROTO=UDP SPT=53 DPT=50193 PKTS=0 BYTES=0
Nov 22 14:16:25 10.0.0.2 dnsmasq[1]: 668312 fd02:c8be:1d40:0:ed9a:a5a9:93a0:c3e8/65003 reply pa.tns-ua.com is 194.247.174.105
Nov 22 14:16:25 10.0.0.2 dnsmasq[1]: 668312 fd02:c8be:1d40:0:ed9a:a5a9:93a0:c3e8/65003 reply pa.tns-ua.com is 194.247.174.101
Nov 22 14:16:26 10.0.0.2 ulogd[1267]: [NEW] ORIG: SRC=192.168.1.180 DST=194.247.174.105 PROTO=TCP SPT=62015 DPT=443 PKTS=0 BYTES=0 , REPLY: SRC=194.247.174.105 DST=176.36.141.89 PROTO=TCP SPT=443 DPT=62015 PKTS=0 BYTES=0
Nov 22 14:16:26 10.0.0.2 dnsmasq[1]: 668313 fd02:c8be:1d40:0:ed9a:a5a9:93a0:c3e8/61745 query[A] prebid.a-mo.net from fd02:c8be:1d40:0:ed9a:a5a9:93a0:c3e8
Nov 22 14:16:26 10.0.0.2 dnsmasq[1]: 668313 fd02:c8be:1d40:0:ed9a:a5a9:93a0:c3e8/61745 forwarded prebid.a-mo.net to 194.50.85.7
Nov 22 14:16:26 10.0.0.2 ulogd[1267]: [NEW] ORIG: SRC=176.36.141.89 DST=194.50.85.7 PROTO=UDP SPT=45693 DPT=53 PKTS=0 BYTES=0 , REPLY: SRC=194.50.85.7 DST=176.36.141.89 PROTO=UDP SPT=53 DPT=45693 PKTS=0 BYTES=0
Nov 22 14:16:26 10.0.0.2 dnsmasq[1]: 668313 fd02:c8be:1d40:0:ed9a:a5a9:93a0:c3e8/61745 reply prebid.a-mo.net is <CNAME>
Nov 22 14:16:26 10.0.0.2 dnsmasq[1]: 668313 fd02:c8be:1d40:0:ed9a:a5a9:93a0:c3e8/61745 reply am6-prebid.a-mx.net is 147.75.84.158
Nov 22 14:16:26 10.0.0.2 dnsmasq[1]: 668313 fd02:c8be:1d40:0:ed9a:a5a9:93a0:c3e8/61745 reply am6-prebid.a-mx.net is 145.40.97.66
Nov 22 14:16:26 10.0.0.2 dnsmasq[1]: 668313 fd02:c8be:1d40:0:ed9a:a5a9:93a0:c3e8/61745 reply am6-prebid.a-mx.net is 145.40.97.67
Nov 22 14:16:26 10.0.0.2 ulogd[1267]: [NEW] ORIG: SRC=192.168.1.180 DST=147.75.84.158 PROTO=TCP SPT=62016 DPT=443 PKTS=0 BYTES=0 , REPLY: SRC=147.75.84.158 DST=176.36.141.89 PROTO=TCP SPT=443 DPT=62016 PKTS=0 BYTES=0
Nov 22 14:16:26 10.0.0.2 dnsmasq[1]: 668314 fd02:c8be:1d40:0:ed9a:a5a9:93a0:c3e8/58977 query[A] ssum-sec.casalemedia.com from fd02:c8be:1d40:0:ed9a:a5a9:93a0:c3e8
Nov 22 14:16:26 10.0.0.2 dnsmasq[1]: 668314 fd02:c8be:1d40:0:ed9a:a5a9:93a0:c3e8/58977 forwarded ssum-sec.casalemedia.com to 194.50.85.7
Nov 22 14:16:26 10.0.0.2 ulogd[1267]: [NEW] ORIG: SRC=176.36.141.89 DST=194.50.85.7 PROTO=UDP SPT=47842 DPT=53 PKTS=0 BYTES=0 , REPLY: SRC=194.50.85.7 DST=176.36.141.89 PROTO=UDP SPT=53 DPT=47842 PKTS=0 BYTES=0
Nov 22 14:16:26 10.0.0.2 dnsmasq[1]: 668314 fd02:c8be:1d40:0:ed9a:a5a9:93a0:c3e8/58977 reply ssum-sec.casalemedia.com is 172.64.151.101
Nov 22 14:16:26 10.0.0.2 dnsmasq[1]: 668314 fd02:c8be:1d40:0:ed9a:a5a9:93a0:c3e8/58977 reply ssum-sec.casalemedia.com is 104.18.36.155
Nov 22 14:16:26 10.0.0.2 ulogd[1267]: [NEW] ORIG: SRC=192.168.1.180 DST=172.64.151.101 PROTO=TCP SPT=62017 DPT=443 PKTS=0 BYTES=0 , REPLY: SRC=172.64.151.101 DST=176.36.141.89 PROTO=TCP SPT=443 DPT=62017 PKTS=0 BYTES=0
Nov 22 14:16:26 10.0.0.2 dnsmasq[1]: 668315 fd02:c8be:1d40:0:ed9a:a5a9:93a0:c3e8/61466 query[A] s.console.adtarget.com.tr from fd02:c8be:1d40:0:ed9a:a5a9:93a0:c3e8
Nov 22 14:16:26 10.0.0.2 dnsmasq[1]: 668315 fd02:c8be:1d40:0:ed9a:a5a9:93a0:c3e8/61466 forwarded s.console.adtarget.com.tr to 194.50.85.7
Nov 22 14:16:26 10.0.0.2 ulogd[1267]: [NEW] ORIG: SRC=176.36.141.89 DST=194.50.85.7 PROTO=UDP SPT=44483 DPT=53 PKTS=0 BYTES=0 , REPLY: SRC=194.50.85.7 DST=176.36.141.89 PROTO=UDP SPT=53 DPT=44483 PKTS=0 BYTES=0
Nov 22 14:16:26 10.0.0.2 dnsmasq[1]: 668315 fd02:c8be:1d40:0:ed9a:a5a9:93a0:c3e8/61466 reply s.console.adtarget.com.tr is <CNAME>
Nov 22 14:16:26 10.0.0.2 dnsmasq[1]: 668315 fd02:c8be:1d40:0:ed9a:a5a9:93a0:c3e8/61466 reply s.unoadsrv.com is <CNAME>
Nov 22 14:16:26 10.0.0.2 dnsmasq[1]: 668315 fd02:c8be:1d40:0:ed9a:a5a9:93a0:c3e8/61466 reply s-unoadsrv-com.geodns.me is 185.83.69.226
Nov 22 14:16:26 10.0.0.2 dnsmasq[1]: 668315 fd02:c8be:1d40:0:ed9a:a5a9:93a0:c3e8/61466 reply s-unoadsrv-com.geodns.me is 185.83.69.42
Nov 22 14:16:26 10.0.0.2 dnsmasq[1]: 668315 fd02:c8be:1d40:0:ed9a:a5a9:93a0:c3e8/61466 reply s-unoadsrv-com.geodns.me is 185.83.69.162
Nov 22 14:16:26 10.0.0.2 dnsmasq[1]: 668315 fd02:c8be:1d40:0:ed9a:a5a9:93a0:c3e8/61466 reply s-unoadsrv-com.geodns.me is 185.83.69.178
Nov 22 14:16:26 10.0.0.2 dnsmasq[1]: 668315 fd02:c8be:1d40:0:ed9a:a5a9:93a0:c3e8/61466 reply s-unoadsrv-com.geodns.me is 142.132.249.184
Nov 22 14:16:26 10.0.0.2 dnsmasq[1]: 668315 fd02:c8be:1d40:0:ed9a:a5a9:93a0:c3e8/61466 reply s-unoadsrv-com.geodns.me is 168.119.66.90
Nov 22 14:16:26 10.0.0.2 dnsmasq[1]: 668315 fd02:c8be:1d40:0:ed9a:a5a9:93a0:c3e8/61466 reply s-unoadsrv-com.geodns.me is 49.12.126.49
Nov 22 14:16:26 10.0.0.2 dnsmasq[1]: 668315 fd02:c8be:1d40:0:ed9a:a5a9:93a0:c3e8/61466 reply s-unoadsrv-com.geodns.me is 185.239.172.178
Nov 22 14:16:26 10.0.0.2 dnsmasq[1]: 668315 fd02:c8be:1d40:0:ed9a:a5a9:93a0:c3e8/61466 reply s-unoadsrv-com.geodns.me is 142.132.249.188
Nov 22 14:16:26 10.0.0.2 dnsmasq[1]: 668315 fd02:c8be:1d40:0:ed9a:a5a9:93a0:c3e8/61466 reply s-unoadsrv-com.geodns.me is 142.132.155.46
Nov 22 14:16:26 10.0.0.2 dnsmasq[1]: 668315 fd02:c8be:1d40:0:ed9a:a5a9:93a0:c3e8/61466 reply s-unoadsrv-com.geodns.me is 142.132.249.186
Nov 22 14:16:26 10.0.0.2 dnsmasq[1]: 668315 fd02:c8be:1d40:0:ed9a:a5a9:93a0:c3e8/61466 reply s-unoadsrv-com.geodns.me is 168.119.32.99
Nov 22 14:16:26 10.0.0.2 dnsmasq[1]: 668315 fd02:c8be:1d40:0:ed9a:a5a9:93a0:c3e8/61466 reply s-unoadsrv-com.geodns.me is 185.83.69.18
Nov 22 14:16:26 10.0.0.2 dnsmasq[1]: 668315 fd02:c8be:1d40:0:ed9a:a5a9:93a0:c3e8/61466 reply s-unoadsrv-com.geodns.me is 185.83.69.26
Nov 22 14:16:26 10.0.0.2 dnsmasq[1]: 668315 fd02:c8be:1d40:0:ed9a:a5a9:93a0:c3e8/61466 reply s-unoadsrv-com.geodns.me is 49.12.126.50
Nov 22 14:16:26 10.0.0.2 dnsmasq[1]: 668315 fd02:c8be:1d40:0:ed9a:a5a9:93a0:c3e8/61466 reply s-unoadsrv-com.geodns.me is 142.132.249.187
Nov 22 14:16:26 10.0.0.2 dnsmasq[1]: 668315 fd02:c8be:1d40:0:ed9a:a5a9:93a0:c3e8/61466 reply s-unoadsrv-com.geodns.me is 142.132.249.185
Nov 22 14:16:26 10.0.0.2 ulogd[1267]: [NEW] ORIG: SRC=192.168.1.180 DST=185.83.69.226 PROTO=TCP SPT=62018 DPT=443 PKTS=0 BYTES=0 , REPLY: SRC=185.83.69.226 DST=176.36.141.89 PROTO=TCP SPT=443 DPT=62018 PKTS=0 BYTES=0
Nov 22 14:16:26 10.0.0.2 dnsmasq[1]: 668316 fd02:c8be:1d40:0:ed9a:a5a9:93a0:c3e8/64291 query[A] sync.lemmatechnologies.com from fd02:c8be:1d40:0:ed9a:a5a9:93a0:c3e8
Nov 22 14:16:26 10.0.0.2 dnsmasq[1]: 668316 fd02:c8be:1d40:0:ed9a:a5a9:93a0:c3e8/64291 forwarded sync.lemmatechnologies.com to 194.50.85.7
Nov 22 14:16:26 10.0.0.2 ulogd[1267]: [NEW] ORIG: SRC=176.36.141.89 DST=194.50.85.7 PROTO=UDP SPT=45211 DPT=53 PKTS=0 BYTES=0 , REPLY: SRC=194.50.85.7 DST=176.36.141.89 PROTO=UDP SPT=53 DPT=45211 PKTS=0 BYTES=0
Nov 22 14:16:26 10.0.0.2 dnsmasq[1]: 668316 fd02:c8be:1d40:0:ed9a:a5a9:93a0:c3e8/64291 reply sync.lemmatechnologies.com is 199.115.119.227
Nov 22 14:16:26 10.0.0.2 ulogd[1267]: [NEW] ORIG: SRC=192.168.1.180 DST=199.115.119.227 PROTO=TCP SPT=62019 DPT=443 PKTS=0 BYTES=0 , REPLY: SRC=199.115.119.227 DST=176.36.141.89 PROTO=TCP SPT=443 DPT=62019 PKTS=0 BYTES=0
Nov 22 14:16:26 10.0.0.2 dnsmasq[1]: 668317 fd02:c8be:1d40:0:ed9a:a5a9:93a0:c3e8/65082 query[A] s-imp.rmp.rakuten.com from fd02:c8be:1d40:0:ed9a:a5a9:93a0:c3e8
Nov 22 14:16:26 10.0.0.2 dnsmasq[1]: 668317 fd02:c8be:1d40:0:ed9a:a5a9:93a0:c3e8/65082 forwarded s-imp.rmp.rakuten.com to 194.50.85.7
Nov 22 14:16:26 10.0.0.2 ulogd[1267]: [NEW] ORIG: SRC=176.36.141.89 DST=194.50.85.7 PROTO=UDP SPT=56290 DPT=53 PKTS=0 BYTES=0 , REPLY: SRC=194.50.85.7 DST=176.36.141.89 PROTO=UDP SPT=53 DPT=56290 PKTS=0 BYTES=0
Nov 22 14:16:26 10.0.0.2 ulogd[1267]: [NEW] ORIG: SRC=192.168.1.180 DST=192.168.1.1 PROTO=UDP SPT=65082 DPT=53 PKTS=0 BYTES=0 , REPLY: SRC=192.168.1.1 DST=192.168.1.180 PROTO=UDP SPT=53 DPT=65082 PKTS=0 BYTES=0
Nov 22 14:16:26 10.0.0.2 dnsmasq[1]: 668318 192.168.1.180/65082 query[A] s-imp.rmp.rakuten.com from 192.168.1.180
Nov 22 14:16:26 10.0.0.2 ulogd[1267]: [NEW] ORIG: SRC=192.168.1.180 DST=193.200.64.25 PROTO=TCP SPT=62020 DPT=443 PKTS=0 BYTES=0 , REPLY: SRC=193.200.64.25 DST=176.36.141.89 PROTO=TCP SPT=443 DPT=62020 PKTS=0 BYTES=0
Nov 22 14:16:26 10.0.0.2 dnsmasq[1]: 668319 fd02:c8be:1d40:0:ed9a:a5a9:93a0:c3e8/65003 query[A] ads.avct.cloud from fd02:c8be:1d40:0:ed9a:a5a9:93a0:c3e8
Nov 22 14:16:26 10.0.0.2 ulogd[1267]: [NEW] ORIG: SRC=176.36.141.89 DST=194.50.85.7 PROTO=UDP SPT=41389 DPT=53 PKTS=0 BYTES=0 , REPLY: SRC=194.50.85.7 DST=176.36.141.89 PROTO=UDP SPT=53 DPT=41389 PKTS=0 BYTES=0
Nov 22 14:16:26 10.0.0.2 dnsmasq[1]: 668319 fd02:c8be:1d40:0:ed9a:a5a9:93a0:c3e8/65003 forwarded ads.avct.cloud to 194.50.85.7
Nov 22 14:16:26 10.0.0.2 dnsmasq[1]: 668319 fd02:c8be:1d40:0:ed9a:a5a9:93a0:c3e8/65003 reply ads.avct.cloud is NXDOMAIN
Nov 22 14:16:26 10.0.0.2 dnsmasq[1]: 668320 fd02:c8be:1d40:0:ed9a:a5a9:93a0:c3e8/61745 query[A] afl.rozetka.com.ua from fd02:c8be:1d40:0:ed9a:a5a9:93a0:c3e8
Nov 22 14:16:26 10.0.0.2 ulogd[1267]: [DESTROY] ORIG: SRC=176.36.141.89 DST=194.50.85.5 PROTO=UDP SPT=41640 DPT=53 PKTS=1 BYTES=56 , REPLY: SRC=194.50.85.5 DST=176.36.141.89 PROTO=UDP SPT=53 DPT=41640 PKTS=0 BYTES=0
Nov 22 14:16:26 10.0.0.2 ulogd[1267]: [NEW] ORIG: SRC=176.36.141.89 DST=194.50.85.7 PROTO=UDP SPT=32957 DPT=53 PKTS=0 BYTES=0 , REPLY: SRC=194.50.85.7 DST=176.36.141.89 PROTO=UDP SPT=53 DPT=32957 PKTS=0 BYTES=0
