Nov 22 13:22:41 10.0.0.2 ulogd[1267]: [DESTROY] ORIG: SRC=176.36.141.89 DST=194.50.85.7 PROTO=UDP SPT=48361 DPT=53 PKTS=1 BYTES=70 , REPLY: SRC=194.50.85.7 DST=176.36.141.89 PROTO=UDP SPT=53 DPT=48361 PKTS=1 BYTES=131
Nov 22 13:22:41 10.0.0.2 ulogd[1267]: [DESTROY] ORIG: SRC=fd02:c8be:1d40:0:ed9a:a5a9:93a0:c3e8 DST=fd02:c8be:1d40::1 PROTO=UDP SPT=52736 DPT=53 PKTS=1 BYTES=91 , REPLY: SRC=fd02:c8be:1d40::1 DST=fd02:c8be:1d40:0:ed9a:a5a9:93a0:c3e8 PROTO=UDP SPT=53 DPT=52736 PKTS=1 BYTES=145
Nov 22 13:22:41 10.0.0.2 ulogd[1267]: [DESTROY] ORIG: SRC=176.36.141.89 DST=194.50.85.5 PROTO=UDP SPT=59530 DPT=53 PKTS=1 BYTES=70 , REPLY: SRC=194.50.85.5 DST=176.36.141.89 PROTO=UDP SPT=53 DPT=59530 PKTS=1 BYTES=131
Nov 22 13:22:41 10.0.0.2 ulogd[1267]: [DESTROY] ORIG: SRC=176.36.141.89 DST=194.50.85.5 PROTO=UDP SPT=60314 DPT=53 PKTS=1 BYTES=60 , REPLY: SRC=194.50.85.5 DST=176.36.141.89 PROTO=UDP SPT=53 DPT=60314 PKTS=1 BYTES=111
Nov 22 13:22:41 10.0.0.2 ulogd[1267]: [DESTROY] ORIG: SRC=148.153.92.250 DST=176.36.141.89 PROTO=ICMP TYPE=0 CODE=8 PKTS=1 BYTES=28 , REPLY: SRC=176.36.141.89 DST=148.153.92.250 PROTO=ICMP TYPE=0 CODE=8 PKTS=1 BYTES=28
Nov 22 13:22:41 10.0.0.2 ulogd[1267]: [DESTROY] ORIG: SRC=148.153.92.250 DST=176.36.141.89 PROTO=ICMP TYPE=0 CODE=8 PKTS=1 BYTES=28 , REPLY: SRC=176.36.141.89 DST=148.153.92.250 PROTO=ICMP TYPE=0 CODE=8 PKTS=1 BYTES=28
Nov 22 13:22:41 10.0.0.2 ulogd[1267]: [DESTROY] ORIG: SRC=148.153.92.250 DST=176.36.141.89 PROTO=ICMP TYPE=0 CODE=8 PKTS=1 BYTES=28 , REPLY: SRC=176.36.141.89 DST=148.153.92.250 PROTO=ICMP TYPE=0 CODE=8 PKTS=1 BYTES=28
Nov 22 13:22:41 10.0.0.2 ulogd[1267]: [DESTROY] ORIG: SRC=148.153.92.250 DST=176.36.141.89 PROTO=ICMP TYPE=0 CODE=8 PKTS=1 BYTES=28 , REPLY: SRC=176.36.141.89 DST=148.153.92.250 PROTO=ICMP TYPE=0 CODE=8 PKTS=1 BYTES=28
Nov 22 13:22:41 10.0.0.2 ulogd[1267]: [DESTROY] ORIG: SRC=148.153.92.250 DST=176.36.141.89 PROTO=ICMP TYPE=0 CODE=8 PKTS=1 BYTES=28 , REPLY: SRC=176.36.141.89 DST=148.153.92.250 PROTO=ICMP TYPE=0 CODE=8 PKTS=1 BYTES=28
Nov 22 13:22:41 10.0.0.2 ulogd[1267]: [DESTROY] ORIG: SRC=192.168.1.180 DST=217.72.199.27 PROTO=TCP SPT=61303 DPT=443 PKTS=16 BYTES=2230 , REPLY: SRC=217.72.199.27 DST=176.36.141.89 PROTO=TCP SPT=443 DPT=61303 PKTS=20 BYTES=9472
Nov 22 13:22:41 10.0.0.2 ulogd[1267]: [DESTROY] ORIG: SRC=176.36.141.89 DST=194.50.85.5 PROTO=UDP SPT=55635 DPT=53 PKTS=1 BYTES=71 , REPLY: SRC=194.50.85.5 DST=176.36.141.89 PROTO=UDP SPT=53 DPT=55635 PKTS=1 BYTES=125
Nov 22 13:22:41 10.0.0.2 ulogd[1267]: [DESTROY] ORIG: SRC=176.36.141.89 DST=194.50.85.5 PROTO=UDP SPT=43266 DPT=53 PKTS=1 BYTES=59 , REPLY: SRC=194.50.85.5 DST=176.36.141.89 PROTO=UDP SPT=53 DPT=43266 PKTS=1 BYTES=75
Nov 22 13:22:41 10.0.0.2 ulogd[1267]: [DESTROY] ORIG: SRC=18.176.54.79 DST=176.36.141.89 PROTO=ICMP TYPE=0 CODE=8 PKTS=1 BYTES=36 , REPLY: SRC=176.36.141.89 DST=18.176.54.79 PROTO=ICMP TYPE=0 CODE=8 PKTS=1 BYTES=36
Nov 22 13:22:41 10.0.0.2 ulogd[1267]: [DESTROY] ORIG: SRC=176.36.141.89 DST=194.50.85.5 PROTO=UDP SPT=54896 DPT=53 PKTS=1 BYTES=71 , REPLY: SRC=194.50.85.5 DST=176.36.141.89 PROTO=UDP SPT=53 DPT=54896 PKTS=1 BYTES=174
Nov 22 13:22:41 10.0.0.2 ulogd[1267]: [DESTROY] ORIG: SRC=192.168.1.180 DST=217.72.199.27 PROTO=TCP SPT=61305 DPT=443 PKTS=16 BYTES=2287 , REPLY: SRC=217.72.199.27 DST=176.36.141.89 PROTO=TCP SPT=443 DPT=61305 PKTS=21 BYTES=5336
Nov 22 13:22:41 10.0.0.2 ulogd[1267]: [DESTROY] ORIG: SRC=192.168.1.180 DST=146.75.117.140 PROTO=TCP SPT=61213 DPT=443 PKTS=42 BYTES=3193 , REPLY: SRC=146.75.117.140 DST=176.36.141.89 PROTO=TCP SPT=443 DPT=61213 PKTS=50 BYTES=48063
Nov 22 13:22:41 10.0.0.2 ulogd[1267]: [DESTROY] ORIG: SRC=148.153.92.250 DST=176.36.141.89 PROTO=ICMP TYPE=0 CODE=8 PKTS=1 BYTES=28 , REPLY: SRC=176.36.141.89 DST=148.153.92.250 PROTO=ICMP TYPE=0 CODE=8 PKTS=1 BYTES=28
Nov 22 13:22:41 10.0.0.2 ulogd[1267]: [DESTROY] ORIG: SRC=148.153.92.250 DST=176.36.141.89 PROTO=ICMP TYPE=0 CODE=8 PKTS=1 BYTES=28 , REPLY: SRC=176.36.141.89 DST=148.153.92.250 PROTO=ICMP TYPE=0 CODE=8 PKTS=1 BYTES=28
Nov 22 13:22:41 10.0.0.2 ulogd[1267]: [DESTROY] ORIG: SRC=176.36.141.89 DST=194.50.85.5 PROTO=UDP SPT=53430 DPT=53 PKTS=1 BYTES=63 , REPLY: SRC=194.50.85.5 DST=176.36.141.89 PROTO=UDP SPT=53 DPT=53430 PKTS=1 BYTES=158
Nov 22 13:22:41 10.0.0.2 ulogd[1267]: [DESTROY] ORIG: SRC=148.153.92.250 DST=176.36.141.89 PROTO=ICMP TYPE=0 CODE=8 PKTS=1 BYTES=28 , REPLY: SRC=176.36.141.89 DST=148.153.92.250 PROTO=ICMP TYPE=0 CODE=8 PKTS=1 BYTES=28
Nov 22 13:22:41 10.0.0.2 ulogd[1267]: [DESTROY] ORIG: SRC=fd02:c8be:1d40:0:ed9a:a5a9:93a0:c3e8 DST=fd02:c8be:1d40::1 PROTO=UDP SPT=53933 DPT=53 PKTS=1 BYTES=89 , REPLY: SRC=fd02:c8be:1d40::1 DST=fd02:c8be:1d40:0:ed9a:a5a9:93a0:c3e8 PROTO=UDP SPT=53 DPT=53933 PKTS=1 BYTES=187
Nov 22 13:22:41 10.0.0.2 ulogd[1267]: [DESTROY] ORIG: SRC=176.36.141.89 DST=194.50.85.5 PROTO=UDP SPT=48825 DPT=53 PKTS=1 BYTES=68 , REPLY: SRC=194.50.85.5 DST=176.36.141.89 PROTO=UDP SPT=53 DPT=48825 PKTS=1 BYTES=129
Nov 22 13:22:41 10.0.0.2 ulogd[1267]: [DESTROY] ORIG: SRC=176.36.141.89 DST=194.50.85.5 PROTO=UDP SPT=37486 DPT=53 PKTS=1 BYTES=61 , REPLY: SRC=194.50.85.5 DST=176.36.141.89 PROTO=UDP SPT=53 DPT=37486 PKTS=1 BYTES=122
Nov 22 13:22:41 10.0.0.2 ulogd[1267]: [DESTROY] ORIG: SRC=176.36.141.89 DST=194.50.85.7 PROTO=UDP SPT=34324 DPT=53 PKTS=1 BYTES=63 , REPLY: SRC=194.50.85.7 DST=176.36.141.89 PROTO=UDP SPT=53 DPT=34324 PKTS=1 BYTES=168
Nov 22 13:22:41 10.0.0.2 ulogd[1267]: [DESTROY] ORIG: SRC=148.153.92.250 DST=176.36.141.89 PROTO=ICMP TYPE=0 CODE=8 PKTS=1 BYTES=28 , REPLY: SRC=176.36.141.89 DST=148.153.92.250 PROTO=ICMP TYPE=0 CODE=8 PKTS=1 BYTES=28
Nov 22 13:22:41 10.0.0.2 ulogd[1267]: [DESTROY] ORIG: SRC=192.168.1.180 DST=192.168.1.1 PROTO=UDP SPT=54967 DPT=53 PKTS=1 BYTES=63 , REPLY: SRC=192.168.1.1 DST=192.168.1.180 PROTO=UDP SPT=53 DPT=54967 PKTS=1 BYTES=158
Nov 22 13:22:41 10.0.0.2 ulogd[1267]: [DESTROY] ORIG: SRC=176.36.141.89 DST=194.50.85.7 PROTO=UDP SPT=60244 DPT=53 PKTS=1 BYTES=69 , REPLY: SRC=194.50.85.7 DST=176.36.141.89 PROTO=UDP SPT=53 DPT=60244 PKTS=1 BYTES=118
Nov 22 13:22:41 10.0.0.2 ulogd[1267]: [DESTROY] ORIG: SRC=148.153.92.250 DST=176.36.141.89 PROTO=ICMP TYPE=0 CODE=8 PKTS=1 BYTES=28 , REPLY: SRC=176.36.141.89 DST=148.153.92.250 PROTO=ICMP TYPE=0 CODE=8 PKTS=1 BYTES=28
Nov 22 13:22:41 10.0.0.2 ulogd[1267]: [DESTROY] ORIG: SRC=148.153.92.250 DST=176.36.141.89 PROTO=ICMP TYPE=0 CODE=8 PKTS=1 BYTES=28 , REPLY: SRC=176.36.141.89 DST=148.153.92.250 PROTO=ICMP TYPE=0 CODE=8 PKTS=1 BYTES=28
Nov 22 13:22:41 10.0.0.2 ulogd[1267]: [DESTROY] ORIG: SRC=176.36.141.89 DST=194.50.85.5 PROTO=UDP SPT=60244 DPT=53 PKTS=1 BYTES=69 , REPLY: SRC=194.50.85.5 DST=176.36.141.89 PROTO=UDP SPT=53 DPT=60244 PKTS=1 BYTES=118
Nov 22 13:22:41 10.0.0.2 ulogd[1267]: [DESTROY] ORIG: SRC=148.153.92.250 DST=176.36.141.89 PROTO=ICMP TYPE=0 CODE=8 PKTS=1 BYTES=28 , REPLY: SRC=176.36.141.89 DST=148.153.92.250 PROTO=ICMP TYPE=0 CODE=8 PKTS=1 BYTES=28
Nov 22 13:22:41 10.0.0.2 ulogd[1267]: [DESTROY] ORIG: SRC=192.168.1.180 DST=18.244.146.55 PROTO=TCP SPT=61279 DPT=443 PKTS=18 BYTES=1968 , REPLY: SRC=18.244.146.55 DST=176.36.141.89 PROTO=TCP SPT=443 DPT=61279 PKTS=18 BYTES=14464
Nov 22 13:22:41 10.0.0.2 ulogd[1267]: [DESTROY] ORIG: SRC=148.153.92.250 DST=176.36.141.89 PROTO=ICMP TYPE=0 CODE=8 PKTS=1 BYTES=28 , REPLY: SRC=176.36.141.89 DST=148.153.92.250 PROTO=ICMP TYPE=0 CODE=8 PKTS=1 BYTES=28
Nov 22 13:22:41 10.0.0.2 ulogd[1267]: [DESTROY] ORIG: SRC=192.168.1.1 DST=192.168.1.45 PROTO=UDP SPT=60628 DPT=5353 PKTS=1 BYTES=70 , REPLY: SRC=192.168.1.45 DST=192.168.1.1 PROTO=UDP SPT=5353 DPT=60628 PKTS=0 BYTES=0
Nov 22 13:22:41 10.0.0.2 ulogd[1267]: [DESTROY] ORIG: SRC=35.77.38.176 DST=176.36.141.89 PROTO=ICMP TYPE=0 CODE=8 PKTS=1 BYTES=36 , REPLY: SRC=176.36.141.89 DST=35.77.38.176 PROTO=ICMP TYPE=0 CODE=8 PKTS=1 BYTES=36
Nov 22 13:22:41 10.0.0.2 ulogd[1267]: [DESTROY] ORIG: SRC=176.36.141.89 DST=194.50.85.7 PROTO=UDP SPT=60628 DPT=53 PKTS=1 BYTES=70 , REPLY: SRC=194.50.85.7 DST=176.36.141.89 PROTO=UDP SPT=53 DPT=60628 PKTS=1 BYTES=131
Nov 22 13:22:41 10.0.0.2 ulogd[1267]: [DESTROY] ORIG: SRC=148.153.92.250 DST=176.36.141.89 PROTO=ICMP TYPE=0 CODE=8 PKTS=1 BYTES=28 , REPLY: SRC=176.36.141.89 DST=148.153.92.250 PROTO=ICMP TYPE=0 CODE=8 PKTS=1 BYTES=28
Nov 22 13:22:41 10.0.0.2 ulogd[1267]: [DESTROY] ORIG: SRC=148.153.92.250 DST=176.36.141.89 PROTO=ICMP TYPE=0 CODE=8 PKTS=1 BYTES=28 , REPLY: SRC=176.36.141.89 DST=148.153.92.250 PROTO=ICMP TYPE=0 CODE=8 PKTS=1 BYTES=28
Nov 22 13:23:01 10.0.0.2 dnsmasq[1]: 666830 fd02:c8be:1d40:0:ed9a:a5a9:93a0:c3e8/53794 query[A] styles.redditmedia.com from fd02:c8be:1d40:0:ed9a:a5a9:93a0:c3e8
Nov 22 13:23:01 10.0.0.2 dnsmasq[1]: 666830 fd02:c8be:1d40:0:ed9a:a5a9:93a0:c3e8/53794 forwarded styles.redditmedia.com to 192.168.1.45
Nov 22 13:23:01 10.0.0.2 ulogd[1267]: [NEW] ORIG: SRC=192.168.1.1 DST=192.168.1.45 PROTO=UDP SPT=47084 DPT=5353 PKTS=0 BYTES=0 , REPLY: SRC=192.168.1.45 DST=192.168.1.1 PROTO=UDP SPT=5353 DPT=47084 PKTS=0 BYTES=0
Nov 22 13:23:01 10.0.0.2 dnsmasq[1]: 666830 fd02:c8be:1d40:0:ed9a:a5a9:93a0:c3e8/53794 forwarded styles.redditmedia.com to 194.50.85.5
Nov 22 13:23:01 10.0.0.2 dnsmasq[1]: 666830 fd02:c8be:1d40:0:ed9a:a5a9:93a0:c3e8/53794 forwarded styles.redditmedia.com to 194.50.85.7
Nov 22 13:23:01 10.0.0.2 dnsmasq[1]: 666830 fd02:c8be:1d40:0:ed9a:a5a9:93a0:c3e8/53794 reply styles.redditmedia.com is <CNAME>
Nov 22 13:23:01 10.0.0.2 dnsmasq[1]: 666830 fd02:c8be:1d40:0:ed9a:a5a9:93a0:c3e8/53794 reply dualstack.reddit.map.fastly.net is 146.75.117.140
Nov 22 13:23:01 10.0.0.2 ulogd[1267]: [NEW] ORIG: SRC=176.36.141.89 DST=194.50.85.5 PROTO=UDP SPT=47084 DPT=53 PKTS=0 BYTES=0 , REPLY: SRC=194.50.85.5 DST=176.36.141.89 PROTO=UDP SPT=53 DPT=47084 PKTS=0 BYTES=0
Nov 22 13:23:01 10.0.0.2 ulogd[1267]: [NEW] ORIG: SRC=176.36.141.89 DST=194.50.85.7 PROTO=UDP SPT=47084 DPT=53 PKTS=0 BYTES=0 , REPLY: SRC=194.50.85.7 DST=176.36.141.89 PROTO=UDP SPT=53 DPT=47084 PKTS=0 BYTES=0
Nov 22 13:23:06 10.0.0.2 dnsmasq[1]: 666831 fd02:c8be:1d40:0:ed9a:a5a9:93a0:c3e8/53794 query[A] b.thumbs.redditmedia.com from fd02:c8be:1d40:0:ed9a:a5a9:93a0:c3e8
Nov 22 13:23:06 10.0.0.2 dnsmasq[1]: 666831 fd02:c8be:1d40:0:ed9a:a5a9:93a0:c3e8/53794 cached b.thumbs.redditmedia.com is <CNAME>
Nov 22 13:23:06 10.0.0.2 dnsmasq[1]: 666831 fd02:c8be:1d40:0:ed9a:a5a9:93a0:c3e8/53794 cached dualstack.reddit.map.fastly.net is 146.75.117.140
Nov 22 13:23:13 10.0.0.2 ulogd[1267]: [NEW] ORIG: SRC=18.181.190.91 DST=176.36.141.89 PROTO=ICMP TYPE=0 CODE=8 PKTS=0 BYTES=0 , REPLY: SRC=176.36.141.89 DST=18.181.190.91 PROTO=ICMP TYPE=0 CODE=8 PKTS=0 BYTES=0
Nov 22 13:23:13 10.0.0.2 ulogd[1267]: [NEW] ORIG: SRC=52.199.164.31 DST=176.36.141.89 PROTO=ICMP TYPE=0 CODE=8 PKTS=0 BYTES=0 , REPLY: SRC=176.36.141.89 DST=52.199.164.31 PROTO=ICMP TYPE=0 CODE=8 PKTS=0 BYTES=0
Nov 22 13:23:13 10.0.0.2 ulogd[1267]: [NEW] ORIG: SRC=18.180.158.225 DST=176.36.141.89 PROTO=ICMP TYPE=0 CODE=8 PKTS=0 BYTES=0 , REPLY: SRC=176.36.141.89 DST=18.180.158.225 PROTO=ICMP TYPE=0 CODE=8 PKTS=0 BYTES=0
Nov 22 13:23:14 10.0.0.2 dnsmasq[1]: 666832 fd02:c8be:1d40:0:ed9a:a5a9:93a0:c3e8/60625 query[A] gew1-spclient.spotify.com from fd02:c8be:1d40:0:ed9a:a5a9:93a0:c3e8
Nov 22 13:23:14 10.0.0.2 ulogd[1267]: [NEW] ORIG: SRC=fd02:c8be:1d40:0:ed9a:a5a9:93a0:c3e8 DST=fd02:c8be:1d40::1 PROTO=UDP SPT=60625 DPT=53 PKTS=0 BYTES=0 , REPLY: SRC=fd02:c8be:1d40::1 DST=fd02:c8be:1d40:0:ed9a:a5a9:93a0:c3e8 PROTO=UDP SPT=53 DPT=60625 PKTS=0 BYTES=0
Nov 22 13:23:14 10.0.0.2 dnsmasq[1]: 666832 fd02:c8be:1d40:0:ed9a:a5a9:93a0:c3e8/60625 cached gew1-spclient.spotify.com is <CNAME>
Nov 22 13:23:14 10.0.0.2 dnsmasq[1]: 666832 fd02:c8be:1d40:0:ed9a:a5a9:93a0:c3e8/60625 forwarded gew1-spclient.spotify.com to 194.50.85.5
Nov 22 13:23:14 10.0.0.2 ulogd[1267]: [NEW] ORIG: SRC=fd02:c8be:1d40:0:ed9a:a5a9:93a0:c3e8 DST=fd02:c8be:1d40::1 PROTO=UDP SPT=54977 DPT=53 PKTS=0 BYTES=0 , REPLY: SRC=fd02:c8be:1d40::1 DST=fd02:c8be:1d40:0:ed9a:a5a9:93a0:c3e8 PROTO=UDP SPT=53 DPT=54977 PKTS=0 BYTES=0
Nov 22 13:23:14 10.0.0.2 dnsmasq[1]: 666833 fd02:c8be:1d40:0:ed9a:a5a9:93a0:c3e8/54977 query[type=65] gew1-spclient.spotify.com from fd02:c8be:1d40:0:ed9a:a5a9:93a0:c3e8
Nov 22 13:23:14 10.0.0.2 ulogd[1267]: [NEW] ORIG: SRC=176.36.141.89 DST=194.50.85.5 PROTO=UDP SPT=58690 DPT=53 PKTS=0 BYTES=0 , REPLY: SRC=194.50.85.5 DST=176.36.141.89 PROTO=UDP SPT=53 DPT=58690 PKTS=0 BYTES=0
Nov 22 13:23:14 10.0.0.2 dnsmasq[1]: 666833 fd02:c8be:1d40:0:ed9a:a5a9:93a0:c3e8/54977 forwarded gew1-spclient.spotify.com to 194.50.85.5
Nov 22 13:23:14 10.0.0.2 ulogd[1267]: [NEW] ORIG: SRC=176.36.141.89 DST=194.50.85.5 PROTO=UDP SPT=48387 DPT=53 PKTS=0 BYTES=0 , REPLY: SRC=194.50.85.5 DST=176.36.141.89 PROTO=UDP SPT=53 DPT=48387 PKTS=0 BYTES=0
Nov 22 13:23:14 10.0.0.2 dnsmasq[1]: 666832 fd02:c8be:1d40:0:ed9a:a5a9:93a0:c3e8/60625 reply gew1-spclient.spotify.com is <CNAME>
Nov 22 13:23:14 10.0.0.2 dnsmasq[1]: 666832 fd02:c8be:1d40:0:ed9a:a5a9:93a0:c3e8/60625 reply edge-web-gew1.dual-gslb.spotify.com is 35.186.224.18
Nov 22 13:23:14 10.0.0.2 dnsmasq[1]: 666833 fd02:c8be:1d40:0:ed9a:a5a9:93a0:c3e8/54977 reply gew1-spclient.spotify.com is <CNAME>
Nov 22 13:23:14 10.0.0.2 dnsmasq[1]: 666833 fd02:c8be:1d40:0:ed9a:a5a9:93a0:c3e8/54977 reply edge-web-gew1.dual-gslb.spotify.com is NODATA
Nov 22 13:23:14 10.0.0.2 ulogd[1267]: [NEW] ORIG: SRC=192.168.1.180 DST=35.186.224.18 PROTO=UDP SPT=58766 DPT=443 PKTS=0 BYTES=0 , REPLY: SRC=35.186.224.18 DST=176.36.141.89 PROTO=UDP SPT=443 DPT=58766 PKTS=0 BYTES=0
Nov 22 13:23:14 10.0.0.2 ulogd[1267]: [NEW] ORIG: SRC=192.168.1.180 DST=35.186.224.18 PROTO=TCP SPT=61314 DPT=443 PKTS=0 BYTES=0 , REPLY: SRC=35.186.224.18 DST=176.36.141.89 PROTO=TCP SPT=443 DPT=61314 PKTS=0 BYTES=0
Nov 22 13:23:17 10.0.0.2 dnsmasq[1]: 666834 fd02:c8be:1d40:0:ed9a:a5a9:93a0:c3e8/53794 query[A] sync-v2.brave.com from fd02:c8be:1d40:0:ed9a:a5a9:93a0:c3e8
Nov 22 13:23:17 10.0.0.2 dnsmasq[1]: 666834 fd02:c8be:1d40:0:ed9a:a5a9:93a0:c3e8/53794 cached sync-v2.brave.com is <CNAME>
Nov 22 13:23:17 10.0.0.2 ulogd[1267]: [NEW] ORIG: SRC=176.36.141.89 DST=194.50.85.5 PROTO=UDP SPT=47204 DPT=53 PKTS=0 BYTES=0 , REPLY: SRC=194.50.85.5 DST=176.36.141.89 PROTO=UDP SPT=53 DPT=47204 PKTS=0 BYTES=0
Nov 22 13:23:17 10.0.0.2 dnsmasq[1]: 666834 fd02:c8be:1d40:0:ed9a:a5a9:93a0:c3e8/53794 forwarded sync-v2.brave.com to 194.50.85.5
Nov 22 13:23:17 10.0.0.2 dnsmasq[1]: 666834 fd02:c8be:1d40:0:ed9a:a5a9:93a0:c3e8/53794 reply sync-v2.brave.com is <CNAME>
Nov 22 13:23:17 10.0.0.2 dnsmasq[1]: 666834 fd02:c8be:1d40:0:ed9a:a5a9:93a0:c3e8/53794 reply sync-alb-152764135.us-west-2.elb.amazonaws.com is 52.34.169.249
Nov 22 13:23:17 10.0.0.2 dnsmasq[1]: 666834 fd02:c8be:1d40:0:ed9a:a5a9:93a0:c3e8/53794 reply sync-alb-152764135.us-west-2.elb.amazonaws.com is 54.190.8.136
Nov 22 13:23:17 10.0.0.2 dnsmasq[1]: 666834 fd02:c8be:1d40:0:ed9a:a5a9:93a0:c3e8/53794 reply sync-alb-152764135.us-west-2.elb.amazonaws.com is 44.228.160.54
Nov 22 13:23:18 10.0.0.2 dnsmasq[1]: 666835 fd02:c8be:1d40:0:ed9a:a5a9:93a0:c3e8/53794 query[A] www.aljazeera.com from fd02:c8be:1d40:0:ed9a:a5a9:93a0:c3e8
Nov 22 13:23:18 10.0.0.2 dnsmasq[1]: 666835 fd02:c8be:1d40:0:ed9a:a5a9:93a0:c3e8/53794 forwarded www.aljazeera.com to 194.50.85.5
Nov 22 13:23:18 10.0.0.2 ulogd[1267]: [NEW] ORIG: SRC=176.36.141.89 DST=194.50.85.5 PROTO=UDP SPT=45845 DPT=53 PKTS=0 BYTES=0 , REPLY: SRC=194.50.85.5 DST=176.36.141.89 PROTO=UDP SPT=53 DPT=45845 PKTS=0 BYTES=0
Nov 22 13:23:18 10.0.0.2 ulogd[1267]: [NEW] ORIG: SRC=192.168.1.180 DST=192.168.1.1 PROTO=UDP SPT=53794 DPT=53 PKTS=0 BYTES=0 , REPLY: SRC=192.168.1.1 DST=192.168.1.180 PROTO=UDP SPT=53 DPT=53794 PKTS=0 BYTES=0
Nov 22 13:23:18 10.0.0.2 dnsmasq[1]: 666836 192.168.1.180/53794 query[A] www.aljazeera.com from 192.168.1.180
Nov 22 13:23:18 10.0.0.2 dnsmasq[1]: 666835 fd02:c8be:1d40:0:ed9a:a5a9:93a0:c3e8/53794 reply www.aljazeera.com is <CNAME>
Nov 22 13:23:18 10.0.0.2 dnsmasq[1]: 666835 fd02:c8be:1d40:0:ed9a:a5a9:93a0:c3e8/53794 reply www.aljazeera.com.edgekey.net is <CNAME>
Nov 22 13:23:18 10.0.0.2 dnsmasq[1]: 666835 fd02:c8be:1d40:0:ed9a:a5a9:93a0:c3e8/53794 reply e9106.dscg.akamaiedge.net is 23.200.160.171
Nov 22 13:23:18 10.0.0.2 dnsmasq[1]: 666836 192.168.1.180/53794 reply query is duplicate
Nov 22 13:23:19 10.0.0.2 ulogd[1267]: [NEW] ORIG: SRC=fd02:c8be:1d40:0:ed9a:a5a9:93a0:c3e8 DST=fd02:c8be:1d40::1 PROTO=UDP SPT=51258 DPT=53 PKTS=0 BYTES=0 , REPLY: SRC=fd02:c8be:1d40::1 DST=fd02:c8be:1d40:0:ed9a:a5a9:93a0:c3e8 PROTO=UDP SPT=53 DPT=51258 PKTS=0 BYTES=0
Nov 22 13:23:19 10.0.0.2 dnsmasq[1]: 666837 fd02:c8be:1d40:0:ed9a:a5a9:93a0:c3e8/51258 query[A] spclient.wg.spotify.com from fd02:c8be:1d40:0:ed9a:a5a9:93a0:c3e8
Nov 22 13:23:19 10.0.0.2 ulogd[1267]: [NEW] ORIG: SRC=fd02:c8be:1d40:0:ed9a:a5a9:93a0:c3e8 DST=fd02:c8be:1d40::1 PROTO=UDP SPT=52315 DPT=53 PKTS=0 BYTES=0 , REPLY: SRC=fd02:c8be:1d40::1 DST=fd02:c8be:1d40:0:ed9a:a5a9:93a0:c3e8 PROTO=UDP SPT=53 DPT=52315 PKTS=0 BYTES=0
Nov 22 13:23:19 10.0.0.2 dnsmasq[1]: 666837 fd02:c8be:1d40:0:ed9a:a5a9:93a0:c3e8/51258 cached spclient.wg.spotify.com is <CNAME>
Nov 22 13:23:19 10.0.0.2 ulogd[1267]: [NEW] ORIG: SRC=176.36.141.89 DST=194.50.85.5 PROTO=UDP SPT=55389 DPT=53 PKTS=0 BYTES=0 , REPLY: SRC=194.50.85.5 DST=176.36.141.89 PROTO=UDP SPT=53 DPT=55389 PKTS=0 BYTES=0
Nov 22 13:23:19 10.0.0.2 dnsmasq[1]: 666837 fd02:c8be:1d40:0:ed9a:a5a9:93a0:c3e8/51258 forwarded spclient.wg.spotify.com to 194.50.85.5
Nov 22 13:23:19 10.0.0.2 dnsmasq[1]: 666838 fd02:c8be:1d40:0:ed9a:a5a9:93a0:c3e8/52315 query[type=65] spclient.wg.spotify.com from fd02:c8be:1d40:0:ed9a:a5a9:93a0:c3e8
Nov 22 13:23:19 10.0.0.2 dnsmasq[1]: 666838 fd02:c8be:1d40:0:ed9a:a5a9:93a0:c3e8/52315 forwarded spclient.wg.spotify.com to 194.50.85.5
Nov 22 13:23:19 10.0.0.2 ulogd[1267]: [NEW] ORIG: SRC=176.36.141.89 DST=194.50.85.5 PROTO=UDP SPT=41587 DPT=53 PKTS=0 BYTES=0 , REPLY: SRC=194.50.85.5 DST=176.36.141.89 PROTO=UDP SPT=53 DPT=41587 PKTS=0 BYTES=0
Nov 22 13:23:19 10.0.0.2 dnsmasq[1]: 666837 fd02:c8be:1d40:0:ed9a:a5a9:93a0:c3e8/51258 reply spclient.wg.spotify.com is <CNAME>
Nov 22 13:23:19 10.0.0.2 dnsmasq[1]: 666837 fd02:c8be:1d40:0:ed9a:a5a9:93a0:c3e8/51258 reply edge-web.dual-gslb.spotify.com is 35.186.224.25
Nov 22 13:23:19 10.0.0.2 dnsmasq[1]: 666838 fd02:c8be:1d40:0:ed9a:a5a9:93a0:c3e8/52315 reply spclient.wg.spotify.com is <CNAME>
Nov 22 13:23:19 10.0.0.2 dnsmasq[1]: 666838 fd02:c8be:1d40:0:ed9a:a5a9:93a0:c3e8/52315 reply edge-web.dual-gslb.spotify.com is NODATA
Nov 22 13:23:19 10.0.0.2 ulogd[1267]: [NEW] ORIG: SRC=192.168.1.180 DST=35.186.224.25 PROTO=UDP SPT=56245 DPT=443 PKTS=0 BYTES=0 , REPLY: SRC=35.186.224.25 DST=176.36.141.89 PROTO=UDP SPT=443 DPT=56245 PKTS=0 BYTES=0
Nov 22 13:23:19 10.0.0.2 ulogd[1267]: [NEW] ORIG: SRC=fd02:c8be:1d40:0:ed9a:a5a9:93a0:c3e8 DST=fd02:c8be:1d40::1 PROTO=UDP SPT=62521 DPT=53 PKTS=0 BYTES=0 , REPLY: SRC=fd02:c8be:1d40::1 DST=fd02:c8be:1d40:0:ed9a:a5a9:93a0:c3e8 PROTO=UDP SPT=53 DPT=62521 PKTS=0 BYTES=0
Nov 22 13:23:19 10.0.0.2 dnsmasq[1]: 666839 fd02:c8be:1d40:0:ed9a:a5a9:93a0:c3e8/62521 query[A] external-preview.redd.it from fd02:c8be:1d40:0:ed9a:a5a9:93a0:c3e8
Nov 22 13:23:19 10.0.0.2 ulogd[1267]: [NEW] ORIG: SRC=176.36.141.89 DST=194.50.85.5 PROTO=UDP SPT=48714 DPT=53 PKTS=0 BYTES=0 , REPLY: SRC=194.50.85.5 DST=176.36.141.89 PROTO=UDP SPT=53 DPT=48714 PKTS=0 BYTES=0
Nov 22 13:23:19 10.0.0.2 dnsmasq[1]: 666839 fd02:c8be:1d40:0:ed9a:a5a9:93a0:c3e8/62521 forwarded external-preview.redd.it to 194.50.85.5
Nov 22 13:23:19 10.0.0.2 dnsmasq[1]: 666839 fd02:c8be:1d40:0:ed9a:a5a9:93a0:c3e8/62521 reply external-preview.redd.it is <CNAME>
Nov 22 13:23:19 10.0.0.2 dnsmasq[1]: 666839 fd02:c8be:1d40:0:ed9a:a5a9:93a0:c3e8/62521 reply dualstack.reddit.map.fastly.net is 146.75.117.140
Nov 22 13:23:19 10.0.0.2 dnsmasq[1]: 666840 fd02:c8be:1d40:0:ed9a:a5a9:93a0:c3e8/62521 query[A] packaged-media.redd.it from fd02:c8be:1d40:0:ed9a:a5a9:93a0:c3e8
Nov 22 13:23:19 10.0.0.2 ulogd[1267]: [NEW] ORIG: SRC=176.36.141.89 DST=194.50.85.5 PROTO=UDP SPT=38551 DPT=53 PKTS=0 BYTES=0 , REPLY: SRC=194.50.85.5 DST=176.36.141.89 PROTO=UDP SPT=53 DPT=38551 PKTS=0 BYTES=0
Nov 22 13:23:19 10.0.0.2 dnsmasq[1]: 666840 fd02:c8be:1d40:0:ed9a:a5a9:93a0:c3e8/62521 forwarded packaged-media.redd.it to 194.50.85.5
Nov 22 13:23:19 10.0.0.2 dnsmasq[1]: 666840 fd02:c8be:1d40:0:ed9a:a5a9:93a0:c3e8/62521 reply packaged-media.redd.it is <CNAME>
Nov 22 13:23:19 10.0.0.2 dnsmasq[1]: 666840 fd02:c8be:1d40:0:ed9a:a5a9:93a0:c3e8/62521 reply dualstack.reddit.map.fastly.net is 146.75.117.140
Nov 22 13:23:22 10.0.0.2 dnsmasq[1]: 666841 fd02:c8be:1d40:0:ed9a:a5a9:93a0:c3e8/62521 query[A] www.reddit.com from fd02:c8be:1d40:0:ed9a:a5a9:93a0:c3e8
Nov 22 13:23:22 10.0.0.2 dnsmasq[1]: 666841 fd02:c8be:1d40:0:ed9a:a5a9:93a0:c3e8/62521 forwarded www.reddit.com to 192.168.1.45
Nov 22 13:23:22 10.0.0.2 ulogd[1267]: [NEW] ORIG: SRC=192.168.1.1 DST=192.168.1.45 PROTO=UDP SPT=42531 DPT=5353 PKTS=0 BYTES=0 , REPLY: SRC=192.168.1.45 DST=192.168.1.1 PROTO=UDP SPT=5353 DPT=42531 PKTS=0 BYTES=0
Nov 22 13:23:22 10.0.0.2 dnsmasq[1]: 666841 fd02:c8be:1d40:0:ed9a:a5a9:93a0:c3e8/62521 forwarded www.reddit.com to 194.50.85.5
Nov 22 13:23:22 10.0.0.2 ulogd[1267]: [NEW] ORIG: SRC=176.36.141.89 DST=194.50.85.5 PROTO=UDP SPT=42531 DPT=53 PKTS=0 BYTES=0 , REPLY: SRC=194.50.85.5 DST=176.36.141.89 PROTO=UDP SPT=53 DPT=42531 PKTS=0 BYTES=0
Nov 22 13:23:22 10.0.0.2 ulogd[1267]: [NEW] ORIG: SRC=176.36.141.89 DST=194.50.85.7 PROTO=UDP SPT=42531 DPT=53 PKTS=0 BYTES=0 , REPLY: SRC=194.50.85.7 DST=176.36.141.89 PROTO=UDP SPT=53 DPT=42531 PKTS=0 BYTES=0
Nov 22 13:23:22 10.0.0.2 dnsmasq[1]: 666841 fd02:c8be:1d40:0:ed9a:a5a9:93a0:c3e8/62521 forwarded www.reddit.com to 194.50.85.7
Nov 22 13:23:22 10.0.0.2 dnsmasq[1]: 666841 fd02:c8be:1d40:0:ed9a:a5a9:93a0:c3e8/62521 reply www.reddit.com is <CNAME>
Nov 22 13:23:22 10.0.0.2 dnsmasq[1]: 666841 fd02:c8be:1d40:0:ed9a:a5a9:93a0:c3e8/62521 reply reddit.map.fastly.net is 146.75.117.140
Nov 22 13:23:23 10.0.0.2 ulogd[1267]: [DESTROY] ORIG: SRC=18.181.119.243 DST=176.36.141.89 PROTO=ICMP TYPE=0 CODE=8 PKTS=1 BYTES=36 , REPLY: SRC=176.36.141.89 DST=18.181.119.243 PROTO=ICMP TYPE=0 CODE=8 PKTS=1 BYTES=36
Nov 22 13:23:23 10.0.0.2 ulogd[1267]: [DESTROY] ORIG: SRC=fd02:c8be:1d40:0:ed9a:a5a9:93a0:c3e8 DST=fd02:c8be:1d40::1 PROTO=UDP SPT=61308 DPT=53 PKTS=15 BYTES=1250 , REPLY: SRC=fd02:c8be:1d40::1 DST=fd02:c8be:1d40:0:ed9a:a5a9:93a0:c3e8 PROTO=UDP SPT=53 DPT=61308 PKTS=15 BYTES=2297
Nov 22 13:23:23 10.0.0.2 dnsmasq[1]: 666842 fd02:c8be:1d40:0:ed9a:a5a9:93a0:c3e8/62521 query[A] lps.navigator-bs.gmx.com from fd02:c8be:1d40:0:ed9a:a5a9:93a0:c3e8
Nov 22 13:23:23 10.0.0.2 ulogd[1267]: [NEW] ORIG: SRC=fd02:c8be:1d40:0:ed9a:a5a9:93a0:c3e8 DST=fd02:c8be:1d40::1 PROTO=UDP SPT=57881 DPT=53 PKTS=0 BYTES=0 , REPLY: SRC=fd02:c8be:1d40::1 DST=fd02:c8be:1d40:0:ed9a:a5a9:93a0:c3e8 PROTO=UDP SPT=53 DPT=57881 PKTS=0 BYTES=0
Nov 22 13:23:23 10.0.0.2 dnsmasq[1]: 666842 fd02:c8be:1d40:0:ed9a:a5a9:93a0:c3e8/62521 forwarded lps.navigator-bs.gmx.com to 194.50.85.5
Nov 22 13:23:23 10.0.0.2 ulogd[1267]: [DESTROY] ORIG: SRC=192.168.1.180 DST=217.72.196.44 PROTO=TCP SPT=61307 DPT=443 PKTS=10 BYTES=2386 , REPLY: SRC=217.72.196.44 DST=176.36.141.89 PROTO=TCP SPT=443 DPT=61307 PKTS=10 BYTES=4567
Nov 22 13:23:23 10.0.0.2 dnsmasq[1]: 666842 fd02:c8be:1d40:0:ed9a:a5a9:93a0:c3e8/62521 reply lps.navigator-bs.gmx.com is 217.72.199.27
Nov 22 13:23:23 10.0.0.2 ulogd[1267]: [NEW] ORIG: SRC=176.36.141.89 DST=194.50.85.5 PROTO=UDP SPT=36937 DPT=53 PKTS=0 BYTES=0 , REPLY: SRC=194.50.85.5 DST=176.36.141.89 PROTO=UDP SPT=53 DPT=36937 PKTS=0 BYTES=0
Nov 22 13:23:23 10.0.0.2 dnsmasq[1]: 666843 fd02:c8be:1d40:0:ed9a:a5a9:93a0:c3e8/57881 query[A] navigator-bs.gmx.com from fd02:c8be:1d40:0:ed9a:a5a9:93a0:c3e8
Nov 22 13:23:23 10.0.0.2 dnsmasq[1]: 666843 fd02:c8be:1d40:0:ed9a:a5a9:93a0:c3e8/57881 forwarded navigator-bs.gmx.com to 194.50.85.5
Nov 22 13:23:23 10.0.0.2 ulogd[1267]: [NEW] ORIG: SRC=176.36.141.89 DST=194.50.85.5 PROTO=UDP SPT=34917 DPT=53 PKTS=0 BYTES=0 , REPLY: SRC=194.50.85.5 DST=176.36.141.89 PROTO=UDP SPT=53 DPT=34917 PKTS=0 BYTES=0
Nov 22 13:23:23 10.0.0.2 ulogd[1267]: [NEW] ORIG: SRC=192.168.1.180 DST=217.72.199.27 PROTO=TCP SPT=61315 DPT=443 PKTS=0 BYTES=0 , REPLY: SRC=217.72.199.27 DST=176.36.141.89 PROTO=TCP SPT=443 DPT=61315 PKTS=0 BYTES=0
Nov 22 13:23:23 10.0.0.2 dnsmasq[1]: 666843 fd02:c8be:1d40:0:ed9a:a5a9:93a0:c3e8/57881 reply navigator-bs.gmx.com is 217.72.199.27
Nov 22 13:23:23 10.0.0.2 ulogd[1267]: [NEW] ORIG: SRC=192.168.1.180 DST=217.72.199.27 PROTO=TCP SPT=61316 DPT=443 PKTS=0 BYTES=0 , REPLY: SRC=217.72.199.27 DST=176.36.141.89 PROTO=TCP SPT=443 DPT=61316 PKTS=0 BYTES=0
Nov 22 13:23:27 10.0.0.2 ulogd[1267]: [NEW] ORIG: SRC=fe80::b295:75ff:fe15:6fa5 DST=ff02::1:2 PROTO=UDP SPT=546 DPT=547 PKTS=0 BYTES=0 , REPLY: SRC=ff02::1:2 DST=fe80::b295:75ff:fe15:6fa5 PROTO=UDP SPT=547 DPT=546 PKTS=0 BYTES=0
Nov 22 13:23:43 10.0.0.2 dnsmasq[1]: 666844 fd02:c8be:1d40:0:ed9a:a5a9:93a0:c3e8/62521 query[A] preview.redd.it from fd02:c8be:1d40:0:ed9a:a5a9:93a0:c3e8
Nov 22 13:23:43 10.0.0.2 dnsmasq[1]: 666844 fd02:c8be:1d40:0:ed9a:a5a9:93a0:c3e8/62521 cached preview.redd.it is <CNAME>
Nov 22 13:23:43 10.0.0.2 dnsmasq[1]: 666844 fd02:c8be:1d40:0:ed9a:a5a9:93a0:c3e8/62521 cached dualstack.reddit.map.fastly.net is 146.75.117.140
Nov 22 13:23:43 10.0.0.2 dnsmasq[1]: 666845 fd02:c8be:1d40:0:ed9a:a5a9:93a0:c3e8/57881 query[A] b.thumbs.redditmedia.com from fd02:c8be:1d40:0:ed9a:a5a9:93a0:c3e8
Nov 22 13:23:43 10.0.0.2 dnsmasq[1]: 666845 fd02:c8be:1d40:0:ed9a:a5a9:93a0:c3e8/57881 cached b.thumbs.redditmedia.com is <CNAME>
Nov 22 13:23:43 10.0.0.2 dnsmasq[1]: 666845 fd02:c8be:1d40:0:ed9a:a5a9:93a0:c3e8/57881 cached dualstack.reddit.map.fastly.net is 146.75.117.140
Nov 22 13:23:49 10.0.0.2 ulogd[1267]: [NEW] ORIG: SRC=192.168.1.180 DST=35.186.224.25 PROTO=UDP SPT=65403 DPT=443 PKTS=0 BYTES=0 , REPLY: SRC=35.186.224.25 DST=176.36.141.89 PROTO=UDP SPT=443 DPT=65403 PKTS=0 BYTES=0
Nov 22 13:23:49 10.0.0.2 ulogd[1267]: [NEW] ORIG: SRC=192.168.1.180 DST=35.186.224.25 PROTO=TCP SPT=61317 DPT=443 PKTS=0 BYTES=0 , REPLY: SRC=35.186.224.25 DST=176.36.141.89 PROTO=TCP SPT=443 DPT=61317 PKTS=0 BYTES=0
Nov 22 13:23:49 10.0.0.2 dnsmasq[1]: 666846 fd02:c8be:1d40:0:ed9a:a5a9:93a0:c3e8/62521 query[A] cdn.embedly.com from fd02:c8be:1d40:0:ed9a:a5a9:93a0:c3e8
Nov 22 13:23:49 10.0.0.2 ulogd[1267]: [NEW] ORIG: SRC=192.168.1.1 DST=192.168.1.45 PROTO=UDP SPT=57578 DPT=5353 PKTS=0 BYTES=0 , REPLY: SRC=192.168.1.45 DST=192.168.1.1 PROTO=UDP SPT=5353 DPT=57578 PKTS=0 BYTES=0
Nov 22 13:23:49 10.0.0.2 dnsmasq[1]: 666846 fd02:c8be:1d40:0:ed9a:a5a9:93a0:c3e8/62521 forwarded cdn.embedly.com to 192.168.1.45
Nov 22 13:23:49 10.0.0.2 dnsmasq[1]: 666846 fd02:c8be:1d40:0:ed9a:a5a9:93a0:c3e8/62521 forwarded cdn.embedly.com to 194.50.85.5
Nov 22 13:23:49 10.0.0.2 ulogd[1267]: [NEW] ORIG: SRC=176.36.141.89 DST=194.50.85.5 PROTO=UDP SPT=57578 DPT=53 PKTS=0 BYTES=0 , REPLY: SRC=194.50.85.5 DST=176.36.141.89 PROTO=UDP SPT=53 DPT=57578 PKTS=0 BYTES=0
Nov 22 13:23:49 10.0.0.2 ulogd[1267]: [NEW] ORIG: SRC=176.36.141.89 DST=194.50.85.7 PROTO=UDP SPT=57578 DPT=53 PKTS=0 BYTES=0 , REPLY: SRC=194.50.85.7 DST=176.36.141.89 PROTO=UDP SPT=53 DPT=57578 PKTS=0 BYTES=0
Nov 22 13:23:49 10.0.0.2 dnsmasq[1]: 666846 fd02:c8be:1d40:0:ed9a:a5a9:93a0:c3e8/62521 forwarded cdn.embedly.com to 194.50.85.7
Nov 22 13:23:49 10.0.0.2 dnsmasq[1]: 666846 fd02:c8be:1d40:0:ed9a:a5a9:93a0:c3e8/62521 reply cdn.embedly.com is <CNAME>
Nov 22 13:23:49 10.0.0.2 dnsmasq[1]: 666846 fd02:c8be:1d40:0:ed9a:a5a9:93a0:c3e8/62521 reply cdn.embed.ly.cdn.cloudflare.net is 104.16.89.50
Nov 22 13:23:49 10.0.0.2 dnsmasq[1]: 666846 fd02:c8be:1d40:0:ed9a:a5a9:93a0:c3e8/62521 reply cdn.embed.ly.cdn.cloudflare.net is 104.16.90.50
Nov 22 13:23:49 10.0.0.2 ulogd[1267]: [NEW] ORIG: SRC=192.168.1.180 DST=104.16.89.50 PROTO=TCP SPT=61318 DPT=443 PKTS=0 BYTES=0 , REPLY: SRC=104.16.89.50 DST=176.36.141.89 PROTO=TCP SPT=443 DPT=61318 PKTS=0 BYTES=0
Nov 22 13:23:50 10.0.0.2 ulogd[1267]: [NEW] ORIG: SRC=192.168.1.180 DST=104.16.89.50 PROTO=TCP SPT=61319 DPT=443 PKTS=0 BYTES=0 , REPLY: SRC=104.16.89.50 DST=176.36.141.89 PROTO=TCP SPT=443 DPT=61319 PKTS=0 BYTES=0
Nov 22 13:23:50 10.0.0.2 ulogd[1267]: [NEW] ORIG: SRC=192.168.1.180 DST=104.16.89.50 PROTO=TCP SPT=61320 DPT=443 PKTS=0 BYTES=0 , REPLY: SRC=104.16.89.50 DST=176.36.141.89 PROTO=TCP SPT=443 DPT=61320 PKTS=0 BYTES=0
Nov 22 13:23:50 10.0.0.2 ulogd[1267]: [NEW] ORIG: SRC=192.168.1.180 DST=104.16.89.50 PROTO=TCP SPT=61321 DPT=443 PKTS=0 BYTES=0 , REPLY: SRC=104.16.89.50 DST=176.36.141.89 PROTO=TCP SPT=443 DPT=61321 PKTS=0 BYTES=0
Nov 22 13:23:50 10.0.0.2 ulogd[1267]: [NEW] ORIG: SRC=192.168.1.180 DST=104.16.89.50 PROTO=TCP SPT=61323 DPT=443 PKTS=0 BYTES=0 , REPLY: SRC=104.16.89.50 DST=176.36.141.89 PROTO=TCP SPT=443 DPT=61323 PKTS=0 BYTES=0
Nov 22 13:23:50 10.0.0.2 ulogd[1267]: [NEW] ORIG: SRC=192.168.1.180 DST=104.16.89.50 PROTO=TCP SPT=61322 DPT=443 PKTS=0 BYTES=0 , REPLY: SRC=104.16.89.50 DST=176.36.141.89 PROTO=TCP SPT=443 DPT=61322 PKTS=0 BYTES=0
Nov 22 13:23:50 10.0.0.2 ulogd[1267]: [NEW] ORIG: SRC=192.168.1.180 DST=104.16.89.50 PROTO=TCP SPT=61324 DPT=443 PKTS=0 BYTES=0 , REPLY: SRC=104.16.89.50 DST=176.36.141.89 PROTO=TCP SPT=443 DPT=61324 PKTS=0 BYTES=0
Nov 22 13:23:50 10.0.0.2 dnsmasq[1]: 666847 fd02:c8be:1d40:0:ed9a:a5a9:93a0:c3e8/57881 query[A] streamable.com from fd02:c8be:1d40:0:ed9a:a5a9:93a0:c3e8
Nov 22 13:23:50 10.0.0.2 dnsmasq[1]: 666847 fd02:c8be:1d40:0:ed9a:a5a9:93a0:c3e8/57881 forwarded streamable.com to 194.50.85.5
Nov 22 13:23:50 10.0.0.2 ulogd[1267]: [NEW] ORIG: SRC=176.36.141.89 DST=194.50.85.5 PROTO=UDP SPT=32895 DPT=53 PKTS=0 BYTES=0 , REPLY: SRC=194.50.85.5 DST=176.36.141.89 PROTO=UDP SPT=53 DPT=32895 PKTS=0 BYTES=0
Nov 22 13:23:50 10.0.0.2 ulogd[1267]: [NEW] ORIG: SRC=192.168.1.180 DST=192.168.1.1 PROTO=UDP SPT=57881 DPT=53 PKTS=0 BYTES=0 , REPLY: SRC=192.168.1.1 DST=192.168.1.180 PROTO=UDP SPT=53 DPT=57881 PKTS=0 BYTES=0
Nov 22 13:23:50 10.0.0.2 dnsmasq[1]: 666848 192.168.1.180/57881 query[A] streamable.com from 192.168.1.180
Nov 22 13:23:51 10.0.0.2 ulogd[1267]: [NEW] ORIG: SRC=178.62.203.224 DST=176.36.141.89 PROTO=ICMP TYPE=0 CODE=8 PKTS=0 BYTES=0 , REPLY: SRC=176.36.141.89 DST=178.62.203.224 PROTO=ICMP TYPE=0 CODE=8 PKTS=0 BYTES=0
Nov 22 13:23:51 10.0.0.2 dnsmasq[1]: 666849 fd02:c8be:1d40:0:ed9a:a5a9:93a0:c3e8/57881 query[A] streamable.com from fd02:c8be:1d40:0:ed9a:a5a9:93a0:c3e8
Nov 22 13:23:51 10.0.0.2 dnsmasq[1]: 666849 fd02:c8be:1d40:0:ed9a:a5a9:93a0:c3e8/57881 forwarded streamable.com to 192.168.1.45
Nov 22 13:23:51 10.0.0.2 ulogd[1267]: [NEW] ORIG: SRC=192.168.1.1 DST=192.168.1.45 PROTO=UDP SPT=32895 DPT=5353 PKTS=0 BYTES=0 , REPLY: SRC=192.168.1.45 DST=192.168.1.1 PROTO=UDP SPT=5353 DPT=32895 PKTS=0 BYTES=0
Nov 22 13:23:51 10.0.0.2 dnsmasq[1]: 666849 fd02:c8be:1d40:0:ed9a:a5a9:93a0:c3e8/57881 forwarded streamable.com to 194.50.85.5
Nov 22 13:23:51 10.0.0.2 dnsmasq[1]: 666849 fd02:c8be:1d40:0:ed9a:a5a9:93a0:c3e8/57881 forwarded streamable.com to 194.50.85.7
Nov 22 13:23:51 10.0.0.2 dnsmasq[1]: 666849 fd02:c8be:1d40:0:ed9a:a5a9:93a0:c3e8/57881 reply streamable.com is 151.101.65.63
Nov 22 13:23:51 10.0.0.2 ulogd[1267]: [NEW] ORIG: SRC=176.36.141.89 DST=194.50.85.7 PROTO=UDP SPT=32895 DPT=53 PKTS=0 BYTES=0 , REPLY: SRC=194.50.85.7 DST=176.36.141.89 PROTO=UDP SPT=53 DPT=32895 PKTS=0 BYTES=0
Nov 22 13:23:51 10.0.0.2 dnsmasq[1]: 666849 fd02:c8be:1d40:0:ed9a:a5a9:93a0:c3e8/57881 reply streamable.com is 151.101.1.63
Nov 22 13:23:51 10.0.0.2 dnsmasq[1]: 666849 fd02:c8be:1d40:0:ed9a:a5a9:93a0:c3e8/57881 reply streamable.com is 151.101.129.63
Nov 22 13:23:51 10.0.0.2 dnsmasq[1]: 666849 fd02:c8be:1d40:0:ed9a:a5a9:93a0:c3e8/57881 reply streamable.com is 151.101.193.63
Nov 22 13:23:51 10.0.0.2 dnsmasq[1]: 666848 192.168.1.180/57881 reply query is duplicate
Nov 22 13:23:51 10.0.0.2 ulogd[1267]: [NEW] ORIG: SRC=192.168.1.180 DST=151.101.65.63 PROTO=TCP SPT=61325 DPT=443 PKTS=0 BYTES=0 , REPLY: SRC=151.101.65.63 DST=176.36.141.89 PROTO=TCP SPT=443 DPT=61325 PKTS=0 BYTES=0
Nov 22 13:23:51 10.0.0.2 dnsmasq[1]: 666850 fd02:c8be:1d40:0:ed9a:a5a9:93a0:c3e8/62521 query[A] statics.streamable.com from fd02:c8be:1d40:0:ed9a:a5a9:93a0:c3e8
Nov 22 13:23:51 10.0.0.2 ulogd[1267]: [NEW] ORIG: SRC=fd02:c8be:1d40:0:ed9a:a5a9:93a0:c3e8 DST=fd02:c8be:1d40::1 PROTO=UDP SPT=63346 DPT=53 PKTS=0 BYTES=0 , REPLY: SRC=fd02:c8be:1d40::1 DST=fd02:c8be:1d40:0:ed9a:a5a9:93a0:c3e8 PROTO=UDP SPT=53 DPT=63346 PKTS=0 BYTES=0
Nov 22 13:23:51 10.0.0.2 dnsmasq[1]: 666850 fd02:c8be:1d40:0:ed9a:a5a9:93a0:c3e8/62521 forwarded statics.streamable.com to 194.50.85.7
Nov 22 13:23:51 10.0.0.2 ulogd[1267]: [NEW] ORIG: SRC=176.36.141.89 DST=194.50.85.7 PROTO=UDP SPT=36702 DPT=53 PKTS=0 BYTES=0 , REPLY: SRC=194.50.85.7 DST=176.36.141.89 PROTO=UDP SPT=53 DPT=36702 PKTS=0 BYTES=0
Nov 22 13:23:51 10.0.0.2 dnsmasq[1]: 666851 fd02:c8be:1d40:0:ed9a:a5a9:93a0:c3e8/63346 query[A] cdn-cf-east.streamable.com from fd02:c8be:1d40:0:ed9a:a5a9:93a0:c3e8
Nov 22 13:23:51 10.0.0.2 ulogd[1267]: [NEW] ORIG: SRC=176.36.141.89 DST=194.50.85.7 PROTO=UDP SPT=44881 DPT=53 PKTS=0 BYTES=0 , REPLY: SRC=194.50.85.7 DST=176.36.141.89 PROTO=UDP SPT=53 DPT=44881 PKTS=0 BYTES=0
Nov 22 13:23:51 10.0.0.2 dnsmasq[1]: 666851 fd02:c8be:1d40:0:ed9a:a5a9:93a0:c3e8/63346 forwarded cdn-cf-east.streamable.com to 194.50.85.7
Nov 22 13:23:51 10.0.0.2 dnsmasq[1]: 666851 fd02:c8be:1d40:0:ed9a:a5a9:93a0:c3e8/63346 reply cdn-cf-east.streamable.com is 108.138.51.54
Nov 22 13:23:51 10.0.0.2 dnsmasq[1]: 666851 fd02:c8be:1d40:0:ed9a:a5a9:93a0:c3e8/63346 reply cdn-cf-east.streamable.com is 108.138.51.51
Nov 22 13:23:51 10.0.0.2 dnsmasq[1]: 666851 fd02:c8be:1d40:0:ed9a:a5a9:93a0:c3e8/63346 reply cdn-cf-east.streamable.com is 108.138.51.27
Nov 22 13:23:51 10.0.0.2 dnsmasq[1]: 666851 fd02:c8be:1d40:0:ed9a:a5a9:93a0:c3e8/63346 reply cdn-cf-east.streamable.com is 108.138.51.83
Nov 22 13:23:51 10.0.0.2 ulogd[1267]: [NEW] ORIG: SRC=192.168.1.180 DST=108.138.51.54 PROTO=TCP SPT=61326 DPT=443 PKTS=0 BYTES=0 , REPLY: SRC=108.138.51.54 DST=176.36.141.89 PROTO=TCP SPT=443 DPT=61326 PKTS=0 BYTES=0
Nov 22 13:23:51 10.0.0.2 dnsmasq[1]: 666850 fd02:c8be:1d40:0:ed9a:a5a9:93a0:c3e8/62521 reply statics.streamable.com is <CNAME>
Nov 22 13:23:51 10.0.0.2 dnsmasq[1]: 666850 fd02:c8be:1d40:0:ed9a:a5a9:93a0:c3e8/62521 reply statics.b-cdn.net is 143.244.45.177
Nov 22 13:23:51 10.0.0.2 ulogd[1267]: [NEW] ORIG: SRC=192.168.1.180 DST=143.244.45.177 PROTO=TCP SPT=61327 DPT=443 PKTS=0 BYTES=0 , REPLY: SRC=143.244.45.177 DST=176.36.141.89 PROTO=TCP SPT=443 DPT=61327 PKTS=0 BYTES=0
Nov 22 13:23:51 10.0.0.2 dnsmasq[1]: 666852 fd02:c8be:1d40:0:ed9a:a5a9:93a0:c3e8/63346 query[A] socket.streamable.com from fd02:c8be:1d40:0:ed9a:a5a9:93a0:c3e8
Nov 22 13:23:51 10.0.0.2 ulogd[1267]: [NEW] ORIG: SRC=176.36.141.89 DST=194.50.85.7 PROTO=UDP SPT=39020 DPT=53 PKTS=0 BYTES=0 , REPLY: SRC=194.50.85.7 DST=176.36.141.89 PROTO=UDP SPT=53 DPT=39020 PKTS=0 BYTES=0
Nov 22 13:23:51 10.0.0.2 dnsmasq[1]: 666852 fd02:c8be:1d40:0:ed9a:a5a9:93a0:c3e8/63346 forwarded socket.streamable.com to 194.50.85.7
Nov 22 13:23:51 10.0.0.2 dnsmasq[1]: 666852 fd02:c8be:1d40:0:ed9a:a5a9:93a0:c3e8/63346 reply socket.streamable.com is 54.196.117.34
Nov 22 13:23:51 10.0.0.2 dnsmasq[1]: 666852 fd02:c8be:1d40:0:ed9a:a5a9:93a0:c3e8/63346 reply socket.streamable.com is 54.226.217.35
Nov 22 13:23:51 10.0.0.2 dnsmasq[1]: 666852 fd02:c8be:1d40:0:ed9a:a5a9:93a0:c3e8/63346 reply socket.streamable.com is 34.199.149.168
Nov 22 13:23:51 10.0.0.2 dnsmasq[1]: 666853 fd02:c8be:1d40:0:ed9a:a5a9:93a0:c3e8/62521 query[A] v.embed-cdn.com from fd02:c8be:1d40:0:ed9a:a5a9:93a0:c3e8
Nov 22 13:23:51 10.0.0.2 ulogd[1267]: [NEW] ORIG: SRC=fd02:c8be:1d40:0:ed9a:a5a9:93a0:c3e8 DST=fd02:c8be:1d40::1 PROTO=UDP SPT=52424 DPT=53 PKTS=0 BYTES=0 , REPLY: SRC=fd02:c8be:1d40::1 DST=fd02:c8be:1d40:0:ed9a:a5a9:93a0:c3e8 PROTO=UDP SPT=53 DPT=52424 PKTS=0 BYTES=0
Nov 22 13:23:51 10.0.0.2 dnsmasq[1]: 666853 fd02:c8be:1d40:0:ed9a:a5a9:93a0:c3e8/62521 forwarded v.embed-cdn.com to 194.50.85.7
Nov 22 13:23:51 10.0.0.2 ulogd[1267]: [NEW] ORIG: SRC=176.36.141.89 DST=194.50.85.7 PROTO=UDP SPT=35287 DPT=53 PKTS=0 BYTES=0 , REPLY: SRC=194.50.85.7 DST=176.36.141.89 PROTO=UDP SPT=53 DPT=35287 PKTS=0 BYTES=0
Nov 22 13:23:51 10.0.0.2 ulogd[1267]: [DESTROY] ORIG: SRC=176.36.141.89 DST=194.50.85.5 PROTO=UDP SPT=56105 DPT=53 PKTS=1 BYTES=66 , REPLY: SRC=194.50.85.5 DST=176.36.141.89 PROTO=UDP SPT=53 DPT=56105 PKTS=1 BYTES=127
Nov 22 13:23:51 10.0.0.2 dnsmasq[1]: 666854 fd02:c8be:1d40:0:ed9a:a5a9:93a0:c3e8/52424 query[A] cdn.embed.ly from fd02:c8be:1d40:0:ed9a:a5a9:93a0:c3e8
Nov 22 13:23:51 10.0.0.2 ulogd[1267]: [NEW] ORIG: SRC=192.168.1.180 DST=54.196.117.34 PROTO=TCP SPT=61328 DPT=443 PKTS=0 BYTES=0 , REPLY: SRC=54.196.117.34 DST=176.36.141.89 PROTO=TCP SPT=443 DPT=61328 PKTS=0 BYTES=0
Nov 22 13:23:51 10.0.0.2 dnsmasq[1]: 666854 fd02:c8be:1d40:0:ed9a:a5a9:93a0:c3e8/52424 forwarded cdn.embed.ly to 194.50.85.7
Nov 22 13:23:51 10.0.0.2 dnsmasq[1]: 666854 fd02:c8be:1d40:0:ed9a:a5a9:93a0:c3e8/52424 reply cdn.embed.ly is <CNAME>
Nov 22 13:23:51 10.0.0.2 dnsmasq[1]: 666854 fd02:c8be:1d40:0:ed9a:a5a9:93a0:c3e8/52424 reply cdn.embed.ly.cdn.cloudflare.net is 104.16.90.50
Nov 22 13:23:51 10.0.0.2 dnsmasq[1]: 666854 fd02:c8be:1d40:0:ed9a:a5a9:93a0:c3e8/52424 reply cdn.embed.ly.cdn.cloudflare.net is 104.16.89.50
Nov 22 13:23:51 10.0.0.2 ulogd[1267]: [NEW] ORIG: SRC=176.36.141.89 DST=194.50.85.7 PROTO=UDP SPT=58425 DPT=53 PKTS=0 BYTES=0 , REPLY: SRC=194.50.85.7 DST=176.36.141.89 PROTO=UDP SPT=53 DPT=58425 PKTS=0 BYTES=0
Nov 22 13:23:51 10.0.0.2 dnsmasq[1]: 666853 fd02:c8be:1d40:0:ed9a:a5a9:93a0:c3e8/62521 reply v.embed-cdn.com is <CNAME>
Nov 22 13:23:51 10.0.0.2 dnsmasq[1]: 666853 fd02:c8be:1d40:0:ed9a:a5a9:93a0:c3e8/62521 reply embedcdn.b-cdn.net is 143.244.45.177
Nov 22 13:23:51 10.0.0.2 ulogd[1267]: [NEW] ORIG: SRC=192.168.1.180 DST=104.16.90.50 PROTO=TCP SPT=61329 DPT=443 PKTS=0 BYTES=0 , REPLY: SRC=104.16.90.50 DST=176.36.141.89 PROTO=TCP SPT=443 DPT=61329 PKTS=0 BYTES=0
Nov 22 13:23:51 10.0.0.2 ulogd[1267]: [NEW] ORIG: SRC=192.168.1.180 DST=143.244.45.177 PROTO=TCP SPT=61330 DPT=443 PKTS=0 BYTES=0 , REPLY: SRC=143.244.45.177 DST=176.36.141.89 PROTO=TCP SPT=443 DPT=61330 PKTS=0 BYTES=0
Nov 22 13:24:02 10.0.0.2 dnsmasq[1]: 666855 fd02:c8be:1d40:0:ed9a:a5a9:93a0:c3e8/63346 query[A] matrix-client.matrix.org from fd02:c8be:1d40:0:ed9a:a5a9:93a0:c3e8
Nov 22 13:24:02 10.0.0.2 ulogd[1267]: [NEW] ORIG: SRC=176.36.141.89 DST=194.50.85.7 PROTO=UDP SPT=35326 DPT=53 PKTS=0 BYTES=0 , REPLY: SRC=194.50.85.7 DST=176.36.141.89 PROTO=UDP SPT=53 DPT=35326 PKTS=0 BYTES=0
Nov 22 13:24:02 10.0.0.2 dnsmasq[1]: 666855 fd02:c8be:1d40:0:ed9a:a5a9:93a0:c3e8/63346 forwarded matrix-client.matrix.org to 194.50.85.7
Nov 22 13:24:02 10.0.0.2 dnsmasq[1]: 666855 fd02:c8be:1d40:0:ed9a:a5a9:93a0:c3e8/63346 reply matrix-client.matrix.org is 104.20.201.37
Nov 22 13:24:02 10.0.0.2 dnsmasq[1]: 666855 fd02:c8be:1d40:0:ed9a:a5a9:93a0:c3e8/63346 reply matrix-client.matrix.org is 172.67.19.90
Nov 22 13:24:02 10.0.0.2 dnsmasq[1]: 666855 fd02:c8be:1d40:0:ed9a:a5a9:93a0:c3e8/63346 reply matrix-client.matrix.org is 104.20.200.37
Nov 22 13:24:02 10.0.0.2 ulogd[1267]: [DESTROY] ORIG: SRC=fd02:c8be:1d40:0:ed9a:a5a9:93a0:c3e8 DST=fd02:c8be:1d40::1 PROTO=UDP SPT=60781 DPT=53 PKTS=1 BYTES=91 , REPLY: SRC=fd02:c8be:1d40::1 DST=fd02:c8be:1d40:0:ed9a:a5a9:93a0:c3e8 PROTO=UDP SPT=53 DPT=60781 PKTS=1 BYTES=194
Nov 22 13:24:06 10.0.0.2 dnsmasq[1]: 666856 fd02:c8be:1d40:0:ed9a:a5a9:93a0:c3e8/52424 query[A] styles.redditmedia.com from fd02:c8be:1d40:0:ed9a:a5a9:93a0:c3e8
Nov 22 13:24:06 10.0.0.2 dnsmasq[1]: 666856 fd02:c8be:1d40:0:ed9a:a5a9:93a0:c3e8/52424 forwarded styles.redditmedia.com to 194.50.85.7
Nov 22 13:24:06 10.0.0.2 ulogd[1267]: [NEW] ORIG: SRC=176.36.141.89 DST=194.50.85.7 PROTO=UDP SPT=37142 DPT=53 PKTS=0 BYTES=0 , REPLY: SRC=194.50.85.7 DST=176.36.141.89 PROTO=UDP SPT=53 DPT=37142 PKTS=0 BYTES=0
Nov 22 13:24:06 10.0.0.2 dnsmasq[1]: 666856 fd02:c8be:1d40:0:ed9a:a5a9:93a0:c3e8/52424 reply styles.redditmedia.com is <CNAME>
Nov 22 13:24:06 10.0.0.2 dnsmasq[1]: 666856 fd02:c8be:1d40:0:ed9a:a5a9:93a0:c3e8/52424 reply dualstack.reddit.map.fastly.net is 146.75.117.140
Nov 22 13:24:06 10.0.0.2 dnsmasq[1]: 666857 fd02:c8be:1d40:0:ed9a:a5a9:93a0:c3e8/62521 query[A] b.thumbs.redditmedia.com from fd02:c8be:1d40:0:ed9a:a5a9:93a0:c3e8
Nov 22 13:24:06 10.0.0.2 dnsmasq[1]: 666857 fd02:c8be:1d40:0:ed9a:a5a9:93a0:c3e8/62521 forwarded b.thumbs.redditmedia.com to 194.50.85.7
Nov 22 13:24:06 10.0.0.2 ulogd[1267]: [NEW] ORIG: SRC=176.36.141.89 DST=194.50.85.7 PROTO=UDP SPT=60255 DPT=53 PKTS=0 BYTES=0 , REPLY: SRC=194.50.85.7 DST=176.36.141.89 PROTO=UDP SPT=53 DPT=60255 PKTS=0 BYTES=0
Nov 22 13:24:06 10.0.0.2 dnsmasq[1]: 666857 fd02:c8be:1d40:0:ed9a:a5a9:93a0:c3e8/62521 reply b.thumbs.redditmedia.com is <CNAME>
Nov 22 13:24:06 10.0.0.2 dnsmasq[1]: 666857 fd02:c8be:1d40:0:ed9a:a5a9:93a0:c3e8/62521 reply dualstack.reddit.map.fastly.net is 146.75.117.140
Nov 22 13:24:12 10.0.0.2 ulogd[1267]: [NEW] ORIG: SRC=43.206.228.217 DST=176.36.141.89 PROTO=ICMP TYPE=0 CODE=8 PKTS=0 BYTES=0 , REPLY: SRC=176.36.141.89 DST=43.206.228.217 PROTO=ICMP TYPE=0 CODE=8 PKTS=0 BYTES=0
Nov 22 13:24:12 10.0.0.2 ulogd[1267]: [NEW] ORIG: SRC=18.183.10.166 DST=176.36.141.89 PROTO=ICMP TYPE=0 CODE=8 PKTS=0 BYTES=0 , REPLY: SRC=176.36.141.89 DST=18.183.10.166 PROTO=ICMP TYPE=0 CODE=8 PKTS=0 BYTES=0
Nov 22 13:24:12 10.0.0.2 ulogd[1267]: [DESTROY] ORIG: SRC=35.77.79.102 DST=176.36.141.89 PROTO=ICMP TYPE=0 CODE=8 PKTS=1 BYTES=36 , REPLY: SRC=176.36.141.89 DST=35.77.79.102 PROTO=ICMP TYPE=0 CODE=8 PKTS=1 BYTES=36
Nov 22 13:24:12 10.0.0.2 ulogd[1267]: [NEW] ORIG: SRC=35.77.79.102 DST=176.36.141.89 PROTO=ICMP TYPE=0 CODE=8 PKTS=0 BYTES=0 , REPLY: SRC=176.36.141.89 DST=35.77.79.102 PROTO=ICMP TYPE=0 CODE=8 PKTS=0 BYTES=0
Nov 22 13:24:12 10.0.0.2 ulogd[1267]: [DESTROY] ORIG: SRC=176.36.141.89 DST=194.50.85.5 PROTO=UDP SPT=54329 DPT=53 PKTS=1 BYTES=60 , REPLY: SRC=194.50.85.5 DST=176.36.141.89 PROTO=UDP SPT=53 DPT=54329 PKTS=1 BYTES=111
Nov 22 13:24:17 10.0.0.2 dnsmasq[1]: 666858 fd02:c8be:1d40:0:ed9a:a5a9:93a0:c3e8/63346 query[A] sync-v2.brave.com from fd02:c8be:1d40:0:ed9a:a5a9:93a0:c3e8
Nov 22 13:24:17 10.0.0.2 dnsmasq[1]: 666858 fd02:c8be:1d40:0:ed9a:a5a9:93a0:c3e8/63346 cached sync-v2.brave.com is <CNAME>
Nov 22 13:24:17 10.0.0.2 ulogd[1267]: [NEW] ORIG: SRC=192.168.1.1 DST=192.168.1.45 PROTO=UDP SPT=44873 DPT=5353 PKTS=0 BYTES=0 , REPLY: SRC=192.168.1.45 DST=192.168.1.1 PROTO=UDP SPT=5353 DPT=44873 PKTS=0 BYTES=0
Nov 22 13:24:17 10.0.0.2 dnsmasq[1]: 666858 fd02:c8be:1d40:0:ed9a:a5a9:93a0:c3e8/63346 forwarded sync-v2.brave.com to 192.168.1.45
Nov 22 13:24:17 10.0.0.2 dnsmasq[1]: 666858 fd02:c8be:1d40:0:ed9a:a5a9:93a0:c3e8/63346 forwarded sync-v2.brave.com to 194.50.85.5
Nov 22 13:24:17 10.0.0.2 ulogd[1267]: [NEW] ORIG: SRC=176.36.141.89 DST=194.50.85.5 PROTO=UDP SPT=44873 DPT=53 PKTS=0 BYTES=0 , REPLY: SRC=194.50.85.5 DST=176.36.141.89 PROTO=UDP SPT=53 DPT=44873 PKTS=0 BYTES=0
Nov 22 13:24:17 10.0.0.2 ulogd[1267]: [NEW] ORIG: SRC=176.36.141.89 DST=194.50.85.7 PROTO=UDP SPT=44873 DPT=53 PKTS=0 BYTES=0 , REPLY: SRC=194.50.85.7 DST=176.36.141.89 PROTO=UDP SPT=53 DPT=44873 PKTS=0 BYTES=0
Nov 22 13:24:17 10.0.0.2 dnsmasq[1]: 666858 fd02:c8be:1d40:0:ed9a:a5a9:93a0:c3e8/63346 forwarded sync-v2.brave.com to 194.50.85.7
Nov 22 13:24:17 10.0.0.2 dnsmasq[1]: 666858 fd02:c8be:1d40:0:ed9a:a5a9:93a0:c3e8/63346 reply sync-v2.brave.com is <CNAME>
Nov 22 13:24:17 10.0.0.2 dnsmasq[1]: 666858 fd02:c8be:1d40:0:ed9a:a5a9:93a0:c3e8/63346 reply sync-alb-152764135.us-west-2.elb.amazonaws.com is 44.228.160.54
Nov 22 13:24:17 10.0.0.2 dnsmasq[1]: 666858 fd02:c8be:1d40:0:ed9a:a5a9:93a0:c3e8/63346 reply sync-alb-152764135.us-west-2.elb.amazonaws.com is 52.34.169.249
Nov 22 13:24:17 10.0.0.2 dnsmasq[1]: 666858 fd02:c8be:1d40:0:ed9a:a5a9:93a0:c3e8/63346 reply sync-alb-152764135.us-west-2.elb.amazonaws.com is 54.190.8.136
Nov 22 13:24:24 10.0.0.2 dnsmasq[1]: 666859 fd02:c8be:1d40:0:ed9a:a5a9:93a0:c3e8/52424 query[A] www.aljazeera.com from fd02:c8be:1d40:0:ed9a:a5a9:93a0:c3e8
Nov 22 13:24:24 10.0.0.2 dnsmasq[1]: 666859 fd02:c8be:1d40:0:ed9a:a5a9:93a0:c3e8/52424 forwarded www.aljazeera.com to 194.50.85.5
Nov 22 13:24:24 10.0.0.2 ulogd[1267]: [NEW] ORIG: SRC=176.36.141.89 DST=194.50.85.5 PROTO=UDP SPT=37939 DPT=53 PKTS=0 BYTES=0 , REPLY: SRC=194.50.85.5 DST=176.36.141.89 PROTO=UDP SPT=53 DPT=37939 PKTS=0 BYTES=0
Nov 22 13:24:24 10.0.0.2 ulogd[1267]: [NEW] ORIG: SRC=192.168.1.180 DST=192.168.1.1 PROTO=UDP SPT=52424 DPT=53 PKTS=0 BYTES=0 , REPLY: SRC=192.168.1.1 DST=192.168.1.180 PROTO=UDP SPT=53 DPT=52424 PKTS=0 BYTES=0
Nov 22 13:24:24 10.0.0.2 dnsmasq[1]: 666860 192.168.1.180/52424 query[A] www.aljazeera.com from 192.168.1.180
Nov 22 13:24:25 10.0.0.2 dnsmasq[1]: 666861 fd02:c8be:1d40:0:ed9a:a5a9:93a0:c3e8/52424 query[A] www.aljazeera.com from fd02:c8be:1d40:0:ed9a:a5a9:93a0:c3e8
Nov 22 13:24:25 10.0.0.2 ulogd[1267]: [NEW] ORIG: SRC=192.168.1.1 DST=192.168.1.45 PROTO=UDP SPT=37939 DPT=5353 PKTS=0 BYTES=0 , REPLY: SRC=192.168.1.45 DST=192.168.1.1 PROTO=UDP SPT=5353 DPT=37939 PKTS=0 BYTES=0
Nov 22 13:24:25 10.0.0.2 dnsmasq[1]: 666861 fd02:c8be:1d40:0:ed9a:a5a9:93a0:c3e8/52424 forwarded www.aljazeera.com to 192.168.1.45
Nov 22 13:24:25 10.0.0.2 dnsmasq[1]: 666861 fd02:c8be:1d40:0:ed9a:a5a9:93a0:c3e8/52424 forwarded www.aljazeera.com to 194.50.85.5
Nov 22 13:24:25 10.0.0.2 ulogd[1267]: [NEW] ORIG: SRC=176.36.141.89 DST=194.50.85.7 PROTO=UDP SPT=37939 DPT=53 PKTS=0 BYTES=0 , REPLY: SRC=194.50.85.7 DST=176.36.141.89 PROTO=UDP SPT=53 DPT=37939 PKTS=0 BYTES=0
Nov 22 13:24:25 10.0.0.2 dnsmasq[1]: 666861 fd02:c8be:1d40:0:ed9a:a5a9:93a0:c3e8/52424 forwarded www.aljazeera.com to 194.50.85.7
Nov 22 13:24:25 10.0.0.2 dnsmasq[1]: 666861 fd02:c8be:1d40:0:ed9a:a5a9:93a0:c3e8/52424 reply www.aljazeera.com is <CNAME>
Nov 22 13:24:25 10.0.0.2 dnsmasq[1]: 666861 fd02:c8be:1d40:0:ed9a:a5a9:93a0:c3e8/52424 reply www.aljazeera.com.edgekey.net is <CNAME>
Nov 22 13:24:25 10.0.0.2 dnsmasq[1]: 666861 fd02:c8be:1d40:0:ed9a:a5a9:93a0:c3e8/52424 reply e9106.dscg.akamaiedge.net is 23.200.160.171
Nov 22 13:24:25 10.0.0.2 dnsmasq[1]: 666860 192.168.1.180/52424 reply query is duplicate
Nov 22 13:24:28 10.0.0.2 dnsmasq[1]: 666862 fd02:c8be:1d40:0:ed9a:a5a9:93a0:c3e8/62521 query[A] www.reddit.com from fd02:c8be:1d40:0:ed9a:a5a9:93a0:c3e8
Nov 22 13:24:28 10.0.0.2 dnsmasq[1]: 666862 fd02:c8be:1d40:0:ed9a:a5a9:93a0:c3e8/62521 cached www.reddit.com is <CNAME>
Nov 22 13:24:28 10.0.0.2 ulogd[1267]: [NEW] ORIG: SRC=176.36.141.89 DST=194.50.85.7 PROTO=UDP SPT=50991 DPT=53 PKTS=0 BYTES=0 , REPLY: SRC=194.50.85.7 DST=176.36.141.89 PROTO=UDP SPT=53 DPT=50991 PKTS=0 BYTES=0
Nov 22 13:24:28 10.0.0.2 dnsmasq[1]: 666862 fd02:c8be:1d40:0:ed9a:a5a9:93a0:c3e8/62521 forwarded www.reddit.com to 194.50.85.7
Nov 22 13:24:28 10.0.0.2 dnsmasq[1]: 666862 fd02:c8be:1d40:0:ed9a:a5a9:93a0:c3e8/62521 reply www.reddit.com is <CNAME>
Nov 22 13:24:28 10.0.0.2 dnsmasq[1]: 666862 fd02:c8be:1d40:0:ed9a:a5a9:93a0:c3e8/62521 reply reddit.map.fastly.net is 146.75.117.140
Nov 22 13:24:31 10.0.0.2 dnsmasq[1]: 666863 fd02:c8be:1d40:0:ed9a:a5a9:93a0:c3e8/63346 query[A] external-preview.redd.it from fd02:c8be:1d40:0:ed9a:a5a9:93a0:c3e8
Nov 22 13:24:31 10.0.0.2 ulogd[1267]: [NEW] ORIG: SRC=176.36.141.89 DST=194.50.85.7 PROTO=UDP SPT=40618 DPT=53 PKTS=0 BYTES=0 , REPLY: SRC=194.50.85.7 DST=176.36.141.89 PROTO=UDP SPT=53 DPT=40618 PKTS=0 BYTES=0
Nov 22 13:24:31 10.0.0.2 dnsmasq[1]: 666863 fd02:c8be:1d40:0:ed9a:a5a9:93a0:c3e8/63346 forwarded external-preview.redd.it to 194.50.85.7
Nov 22 13:24:31 10.0.0.2 dnsmasq[1]: 666863 fd02:c8be:1d40:0:ed9a:a5a9:93a0:c3e8/63346 reply external-preview.redd.it is <CNAME>
Nov 22 13:24:31 10.0.0.2 dnsmasq[1]: 666863 fd02:c8be:1d40:0:ed9a:a5a9:93a0:c3e8/63346 reply dualstack.reddit.map.fastly.net is 146.75.117.140
Nov 22 13:24:31 10.0.0.2 ulogd[1267]: [DESTROY] ORIG: SRC=192.168.1.180 DST=18.159.197.225 PROTO=TCP SPT=61306 DPT=443 PKTS=17 BYTES=3407 , REPLY: SRC=18.159.197.225 DST=176.36.141.89 PROTO=TCP SPT=443 DPT=61306 PKTS=19 BYTES=2438
Nov 22 13:24:31 10.0.0.2 dnsmasq[1]: 666864 fd02:c8be:1d40:0:ed9a:a5a9:93a0:c3e8/62521 query[A] v.redd.it from fd02:c8be:1d40:0:ed9a:a5a9:93a0:c3e8
Nov 22 13:24:31 10.0.0.2 ulogd[1267]: [NEW] ORIG: SRC=176.36.141.89 DST=194.50.85.7 PROTO=UDP SPT=33678 DPT=53 PKTS=0 BYTES=0 , REPLY: SRC=194.50.85.7 DST=176.36.141.89 PROTO=UDP SPT=53 DPT=33678 PKTS=0 BYTES=0
Nov 22 13:24:31 10.0.0.2 dnsmasq[1]: 666864 fd02:c8be:1d40:0:ed9a:a5a9:93a0:c3e8/62521 forwarded v.redd.it to 194.50.85.7
Nov 22 13:24:31 10.0.0.2 dnsmasq[1]: 666864 fd02:c8be:1d40:0:ed9a:a5a9:93a0:c3e8/62521 reply v.redd.it is <CNAME>
Nov 22 13:24:31 10.0.0.2 dnsmasq[1]: 666864 fd02:c8be:1d40:0:ed9a:a5a9:93a0:c3e8/62521 reply dualstack.reddit.map.fastly.net is 146.75.117.140
Nov 22 13:24:36 10.0.0.2 ulogd[1267]: [DESTROY] ORIG: SRC=176.36.141.89 DST=194.50.85.7 PROTO=UDP SPT=43604 DPT=53 PKTS=1 BYTES=71 , REPLY: SRC=194.50.85.7 DST=176.36.141.89 PROTO=UDP SPT=53 DPT=43604 PKTS=1 BYTES=125
Nov 22 13:24:41 10.0.0.2 ulogd[1267]: [DESTROY] ORIG: SRC=176.36.141.89 DST=194.50.85.5 PROTO=UDP SPT=38551 DPT=53 PKTS=1 BYTES=68 , REPLY: SRC=194.50.85.5 DST=176.36.141.89 PROTO=UDP SPT=53 DPT=38551 PKTS=1 BYTES=129
Nov 22 13:24:42 10.0.0.2 dnsmasq[1]: 666865 fd02:c8be:1d40:0:ed9a:a5a9:93a0:c3e8/63346 query[A] js.ui-portal.de from fd02:c8be:1d40:0:ed9a:a5a9:93a0:c3e8
Nov 22 13:24:42 10.0.0.2 dnsmasq[1]: 666865 fd02:c8be:1d40:0:ed9a:a5a9:93a0:c3e8/63346 forwarded js.ui-portal.de to 192.168.1.45
Nov 22 13:24:42 10.0.0.2 ulogd[1267]: [NEW] ORIG: SRC=192.168.1.1 DST=192.168.1.45 PROTO=UDP SPT=37198 DPT=5353 PKTS=0 BYTES=0 , REPLY: SRC=192.168.1.45 DST=192.168.1.1 PROTO=UDP SPT=5353 DPT=37198 PKTS=0 BYTES=0
Nov 22 13:24:42 10.0.0.2 dnsmasq[1]: 666865 fd02:c8be:1d40:0:ed9a:a5a9:93a0:c3e8/63346 forwarded js.ui-portal.de to 194.50.85.5
