Nov 22 13:20:38 10.0.0.2 ulogd[1267]: [DESTROY] ORIG: SRC=192.168.1.180 DST=35.186.224.25 PROTO=UDP SPT=56739 DPT=443 PKTS=9 BYTES=5530 , REPLY: SRC=35.186.224.25 DST=176.36.141.89 PROTO=UDP SPT=443 DPT=56739 PKTS=9 BYTES=4127
Nov 22 13:20:38 10.0.0.2 ulogd[1267]: [DESTROY] ORIG: SRC=176.36.141.89 DST=194.50.85.7 PROTO=UDP SPT=35507 DPT=53 PKTS=1 BYTES=71 , REPLY: SRC=194.50.85.7 DST=176.36.141.89 PROTO=UDP SPT=53 DPT=35507 PKTS=1 BYTES=125
Nov 22 13:20:41 10.0.0.2 ulogd[1267]: [NEW] ORIG: SRC=fd02:c8be:1d40:0:ed9a:a5a9:93a0:c3e8 DST=fd02:c8be:1d40::1 PROTO=UDP SPT=52736 DPT=53 PKTS=0 BYTES=0 , REPLY: SRC=fd02:c8be:1d40::1 DST=fd02:c8be:1d40:0:ed9a:a5a9:93a0:c3e8 PROTO=UDP SPT=53 DPT=52736 PKTS=0 BYTES=0
Nov 22 13:20:41 10.0.0.2 dnsmasq[1]: 666800 fd02:c8be:1d40:0:ed9a:a5a9:93a0:c3e8/52736 query[A] gew1-spclient.spotify.com from fd02:c8be:1d40:0:ed9a:a5a9:93a0:c3e8
Nov 22 13:20:41 10.0.0.2 ulogd[1267]: [NEW] ORIG: SRC=fd02:c8be:1d40:0:ed9a:a5a9:93a0:c3e8 DST=fd02:c8be:1d40::1 PROTO=UDP SPT=56240 DPT=53 PKTS=0 BYTES=0 , REPLY: SRC=fd02:c8be:1d40::1 DST=fd02:c8be:1d40:0:ed9a:a5a9:93a0:c3e8 PROTO=UDP SPT=53 DPT=56240 PKTS=0 BYTES=0
Nov 22 13:20:41 10.0.0.2 ulogd[1267]: [NEW] ORIG: SRC=176.36.141.89 DST=194.50.85.5 PROTO=UDP SPT=55635 DPT=53 PKTS=0 BYTES=0 , REPLY: SRC=194.50.85.5 DST=176.36.141.89 PROTO=UDP SPT=53 DPT=55635 PKTS=0 BYTES=0
Nov 22 13:20:41 10.0.0.2 dnsmasq[1]: 666800 fd02:c8be:1d40:0:ed9a:a5a9:93a0:c3e8/52736 forwarded gew1-spclient.spotify.com to 194.50.85.5
Nov 22 13:20:41 10.0.0.2 dnsmasq[1]: 666800 fd02:c8be:1d40:0:ed9a:a5a9:93a0:c3e8/52736 reply gew1-spclient.spotify.com is <CNAME>
Nov 22 13:20:41 10.0.0.2 dnsmasq[1]: 666800 fd02:c8be:1d40:0:ed9a:a5a9:93a0:c3e8/52736 reply edge-web-gew1.dual-gslb.spotify.com is 35.186.224.18
Nov 22 13:20:41 10.0.0.2 dnsmasq[1]: 666801 fd02:c8be:1d40:0:ed9a:a5a9:93a0:c3e8/56240 query[type=65] gew1-spclient.spotify.com from fd02:c8be:1d40:0:ed9a:a5a9:93a0:c3e8
Nov 22 13:20:41 10.0.0.2 dnsmasq[1]: 666801 fd02:c8be:1d40:0:ed9a:a5a9:93a0:c3e8/56240 cached gew1-spclient.spotify.com is <CNAME>
Nov 22 13:20:41 10.0.0.2 dnsmasq[1]: 666801 fd02:c8be:1d40:0:ed9a:a5a9:93a0:c3e8/56240 forwarded gew1-spclient.spotify.com to 194.50.85.5
Nov 22 13:20:41 10.0.0.2 ulogd[1267]: [NEW] ORIG: SRC=176.36.141.89 DST=194.50.85.5 PROTO=UDP SPT=54896 DPT=53 PKTS=0 BYTES=0 , REPLY: SRC=194.50.85.5 DST=176.36.141.89 PROTO=UDP SPT=53 DPT=54896 PKTS=0 BYTES=0
Nov 22 13:20:41 10.0.0.2 dnsmasq[1]: 666801 fd02:c8be:1d40:0:ed9a:a5a9:93a0:c3e8/56240 reply gew1-spclient.spotify.com is <CNAME>
Nov 22 13:20:41 10.0.0.2 dnsmasq[1]: 666801 fd02:c8be:1d40:0:ed9a:a5a9:93a0:c3e8/56240 reply edge-web-gew1.dual-gslb.spotify.com is NODATA
Nov 22 13:20:41 10.0.0.2 ulogd[1267]: [NEW] ORIG: SRC=192.168.1.180 DST=35.186.224.18 PROTO=UDP SPT=64366 DPT=443 PKTS=0 BYTES=0 , REPLY: SRC=35.186.224.18 DST=176.36.141.89 PROTO=UDP SPT=443 DPT=64366 PKTS=0 BYTES=0
Nov 22 13:20:53 10.0.0.2 ulogd[1267]: [NEW] ORIG: SRC=140.179.229.97 DST=176.36.141.89 PROTO=ICMP TYPE=0 CODE=8 PKTS=0 BYTES=0 , REPLY: SRC=176.36.141.89 DST=140.179.229.97 PROTO=ICMP TYPE=0 CODE=8 PKTS=0 BYTES=0
Nov 22 13:20:53 10.0.0.2 ulogd[1267]: [NEW] ORIG: SRC=192.168.1.180 DST=217.72.196.44 PROTO=TCP SPT=61309 DPT=443 PKTS=0 BYTES=0 , REPLY: SRC=217.72.196.44 DST=176.36.141.89 PROTO=TCP SPT=443 DPT=61309 PKTS=0 BYTES=0
Nov 22 13:21:06 10.0.0.2 dnsmasq[1]: 666802 fd02:c8be:1d40:0:ed9a:a5a9:93a0:c3e8/54967 query[A] www.aljazeera.com from fd02:c8be:1d40:0:ed9a:a5a9:93a0:c3e8
Nov 22 13:21:06 10.0.0.2 dnsmasq[1]: 666802 fd02:c8be:1d40:0:ed9a:a5a9:93a0:c3e8/54967 forwarded www.aljazeera.com to 192.168.1.45
Nov 22 13:21:06 10.0.0.2 dnsmasq[1]: 666802 fd02:c8be:1d40:0:ed9a:a5a9:93a0:c3e8/54967 forwarded www.aljazeera.com to 194.50.85.5
Nov 22 13:21:06 10.0.0.2 dnsmasq[1]: 666802 fd02:c8be:1d40:0:ed9a:a5a9:93a0:c3e8/54967 forwarded www.aljazeera.com to 194.50.85.7
Nov 22 13:21:06 10.0.0.2 ulogd[1267]: [NEW] ORIG: SRC=192.168.1.1 DST=192.168.1.45 PROTO=UDP SPT=47230 DPT=5353 PKTS=0 BYTES=0 , REPLY: SRC=192.168.1.45 DST=192.168.1.1 PROTO=UDP SPT=5353 DPT=47230 PKTS=0 BYTES=0
Nov 22 13:21:06 10.0.0.2 ulogd[1267]: [NEW] ORIG: SRC=176.36.141.89 DST=194.50.85.5 PROTO=UDP SPT=47230 DPT=53 PKTS=0 BYTES=0 , REPLY: SRC=194.50.85.5 DST=176.36.141.89 PROTO=UDP SPT=53 DPT=47230 PKTS=0 BYTES=0
Nov 22 13:21:06 10.0.0.2 ulogd[1267]: [NEW] ORIG: SRC=176.36.141.89 DST=194.50.85.7 PROTO=UDP SPT=47230 DPT=53 PKTS=0 BYTES=0 , REPLY: SRC=194.50.85.7 DST=176.36.141.89 PROTO=UDP SPT=53 DPT=47230 PKTS=0 BYTES=0
Nov 22 13:21:06 10.0.0.2 ulogd[1267]: [NEW] ORIG: SRC=192.168.1.180 DST=192.168.1.1 PROTO=UDP SPT=54967 DPT=53 PKTS=0 BYTES=0 , REPLY: SRC=192.168.1.1 DST=192.168.1.180 PROTO=UDP SPT=53 DPT=54967 PKTS=0 BYTES=0
Nov 22 13:21:06 10.0.0.2 dnsmasq[1]: 666803 192.168.1.180/54967 query[A] www.aljazeera.com from 192.168.1.180
Nov 22 13:21:06 10.0.0.2 dnsmasq[1]: 666802 fd02:c8be:1d40:0:ed9a:a5a9:93a0:c3e8/54967 reply www.aljazeera.com is <CNAME>
Nov 22 13:21:06 10.0.0.2 dnsmasq[1]: 666802 fd02:c8be:1d40:0:ed9a:a5a9:93a0:c3e8/54967 reply www.aljazeera.com.edgekey.net is <CNAME>
Nov 22 13:21:06 10.0.0.2 dnsmasq[1]: 666802 fd02:c8be:1d40:0:ed9a:a5a9:93a0:c3e8/54967 reply e9106.dscg.akamaiedge.net is 23.200.160.171
Nov 22 13:21:06 10.0.0.2 dnsmasq[1]: 666803 192.168.1.180/54967 reply query is duplicate
Nov 22 13:21:09 10.0.0.2 ulogd[1267]: [NEW] ORIG: SRC=fd02:c8be:1d40:0:ed9a:a5a9:93a0:c3e8 DST=fd02:c8be:1d40::1 PROTO=UDP SPT=61140 DPT=53 PKTS=0 BYTES=0 , REPLY: SRC=fd02:c8be:1d40::1 DST=fd02:c8be:1d40:0:ed9a:a5a9:93a0:c3e8 PROTO=UDP SPT=53 DPT=61140 PKTS=0 BYTES=0
Nov 22 13:21:09 10.0.0.2 dnsmasq[1]: 666804 fd02:c8be:1d40:0:ed9a:a5a9:93a0:c3e8/61140 query[A] www.reddit.com from fd02:c8be:1d40:0:ed9a:a5a9:93a0:c3e8
Nov 22 13:21:09 10.0.0.2 dnsmasq[1]: 666804 fd02:c8be:1d40:0:ed9a:a5a9:93a0:c3e8/61140 forwarded www.reddit.com to 194.50.85.7
Nov 22 13:21:09 10.0.0.2 dnsmasq[1]: 666804 fd02:c8be:1d40:0:ed9a:a5a9:93a0:c3e8/61140 reply www.reddit.com is <CNAME>
Nov 22 13:21:09 10.0.0.2 ulogd[1267]: [NEW] ORIG: SRC=176.36.141.89 DST=194.50.85.7 PROTO=UDP SPT=32983 DPT=53 PKTS=0 BYTES=0 , REPLY: SRC=194.50.85.7 DST=176.36.141.89 PROTO=UDP SPT=53 DPT=32983 PKTS=0 BYTES=0
Nov 22 13:21:09 10.0.0.2 dnsmasq[1]: 666804 fd02:c8be:1d40:0:ed9a:a5a9:93a0:c3e8/61140 reply reddit.map.fastly.net is 146.75.117.140
Nov 22 13:21:13 10.0.0.2 ulogd[1267]: [NEW] ORIG: SRC=35.77.38.176 DST=176.36.141.89 PROTO=ICMP TYPE=0 CODE=8 PKTS=0 BYTES=0 , REPLY: SRC=176.36.141.89 DST=35.77.38.176 PROTO=ICMP TYPE=0 CODE=8 PKTS=0 BYTES=0
Nov 22 13:21:13 10.0.0.2 ulogd[1267]: [DESTROY] ORIG: SRC=18.183.10.166 DST=176.36.141.89 PROTO=ICMP TYPE=0 CODE=8 PKTS=1 BYTES=36 , REPLY: SRC=176.36.141.89 DST=18.183.10.166 PROTO=ICMP TYPE=0 CODE=8 PKTS=1 BYTES=36
Nov 22 13:21:13 10.0.0.2 ulogd[1267]: [NEW] ORIG: SRC=18.183.10.166 DST=176.36.141.89 PROTO=ICMP TYPE=0 CODE=8 PKTS=0 BYTES=0 , REPLY: SRC=176.36.141.89 DST=18.183.10.166 PROTO=ICMP TYPE=0 CODE=8 PKTS=0 BYTES=0
Nov 22 13:21:13 10.0.0.2 ulogd[1267]: [DESTROY] ORIG: SRC=18.176.54.79 DST=176.36.141.89 PROTO=ICMP TYPE=0 CODE=8 PKTS=1 BYTES=36 , REPLY: SRC=176.36.141.89 DST=18.176.54.79 PROTO=ICMP TYPE=0 CODE=8 PKTS=1 BYTES=36
Nov 22 13:21:13 10.0.0.2 ulogd[1267]: [NEW] ORIG: SRC=18.176.54.79 DST=176.36.141.89 PROTO=ICMP TYPE=0 CODE=8 PKTS=0 BYTES=0 , REPLY: SRC=176.36.141.89 DST=18.176.54.79 PROTO=ICMP TYPE=0 CODE=8 PKTS=0 BYTES=0
Nov 22 13:21:16 10.0.0.2 dnsmasq[1]: 666805 fd02:c8be:1d40:0:ed9a:a5a9:93a0:c3e8/61140 query[A] sync-v2.brave.com from fd02:c8be:1d40:0:ed9a:a5a9:93a0:c3e8
Nov 22 13:21:16 10.0.0.2 ulogd[1267]: [NEW] ORIG: SRC=176.36.141.89 DST=194.50.85.7 PROTO=UDP SPT=34324 DPT=53 PKTS=0 BYTES=0 , REPLY: SRC=194.50.85.7 DST=176.36.141.89 PROTO=UDP SPT=53 DPT=34324 PKTS=0 BYTES=0
Nov 22 13:21:16 10.0.0.2 dnsmasq[1]: 666805 fd02:c8be:1d40:0:ed9a:a5a9:93a0:c3e8/61140 forwarded sync-v2.brave.com to 194.50.85.7
Nov 22 13:21:16 10.0.0.2 dnsmasq[1]: 666805 fd02:c8be:1d40:0:ed9a:a5a9:93a0:c3e8/61140 reply sync-v2.brave.com is <CNAME>
Nov 22 13:21:16 10.0.0.2 dnsmasq[1]: 666805 fd02:c8be:1d40:0:ed9a:a5a9:93a0:c3e8/61140 reply sync-alb-152764135.us-west-2.elb.amazonaws.com is 52.34.169.249
Nov 22 13:21:16 10.0.0.2 dnsmasq[1]: 666805 fd02:c8be:1d40:0:ed9a:a5a9:93a0:c3e8/61140 reply sync-alb-152764135.us-west-2.elb.amazonaws.com is 54.190.8.136
Nov 22 13:21:16 10.0.0.2 dnsmasq[1]: 666805 fd02:c8be:1d40:0:ed9a:a5a9:93a0:c3e8/61140 reply sync-alb-152764135.us-west-2.elb.amazonaws.com is 44.228.160.54
Nov 22 13:21:22 10.0.0.2 dnsmasq[1]: 666806 fd02:c8be:1d40:0:ed9a:a5a9:93a0:c3e8/61140 query[A] v.redd.it from fd02:c8be:1d40:0:ed9a:a5a9:93a0:c3e8
Nov 22 13:21:22 10.0.0.2 dnsmasq[1]: 666806 fd02:c8be:1d40:0:ed9a:a5a9:93a0:c3e8/61140 forwarded v.redd.it to 194.50.85.7
Nov 22 13:21:22 10.0.0.2 ulogd[1267]: [NEW] ORIG: SRC=176.36.141.89 DST=194.50.85.7 PROTO=UDP SPT=59573 DPT=53 PKTS=0 BYTES=0 , REPLY: SRC=194.50.85.7 DST=176.36.141.89 PROTO=UDP SPT=53 DPT=59573 PKTS=0 BYTES=0
Nov 22 13:21:22 10.0.0.2 dnsmasq[1]: 666806 fd02:c8be:1d40:0:ed9a:a5a9:93a0:c3e8/61140 reply v.redd.it is <CNAME>
Nov 22 13:21:22 10.0.0.2 dnsmasq[1]: 666806 fd02:c8be:1d40:0:ed9a:a5a9:93a0:c3e8/61140 reply dualstack.reddit.map.fastly.net is 146.75.117.140
Nov 22 13:21:24 10.0.0.2 ulogd[1267]: [NEW] ORIG: SRC=fe80::b295:75ff:fe15:6fa5 DST=ff02::1:2 PROTO=UDP SPT=546 DPT=547 PKTS=0 BYTES=0 , REPLY: SRC=ff02::1:2 DST=fe80::b295:75ff:fe15:6fa5 PROTO=UDP SPT=547 DPT=546 PKTS=0 BYTES=0
Nov 22 13:21:25 10.0.0.2 dnsmasq[1]: 666807 fd02:c8be:1d40:0:ed9a:a5a9:93a0:c3e8/61140 query[A] styles.redditmedia.com from fd02:c8be:1d40:0:ed9a:a5a9:93a0:c3e8
Nov 22 13:21:25 10.0.0.2 dnsmasq[1]: 666807 fd02:c8be:1d40:0:ed9a:a5a9:93a0:c3e8/61140 cached styles.redditmedia.com is <CNAME>
Nov 22 13:21:25 10.0.0.2 dnsmasq[1]: 666807 fd02:c8be:1d40:0:ed9a:a5a9:93a0:c3e8/61140 cached dualstack.reddit.map.fastly.net is 146.75.117.140
Nov 22 13:21:28 10.0.0.2 dnsmasq[1]: 666808 fd02:c8be:1d40:0:ed9a:a5a9:93a0:c3e8/61140 query[A] preview.redd.it from fd02:c8be:1d40:0:ed9a:a5a9:93a0:c3e8
Nov 22 13:21:28 10.0.0.2 ulogd[1267]: [NEW] ORIG: SRC=fd02:c8be:1d40:0:ed9a:a5a9:93a0:c3e8 DST=fd02:c8be:1d40::1 PROTO=UDP SPT=53794 DPT=53 PKTS=0 BYTES=0 , REPLY: SRC=fd02:c8be:1d40::1 DST=fd02:c8be:1d40:0:ed9a:a5a9:93a0:c3e8 PROTO=UDP SPT=53 DPT=53794 PKTS=0 BYTES=0
Nov 22 13:21:28 10.0.0.2 dnsmasq[1]: 666808 fd02:c8be:1d40:0:ed9a:a5a9:93a0:c3e8/61140 cached preview.redd.it is <CNAME>
Nov 22 13:21:28 10.0.0.2 dnsmasq[1]: 666808 fd02:c8be:1d40:0:ed9a:a5a9:93a0:c3e8/61140 cached dualstack.reddit.map.fastly.net is 146.75.117.140
Nov 22 13:21:28 10.0.0.2 dnsmasq[1]: 666809 fd02:c8be:1d40:0:ed9a:a5a9:93a0:c3e8/53794 query[A] b.thumbs.redditmedia.com from fd02:c8be:1d40:0:ed9a:a5a9:93a0:c3e8
Nov 22 13:21:28 10.0.0.2 dnsmasq[1]: 666809 fd02:c8be:1d40:0:ed9a:a5a9:93a0:c3e8/53794 forwarded b.thumbs.redditmedia.com to 192.168.1.45
Nov 22 13:21:28 10.0.0.2 ulogd[1267]: [NEW] ORIG: SRC=192.168.1.1 DST=192.168.1.45 PROTO=UDP SPT=48361 DPT=5353 PKTS=0 BYTES=0 , REPLY: SRC=192.168.1.45 DST=192.168.1.1 PROTO=UDP SPT=5353 DPT=48361 PKTS=0 BYTES=0
Nov 22 13:21:28 10.0.0.2 ulogd[1267]: [NEW] ORIG: SRC=176.36.141.89 DST=194.50.85.5 PROTO=UDP SPT=48361 DPT=53 PKTS=0 BYTES=0 , REPLY: SRC=194.50.85.5 DST=176.36.141.89 PROTO=UDP SPT=53 DPT=48361 PKTS=0 BYTES=0
Nov 22 13:21:28 10.0.0.2 dnsmasq[1]: 666809 fd02:c8be:1d40:0:ed9a:a5a9:93a0:c3e8/53794 forwarded b.thumbs.redditmedia.com to 194.50.85.5
Nov 22 13:21:28 10.0.0.2 dnsmasq[1]: 666809 fd02:c8be:1d40:0:ed9a:a5a9:93a0:c3e8/53794 forwarded b.thumbs.redditmedia.com to 194.50.85.7
Nov 22 13:21:28 10.0.0.2 ulogd[1267]: [NEW] ORIG: SRC=176.36.141.89 DST=194.50.85.7 PROTO=UDP SPT=48361 DPT=53 PKTS=0 BYTES=0 , REPLY: SRC=194.50.85.7 DST=176.36.141.89 PROTO=UDP SPT=53 DPT=48361 PKTS=0 BYTES=0
Nov 22 13:21:28 10.0.0.2 dnsmasq[1]: 666809 fd02:c8be:1d40:0:ed9a:a5a9:93a0:c3e8/53794 reply b.thumbs.redditmedia.com is <CNAME>
Nov 22 13:21:28 10.0.0.2 dnsmasq[1]: 666809 fd02:c8be:1d40:0:ed9a:a5a9:93a0:c3e8/53794 reply dualstack.reddit.map.fastly.net is 146.75.117.140
Nov 22 13:21:28 10.0.0.2 dnsmasq[1]: 666810 fd02:c8be:1d40:0:ed9a:a5a9:93a0:c3e8/61140 query[A] external-preview.redd.it from fd02:c8be:1d40:0:ed9a:a5a9:93a0:c3e8
Nov 22 13:21:28 10.0.0.2 dnsmasq[1]: 666810 fd02:c8be:1d40:0:ed9a:a5a9:93a0:c3e8/61140 forwarded external-preview.redd.it to 194.50.85.5
Nov 22 13:21:28 10.0.0.2 dnsmasq[1]: 666810 fd02:c8be:1d40:0:ed9a:a5a9:93a0:c3e8/61140 reply external-preview.redd.it is <CNAME>
Nov 22 13:21:28 10.0.0.2 ulogd[1267]: [NEW] ORIG: SRC=176.36.141.89 DST=194.50.85.5 PROTO=UDP SPT=59530 DPT=53 PKTS=0 BYTES=0 , REPLY: SRC=194.50.85.5 DST=176.36.141.89 PROTO=UDP SPT=53 DPT=59530 PKTS=0 BYTES=0
Nov 22 13:21:28 10.0.0.2 dnsmasq[1]: 666810 fd02:c8be:1d40:0:ed9a:a5a9:93a0:c3e8/61140 reply dualstack.reddit.map.fastly.net is 146.75.117.140
Nov 22 13:21:31 10.0.0.2 dnsmasq[1]: 666811 fd02:c8be:1d40:0:ed9a:a5a9:93a0:c3e8/53794 query[A] packaged-media.redd.it from fd02:c8be:1d40:0:ed9a:a5a9:93a0:c3e8
Nov 22 13:21:31 10.0.0.2 dnsmasq[1]: 666811 fd02:c8be:1d40:0:ed9a:a5a9:93a0:c3e8/53794 forwarded packaged-media.redd.it to 194.50.85.5
Nov 22 13:21:31 10.0.0.2 dnsmasq[1]: 666811 fd02:c8be:1d40:0:ed9a:a5a9:93a0:c3e8/53794 reply packaged-media.redd.it is <CNAME>
Nov 22 13:21:31 10.0.0.2 dnsmasq[1]: 666811 fd02:c8be:1d40:0:ed9a:a5a9:93a0:c3e8/53794 reply dualstack.reddit.map.fastly.net is 146.75.117.140
Nov 22 13:21:31 10.0.0.2 ulogd[1267]: [NEW] ORIG: SRC=176.36.141.89 DST=194.50.85.5 PROTO=UDP SPT=57120 DPT=53 PKTS=0 BYTES=0 , REPLY: SRC=194.50.85.5 DST=176.36.141.89 PROTO=UDP SPT=53 DPT=57120 PKTS=0 BYTES=0
Nov 22 13:21:33 10.0.0.2 ulogd[1267]: [DESTROY] ORIG: SRC=140.179.229.97 DST=176.36.141.89 PROTO=ICMP TYPE=0 CODE=8 PKTS=1 BYTES=84 , REPLY: SRC=176.36.141.89 DST=140.179.229.97 PROTO=ICMP TYPE=0 CODE=8 PKTS=1 BYTES=84
Nov 22 13:21:43 10.0.0.2 dnsmasq[1]: 666812 fd02:c8be:1d40:0:ed9a:a5a9:93a0:c3e8/61140 query[A] www.redditstatic.com from fd02:c8be:1d40:0:ed9a:a5a9:93a0:c3e8
Nov 22 13:21:43 10.0.0.2 ulogd[1267]: [NEW] ORIG: SRC=176.36.141.89 DST=194.50.85.5 PROTO=UDP SPT=56105 DPT=53 PKTS=0 BYTES=0 , REPLY: SRC=194.50.85.5 DST=176.36.141.89 PROTO=UDP SPT=53 DPT=56105 PKTS=0 BYTES=0
Nov 22 13:21:43 10.0.0.2 dnsmasq[1]: 666812 fd02:c8be:1d40:0:ed9a:a5a9:93a0:c3e8/61140 forwarded www.redditstatic.com to 194.50.85.5
Nov 22 13:21:43 10.0.0.2 dnsmasq[1]: 666812 fd02:c8be:1d40:0:ed9a:a5a9:93a0:c3e8/61140 reply www.redditstatic.com is <CNAME>
Nov 22 13:21:43 10.0.0.2 dnsmasq[1]: 666812 fd02:c8be:1d40:0:ed9a:a5a9:93a0:c3e8/61140 reply dualstack.reddit.map.fastly.net is 146.75.117.140
Nov 22 13:21:47 10.0.0.2 dnsmasq[1]: 666813 fd02:c8be:1d40:0:ed9a:a5a9:93a0:c3e8/53794 query[A] alive.github.com from fd02:c8be:1d40:0:ed9a:a5a9:93a0:c3e8
Nov 22 13:21:47 10.0.0.2 ulogd[1267]: [NEW] ORIG: SRC=176.36.141.89 DST=194.50.85.5 PROTO=UDP SPT=33246 DPT=53 PKTS=0 BYTES=0 , REPLY: SRC=194.50.85.5 DST=176.36.141.89 PROTO=UDP SPT=53 DPT=33246 PKTS=0 BYTES=0
Nov 22 13:21:47 10.0.0.2 dnsmasq[1]: 666813 fd02:c8be:1d40:0:ed9a:a5a9:93a0:c3e8/53794 forwarded alive.github.com to 194.50.85.5
Nov 22 13:21:47 10.0.0.2 dnsmasq[1]: 666813 fd02:c8be:1d40:0:ed9a:a5a9:93a0:c3e8/53794 reply alive.github.com is <CNAME>
Nov 22 13:21:47 10.0.0.2 dnsmasq[1]: 666813 fd02:c8be:1d40:0:ed9a:a5a9:93a0:c3e8/53794 reply live.github.com is 140.82.112.26
Nov 22 13:21:47 10.0.0.2 ulogd[1267]: [NEW] ORIG: SRC=192.168.1.180 DST=140.82.112.26 PROTO=TCP SPT=61310 DPT=443 PKTS=0 BYTES=0 , REPLY: SRC=140.82.112.26 DST=176.36.141.89 PROTO=TCP SPT=443 DPT=61310 PKTS=0 BYTES=0
Nov 22 13:21:50 10.0.0.2 ulogd[1267]: [DESTROY] ORIG: SRC=fd02:c8be:1d40:0:ed9a:a5a9:93a0:c3e8 DST=fd02:c8be:1d40::1 PROTO=UDP SPT=56083 DPT=53 PKTS=8 BYTES=675 , REPLY: SRC=fd02:c8be:1d40::1 DST=fd02:c8be:1d40:0:ed9a:a5a9:93a0:c3e8 PROTO=UDP SPT=53 DPT=56083 PKTS=8 BYTES=1277
Nov 22 13:21:53 10.0.0.2 ulogd[1267]: [NEW] ORIG: SRC=fd02:c8be:1d40:0:ed9a:a5a9:93a0:c3e8 DST=fd02:c8be:1d40::1 PROTO=UDP SPT=53878 DPT=53 PKTS=0 BYTES=0 , REPLY: SRC=fd02:c8be:1d40::1 DST=fd02:c8be:1d40:0:ed9a:a5a9:93a0:c3e8 PROTO=UDP SPT=53 DPT=53878 PKTS=0 BYTES=0
Nov 22 13:21:53 10.0.0.2 dnsmasq[1]: 666814 fd02:c8be:1d40:0:ed9a:a5a9:93a0:c3e8/53878 query[A] gew1-spclient.spotify.com from fd02:c8be:1d40:0:ed9a:a5a9:93a0:c3e8
Nov 22 13:21:53 10.0.0.2 dnsmasq[1]: 666814 fd02:c8be:1d40:0:ed9a:a5a9:93a0:c3e8/53878 cached gew1-spclient.spotify.com is <CNAME>
Nov 22 13:21:53 10.0.0.2 ulogd[1267]: [NEW] ORIG: SRC=fd02:c8be:1d40:0:ed9a:a5a9:93a0:c3e8 DST=fd02:c8be:1d40::1 PROTO=UDP SPT=60781 DPT=53 PKTS=0 BYTES=0 , REPLY: SRC=fd02:c8be:1d40::1 DST=fd02:c8be:1d40:0:ed9a:a5a9:93a0:c3e8 PROTO=UDP SPT=53 DPT=60781 PKTS=0 BYTES=0
Nov 22 13:21:53 10.0.0.2 dnsmasq[1]: 666814 fd02:c8be:1d40:0:ed9a:a5a9:93a0:c3e8/53878 forwarded gew1-spclient.spotify.com to 192.168.1.45
Nov 22 13:21:53 10.0.0.2 ulogd[1267]: [NEW] ORIG: SRC=192.168.1.1 DST=192.168.1.45 PROTO=UDP SPT=43604 DPT=5353 PKTS=0 BYTES=0 , REPLY: SRC=192.168.1.45 DST=192.168.1.1 PROTO=UDP SPT=5353 DPT=43604 PKTS=0 BYTES=0
Nov 22 13:21:53 10.0.0.2 dnsmasq[1]: 666814 fd02:c8be:1d40:0:ed9a:a5a9:93a0:c3e8/53878 forwarded gew1-spclient.spotify.com to 194.50.85.5
Nov 22 13:21:53 10.0.0.2 ulogd[1267]: [NEW] ORIG: SRC=176.36.141.89 DST=194.50.85.5 PROTO=UDP SPT=43604 DPT=53 PKTS=0 BYTES=0 , REPLY: SRC=194.50.85.5 DST=176.36.141.89 PROTO=UDP SPT=53 DPT=43604 PKTS=0 BYTES=0
Nov 22 13:21:53 10.0.0.2 dnsmasq[1]: 666814 fd02:c8be:1d40:0:ed9a:a5a9:93a0:c3e8/53878 forwarded gew1-spclient.spotify.com to 194.50.85.7
Nov 22 13:21:53 10.0.0.2 ulogd[1267]: [NEW] ORIG: SRC=176.36.141.89 DST=194.50.85.7 PROTO=UDP SPT=43604 DPT=53 PKTS=0 BYTES=0 , REPLY: SRC=194.50.85.7 DST=176.36.141.89 PROTO=UDP SPT=53 DPT=43604 PKTS=0 BYTES=0
Nov 22 13:21:53 10.0.0.2 dnsmasq[1]: 666815 fd02:c8be:1d40:0:ed9a:a5a9:93a0:c3e8/60781 query[type=65] gew1-spclient.spotify.com from fd02:c8be:1d40:0:ed9a:a5a9:93a0:c3e8
Nov 22 13:21:53 10.0.0.2 dnsmasq[1]: 666815 fd02:c8be:1d40:0:ed9a:a5a9:93a0:c3e8/60781 forwarded gew1-spclient.spotify.com to 194.50.85.5
Nov 22 13:21:53 10.0.0.2 ulogd[1267]: [NEW] ORIG: SRC=176.36.141.89 DST=194.50.85.5 PROTO=UDP SPT=35908 DPT=53 PKTS=0 BYTES=0 , REPLY: SRC=194.50.85.5 DST=176.36.141.89 PROTO=UDP SPT=53 DPT=35908 PKTS=0 BYTES=0
Nov 22 13:21:53 10.0.0.2 dnsmasq[1]: 666814 fd02:c8be:1d40:0:ed9a:a5a9:93a0:c3e8/53878 reply gew1-spclient.spotify.com is <CNAME>
Nov 22 13:21:53 10.0.0.2 dnsmasq[1]: 666814 fd02:c8be:1d40:0:ed9a:a5a9:93a0:c3e8/53878 reply edge-web-gew1.dual-gslb.spotify.com is 35.186.224.18
Nov 22 13:21:53 10.0.0.2 dnsmasq[1]: 666815 fd02:c8be:1d40:0:ed9a:a5a9:93a0:c3e8/60781 reply gew1-spclient.spotify.com is <CNAME>
Nov 22 13:21:53 10.0.0.2 dnsmasq[1]: 666815 fd02:c8be:1d40:0:ed9a:a5a9:93a0:c3e8/60781 reply edge-web-gew1.dual-gslb.spotify.com is NODATA
Nov 22 13:21:53 10.0.0.2 ulogd[1267]: [NEW] ORIG: SRC=192.168.1.180 DST=35.186.224.18 PROTO=UDP SPT=58786 DPT=443 PKTS=0 BYTES=0 , REPLY: SRC=35.186.224.18 DST=176.36.141.89 PROTO=UDP SPT=443 DPT=58786 PKTS=0 BYTES=0
Nov 22 13:21:54 10.0.0.2 dnsmasq[1]: 666816 fd02:c8be:1d40:0:ed9a:a5a9:93a0:c3e8/61140 query[A] v.redd.it from fd02:c8be:1d40:0:ed9a:a5a9:93a0:c3e8
Nov 22 13:21:54 10.0.0.2 dnsmasq[1]: 666816 fd02:c8be:1d40:0:ed9a:a5a9:93a0:c3e8/61140 cached v.redd.it is <CNAME>
Nov 22 13:21:54 10.0.0.2 dnsmasq[1]: 666816 fd02:c8be:1d40:0:ed9a:a5a9:93a0:c3e8/61140 cached dualstack.reddit.map.fastly.net is 146.75.117.140
Nov 22 13:22:02 10.0.0.2 ulogd[1267]: [NEW] ORIG: SRC=148.153.92.250 DST=176.36.141.89 PROTO=ICMP TYPE=0 CODE=8 PKTS=0 BYTES=0 , REPLY: SRC=176.36.141.89 DST=148.153.92.250 PROTO=ICMP TYPE=0 CODE=8 PKTS=0 BYTES=0
Nov 22 13:22:02 10.0.0.2 ulogd[1267]: [NEW] ORIG: SRC=148.153.92.250 DST=176.36.141.89 PROTO=ICMP TYPE=0 CODE=8 PKTS=0 BYTES=0 , REPLY: SRC=176.36.141.89 DST=148.153.92.250 PROTO=ICMP TYPE=0 CODE=8 PKTS=0 BYTES=0
Nov 22 13:22:02 10.0.0.2 ulogd[1267]: [NEW] ORIG: SRC=148.153.92.250 DST=176.36.141.89 PROTO=ICMP TYPE=0 CODE=8 PKTS=0 BYTES=0 , REPLY: SRC=176.36.141.89 DST=148.153.92.250 PROTO=ICMP TYPE=0 CODE=8 PKTS=0 BYTES=0
Nov 22 13:22:02 10.0.0.2 ulogd[1267]: [NEW] ORIG: SRC=148.153.92.250 DST=176.36.141.89 PROTO=ICMP TYPE=0 CODE=8 PKTS=0 BYTES=0 , REPLY: SRC=176.36.141.89 DST=148.153.92.250 PROTO=ICMP TYPE=0 CODE=8 PKTS=0 BYTES=0
Nov 22 13:22:02 10.0.0.2 ulogd[1267]: [NEW] ORIG: SRC=148.153.92.250 DST=176.36.141.89 PROTO=ICMP TYPE=0 CODE=8 PKTS=0 BYTES=0 , REPLY: SRC=176.36.141.89 DST=148.153.92.250 PROTO=ICMP TYPE=0 CODE=8 PKTS=0 BYTES=0
Nov 22 13:22:02 10.0.0.2 ulogd[1267]: [NEW] ORIG: SRC=148.153.92.250 DST=176.36.141.89 PROTO=ICMP TYPE=0 CODE=8 PKTS=0 BYTES=0 , REPLY: SRC=176.36.141.89 DST=148.153.92.250 PROTO=ICMP TYPE=0 CODE=8 PKTS=0 BYTES=0
Nov 22 13:22:02 10.0.0.2 ulogd[1267]: [NEW] ORIG: SRC=148.153.92.250 DST=176.36.141.89 PROTO=ICMP TYPE=0 CODE=8 PKTS=0 BYTES=0 , REPLY: SRC=176.36.141.89 DST=148.153.92.250 PROTO=ICMP TYPE=0 CODE=8 PKTS=0 BYTES=0
Nov 22 13:22:02 10.0.0.2 ulogd[1267]: [NEW] ORIG: SRC=148.153.92.250 DST=176.36.141.89 PROTO=ICMP TYPE=0 CODE=8 PKTS=0 BYTES=0 , REPLY: SRC=176.36.141.89 DST=148.153.92.250 PROTO=ICMP TYPE=0 CODE=8 PKTS=0 BYTES=0
Nov 22 13:22:02 10.0.0.2 ulogd[1267]: [NEW] ORIG: SRC=148.153.92.250 DST=176.36.141.89 PROTO=ICMP TYPE=0 CODE=8 PKTS=0 BYTES=0 , REPLY: SRC=176.36.141.89 DST=148.153.92.250 PROTO=ICMP TYPE=0 CODE=8 PKTS=0 BYTES=0
Nov 22 13:22:02 10.0.0.2 ulogd[1267]: [NEW] ORIG: SRC=148.153.92.250 DST=176.36.141.89 PROTO=ICMP TYPE=0 CODE=8 PKTS=0 BYTES=0 , REPLY: SRC=176.36.141.89 DST=148.153.92.250 PROTO=ICMP TYPE=0 CODE=8 PKTS=0 BYTES=0
Nov 22 13:22:02 10.0.0.2 ulogd[1267]: [NEW] ORIG: SRC=148.153.92.250 DST=176.36.141.89 PROTO=ICMP TYPE=0 CODE=8 PKTS=0 BYTES=0 , REPLY: SRC=176.36.141.89 DST=148.153.92.250 PROTO=ICMP TYPE=0 CODE=8 PKTS=0 BYTES=0
Nov 22 13:22:02 10.0.0.2 ulogd[1267]: [NEW] ORIG: SRC=148.153.92.250 DST=176.36.141.89 PROTO=ICMP TYPE=0 CODE=8 PKTS=0 BYTES=0 , REPLY: SRC=176.36.141.89 DST=148.153.92.250 PROTO=ICMP TYPE=0 CODE=8 PKTS=0 BYTES=0
Nov 22 13:22:02 10.0.0.2 ulogd[1267]: [NEW] ORIG: SRC=148.153.92.250 DST=176.36.141.89 PROTO=ICMP TYPE=0 CODE=8 PKTS=0 BYTES=0 , REPLY: SRC=176.36.141.89 DST=148.153.92.250 PROTO=ICMP TYPE=0 CODE=8 PKTS=0 BYTES=0
Nov 22 13:22:02 10.0.0.2 ulogd[1267]: [NEW] ORIG: SRC=148.153.92.250 DST=176.36.141.89 PROTO=ICMP TYPE=0 CODE=8 PKTS=0 BYTES=0 , REPLY: SRC=176.36.141.89 DST=148.153.92.250 PROTO=ICMP TYPE=0 CODE=8 PKTS=0 BYTES=0
Nov 22 13:22:02 10.0.0.2 ulogd[1267]: [NEW] ORIG: SRC=148.153.92.250 DST=176.36.141.89 PROTO=ICMP TYPE=0 CODE=8 PKTS=0 BYTES=0 , REPLY: SRC=176.36.141.89 DST=148.153.92.250 PROTO=ICMP TYPE=0 CODE=8 PKTS=0 BYTES=0
Nov 22 13:22:02 10.0.0.2 ulogd[1267]: [NEW] ORIG: SRC=148.153.92.250 DST=176.36.141.89 PROTO=ICMP TYPE=0 CODE=8 PKTS=0 BYTES=0 , REPLY: SRC=176.36.141.89 DST=148.153.92.250 PROTO=ICMP TYPE=0 CODE=8 PKTS=0 BYTES=0
Nov 22 13:22:02 10.0.0.2 ulogd[1267]: [NEW] ORIG: SRC=148.153.92.250 DST=176.36.141.89 PROTO=ICMP TYPE=0 CODE=8 PKTS=0 BYTES=0 , REPLY: SRC=176.36.141.89 DST=148.153.92.250 PROTO=ICMP TYPE=0 CODE=8 PKTS=0 BYTES=0
Nov 22 13:22:02 10.0.0.2 ulogd[1267]: [NEW] ORIG: SRC=148.153.92.250 DST=176.36.141.89 PROTO=ICMP TYPE=0 CODE=8 PKTS=0 BYTES=0 , REPLY: SRC=176.36.141.89 DST=148.153.92.250 PROTO=ICMP TYPE=0 CODE=8 PKTS=0 BYTES=0
Nov 22 13:22:02 10.0.0.2 ulogd[1267]: [NEW] ORIG: SRC=148.153.92.250 DST=176.36.141.89 PROTO=ICMP TYPE=0 CODE=8 PKTS=0 BYTES=0 , REPLY: SRC=176.36.141.89 DST=148.153.92.250 PROTO=ICMP TYPE=0 CODE=8 PKTS=0 BYTES=0
Nov 22 13:22:02 10.0.0.2 ulogd[1267]: [NEW] ORIG: SRC=148.153.92.250 DST=176.36.141.89 PROTO=ICMP TYPE=0 CODE=8 PKTS=0 BYTES=0 , REPLY: SRC=176.36.141.89 DST=148.153.92.250 PROTO=ICMP TYPE=0 CODE=8 PKTS=0 BYTES=0
Nov 22 13:22:02 10.0.0.2 ulogd[1267]: [NEW] ORIG: SRC=148.153.92.250 DST=176.36.141.89 PROTO=ICMP TYPE=0 CODE=8 PKTS=0 BYTES=0 , REPLY: SRC=176.36.141.89 DST=148.153.92.250 PROTO=ICMP TYPE=0 CODE=8 PKTS=0 BYTES=0
Nov 22 13:22:02 10.0.0.2 ulogd[1267]: [NEW] ORIG: SRC=148.153.92.250 DST=176.36.141.89 PROTO=ICMP TYPE=0 CODE=8 PKTS=0 BYTES=0 , REPLY: SRC=176.36.141.89 DST=148.153.92.250 PROTO=ICMP TYPE=0 CODE=8 PKTS=0 BYTES=0
Nov 22 13:22:02 10.0.0.2 ulogd[1267]: [NEW] ORIG: SRC=148.153.92.250 DST=176.36.141.89 PROTO=ICMP TYPE=0 CODE=8 PKTS=0 BYTES=0 , REPLY: SRC=176.36.141.89 DST=148.153.92.250 PROTO=ICMP TYPE=0 CODE=8 PKTS=0 BYTES=0
Nov 22 13:22:02 10.0.0.2 ulogd[1267]: [NEW] ORIG: SRC=148.153.92.250 DST=176.36.141.89 PROTO=ICMP TYPE=0 CODE=8 PKTS=0 BYTES=0 , REPLY: SRC=176.36.141.89 DST=148.153.92.250 PROTO=ICMP TYPE=0 CODE=8 PKTS=0 BYTES=0
Nov 22 13:22:02 10.0.0.2 ulogd[1267]: [NEW] ORIG: SRC=148.153.92.250 DST=176.36.141.89 PROTO=ICMP TYPE=0 CODE=8 PKTS=0 BYTES=0 , REPLY: SRC=176.36.141.89 DST=148.153.92.250 PROTO=ICMP TYPE=0 CODE=8 PKTS=0 BYTES=0
Nov 22 13:22:05 10.0.0.2 ulogd[1267]: [DESTROY] ORIG: SRC=192.168.1.180 DST=108.138.51.63 PROTO=TCP SPT=61278 DPT=443 PKTS=297 BYTES=17215 , REPLY: SRC=108.138.51.63 DST=176.36.141.89 PROTO=TCP SPT=443 DPT=61278 PKTS=185 BYTES=1841069
Nov 22 13:22:12 10.0.0.2 dnsmasq[1]: 666817 fd02:c8be:1d40:0:ed9a:a5a9:93a0:c3e8/53794 query[A] www.reddit.com from fd02:c8be:1d40:0:ed9a:a5a9:93a0:c3e8
Nov 22 13:22:12 10.0.0.2 dnsmasq[1]: 666817 fd02:c8be:1d40:0:ed9a:a5a9:93a0:c3e8/53794 cached www.reddit.com is <CNAME>
Nov 22 13:22:12 10.0.0.2 dnsmasq[1]: 666817 fd02:c8be:1d40:0:ed9a:a5a9:93a0:c3e8/53794 forwarded www.reddit.com to 194.50.85.5
Nov 22 13:22:12 10.0.0.2 ulogd[1267]: [NEW] ORIG: SRC=176.36.141.89 DST=194.50.85.5 PROTO=UDP SPT=54329 DPT=53 PKTS=0 BYTES=0 , REPLY: SRC=194.50.85.5 DST=176.36.141.89 PROTO=UDP SPT=53 DPT=54329 PKTS=0 BYTES=0
Nov 22 13:22:12 10.0.0.2 dnsmasq[1]: 666817 fd02:c8be:1d40:0:ed9a:a5a9:93a0:c3e8/53794 reply www.reddit.com is <CNAME>
Nov 22 13:22:12 10.0.0.2 dnsmasq[1]: 666817 fd02:c8be:1d40:0:ed9a:a5a9:93a0:c3e8/53794 reply reddit.map.fastly.net is 146.75.117.140
Nov 22 13:22:12 10.0.0.2 ulogd[1267]: [NEW] ORIG: SRC=35.77.79.102 DST=176.36.141.89 PROTO=ICMP TYPE=0 CODE=8 PKTS=0 BYTES=0 , REPLY: SRC=176.36.141.89 DST=35.77.79.102 PROTO=ICMP TYPE=0 CODE=8 PKTS=0 BYTES=0
Nov 22 13:22:12 10.0.0.2 ulogd[1267]: [NEW] ORIG: SRC=18.181.119.243 DST=176.36.141.89 PROTO=ICMP TYPE=0 CODE=8 PKTS=0 BYTES=0 , REPLY: SRC=176.36.141.89 DST=18.181.119.243 PROTO=ICMP TYPE=0 CODE=8 PKTS=0 BYTES=0
Nov 22 13:22:12 10.0.0.2 ulogd[1267]: [NEW] ORIG: SRC=18.183.78.150 DST=176.36.141.89 PROTO=ICMP TYPE=0 CODE=8 PKTS=0 BYTES=0 , REPLY: SRC=176.36.141.89 DST=18.183.78.150 PROTO=ICMP TYPE=0 CODE=8 PKTS=0 BYTES=0
Nov 22 13:22:13 10.0.0.2 dnsmasq[1]: 666818 fd02:c8be:1d40:0:ed9a:a5a9:93a0:c3e8/61140 query[A] www.aljazeera.com from fd02:c8be:1d40:0:ed9a:a5a9:93a0:c3e8
Nov 22 13:22:13 10.0.0.2 dnsmasq[1]: 666818 fd02:c8be:1d40:0:ed9a:a5a9:93a0:c3e8/61140 forwarded www.aljazeera.com to 194.50.85.5
Nov 22 13:22:13 10.0.0.2 ulogd[1267]: [NEW] ORIG: SRC=176.36.141.89 DST=194.50.85.5 PROTO=UDP SPT=36415 DPT=53 PKTS=0 BYTES=0 , REPLY: SRC=194.50.85.5 DST=176.36.141.89 PROTO=UDP SPT=53 DPT=36415 PKTS=0 BYTES=0
Nov 22 13:22:13 10.0.0.2 dnsmasq[1]: 666819 192.168.1.180/61140 query[A] www.aljazeera.com from 192.168.1.180
Nov 22 13:22:13 10.0.0.2 ulogd[1267]: [NEW] ORIG: SRC=192.168.1.180 DST=192.168.1.1 PROTO=UDP SPT=61140 DPT=53 PKTS=0 BYTES=0 , REPLY: SRC=192.168.1.1 DST=192.168.1.180 PROTO=UDP SPT=53 DPT=61140 PKTS=0 BYTES=0
Nov 22 13:22:13 10.0.0.2 dnsmasq[1]: 666818 fd02:c8be:1d40:0:ed9a:a5a9:93a0:c3e8/61140 reply www.aljazeera.com is <CNAME>
Nov 22 13:22:13 10.0.0.2 dnsmasq[1]: 666818 fd02:c8be:1d40:0:ed9a:a5a9:93a0:c3e8/61140 reply www.aljazeera.com.edgekey.net is <CNAME>
Nov 22 13:22:13 10.0.0.2 dnsmasq[1]: 666818 fd02:c8be:1d40:0:ed9a:a5a9:93a0:c3e8/61140 reply e9106.dscg.akamaiedge.net is 23.200.160.171
Nov 22 13:22:13 10.0.0.2 dnsmasq[1]: 666819 192.168.1.180/61140 reply query is duplicate
Nov 22 13:22:16 10.0.0.2 dnsmasq[1]: 666820 fd02:c8be:1d40:0:ed9a:a5a9:93a0:c3e8/53794 query[A] sync-v2.brave.com from fd02:c8be:1d40:0:ed9a:a5a9:93a0:c3e8
Nov 22 13:22:16 10.0.0.2 dnsmasq[1]: 666820 fd02:c8be:1d40:0:ed9a:a5a9:93a0:c3e8/53794 forwarded sync-v2.brave.com to 192.168.1.45
Nov 22 13:22:16 10.0.0.2 ulogd[1267]: [NEW] ORIG: SRC=192.168.1.1 DST=192.168.1.45 PROTO=UDP SPT=54933 DPT=5353 PKTS=0 BYTES=0 , REPLY: SRC=192.168.1.45 DST=192.168.1.1 PROTO=UDP SPT=5353 DPT=54933 PKTS=0 BYTES=0
Nov 22 13:22:16 10.0.0.2 ulogd[1267]: [NEW] ORIG: SRC=176.36.141.89 DST=194.50.85.5 PROTO=UDP SPT=54933 DPT=53 PKTS=0 BYTES=0 , REPLY: SRC=194.50.85.5 DST=176.36.141.89 PROTO=UDP SPT=53 DPT=54933 PKTS=0 BYTES=0
Nov 22 13:22:16 10.0.0.2 dnsmasq[1]: 666820 fd02:c8be:1d40:0:ed9a:a5a9:93a0:c3e8/53794 forwarded sync-v2.brave.com to 194.50.85.5
Nov 22 13:22:16 10.0.0.2 ulogd[1267]: [NEW] ORIG: SRC=176.36.141.89 DST=194.50.85.7 PROTO=UDP SPT=54933 DPT=53 PKTS=0 BYTES=0 , REPLY: SRC=194.50.85.7 DST=176.36.141.89 PROTO=UDP SPT=53 DPT=54933 PKTS=0 BYTES=0
Nov 22 13:22:16 10.0.0.2 dnsmasq[1]: 666820 fd02:c8be:1d40:0:ed9a:a5a9:93a0:c3e8/53794 forwarded sync-v2.brave.com to 194.50.85.7
Nov 22 13:22:16 10.0.0.2 dnsmasq[1]: 666820 fd02:c8be:1d40:0:ed9a:a5a9:93a0:c3e8/53794 reply sync-v2.brave.com is <CNAME>
Nov 22 13:22:16 10.0.0.2 dnsmasq[1]: 666820 fd02:c8be:1d40:0:ed9a:a5a9:93a0:c3e8/53794 reply sync-alb-152764135.us-west-2.elb.amazonaws.com is 44.228.160.54
Nov 22 13:22:16 10.0.0.2 dnsmasq[1]: 666820 fd02:c8be:1d40:0:ed9a:a5a9:93a0:c3e8/53794 reply sync-alb-152764135.us-west-2.elb.amazonaws.com is 54.190.8.136
Nov 22 13:22:16 10.0.0.2 dnsmasq[1]: 666820 fd02:c8be:1d40:0:ed9a:a5a9:93a0:c3e8/53794 reply sync-alb-152764135.us-west-2.elb.amazonaws.com is 52.34.169.249
Nov 22 13:22:17 10.0.0.2 ulogd[1267]: [NEW] ORIG: SRC=fd02:c8be:1d40:0:ed9a:a5a9:93a0:c3e8 DST=fd02:c8be:1d40::1 PROTO=UDP SPT=51077 DPT=53 PKTS=0 BYTES=0 , REPLY: SRC=fd02:c8be:1d40::1 DST=fd02:c8be:1d40:0:ed9a:a5a9:93a0:c3e8 PROTO=UDP SPT=53 DPT=51077 PKTS=0 BYTES=0
Nov 22 13:22:17 10.0.0.2 dnsmasq[1]: 666821 fd02:c8be:1d40:0:ed9a:a5a9:93a0:c3e8/51077 query[A] spclient.wg.spotify.com from fd02:c8be:1d40:0:ed9a:a5a9:93a0:c3e8
Nov 22 13:22:17 10.0.0.2 ulogd[1267]: [NEW] ORIG: SRC=fd02:c8be:1d40:0:ed9a:a5a9:93a0:c3e8 DST=fd02:c8be:1d40::1 PROTO=UDP SPT=60561 DPT=53 PKTS=0 BYTES=0 , REPLY: SRC=fd02:c8be:1d40::1 DST=fd02:c8be:1d40:0:ed9a:a5a9:93a0:c3e8 PROTO=UDP SPT=53 DPT=60561 PKTS=0 BYTES=0
Nov 22 13:22:17 10.0.0.2 dnsmasq[1]: 666821 fd02:c8be:1d40:0:ed9a:a5a9:93a0:c3e8/51077 cached spclient.wg.spotify.com is <CNAME>
Nov 22 13:22:17 10.0.0.2 dnsmasq[1]: 666821 fd02:c8be:1d40:0:ed9a:a5a9:93a0:c3e8/51077 cached edge-web.dual-gslb.spotify.com is 35.186.224.25
Nov 22 13:22:17 10.0.0.2 dnsmasq[1]: 666822 fd02:c8be:1d40:0:ed9a:a5a9:93a0:c3e8/60561 query[type=65] spclient.wg.spotify.com from fd02:c8be:1d40:0:ed9a:a5a9:93a0:c3e8
Nov 22 13:22:17 10.0.0.2 dnsmasq[1]: 666822 fd02:c8be:1d40:0:ed9a:a5a9:93a0:c3e8/60561 cached spclient.wg.spotify.com is <CNAME>
Nov 22 13:22:17 10.0.0.2 ulogd[1267]: [NEW] ORIG: SRC=176.36.141.89 DST=194.50.85.5 PROTO=UDP SPT=34693 DPT=53 PKTS=0 BYTES=0 , REPLY: SRC=194.50.85.5 DST=176.36.141.89 PROTO=UDP SPT=53 DPT=34693 PKTS=0 BYTES=0
Nov 22 13:22:17 10.0.0.2 dnsmasq[1]: 666822 fd02:c8be:1d40:0:ed9a:a5a9:93a0:c3e8/60561 forwarded spclient.wg.spotify.com to 194.50.85.5
Nov 22 13:22:17 10.0.0.2 dnsmasq[1]: 666822 fd02:c8be:1d40:0:ed9a:a5a9:93a0:c3e8/60561 reply spclient.wg.spotify.com is <CNAME>
Nov 22 13:22:17 10.0.0.2 dnsmasq[1]: 666822 fd02:c8be:1d40:0:ed9a:a5a9:93a0:c3e8/60561 reply edge-web.dual-gslb.spotify.com is NODATA
Nov 22 13:22:17 10.0.0.2 ulogd[1267]: [NEW] ORIG: SRC=192.168.1.180 DST=35.186.224.25 PROTO=UDP SPT=64513 DPT=443 PKTS=0 BYTES=0 , REPLY: SRC=35.186.224.25 DST=176.36.141.89 PROTO=UDP SPT=443 DPT=64513 PKTS=0 BYTES=0
Nov 22 13:22:19 10.0.0.2 ulogd[1267]: [DESTROY] ORIG: SRC=176.36.141.89 DST=194.50.85.5 PROTO=UDP SPT=58580 DPT=53 PKTS=1 BYTES=63 , REPLY: SRC=194.50.85.5 DST=176.36.141.89 PROTO=UDP SPT=53 DPT=58580 PKTS=1 BYTES=168
Nov 22 13:22:25 10.0.0.2 dnsmasq[1]: 666823 fd02:c8be:1d40:0:ed9a:a5a9:93a0:c3e8/53794 query[A] assets.msn.com from fd02:c8be:1d40:0:ed9a:a5a9:93a0:c3e8
Nov 22 13:22:25 10.0.0.2 ulogd[1267]: [NEW] ORIG: SRC=176.36.141.89 DST=194.50.85.5 PROTO=UDP SPT=53575 DPT=53 PKTS=0 BYTES=0 , REPLY: SRC=194.50.85.5 DST=176.36.141.89 PROTO=UDP SPT=53 DPT=53575 PKTS=0 BYTES=0
Nov 22 13:22:25 10.0.0.2 ulogd[1267]: [NEW] ORIG: SRC=fd02:c8be:1d40:0:ed9a:a5a9:93a0:c3e8 DST=fd02:c8be:1d40::1 PROTO=UDP SPT=59938 DPT=53 PKTS=0 BYTES=0 , REPLY: SRC=fd02:c8be:1d40::1 DST=fd02:c8be:1d40:0:ed9a:a5a9:93a0:c3e8 PROTO=UDP SPT=53 DPT=59938 PKTS=0 BYTES=0
Nov 22 13:22:25 10.0.0.2 dnsmasq[1]: 666823 fd02:c8be:1d40:0:ed9a:a5a9:93a0:c3e8/53794 forwarded assets.msn.com to 194.50.85.5
Nov 22 13:22:25 10.0.0.2 dnsmasq[1]: 666823 fd02:c8be:1d40:0:ed9a:a5a9:93a0:c3e8/53794 reply assets.msn.com is <CNAME>
Nov 22 13:22:25 10.0.0.2 dnsmasq[1]: 666823 fd02:c8be:1d40:0:ed9a:a5a9:93a0:c3e8/53794 reply assets.msn.com.edgekey.net is <CNAME>
Nov 22 13:22:25 10.0.0.2 dnsmasq[1]: 666823 fd02:c8be:1d40:0:ed9a:a5a9:93a0:c3e8/53794 reply e28578.d.akamaiedge.net is 95.100.111.73
Nov 22 13:22:25 10.0.0.2 dnsmasq[1]: 666823 fd02:c8be:1d40:0:ed9a:a5a9:93a0:c3e8/53794 reply e28578.d.akamaiedge.net is 95.100.111.59
Nov 22 13:22:25 10.0.0.2 dnsmasq[1]: 666823 fd02:c8be:1d40:0:ed9a:a5a9:93a0:c3e8/53794 reply e28578.d.akamaiedge.net is 95.100.111.83
Nov 22 13:22:25 10.0.0.2 dnsmasq[1]: 666823 fd02:c8be:1d40:0:ed9a:a5a9:93a0:c3e8/53794 reply e28578.d.akamaiedge.net is 95.100.111.97
Nov 22 13:22:25 10.0.0.2 dnsmasq[1]: 666823 fd02:c8be:1d40:0:ed9a:a5a9:93a0:c3e8/53794 reply e28578.d.akamaiedge.net is 95.100.111.72
Nov 22 13:22:25 10.0.0.2 dnsmasq[1]: 666823 fd02:c8be:1d40:0:ed9a:a5a9:93a0:c3e8/53794 reply e28578.d.akamaiedge.net is 95.100.111.66
Nov 22 13:22:25 10.0.0.2 dnsmasq[1]: 666823 fd02:c8be:1d40:0:ed9a:a5a9:93a0:c3e8/53794 reply e28578.d.akamaiedge.net is 95.100.111.67
Nov 22 13:22:25 10.0.0.2 dnsmasq[1]: 666823 fd02:c8be:1d40:0:ed9a:a5a9:93a0:c3e8/53794 reply e28578.d.akamaiedge.net is 95.100.111.98
Nov 22 13:22:25 10.0.0.2 dnsmasq[1]: 666823 fd02:c8be:1d40:0:ed9a:a5a9:93a0:c3e8/53794 reply e28578.d.akamaiedge.net is 95.100.111.64
Nov 22 13:22:25 10.0.0.2 dnsmasq[1]: 666824 fd02:c8be:1d40:0:ed9a:a5a9:93a0:c3e8/59938 query[AAAA] assets.msn.com from fd02:c8be:1d40:0:ed9a:a5a9:93a0:c3e8
Nov 22 13:22:25 10.0.0.2 dnsmasq[1]: 666824 fd02:c8be:1d40:0:ed9a:a5a9:93a0:c3e8/59938 cached assets.msn.com is <CNAME>
Nov 22 13:22:25 10.0.0.2 dnsmasq[1]: 666824 fd02:c8be:1d40:0:ed9a:a5a9:93a0:c3e8/59938 cached assets.msn.com.edgekey.net is <CNAME>
Nov 22 13:22:25 10.0.0.2 ulogd[1267]: [NEW] ORIG: SRC=176.36.141.89 DST=194.50.85.5 PROTO=UDP SPT=59233 DPT=53 PKTS=0 BYTES=0 , REPLY: SRC=194.50.85.5 DST=176.36.141.89 PROTO=UDP SPT=53 DPT=59233 PKTS=0 BYTES=0
Nov 22 13:22:25 10.0.0.2 dnsmasq[1]: 666824 fd02:c8be:1d40:0:ed9a:a5a9:93a0:c3e8/59938 forwarded assets.msn.com to 194.50.85.5
Nov 22 13:22:25 10.0.0.2 dnsmasq[1]: 666824 fd02:c8be:1d40:0:ed9a:a5a9:93a0:c3e8/59938 reply assets.msn.com is <CNAME>
Nov 22 13:22:25 10.0.0.2 dnsmasq[1]: 666824 fd02:c8be:1d40:0:ed9a:a5a9:93a0:c3e8/59938 reply assets.msn.com.edgekey.net is <CNAME>
Nov 22 13:22:25 10.0.0.2 dnsmasq[1]: 666824 fd02:c8be:1d40:0:ed9a:a5a9:93a0:c3e8/59938 reply e28578.d.akamaiedge.net is NODATA-IPv6
Nov 22 13:22:25 10.0.0.2 ulogd[1267]: [NEW] ORIG: SRC=192.168.1.180 DST=95.100.111.73 PROTO=TCP SPT=61311 DPT=443 PKTS=0 BYTES=0 , REPLY: SRC=95.100.111.73 DST=176.36.141.89 PROTO=TCP SPT=443 DPT=61311 PKTS=0 BYTES=0
Nov 22 13:22:26 10.0.0.2 dnsmasq[1]: 666825 fd02:c8be:1d40:0:ed9a:a5a9:93a0:c3e8/53794 query[A] server8.pipe.aria.microsoft.com from fd02:c8be:1d40:0:ed9a:a5a9:93a0:c3e8
Nov 22 13:22:26 10.0.0.2 ulogd[1267]: [NEW] ORIG: SRC=176.36.141.89 DST=194.50.85.5 PROTO=UDP SPT=42540 DPT=53 PKTS=0 BYTES=0 , REPLY: SRC=194.50.85.5 DST=176.36.141.89 PROTO=UDP SPT=53 DPT=42540 PKTS=0 BYTES=0
Nov 22 13:22:26 10.0.0.2 dnsmasq[1]: 666825 fd02:c8be:1d40:0:ed9a:a5a9:93a0:c3e8/53794 forwarded server8.pipe.aria.microsoft.com to 194.50.85.5
Nov 22 13:22:26 10.0.0.2 dnsmasq[1]: 666825 fd02:c8be:1d40:0:ed9a:a5a9:93a0:c3e8/53794 reply server8.pipe.aria.microsoft.com is <CNAME>
Nov 22 13:22:26 10.0.0.2 dnsmasq[1]: 666825 fd02:c8be:1d40:0:ed9a:a5a9:93a0:c3e8/53794 reply global.aria.events.data.trafficmanager.net is <CNAME>
Nov 22 13:22:26 10.0.0.2 dnsmasq[1]: 666825 fd02:c8be:1d40:0:ed9a:a5a9:93a0:c3e8/53794 reply onedscolprdcus00.centralus.cloudapp.azure.com is 13.89.178.26
Nov 22 13:22:26 10.0.0.2 dnsmasq[1]: 666826 fd02:c8be:1d40:0:ed9a:a5a9:93a0:c3e8/59938 query[AAAA] server8.pipe.aria.microsoft.com from fd02:c8be:1d40:0:ed9a:a5a9:93a0:c3e8
Nov 22 13:22:26 10.0.0.2 dnsmasq[1]: 666826 fd02:c8be:1d40:0:ed9a:a5a9:93a0:c3e8/59938 cached server8.pipe.aria.microsoft.com is <CNAME>
Nov 22 13:22:26 10.0.0.2 dnsmasq[1]: 666826 fd02:c8be:1d40:0:ed9a:a5a9:93a0:c3e8/59938 cached global.aria.events.data.trafficmanager.net is <CNAME>
Nov 22 13:22:26 10.0.0.2 ulogd[1267]: [NEW] ORIG: SRC=176.36.141.89 DST=194.50.85.5 PROTO=UDP SPT=44917 DPT=53 PKTS=0 BYTES=0 , REPLY: SRC=194.50.85.5 DST=176.36.141.89 PROTO=UDP SPT=53 DPT=44917 PKTS=0 BYTES=0
Nov 22 13:22:26 10.0.0.2 dnsmasq[1]: 666826 fd02:c8be:1d40:0:ed9a:a5a9:93a0:c3e8/59938 forwarded server8.pipe.aria.microsoft.com to 194.50.85.5
Nov 22 13:22:26 10.0.0.2 ulogd[1267]: [NEW] ORIG: SRC=192.168.1.180 DST=192.168.1.1 PROTO=UDP SPT=59938 DPT=53 PKTS=0 BYTES=0 , REPLY: SRC=192.168.1.1 DST=192.168.1.180 PROTO=UDP SPT=53 DPT=59938 PKTS=0 BYTES=0
Nov 22 13:22:26 10.0.0.2 dnsmasq[1]: 666827 192.168.1.180/59938 query[AAAA] server8.pipe.aria.microsoft.com from 192.168.1.180
Nov 22 13:22:26 10.0.0.2 dnsmasq[1]: 666827 192.168.1.180/59938 cached server8.pipe.aria.microsoft.com is <CNAME>
Nov 22 13:22:26 10.0.0.2 dnsmasq[1]: 666827 192.168.1.180/59938 cached global.aria.events.data.trafficmanager.net is <CNAME>
Nov 22 13:22:26 10.0.0.2 dnsmasq[1]: 666826 fd02:c8be:1d40:0:ed9a:a5a9:93a0:c3e8/59938 reply server8.pipe.aria.microsoft.com is <CNAME>
Nov 22 13:22:26 10.0.0.2 dnsmasq[1]: 666826 fd02:c8be:1d40:0:ed9a:a5a9:93a0:c3e8/59938 reply global.aria.events.data.trafficmanager.net is <CNAME>
Nov 22 13:22:26 10.0.0.2 dnsmasq[1]: 666826 fd02:c8be:1d40:0:ed9a:a5a9:93a0:c3e8/59938 reply onedscolprdwus06.westus.cloudapp.azure.com is NODATA-IPv6
Nov 22 13:22:26 10.0.0.2 dnsmasq[1]: 666827 192.168.1.180/59938 reply query is duplicate
Nov 22 13:22:26 10.0.0.2 ulogd[1267]: [NEW] ORIG: SRC=192.168.1.180 DST=13.89.178.26 PROTO=TCP SPT=61312 DPT=443 PKTS=0 BYTES=0 , REPLY: SRC=13.89.178.26 DST=176.36.141.89 PROTO=TCP SPT=443 DPT=61312 PKTS=0 BYTES=0
Nov 22 13:22:27 10.0.0.2 ulogd[1267]: [NEW] ORIG: SRC=192.168.1.180 DST=13.89.178.26 PROTO=TCP SPT=61313 DPT=443 PKTS=0 BYTES=0 , REPLY: SRC=13.89.178.26 DST=176.36.141.89 PROTO=TCP SPT=443 DPT=61313 PKTS=0 BYTES=0
Nov 22 13:22:40 10.0.0.2 dnsmasq[1]: 666828 fd02:c8be:1d40:0:ed9a:a5a9:93a0:c3e8/53794 query[A] preview.redd.it from fd02:c8be:1d40:0:ed9a:a5a9:93a0:c3e8
Nov 22 13:22:40 10.0.0.2 dnsmasq[1]: 666828 fd02:c8be:1d40:0:ed9a:a5a9:93a0:c3e8/53794 cached preview.redd.it is <CNAME>
Nov 22 13:22:40 10.0.0.2 dnsmasq[1]: 666828 fd02:c8be:1d40:0:ed9a:a5a9:93a0:c3e8/53794 forwarded preview.redd.it to 192.168.1.45
Nov 22 13:22:40 10.0.0.2 ulogd[1267]: [NEW] ORIG: SRC=192.168.1.1 DST=192.168.1.45 PROTO=UDP SPT=60892 DPT=5353 PKTS=0 BYTES=0 , REPLY: SRC=192.168.1.45 DST=192.168.1.1 PROTO=UDP SPT=5353 DPT=60892 PKTS=0 BYTES=0
Nov 22 13:22:40 10.0.0.2 dnsmasq[1]: 666828 fd02:c8be:1d40:0:ed9a:a5a9:93a0:c3e8/53794 forwarded preview.redd.it to 194.50.85.5
Nov 22 13:22:40 10.0.0.2 ulogd[1267]: [NEW] ORIG: SRC=176.36.141.89 DST=194.50.85.5 PROTO=UDP SPT=60892 DPT=53 PKTS=0 BYTES=0 , REPLY: SRC=194.50.85.5 DST=176.36.141.89 PROTO=UDP SPT=53 DPT=60892 PKTS=0 BYTES=0
Nov 22 13:22:40 10.0.0.2 dnsmasq[1]: 666828 fd02:c8be:1d40:0:ed9a:a5a9:93a0:c3e8/53794 forwarded preview.redd.it to 194.50.85.7
Nov 22 13:22:40 10.0.0.2 dnsmasq[1]: 666828 fd02:c8be:1d40:0:ed9a:a5a9:93a0:c3e8/53794 reply preview.redd.it is <CNAME>
Nov 22 13:22:40 10.0.0.2 dnsmasq[1]: 666828 fd02:c8be:1d40:0:ed9a:a5a9:93a0:c3e8/53794 reply dualstack.reddit.map.fastly.net is 146.75.117.140
Nov 22 13:22:40 10.0.0.2 ulogd[1267]: [NEW] ORIG: SRC=176.36.141.89 DST=194.50.85.7 PROTO=UDP SPT=60892 DPT=53 PKTS=0 BYTES=0 , REPLY: SRC=194.50.85.7 DST=176.36.141.89 PROTO=UDP SPT=53 DPT=60892 PKTS=0 BYTES=0
Nov 22 13:22:40 10.0.0.2 dnsmasq[1]: 666829 fd02:c8be:1d40:0:ed9a:a5a9:93a0:c3e8/53794 query[A] b.thumbs.redditmedia.com from fd02:c8be:1d40:0:ed9a:a5a9:93a0:c3e8
Nov 22 13:22:40 10.0.0.2 ulogd[1267]: [NEW] ORIG: SRC=176.36.141.89 DST=194.50.85.5 PROTO=UDP SPT=59731 DPT=53 PKTS=0 BYTES=0 , REPLY: SRC=194.50.85.5 DST=176.36.141.89 PROTO=UDP SPT=53 DPT=59731 PKTS=0 BYTES=0
Nov 22 13:22:40 10.0.0.2 dnsmasq[1]: 666829 fd02:c8be:1d40:0:ed9a:a5a9:93a0:c3e8/53794 forwarded b.thumbs.redditmedia.com to 194.50.85.5
Nov 22 13:22:40 10.0.0.2 dnsmasq[1]: 666829 fd02:c8be:1d40:0:ed9a:a5a9:93a0:c3e8/53794 reply b.thumbs.redditmedia.com is <CNAME>
Nov 22 13:22:40 10.0.0.2 dnsmasq[1]: 666829 fd02:c8be:1d40:0:ed9a:a5a9:93a0:c3e8/53794 reply dualstack.reddit.map.fastly.net is 146.75.117.140
Nov 22 13:22:41 10.0.0.2 ulogd[1267]: [DESTROY] ORIG: SRC=192.168.1.180 DST=192.168.1.1 PROTO=UDP SPT=61308 DPT=53 PKTS=1 BYTES=55 , REPLY: SRC=192.168.1.1 DST=192.168.1.180 PROTO=UDP SPT=53 DPT=61308 PKTS=1 BYTES=116
Nov 22 13:22:41 10.0.0.2 ulogd[1267]: [DESTROY] ORIG: SRC=fe80::b295:75ff:fe15:6fa5 DST=ff02::1:2 PROTO=UDP SPT=546 DPT=547 PKTS=1 BYTES=150 , REPLY: SRC=ff02::1:2 DST=fe80::b295:75ff:fe15:6fa5 PROTO=UDP SPT=547 DPT=546 PKTS=0 BYTES=0
Nov 22 13:22:41 10.0.0.2 ulogd[1267]: [DESTROY] ORIG: SRC=176.36.141.89 DST=194.50.85.5 PROTO=UDP SPT=57120 DPT=53 PKTS=1 BYTES=68 , REPLY: SRC=194.50.85.5 DST=176.36.141.89 PROTO=UDP SPT=53 DPT=57120 PKTS=1 BYTES=129
Nov 22 13:22:41 10.0.0.2 ulogd[1267]: [DESTROY] ORIG: SRC=176.36.141.89 DST=194.50.85.7 PROTO=UDP SPT=47230 DPT=53 PKTS=1 BYTES=63 , REPLY: SRC=194.50.85.7 DST=176.36.141.89 PROTO=UDP SPT=53 DPT=47230 PKTS=1 BYTES=158
Nov 22 13:22:41 10.0.0.2 ulogd[1267]: [DESTROY] ORIG: SRC=176.36.141.89 DST=194.50.85.5 PROTO=UDP SPT=47230 DPT=53 PKTS=1 BYTES=63 , REPLY: SRC=194.50.85.5 DST=176.36.141.89 PROTO=UDP SPT=53 DPT=47230 PKTS=1 BYTES=158
Nov 22 13:22:41 10.0.0.2 ulogd[1267]: [DESTROY] ORIG: SRC=176.36.141.89 DST=194.50.85.7 PROTO=UDP SPT=59573 DPT=53 PKTS=1 BYTES=55 , REPLY: SRC=194.50.85.7 DST=176.36.141.89 PROTO=UDP SPT=53 DPT=59573 PKTS=1 BYTES=116
Nov 22 13:22:41 10.0.0.2 ulogd[1267]: [DESTROY] ORIG: SRC=176.36.141.89 DST=194.50.85.7 PROTO=UDP SPT=32983 DPT=53 PKTS=1 BYTES=60 , REPLY: SRC=194.50.85.7 DST=176.36.141.89 PROTO=UDP SPT=53 DPT=32983 PKTS=1 BYTES=111
Nov 22 13:22:41 10.0.0.2 ulogd[1267]: [DESTROY] ORIG: SRC=192.168.1.1 DST=192.168.1.45 PROTO=UDP SPT=60244 DPT=5353 PKTS=1 BYTES=69 , REPLY: SRC=192.168.1.45 DST=192.168.1.1 PROTO=UDP SPT=5353 DPT=60244 PKTS=0 BYTES=0
Nov 22 13:22:41 10.0.0.2 ulogd[1267]: [DESTROY] ORIG: SRC=176.36.141.89 DST=194.50.85.5 PROTO=UDP SPT=37236 DPT=53 PKTS=1 BYTES=55 , REPLY: SRC=194.50.85.5 DST=176.36.141.89 PROTO=UDP SPT=53 DPT=37236 PKTS=1 BYTES=116
Nov 22 13:22:41 10.0.0.2 ulogd[1267]: [DESTROY] ORIG: SRC=35.78.244.50 DST=176.36.141.89 PROTO=ICMP TYPE=0 CODE=8 PKTS=1 BYTES=36 , REPLY: SRC=176.36.141.89 DST=35.78.244.50 PROTO=ICMP TYPE=0 CODE=8 PKTS=1 BYTES=36
Nov 22 13:22:41 10.0.0.2 ulogd[1267]: [DESTROY] ORIG: SRC=192.168.1.180 DST=185.199.111.153 PROTO=TCP SPT=61173 DPT=443 PKTS=25 BYTES=2208 , REPLY: SRC=185.199.111.153 DST=176.36.141.89 PROTO=TCP SPT=443 DPT=61173 PKTS=27 BYTES=6886
Nov 22 13:22:41 10.0.0.2 ulogd[1267]: [DESTROY] ORIG: SRC=192.168.1.180 DST=13.89.178.26 PROTO=TCP SPT=61312 DPT=443 PKTS=9 BYTES=2161 , REPLY: SRC=13.89.178.26 DST=176.36.141.89 PROTO=TCP SPT=443 DPT=61312 PKTS=5 BYTES=5240
Nov 22 13:22:41 10.0.0.2 ulogd[1267]: [DESTROY] ORIG: SRC=148.153.92.250 DST=176.36.141.89 PROTO=ICMP TYPE=0 CODE=8 PKTS=1 BYTES=28 , REPLY: SRC=176.36.141.89 DST=148.153.92.250 PROTO=ICMP TYPE=0 CODE=8 PKTS=1 BYTES=28
Nov 22 13:22:41 10.0.0.2 ulogd[1267]: [DESTROY] ORIG: SRC=fd02:c8be:1d40:0:ed9a:a5a9:93a0:c3e8 DST=fd02:c8be:1d40::1 PROTO=UDP SPT=63247 DPT=53 PKTS=1 BYTES=89 , REPLY: SRC=fd02:c8be:1d40::1 DST=fd02:c8be:1d40:0:ed9a:a5a9:93a0:c3e8 PROTO=UDP SPT=53 DPT=63247 PKTS=1 BYTES=138
Nov 22 13:22:41 10.0.0.2 ulogd[1267]: [DESTROY] ORIG: SRC=fd02:c8be:1d40:0:ed9a:a5a9:93a0:c3e8 DST=fd02:c8be:1d40::1 PROTO=UDP SPT=63073 DPT=53 PKTS=8 BYTES=720 , REPLY: SRC=fd02:c8be:1d40::1 DST=fd02:c8be:1d40:0:ed9a:a5a9:93a0:c3e8 PROTO=UDP SPT=53 DPT=63073 PKTS=8 BYTES=1195
Nov 22 13:22:41 10.0.0.2 ulogd[1267]: [DESTROY] ORIG: SRC=148.153.92.250 DST=176.36.141.89 PROTO=ICMP TYPE=0 CODE=8 PKTS=1 BYTES=28 , REPLY: SRC=176.36.141.89 DST=148.153.92.250 PROTO=ICMP TYPE=0 CODE=8 PKTS=1 BYTES=28
Nov 22 13:22:41 10.0.0.2 ulogd[1267]: [DESTROY] ORIG: SRC=192.168.1.1 DST=192.168.1.45 PROTO=UDP SPT=48361 DPT=5353 PKTS=1 BYTES=70 , REPLY: SRC=192.168.1.45 DST=192.168.1.1 PROTO=UDP SPT=5353 DPT=48361 PKTS=0 BYTES=0
Nov 22 13:22:41 10.0.0.2 ulogd[1267]: [DESTROY] ORIG: SRC=192.168.1.180 DST=20.54.24.69 PROTO=TCP SPT=61304 DPT=443 PKTS=12 BYTES=1794 , REPLY: SRC=20.54.24.69 DST=176.36.141.89 PROTO=TCP SPT=443 DPT=61304 PKTS=10 BYTES=3513
Nov 22 13:22:41 10.0.0.2 ulogd[1267]: [DESTROY] ORIG: SRC=192.168.1.180 DST=146.75.117.140 PROTO=TCP SPT=61214 DPT=443 PKTS=25 BYTES=2112 , REPLY: SRC=146.75.117.140 DST=176.36.141.89 PROTO=TCP SPT=443 DPT=61214 PKTS=28 BYTES=6906
Nov 22 13:22:41 10.0.0.2 ulogd[1267]: [DESTROY] ORIG: SRC=148.153.92.250 DST=176.36.141.89 PROTO=ICMP TYPE=0 CODE=8 PKTS=1 BYTES=28 , REPLY: SRC=176.36.141.89 DST=148.153.92.250 PROTO=ICMP TYPE=0 CODE=8 PKTS=1 BYTES=28
Nov 22 13:22:41 10.0.0.2 ulogd[1267]: [DESTROY] ORIG: SRC=176.36.141.89 DST=194.50.85.5 PROTO=UDP SPT=48361 DPT=53 PKTS=1 BYTES=70 , REPLY: SRC=194.50.85.5 DST=176.36.141.89 PROTO=UDP SPT=53 DPT=48361 PKTS=1 BYTES=131
Nov 22 13:22:41 10.0.0.2 ulogd[1267]: [DESTROY] ORIG: SRC=192.168.1.180 DST=35.186.224.25 PROTO=UDP SPT=50060 DPT=443 PKTS=13 BYTES=5514 , REPLY: SRC=35.186.224.25 DST=176.36.141.89 PROTO=UDP SPT=443 DPT=50060 PKTS=13 BYTES=4613
Nov 22 13:22:41 10.0.0.2 ulogd[1267]: [DESTROY] ORIG: SRC=fd02:c8be:1d40:0:ed9a:a5a9:93a0:c3e8 DST=fd02:c8be:1d40::1 PROTO=UDP SPT=56240 DPT=53 PKTS=1 BYTES=91 , REPLY: SRC=fd02:c8be:1d40::1 DST=fd02:c8be:1d40:0:ed9a:a5a9:93a0:c3e8 PROTO=UDP SPT=53 DPT=56240 PKTS=1 BYTES=194
Nov 22 13:22:41 10.0.0.2 ulogd[1267]: [DESTROY] ORIG: SRC=148.153.92.250 DST=176.36.141.89 PROTO=ICMP TYPE=0 CODE=8 PKTS=1 BYTES=28 , REPLY: SRC=176.36.141.89 DST=148.153.92.250 PROTO=ICMP TYPE=0 CODE=8 PKTS=1 BYTES=28
Nov 22 13:22:41 10.0.0.2 ulogd[1267]: [DESTROY] ORIG: SRC=18.183.10.166 DST=176.36.141.89 PROTO=ICMP TYPE=0 CODE=8 PKTS=1 BYTES=36 , REPLY: SRC=176.36.141.89 DST=18.183.10.166 PROTO=ICMP TYPE=0 CODE=8 PKTS=1 BYTES=36
Nov 22 13:22:41 10.0.0.2 ulogd[1267]: [DESTROY] ORIG: SRC=192.168.1.180 DST=146.75.117.140 PROTO=TCP SPT=61233 DPT=443 PKTS=56 BYTES=38756 , REPLY: SRC=146.75.117.140 DST=176.36.141.89 PROTO=TCP SPT=443 DPT=61233 PKTS=57 BYTES=13477
Nov 22 13:22:41 10.0.0.2 ulogd[1267]: [DESTROY] ORIG: SRC=148.153.92.250 DST=176.36.141.89 PROTO=ICMP TYPE=0 CODE=8 PKTS=1 BYTES=28 , REPLY: SRC=176.36.141.89 DST=148.153.92.250 PROTO=ICMP TYPE=0 CODE=8 PKTS=1 BYTES=28
Nov 22 13:22:41 10.0.0.2 ulogd[1267]: [DESTROY] ORIG: SRC=176.36.141.89 DST=194.50.85.5 PROTO=UDP SPT=60628 DPT=53 PKTS=1 BYTES=70 , REPLY: SRC=194.50.85.5 DST=176.36.141.89 PROTO=UDP SPT=53 DPT=60628 PKTS=1 BYTES=131
Nov 22 13:22:41 10.0.0.2 ulogd[1267]: [DESTROY] ORIG: SRC=148.153.92.250 DST=176.36.141.89 PROTO=ICMP TYPE=0 CODE=8 PKTS=1 BYTES=28 , REPLY: SRC=176.36.141.89 DST=148.153.92.250 PROTO=ICMP TYPE=0 CODE=8 PKTS=1 BYTES=28
Nov 22 13:22:41 10.0.0.2 ulogd[1267]: [DESTROY] ORIG: SRC=192.168.1.180 DST=151.101.193.63 PROTO=TCP SPT=61227 DPT=443 PKTS=52 BYTES=3634 , REPLY: SRC=151.101.193.63 DST=176.36.141.89 PROTO=TCP SPT=443 DPT=61227 PKTS=57 BYTES=78350
Nov 22 13:22:41 10.0.0.2 ulogd[1267]: [DESTROY] ORIG: SRC=192.168.1.180 DST=13.89.178.26 PROTO=TCP SPT=61313 DPT=443 PKTS=9 BYTES=2128 , REPLY: SRC=13.89.178.26 DST=176.36.141.89 PROTO=TCP SPT=443 DPT=61313 PKTS=5 BYTES=5240
Nov 22 13:22:41 10.0.0.2 ulogd[1267]: [DESTROY] ORIG: SRC=148.153.92.250 DST=176.36.141.89 PROTO=ICMP TYPE=0 CODE=8 PKTS=1 BYTES=28 , REPLY: SRC=176.36.141.89 DST=148.153.92.250 PROTO=ICMP TYPE=0 CODE=8 PKTS=1 BYTES=28
Nov 22 13:22:41 10.0.0.2 ulogd[1267]: [DESTROY] ORIG: SRC=176.36.141.89 DST=194.50.85.5 PROTO=UDP SPT=48658 DPT=53 PKTS=1 BYTES=69 , REPLY: SRC=194.50.85.5 DST=176.36.141.89 PROTO=UDP SPT=53 DPT=48658 PKTS=1 BYTES=167
Nov 22 13:22:41 10.0.0.2 ulogd[1267]: [DESTROY] ORIG: SRC=148.153.92.250 DST=176.36.141.89 PROTO=ICMP TYPE=0 CODE=8 PKTS=1 BYTES=28 , REPLY: SRC=176.36.141.89 DST=148.153.92.250 PROTO=ICMP TYPE=0 CODE=8 PKTS=1 BYTES=28
Nov 22 13:22:41 10.0.0.2 ulogd[1267]: [DESTROY] ORIG: SRC=192.168.1.180 DST=35.186.224.18 PROTO=UDP SPT=64366 DPT=443 PKTS=7 BYTES=3868 , REPLY: SRC=35.186.224.18 DST=176.36.141.89 PROTO=UDP SPT=443 DPT=64366 PKTS=6 BYTES=2261
Nov 22 13:22:41 10.0.0.2 ulogd[1267]: [DESTROY] ORIG: SRC=192.168.1.1 DST=192.168.1.45 PROTO=UDP SPT=47230 DPT=5353 PKTS=1 BYTES=63 , REPLY: SRC=192.168.1.45 DST=192.168.1.1 PROTO=UDP SPT=5353 DPT=47230 PKTS=0 BYTES=0
Nov 22 13:22:41 10.0.0.2 ulogd[1267]: [DESTROY] ORIG: SRC=148.153.92.250 DST=176.36.141.89 PROTO=ICMP TYPE=0 CODE=8 PKTS=1 BYTES=28 , REPLY: SRC=176.36.141.89 DST=148.153.92.250 PROTO=ICMP TYPE=0 CODE=8 PKTS=1 BYTES=28
Nov 22 13:22:41 10.0.0.2 ulogd[1267]: [DESTROY] ORIG: SRC=192.168.1.180 DST=35.186.224.25 PROTO=TCP SPT=61302 DPT=443 PKTS=11 BYTES=1100 , REPLY: SRC=35.186.224.25 DST=176.36.141.89 PROTO=TCP SPT=443 DPT=61302 PKTS=9 BYTES=4413
Nov 22 13:22:41 10.0.0.2 ulogd[1267]: [DESTROY] ORIG: SRC=148.153.92.250 DST=176.36.141.89 PROTO=ICMP TYPE=0 CODE=8 PKTS=1 BYTES=28 , REPLY: SRC=176.36.141.89 DST=148.153.92.250 PROTO=ICMP TYPE=0 CODE=8 PKTS=1 BYTES=28
