Nov 14 18:32:01 10.0.0.2 dnsmasq[1]: 29266 fd02:c8be:1d40:0:89c6:4fae:69d2:328/51997 forwarded api-partner.spotify.com to 194.50.85.5
Nov 14 18:32:01 10.0.0.2 ulogd[1267]: [NEW] ORIG: SRC=176.36.141.89 DST=194.50.85.5 PROTO=UDP SPT=43059 DPT=53 PKTS=0 BYTES=0 , REPLY: SRC=194.50.85.5 DST=176.36.141.89 PROTO=UDP SPT=53 DPT=43059 PKTS=0 BYTES=0
Nov 14 18:32:01 10.0.0.2 ulogd[1267]: [NEW] ORIG: SRC=192.168.1.180 DST=35.186.224.25 PROTO=UDP SPT=49648 DPT=443 PKTS=0 BYTES=0 , REPLY: SRC=35.186.224.25 DST=176.36.141.89 PROTO=UDP SPT=443 DPT=49648 PKTS=0 BYTES=0
Nov 14 18:32:01 10.0.0.2 ulogd[1267]: [NEW] ORIG: SRC=fe80::b295:75ff:fe15:6fa5 DST=ff02::1:2 PROTO=UDP SPT=546 DPT=547 PKTS=0 BYTES=0 , REPLY: SRC=ff02::1:2 DST=fe80::b295:75ff:fe15:6fa5 PROTO=UDP SPT=547 DPT=546 PKTS=0 BYTES=0
Nov 14 18:32:05 10.0.0.2 ulogd[1267]: [NEW] ORIG: SRC=fd02:c8be:1d40:0:89c6:4fae:69d2:328 DST=fd02:c8be:1d40::1 PROTO=UDP SPT=52817 DPT=53 PKTS=0 BYTES=0 , REPLY: SRC=fd02:c8be:1d40::1 DST=fd02:c8be:1d40:0:89c6:4fae:69d2:328 PROTO=UDP SPT=53 DPT=52817 PKTS=0 BYTES=0
Nov 14 18:32:05 10.0.0.2 dnsmasq[1]: 29267 fd02:c8be:1d40:0:89c6:4fae:69d2:328/52817 query[A] gew1-spclient.spotify.com from fd02:c8be:1d40:0:89c6:4fae:69d2:328
Nov 14 18:32:05 10.0.0.2 dnsmasq[1]: 29267 fd02:c8be:1d40:0:89c6:4fae:69d2:328/52817 cached gew1-spclient.spotify.com is <CNAME>
Nov 14 18:32:05 10.0.0.2 ulogd[1267]: [NEW] ORIG: SRC=fd02:c8be:1d40:0:89c6:4fae:69d2:328 DST=fd02:c8be:1d40::1 PROTO=UDP SPT=51273 DPT=53 PKTS=0 BYTES=0 , REPLY: SRC=fd02:c8be:1d40::1 DST=fd02:c8be:1d40:0:89c6:4fae:69d2:328 PROTO=UDP SPT=53 DPT=51273 PKTS=0 BYTES=0
Nov 14 18:32:05 10.0.0.2 dnsmasq[1]: 29267 fd02:c8be:1d40:0:89c6:4fae:69d2:328/52817 cached edge-web-gew1.dual-gslb.spotify.com is 35.186.224.18
Nov 14 18:32:05 10.0.0.2 dnsmasq[1]: 29268 fd02:c8be:1d40:0:89c6:4fae:69d2:328/51273 query[type=65] gew1-spclient.spotify.com from fd02:c8be:1d40:0:89c6:4fae:69d2:328
Nov 14 18:32:05 10.0.0.2 dnsmasq[1]: 29268 fd02:c8be:1d40:0:89c6:4fae:69d2:328/51273 cached gew1-spclient.spotify.com is <CNAME>
Nov 14 18:32:05 10.0.0.2 dnsmasq[1]: 29268 fd02:c8be:1d40:0:89c6:4fae:69d2:328/51273 forwarded gew1-spclient.spotify.com to 194.50.85.5
Nov 14 18:32:05 10.0.0.2 ulogd[1267]: [NEW] ORIG: SRC=176.36.141.89 DST=194.50.85.5 PROTO=UDP SPT=35040 DPT=53 PKTS=0 BYTES=0 , REPLY: SRC=194.50.85.5 DST=176.36.141.89 PROTO=UDP SPT=53 DPT=35040 PKTS=0 BYTES=0
Nov 14 18:32:05 10.0.0.2 ulogd[1267]: [NEW] ORIG: SRC=192.168.1.180 DST=35.186.224.18 PROTO=UDP SPT=53672 DPT=443 PKTS=0 BYTES=0 , REPLY: SRC=35.186.224.18 DST=176.36.141.89 PROTO=UDP SPT=443 DPT=53672 PKTS=0 BYTES=0
Nov 14 18:32:05 10.0.0.2 dnsmasq[1]: 29268 fd02:c8be:1d40:0:89c6:4fae:69d2:328/51273 reply gew1-spclient.spotify.com is <CNAME>
Nov 14 18:32:05 10.0.0.2 dnsmasq[1]: 29268 fd02:c8be:1d40:0:89c6:4fae:69d2:328/51273 reply edge-web-gew1.dual-gslb.spotify.com is NODATA
Nov 14 18:32:09 10.0.0.2 dnsmasq[1]: 29269 fd02:c8be:1d40:0:89c6:4fae:69d2:328/59986 query[A] sync-v2.brave.com from fd02:c8be:1d40:0:89c6:4fae:69d2:328
Nov 14 18:32:09 10.0.0.2 dnsmasq[1]: 29269 fd02:c8be:1d40:0:89c6:4fae:69d2:328/59986 cached sync-v2.brave.com is <CNAME>
Nov 14 18:32:09 10.0.0.2 dnsmasq[1]: 29269 fd02:c8be:1d40:0:89c6:4fae:69d2:328/59986 forwarded sync-v2.brave.com to 194.50.85.5
Nov 14 18:32:09 10.0.0.2 ulogd[1267]: [NEW] ORIG: SRC=176.36.141.89 DST=194.50.85.5 PROTO=UDP SPT=53048 DPT=53 PKTS=0 BYTES=0 , REPLY: SRC=194.50.85.5 DST=176.36.141.89 PROTO=UDP SPT=53 DPT=53048 PKTS=0 BYTES=0
Nov 14 18:32:09 10.0.0.2 dnsmasq[1]: 29269 fd02:c8be:1d40:0:89c6:4fae:69d2:328/59986 reply sync-v2.brave.com is <CNAME>
Nov 14 18:32:09 10.0.0.2 dnsmasq[1]: 29269 fd02:c8be:1d40:0:89c6:4fae:69d2:328/59986 reply sync-alb-152764135.us-west-2.elb.amazonaws.com is 44.228.160.54
Nov 14 18:32:09 10.0.0.2 dnsmasq[1]: 29269 fd02:c8be:1d40:0:89c6:4fae:69d2:328/59986 reply sync-alb-152764135.us-west-2.elb.amazonaws.com is 52.34.169.249
Nov 14 18:32:09 10.0.0.2 dnsmasq[1]: 29269 fd02:c8be:1d40:0:89c6:4fae:69d2:328/59986 reply sync-alb-152764135.us-west-2.elb.amazonaws.com is 54.190.8.136
Nov 14 18:32:12 10.0.0.2 ulogd[1267]: [NEW] ORIG: SRC=161.189.106.238 DST=176.36.141.89 PROTO=ICMP TYPE=0 CODE=8 PKTS=0 BYTES=0 , REPLY: SRC=176.36.141.89 DST=161.189.106.238 PROTO=ICMP TYPE=0 CODE=8 PKTS=0 BYTES=0
Nov 14 18:32:12 10.0.0.2 ulogd[1267]: [NEW] ORIG: SRC=161.189.161.215 DST=176.36.141.89 PROTO=ICMP TYPE=0 CODE=8 PKTS=0 BYTES=0 , REPLY: SRC=176.36.141.89 DST=161.189.161.215 PROTO=ICMP TYPE=0 CODE=8 PKTS=0 BYTES=0
Nov 14 18:32:12 10.0.0.2 ulogd[1267]: [NEW] ORIG: SRC=68.79.10.97 DST=176.36.141.89 PROTO=ICMP TYPE=0 CODE=8 PKTS=0 BYTES=0 , REPLY: SRC=176.36.141.89 DST=68.79.10.97 PROTO=ICMP TYPE=0 CODE=8 PKTS=0 BYTES=0
Nov 14 18:32:17 10.0.0.2 dnsmasq[1]: 29270 fd02:c8be:1d40:0:89c6:4fae:69d2:328/56452 query[A] www.aljazeera.com from fd02:c8be:1d40:0:89c6:4fae:69d2:328
Nov 14 18:32:17 10.0.0.2 dnsmasq[1]: 29270 fd02:c8be:1d40:0:89c6:4fae:69d2:328/56452 forwarded www.aljazeera.com to 194.50.85.5
Nov 14 18:32:17 10.0.0.2 ulogd[1267]: [NEW] ORIG: SRC=176.36.141.89 DST=194.50.85.5 PROTO=UDP SPT=32910 DPT=53 PKTS=0 BYTES=0 , REPLY: SRC=194.50.85.5 DST=176.36.141.89 PROTO=UDP SPT=53 DPT=32910 PKTS=0 BYTES=0
Nov 14 18:32:17 10.0.0.2 dnsmasq[1]: 29270 fd02:c8be:1d40:0:89c6:4fae:69d2:328/56452 reply www.aljazeera.com is <CNAME>
Nov 14 18:32:17 10.0.0.2 ulogd[1267]: [NEW] ORIG: SRC=192.168.1.180 DST=192.168.1.1 PROTO=UDP SPT=56452 DPT=53 PKTS=0 BYTES=0 , REPLY: SRC=192.168.1.1 DST=192.168.1.180 PROTO=UDP SPT=53 DPT=56452 PKTS=0 BYTES=0
Nov 14 18:32:17 10.0.0.2 dnsmasq[1]: 29270 fd02:c8be:1d40:0:89c6:4fae:69d2:328/56452 reply www.aljazeera.com.edgekey.net is <CNAME>
Nov 14 18:32:17 10.0.0.2 dnsmasq[1]: 29270 fd02:c8be:1d40:0:89c6:4fae:69d2:328/56452 reply e9106.dscg.akamaiedge.net is 23.48.0.162
Nov 14 18:32:17 10.0.0.2 dnsmasq[1]: 29271 192.168.1.180/56452 query[A] www.aljazeera.com from 192.168.1.180
Nov 14 18:32:17 10.0.0.2 dnsmasq[1]: 29271 192.168.1.180/56452 cached www.aljazeera.com is <CNAME>
Nov 14 18:32:17 10.0.0.2 dnsmasq[1]: 29271 192.168.1.180/56452 cached www.aljazeera.com.edgekey.net is <CNAME>
Nov 14 18:32:17 10.0.0.2 dnsmasq[1]: 29271 192.168.1.180/56452 cached e9106.dscg.akamaiedge.net is 23.48.0.162
Nov 14 18:32:25 10.0.0.2 ulogd[1267]: [NEW] ORIG: SRC=fd02:c8be:1d40:0:89c6:4fae:69d2:328 DST=fd02:c8be:1d40::1 PROTO=UDP SPT=63172 DPT=53 PKTS=0 BYTES=0 , REPLY: SRC=fd02:c8be:1d40::1 DST=fd02:c8be:1d40:0:89c6:4fae:69d2:328 PROTO=UDP SPT=53 DPT=63172 PKTS=0 BYTES=0
Nov 14 18:32:25 10.0.0.2 dnsmasq[1]: 29272 fd02:c8be:1d40:0:89c6:4fae:69d2:328/63172 query[A] i.scdn.co from fd02:c8be:1d40:0:89c6:4fae:69d2:328
Nov 14 18:32:25 10.0.0.2 dnsmasq[1]: 29272 fd02:c8be:1d40:0:89c6:4fae:69d2:328/63172 forwarded i.scdn.co to 192.168.1.45
Nov 14 18:32:25 10.0.0.2 dnsmasq[1]: 29272 fd02:c8be:1d40:0:89c6:4fae:69d2:328/63172 forwarded i.scdn.co to 194.50.85.5
Nov 14 18:32:25 10.0.0.2 ulogd[1267]: [NEW] ORIG: SRC=fd02:c8be:1d40:0:89c6:4fae:69d2:328 DST=fd02:c8be:1d40::1 PROTO=UDP SPT=54697 DPT=53 PKTS=0 BYTES=0 , REPLY: SRC=fd02:c8be:1d40::1 DST=fd02:c8be:1d40:0:89c6:4fae:69d2:328 PROTO=UDP SPT=53 DPT=54697 PKTS=0 BYTES=0
Nov 14 18:32:25 10.0.0.2 dnsmasq[1]: 29272 fd02:c8be:1d40:0:89c6:4fae:69d2:328/63172 forwarded i.scdn.co to 194.50.85.7
Nov 14 18:32:25 10.0.0.2 dnsmasq[1]: 29273 fd02:c8be:1d40:0:89c6:4fae:69d2:328/54697 query[type=65] i.scdn.co from fd02:c8be:1d40:0:89c6:4fae:69d2:328
Nov 14 18:32:25 10.0.0.2 dnsmasq[1]: 29273 fd02:c8be:1d40:0:89c6:4fae:69d2:328/54697 forwarded i.scdn.co to 194.50.85.5
Nov 14 18:32:25 10.0.0.2 dnsmasq[1]: 29272 fd02:c8be:1d40:0:89c6:4fae:69d2:328/63172 reply i.scdn.co is <CNAME>
Nov 14 18:32:25 10.0.0.2 ulogd[1267]: [NEW] ORIG: SRC=192.168.1.1 DST=192.168.1.45 PROTO=UDP SPT=39997 DPT=5353 PKTS=0 BYTES=0 , REPLY: SRC=192.168.1.45 DST=192.168.1.1 PROTO=UDP SPT=5353 DPT=39997 PKTS=0 BYTES=0
Nov 14 18:32:25 10.0.0.2 dnsmasq[1]: 29272 fd02:c8be:1d40:0:89c6:4fae:69d2:328/63172 reply image-scdn.cdn-gslb.spotify.com is <CNAME>
Nov 14 18:32:25 10.0.0.2 ulogd[1267]: [NEW] ORIG: SRC=176.36.141.89 DST=194.50.85.5 PROTO=UDP SPT=39997 DPT=53 PKTS=0 BYTES=0 , REPLY: SRC=194.50.85.5 DST=176.36.141.89 PROTO=UDP SPT=53 DPT=39997 PKTS=0 BYTES=0
Nov 14 18:32:25 10.0.0.2 dnsmasq[1]: 29272 fd02:c8be:1d40:0:89c6:4fae:69d2:328/63172 reply common-eipb-ak.spotifycdn.com.edgesuite.net is <CNAME>
Nov 14 18:32:25 10.0.0.2 dnsmasq[1]: 29272 fd02:c8be:1d40:0:89c6:4fae:69d2:328/63172 reply squadcdn.scdn.co.splitter-eip.akadns.net is <CNAME>
Nov 14 18:32:25 10.0.0.2 dnsmasq[1]: 29272 fd02:c8be:1d40:0:89c6:4fae:69d2:328/63172 reply i.scdn.co-noeip.akamaized.net is <CNAME>
Nov 14 18:32:25 10.0.0.2 ulogd[1267]: [NEW] ORIG: SRC=176.36.141.89 DST=194.50.85.7 PROTO=UDP SPT=39997 DPT=53 PKTS=0 BYTES=0 , REPLY: SRC=194.50.85.7 DST=176.36.141.89 PROTO=UDP SPT=53 DPT=39997 PKTS=0 BYTES=0
Nov 14 18:32:25 10.0.0.2 dnsmasq[1]: 29272 fd02:c8be:1d40:0:89c6:4fae:69d2:328/63172 reply a1520.dscc.akamai.net is 62.140.236.155
Nov 14 18:32:25 10.0.0.2 dnsmasq[1]: 29272 fd02:c8be:1d40:0:89c6:4fae:69d2:328/63172 reply a1520.dscc.akamai.net is 62.140.236.162
Nov 14 18:32:25 10.0.0.2 ulogd[1267]: [NEW] ORIG: SRC=176.36.141.89 DST=194.50.85.5 PROTO=UDP SPT=50253 DPT=53 PKTS=0 BYTES=0 , REPLY: SRC=194.50.85.5 DST=176.36.141.89 PROTO=UDP SPT=53 DPT=50253 PKTS=0 BYTES=0
Nov 14 18:32:25 10.0.0.2 dnsmasq[1]: 29273 fd02:c8be:1d40:0:89c6:4fae:69d2:328/54697 reply i.scdn.co is <CNAME>
Nov 14 18:32:25 10.0.0.2 dnsmasq[1]: 29273 fd02:c8be:1d40:0:89c6:4fae:69d2:328/54697 reply image-scdn.cdn-gslb.spotify.com is <CNAME>
Nov 14 18:32:25 10.0.0.2 dnsmasq[1]: 29273 fd02:c8be:1d40:0:89c6:4fae:69d2:328/54697 reply common-eipb-ak.spotifycdn.com.edgesuite.net is <CNAME>
Nov 14 18:32:25 10.0.0.2 dnsmasq[1]: 29273 fd02:c8be:1d40:0:89c6:4fae:69d2:328/54697 reply squadcdn.scdn.co.splitter-eip.akadns.net is <CNAME>
Nov 14 18:32:25 10.0.0.2 dnsmasq[1]: 29273 fd02:c8be:1d40:0:89c6:4fae:69d2:328/54697 reply i.scdn.co-noeip.akamaized.net is <CNAME>
Nov 14 18:32:25 10.0.0.2 dnsmasq[1]: 29273 fd02:c8be:1d40:0:89c6:4fae:69d2:328/54697 reply a1520.dscc.akamai.net is NODATA
Nov 14 18:32:25 10.0.0.2 ulogd[1267]: [NEW] ORIG: SRC=192.168.1.180 DST=62.140.236.155 PROTO=TCP SPT=53009 DPT=443 PKTS=0 BYTES=0 , REPLY: SRC=62.140.236.155 DST=176.36.141.89 PROTO=TCP SPT=443 DPT=53009 PKTS=0 BYTES=0
Nov 14 18:32:26 10.0.0.2 ulogd[1267]: [NEW] ORIG: SRC=fd02:c8be:1d40:0:89c6:4fae:69d2:328 DST=fd02:c8be:1d40::1 PROTO=UDP SPT=57279 DPT=53 PKTS=0 BYTES=0 , REPLY: SRC=fd02:c8be:1d40::1 DST=fd02:c8be:1d40:0:89c6:4fae:69d2:328 PROTO=UDP SPT=53 DPT=57279 PKTS=0 BYTES=0
Nov 14 18:32:26 10.0.0.2 dnsmasq[1]: 29274 fd02:c8be:1d40:0:89c6:4fae:69d2:328/57279 query[A] spclient.wg.spotify.com from fd02:c8be:1d40:0:89c6:4fae:69d2:328
Nov 14 18:32:26 10.0.0.2 ulogd[1267]: [NEW] ORIG: SRC=fd02:c8be:1d40:0:89c6:4fae:69d2:328 DST=fd02:c8be:1d40::1 PROTO=UDP SPT=51614 DPT=53 PKTS=0 BYTES=0 , REPLY: SRC=fd02:c8be:1d40::1 DST=fd02:c8be:1d40:0:89c6:4fae:69d2:328 PROTO=UDP SPT=53 DPT=51614 PKTS=0 BYTES=0
Nov 14 18:32:26 10.0.0.2 dnsmasq[1]: 29274 fd02:c8be:1d40:0:89c6:4fae:69d2:328/57279 cached spclient.wg.spotify.com is <CNAME>
Nov 14 18:32:26 10.0.0.2 dnsmasq[1]: 29274 fd02:c8be:1d40:0:89c6:4fae:69d2:328/57279 cached edge-web.dual-gslb.spotify.com is 35.186.224.25
Nov 14 18:32:26 10.0.0.2 dnsmasq[1]: 29275 fd02:c8be:1d40:0:89c6:4fae:69d2:328/51614 query[type=65] spclient.wg.spotify.com from fd02:c8be:1d40:0:89c6:4fae:69d2:328
Nov 14 18:32:26 10.0.0.2 dnsmasq[1]: 29275 fd02:c8be:1d40:0:89c6:4fae:69d2:328/51614 cached spclient.wg.spotify.com is <CNAME>
Nov 14 18:32:26 10.0.0.2 dnsmasq[1]: 29275 fd02:c8be:1d40:0:89c6:4fae:69d2:328/51614 forwarded spclient.wg.spotify.com to 194.50.85.5
Nov 14 18:32:26 10.0.0.2 ulogd[1267]: [NEW] ORIG: SRC=176.36.141.89 DST=194.50.85.5 PROTO=UDP SPT=38293 DPT=53 PKTS=0 BYTES=0 , REPLY: SRC=194.50.85.5 DST=176.36.141.89 PROTO=UDP SPT=53 DPT=38293 PKTS=0 BYTES=0
Nov 14 18:32:26 10.0.0.2 dnsmasq[1]: 29275 fd02:c8be:1d40:0:89c6:4fae:69d2:328/51614 reply spclient.wg.spotify.com is <CNAME>
Nov 14 18:32:26 10.0.0.2 dnsmasq[1]: 29275 fd02:c8be:1d40:0:89c6:4fae:69d2:328/51614 reply edge-web.dual-gslb.spotify.com is NODATA
Nov 14 18:32:26 10.0.0.2 ulogd[1267]: [NEW] ORIG: SRC=192.168.1.180 DST=35.186.224.25 PROTO=UDP SPT=60034 DPT=443 PKTS=0 BYTES=0 , REPLY: SRC=35.186.224.25 DST=176.36.141.89 PROTO=UDP SPT=443 DPT=60034 PKTS=0 BYTES=0
Nov 14 18:32:27 10.0.0.2 dnsmasq[1]: 29276 fd02:c8be:1d40:0:89c6:4fae:69d2:328/59986 query[A] lps.navigator-bs.gmx.com from fd02:c8be:1d40:0:89c6:4fae:69d2:328
Nov 14 18:32:27 10.0.0.2 dnsmasq[1]: 29276 fd02:c8be:1d40:0:89c6:4fae:69d2:328/59986 forwarded lps.navigator-bs.gmx.com to 194.50.85.5
Nov 14 18:32:27 10.0.0.2 ulogd[1267]: [NEW] ORIG: SRC=176.36.141.89 DST=194.50.85.5 PROTO=UDP SPT=53296 DPT=53 PKTS=0 BYTES=0 , REPLY: SRC=194.50.85.5 DST=176.36.141.89 PROTO=UDP SPT=53 DPT=53296 PKTS=0 BYTES=0
Nov 14 18:32:27 10.0.0.2 ulogd[1267]: [NEW] ORIG: SRC=192.168.1.180 DST=192.168.1.1 PROTO=UDP SPT=59986 DPT=53 PKTS=0 BYTES=0 , REPLY: SRC=192.168.1.1 DST=192.168.1.180 PROTO=UDP SPT=53 DPT=59986 PKTS=0 BYTES=0
Nov 14 18:32:27 10.0.0.2 dnsmasq[1]: 29277 192.168.1.180/59986 query[A] lps.navigator-bs.gmx.com from 192.168.1.180
Nov 14 18:32:27 10.0.0.2 dnsmasq[1]: 29276 fd02:c8be:1d40:0:89c6:4fae:69d2:328/59986 reply lps.navigator-bs.gmx.com is 217.72.199.27
Nov 14 18:32:27 10.0.0.2 dnsmasq[1]: 29277 192.168.1.180/59986 reply query is duplicate
Nov 14 18:32:30 10.0.0.2 ulogd[1267]: [NEW] ORIG: SRC=192.168.1.45 DST=192.168.1.1 PROTO=UDP SPT=40943 DPT=53 PKTS=0 BYTES=0 , REPLY: SRC=192.168.1.1 DST=192.168.1.45 PROTO=UDP SPT=53 DPT=40943 PKTS=0 BYTES=0
Nov 14 18:32:30 10.0.0.2 dnsmasq[1]: 29278 192.168.1.45/40943 query[AAAA] docker.io from 192.168.1.45
Nov 14 18:32:30 10.0.0.2 ulogd[1267]: [NEW] ORIG: SRC=192.168.1.45 DST=192.168.1.1 PROTO=UDP SPT=39922 DPT=53 PKTS=0 BYTES=0 , REPLY: SRC=192.168.1.1 DST=192.168.1.45 PROTO=UDP SPT=53 DPT=39922 PKTS=0 BYTES=0
Nov 14 18:32:30 10.0.0.2 dnsmasq[1]: 29278 192.168.1.45/40943 forwarded docker.io to 194.50.85.5
Nov 14 18:32:30 10.0.0.2 ulogd[1267]: [NEW] ORIG: SRC=176.36.141.89 DST=194.50.85.5 PROTO=UDP SPT=39477 DPT=53 PKTS=0 BYTES=0 , REPLY: SRC=194.50.85.5 DST=176.36.141.89 PROTO=UDP SPT=53 DPT=39477 PKTS=0 BYTES=0
Nov 14 18:32:30 10.0.0.2 dnsmasq[1]: 29279 192.168.1.45/39922 query[A] docker.io from 192.168.1.45
Nov 14 18:32:30 10.0.0.2 ulogd[1267]: [DESTROY] ORIG: SRC=176.36.141.89 DST=194.50.85.5 PROTO=UDP SPT=48349 DPT=53 PKTS=1 BYTES=88 , REPLY: SRC=194.50.85.5 DST=176.36.141.89 PROTO=UDP SPT=53 DPT=48349 PKTS=1 BYTES=182
Nov 14 18:32:30 10.0.0.2 dnsmasq[1]: 29279 192.168.1.45/39922 forwarded docker.io to 194.50.85.5
Nov 14 18:32:30 10.0.0.2 ulogd[1267]: [NEW] ORIG: SRC=176.36.141.89 DST=194.50.85.5 PROTO=UDP SPT=44656 DPT=53 PKTS=0 BYTES=0 , REPLY: SRC=194.50.85.5 DST=176.36.141.89 PROTO=UDP SPT=53 DPT=44656 PKTS=0 BYTES=0
Nov 14 18:32:30 10.0.0.2 dnsmasq[1]: 29278 192.168.1.45/40943 reply docker.io is 2600:1f18:2148:bc01:d6c5:5f27:994b:a725
Nov 14 18:32:30 10.0.0.2 dnsmasq[1]: 29278 192.168.1.45/40943 reply docker.io is 2600:1f18:2148:bc02:c4d:bd64:5587:68e0
Nov 14 18:32:30 10.0.0.2 dnsmasq[1]: 29278 192.168.1.45/40943 reply docker.io is 2600:1f18:2148:bc00:b293:3938:d3b1:c2db
Nov 14 18:32:30 10.0.0.2 dnsmasq[1]: 29279 192.168.1.45/39922 reply docker.io is 3.228.146.75
Nov 14 18:32:30 10.0.0.2 dnsmasq[1]: 29279 192.168.1.45/39922 reply docker.io is 18.210.197.188
Nov 14 18:32:30 10.0.0.2 dnsmasq[1]: 29279 192.168.1.45/39922 reply docker.io is 18.206.20.10
Nov 14 18:32:30 10.0.0.2 ulogd[1267]: [NEW] ORIG: SRC=192.168.1.45 DST=192.168.1.1 PROTO=UDP SPT=59696 DPT=53 PKTS=0 BYTES=0 , REPLY: SRC=192.168.1.1 DST=192.168.1.45 PROTO=UDP SPT=53 DPT=59696 PKTS=0 BYTES=0
Nov 14 18:32:30 10.0.0.2 dnsmasq[1]: 29280 192.168.1.45/59696 query[AAAA] registry-1.docker.io from 192.168.1.45
Nov 14 18:32:30 10.0.0.2 ulogd[1267]: [NEW] ORIG: SRC=192.168.1.45 DST=192.168.1.1 PROTO=UDP SPT=60346 DPT=53 PKTS=0 BYTES=0 , REPLY: SRC=192.168.1.1 DST=192.168.1.45 PROTO=UDP SPT=53 DPT=60346 PKTS=0 BYTES=0
Nov 14 18:32:30 10.0.0.2 ulogd[1267]: [NEW] ORIG: SRC=176.36.141.89 DST=194.50.85.5 PROTO=UDP SPT=52468 DPT=53 PKTS=0 BYTES=0 , REPLY: SRC=194.50.85.5 DST=176.36.141.89 PROTO=UDP SPT=53 DPT=52468 PKTS=0 BYTES=0
Nov 14 18:32:30 10.0.0.2 dnsmasq[1]: 29280 192.168.1.45/59696 forwarded registry-1.docker.io to 194.50.85.5
Nov 14 18:32:30 10.0.0.2 dnsmasq[1]: 29281 192.168.1.45/60346 query[A] registry-1.docker.io from 192.168.1.45
Nov 14 18:32:30 10.0.0.2 dnsmasq[1]: 29281 192.168.1.45/60346 forwarded registry-1.docker.io to 194.50.85.5
Nov 14 18:32:30 10.0.0.2 ulogd[1267]: [NEW] ORIG: SRC=176.36.141.89 DST=194.50.85.5 PROTO=UDP SPT=40791 DPT=53 PKTS=0 BYTES=0 , REPLY: SRC=194.50.85.5 DST=176.36.141.89 PROTO=UDP SPT=53 DPT=40791 PKTS=0 BYTES=0
Nov 14 18:32:30 10.0.0.2 dnsmasq[1]: 29281 192.168.1.45/60346 reply registry-1.docker.io is 34.205.13.154
Nov 14 18:32:30 10.0.0.2 dnsmasq[1]: 29281 192.168.1.45/60346 reply registry-1.docker.io is 44.205.64.79
Nov 14 18:32:30 10.0.0.2 dnsmasq[1]: 29281 192.168.1.45/60346 reply registry-1.docker.io is 3.216.34.172
Nov 14 18:32:30 10.0.0.2 dnsmasq[1]: 29280 192.168.1.45/59696 reply registry-1.docker.io is 2600:1f18:2148:bc00:e947:5a7f:a49f:9126
Nov 14 18:32:30 10.0.0.2 dnsmasq[1]: 29280 192.168.1.45/59696 reply registry-1.docker.io is 2600:1f18:2148:bc01:c4:4967:28eb:1824
Nov 14 18:32:30 10.0.0.2 dnsmasq[1]: 29280 192.168.1.45/59696 reply registry-1.docker.io is 2600:1f18:2148:bc02:4bf0:3a98:55ae:e3d5
Nov 14 18:32:30 10.0.0.2 ulogd[1267]: [NEW] ORIG: SRC=192.168.1.45 DST=34.205.13.154 PROTO=TCP SPT=33152 DPT=443 PKTS=0 BYTES=0 , REPLY: SRC=34.205.13.154 DST=176.36.141.89 PROTO=TCP SPT=443 DPT=33152 PKTS=0 BYTES=0
Nov 14 18:32:30 10.0.0.2 ulogd[1267]: [NEW] ORIG: SRC=192.168.1.45 DST=192.168.1.1 PROTO=UDP SPT=60326 DPT=53 PKTS=0 BYTES=0 , REPLY: SRC=192.168.1.1 DST=192.168.1.45 PROTO=UDP SPT=53 DPT=60326 PKTS=0 BYTES=0
Nov 14 18:32:30 10.0.0.2 dnsmasq[1]: 29282 192.168.1.45/60326 query[A] auth.docker.io from 192.168.1.45
Nov 14 18:32:30 10.0.0.2 ulogd[1267]: [NEW] ORIG: SRC=192.168.1.45 DST=192.168.1.1 PROTO=UDP SPT=36686 DPT=53 PKTS=0 BYTES=0 , REPLY: SRC=192.168.1.1 DST=192.168.1.45 PROTO=UDP SPT=53 DPT=36686 PKTS=0 BYTES=0
Nov 14 18:32:30 10.0.0.2 ulogd[1267]: [NEW] ORIG: SRC=176.36.141.89 DST=194.50.85.5 PROTO=UDP SPT=53470 DPT=53 PKTS=0 BYTES=0 , REPLY: SRC=194.50.85.5 DST=176.36.141.89 PROTO=UDP SPT=53 DPT=53470 PKTS=0 BYTES=0
Nov 14 18:32:30 10.0.0.2 dnsmasq[1]: 29282 192.168.1.45/60326 forwarded auth.docker.io to 194.50.85.5
Nov 14 18:32:30 10.0.0.2 dnsmasq[1]: 29283 192.168.1.45/36686 query[AAAA] auth.docker.io from 192.168.1.45
Nov 14 18:32:30 10.0.0.2 dnsmasq[1]: 29283 192.168.1.45/36686 forwarded auth.docker.io to 194.50.85.5
Nov 14 18:32:30 10.0.0.2 ulogd[1267]: [DESTROY] ORIG: SRC=176.36.141.89 DST=194.50.85.5 PROTO=UDP SPT=42883 DPT=53 PKTS=1 BYTES=63 , REPLY: SRC=194.50.85.5 DST=176.36.141.89 PROTO=UDP SPT=53 DPT=42883 PKTS=1 BYTES=158
Nov 14 18:32:30 10.0.0.2 ulogd[1267]: [NEW] ORIG: SRC=176.36.141.89 DST=194.50.85.5 PROTO=UDP SPT=44022 DPT=53 PKTS=0 BYTES=0 , REPLY: SRC=194.50.85.5 DST=176.36.141.89 PROTO=UDP SPT=53 DPT=44022 PKTS=0 BYTES=0
Nov 14 18:32:30 10.0.0.2 dnsmasq[1]: 29282 192.168.1.45/60326 reply auth.docker.io is 3.216.34.172
Nov 14 18:32:30 10.0.0.2 dnsmasq[1]: 29282 192.168.1.45/60326 reply auth.docker.io is 34.205.13.154
Nov 14 18:32:30 10.0.0.2 dnsmasq[1]: 29282 192.168.1.45/60326 reply auth.docker.io is 44.205.64.79
Nov 14 18:32:30 10.0.0.2 dnsmasq[1]: 29283 192.168.1.45/36686 reply auth.docker.io is 2600:1f18:2148:bc01:c4:4967:28eb:1824
Nov 14 18:32:30 10.0.0.2 dnsmasq[1]: 29283 192.168.1.45/36686 reply auth.docker.io is 2600:1f18:2148:bc00:e947:5a7f:a49f:9126
Nov 14 18:32:30 10.0.0.2 dnsmasq[1]: 29283 192.168.1.45/36686 reply auth.docker.io is 2600:1f18:2148:bc02:4bf0:3a98:55ae:e3d5
Nov 14 18:32:30 10.0.0.2 ulogd[1267]: [NEW] ORIG: SRC=192.168.1.45 DST=3.216.34.172 PROTO=TCP SPT=44012 DPT=443 PKTS=0 BYTES=0 , REPLY: SRC=3.216.34.172 DST=176.36.141.89 PROTO=TCP SPT=443 DPT=44012 PKTS=0 BYTES=0
Nov 14 18:32:30 10.0.0.2 ulogd[1267]: [NEW] ORIG: SRC=192.168.1.45 DST=192.168.1.1 PROTO=UDP SPT=51807 DPT=53 PKTS=0 BYTES=0 , REPLY: SRC=192.168.1.1 DST=192.168.1.45 PROTO=UDP SPT=53 DPT=51807 PKTS=0 BYTES=0
Nov 14 18:32:30 10.0.0.2 dnsmasq[1]: 29284 192.168.1.45/51807 query[AAAA] registry-1.docker.io from 192.168.1.45
Nov 14 18:32:30 10.0.0.2 ulogd[1267]: [NEW] ORIG: SRC=192.168.1.45 DST=192.168.1.1 PROTO=UDP SPT=49527 DPT=53 PKTS=0 BYTES=0 , REPLY: SRC=192.168.1.1 DST=192.168.1.45 PROTO=UDP SPT=53 DPT=49527 PKTS=0 BYTES=0
Nov 14 18:32:30 10.0.0.2 dnsmasq[1]: 29284 192.168.1.45/51807 cached registry-1.docker.io is 2600:1f18:2148:bc02:4bf0:3a98:55ae:e3d5
Nov 14 18:32:30 10.0.0.2 dnsmasq[1]: 29284 192.168.1.45/51807 cached registry-1.docker.io is 2600:1f18:2148:bc01:c4:4967:28eb:1824
Nov 14 18:32:30 10.0.0.2 dnsmasq[1]: 29284 192.168.1.45/51807 cached registry-1.docker.io is 2600:1f18:2148:bc00:e947:5a7f:a49f:9126
Nov 14 18:32:30 10.0.0.2 dnsmasq[1]: 29285 192.168.1.45/49527 query[A] registry-1.docker.io from 192.168.1.45
Nov 14 18:32:30 10.0.0.2 dnsmasq[1]: 29285 192.168.1.45/49527 cached registry-1.docker.io is 3.216.34.172
Nov 14 18:32:30 10.0.0.2 dnsmasq[1]: 29285 192.168.1.45/49527 cached registry-1.docker.io is 44.205.64.79
Nov 14 18:32:30 10.0.0.2 dnsmasq[1]: 29285 192.168.1.45/49527 cached registry-1.docker.io is 34.205.13.154
Nov 14 18:32:30 10.0.0.2 ulogd[1267]: [NEW] ORIG: SRC=192.168.1.45 DST=3.216.34.172 PROTO=TCP SPT=44014 DPT=443 PKTS=0 BYTES=0 , REPLY: SRC=3.216.34.172 DST=176.36.141.89 PROTO=TCP SPT=443 DPT=44014 PKTS=0 BYTES=0
Nov 14 18:32:31 10.0.0.2 ulogd[1267]: [NEW] ORIG: SRC=192.168.1.45 DST=192.168.1.1 PROTO=UDP SPT=47045 DPT=53 PKTS=0 BYTES=0 , REPLY: SRC=192.168.1.1 DST=192.168.1.45 PROTO=UDP SPT=53 DPT=47045 PKTS=0 BYTES=0
Nov 14 18:32:31 10.0.0.2 dnsmasq[1]: 29286 192.168.1.45/47045 query[AAAA] registry-1.docker.io from 192.168.1.45
Nov 14 18:32:31 10.0.0.2 ulogd[1267]: [NEW] ORIG: SRC=192.168.1.45 DST=192.168.1.1 PROTO=UDP SPT=53188 DPT=53 PKTS=0 BYTES=0 , REPLY: SRC=192.168.1.1 DST=192.168.1.45 PROTO=UDP SPT=53 DPT=53188 PKTS=0 BYTES=0
Nov 14 18:32:31 10.0.0.2 dnsmasq[1]: 29286 192.168.1.45/47045 cached registry-1.docker.io is 2600:1f18:2148:bc00:e947:5a7f:a49f:9126
Nov 14 18:32:31 10.0.0.2 dnsmasq[1]: 29286 192.168.1.45/47045 cached registry-1.docker.io is 2600:1f18:2148:bc02:4bf0:3a98:55ae:e3d5
Nov 14 18:32:31 10.0.0.2 dnsmasq[1]: 29286 192.168.1.45/47045 cached registry-1.docker.io is 2600:1f18:2148:bc01:c4:4967:28eb:1824
Nov 14 18:32:31 10.0.0.2 dnsmasq[1]: 29287 192.168.1.45/53188 query[A] registry-1.docker.io from 192.168.1.45
Nov 14 18:32:31 10.0.0.2 dnsmasq[1]: 29287 192.168.1.45/53188 cached registry-1.docker.io is 34.205.13.154
Nov 14 18:32:31 10.0.0.2 dnsmasq[1]: 29287 192.168.1.45/53188 cached registry-1.docker.io is 3.216.34.172
Nov 14 18:32:31 10.0.0.2 dnsmasq[1]: 29287 192.168.1.45/53188 cached registry-1.docker.io is 44.205.64.79
Nov 14 18:32:31 10.0.0.2 ulogd[1267]: [NEW] ORIG: SRC=192.168.1.45 DST=34.205.13.154 PROTO=TCP SPT=33160 DPT=443 PKTS=0 BYTES=0 , REPLY: SRC=34.205.13.154 DST=176.36.141.89 PROTO=TCP SPT=443 DPT=33160 PKTS=0 BYTES=0
Nov 14 18:32:32 10.0.0.2 dnsmasq[1]: 29288 192.168.1.45/42271 query[AAAA] docker.io from 192.168.1.45
Nov 14 18:32:32 10.0.0.2 ulogd[1267]: [NEW] ORIG: SRC=192.168.1.45 DST=192.168.1.1 PROTO=UDP SPT=42271 DPT=53 PKTS=0 BYTES=0 , REPLY: SRC=192.168.1.1 DST=192.168.1.45 PROTO=UDP SPT=53 DPT=42271 PKTS=0 BYTES=0
Nov 14 18:32:32 10.0.0.2 dnsmasq[1]: 29288 192.168.1.45/42271 cached docker.io is 2600:1f18:2148:bc00:b293:3938:d3b1:c2db
Nov 14 18:32:32 10.0.0.2 ulogd[1267]: [NEW] ORIG: SRC=192.168.1.45 DST=192.168.1.1 PROTO=UDP SPT=48120 DPT=53 PKTS=0 BYTES=0 , REPLY: SRC=192.168.1.1 DST=192.168.1.45 PROTO=UDP SPT=53 DPT=48120 PKTS=0 BYTES=0
Nov 14 18:32:32 10.0.0.2 dnsmasq[1]: 29288 192.168.1.45/42271 cached docker.io is 2600:1f18:2148:bc02:c4d:bd64:5587:68e0
Nov 14 18:32:32 10.0.0.2 dnsmasq[1]: 29288 192.168.1.45/42271 cached docker.io is 2600:1f18:2148:bc01:d6c5:5f27:994b:a725
Nov 14 18:32:32 10.0.0.2 dnsmasq[1]: 29289 192.168.1.45/48120 query[A] docker.io from 192.168.1.45
Nov 14 18:32:32 10.0.0.2 dnsmasq[1]: 29289 192.168.1.45/48120 cached docker.io is 18.206.20.10
Nov 14 18:32:32 10.0.0.2 dnsmasq[1]: 29289 192.168.1.45/48120 cached docker.io is 18.210.197.188
Nov 14 18:32:32 10.0.0.2 dnsmasq[1]: 29289 192.168.1.45/48120 cached docker.io is 3.228.146.75
Nov 14 18:32:32 10.0.0.2 ulogd[1267]: [NEW] ORIG: SRC=192.168.1.45 DST=192.168.1.1 PROTO=UDP SPT=59786 DPT=53 PKTS=0 BYTES=0 , REPLY: SRC=192.168.1.1 DST=192.168.1.45 PROTO=UDP SPT=53 DPT=59786 PKTS=0 BYTES=0
Nov 14 18:32:32 10.0.0.2 dnsmasq[1]: 29290 192.168.1.45/59786 query[AAAA] registry-1.docker.io from 192.168.1.45
Nov 14 18:32:32 10.0.0.2 dnsmasq[1]: 29290 192.168.1.45/59786 cached registry-1.docker.io is 2600:1f18:2148:bc01:c4:4967:28eb:1824
Nov 14 18:32:32 10.0.0.2 dnsmasq[1]: 29290 192.168.1.45/59786 cached registry-1.docker.io is 2600:1f18:2148:bc00:e947:5a7f:a49f:9126
Nov 14 18:32:32 10.0.0.2 ulogd[1267]: [NEW] ORIG: SRC=192.168.1.45 DST=192.168.1.1 PROTO=UDP SPT=43247 DPT=53 PKTS=0 BYTES=0 , REPLY: SRC=192.168.1.1 DST=192.168.1.45 PROTO=UDP SPT=53 DPT=43247 PKTS=0 BYTES=0
Nov 14 18:32:32 10.0.0.2 dnsmasq[1]: 29290 192.168.1.45/59786 cached registry-1.docker.io is 2600:1f18:2148:bc02:4bf0:3a98:55ae:e3d5
Nov 14 18:32:32 10.0.0.2 dnsmasq[1]: 29291 192.168.1.45/43247 query[A] registry-1.docker.io from 192.168.1.45
Nov 14 18:32:32 10.0.0.2 dnsmasq[1]: 29291 192.168.1.45/43247 cached registry-1.docker.io is 44.205.64.79
Nov 14 18:32:32 10.0.0.2 dnsmasq[1]: 29291 192.168.1.45/43247 cached registry-1.docker.io is 34.205.13.154
Nov 14 18:32:32 10.0.0.2 dnsmasq[1]: 29291 192.168.1.45/43247 cached registry-1.docker.io is 3.216.34.172
Nov 14 18:32:32 10.0.0.2 ulogd[1267]: [NEW] ORIG: SRC=192.168.1.45 DST=44.205.64.79 PROTO=TCP SPT=39824 DPT=443 PKTS=0 BYTES=0 , REPLY: SRC=44.205.64.79 DST=176.36.141.89 PROTO=TCP SPT=443 DPT=39824 PKTS=0 BYTES=0
Nov 14 18:32:32 10.0.0.2 dnsmasq[1]: 29292 192.168.1.45/44817 query[AAAA] auth.docker.io from 192.168.1.45
Nov 14 18:32:32 10.0.0.2 ulogd[1267]: [NEW] ORIG: SRC=192.168.1.45 DST=192.168.1.1 PROTO=UDP SPT=44817 DPT=53 PKTS=0 BYTES=0 , REPLY: SRC=192.168.1.1 DST=192.168.1.45 PROTO=UDP SPT=53 DPT=44817 PKTS=0 BYTES=0
Nov 14 18:32:32 10.0.0.2 ulogd[1267]: [NEW] ORIG: SRC=192.168.1.45 DST=192.168.1.1 PROTO=UDP SPT=47200 DPT=53 PKTS=0 BYTES=0 , REPLY: SRC=192.168.1.1 DST=192.168.1.45 PROTO=UDP SPT=53 DPT=47200 PKTS=0 BYTES=0
Nov 14 18:32:32 10.0.0.2 dnsmasq[1]: 29292 192.168.1.45/44817 cached auth.docker.io is 2600:1f18:2148:bc02:4bf0:3a98:55ae:e3d5
Nov 14 18:32:32 10.0.0.2 dnsmasq[1]: 29292 192.168.1.45/44817 cached auth.docker.io is 2600:1f18:2148:bc00:e947:5a7f:a49f:9126
Nov 14 18:32:32 10.0.0.2 dnsmasq[1]: 29292 192.168.1.45/44817 cached auth.docker.io is 2600:1f18:2148:bc01:c4:4967:28eb:1824
Nov 14 18:32:32 10.0.0.2 dnsmasq[1]: 29293 192.168.1.45/47200 query[A] auth.docker.io from 192.168.1.45
Nov 14 18:32:32 10.0.0.2 dnsmasq[1]: 29293 192.168.1.45/47200 cached auth.docker.io is 44.205.64.79
Nov 14 18:32:32 10.0.0.2 dnsmasq[1]: 29293 192.168.1.45/47200 cached auth.docker.io is 34.205.13.154
Nov 14 18:32:32 10.0.0.2 dnsmasq[1]: 29293 192.168.1.45/47200 cached auth.docker.io is 3.216.34.172
Nov 14 18:32:32 10.0.0.2 ulogd[1267]: [NEW] ORIG: SRC=192.168.1.45 DST=44.205.64.79 PROTO=TCP SPT=39840 DPT=443 PKTS=0 BYTES=0 , REPLY: SRC=44.205.64.79 DST=176.36.141.89 PROTO=TCP SPT=443 DPT=39840 PKTS=0 BYTES=0
Nov 14 18:32:33 10.0.0.2 ulogd[1267]: [NEW] ORIG: SRC=192.168.1.45 DST=192.168.1.1 PROTO=UDP SPT=51717 DPT=53 PKTS=0 BYTES=0 , REPLY: SRC=192.168.1.1 DST=192.168.1.45 PROTO=UDP SPT=53 DPT=51717 PKTS=0 BYTES=0
Nov 14 18:32:33 10.0.0.2 dnsmasq[1]: 29294 192.168.1.45/51717 query[AAAA] registry-1.docker.io from 192.168.1.45
Nov 14 18:32:33 10.0.0.2 ulogd[1267]: [NEW] ORIG: SRC=192.168.1.45 DST=192.168.1.1 PROTO=UDP SPT=42664 DPT=53 PKTS=0 BYTES=0 , REPLY: SRC=192.168.1.1 DST=192.168.1.45 PROTO=UDP SPT=53 DPT=42664 PKTS=0 BYTES=0
Nov 14 18:32:33 10.0.0.2 dnsmasq[1]: 29294 192.168.1.45/51717 cached registry-1.docker.io is 2600:1f18:2148:bc02:4bf0:3a98:55ae:e3d5
Nov 14 18:32:33 10.0.0.2 dnsmasq[1]: 29294 192.168.1.45/51717 cached registry-1.docker.io is 2600:1f18:2148:bc01:c4:4967:28eb:1824
Nov 14 18:32:33 10.0.0.2 dnsmasq[1]: 29294 192.168.1.45/51717 cached registry-1.docker.io is 2600:1f18:2148:bc00:e947:5a7f:a49f:9126
Nov 14 18:32:33 10.0.0.2 dnsmasq[1]: 29295 192.168.1.45/42664 query[A] registry-1.docker.io from 192.168.1.45
Nov 14 18:32:33 10.0.0.2 dnsmasq[1]: 29295 192.168.1.45/42664 cached registry-1.docker.io is 3.216.34.172
Nov 14 18:32:33 10.0.0.2 dnsmasq[1]: 29295 192.168.1.45/42664 cached registry-1.docker.io is 44.205.64.79
Nov 14 18:32:33 10.0.0.2 dnsmasq[1]: 29295 192.168.1.45/42664 cached registry-1.docker.io is 34.205.13.154
Nov 14 18:32:33 10.0.0.2 ulogd[1267]: [NEW] ORIG: SRC=192.168.1.45 DST=3.216.34.172 PROTO=TCP SPT=36790 DPT=443 PKTS=0 BYTES=0 , REPLY: SRC=3.216.34.172 DST=176.36.141.89 PROTO=TCP SPT=443 DPT=36790 PKTS=0 BYTES=0
Nov 14 18:32:33 10.0.0.2 ulogd[1267]: [NEW] ORIG: SRC=192.168.1.45 DST=192.168.1.1 PROTO=UDP SPT=42599 DPT=53 PKTS=0 BYTES=0 , REPLY: SRC=192.168.1.1 DST=192.168.1.45 PROTO=UDP SPT=53 DPT=42599 PKTS=0 BYTES=0
Nov 14 18:32:33 10.0.0.2 dnsmasq[1]: 29296 192.168.1.45/42599 query[A] registry-1.docker.io from 192.168.1.45
Nov 14 18:32:33 10.0.0.2 ulogd[1267]: [NEW] ORIG: SRC=192.168.1.45 DST=192.168.1.1 PROTO=UDP SPT=49094 DPT=53 PKTS=0 BYTES=0 , REPLY: SRC=192.168.1.1 DST=192.168.1.45 PROTO=UDP SPT=53 DPT=49094 PKTS=0 BYTES=0
Nov 14 18:32:33 10.0.0.2 dnsmasq[1]: 29296 192.168.1.45/42599 cached registry-1.docker.io is 34.205.13.154
Nov 14 18:32:33 10.0.0.2 dnsmasq[1]: 29296 192.168.1.45/42599 cached registry-1.docker.io is 3.216.34.172
Nov 14 18:32:33 10.0.0.2 dnsmasq[1]: 29296 192.168.1.45/42599 cached registry-1.docker.io is 44.205.64.79
Nov 14 18:32:33 10.0.0.2 dnsmasq[1]: 29297 192.168.1.45/49094 query[AAAA] registry-1.docker.io from 192.168.1.45
Nov 14 18:32:33 10.0.0.2 dnsmasq[1]: 29297 192.168.1.45/49094 cached registry-1.docker.io is 2600:1f18:2148:bc00:e947:5a7f:a49f:9126
Nov 14 18:32:33 10.0.0.2 dnsmasq[1]: 29297 192.168.1.45/49094 cached registry-1.docker.io is 2600:1f18:2148:bc02:4bf0:3a98:55ae:e3d5
Nov 14 18:32:33 10.0.0.2 dnsmasq[1]: 29297 192.168.1.45/49094 cached registry-1.docker.io is 2600:1f18:2148:bc01:c4:4967:28eb:1824
Nov 14 18:32:33 10.0.0.2 ulogd[1267]: [NEW] ORIG: SRC=192.168.1.45 DST=34.205.13.154 PROTO=TCP SPT=51954 DPT=443 PKTS=0 BYTES=0 , REPLY: SRC=34.205.13.154 DST=176.36.141.89 PROTO=TCP SPT=443 DPT=51954 PKTS=0 BYTES=0
Nov 14 18:32:34 10.0.0.2 ulogd[1267]: [NEW] ORIG: SRC=192.168.1.45 DST=192.168.1.1 PROTO=UDP SPT=34961 DPT=53 PKTS=0 BYTES=0 , REPLY: SRC=192.168.1.1 DST=192.168.1.45 PROTO=UDP SPT=53 DPT=34961 PKTS=0 BYTES=0
Nov 14 18:32:34 10.0.0.2 dnsmasq[1]: 29298 192.168.1.45/34961 query[AAAA] docker.io from 192.168.1.45
Nov 14 18:32:34 10.0.0.2 ulogd[1267]: [NEW] ORIG: SRC=192.168.1.45 DST=192.168.1.1 PROTO=UDP SPT=36245 DPT=53 PKTS=0 BYTES=0 , REPLY: SRC=192.168.1.1 DST=192.168.1.45 PROTO=UDP SPT=53 DPT=36245 PKTS=0 BYTES=0
Nov 14 18:32:34 10.0.0.2 dnsmasq[1]: 29298 192.168.1.45/34961 cached docker.io is 2600:1f18:2148:bc01:d6c5:5f27:994b:a725
Nov 14 18:32:34 10.0.0.2 dnsmasq[1]: 29298 192.168.1.45/34961 cached docker.io is 2600:1f18:2148:bc00:b293:3938:d3b1:c2db
Nov 14 18:32:34 10.0.0.2 dnsmasq[1]: 29298 192.168.1.45/34961 cached docker.io is 2600:1f18:2148:bc02:c4d:bd64:5587:68e0
Nov 14 18:32:34 10.0.0.2 dnsmasq[1]: 29299 192.168.1.45/36245 query[A] docker.io from 192.168.1.45
Nov 14 18:32:34 10.0.0.2 dnsmasq[1]: 29299 192.168.1.45/36245 cached docker.io is 3.228.146.75
Nov 14 18:32:34 10.0.0.2 dnsmasq[1]: 29299 192.168.1.45/36245 cached docker.io is 18.206.20.10
Nov 14 18:32:34 10.0.0.2 dnsmasq[1]: 29299 192.168.1.45/36245 cached docker.io is 18.210.197.188
Nov 14 18:32:34 10.0.0.2 ulogd[1267]: [NEW] ORIG: SRC=192.168.1.45 DST=192.168.1.1 PROTO=UDP SPT=41476 DPT=53 PKTS=0 BYTES=0 , REPLY: SRC=192.168.1.1 DST=192.168.1.45 PROTO=UDP SPT=53 DPT=41476 PKTS=0 BYTES=0
Nov 14 18:32:34 10.0.0.2 dnsmasq[1]: 29300 192.168.1.45/41476 query[AAAA] registry-1.docker.io from 192.168.1.45
Nov 14 18:32:34 10.0.0.2 ulogd[1267]: [NEW] ORIG: SRC=192.168.1.45 DST=192.168.1.1 PROTO=UDP SPT=52613 DPT=53 PKTS=0 BYTES=0 , REPLY: SRC=192.168.1.1 DST=192.168.1.45 PROTO=UDP SPT=53 DPT=52613 PKTS=0 BYTES=0
Nov 14 18:32:34 10.0.0.2 dnsmasq[1]: 29300 192.168.1.45/41476 cached registry-1.docker.io is 2600:1f18:2148:bc01:c4:4967:28eb:1824
Nov 14 18:32:34 10.0.0.2 dnsmasq[1]: 29300 192.168.1.45/41476 cached registry-1.docker.io is 2600:1f18:2148:bc00:e947:5a7f:a49f:9126
Nov 14 18:32:34 10.0.0.2 dnsmasq[1]: 29300 192.168.1.45/41476 cached registry-1.docker.io is 2600:1f18:2148:bc02:4bf0:3a98:55ae:e3d5
Nov 14 18:32:34 10.0.0.2 dnsmasq[1]: 29301 192.168.1.45/52613 query[A] registry-1.docker.io from 192.168.1.45
Nov 14 18:32:34 10.0.0.2 dnsmasq[1]: 29301 192.168.1.45/52613 cached registry-1.docker.io is 44.205.64.79
Nov 14 18:32:34 10.0.0.2 dnsmasq[1]: 29301 192.168.1.45/52613 cached registry-1.docker.io is 34.205.13.154
Nov 14 18:32:34 10.0.0.2 dnsmasq[1]: 29301 192.168.1.45/52613 cached registry-1.docker.io is 3.216.34.172
Nov 14 18:32:34 10.0.0.2 ulogd[1267]: [NEW] ORIG: SRC=192.168.1.45 DST=44.205.64.79 PROTO=TCP SPT=60466 DPT=443 PKTS=0 BYTES=0 , REPLY: SRC=44.205.64.79 DST=176.36.141.89 PROTO=TCP SPT=443 DPT=60466 PKTS=0 BYTES=0
Nov 14 18:32:34 10.0.0.2 ulogd[1267]: [NEW] ORIG: SRC=192.168.1.45 DST=192.168.1.1 PROTO=UDP SPT=39990 DPT=53 PKTS=0 BYTES=0 , REPLY: SRC=192.168.1.1 DST=192.168.1.45 PROTO=UDP SPT=53 DPT=39990 PKTS=0 BYTES=0
Nov 14 18:32:34 10.0.0.2 dnsmasq[1]: 29302 192.168.1.45/39990 query[A] auth.docker.io from 192.168.1.45
Nov 14 18:32:34 10.0.0.2 ulogd[1267]: [NEW] ORIG: SRC=192.168.1.45 DST=192.168.1.1 PROTO=UDP SPT=52579 DPT=53 PKTS=0 BYTES=0 , REPLY: SRC=192.168.1.1 DST=192.168.1.45 PROTO=UDP SPT=53 DPT=52579 PKTS=0 BYTES=0
Nov 14 18:32:34 10.0.0.2 dnsmasq[1]: 29302 192.168.1.45/39990 cached auth.docker.io is 3.216.34.172
Nov 14 18:32:34 10.0.0.2 dnsmasq[1]: 29302 192.168.1.45/39990 cached auth.docker.io is 44.205.64.79
Nov 14 18:32:34 10.0.0.2 dnsmasq[1]: 29302 192.168.1.45/39990 cached auth.docker.io is 34.205.13.154
Nov 14 18:32:34 10.0.0.2 dnsmasq[1]: 29303 192.168.1.45/52579 query[AAAA] auth.docker.io from 192.168.1.45
Nov 14 18:32:34 10.0.0.2 dnsmasq[1]: 29303 192.168.1.45/52579 cached auth.docker.io is 2600:1f18:2148:bc01:c4:4967:28eb:1824
Nov 14 18:32:34 10.0.0.2 dnsmasq[1]: 29303 192.168.1.45/52579 cached auth.docker.io is 2600:1f18:2148:bc02:4bf0:3a98:55ae:e3d5
Nov 14 18:32:34 10.0.0.2 dnsmasq[1]: 29303 192.168.1.45/52579 cached auth.docker.io is 2600:1f18:2148:bc00:e947:5a7f:a49f:9126
Nov 14 18:32:34 10.0.0.2 ulogd[1267]: [NEW] ORIG: SRC=192.168.1.45 DST=3.216.34.172 PROTO=TCP SPT=36804 DPT=443 PKTS=0 BYTES=0 , REPLY: SRC=3.216.34.172 DST=176.36.141.89 PROTO=TCP SPT=443 DPT=36804 PKTS=0 BYTES=0
Nov 14 18:32:34 10.0.0.2 ulogd[1267]: [NEW] ORIG: SRC=192.168.1.45 DST=192.168.1.1 PROTO=UDP SPT=39727 DPT=53 PKTS=0 BYTES=0 , REPLY: SRC=192.168.1.1 DST=192.168.1.45 PROTO=UDP SPT=53 DPT=39727 PKTS=0 BYTES=0
Nov 14 18:32:34 10.0.0.2 dnsmasq[1]: 29304 192.168.1.45/39727 query[AAAA] registry-1.docker.io from 192.168.1.45
Nov 14 18:32:34 10.0.0.2 ulogd[1267]: [NEW] ORIG: SRC=192.168.1.45 DST=192.168.1.1 PROTO=UDP SPT=48815 DPT=53 PKTS=0 BYTES=0 , REPLY: SRC=192.168.1.1 DST=192.168.1.45 PROTO=UDP SPT=53 DPT=48815 PKTS=0 BYTES=0
Nov 14 18:32:34 10.0.0.2 dnsmasq[1]: 29304 192.168.1.45/39727 cached registry-1.docker.io is 2600:1f18:2148:bc02:4bf0:3a98:55ae:e3d5
Nov 14 18:32:34 10.0.0.2 dnsmasq[1]: 29304 192.168.1.45/39727 cached registry-1.docker.io is 2600:1f18:2148:bc01:c4:4967:28eb:1824
Nov 14 18:32:34 10.0.0.2 dnsmasq[1]: 29304 192.168.1.45/39727 cached registry-1.docker.io is 2600:1f18:2148:bc00:e947:5a7f:a49f:9126
Nov 14 18:32:34 10.0.0.2 dnsmasq[1]: 29305 192.168.1.45/48815 query[A] registry-1.docker.io from 192.168.1.45
Nov 14 18:32:34 10.0.0.2 dnsmasq[1]: 29305 192.168.1.45/48815 cached registry-1.docker.io is 3.216.34.172
Nov 14 18:32:34 10.0.0.2 dnsmasq[1]: 29305 192.168.1.45/48815 cached registry-1.docker.io is 44.205.64.79
Nov 14 18:32:34 10.0.0.2 dnsmasq[1]: 29305 192.168.1.45/48815 cached registry-1.docker.io is 34.205.13.154
Nov 14 18:32:34 10.0.0.2 ulogd[1267]: [NEW] ORIG: SRC=192.168.1.45 DST=3.216.34.172 PROTO=TCP SPT=36812 DPT=443 PKTS=0 BYTES=0 , REPLY: SRC=3.216.34.172 DST=176.36.141.89 PROTO=TCP SPT=443 DPT=36812 PKTS=0 BYTES=0
Nov 14 18:32:35 10.0.0.2 ulogd[1267]: [NEW] ORIG: SRC=192.168.1.45 DST=192.168.1.1 PROTO=UDP SPT=46073 DPT=53 PKTS=0 BYTES=0 , REPLY: SRC=192.168.1.1 DST=192.168.1.45 PROTO=UDP SPT=53 DPT=46073 PKTS=0 BYTES=0
Nov 14 18:32:35 10.0.0.2 dnsmasq[1]: 29306 192.168.1.45/46073 query[AAAA] registry-1.docker.io from 192.168.1.45
Nov 14 18:32:35 10.0.0.2 ulogd[1267]: [NEW] ORIG: SRC=192.168.1.45 DST=192.168.1.1 PROTO=UDP SPT=33399 DPT=53 PKTS=0 BYTES=0 , REPLY: SRC=192.168.1.1 DST=192.168.1.45 PROTO=UDP SPT=53 DPT=33399 PKTS=0 BYTES=0
Nov 14 18:32:35 10.0.0.2 dnsmasq[1]: 29306 192.168.1.45/46073 cached registry-1.docker.io is 2600:1f18:2148:bc00:e947:5a7f:a49f:9126
Nov 14 18:32:35 10.0.0.2 dnsmasq[1]: 29306 192.168.1.45/46073 cached registry-1.docker.io is 2600:1f18:2148:bc02:4bf0:3a98:55ae:e3d5
Nov 14 18:32:35 10.0.0.2 dnsmasq[1]: 29306 192.168.1.45/46073 cached registry-1.docker.io is 2600:1f18:2148:bc01:c4:4967:28eb:1824
Nov 14 18:32:35 10.0.0.2 dnsmasq[1]: 29307 192.168.1.45/33399 query[A] registry-1.docker.io from 192.168.1.45
Nov 14 18:32:35 10.0.0.2 dnsmasq[1]: 29307 192.168.1.45/33399 cached registry-1.docker.io is 34.205.13.154
Nov 14 18:32:35 10.0.0.2 dnsmasq[1]: 29307 192.168.1.45/33399 cached registry-1.docker.io is 3.216.34.172
Nov 14 18:32:35 10.0.0.2 dnsmasq[1]: 29307 192.168.1.45/33399 cached registry-1.docker.io is 44.205.64.79
Nov 14 18:32:35 10.0.0.2 ulogd[1267]: [NEW] ORIG: SRC=192.168.1.45 DST=34.205.13.154 PROTO=TCP SPT=51962 DPT=443 PKTS=0 BYTES=0 , REPLY: SRC=34.205.13.154 DST=176.36.141.89 PROTO=TCP SPT=443 DPT=51962 PKTS=0 BYTES=0
Nov 14 18:32:39 10.0.0.2 ulogd[1267]: [NEW] ORIG: SRC=fd02:c8be:1d40:0:89c6:4fae:69d2:328 DST=fd02:c8be:1d40::1 PROTO=UDP SPT=62820 DPT=53 PKTS=0 BYTES=0 , REPLY: SRC=fd02:c8be:1d40::1 DST=fd02:c8be:1d40:0:89c6:4fae:69d2:328 PROTO=UDP SPT=53 DPT=62820 PKTS=0 BYTES=0
Nov 14 18:32:39 10.0.0.2 dnsmasq[1]: 29308 fd02:c8be:1d40:0:89c6:4fae:69d2:328/62820 query[A] ctldl.windowsupdate.com from fd02:c8be:1d40:0:89c6:4fae:69d2:328
Nov 14 18:32:39 10.0.0.2 ulogd[1267]: [NEW] ORIG: SRC=fd02:c8be:1d40:0:89c6:4fae:69d2:328 DST=fd02:c8be:1d40::1 PROTO=UDP SPT=57412 DPT=53 PKTS=0 BYTES=0 , REPLY: SRC=fd02:c8be:1d40::1 DST=fd02:c8be:1d40:0:89c6:4fae:69d2:328 PROTO=UDP SPT=53 DPT=57412 PKTS=0 BYTES=0
Nov 14 18:32:39 10.0.0.2 dnsmasq[1]: 29308 fd02:c8be:1d40:0:89c6:4fae:69d2:328/62820 forwarded ctldl.windowsupdate.com to 194.50.85.5
Nov 14 18:32:39 10.0.0.2 ulogd[1267]: [NEW] ORIG: SRC=176.36.141.89 DST=194.50.85.5 PROTO=UDP SPT=51266 DPT=53 PKTS=0 BYTES=0 , REPLY: SRC=194.50.85.5 DST=176.36.141.89 PROTO=UDP SPT=53 DPT=51266 PKTS=0 BYTES=0
Nov 14 18:32:39 10.0.0.2 dnsmasq[1]: 29309 fd02:c8be:1d40:0:89c6:4fae:69d2:328/57412 query[AAAA] ctldl.windowsupdate.com from fd02:c8be:1d40:0:89c6:4fae:69d2:328
Nov 14 18:32:39 10.0.0.2 dnsmasq[1]: 29309 fd02:c8be:1d40:0:89c6:4fae:69d2:328/57412 forwarded ctldl.windowsupdate.com to 194.50.85.5
Nov 14 18:32:39 10.0.0.2 ulogd[1267]: [NEW] ORIG: SRC=176.36.141.89 DST=194.50.85.5 PROTO=UDP SPT=60758 DPT=53 PKTS=0 BYTES=0 , REPLY: SRC=194.50.85.5 DST=176.36.141.89 PROTO=UDP SPT=53 DPT=60758 PKTS=0 BYTES=0
Nov 14 18:32:39 10.0.0.2 dnsmasq[1]: 29308 fd02:c8be:1d40:0:89c6:4fae:69d2:328/62820 reply ctldl.windowsupdate.com is <CNAME>
Nov 14 18:32:39 10.0.0.2 dnsmasq[1]: 29308 fd02:c8be:1d40:0:89c6:4fae:69d2:328/62820 reply wu-bg-shim.trafficmanager.net is <CNAME>
Nov 14 18:32:39 10.0.0.2 dnsmasq[1]: 29308 fd02:c8be:1d40:0:89c6:4fae:69d2:328/62820 reply download.windowsupdate.com.edgesuite.net is <CNAME>
Nov 14 18:32:39 10.0.0.2 dnsmasq[1]: 29308 fd02:c8be:1d40:0:89c6:4fae:69d2:328/62820 reply a767.dspw65.akamai.net is 193.109.164.115
Nov 14 18:32:39 10.0.0.2 dnsmasq[1]: 29308 fd02:c8be:1d40:0:89c6:4fae:69d2:328/62820 reply a767.dspw65.akamai.net is 193.109.164.104
Nov 14 18:32:39 10.0.0.2 dnsmasq[1]: 29308 fd02:c8be:1d40:0:89c6:4fae:69d2:328/62820 reply a767.dspw65.akamai.net is 193.109.164.91
Nov 14 18:32:39 10.0.0.2 ulogd[1267]: [NEW] ORIG: SRC=192.168.1.180 DST=192.168.1.1 PROTO=UDP SPT=57412 DPT=53 PKTS=0 BYTES=0 , REPLY: SRC=192.168.1.1 DST=192.168.1.180 PROTO=UDP SPT=53 DPT=57412 PKTS=0 BYTES=0
Nov 14 18:32:39 10.0.0.2 dnsmasq[1]: 29310 192.168.1.180/57412 query[AAAA] ctldl.windowsupdate.com from 192.168.1.180
Nov 14 18:32:39 10.0.0.2 dnsmasq[1]: 29310 192.168.1.180/57412 cached ctldl.windowsupdate.com is <CNAME>
Nov 14 18:32:39 10.0.0.2 dnsmasq[1]: 29310 192.168.1.180/57412 cached wu-bg-shim.trafficmanager.net is <CNAME>
Nov 14 18:32:39 10.0.0.2 dnsmasq[1]: 29310 192.168.1.180/57412 cached download.windowsupdate.com.edgesuite.net is <CNAME>
Nov 14 18:32:39 10.0.0.2 dnsmasq[1]: 29309 fd02:c8be:1d40:0:89c6:4fae:69d2:328/57412 reply ctldl.windowsupdate.com is <CNAME>
Nov 14 18:32:39 10.0.0.2 dnsmasq[1]: 29309 fd02:c8be:1d40:0:89c6:4fae:69d2:328/57412 reply wu-bg-shim.trafficmanager.net is <CNAME>
Nov 14 18:32:39 10.0.0.2 dnsmasq[1]: 29309 fd02:c8be:1d40:0:89c6:4fae:69d2:328/57412 reply download.windowsupdate.com.edgesuite.net is <CNAME>
Nov 14 18:32:39 10.0.0.2 dnsmasq[1]: 29309 fd02:c8be:1d40:0:89c6:4fae:69d2:328/57412 reply a767.dspw65.akamai.net is 2a01:758:ffe2:1::c16d:a45b
Nov 14 18:32:39 10.0.0.2 dnsmasq[1]: 29309 fd02:c8be:1d40:0:89c6:4fae:69d2:328/57412 reply a767.dspw65.akamai.net is 2a01:758:ffe2:1::c16d:a473
Nov 14 18:32:39 10.0.0.2 dnsmasq[1]: 29309 fd02:c8be:1d40:0:89c6:4fae:69d2:328/57412 reply a767.dspw65.akamai.net is 2a01:758:ffe2:1::c16d:a468
Nov 14 18:32:39 10.0.0.2 dnsmasq[1]: 29310 192.168.1.180/57412 reply query is duplicate
Nov 14 18:32:39 10.0.0.2 ulogd[1267]: [NEW] ORIG: SRC=192.168.1.180 DST=193.109.164.115 PROTO=TCP SPT=53010 DPT=80 PKTS=0 BYTES=0 , REPLY: SRC=193.109.164.115 DST=176.36.141.89 PROTO=TCP SPT=80 DPT=53010 PKTS=0 BYTES=0
Nov 14 18:32:44 10.0.0.2 dnsmasq[1]: 29311 fd02:c8be:1d40:0:89c6:4fae:69d2:328/62820 query[A] app.element.io from fd02:c8be:1d40:0:89c6:4fae:69d2:328
Nov 14 18:32:44 10.0.0.2 dnsmasq[1]: 29311 fd02:c8be:1d40:0:89c6:4fae:69d2:328/62820 forwarded app.element.io to 194.50.85.5
Nov 14 18:32:44 10.0.0.2 ulogd[1267]: [NEW] ORIG: SRC=176.36.141.89 DST=194.50.85.5 PROTO=UDP SPT=52911 DPT=53 PKTS=0 BYTES=0 , REPLY: SRC=194.50.85.5 DST=176.36.141.89 PROTO=UDP SPT=53 DPT=52911 PKTS=0 BYTES=0
Nov 14 18:32:44 10.0.0.2 dnsmasq[1]: 29311 fd02:c8be:1d40:0:89c6:4fae:69d2:328/62820 reply app.element.io is 104.22.48.198
Nov 14 18:32:44 10.0.0.2 dnsmasq[1]: 29311 fd02:c8be:1d40:0:89c6:4fae:69d2:328/62820 reply app.element.io is 104.22.49.198
Nov 14 18:32:44 10.0.0.2 dnsmasq[1]: 29311 fd02:c8be:1d40:0:89c6:4fae:69d2:328/62820 reply app.element.io is 172.67.12.112
Nov 14 18:32:44 10.0.0.2 ulogd[1267]: [NEW] ORIG: SRC=192.168.1.180 DST=104.22.48.198 PROTO=TCP SPT=53011 DPT=443 PKTS=0 BYTES=0 , REPLY: SRC=104.22.48.198 DST=176.36.141.89 PROTO=TCP SPT=443 DPT=53011 PKTS=0 BYTES=0
Nov 14 18:32:51 10.0.0.2 dnsmasq[1]: 29312 fd02:c8be:1d40:0:89c6:4fae:69d2:328/62820 query[A] edge.skype.com from fd02:c8be:1d40:0:89c6:4fae:69d2:328
Nov 14 18:32:51 10.0.0.2 ulogd[1267]: [NEW] ORIG: SRC=fd02:c8be:1d40:0:89c6:4fae:69d2:328 DST=fd02:c8be:1d40::1 PROTO=UDP SPT=50399 DPT=53 PKTS=0 BYTES=0 , REPLY: SRC=fd02:c8be:1d40::1 DST=fd02:c8be:1d40:0:89c6:4fae:69d2:328 PROTO=UDP SPT=53 DPT=50399 PKTS=0 BYTES=0
Nov 14 18:32:51 10.0.0.2 dnsmasq[1]: 29312 fd02:c8be:1d40:0:89c6:4fae:69d2:328/62820 forwarded edge.skype.com to 192.168.1.45
Nov 14 18:32:51 10.0.0.2 ulogd[1267]: [NEW] ORIG: SRC=192.168.1.1 DST=192.168.1.45 PROTO=UDP SPT=59680 DPT=5353 PKTS=0 BYTES=0 , REPLY: SRC=192.168.1.45 DST=192.168.1.1 PROTO=UDP SPT=5353 DPT=59680 PKTS=0 BYTES=0
Nov 14 18:32:51 10.0.0.2 dnsmasq[1]: 29312 fd02:c8be:1d40:0:89c6:4fae:69d2:328/62820 forwarded edge.skype.com to 194.50.85.5
Nov 14 18:32:51 10.0.0.2 dnsmasq[1]: 29312 fd02:c8be:1d40:0:89c6:4fae:69d2:328/62820 forwarded edge.skype.com to 194.50.85.7
Nov 14 18:32:51 10.0.0.2 ulogd[1267]: [NEW] ORIG: SRC=176.36.141.89 DST=194.50.85.5 PROTO=UDP SPT=59680 DPT=53 PKTS=0 BYTES=0 , REPLY: SRC=194.50.85.5 DST=176.36.141.89 PROTO=UDP SPT=53 DPT=59680 PKTS=0 BYTES=0
Nov 14 18:32:51 10.0.0.2 ulogd[1267]: [NEW] ORIG: SRC=176.36.141.89 DST=194.50.85.7 PROTO=UDP SPT=59680 DPT=53 PKTS=0 BYTES=0 , REPLY: SRC=194.50.85.7 DST=176.36.141.89 PROTO=UDP SPT=53 DPT=59680 PKTS=0 BYTES=0
Nov 14 18:32:51 10.0.0.2 dnsmasq[1]: 29312 fd02:c8be:1d40:0:89c6:4fae:69d2:328/62820 reply edge.skype.com is <CNAME>
Nov 14 18:32:51 10.0.0.2 dnsmasq[1]: 29312 fd02:c8be:1d40:0:89c6:4fae:69d2:328/62820 reply edge-skype-com.s-0001.s-msedge.net is <CNAME>
Nov 14 18:32:51 10.0.0.2 dnsmasq[1]: 29312 fd02:c8be:1d40:0:89c6:4fae:69d2:328/62820 reply s-0001.s-msedge.net is 13.107.3.128
Nov 14 18:32:51 10.0.0.2 dnsmasq[1]: 29313 fd02:c8be:1d40:0:89c6:4fae:69d2:328/50399 query[A] a-ring.msedge.net from fd02:c8be:1d40:0:89c6:4fae:69d2:328
Nov 14 18:32:51 10.0.0.2 ulogd[1267]: [NEW] ORIG: SRC=176.36.141.89 DST=194.50.85.5 PROTO=UDP SPT=48084 DPT=53 PKTS=0 BYTES=0 , REPLY: SRC=194.50.85.5 DST=176.36.141.89 PROTO=UDP SPT=53 DPT=48084 PKTS=0 BYTES=0
Nov 14 18:32:51 10.0.0.2 dnsmasq[1]: 29313 fd02:c8be:1d40:0:89c6:4fae:69d2:328/50399 forwarded a-ring.msedge.net to 194.50.85.5
Nov 14 18:32:51 10.0.0.2 ulogd[1267]: [NEW] ORIG: SRC=192.168.1.180 DST=13.107.3.128 PROTO=TCP SPT=53012 DPT=443 PKTS=0 BYTES=0 , REPLY: SRC=13.107.3.128 DST=176.36.141.89 PROTO=TCP SPT=443 DPT=53012 PKTS=0 BYTES=0
Nov 14 18:32:51 10.0.0.2 ulogd[1267]: [NEW] ORIG: SRC=192.168.1.180 DST=192.168.1.1 PROTO=UDP SPT=50399 DPT=53 PKTS=0 BYTES=0 , REPLY: SRC=192.168.1.1 DST=192.168.1.180 PROTO=UDP SPT=53 DPT=50399 PKTS=0 BYTES=0
Nov 14 18:32:51 10.0.0.2 dnsmasq[1]: 29314 192.168.1.180/50399 query[A] a-ring.msedge.net from 192.168.1.180
Nov 14 18:32:51 10.0.0.2 dnsmasq[1]: 29313 fd02:c8be:1d40:0:89c6:4fae:69d2:328/50399 reply a-ring.msedge.net is <CNAME>
Nov 14 18:32:51 10.0.0.2 dnsmasq[1]: 29313 fd02:c8be:1d40:0:89c6:4fae:69d2:328/50399 reply a-ring.a-9999.a-msedge.net is <CNAME>
Nov 14 18:32:51 10.0.0.2 dnsmasq[1]: 29313 fd02:c8be:1d40:0:89c6:4fae:69d2:328/50399 reply a-9999.a-msedge.net is 204.79.197.254
Nov 14 18:32:51 10.0.0.2 dnsmasq[1]: 29314 192.168.1.180/50399 reply query is duplicate
Nov 14 18:32:51 10.0.0.2 ulogd[1267]: [NEW] ORIG: SRC=192.168.1.180 DST=204.79.197.254 PROTO=TCP SPT=53013 DPT=443 PKTS=0 BYTES=0 , REPLY: SRC=204.79.197.254 DST=176.36.141.89 PROTO=TCP SPT=443 DPT=53013 PKTS=0 BYTES=0
Nov 14 18:32:52 10.0.0.2 dnsmasq[1]: 29315 fd02:c8be:1d40:0:89c6:4fae:69d2:328/62820 query[A] b-ring.msedge.net from fd02:c8be:1d40:0:89c6:4fae:69d2:328
Nov 14 18:32:52 10.0.0.2 dnsmasq[1]: 29315 fd02:c8be:1d40:0:89c6:4fae:69d2:328/62820 forwarded b-ring.msedge.net to 194.50.85.5
Nov 14 18:32:52 10.0.0.2 ulogd[1267]: [NEW] ORIG: SRC=176.36.141.89 DST=194.50.85.5 PROTO=UDP SPT=56658 DPT=53 PKTS=0 BYTES=0 , REPLY: SRC=194.50.85.5 DST=176.36.141.89 PROTO=UDP SPT=53 DPT=56658 PKTS=0 BYTES=0
Nov 14 18:32:52 10.0.0.2 dnsmasq[1]: 29315 fd02:c8be:1d40:0:89c6:4fae:69d2:328/62820 reply b-ring.msedge.net is <CNAME>
Nov 14 18:32:52 10.0.0.2 dnsmasq[1]: 29315 fd02:c8be:1d40:0:89c6:4fae:69d2:328/62820 reply b-ring.b-9999.b-msedge.net is <CNAME>
Nov 14 18:32:52 10.0.0.2 dnsmasq[1]: 29315 fd02:c8be:1d40:0:89c6:4fae:69d2:328/62820 reply b-9999.b-msedge.net is 13.107.6.254
Nov 14 18:32:52 10.0.0.2 ulogd[1267]: [NEW] ORIG: SRC=192.168.1.180 DST=13.107.6.254 PROTO=TCP SPT=53014 DPT=443 PKTS=0 BYTES=0 , REPLY: SRC=13.107.6.254 DST=176.36.141.89 PROTO=TCP SPT=443 DPT=53014 PKTS=0 BYTES=0
Nov 14 18:32:52 10.0.0.2 ulogd[1267]: [NEW] ORIG: SRC=192.168.1.180 DST=204.79.197.254 PROTO=TCP SPT=53015 DPT=443 PKTS=0 BYTES=0 , REPLY: SRC=204.79.197.254 DST=176.36.141.89 PROTO=TCP SPT=443 DPT=53015 PKTS=0 BYTES=0
Nov 14 18:32:52 10.0.0.2 ulogd[1267]: [NEW] ORIG: SRC=192.168.1.180 DST=13.107.6.254 PROTO=TCP SPT=53016 DPT=443 PKTS=0 BYTES=0 , REPLY: SRC=13.107.6.254 DST=176.36.141.89 PROTO=TCP SPT=443 DPT=53016 PKTS=0 BYTES=0
Nov 14 18:32:52 10.0.0.2 dnsmasq[1]: 29316 fd02:c8be:1d40:0:89c6:4fae:69d2:328/62820 query[A] fpc.msedge.net from fd02:c8be:1d40:0:89c6:4fae:69d2:328
Nov 14 18:32:52 10.0.0.2 ulogd[1267]: [NEW] ORIG: SRC=176.36.141.89 DST=194.50.85.5 PROTO=UDP SPT=56580 DPT=53 PKTS=0 BYTES=0 , REPLY: SRC=194.50.85.5 DST=176.36.141.89 PROTO=UDP SPT=53 DPT=56580 PKTS=0 BYTES=0
Nov 14 18:32:52 10.0.0.2 dnsmasq[1]: 29316 fd02:c8be:1d40:0:89c6:4fae:69d2:328/62820 forwarded fpc.msedge.net to 194.50.85.5
Nov 14 18:32:52 10.0.0.2 dnsmasq[1]: 29316 fd02:c8be:1d40:0:89c6:4fae:69d2:328/62820 reply fpc.msedge.net is <CNAME>
Nov 14 18:32:52 10.0.0.2 dnsmasq[1]: 29316 fd02:c8be:1d40:0:89c6:4fae:69d2:328/62820 reply 4.perf.msedge.net is <CNAME>
Nov 14 18:32:52 10.0.0.2 dnsmasq[1]: 29316 fd02:c8be:1d40:0:89c6:4fae:69d2:328/62820 reply b-0008.b-msedge.net is 13.107.6.163
Nov 14 18:32:52 10.0.0.2 ulogd[1267]: [NEW] ORIG: SRC=192.168.1.180 DST=13.107.6.163 PROTO=TCP SPT=53017 DPT=443 PKTS=0 BYTES=0 , REPLY: SRC=13.107.6.163 DST=176.36.141.89 PROTO=TCP SPT=443 DPT=53017 PKTS=0 BYTES=0
Nov 14 18:32:55 10.0.0.2 ulogd[1267]: [DESTROY] ORIG: SRC=192.168.1.180 DST=35.186.224.25 PROTO=UDP SPT=62620 DPT=443 PKTS=7 BYTES=2905 , REPLY: SRC=35.186.224.25 DST=176.36.141.89 PROTO=UDP SPT=443 DPT=62620 PKTS=8 BYTES=4780
