Nov 22 13:16:41 10.0.0.2 dnsmasq[1]: 666751 fd02:c8be:1d40:0:ed9a:a5a9:93a0:c3e8/58933 reply www.aljazeera.com is <CNAME>
Nov 22 13:16:41 10.0.0.2 dnsmasq[1]: 666751 fd02:c8be:1d40:0:ed9a:a5a9:93a0:c3e8/58933 reply www.aljazeera.com.edgekey.net is <CNAME>
Nov 22 13:16:41 10.0.0.2 dnsmasq[1]: 666751 fd02:c8be:1d40:0:ed9a:a5a9:93a0:c3e8/58933 reply e9106.dscg.akamaiedge.net is 23.200.160.171
Nov 22 13:16:41 10.0.0.2 dnsmasq[1]: 666752 192.168.1.180/58933 reply query is duplicate
Nov 22 13:16:47 10.0.0.2 dnsmasq[1]: 666753 192.168.1.151/64876 query[type=65] gateway.icloud.com from 192.168.1.151
Nov 22 13:16:47 10.0.0.2 ulogd[1267]: [NEW] ORIG: SRC=192.168.1.151 DST=192.168.1.1 PROTO=UDP SPT=64876 DPT=53 PKTS=0 BYTES=0 , REPLY: SRC=192.168.1.1 DST=192.168.1.151 PROTO=UDP SPT=53 DPT=64876 PKTS=0 BYTES=0
Nov 22 13:16:47 10.0.0.2 ulogd[1267]: [NEW] ORIG: SRC=192.168.1.151 DST=192.168.1.1 PROTO=UDP SPT=49169 DPT=53 PKTS=0 BYTES=0 , REPLY: SRC=192.168.1.1 DST=192.168.1.151 PROTO=UDP SPT=53 DPT=49169 PKTS=0 BYTES=0
Nov 22 13:16:47 10.0.0.2 dnsmasq[1]: 666753 192.168.1.151/64876 forwarded gateway.icloud.com to 194.50.85.5
Nov 22 13:16:47 10.0.0.2 ulogd[1267]: [NEW] ORIG: SRC=176.36.141.89 DST=194.50.85.5 PROTO=UDP SPT=49188 DPT=53 PKTS=0 BYTES=0 , REPLY: SRC=194.50.85.5 DST=176.36.141.89 PROTO=UDP SPT=53 DPT=49188 PKTS=0 BYTES=0
Nov 22 13:16:47 10.0.0.2 dnsmasq[1]: 666754 192.168.1.151/49169 query[A] gateway.icloud.com from 192.168.1.151
Nov 22 13:16:47 10.0.0.2 dnsmasq[1]: 666754 192.168.1.151/49169 forwarded gateway.icloud.com to 194.50.85.5
Nov 22 13:16:47 10.0.0.2 ulogd[1267]: [NEW] ORIG: SRC=176.36.141.89 DST=194.50.85.5 PROTO=UDP SPT=51329 DPT=53 PKTS=0 BYTES=0 , REPLY: SRC=194.50.85.5 DST=176.36.141.89 PROTO=UDP SPT=53 DPT=51329 PKTS=0 BYTES=0
Nov 22 13:16:47 10.0.0.2 dnsmasq[1]: 666753 192.168.1.151/64876 reply gateway.icloud.com is <CNAME>
Nov 22 13:16:47 10.0.0.2 dnsmasq[1]: 666753 192.168.1.151/64876 reply gateway.fe.apple-dns.net is NODATA
Nov 22 13:16:47 10.0.0.2 dnsmasq[1]: 666754 192.168.1.151/49169 reply gateway.icloud.com is <CNAME>
Nov 22 13:16:47 10.0.0.2 dnsmasq[1]: 666754 192.168.1.151/49169 reply gateway.fe.apple-dns.net is 17.248.213.68
Nov 22 13:16:47 10.0.0.2 dnsmasq[1]: 666754 192.168.1.151/49169 reply gateway.fe.apple-dns.net is 17.248.213.70
Nov 22 13:16:47 10.0.0.2 dnsmasq[1]: 666754 192.168.1.151/49169 reply gateway.fe.apple-dns.net is 17.248.213.65
Nov 22 13:16:47 10.0.0.2 dnsmasq[1]: 666754 192.168.1.151/49169 reply gateway.fe.apple-dns.net is 17.248.213.66
Nov 22 13:16:47 10.0.0.2 dnsmasq[1]: 666754 192.168.1.151/49169 reply gateway.fe.apple-dns.net is 17.248.213.64
Nov 22 13:16:47 10.0.0.2 dnsmasq[1]: 666754 192.168.1.151/49169 reply gateway.fe.apple-dns.net is 17.248.213.67
Nov 22 13:16:47 10.0.0.2 dnsmasq[1]: 666754 192.168.1.151/49169 reply gateway.fe.apple-dns.net is 17.248.213.69
Nov 22 13:16:47 10.0.0.2 dnsmasq[1]: 666754 192.168.1.151/49169 reply gateway.fe.apple-dns.net is 17.248.213.71
Nov 22 13:16:47 10.0.0.2 ulogd[1267]: [NEW] ORIG: SRC=192.168.1.151 DST=192.168.1.1 PROTO=UDP SPT=63258 DPT=53 PKTS=0 BYTES=0 , REPLY: SRC=192.168.1.1 DST=192.168.1.151 PROTO=UDP SPT=53 DPT=63258 PKTS=0 BYTES=0
Nov 22 13:16:47 10.0.0.2 dnsmasq[1]: 666755 192.168.1.151/63258 query[type=65] gateway.fe.apple-dns.net from 192.168.1.151
Nov 22 13:16:47 10.0.0.2 ulogd[1267]: [NEW] ORIG: SRC=176.36.141.89 DST=194.50.85.5 PROTO=UDP SPT=33627 DPT=53 PKTS=0 BYTES=0 , REPLY: SRC=194.50.85.5 DST=176.36.141.89 PROTO=UDP SPT=53 DPT=33627 PKTS=0 BYTES=0
Nov 22 13:16:47 10.0.0.2 dnsmasq[1]: 666755 192.168.1.151/63258 forwarded gateway.fe.apple-dns.net to 194.50.85.5
Nov 22 13:16:47 10.0.0.2 dnsmasq[1]: 666755 192.168.1.151/63258 reply gateway.fe.apple-dns.net is NODATA
Nov 22 13:16:47 10.0.0.2 ulogd[1267]: [NEW] ORIG: SRC=192.168.1.151 DST=17.248.213.70 PROTO=TCP SPT=56460 DPT=443 PKTS=0 BYTES=0 , REPLY: SRC=17.248.213.70 DST=176.36.141.89 PROTO=TCP SPT=443 DPT=56460 PKTS=0 BYTES=0
Nov 22 13:16:47 10.0.0.2 ulogd[1267]: [NEW] ORIG: SRC=fd02:c8be:1d40:0:ed9a:a5a9:93a0:c3e8 DST=fd02:c8be:1d40::1 PROTO=UDP SPT=56083 DPT=53 PKTS=0 BYTES=0 , REPLY: SRC=fd02:c8be:1d40::1 DST=fd02:c8be:1d40:0:ed9a:a5a9:93a0:c3e8 PROTO=UDP SPT=53 DPT=56083 PKTS=0 BYTES=0
Nov 22 13:16:47 10.0.0.2 dnsmasq[1]: 666756 fd02:c8be:1d40:0:ed9a:a5a9:93a0:c3e8/56083 query[A] packaged-media.redd.it from fd02:c8be:1d40:0:ed9a:a5a9:93a0:c3e8
Nov 22 13:16:47 10.0.0.2 ulogd[1267]: [NEW] ORIG: SRC=176.36.141.89 DST=194.50.85.5 PROTO=UDP SPT=37050 DPT=53 PKTS=0 BYTES=0 , REPLY: SRC=194.50.85.5 DST=176.36.141.89 PROTO=UDP SPT=53 DPT=37050 PKTS=0 BYTES=0
Nov 22 13:16:47 10.0.0.2 dnsmasq[1]: 666756 fd02:c8be:1d40:0:ed9a:a5a9:93a0:c3e8/56083 forwarded packaged-media.redd.it to 194.50.85.5
Nov 22 13:16:47 10.0.0.2 dnsmasq[1]: 666756 fd02:c8be:1d40:0:ed9a:a5a9:93a0:c3e8/56083 reply packaged-media.redd.it is <CNAME>
Nov 22 13:16:47 10.0.0.2 dnsmasq[1]: 666756 fd02:c8be:1d40:0:ed9a:a5a9:93a0:c3e8/56083 reply dualstack.reddit.map.fastly.net is 146.75.117.140
Nov 22 13:16:58 10.0.0.2 ulogd[1267]: [NEW] ORIG: SRC=fe80::b295:75ff:fe15:6fa5 DST=ff02::1:2 PROTO=UDP SPT=546 DPT=547 PKTS=0 BYTES=0 , REPLY: SRC=ff02::1:2 DST=fe80::b295:75ff:fe15:6fa5 PROTO=UDP SPT=547 DPT=546 PKTS=0 BYTES=0
Nov 22 13:16:59 10.0.0.2 dnsmasq[1]: 666757 fd02:c8be:1d40:0:ed9a:a5a9:93a0:c3e8/56083 query[A] v.redd.it from fd02:c8be:1d40:0:ed9a:a5a9:93a0:c3e8
Nov 22 13:16:59 10.0.0.2 dnsmasq[1]: 666757 fd02:c8be:1d40:0:ed9a:a5a9:93a0:c3e8/56083 forwarded v.redd.it to 194.50.85.5
Nov 22 13:16:59 10.0.0.2 ulogd[1267]: [NEW] ORIG: SRC=176.36.141.89 DST=194.50.85.5 PROTO=UDP SPT=47109 DPT=53 PKTS=0 BYTES=0 , REPLY: SRC=194.50.85.5 DST=176.36.141.89 PROTO=UDP SPT=53 DPT=47109 PKTS=0 BYTES=0
Nov 22 13:16:59 10.0.0.2 dnsmasq[1]: 666757 fd02:c8be:1d40:0:ed9a:a5a9:93a0:c3e8/56083 reply v.redd.it is <CNAME>
Nov 22 13:16:59 10.0.0.2 dnsmasq[1]: 666757 fd02:c8be:1d40:0:ed9a:a5a9:93a0:c3e8/56083 reply dualstack.reddit.map.fastly.net is 146.75.117.140
Nov 22 13:17:00 10.0.0.2 dnsmasq[1]: 666758 fd02:c8be:1d40:0:ed9a:a5a9:93a0:c3e8/56083 query[A] safebrowsing.brave.com from fd02:c8be:1d40:0:ed9a:a5a9:93a0:c3e8
Nov 22 13:17:00 10.0.0.2 ulogd[1267]: [NEW] ORIG: SRC=176.36.141.89 DST=194.50.85.5 PROTO=UDP SPT=34067 DPT=53 PKTS=0 BYTES=0 , REPLY: SRC=194.50.85.5 DST=176.36.141.89 PROTO=UDP SPT=53 DPT=34067 PKTS=0 BYTES=0
Nov 22 13:17:00 10.0.0.2 dnsmasq[1]: 666758 fd02:c8be:1d40:0:ed9a:a5a9:93a0:c3e8/56083 forwarded safebrowsing.brave.com to 194.50.85.5
Nov 22 13:17:00 10.0.0.2 dnsmasq[1]: 666758 fd02:c8be:1d40:0:ed9a:a5a9:93a0:c3e8/56083 reply safebrowsing.brave.com is <CNAME>
Nov 22 13:17:00 10.0.0.2 dnsmasq[1]: 666758 fd02:c8be:1d40:0:ed9a:a5a9:93a0:c3e8/56083 reply d1bvmdanhrl7qk.cloudfront.net is 18.244.102.61
Nov 22 13:17:00 10.0.0.2 dnsmasq[1]: 666758 fd02:c8be:1d40:0:ed9a:a5a9:93a0:c3e8/56083 reply d1bvmdanhrl7qk.cloudfront.net is 18.244.102.117
Nov 22 13:17:00 10.0.0.2 dnsmasq[1]: 666758 fd02:c8be:1d40:0:ed9a:a5a9:93a0:c3e8/56083 reply d1bvmdanhrl7qk.cloudfront.net is 18.244.102.73
Nov 22 13:17:00 10.0.0.2 dnsmasq[1]: 666758 fd02:c8be:1d40:0:ed9a:a5a9:93a0:c3e8/56083 reply d1bvmdanhrl7qk.cloudfront.net is 18.244.102.25
Nov 22 13:17:00 10.0.0.2 ulogd[1267]: [NEW] ORIG: SRC=192.168.1.180 DST=18.244.102.61 PROTO=TCP SPT=61301 DPT=443 PKTS=0 BYTES=0 , REPLY: SRC=18.244.102.61 DST=176.36.141.89 PROTO=TCP SPT=443 DPT=61301 PKTS=0 BYTES=0
Nov 22 13:17:13 10.0.0.2 ulogd[1267]: [NEW] ORIG: SRC=35.77.38.176 DST=176.36.141.89 PROTO=ICMP TYPE=0 CODE=8 PKTS=0 BYTES=0 , REPLY: SRC=176.36.141.89 DST=35.77.38.176 PROTO=ICMP TYPE=0 CODE=8 PKTS=0 BYTES=0
Nov 22 13:17:13 10.0.0.2 ulogd[1267]: [NEW] ORIG: SRC=13.231.79.59 DST=176.36.141.89 PROTO=ICMP TYPE=0 CODE=8 PKTS=0 BYTES=0 , REPLY: SRC=176.36.141.89 DST=13.231.79.59 PROTO=ICMP TYPE=0 CODE=8 PKTS=0 BYTES=0
Nov 22 13:17:13 10.0.0.2 ulogd[1267]: [NEW] ORIG: SRC=18.176.54.79 DST=176.36.141.89 PROTO=ICMP TYPE=0 CODE=8 PKTS=0 BYTES=0 , REPLY: SRC=176.36.141.89 DST=18.176.54.79 PROTO=ICMP TYPE=0 CODE=8 PKTS=0 BYTES=0
Nov 22 13:17:14 10.0.0.2 dnsmasq[1]: 666759 fd02:c8be:1d40:0:ed9a:a5a9:93a0:c3e8/56083 query[A] sync-v2.brave.com from fd02:c8be:1d40:0:ed9a:a5a9:93a0:c3e8
Nov 22 13:17:14 10.0.0.2 dnsmasq[1]: 666759 fd02:c8be:1d40:0:ed9a:a5a9:93a0:c3e8/56083 cached sync-v2.brave.com is <CNAME>
Nov 22 13:17:14 10.0.0.2 dnsmasq[1]: 666759 fd02:c8be:1d40:0:ed9a:a5a9:93a0:c3e8/56083 forwarded sync-v2.brave.com to 192.168.1.45
Nov 22 13:17:14 10.0.0.2 ulogd[1267]: [NEW] ORIG: SRC=192.168.1.1 DST=192.168.1.45 PROTO=UDP SPT=46747 DPT=5353 PKTS=0 BYTES=0 , REPLY: SRC=192.168.1.45 DST=192.168.1.1 PROTO=UDP SPT=5353 DPT=46747 PKTS=0 BYTES=0
Nov 22 13:17:14 10.0.0.2 dnsmasq[1]: 666759 fd02:c8be:1d40:0:ed9a:a5a9:93a0:c3e8/56083 forwarded sync-v2.brave.com to 194.50.85.5
Nov 22 13:17:14 10.0.0.2 dnsmasq[1]: 666759 fd02:c8be:1d40:0:ed9a:a5a9:93a0:c3e8/56083 forwarded sync-v2.brave.com to 194.50.85.7
Nov 22 13:17:14 10.0.0.2 ulogd[1267]: [NEW] ORIG: SRC=176.36.141.89 DST=194.50.85.5 PROTO=UDP SPT=46747 DPT=53 PKTS=0 BYTES=0 , REPLY: SRC=194.50.85.5 DST=176.36.141.89 PROTO=UDP SPT=53 DPT=46747 PKTS=0 BYTES=0
Nov 22 13:17:14 10.0.0.2 dnsmasq[1]: 666759 fd02:c8be:1d40:0:ed9a:a5a9:93a0:c3e8/56083 reply sync-v2.brave.com is <CNAME>
Nov 22 13:17:14 10.0.0.2 dnsmasq[1]: 666759 fd02:c8be:1d40:0:ed9a:a5a9:93a0:c3e8/56083 reply sync-alb-152764135.us-west-2.elb.amazonaws.com is 52.34.169.249
Nov 22 13:17:14 10.0.0.2 ulogd[1267]: [NEW] ORIG: SRC=176.36.141.89 DST=194.50.85.7 PROTO=UDP SPT=46747 DPT=53 PKTS=0 BYTES=0 , REPLY: SRC=194.50.85.7 DST=176.36.141.89 PROTO=UDP SPT=53 DPT=46747 PKTS=0 BYTES=0
Nov 22 13:17:14 10.0.0.2 dnsmasq[1]: 666759 fd02:c8be:1d40:0:ed9a:a5a9:93a0:c3e8/56083 reply sync-alb-152764135.us-west-2.elb.amazonaws.com is 44.228.160.54
Nov 22 13:17:14 10.0.0.2 dnsmasq[1]: 666759 fd02:c8be:1d40:0:ed9a:a5a9:93a0:c3e8/56083 reply sync-alb-152764135.us-west-2.elb.amazonaws.com is 54.190.8.136
Nov 22 13:17:17 10.0.0.2 ulogd[1267]: [NEW] ORIG: SRC=fd02:c8be:1d40:0:ed9a:a5a9:93a0:c3e8 DST=fd02:c8be:1d40::1 PROTO=UDP SPT=50474 DPT=53 PKTS=0 BYTES=0 , REPLY: SRC=fd02:c8be:1d40::1 DST=fd02:c8be:1d40:0:ed9a:a5a9:93a0:c3e8 PROTO=UDP SPT=53 DPT=50474 PKTS=0 BYTES=0
Nov 22 13:17:17 10.0.0.2 dnsmasq[1]: 666760 fd02:c8be:1d40:0:ed9a:a5a9:93a0:c3e8/50474 query[A] login5.spotify.com from fd02:c8be:1d40:0:ed9a:a5a9:93a0:c3e8
Nov 22 13:17:17 10.0.0.2 dnsmasq[1]: 666760 fd02:c8be:1d40:0:ed9a:a5a9:93a0:c3e8/50474 forwarded login5.spotify.com to 194.50.85.5
Nov 22 13:17:17 10.0.0.2 dnsmasq[1]: 666760 fd02:c8be:1d40:0:ed9a:a5a9:93a0:c3e8/50474 reply login5.spotify.com is <CNAME>
Nov 22 13:17:17 10.0.0.2 ulogd[1267]: [NEW] ORIG: SRC=fd02:c8be:1d40:0:ed9a:a5a9:93a0:c3e8 DST=fd02:c8be:1d40::1 PROTO=UDP SPT=53721 DPT=53 PKTS=0 BYTES=0 , REPLY: SRC=fd02:c8be:1d40::1 DST=fd02:c8be:1d40:0:ed9a:a5a9:93a0:c3e8 PROTO=UDP SPT=53 DPT=53721 PKTS=0 BYTES=0
Nov 22 13:17:17 10.0.0.2 dnsmasq[1]: 666760 fd02:c8be:1d40:0:ed9a:a5a9:93a0:c3e8/50474 reply edge-web.dual-gslb.spotify.com is 35.186.224.25
Nov 22 13:17:17 10.0.0.2 ulogd[1267]: [NEW] ORIG: SRC=176.36.141.89 DST=194.50.85.5 PROTO=UDP SPT=59735 DPT=53 PKTS=0 BYTES=0 , REPLY: SRC=194.50.85.5 DST=176.36.141.89 PROTO=UDP SPT=53 DPT=59735 PKTS=0 BYTES=0
Nov 22 13:17:17 10.0.0.2 dnsmasq[1]: 666761 fd02:c8be:1d40:0:ed9a:a5a9:93a0:c3e8/53721 query[type=65] login5.spotify.com from fd02:c8be:1d40:0:ed9a:a5a9:93a0:c3e8
Nov 22 13:17:17 10.0.0.2 dnsmasq[1]: 666761 fd02:c8be:1d40:0:ed9a:a5a9:93a0:c3e8/53721 cached login5.spotify.com is <CNAME>
Nov 22 13:17:17 10.0.0.2 dnsmasq[1]: 666761 fd02:c8be:1d40:0:ed9a:a5a9:93a0:c3e8/53721 forwarded login5.spotify.com to 194.50.85.5
Nov 22 13:17:17 10.0.0.2 ulogd[1267]: [NEW] ORIG: SRC=176.36.141.89 DST=194.50.85.5 PROTO=UDP SPT=58163 DPT=53 PKTS=0 BYTES=0 , REPLY: SRC=194.50.85.5 DST=176.36.141.89 PROTO=UDP SPT=53 DPT=58163 PKTS=0 BYTES=0
Nov 22 13:17:17 10.0.0.2 ulogd[1267]: [NEW] ORIG: SRC=192.168.1.180 DST=35.186.224.25 PROTO=UDP SPT=64019 DPT=443 PKTS=0 BYTES=0 , REPLY: SRC=35.186.224.25 DST=176.36.141.89 PROTO=UDP SPT=443 DPT=64019 PKTS=0 BYTES=0
Nov 22 13:17:17 10.0.0.2 dnsmasq[1]: 666761 fd02:c8be:1d40:0:ed9a:a5a9:93a0:c3e8/53721 reply login5.spotify.com is <CNAME>
Nov 22 13:17:17 10.0.0.2 dnsmasq[1]: 666761 fd02:c8be:1d40:0:ed9a:a5a9:93a0:c3e8/53721 reply edge-web.dual-gslb.spotify.com is NODATA
Nov 22 13:17:17 10.0.0.2 ulogd[1267]: [NEW] ORIG: SRC=192.168.1.180 DST=35.186.224.25 PROTO=UDP SPT=50419 DPT=443 PKTS=0 BYTES=0 , REPLY: SRC=35.186.224.25 DST=176.36.141.89 PROTO=UDP SPT=443 DPT=50419 PKTS=0 BYTES=0
Nov 22 13:17:17 10.0.0.2 dnsmasq[1]: 666762 fd02:c8be:1d40:0:ed9a:a5a9:93a0:c3e8/56083 query[A] www.reddit.com from fd02:c8be:1d40:0:ed9a:a5a9:93a0:c3e8
Nov 22 13:17:17 10.0.0.2 dnsmasq[1]: 666762 fd02:c8be:1d40:0:ed9a:a5a9:93a0:c3e8/56083 forwarded www.reddit.com to 194.50.85.5
Nov 22 13:17:17 10.0.0.2 ulogd[1267]: [NEW] ORIG: SRC=176.36.141.89 DST=194.50.85.5 PROTO=UDP SPT=36485 DPT=53 PKTS=0 BYTES=0 , REPLY: SRC=194.50.85.5 DST=176.36.141.89 PROTO=UDP SPT=53 DPT=36485 PKTS=0 BYTES=0
Nov 22 13:17:17 10.0.0.2 dnsmasq[1]: 666762 fd02:c8be:1d40:0:ed9a:a5a9:93a0:c3e8/56083 reply www.reddit.com is <CNAME>
Nov 22 13:17:17 10.0.0.2 dnsmasq[1]: 666762 fd02:c8be:1d40:0:ed9a:a5a9:93a0:c3e8/56083 reply reddit.map.fastly.net is 146.75.117.140
Nov 22 13:17:30 10.0.0.2 dnsmasq[1]: 666763 fd02:c8be:1d40:0:ed9a:a5a9:93a0:c3e8/56083 query[A] b.thumbs.redditmedia.com from fd02:c8be:1d40:0:ed9a:a5a9:93a0:c3e8
Nov 22 13:17:30 10.0.0.2 dnsmasq[1]: 666763 fd02:c8be:1d40:0:ed9a:a5a9:93a0:c3e8/56083 cached b.thumbs.redditmedia.com is <CNAME>
Nov 22 13:17:30 10.0.0.2 ulogd[1267]: [NEW] ORIG: SRC=176.36.141.89 DST=194.50.85.5 PROTO=UDP SPT=59385 DPT=53 PKTS=0 BYTES=0 , REPLY: SRC=194.50.85.5 DST=176.36.141.89 PROTO=UDP SPT=53 DPT=59385 PKTS=0 BYTES=0
Nov 22 13:17:30 10.0.0.2 dnsmasq[1]: 666763 fd02:c8be:1d40:0:ed9a:a5a9:93a0:c3e8/56083 forwarded b.thumbs.redditmedia.com to 194.50.85.5
Nov 22 13:17:30 10.0.0.2 dnsmasq[1]: 666763 fd02:c8be:1d40:0:ed9a:a5a9:93a0:c3e8/56083 reply b.thumbs.redditmedia.com is <CNAME>
Nov 22 13:17:30 10.0.0.2 dnsmasq[1]: 666763 fd02:c8be:1d40:0:ed9a:a5a9:93a0:c3e8/56083 reply dualstack.reddit.map.fastly.net is 146.75.117.140
Nov 22 13:17:30 10.0.0.2 dnsmasq[1]: 666764 fd02:c8be:1d40:0:ed9a:a5a9:93a0:c3e8/56083 query[A] styles.redditmedia.com from fd02:c8be:1d40:0:ed9a:a5a9:93a0:c3e8
Nov 22 13:17:30 10.0.0.2 ulogd[1267]: [NEW] ORIG: SRC=176.36.141.89 DST=194.50.85.5 PROTO=UDP SPT=46779 DPT=53 PKTS=0 BYTES=0 , REPLY: SRC=194.50.85.5 DST=176.36.141.89 PROTO=UDP SPT=53 DPT=46779 PKTS=0 BYTES=0
Nov 22 13:17:30 10.0.0.2 dnsmasq[1]: 666764 fd02:c8be:1d40:0:ed9a:a5a9:93a0:c3e8/56083 forwarded styles.redditmedia.com to 194.50.85.5
Nov 22 13:17:31 10.0.0.2 dnsmasq[1]: 666764 fd02:c8be:1d40:0:ed9a:a5a9:93a0:c3e8/56083 reply styles.redditmedia.com is <CNAME>
Nov 22 13:17:31 10.0.0.2 dnsmasq[1]: 666764 fd02:c8be:1d40:0:ed9a:a5a9:93a0:c3e8/56083 reply dualstack.reddit.map.fastly.net is 146.75.117.140
Nov 22 13:17:47 10.0.0.2 dnsmasq[1]: 666765 fd02:c8be:1d40:0:ed9a:a5a9:93a0:c3e8/56083 query[A] www.aljazeera.com from fd02:c8be:1d40:0:ed9a:a5a9:93a0:c3e8
Nov 22 13:17:47 10.0.0.2 dnsmasq[1]: 666765 fd02:c8be:1d40:0:ed9a:a5a9:93a0:c3e8/56083 forwarded www.aljazeera.com to 192.168.1.45
Nov 22 13:17:47 10.0.0.2 ulogd[1267]: [NEW] ORIG: SRC=192.168.1.1 DST=192.168.1.45 PROTO=UDP SPT=36827 DPT=5353 PKTS=0 BYTES=0 , REPLY: SRC=192.168.1.45 DST=192.168.1.1 PROTO=UDP SPT=5353 DPT=36827 PKTS=0 BYTES=0
Nov 22 13:17:47 10.0.0.2 ulogd[1267]: [NEW] ORIG: SRC=176.36.141.89 DST=194.50.85.5 PROTO=UDP SPT=36827 DPT=53 PKTS=0 BYTES=0 , REPLY: SRC=194.50.85.5 DST=176.36.141.89 PROTO=UDP SPT=53 DPT=36827 PKTS=0 BYTES=0
Nov 22 13:17:47 10.0.0.2 dnsmasq[1]: 666765 fd02:c8be:1d40:0:ed9a:a5a9:93a0:c3e8/56083 forwarded www.aljazeera.com to 194.50.85.5
Nov 22 13:17:47 10.0.0.2 ulogd[1267]: [NEW] ORIG: SRC=176.36.141.89 DST=194.50.85.7 PROTO=UDP SPT=36827 DPT=53 PKTS=0 BYTES=0 , REPLY: SRC=194.50.85.7 DST=176.36.141.89 PROTO=UDP SPT=53 DPT=36827 PKTS=0 BYTES=0
Nov 22 13:17:47 10.0.0.2 dnsmasq[1]: 666765 fd02:c8be:1d40:0:ed9a:a5a9:93a0:c3e8/56083 forwarded www.aljazeera.com to 194.50.85.7
Nov 22 13:17:47 10.0.0.2 ulogd[1267]: [NEW] ORIG: SRC=192.168.1.180 DST=192.168.1.1 PROTO=UDP SPT=56083 DPT=53 PKTS=0 BYTES=0 , REPLY: SRC=192.168.1.1 DST=192.168.1.180 PROTO=UDP SPT=53 DPT=56083 PKTS=0 BYTES=0
Nov 22 13:17:47 10.0.0.2 dnsmasq[1]: 666766 192.168.1.180/56083 query[A] www.aljazeera.com from 192.168.1.180
Nov 22 13:17:47 10.0.0.2 dnsmasq[1]: 666765 fd02:c8be:1d40:0:ed9a:a5a9:93a0:c3e8/56083 reply www.aljazeera.com is <CNAME>
Nov 22 13:17:47 10.0.0.2 dnsmasq[1]: 666765 fd02:c8be:1d40:0:ed9a:a5a9:93a0:c3e8/56083 reply www.aljazeera.com.edgekey.net is <CNAME>
Nov 22 13:17:47 10.0.0.2 dnsmasq[1]: 666765 fd02:c8be:1d40:0:ed9a:a5a9:93a0:c3e8/56083 reply e9106.dscg.akamaiedge.net is 23.200.160.171
Nov 22 13:17:47 10.0.0.2 dnsmasq[1]: 666766 192.168.1.180/56083 reply query is duplicate
Nov 22 13:17:49 10.0.0.2 ulogd[1267]: [NEW] ORIG: SRC=fd02:c8be:1d40:0:ed9a:a5a9:93a0:c3e8 DST=fd02:c8be:1d40::1 PROTO=UDP SPT=53525 DPT=53 PKTS=0 BYTES=0 , REPLY: SRC=fd02:c8be:1d40::1 DST=fd02:c8be:1d40:0:ed9a:a5a9:93a0:c3e8 PROTO=UDP SPT=53 DPT=53525 PKTS=0 BYTES=0
Nov 22 13:17:49 10.0.0.2 dnsmasq[1]: 666767 fd02:c8be:1d40:0:ed9a:a5a9:93a0:c3e8/53525 query[A] spclient.wg.spotify.com from fd02:c8be:1d40:0:ed9a:a5a9:93a0:c3e8
Nov 22 13:17:49 10.0.0.2 ulogd[1267]: [NEW] ORIG: SRC=fd02:c8be:1d40:0:ed9a:a5a9:93a0:c3e8 DST=fd02:c8be:1d40::1 PROTO=UDP SPT=50237 DPT=53 PKTS=0 BYTES=0 , REPLY: SRC=fd02:c8be:1d40::1 DST=fd02:c8be:1d40:0:ed9a:a5a9:93a0:c3e8 PROTO=UDP SPT=53 DPT=50237 PKTS=0 BYTES=0
Nov 22 13:17:49 10.0.0.2 dnsmasq[1]: 666767 fd02:c8be:1d40:0:ed9a:a5a9:93a0:c3e8/53525 cached spclient.wg.spotify.com is <CNAME>
Nov 22 13:17:49 10.0.0.2 ulogd[1267]: [NEW] ORIG: SRC=176.36.141.89 DST=194.50.85.5 PROTO=UDP SPT=43569 DPT=53 PKTS=0 BYTES=0 , REPLY: SRC=194.50.85.5 DST=176.36.141.89 PROTO=UDP SPT=53 DPT=43569 PKTS=0 BYTES=0
Nov 22 13:17:49 10.0.0.2 dnsmasq[1]: 666767 fd02:c8be:1d40:0:ed9a:a5a9:93a0:c3e8/53525 forwarded spclient.wg.spotify.com to 194.50.85.5
Nov 22 13:17:49 10.0.0.2 dnsmasq[1]: 666767 fd02:c8be:1d40:0:ed9a:a5a9:93a0:c3e8/53525 reply spclient.wg.spotify.com is <CNAME>
Nov 22 13:17:49 10.0.0.2 dnsmasq[1]: 666767 fd02:c8be:1d40:0:ed9a:a5a9:93a0:c3e8/53525 reply edge-web.dual-gslb.spotify.com is 35.186.224.25
Nov 22 13:17:49 10.0.0.2 dnsmasq[1]: 666768 fd02:c8be:1d40:0:ed9a:a5a9:93a0:c3e8/50237 query[type=65] spclient.wg.spotify.com from fd02:c8be:1d40:0:ed9a:a5a9:93a0:c3e8
Nov 22 13:17:49 10.0.0.2 dnsmasq[1]: 666768 fd02:c8be:1d40:0:ed9a:a5a9:93a0:c3e8/50237 cached spclient.wg.spotify.com is <CNAME>
Nov 22 13:17:49 10.0.0.2 ulogd[1267]: [NEW] ORIG: SRC=176.36.141.89 DST=194.50.85.5 PROTO=UDP SPT=47729 DPT=53 PKTS=0 BYTES=0 , REPLY: SRC=194.50.85.5 DST=176.36.141.89 PROTO=UDP SPT=53 DPT=47729 PKTS=0 BYTES=0
Nov 22 13:17:49 10.0.0.2 dnsmasq[1]: 666768 fd02:c8be:1d40:0:ed9a:a5a9:93a0:c3e8/50237 forwarded spclient.wg.spotify.com to 194.50.85.5
Nov 22 13:17:49 10.0.0.2 dnsmasq[1]: 666768 fd02:c8be:1d40:0:ed9a:a5a9:93a0:c3e8/50237 reply spclient.wg.spotify.com is <CNAME>
Nov 22 13:17:49 10.0.0.2 dnsmasq[1]: 666768 fd02:c8be:1d40:0:ed9a:a5a9:93a0:c3e8/50237 reply edge-web.dual-gslb.spotify.com is NODATA
Nov 22 13:17:49 10.0.0.2 ulogd[1267]: [NEW] ORIG: SRC=192.168.1.180 DST=35.186.224.25 PROTO=UDP SPT=56739 DPT=443 PKTS=0 BYTES=0 , REPLY: SRC=35.186.224.25 DST=176.36.141.89 PROTO=UDP SPT=443 DPT=56739 PKTS=0 BYTES=0
Nov 22 13:17:49 10.0.0.2 ulogd[1267]: [NEW] ORIG: SRC=192.168.1.180 DST=35.186.224.25 PROTO=TCP SPT=61302 DPT=443 PKTS=0 BYTES=0 , REPLY: SRC=35.186.224.25 DST=176.36.141.89 PROTO=TCP SPT=443 DPT=61302 PKTS=0 BYTES=0
Nov 22 13:17:55 10.0.0.2 ulogd[1267]: [DESTROY] ORIG: SRC=fd02:c8be:1d40:0:ed9a:a5a9:93a0:c3e8 DST=fd02:c8be:1d40::1 PROTO=UDP SPT=56217 DPT=53 PKTS=1 BYTES=74 , REPLY: SRC=fd02:c8be:1d40::1 DST=fd02:c8be:1d40:0:ed9a:a5a9:93a0:c3e8 PROTO=UDP SPT=53 DPT=56217 PKTS=1 BYTES=74
Nov 22 13:17:59 10.0.0.2 ulogd[1267]: [NEW] ORIG: SRC=fd02:c8be:1d40:0:ed9a:a5a9:93a0:c3e8 DST=fd02:c8be:1d40::1 PROTO=UDP SPT=63073 DPT=53 PKTS=0 BYTES=0 , REPLY: SRC=fd02:c8be:1d40::1 DST=fd02:c8be:1d40:0:ed9a:a5a9:93a0:c3e8 PROTO=UDP SPT=53 DPT=63073 PKTS=0 BYTES=0
Nov 22 13:17:59 10.0.0.2 dnsmasq[1]: 666769 fd02:c8be:1d40:0:ed9a:a5a9:93a0:c3e8/63073 query[A] packaged-media.redd.it from fd02:c8be:1d40:0:ed9a:a5a9:93a0:c3e8
Nov 22 13:17:59 10.0.0.2 dnsmasq[1]: 666769 fd02:c8be:1d40:0:ed9a:a5a9:93a0:c3e8/63073 forwarded packaged-media.redd.it to 194.50.85.5
Nov 22 13:17:59 10.0.0.2 ulogd[1267]: [NEW] ORIG: SRC=176.36.141.89 DST=194.50.85.5 PROTO=UDP SPT=57274 DPT=53 PKTS=0 BYTES=0 , REPLY: SRC=194.50.85.5 DST=176.36.141.89 PROTO=UDP SPT=53 DPT=57274 PKTS=0 BYTES=0
Nov 22 13:17:59 10.0.0.2 dnsmasq[1]: 666769 fd02:c8be:1d40:0:ed9a:a5a9:93a0:c3e8/63073 reply packaged-media.redd.it is <CNAME>
Nov 22 13:17:59 10.0.0.2 dnsmasq[1]: 666769 fd02:c8be:1d40:0:ed9a:a5a9:93a0:c3e8/63073 reply dualstack.reddit.map.fastly.net is 146.75.117.140
Nov 22 13:18:02 10.0.0.2 dnsmasq[1]: 666770 fd02:c8be:1d40:0:ed9a:a5a9:93a0:c3e8/63073 query[A] external-preview.redd.it from fd02:c8be:1d40:0:ed9a:a5a9:93a0:c3e8
Nov 22 13:18:02 10.0.0.2 dnsmasq[1]: 666770 fd02:c8be:1d40:0:ed9a:a5a9:93a0:c3e8/63073 forwarded external-preview.redd.it to 194.50.85.5
Nov 22 13:18:02 10.0.0.2 ulogd[1267]: [NEW] ORIG: SRC=176.36.141.89 DST=194.50.85.5 PROTO=UDP SPT=55649 DPT=53 PKTS=0 BYTES=0 , REPLY: SRC=194.50.85.5 DST=176.36.141.89 PROTO=UDP SPT=53 DPT=55649 PKTS=0 BYTES=0
Nov 22 13:18:02 10.0.0.2 dnsmasq[1]: 666770 fd02:c8be:1d40:0:ed9a:a5a9:93a0:c3e8/63073 reply external-preview.redd.it is <CNAME>
Nov 22 13:18:02 10.0.0.2 dnsmasq[1]: 666770 fd02:c8be:1d40:0:ed9a:a5a9:93a0:c3e8/63073 reply dualstack.reddit.map.fastly.net is 146.75.117.140
Nov 22 13:18:02 10.0.0.2 ulogd[1267]: [DESTROY] ORIG: SRC=18.181.119.243 DST=176.36.141.89 PROTO=ICMP TYPE=0 CODE=8 PKTS=1 BYTES=36 , REPLY: SRC=176.36.141.89 DST=18.181.119.243 PROTO=ICMP TYPE=0 CODE=8 PKTS=1 BYTES=36
Nov 22 13:18:02 10.0.0.2 ulogd[1267]: [NEW] ORIG: SRC=fd02:c8be:1d40:0:ed9a:a5a9:93a0:c3e8 DST=fd02:c8be:1d40::1 PROTO=UDP SPT=61308 DPT=53 PKTS=0 BYTES=0 , REPLY: SRC=fd02:c8be:1d40::1 DST=fd02:c8be:1d40:0:ed9a:a5a9:93a0:c3e8 PROTO=UDP SPT=53 DPT=61308 PKTS=0 BYTES=0
Nov 22 13:18:02 10.0.0.2 dnsmasq[1]: 666771 fd02:c8be:1d40:0:ed9a:a5a9:93a0:c3e8/61308 query[A] v.redd.it from fd02:c8be:1d40:0:ed9a:a5a9:93a0:c3e8
Nov 22 13:18:02 10.0.0.2 dnsmasq[1]: 666771 fd02:c8be:1d40:0:ed9a:a5a9:93a0:c3e8/61308 forwarded v.redd.it to 194.50.85.5
Nov 22 13:18:02 10.0.0.2 ulogd[1267]: [NEW] ORIG: SRC=176.36.141.89 DST=194.50.85.5 PROTO=UDP SPT=58190 DPT=53 PKTS=0 BYTES=0 , REPLY: SRC=194.50.85.5 DST=176.36.141.89 PROTO=UDP SPT=53 DPT=58190 PKTS=0 BYTES=0
Nov 22 13:18:02 10.0.0.2 dnsmasq[1]: 666771 fd02:c8be:1d40:0:ed9a:a5a9:93a0:c3e8/61308 reply v.redd.it is <CNAME>
Nov 22 13:18:02 10.0.0.2 dnsmasq[1]: 666771 fd02:c8be:1d40:0:ed9a:a5a9:93a0:c3e8/61308 reply dualstack.reddit.map.fastly.net is 146.75.117.140
Nov 22 13:18:05 10.0.0.2 dnsmasq[1]: 666772 fd02:c8be:1d40:0:ed9a:a5a9:93a0:c3e8/63073 query[A] safebrowsing.brave.com from fd02:c8be:1d40:0:ed9a:a5a9:93a0:c3e8
Nov 22 13:18:05 10.0.0.2 dnsmasq[1]: 666772 fd02:c8be:1d40:0:ed9a:a5a9:93a0:c3e8/63073 forwarded safebrowsing.brave.com to 194.50.85.5
Nov 22 13:18:05 10.0.0.2 ulogd[1267]: [NEW] ORIG: SRC=176.36.141.89 DST=194.50.85.5 PROTO=UDP SPT=46032 DPT=53 PKTS=0 BYTES=0 , REPLY: SRC=194.50.85.5 DST=176.36.141.89 PROTO=UDP SPT=53 DPT=46032 PKTS=0 BYTES=0
Nov 22 13:18:05 10.0.0.2 dnsmasq[1]: 666772 fd02:c8be:1d40:0:ed9a:a5a9:93a0:c3e8/63073 reply safebrowsing.brave.com is <CNAME>
Nov 22 13:18:05 10.0.0.2 dnsmasq[1]: 666772 fd02:c8be:1d40:0:ed9a:a5a9:93a0:c3e8/63073 reply d1bvmdanhrl7qk.cloudfront.net is 18.244.102.117
Nov 22 13:18:05 10.0.0.2 dnsmasq[1]: 666772 fd02:c8be:1d40:0:ed9a:a5a9:93a0:c3e8/63073 reply d1bvmdanhrl7qk.cloudfront.net is 18.244.102.25
Nov 22 13:18:05 10.0.0.2 dnsmasq[1]: 666772 fd02:c8be:1d40:0:ed9a:a5a9:93a0:c3e8/63073 reply d1bvmdanhrl7qk.cloudfront.net is 18.244.102.61
Nov 22 13:18:05 10.0.0.2 dnsmasq[1]: 666772 fd02:c8be:1d40:0:ed9a:a5a9:93a0:c3e8/63073 reply d1bvmdanhrl7qk.cloudfront.net is 18.244.102.73
Nov 22 13:18:05 10.0.0.2 dnsmasq[1]: 666773 fd02:c8be:1d40:0:ed9a:a5a9:93a0:c3e8/61308 query[A] preview.redd.it from fd02:c8be:1d40:0:ed9a:a5a9:93a0:c3e8
Nov 22 13:18:05 10.0.0.2 dnsmasq[1]: 666773 fd02:c8be:1d40:0:ed9a:a5a9:93a0:c3e8/61308 forwarded preview.redd.it to 194.50.85.5
Nov 22 13:18:05 10.0.0.2 ulogd[1267]: [NEW] ORIG: SRC=176.36.141.89 DST=194.50.85.5 PROTO=UDP SPT=36960 DPT=53 PKTS=0 BYTES=0 , REPLY: SRC=194.50.85.5 DST=176.36.141.89 PROTO=UDP SPT=53 DPT=36960 PKTS=0 BYTES=0
Nov 22 13:18:05 10.0.0.2 dnsmasq[1]: 666773 fd02:c8be:1d40:0:ed9a:a5a9:93a0:c3e8/61308 reply preview.redd.it is <CNAME>
Nov 22 13:18:05 10.0.0.2 dnsmasq[1]: 666773 fd02:c8be:1d40:0:ed9a:a5a9:93a0:c3e8/61308 reply dualstack.reddit.map.fastly.net is 146.75.117.140
Nov 22 13:18:09 10.0.0.2 ulogd[1267]: [DESTROY] ORIG: SRC=192.168.1.151 DST=17.248.213.70 PROTO=TCP SPT=56460 DPT=443 PKTS=23 BYTES=3768 , REPLY: SRC=17.248.213.70 DST=176.36.141.89 PROTO=TCP SPT=443 DPT=56460 PKTS=20 BYTES=8346
Nov 22 13:18:12 10.0.0.2 ulogd[1267]: [DESTROY] ORIG: SRC=192.168.1.1 DST=192.168.1.45 PROTO=TCP SPT=54616 DPT=514 PKTS=1926 BYTES=581066 , REPLY: SRC=192.168.1.45 DST=192.168.1.1 PROTO=TCP SPT=514 DPT=54616 PKTS=1896 BYTES=98600
Nov 22 13:18:13 10.0.0.2 ulogd[1267]: [NEW] ORIG: SRC=43.206.228.217 DST=176.36.141.89 PROTO=ICMP TYPE=0 CODE=8 PKTS=0 BYTES=0 , REPLY: SRC=176.36.141.89 DST=43.206.228.217 PROTO=ICMP TYPE=0 CODE=8 PKTS=0 BYTES=0
Nov 22 13:18:13 10.0.0.2 ulogd[1267]: [NEW] ORIG: SRC=18.181.190.91 DST=176.36.141.89 PROTO=ICMP TYPE=0 CODE=8 PKTS=0 BYTES=0 , REPLY: SRC=176.36.141.89 DST=18.181.190.91 PROTO=ICMP TYPE=0 CODE=8 PKTS=0 BYTES=0
Nov 22 13:18:13 10.0.0.2 ulogd[1267]: [NEW] ORIG: SRC=35.78.244.50 DST=176.36.141.89 PROTO=ICMP TYPE=0 CODE=8 PKTS=0 BYTES=0 , REPLY: SRC=176.36.141.89 DST=35.78.244.50 PROTO=ICMP TYPE=0 CODE=8 PKTS=0 BYTES=0
Nov 22 13:18:14 10.0.0.2 dnsmasq[1]: 666774 fd02:c8be:1d40:0:ed9a:a5a9:93a0:c3e8/63073 query[A] sync-v2.brave.com from fd02:c8be:1d40:0:ed9a:a5a9:93a0:c3e8
Nov 22 13:18:14 10.0.0.2 dnsmasq[1]: 666774 fd02:c8be:1d40:0:ed9a:a5a9:93a0:c3e8/63073 cached sync-v2.brave.com is <CNAME>
Nov 22 13:18:14 10.0.0.2 ulogd[1267]: [NEW] ORIG: SRC=192.168.1.1 DST=192.168.1.45 PROTO=UDP SPT=60958 DPT=5353 PKTS=0 BYTES=0 , REPLY: SRC=192.168.1.45 DST=192.168.1.1 PROTO=UDP SPT=5353 DPT=60958 PKTS=0 BYTES=0
Nov 22 13:18:14 10.0.0.2 dnsmasq[1]: 666774 fd02:c8be:1d40:0:ed9a:a5a9:93a0:c3e8/63073 forwarded sync-v2.brave.com to 192.168.1.45
Nov 22 13:18:14 10.0.0.2 ulogd[1267]: [DESTROY] ORIG: SRC=192.168.1.1 DST=192.168.1.45 PROTO=UDP SPT=53219 DPT=5353 PKTS=1 BYTES=61 , REPLY: SRC=192.168.1.45 DST=192.168.1.1 PROTO=UDP SPT=5353 DPT=53219 PKTS=0 BYTES=0
Nov 22 13:18:14 10.0.0.2 ulogd[1267]: [NEW] ORIG: SRC=176.36.141.89 DST=194.50.85.5 PROTO=UDP SPT=60958 DPT=53 PKTS=0 BYTES=0 , REPLY: SRC=194.50.85.5 DST=176.36.141.89 PROTO=UDP SPT=53 DPT=60958 PKTS=0 BYTES=0
Nov 22 13:18:14 10.0.0.2 dnsmasq[1]: 666774 fd02:c8be:1d40:0:ed9a:a5a9:93a0:c3e8/63073 forwarded sync-v2.brave.com to 194.50.85.5
Nov 22 13:18:14 10.0.0.2 ulogd[1267]: [NEW] ORIG: SRC=176.36.141.89 DST=194.50.85.7 PROTO=UDP SPT=60958 DPT=53 PKTS=0 BYTES=0 , REPLY: SRC=194.50.85.7 DST=176.36.141.89 PROTO=UDP SPT=53 DPT=60958 PKTS=0 BYTES=0
Nov 22 13:18:14 10.0.0.2 dnsmasq[1]: 666774 fd02:c8be:1d40:0:ed9a:a5a9:93a0:c3e8/63073 forwarded sync-v2.brave.com to 194.50.85.7
Nov 22 13:18:14 10.0.0.2 dnsmasq[1]: 666774 fd02:c8be:1d40:0:ed9a:a5a9:93a0:c3e8/63073 reply sync-v2.brave.com is <CNAME>
Nov 22 13:18:14 10.0.0.2 dnsmasq[1]: 666774 fd02:c8be:1d40:0:ed9a:a5a9:93a0:c3e8/63073 reply sync-alb-152764135.us-west-2.elb.amazonaws.com is 44.228.160.54
Nov 22 13:18:14 10.0.0.2 dnsmasq[1]: 666774 fd02:c8be:1d40:0:ed9a:a5a9:93a0:c3e8/63073 reply sync-alb-152764135.us-west-2.elb.amazonaws.com is 54.190.8.136
Nov 22 13:18:14 10.0.0.2 dnsmasq[1]: 666774 fd02:c8be:1d40:0:ed9a:a5a9:93a0:c3e8/63073 reply sync-alb-152764135.us-west-2.elb.amazonaws.com is 52.34.169.249
Nov 22 13:18:15 10.0.0.2 ulogd[1267]: [DESTROY] ORIG: SRC=176.36.141.89 DST=194.50.85.7 PROTO=UDP SPT=53468 DPT=53 PKTS=1 BYTES=59 , REPLY: SRC=194.50.85.7 DST=176.36.141.89 PROTO=UDP SPT=53 DPT=53468 PKTS=0 BYTES=0
Nov 22 13:18:18 10.0.0.2 dnsmasq[1]: 666775 fd02:c8be:1d40:0:ed9a:a5a9:93a0:c3e8/61308 query[A] www.reddit.com from fd02:c8be:1d40:0:ed9a:a5a9:93a0:c3e8
Nov 22 13:18:18 10.0.0.2 dnsmasq[1]: 666775 fd02:c8be:1d40:0:ed9a:a5a9:93a0:c3e8/61308 forwarded www.reddit.com to 194.50.85.7
Nov 22 13:18:18 10.0.0.2 ulogd[1267]: [NEW] ORIG: SRC=176.36.141.89 DST=194.50.85.7 PROTO=UDP SPT=42524 DPT=53 PKTS=0 BYTES=0 , REPLY: SRC=194.50.85.7 DST=176.36.141.89 PROTO=UDP SPT=53 DPT=42524 PKTS=0 BYTES=0
Nov 22 13:18:18 10.0.0.2 dnsmasq[1]: 666775 fd02:c8be:1d40:0:ed9a:a5a9:93a0:c3e8/61308 reply www.reddit.com is <CNAME>
Nov 22 13:18:18 10.0.0.2 dnsmasq[1]: 666775 fd02:c8be:1d40:0:ed9a:a5a9:93a0:c3e8/61308 reply reddit.map.fastly.net is 146.75.117.140
Nov 22 13:18:23 10.0.0.2 dnsmasq[1]: 666776 fd02:c8be:1d40:0:ed9a:a5a9:93a0:c3e8/63073 query[A] lps.navigator-bs.gmx.com from fd02:c8be:1d40:0:ed9a:a5a9:93a0:c3e8
Nov 22 13:18:23 10.0.0.2 ulogd[1267]: [NEW] ORIG: SRC=176.36.141.89 DST=194.50.85.7 PROTO=UDP SPT=38670 DPT=53 PKTS=0 BYTES=0 , REPLY: SRC=194.50.85.7 DST=176.36.141.89 PROTO=UDP SPT=53 DPT=38670 PKTS=0 BYTES=0
Nov 22 13:18:23 10.0.0.2 dnsmasq[1]: 666776 fd02:c8be:1d40:0:ed9a:a5a9:93a0:c3e8/63073 forwarded lps.navigator-bs.gmx.com to 194.50.85.7
Nov 22 13:18:23 10.0.0.2 dnsmasq[1]: 666776 fd02:c8be:1d40:0:ed9a:a5a9:93a0:c3e8/63073 reply lps.navigator-bs.gmx.com is 217.72.199.27
Nov 22 13:18:23 10.0.0.2 ulogd[1267]: [NEW] ORIG: SRC=192.168.1.180 DST=217.72.199.27 PROTO=TCP SPT=61303 DPT=443 PKTS=0 BYTES=0 , REPLY: SRC=217.72.199.27 DST=176.36.141.89 PROTO=TCP SPT=443 DPT=61303 PKTS=0 BYTES=0
Nov 22 13:18:25 10.0.0.2 ulogd[1267]: [DESTROY] ORIG: SRC=fd02:c8be:1d40:0:ed9a:a5a9:93a0:c3e8 DST=fd02:c8be:1d40::1 PROTO=UDP SPT=52056 DPT=53 PKTS=1 BYTES=74 , REPLY: SRC=fd02:c8be:1d40::1 DST=fd02:c8be:1d40:0:ed9a:a5a9:93a0:c3e8 PROTO=UDP SPT=53 DPT=52056 PKTS=1 BYTES=74
Nov 22 13:18:28 10.0.0.2 ulogd[1267]: [DESTROY] ORIG: SRC=35.77.38.176 DST=176.36.141.89 PROTO=ICMP TYPE=0 CODE=8 PKTS=1 BYTES=36 , REPLY: SRC=176.36.141.89 DST=35.77.38.176 PROTO=ICMP TYPE=0 CODE=8 PKTS=1 BYTES=36
Nov 22 13:18:31 10.0.0.2 ulogd[1267]: [DESTROY] ORIG: SRC=176.36.141.89 DST=194.50.85.5 PROTO=UDP SPT=60254 DPT=53 PKTS=1 BYTES=64 , REPLY: SRC=194.50.85.5 DST=176.36.141.89 PROTO=UDP SPT=53 DPT=60254 PKTS=1 BYTES=96
Nov 22 13:18:35 10.0.0.2 ulogd[1267]: [DESTROY] ORIG: SRC=192.168.1.45 DST=192.168.1.1 PROTO=UDP SPT=57887 DPT=53 PKTS=1 BYTES=64 , REPLY: SRC=192.168.1.1 DST=192.168.1.45 PROTO=UDP SPT=53 DPT=57887 PKTS=1 BYTES=96
Nov 22 13:18:35 10.0.0.2 ulogd[1267]: [DESTROY] ORIG: SRC=192.168.1.45 DST=192.168.1.1 PROTO=UDP SPT=48738 DPT=53 PKTS=1 BYTES=77 , REPLY: SRC=192.168.1.1 DST=192.168.1.45 PROTO=UDP SPT=53 DPT=48738 PKTS=1 BYTES=125
Nov 22 13:18:35 10.0.0.2 ulogd[1267]: [DESTROY] ORIG: SRC=fe80::b295:75ff:fe15:6fa5 DST=ff02::1:2 PROTO=UDP SPT=546 DPT=547 PKTS=1 BYTES=150 , REPLY: SRC=ff02::1:2 DST=fe80::b295:75ff:fe15:6fa5 PROTO=UDP SPT=547 DPT=546 PKTS=0 BYTES=0
Nov 22 13:18:35 10.0.0.2 ulogd[1267]: [DESTROY] ORIG: SRC=176.36.141.89 DST=194.50.85.5 PROTO=UDP SPT=36485 DPT=53 PKTS=1 BYTES=60 , REPLY: SRC=194.50.85.5 DST=176.36.141.89 PROTO=UDP SPT=53 DPT=36485 PKTS=1 BYTES=111
Nov 22 13:18:35 10.0.0.2 ulogd[1267]: [DESTROY] ORIG: SRC=54.178.194.95 DST=176.36.141.89 PROTO=ICMP TYPE=0 CODE=8 PKTS=1 BYTES=36 , REPLY: SRC=176.36.141.89 DST=54.178.194.95 PROTO=ICMP TYPE=0 CODE=8 PKTS=1 BYTES=36
Nov 22 13:18:35 10.0.0.2 ulogd[1267]: [DESTROY] ORIG: SRC=192.168.1.45 DST=192.168.1.1 PROTO=UDP SPT=35889 DPT=53 PKTS=1 BYTES=71 , REPLY: SRC=192.168.1.1 DST=192.168.1.45 PROTO=UDP SPT=53 DPT=35889 PKTS=1 BYTES=155
Nov 22 13:18:35 10.0.0.2 ulogd[1267]: [DESTROY] ORIG: SRC=192.168.1.151 DST=192.168.1.1 PROTO=UDP SPT=64876 DPT=53 PKTS=1 BYTES=64 , REPLY: SRC=192.168.1.1 DST=192.168.1.151 PROTO=UDP SPT=53 DPT=64876 PKTS=1 BYTES=172
Nov 22 13:18:35 10.0.0.2 ulogd[1267]: [DESTROY] ORIG: SRC=192.168.1.180 DST=37.157.4.29 PROTO=TCP SPT=60800 DPT=443 PKTS=621 BYTES=262134 , REPLY: SRC=37.157.4.29 DST=176.36.141.89 PROTO=TCP SPT=443 DPT=60800 PKTS=510 BYTES=105435
Nov 22 13:18:35 10.0.0.2 ulogd[1267]: [DESTROY] ORIG: SRC=192.168.1.45 DST=192.168.1.1 PROTO=UDP SPT=56495 DPT=53 PKTS=1 BYTES=64 , REPLY: SRC=192.168.1.1 DST=192.168.1.45 PROTO=UDP SPT=53 DPT=56495 PKTS=1 BYTES=80
Nov 22 13:18:35 10.0.0.2 ulogd[1267]: [DESTROY] ORIG: SRC=192.168.1.180 DST=217.72.199.27 PROTO=TCP SPT=61258 DPT=443 PKTS=17 BYTES=2301 , REPLY: SRC=217.72.199.27 DST=176.36.141.89 PROTO=TCP SPT=443 DPT=61258 PKTS=21 BYTES=9512
Nov 22 13:18:35 10.0.0.2 ulogd[1267]: [DESTROY] ORIG: SRC=192.168.1.180 DST=217.72.196.44 PROTO=TCP SPT=61299 DPT=443 PKTS=10 BYTES=2510 , REPLY: SRC=217.72.196.44 DST=176.36.141.89 PROTO=TCP SPT=443 DPT=61299 PKTS=9 BYTES=4789
Nov 22 13:18:35 10.0.0.2 ulogd[1267]: [DESTROY] ORIG: SRC=176.36.141.89 DST=194.50.85.7 PROTO=UDP SPT=53219 DPT=53 PKTS=1 BYTES=61 , REPLY: SRC=194.50.85.7 DST=176.36.141.89 PROTO=UDP SPT=53 DPT=53219 PKTS=1 BYTES=122
Nov 22 13:18:35 10.0.0.2 ulogd[1267]: [DESTROY] ORIG: SRC=fd02:c8be:1d40:0:ed9a:a5a9:93a0:c3e8 DST=fd02:c8be:1d40::1 PROTO=UDP SPT=55280 DPT=53 PKTS=19 BYTES=1618 , REPLY: SRC=fd02:c8be:1d40::1 DST=fd02:c8be:1d40:0:ed9a:a5a9:93a0:c3e8 PROTO=UDP SPT=53 DPT=55280 PKTS=19 BYTES=3513
Nov 22 13:18:35 10.0.0.2 ulogd[1267]: [DESTROY] ORIG: SRC=192.168.1.1 DST=192.168.1.45 PROTO=UDP SPT=46747 DPT=5353 PKTS=1 BYTES=63 , REPLY: SRC=192.168.1.45 DST=192.168.1.1 PROTO=UDP SPT=5353 DPT=46747 PKTS=0 BYTES=0
Nov 22 13:18:35 10.0.0.2 ulogd[1267]: [DESTROY] ORIG: SRC=192.168.1.180 DST=35.186.224.25 PROTO=TCP SPT=61268 DPT=443 PKTS=9 BYTES=1018 , REPLY: SRC=35.186.224.25 DST=176.36.141.89 PROTO=TCP SPT=443 DPT=61268 PKTS=7 BYTES=4309
Nov 22 13:18:35 10.0.0.2 ulogd[1267]: [DESTROY] ORIG: SRC=192.168.1.45 DST=192.168.1.1 PROTO=UDP SPT=56728 DPT=53 PKTS=1 BYTES=64 , REPLY: SRC=192.168.1.1 DST=192.168.1.45 PROTO=UDP SPT=53 DPT=56728 PKTS=1 BYTES=96
Nov 22 13:18:35 10.0.0.2 ulogd[1267]: [DESTROY] ORIG: SRC=192.168.1.1 DST=192.168.1.45 PROTO=TCP SPT=51620 DPT=514 PKTS=1 BYTES=60 , REPLY: SRC=192.168.1.45 DST=192.168.1.1 PROTO=TCP SPT=514 DPT=51620 PKTS=0 BYTES=0
Nov 22 13:18:35 10.0.0.2 ulogd[1267]: [DESTROY] ORIG: SRC=192.168.1.45 DST=192.168.1.1 PROTO=UDP SPT=35322 DPT=53 PKTS=1 BYTES=64 , REPLY: SRC=192.168.1.1 DST=192.168.1.45 PROTO=UDP SPT=53 DPT=35322 PKTS=1 BYTES=148
Nov 22 13:18:35 10.0.0.2 ulogd[1267]: [DESTROY] ORIG: SRC=176.36.141.89 DST=194.50.85.5 PROTO=UDP SPT=51329 DPT=53 PKTS=1 BYTES=64 , REPLY: SRC=194.50.85.5 DST=176.36.141.89 PROTO=UDP SPT=53 DPT=51329 PKTS=1 BYTES=230
Nov 22 13:18:35 10.0.0.2 ulogd[1267]: [DESTROY] ORIG: SRC=192.168.1.180 DST=192.168.1.1 PROTO=UDP SPT=57831 DPT=53 PKTS=1 BYTES=63 , REPLY: SRC=192.168.1.1 DST=192.168.1.180 PROTO=UDP SPT=53 DPT=57831 PKTS=1 BYTES=158
Nov 22 13:18:35 10.0.0.2 ulogd[1267]: [DESTROY] ORIG: SRC=176.36.141.89 DST=194.50.85.5 PROTO=UDP SPT=50543 DPT=53 PKTS=1 BYTES=71 , REPLY: SRC=194.50.85.5 DST=176.36.141.89 PROTO=UDP SPT=53 DPT=50543 PKTS=1 BYTES=155
Nov 22 13:18:35 10.0.0.2 ulogd[1267]: [DESTROY] ORIG: SRC=13.231.79.59 DST=176.36.141.89 PROTO=ICMP TYPE=0 CODE=8 PKTS=1 BYTES=36 , REPLY: SRC=176.36.141.89 DST=13.231.79.59 PROTO=ICMP TYPE=0 CODE=8 PKTS=1 BYTES=36
Nov 22 13:18:35 10.0.0.2 ulogd[1267]: [DESTROY] ORIG: SRC=176.36.141.89 DST=194.50.85.5 PROTO=UDP SPT=34067 DPT=53 PKTS=1 BYTES=68 , REPLY: SRC=194.50.85.5 DST=176.36.141.89 PROTO=UDP SPT=53 DPT=34067 PKTS=1 BYTES=175
Nov 22 13:18:35 10.0.0.2 ulogd[1267]: [DESTROY] ORIG: SRC=192.168.1.45 DST=192.168.1.1 PROTO=UDP SPT=59427 DPT=53 PKTS=1 BYTES=64 , REPLY: SRC=192.168.1.1 DST=192.168.1.45 PROTO=UDP SPT=53 DPT=59427 PKTS=1 BYTES=64
Nov 22 13:18:35 10.0.0.2 ulogd[1267]: [DESTROY] ORIG: SRC=176.36.141.89 DST=194.50.85.7 PROTO=UDP SPT=46747 DPT=53 PKTS=1 BYTES=63 , REPLY: SRC=194.50.85.7 DST=176.36.141.89 PROTO=UDP SPT=53 DPT=46747 PKTS=1 BYTES=168
Nov 22 13:18:35 10.0.0.2 ulogd[1267]: [DESTROY] ORIG: SRC=fd02:c8be:1d40:0:ed9a:a5a9:93a0:c3e8 DST=fd02:c8be:1d40::1 PROTO=UDP SPT=62554 DPT=53 PKTS=2 BYTES=169 , REPLY: SRC=fd02:c8be:1d40::1 DST=fd02:c8be:1d40:0:ed9a:a5a9:93a0:c3e8 PROTO=UDP SPT=53 DPT=62554 PKTS=2 BYTES=301
Nov 22 13:18:35 10.0.0.2 ulogd[1267]: [DESTROY] ORIG: SRC=176.36.141.89 DST=194.50.85.5 PROTO=UDP SPT=46747 DPT=53 PKTS=1 BYTES=63 , REPLY: SRC=194.50.85.5 DST=176.36.141.89 PROTO=UDP SPT=53 DPT=46747 PKTS=1 BYTES=168
Nov 22 13:18:35 10.0.0.2 ulogd[1267]: [DESTROY] ORIG: SRC=192.168.1.45 DST=192.168.1.1 PROTO=UDP SPT=60354 DPT=53 PKTS=1 BYTES=64 , REPLY: SRC=192.168.1.1 DST=192.168.1.45 PROTO=UDP SPT=53 DPT=60354 PKTS=1 BYTES=64
Nov 22 13:18:35 10.0.0.2 ulogd[1267]: [DESTROY] ORIG: SRC=192.168.1.45 DST=192.168.1.1 PROTO=UDP SPT=58674 DPT=53 PKTS=1 BYTES=64 , REPLY: SRC=192.168.1.1 DST=192.168.1.45 PROTO=UDP SPT=53 DPT=58674 PKTS=1 BYTES=126
Nov 22 13:18:35 10.0.0.2 ulogd[1267]: [DESTROY] ORIG: SRC=192.168.1.151 DST=192.168.1.1 PROTO=UDP SPT=63258 DPT=53 PKTS=1 BYTES=70 , REPLY: SRC=192.168.1.1 DST=192.168.1.151 PROTO=UDP SPT=53 DPT=63258 PKTS=1 BYTES=143
Nov 22 13:18:35 10.0.0.2 ulogd[1267]: [DESTROY] ORIG: SRC=192.168.1.45 DST=185.199.110.133 PROTO=TCP SPT=48594 DPT=443 PKTS=17 BYTES=1474 , REPLY: SRC=185.199.110.133 DST=176.36.141.89 PROTO=TCP SPT=443 DPT=48594 PKTS=16 BYTES=5633
Nov 22 13:18:35 10.0.0.2 ulogd[1267]: [DESTROY] ORIG: SRC=176.36.141.89 DST=194.50.85.5 PROTO=UDP SPT=42224 DPT=53 PKTS=2 BYTES=126 , REPLY: SRC=194.50.85.5 DST=176.36.141.89 PROTO=UDP SPT=53 DPT=42224 PKTS=0 BYTES=0
Nov 22 13:18:35 10.0.0.2 ulogd[1267]: [DESTROY] ORIG: SRC=176.36.141.89 DST=194.50.85.5 PROTO=UDP SPT=37050 DPT=53 PKTS=1 BYTES=68 , REPLY: SRC=194.50.85.5 DST=176.36.141.89 PROTO=UDP SPT=53 DPT=37050 PKTS=1 BYTES=129
Nov 22 13:18:35 10.0.0.2 ulogd[1267]: [DESTROY] ORIG: SRC=192.168.1.180 DST=192.168.1.1 PROTO=UDP SPT=57547 DPT=53 PKTS=1 BYTES=61 , REPLY: SRC=192.168.1.1 DST=192.168.1.180 PROTO=UDP SPT=53 DPT=57547 PKTS=1 BYTES=122
Nov 22 13:18:35 10.0.0.2 ulogd[1267]: [DESTROY] ORIG: SRC=18.180.158.225 DST=176.36.141.89 PROTO=ICMP TYPE=0 CODE=8 PKTS=1 BYTES=36 , REPLY: SRC=176.36.141.89 DST=18.180.158.225 PROTO=ICMP TYPE=0 CODE=8 PKTS=1 BYTES=36
Nov 22 13:18:35 10.0.0.2 ulogd[1267]: [DESTROY] ORIG: SRC=176.36.141.89 DST=194.50.85.5 PROTO=UDP SPT=33627 DPT=53 PKTS=1 BYTES=70 , REPLY: SRC=194.50.85.5 DST=176.36.141.89 PROTO=UDP SPT=53 DPT=33627 PKTS=1 BYTES=143
Nov 22 13:18:35 10.0.0.2 ulogd[1267]: [DESTROY] ORIG: SRC=192.168.1.45 DST=192.168.1.1 PROTO=UDP SPT=33728 DPT=53 PKTS=1 BYTES=64 , REPLY: SRC=192.168.1.1 DST=192.168.1.45 PROTO=UDP SPT=53 DPT=33728 PKTS=1 BYTES=64
Nov 22 13:18:35 10.0.0.2 ulogd[1267]: [DESTROY] ORIG: SRC=192.168.1.45 DST=192.168.1.1 PROTO=UDP SPT=54570 DPT=53 PKTS=1 BYTES=77 , REPLY: SRC=192.168.1.1 DST=192.168.1.45 PROTO=UDP SPT=53 DPT=54570 PKTS=1 BYTES=161
Nov 22 13:18:35 10.0.0.2 ulogd[1267]: [DESTROY] ORIG: SRC=192.168.1.45 DST=192.168.1.1 PROTO=UDP SPT=42425 DPT=53 PKTS=1 BYTES=64 , REPLY: SRC=192.168.1.1 DST=192.168.1.45 PROTO=UDP SPT=53 DPT=42425 PKTS=1 BYTES=96
Nov 22 13:18:35 10.0.0.2 ulogd[1267]: [DESTROY] ORIG: SRC=176.36.141.89 DST=194.50.85.5 PROTO=UDP SPT=53219 DPT=53 PKTS=2 BYTES=122 , REPLY: SRC=194.50.85.5 DST=176.36.141.89 PROTO=UDP SPT=53 DPT=53219 PKTS=0 BYTES=0
Nov 22 13:18:35 10.0.0.2 ulogd[1267]: [DESTROY] ORIG: SRC=192.168.1.180 DST=3.68.175.98 PROTO=TCP SPT=61274 DPT=443 PKTS=14 BYTES=2968 , REPLY: SRC=3.68.175.98 DST=176.36.141.89 PROTO=TCP SPT=443 DPT=61274 PKTS=14 BYTES=1966
Nov 22 13:18:35 10.0.0.2 ulogd[1267]: [DESTROY] ORIG: SRC=176.36.141.89 DST=194.50.85.5 PROTO=UDP SPT=58163 DPT=53 PKTS=1 BYTES=64 , REPLY: SRC=194.50.85.5 DST=176.36.141.89 PROTO=UDP SPT=53 DPT=58163 PKTS=1 BYTES=162
Nov 22 13:18:35 10.0.0.2 ulogd[1267]: [DESTROY] ORIG: SRC=192.168.1.45 DST=192.168.1.1 PROTO=UDP SPT=55536 DPT=53 PKTS=1 BYTES=66 , REPLY: SRC=192.168.1.1 DST=192.168.1.45 PROTO=UDP SPT=53 DPT=55536 PKTS=1 BYTES=114
Nov 22 13:18:35 10.0.0.2 ulogd[1267]: [DESTROY] ORIG: SRC=192.168.1.45 DST=192.168.1.1 PROTO=UDP SPT=56105 DPT=53 PKTS=1 BYTES=64 , REPLY: SRC=192.168.1.1 DST=192.168.1.45 PROTO=UDP SPT=53 DPT=56105 PKTS=1 BYTES=126
Nov 22 13:18:35 10.0.0.2 ulogd[1267]: [DESTROY] ORIG: SRC=176.36.141.89 DST=194.50.85.5 PROTO=UDP SPT=33063 DPT=53 PKTS=1 BYTES=71 , REPLY: SRC=194.50.85.5 DST=176.36.141.89 PROTO=UDP SPT=53 DPT=33063 PKTS=1 BYTES=119
Nov 22 13:18:35 10.0.0.2 ulogd[1267]: [DESTROY] ORIG: SRC=192.168.1.180 DST=35.186.224.25 PROTO=UDP SPT=64019 DPT=443 PKTS=10 BYTES=2734 , REPLY: SRC=35.186.224.25 DST=176.36.141.89 PROTO=UDP SPT=443 DPT=64019 PKTS=9 BYTES=4799
Nov 22 13:18:35 10.0.0.2 ulogd[1267]: [DESTROY] ORIG: SRC=192.168.1.151 DST=192.168.1.1 PROTO=UDP SPT=49169 DPT=53 PKTS=1 BYTES=64 , REPLY: SRC=192.168.1.1 DST=192.168.1.151 PROTO=UDP SPT=53 DPT=49169 PKTS=1 BYTES=230
Nov 22 13:18:35 10.0.0.2 ulogd[1267]: [DESTROY] ORIG: SRC=192.168.1.180 DST=35.186.224.18 PROTO=UDP SPT=62521 DPT=443 PKTS=8 BYTES=4078 , REPLY: SRC=35.186.224.18 DST=176.36.141.89 PROTO=UDP SPT=443 DPT=62521 PKTS=9 BYTES=4207
Nov 22 13:18:35 10.0.0.2 ulogd[1267]: [DESTROY] ORIG: SRC=192.168.1.45 DST=192.168.1.1 PROTO=UDP SPT=54937 DPT=53 PKTS=1 BYTES=77 , REPLY: SRC=192.168.1.1 DST=192.168.1.45 PROTO=UDP SPT=53 DPT=54937 PKTS=1 BYTES=161
Nov 22 13:18:35 10.0.0.2 ulogd[1267]: [DESTROY] ORIG: SRC=192.168.1.45 DST=192.168.1.1 PROTO=UDP SPT=46989 DPT=53 PKTS=1 BYTES=64 , REPLY: SRC=192.168.1.1 DST=192.168.1.45 PROTO=UDP SPT=53 DPT=46989 PKTS=1 BYTES=148
Nov 22 13:18:35 10.0.0.2 ulogd[1267]: [DESTROY] ORIG: SRC=192.168.1.180 DST=142.250.180.237 PROTO=TCP SPT=61239 DPT=443 PKTS=55 BYTES=3694 , REPLY: SRC=142.250.180.237 DST=176.36.141.89 PROTO=TCP SPT=443 DPT=61239 PKTS=75 BYTES=94091
Nov 22 13:18:35 10.0.0.2 ulogd[1267]: [DESTROY] ORIG: SRC=192.168.1.1 DST=192.168.1.45 PROTO=TCP SPT=51630 DPT=514 PKTS=1 BYTES=60 , REPLY: SRC=192.168.1.45 DST=192.168.1.1 PROTO=TCP SPT=514 DPT=51630 PKTS=0 BYTES=0
Nov 22 13:18:35 10.0.0.2 ulogd[1267]: [DESTROY] ORIG: SRC=176.36.141.89 DST=194.50.85.5 PROTO=UDP SPT=42739 DPT=53 PKTS=1 BYTES=64 , REPLY: SRC=194.50.85.5 DST=176.36.141.89 PROTO=UDP SPT=53 DPT=42739 PKTS=1 BYTES=148
Nov 22 13:18:35 10.0.0.2 ulogd[1267]: [DESTROY] ORIG: SRC=192.168.1.45 DST=192.168.1.1 PROTO=UDP SPT=38557 DPT=53 PKTS=1 BYTES=71 , REPLY: SRC=192.168.1.1 DST=192.168.1.45 PROTO=UDP SPT=53 DPT=38557 PKTS=1 BYTES=119
Nov 22 13:18:35 10.0.0.2 ulogd[1267]: [DESTROY] ORIG: SRC=192.168.1.45 DST=192.168.1.1 PROTO=UDP SPT=44192 DPT=53 PKTS=1 BYTES=64 , REPLY: SRC=192.168.1.1 DST=192.168.1.45 PROTO=UDP SPT=53 DPT=44192 PKTS=1 BYTES=80
Nov 22 13:18:35 10.0.0.2 ulogd[1267]: [DESTROY] ORIG: SRC=176.36.141.89 DST=194.50.85.5 PROTO=UDP SPT=36018 DPT=53 PKTS=1 BYTES=68 , REPLY: SRC=194.50.85.5 DST=176.36.141.89 PROTO=UDP SPT=53 DPT=36018 PKTS=1 BYTES=129
Nov 22 13:18:35 10.0.0.2 ulogd[1267]: [DESTROY] ORIG: SRC=176.36.141.89 DST=194.50.85.7 PROTO=UDP SPT=48764 DPT=53 PKTS=1 BYTES=70 , REPLY: SRC=194.50.85.7 DST=176.36.141.89 PROTO=UDP SPT=53 DPT=48764 PKTS=1 BYTES=131
Nov 22 13:18:35 10.0.0.2 ulogd[1267]: [DESTROY] ORIG: SRC=192.168.1.180 DST=192.168.1.1 PROTO=UDP SPT=56286 DPT=53 PKTS=1 BYTES=70 , REPLY: SRC=192.168.1.1 DST=192.168.1.180 PROTO=UDP SPT=53 DPT=56286 PKTS=1 BYTES=131
Nov 22 13:18:35 10.0.0.2 ulogd[1267]: [DESTROY] ORIG: SRC=192.168.1.180 DST=192.168.1.1 PROTO=UDP SPT=58631 DPT=53 PKTS=1 BYTES=63 , REPLY: SRC=192.168.1.1 DST=192.168.1.180 PROTO=UDP SPT=53 DPT=58631 PKTS=1 BYTES=168
Nov 22 13:18:35 10.0.0.2 ulogd[1267]: [DESTROY] ORIG: SRC=176.36.141.89 DST=194.50.85.5 PROTO=UDP SPT=52263 DPT=53 PKTS=1 BYTES=64 , REPLY: SRC=194.50.85.5 DST=176.36.141.89 PROTO=UDP SPT=53 DPT=52263 PKTS=1 BYTES=126
Nov 22 13:18:35 10.0.0.2 ulogd[1267]: [DESTROY] ORIG: SRC=fd02:c8be:1d40:0:ed9a:a5a9:93a0:c3e8 DST=fd02:c8be:1d40::1 PROTO=UDP SPT=56549 DPT=53 PKTS=11 BYTES=908 , REPLY: SRC=fd02:c8be:1d40::1 DST=fd02:c8be:1d40:0:ed9a:a5a9:93a0:c3e8 PROTO=UDP SPT=53 DPT=56549 PKTS=11 BYTES=1700
Nov 22 13:18:35 10.0.0.2 ulogd[1267]: [DESTROY] ORIG: SRC=176.36.141.89 DST=194.50.85.5 PROTO=UDP SPT=56839 DPT=53 PKTS=1 BYTES=64 , REPLY: SRC=194.50.85.5 DST=176.36.141.89 PROTO=UDP SPT=53 DPT=56839 PKTS=1 BYTES=148
Nov 22 13:18:35 10.0.0.2 ulogd[1267]: [DESTROY] ORIG: SRC=176.36.141.89 DST=194.50.85.7 PROTO=UDP SPT=54719 DPT=53 PKTS=1 BYTES=70 , REPLY: SRC=194.50.85.7 DST=176.36.141.89 PROTO=UDP SPT=53 DPT=54719 PKTS=1 BYTES=131
Nov 22 13:18:35 10.0.0.2 ulogd[1267]: [DESTROY] ORIG: SRC=192.168.1.45 DST=192.168.1.1 PROTO=UDP SPT=42125 DPT=53 PKTS=1 BYTES=64 , REPLY: SRC=192.168.1.1 DST=192.168.1.45 PROTO=UDP SPT=53 DPT=42125 PKTS=1 BYTES=96
Nov 22 13:18:35 10.0.0.2 ulogd[1267]: [DESTROY] ORIG: SRC=192.168.1.180 DST=192.168.1.1 PROTO=UDP SPT=58933 DPT=53 PKTS=1 BYTES=63 , REPLY: SRC=192.168.1.1 DST=192.168.1.180 PROTO=UDP SPT=53 DPT=58933 PKTS=1 BYTES=158
Nov 22 13:18:35 10.0.0.2 ulogd[1267]: [DESTROY] ORIG: SRC=fd02:c8be:1d40:0:ed9a:a5a9:93a0:c3e8 DST=fd02:c8be:1d40::1 PROTO=UDP SPT=57934 DPT=53 PKTS=4 BYTES=324 , REPLY: SRC=fd02:c8be:1d40::1 DST=fd02:c8be:1d40:0:ed9a:a5a9:93a0:c3e8 PROTO=UDP SPT=53 DPT=57934 PKTS=4 BYTES=617
Nov 22 13:18:35 10.0.0.2 ulogd[1267]: [DESTROY] ORIG: SRC=176.36.141.89 DST=194.50.85.5 PROTO=UDP SPT=33878 DPT=53 PKTS=1 BYTES=63 , REPLY: SRC=194.50.85.5 DST=176.36.141.89 PROTO=UDP SPT=53 DPT=33878 PKTS=1 BYTES=158
Nov 22 13:18:35 10.0.0.2 ulogd[1267]: [DESTROY] ORIG: SRC=176.36.141.89 DST=194.50.85.5 PROTO=UDP SPT=44472 DPT=53 PKTS=1 BYTES=63 , REPLY: SRC=194.50.85.5 DST=176.36.141.89 PROTO=UDP SPT=53 DPT=44472 PKTS=1 BYTES=158
Nov 22 13:18:35 10.0.0.2 ulogd[1267]: [DESTROY] ORIG: SRC=192.168.1.180 DST=35.186.224.25 PROTO=UDP SPT=64911 DPT=443 PKTS=34 BYTES=15003 , REPLY: SRC=35.186.224.25 DST=176.36.141.89 PROTO=UDP SPT=443 DPT=64911 PKTS=36 BYTES=16734
Nov 22 13:18:35 10.0.0.2 ulogd[1267]: [DESTROY] ORIG: SRC=176.36.141.89 DST=194.50.85.5 PROTO=UDP SPT=59041 DPT=53 PKTS=1 BYTES=64 , REPLY: SRC=194.50.85.5 DST=176.36.141.89 PROTO=UDP SPT=53 DPT=59041 PKTS=1 BYTES=126
Nov 22 13:18:35 10.0.0.2 ulogd[1267]: [DESTROY] ORIG: SRC=18.176.54.79 DST=176.36.141.89 PROTO=ICMP TYPE=0 CODE=8 PKTS=1 BYTES=36 , REPLY: SRC=176.36.141.89 DST=18.176.54.79 PROTO=ICMP TYPE=0 CODE=8 PKTS=1 BYTES=36
Nov 22 13:18:35 10.0.0.2 ulogd[1267]: [DESTROY] ORIG: SRC=192.168.1.180 DST=18.244.102.73 PROTO=TCP SPT=61194 DPT=443 PKTS=22 BYTES=2868 , REPLY: SRC=18.244.102.73 DST=176.36.141.89 PROTO=TCP SPT=443 DPT=61194 PKTS=23 BYTES=2504
Nov 22 13:18:35 10.0.0.2 ulogd[1267]: [DESTROY] ORIG: SRC=192.168.1.45 DST=192.168.1.1 PROTO=UDP SPT=43574 DPT=53 PKTS=1 BYTES=64 , REPLY: SRC=192.168.1.1 DST=192.168.1.45 PROTO=UDP SPT=53 DPT=43574 PKTS=1 BYTES=80
Nov 22 13:18:35 10.0.0.2 ulogd[1267]: [DESTROY] ORIG: SRC=192.168.1.45 DST=192.168.1.1 PROTO=UDP SPT=57777 DPT=53 PKTS=1 BYTES=77 , REPLY: SRC=192.168.1.1 DST=192.168.1.45 PROTO=UDP SPT=53 DPT=57777 PKTS=1 BYTES=161
Nov 22 13:18:35 10.0.0.2 ulogd[1267]: [DESTROY] ORIG: SRC=176.36.141.89 DST=194.50.85.5 PROTO=UDP SPT=46779 DPT=53 PKTS=1 BYTES=68 , REPLY: SRC=194.50.85.5 DST=176.36.141.89 PROTO=UDP SPT=53 DPT=46779 PKTS=1 BYTES=129
Nov 22 13:18:35 10.0.0.2 ulogd[1267]: [DESTROY] ORIG: SRC=176.36.141.89 DST=194.50.85.5 PROTO=UDP SPT=48758 DPT=53 PKTS=1 BYTES=64 , REPLY: SRC=194.50.85.5 DST=176.36.141.89 PROTO=UDP SPT=53 DPT=48758 PKTS=1 BYTES=80
Nov 22 13:18:35 10.0.0.2 ulogd[1267]: [DESTROY] ORIG: SRC=192.168.1.180 DST=108.138.51.51 PROTO=TCP SPT=61228 DPT=443 PKTS=36 BYTES=3400 , REPLY: SRC=108.138.51.51 DST=176.36.141.89 PROTO=TCP SPT=443 DPT=61228 PKTS=38 BYTES=105107
Nov 22 13:18:35 10.0.0.2 ulogd[1267]: [DESTROY] ORIG: SRC=192.168.1.1 DST=192.168.1.45 PROTO=UDP SPT=48764 DPT=5353 PKTS=1 BYTES=70 , REPLY: SRC=192.168.1.45 DST=192.168.1.1 PROTO=UDP SPT=5353 DPT=48764 PKTS=0 BYTES=0
Nov 22 13:18:35 10.0.0.2 ulogd[1267]: [DESTROY] ORIG: SRC=192.168.1.1 DST=192.168.1.45 PROTO=TCP SPT=51594 DPT=514 PKTS=1 BYTES=60 , REPLY: SRC=192.168.1.45 DST=192.168.1.1 PROTO=TCP SPT=514 DPT=51594 PKTS=0 BYTES=0
Nov 22 13:18:35 10.0.0.2 ulogd[1267]: [DESTROY] ORIG: SRC=192.168.1.1 DST=192.168.1.45 PROTO=UDP SPT=42224 DPT=5353 PKTS=1 BYTES=63 , REPLY: SRC=192.168.1.45 DST=192.168.1.1 PROTO=UDP SPT=5353 DPT=42224 PKTS=0 BYTES=0
Nov 22 13:18:35 10.0.0.2 ulogd[1267]: [DESTROY] ORIG: SRC=176.36.141.89 DST=194.50.85.5 PROTO=UDP SPT=60858 DPT=53 PKTS=1 BYTES=77 , REPLY: SRC=194.50.85.5 DST=176.36.141.89 PROTO=UDP SPT=53 DPT=60858 PKTS=1 BYTES=125
Nov 22 13:18:35 10.0.0.2 ulogd[1267]: [DESTROY] ORIG: SRC=176.36.141.89 DST=194.50.85.5 PROTO=UDP SPT=47109 DPT=53 PKTS=1 BYTES=55 , REPLY: SRC=194.50.85.5 DST=176.36.141.89 PROTO=UDP SPT=53 DPT=47109 PKTS=1 BYTES=116
Nov 22 13:18:35 10.0.0.2 ulogd[1267]: [DESTROY] ORIG: SRC=fd02:c8be:1d40:0:ed9a:a5a9:93a0:c3e8 DST=fd02:c8be:1d40::1 PROTO=UDP SPT=61565 DPT=53 PKTS=4 BYTES=336 , REPLY: SRC=fd02:c8be:1d40::1 DST=fd02:c8be:1d40:0:ed9a:a5a9:93a0:c3e8 PROTO=UDP SPT=53 DPT=61565 PKTS=4 BYTES=496
Nov 22 13:18:35 10.0.0.2 ulogd[1267]: [DESTROY] ORIG: SRC=176.36.141.89 DST=194.50.85.5 PROTO=UDP SPT=59735 DPT=53 PKTS=1 BYTES=64 , REPLY: SRC=194.50.85.5 DST=176.36.141.89 PROTO=UDP SPT=53 DPT=59735 PKTS=1 BYTES=113
Nov 22 13:18:35 10.0.0.2 ulogd[1267]: [DESTROY] ORIG: SRC=192.168.1.180 DST=18.66.233.19 PROTO=UDP SPT=60250 DPT=443 PKTS=42 BYTES=19190 , REPLY: SRC=18.66.233.19 DST=176.36.141.89 PROTO=UDP SPT=443 DPT=60250 PKTS=50 BYTES=53136
Nov 22 13:18:35 10.0.0.2 ulogd[1267]: [DESTROY] ORIG: SRC=176.36.141.89 DST=194.50.85.5 PROTO=UDP SPT=49188 DPT=53 PKTS=1 BYTES=64 , REPLY: SRC=194.50.85.5 DST=176.36.141.89 PROTO=UDP SPT=53 DPT=49188 PKTS=1 BYTES=172
