Nov 14 18:44:13 10.0.0.2 ulogd[1267]: [DESTROY] ORIG: SRC=fd02:c8be:1d40:0:89c6:4fae:69d2:328 DST=fd02:c8be:1d40::1 PROTO=UDP SPT=52542 DPT=53 PKTS=7 BYTES=580 , REPLY: SRC=fd02:c8be:1d40::1 DST=fd02:c8be:1d40:0:89c6:4fae:69d2:328 PROTO=UDP SPT=53 DPT=52542 PKTS=7 BYTES=943
Nov 14 18:44:13 10.0.0.2 ulogd[1267]: [DESTROY] ORIG: SRC=192.168.1.180 DST=192.168.1.1 PROTO=UDP SPT=54678 DPT=53 PKTS=1 BYTES=63 , REPLY: SRC=192.168.1.1 DST=192.168.1.180 PROTO=UDP SPT=53 DPT=54678 PKTS=1 BYTES=158
Nov 14 18:44:13 10.0.0.2 ulogd[1267]: [DESTROY] ORIG: SRC=192.168.1.180 DST=35.186.224.25 PROTO=UDP SPT=54994 DPT=443 PKTS=3 BYTES=1531 , REPLY: SRC=35.186.224.25 DST=176.36.141.89 PROTO=UDP SPT=443 DPT=54994 PKTS=4 BYTES=2025
Nov 14 18:44:13 10.0.0.2 ulogd[1267]: [DESTROY] ORIG: SRC=176.36.141.89 DST=31.28.161.71 PROTO=UDP SPT=44090 DPT=123 PKTS=1 BYTES=76 , REPLY: SRC=31.28.161.71 DST=176.36.141.89 PROTO=UDP SPT=123 DPT=44090 PKTS=1 BYTES=76
Nov 14 18:44:13 10.0.0.2 ulogd[1267]: [DESTROY] ORIG: SRC=192.168.1.180 DST=18.66.233.19 PROTO=UDP SPT=51927 DPT=443 PKTS=64 BYTES=23648 , REPLY: SRC=18.66.233.19 DST=176.36.141.89 PROTO=UDP SPT=443 DPT=51927 PKTS=81 BYTES=82024
Nov 14 18:44:13 10.0.0.2 ulogd[1267]: [DESTROY] ORIG: SRC=fd02:c8be:1d40:0:89c6:4fae:69d2:328 DST=fd02:c8be:1d40::1 PROTO=UDP SPT=53147 DPT=53 PKTS=1 BYTES=91 , REPLY: SRC=fd02:c8be:1d40::1 DST=fd02:c8be:1d40:0:89c6:4fae:69d2:328 PROTO=UDP SPT=53 DPT=53147 PKTS=1 BYTES=145
Nov 14 18:44:13 10.0.0.2 ulogd[1267]: [DESTROY] ORIG: SRC=192.168.1.180 DST=52.54.194.233 PROTO=TCP SPT=53073 DPT=443 PKTS=9 BYTES=4337 , REPLY: SRC=52.54.194.233 DST=176.36.141.89 PROTO=TCP SPT=443 DPT=53073 PKTS=8 BYTES=661
Nov 14 18:44:13 10.0.0.2 ulogd[1267]: [DESTROY] ORIG: SRC=176.36.141.89 DST=194.50.85.7 PROTO=UDP SPT=40556 DPT=53 PKTS=1 BYTES=64 , REPLY: SRC=194.50.85.7 DST=176.36.141.89 PROTO=UDP SPT=53 DPT=40556 PKTS=1 BYTES=158
Nov 14 18:44:13 10.0.0.2 ulogd[1267]: [DESTROY] ORIG: SRC=192.168.1.180 DST=35.186.224.25 PROTO=UDP SPT=53957 DPT=443 PKTS=9 BYTES=5768 , REPLY: SRC=35.186.224.25 DST=176.36.141.89 PROTO=UDP SPT=443 DPT=53957 PKTS=7 BYTES=2662
Nov 14 18:44:13 10.0.0.2 ulogd[1267]: [DESTROY] ORIG: SRC=192.168.1.180 DST=35.186.224.25 PROTO=UDP SPT=64569 DPT=443 PKTS=9 BYTES=4465 , REPLY: SRC=35.186.224.25 DST=176.36.141.89 PROTO=UDP SPT=443 DPT=64569 PKTS=8 BYTES=2379
Nov 14 18:44:13 10.0.0.2 ulogd[1267]: [DESTROY] ORIG: SRC=176.36.141.89 DST=194.50.85.7 PROTO=UDP SPT=34639 DPT=53 PKTS=1 BYTES=70 , REPLY: SRC=194.50.85.7 DST=176.36.141.89 PROTO=UDP SPT=53 DPT=34639 PKTS=1 BYTES=86
Nov 14 18:44:13 10.0.0.2 ulogd[1267]: [DESTROY] ORIG: SRC=176.36.141.89 DST=194.50.85.5 PROTO=UDP SPT=51091 DPT=53 PKTS=1 BYTES=63 , REPLY: SRC=194.50.85.5 DST=176.36.141.89 PROTO=UDP SPT=53 DPT=51091 PKTS=1 BYTES=158
Nov 14 18:44:13 10.0.0.2 ulogd[1267]: [DESTROY] ORIG: SRC=192.168.1.180 DST=35.186.224.18 PROTO=UDP SPT=54899 DPT=443 PKTS=32 BYTES=6159 , REPLY: SRC=35.186.224.18 DST=176.36.141.89 PROTO=UDP SPT=443 DPT=54899 PKTS=33 BYTES=6718
Nov 14 18:44:13 10.0.0.2 ulogd[1267]: [DESTROY] ORIG: SRC=176.36.141.89 DST=194.50.85.7 PROTO=UDP SPT=60769 DPT=53 PKTS=1 BYTES=63 , REPLY: SRC=194.50.85.7 DST=176.36.141.89 PROTO=UDP SPT=53 DPT=60769 PKTS=1 BYTES=168
Nov 14 18:44:13 10.0.0.2 ulogd[1267]: [DESTROY] ORIG: SRC=176.36.141.89 DST=194.50.85.7 PROTO=UDP SPT=56155 DPT=53 PKTS=1 BYTES=71 , REPLY: SRC=194.50.85.7 DST=176.36.141.89 PROTO=UDP SPT=53 DPT=56155 PKTS=1 BYTES=125
Nov 14 18:44:13 10.0.0.2 ulogd[1267]: [DESTROY] ORIG: SRC=192.168.1.180 DST=3.67.131.16 PROTO=TCP SPT=53054 DPT=443 PKTS=16 BYTES=3272 , REPLY: SRC=3.67.131.16 DST=176.36.141.89 PROTO=TCP SPT=443 DPT=53054 PKTS=15 BYTES=1996
Nov 14 18:44:13 10.0.0.2 ulogd[1267]: [DESTROY] ORIG: SRC=176.36.141.89 DST=194.50.85.5 PROTO=UDP SPT=52580 DPT=53 PKTS=1 BYTES=69 , REPLY: SRC=194.50.85.5 DST=176.36.141.89 PROTO=UDP SPT=53 DPT=52580 PKTS=1 BYTES=118
Nov 14 18:44:13 10.0.0.2 ulogd[1267]: [DESTROY] ORIG: SRC=192.168.1.1 DST=192.168.1.45 PROTO=UDP SPT=51091 DPT=5353 PKTS=1 BYTES=63 , REPLY: SRC=192.168.1.45 DST=192.168.1.1 PROTO=UDP SPT=5353 DPT=51091 PKTS=0 BYTES=0
Nov 14 18:44:13 10.0.0.2 ulogd[1267]: [DESTROY] ORIG: SRC=176.36.141.89 DST=194.50.85.7 PROTO=UDP SPT=52059 DPT=53 PKTS=1 BYTES=67 , REPLY: SRC=194.50.85.7 DST=176.36.141.89 PROTO=UDP SPT=53 DPT=52059 PKTS=1 BYTES=99
Nov 14 18:44:13 10.0.0.2 ulogd[1267]: [DESTROY] ORIG: SRC=192.168.1.180 DST=3.68.175.98 PROTO=TCP SPT=53051 DPT=443 PKTS=17 BYTES=3932 , REPLY: SRC=3.68.175.98 DST=176.36.141.89 PROTO=TCP SPT=443 DPT=53051 PKTS=19 BYTES=2451
Nov 14 18:44:13 10.0.0.2 ulogd[1267]: [DESTROY] ORIG: SRC=fd02:c8be:1d40:0:89c6:4fae:69d2:328 DST=fd02:c8be:1d40::1 PROTO=UDP SPT=65113 DPT=53 PKTS=1 BYTES=89 , REPLY: SRC=fd02:c8be:1d40::1 DST=fd02:c8be:1d40:0:89c6:4fae:69d2:328 PROTO=UDP SPT=53 DPT=65113 PKTS=1 BYTES=213
Nov 14 18:44:13 10.0.0.2 ulogd[1267]: [DESTROY] ORIG: SRC=176.36.141.89 DST=194.50.85.5 PROTO=UDP SPT=39832 DPT=53 PKTS=1 BYTES=83 , REPLY: SRC=194.50.85.5 DST=176.36.141.89 PROTO=UDP SPT=53 DPT=39832 PKTS=1 BYTES=156
Nov 14 18:44:13 10.0.0.2 ulogd[1267]: [DESTROY] ORIG: SRC=176.36.141.89 DST=194.50.85.5 PROTO=UDP SPT=46690 DPT=53 PKTS=1 BYTES=83 , REPLY: SRC=194.50.85.5 DST=176.36.141.89 PROTO=UDP SPT=53 DPT=46690 PKTS=1 BYTES=99
Nov 14 18:44:13 10.0.0.2 ulogd[1267]: [DESTROY] ORIG: SRC=192.168.1.180 DST=52.54.194.233 PROTO=TCP SPT=53091 DPT=443 PKTS=10 BYTES=4457 , REPLY: SRC=52.54.194.233 DST=176.36.141.89 PROTO=TCP SPT=443 DPT=53091 PKTS=8 BYTES=661
Nov 14 18:44:13 10.0.0.2 ulogd[1267]: [DESTROY] ORIG: SRC=192.168.1.180 DST=108.138.51.111 PROTO=TCP SPT=53032 DPT=443 PKTS=235 BYTES=10707 , REPLY: SRC=108.138.51.111 DST=176.36.141.89 PROTO=TCP SPT=443 DPT=53032 PKTS=197 BYTES=1752947
Nov 14 18:44:13 10.0.0.2 ulogd[1267]: [DESTROY] ORIG: SRC=192.168.1.180 DST=62.140.236.162 PROTO=TCP SPT=53055 DPT=443 PKTS=37 BYTES=2662 , REPLY: SRC=62.140.236.162 DST=176.36.141.89 PROTO=TCP SPT=443 DPT=53055 PKTS=32 BYTES=170409
Nov 14 18:44:13 10.0.0.2 ulogd[1267]: [DESTROY] ORIG: SRC=176.36.141.89 DST=194.50.85.5 PROTO=UDP SPT=44505 DPT=53 PKTS=1 BYTES=71 , REPLY: SRC=194.50.85.5 DST=176.36.141.89 PROTO=UDP SPT=53 DPT=44505 PKTS=1 BYTES=199
Nov 14 18:44:14 10.0.0.2 dnsmasq[1]: 29496 fd02:c8be:1d40:0:89c6:4fae:69d2:328/59610 query[A] spclient.wg.spotify.com from fd02:c8be:1d40:0:89c6:4fae:69d2:328
Nov 14 18:44:14 10.0.0.2 ulogd[1267]: [NEW] ORIG: SRC=fd02:c8be:1d40:0:89c6:4fae:69d2:328 DST=fd02:c8be:1d40::1 PROTO=UDP SPT=59610 DPT=53 PKTS=0 BYTES=0 , REPLY: SRC=fd02:c8be:1d40::1 DST=fd02:c8be:1d40:0:89c6:4fae:69d2:328 PROTO=UDP SPT=53 DPT=59610 PKTS=0 BYTES=0
Nov 14 18:44:14 10.0.0.2 dnsmasq[1]: 29496 fd02:c8be:1d40:0:89c6:4fae:69d2:328/59610 cached spclient.wg.spotify.com is <CNAME>
Nov 14 18:44:14 10.0.0.2 ulogd[1267]: [NEW] ORIG: SRC=fd02:c8be:1d40:0:89c6:4fae:69d2:328 DST=fd02:c8be:1d40::1 PROTO=UDP SPT=57186 DPT=53 PKTS=0 BYTES=0 , REPLY: SRC=fd02:c8be:1d40::1 DST=fd02:c8be:1d40:0:89c6:4fae:69d2:328 PROTO=UDP SPT=53 DPT=57186 PKTS=0 BYTES=0
Nov 14 18:44:14 10.0.0.2 dnsmasq[1]: 29496 fd02:c8be:1d40:0:89c6:4fae:69d2:328/59610 forwarded spclient.wg.spotify.com to 194.50.85.7
Nov 14 18:44:14 10.0.0.2 dnsmasq[1]: 29496 fd02:c8be:1d40:0:89c6:4fae:69d2:328/59610 reply spclient.wg.spotify.com is <CNAME>
Nov 14 18:44:14 10.0.0.2 ulogd[1267]: [NEW] ORIG: SRC=176.36.141.89 DST=194.50.85.7 PROTO=UDP SPT=43616 DPT=53 PKTS=0 BYTES=0 , REPLY: SRC=194.50.85.7 DST=176.36.141.89 PROTO=UDP SPT=53 DPT=43616 PKTS=0 BYTES=0
Nov 14 18:44:14 10.0.0.2 dnsmasq[1]: 29496 fd02:c8be:1d40:0:89c6:4fae:69d2:328/59610 reply edge-web.dual-gslb.spotify.com is 35.186.224.25
Nov 14 18:44:14 10.0.0.2 dnsmasq[1]: 29497 fd02:c8be:1d40:0:89c6:4fae:69d2:328/57186 query[type=65] spclient.wg.spotify.com from fd02:c8be:1d40:0:89c6:4fae:69d2:328
Nov 14 18:44:14 10.0.0.2 dnsmasq[1]: 29497 fd02:c8be:1d40:0:89c6:4fae:69d2:328/57186 cached spclient.wg.spotify.com is <CNAME>
Nov 14 18:44:14 10.0.0.2 dnsmasq[1]: 29497 fd02:c8be:1d40:0:89c6:4fae:69d2:328/57186 forwarded spclient.wg.spotify.com to 194.50.85.7
Nov 14 18:44:14 10.0.0.2 ulogd[1267]: [NEW] ORIG: SRC=176.36.141.89 DST=194.50.85.7 PROTO=UDP SPT=48860 DPT=53 PKTS=0 BYTES=0 , REPLY: SRC=194.50.85.7 DST=176.36.141.89 PROTO=UDP SPT=53 DPT=48860 PKTS=0 BYTES=0
Nov 14 18:44:14 10.0.0.2 dnsmasq[1]: 29497 fd02:c8be:1d40:0:89c6:4fae:69d2:328/57186 reply spclient.wg.spotify.com is <CNAME>
Nov 14 18:44:14 10.0.0.2 dnsmasq[1]: 29497 fd02:c8be:1d40:0:89c6:4fae:69d2:328/57186 reply edge-web.dual-gslb.spotify.com is NODATA
Nov 14 18:44:14 10.0.0.2 ulogd[1267]: [NEW] ORIG: SRC=192.168.1.180 DST=35.186.224.25 PROTO=UDP SPT=57766 DPT=443 PKTS=0 BYTES=0 , REPLY: SRC=35.186.224.25 DST=176.36.141.89 PROTO=UDP SPT=443 DPT=57766 PKTS=0 BYTES=0
Nov 14 18:44:19 10.0.0.2 ulogd[1267]: [NEW] ORIG: SRC=192.168.1.180 DST=52.54.194.233 PROTO=TCP SPT=53096 DPT=443 PKTS=0 BYTES=0 , REPLY: SRC=52.54.194.233 DST=176.36.141.89 PROTO=TCP SPT=443 DPT=53096 PKTS=0 BYTES=0
Nov 14 18:44:21 10.0.0.2 ulogd[1267]: [NEW] ORIG: SRC=fd02:c8be:1d40:0:89c6:4fae:69d2:328 DST=fd02:c8be:1d40::1 PROTO=UDP SPT=59706 DPT=53 PKTS=0 BYTES=0 , REPLY: SRC=fd02:c8be:1d40::1 DST=fd02:c8be:1d40:0:89c6:4fae:69d2:328 PROTO=UDP SPT=53 DPT=59706 PKTS=0 BYTES=0
Nov 14 18:44:21 10.0.0.2 dnsmasq[1]: 29498 fd02:c8be:1d40:0:89c6:4fae:69d2:328/59706 query[A] i.scdn.co from fd02:c8be:1d40:0:89c6:4fae:69d2:328
Nov 14 18:44:21 10.0.0.2 ulogd[1267]: [NEW] ORIG: SRC=fd02:c8be:1d40:0:89c6:4fae:69d2:328 DST=fd02:c8be:1d40::1 PROTO=UDP SPT=63739 DPT=53 PKTS=0 BYTES=0 , REPLY: SRC=fd02:c8be:1d40::1 DST=fd02:c8be:1d40:0:89c6:4fae:69d2:328 PROTO=UDP SPT=53 DPT=63739 PKTS=0 BYTES=0
Nov 14 18:44:21 10.0.0.2 ulogd[1267]: [NEW] ORIG: SRC=fd02:c8be:1d40:0:89c6:4fae:69d2:328 DST=fd02:c8be:1d40::1 PROTO=UDP SPT=63182 DPT=53 PKTS=0 BYTES=0 , REPLY: SRC=fd02:c8be:1d40::1 DST=fd02:c8be:1d40:0:89c6:4fae:69d2:328 PROTO=UDP SPT=53 DPT=63182 PKTS=0 BYTES=0
Nov 14 18:44:21 10.0.0.2 dnsmasq[1]: 29498 fd02:c8be:1d40:0:89c6:4fae:69d2:328/59706 forwarded i.scdn.co to 194.50.85.7
Nov 14 18:44:21 10.0.0.2 ulogd[1267]: [NEW] ORIG: SRC=176.36.141.89 DST=194.50.85.7 PROTO=UDP SPT=52684 DPT=53 PKTS=0 BYTES=0 , REPLY: SRC=194.50.85.7 DST=176.36.141.89 PROTO=UDP SPT=53 DPT=52684 PKTS=0 BYTES=0
Nov 14 18:44:21 10.0.0.2 dnsmasq[1]: 29498 fd02:c8be:1d40:0:89c6:4fae:69d2:328/59706 reply i.scdn.co is <CNAME>
Nov 14 18:44:21 10.0.0.2 ulogd[1267]: [NEW] ORIG: SRC=fd02:c8be:1d40:0:89c6:4fae:69d2:328 DST=fd02:c8be:1d40::1 PROTO=UDP SPT=56161 DPT=53 PKTS=0 BYTES=0 , REPLY: SRC=fd02:c8be:1d40::1 DST=fd02:c8be:1d40:0:89c6:4fae:69d2:328 PROTO=UDP SPT=53 DPT=56161 PKTS=0 BYTES=0
Nov 14 18:44:21 10.0.0.2 dnsmasq[1]: 29498 fd02:c8be:1d40:0:89c6:4fae:69d2:328/59706 reply image-scdn.cdn-gslb.spotify.com is <CNAME>
Nov 14 18:44:21 10.0.0.2 dnsmasq[1]: 29498 fd02:c8be:1d40:0:89c6:4fae:69d2:328/59706 reply common-eipb-ak.spotifycdn.com.edgesuite.net is <CNAME>
Nov 14 18:44:21 10.0.0.2 dnsmasq[1]: 29498 fd02:c8be:1d40:0:89c6:4fae:69d2:328/59706 reply squadcdn.scdn.co.splitter-eip.akadns.net is <CNAME>
Nov 14 18:44:21 10.0.0.2 dnsmasq[1]: 29498 fd02:c8be:1d40:0:89c6:4fae:69d2:328/59706 reply i.scdn.co-noeip.akamaized.net is <CNAME>
Nov 14 18:44:21 10.0.0.2 dnsmasq[1]: 29498 fd02:c8be:1d40:0:89c6:4fae:69d2:328/59706 reply a1520.dscc.akamai.net is 62.140.236.155
Nov 14 18:44:21 10.0.0.2 dnsmasq[1]: 29498 fd02:c8be:1d40:0:89c6:4fae:69d2:328/59706 reply a1520.dscc.akamai.net is 62.140.236.162
Nov 14 18:44:21 10.0.0.2 dnsmasq[1]: 29499 fd02:c8be:1d40:0:89c6:4fae:69d2:328/63739 query[type=65] i.scdn.co from fd02:c8be:1d40:0:89c6:4fae:69d2:328
Nov 14 18:44:21 10.0.0.2 dnsmasq[1]: 29499 fd02:c8be:1d40:0:89c6:4fae:69d2:328/63739 cached i.scdn.co is <CNAME>
Nov 14 18:44:21 10.0.0.2 dnsmasq[1]: 29499 fd02:c8be:1d40:0:89c6:4fae:69d2:328/63739 cached image-scdn.cdn-gslb.spotify.com is <CNAME>
Nov 14 18:44:21 10.0.0.2 dnsmasq[1]: 29499 fd02:c8be:1d40:0:89c6:4fae:69d2:328/63739 cached common-eipb-ak.spotifycdn.com.edgesuite.net is <CNAME>
Nov 14 18:44:21 10.0.0.2 dnsmasq[1]: 29499 fd02:c8be:1d40:0:89c6:4fae:69d2:328/63739 cached squadcdn.scdn.co.splitter-eip.akadns.net is <CNAME>
Nov 14 18:44:21 10.0.0.2 dnsmasq[1]: 29499 fd02:c8be:1d40:0:89c6:4fae:69d2:328/63739 cached i.scdn.co-noeip.akamaized.net is <CNAME>
Nov 14 18:44:21 10.0.0.2 ulogd[1267]: [NEW] ORIG: SRC=176.36.141.89 DST=194.50.85.7 PROTO=UDP SPT=36072 DPT=53 PKTS=0 BYTES=0 , REPLY: SRC=194.50.85.7 DST=176.36.141.89 PROTO=UDP SPT=53 DPT=36072 PKTS=0 BYTES=0
Nov 14 18:44:21 10.0.0.2 dnsmasq[1]: 29499 fd02:c8be:1d40:0:89c6:4fae:69d2:328/63739 forwarded i.scdn.co to 194.50.85.7
Nov 14 18:44:21 10.0.0.2 dnsmasq[1]: 29499 fd02:c8be:1d40:0:89c6:4fae:69d2:328/63739 reply i.scdn.co is <CNAME>
Nov 14 18:44:21 10.0.0.2 dnsmasq[1]: 29499 fd02:c8be:1d40:0:89c6:4fae:69d2:328/63739 reply image-scdn.cdn-gslb.spotify.com is <CNAME>
Nov 14 18:44:21 10.0.0.2 dnsmasq[1]: 29499 fd02:c8be:1d40:0:89c6:4fae:69d2:328/63739 reply common-eipb-ak.spotifycdn.com.edgesuite.net is <CNAME>
Nov 14 18:44:21 10.0.0.2 dnsmasq[1]: 29499 fd02:c8be:1d40:0:89c6:4fae:69d2:328/63739 reply squadcdn.scdn.co.splitter-eip.akadns.net is <CNAME>
Nov 14 18:44:21 10.0.0.2 dnsmasq[1]: 29499 fd02:c8be:1d40:0:89c6:4fae:69d2:328/63739 reply i.scdn.co-noeip.akamaized.net is <CNAME>
Nov 14 18:44:21 10.0.0.2 dnsmasq[1]: 29499 fd02:c8be:1d40:0:89c6:4fae:69d2:328/63739 reply a1520.dscc.akamai.net is NODATA
Nov 14 18:44:21 10.0.0.2 dnsmasq[1]: 29500 fd02:c8be:1d40:0:89c6:4fae:69d2:328/63182 query[A] gew1-spclient.spotify.com from fd02:c8be:1d40:0:89c6:4fae:69d2:328
Nov 14 18:44:21 10.0.0.2 dnsmasq[1]: 29500 fd02:c8be:1d40:0:89c6:4fae:69d2:328/63182 cached gew1-spclient.spotify.com is <CNAME>
Nov 14 18:44:21 10.0.0.2 ulogd[1267]: [NEW] ORIG: SRC=176.36.141.89 DST=194.50.85.7 PROTO=UDP SPT=43170 DPT=53 PKTS=0 BYTES=0 , REPLY: SRC=194.50.85.7 DST=176.36.141.89 PROTO=UDP SPT=53 DPT=43170 PKTS=0 BYTES=0
Nov 14 18:44:21 10.0.0.2 dnsmasq[1]: 29500 fd02:c8be:1d40:0:89c6:4fae:69d2:328/63182 forwarded gew1-spclient.spotify.com to 194.50.85.7
Nov 14 18:44:21 10.0.0.2 ulogd[1267]: [NEW] ORIG: SRC=192.168.1.180 DST=62.140.236.155 PROTO=TCP SPT=53097 DPT=443 PKTS=0 BYTES=0 , REPLY: SRC=62.140.236.155 DST=176.36.141.89 PROTO=TCP SPT=443 DPT=53097 PKTS=0 BYTES=0
Nov 14 18:44:21 10.0.0.2 dnsmasq[1]: 29500 fd02:c8be:1d40:0:89c6:4fae:69d2:328/63182 reply gew1-spclient.spotify.com is <CNAME>
Nov 14 18:44:21 10.0.0.2 dnsmasq[1]: 29500 fd02:c8be:1d40:0:89c6:4fae:69d2:328/63182 reply edge-web-gew1.dual-gslb.spotify.com is 35.186.224.18
Nov 14 18:44:21 10.0.0.2 dnsmasq[1]: 29501 fd02:c8be:1d40:0:89c6:4fae:69d2:328/56161 query[type=65] gew1-spclient.spotify.com from fd02:c8be:1d40:0:89c6:4fae:69d2:328
Nov 14 18:44:21 10.0.0.2 dnsmasq[1]: 29501 fd02:c8be:1d40:0:89c6:4fae:69d2:328/56161 cached gew1-spclient.spotify.com is <CNAME>
Nov 14 18:44:21 10.0.0.2 ulogd[1267]: [NEW] ORIG: SRC=176.36.141.89 DST=194.50.85.7 PROTO=UDP SPT=44156 DPT=53 PKTS=0 BYTES=0 , REPLY: SRC=194.50.85.7 DST=176.36.141.89 PROTO=UDP SPT=53 DPT=44156 PKTS=0 BYTES=0
Nov 14 18:44:21 10.0.0.2 dnsmasq[1]: 29501 fd02:c8be:1d40:0:89c6:4fae:69d2:328/56161 forwarded gew1-spclient.spotify.com to 194.50.85.7
Nov 14 18:44:21 10.0.0.2 dnsmasq[1]: 29501 fd02:c8be:1d40:0:89c6:4fae:69d2:328/56161 reply gew1-spclient.spotify.com is <CNAME>
Nov 14 18:44:21 10.0.0.2 dnsmasq[1]: 29501 fd02:c8be:1d40:0:89c6:4fae:69d2:328/56161 reply edge-web-gew1.dual-gslb.spotify.com is NODATA
Nov 14 18:44:21 10.0.0.2 ulogd[1267]: [NEW] ORIG: SRC=192.168.1.180 DST=35.186.224.18 PROTO=UDP SPT=50874 DPT=443 PKTS=0 BYTES=0 , REPLY: SRC=35.186.224.18 DST=176.36.141.89 PROTO=UDP SPT=443 DPT=50874 PKTS=0 BYTES=0
Nov 14 18:44:23 10.0.0.2 ulogd[1267]: [NEW] ORIG: SRC=fd02:c8be:1d40:0:89c6:4fae:69d2:328 DST=fd02:c8be:1d40::1 PROTO=UDP SPT=65342 DPT=53 PKTS=0 BYTES=0 , REPLY: SRC=fd02:c8be:1d40::1 DST=fd02:c8be:1d40:0:89c6:4fae:69d2:328 PROTO=UDP SPT=53 DPT=65342 PKTS=0 BYTES=0
Nov 14 18:44:23 10.0.0.2 dnsmasq[1]: 29502 fd02:c8be:1d40:0:89c6:4fae:69d2:328/65342 query[A] www.aljazeera.com from fd02:c8be:1d40:0:89c6:4fae:69d2:328
Nov 14 18:44:23 10.0.0.2 dnsmasq[1]: 29502 fd02:c8be:1d40:0:89c6:4fae:69d2:328/65342 forwarded www.aljazeera.com to 194.50.85.7
Nov 14 18:44:23 10.0.0.2 ulogd[1267]: [NEW] ORIG: SRC=176.36.141.89 DST=194.50.85.7 PROTO=UDP SPT=39959 DPT=53 PKTS=0 BYTES=0 , REPLY: SRC=194.50.85.7 DST=176.36.141.89 PROTO=UDP SPT=53 DPT=39959 PKTS=0 BYTES=0
Nov 14 18:44:23 10.0.0.2 dnsmasq[1]: 29503 192.168.1.180/65342 query[A] www.aljazeera.com from 192.168.1.180
Nov 14 18:44:23 10.0.0.2 ulogd[1267]: [NEW] ORIG: SRC=192.168.1.180 DST=192.168.1.1 PROTO=UDP SPT=65342 DPT=53 PKTS=0 BYTES=0 , REPLY: SRC=192.168.1.1 DST=192.168.1.180 PROTO=UDP SPT=53 DPT=65342 PKTS=0 BYTES=0
Nov 14 18:44:23 10.0.0.2 dnsmasq[1]: 29502 fd02:c8be:1d40:0:89c6:4fae:69d2:328/65342 reply www.aljazeera.com is <CNAME>
Nov 14 18:44:23 10.0.0.2 dnsmasq[1]: 29502 fd02:c8be:1d40:0:89c6:4fae:69d2:328/65342 reply www.aljazeera.com.edgekey.net is <CNAME>
Nov 14 18:44:23 10.0.0.2 dnsmasq[1]: 29502 fd02:c8be:1d40:0:89c6:4fae:69d2:328/65342 reply e9106.dscg.akamaiedge.net is 23.200.160.171
Nov 14 18:44:23 10.0.0.2 dnsmasq[1]: 29503 192.168.1.180/65342 reply query is duplicate
Nov 14 18:44:26 10.0.0.2 ulogd[1267]: [NEW] ORIG: SRC=fd02:c8be:1d40:0:89c6:4fae:69d2:328 DST=fd02:c8be:1d40::1 PROTO=UDP SPT=50453 DPT=53 PKTS=0 BYTES=0 , REPLY: SRC=fd02:c8be:1d40::1 DST=fd02:c8be:1d40:0:89c6:4fae:69d2:328 PROTO=UDP SPT=53 DPT=50453 PKTS=0 BYTES=0
Nov 14 18:44:26 10.0.0.2 dnsmasq[1]: 29504 fd02:c8be:1d40:0:89c6:4fae:69d2:328/50453 query[A] spclient.wg.spotify.com from fd02:c8be:1d40:0:89c6:4fae:69d2:328
Nov 14 18:44:26 10.0.0.2 dnsmasq[1]: 29504 fd02:c8be:1d40:0:89c6:4fae:69d2:328/50453 forwarded spclient.wg.spotify.com to 192.168.1.45
Nov 14 18:44:26 10.0.0.2 ulogd[1267]: [NEW] ORIG: SRC=fd02:c8be:1d40:0:89c6:4fae:69d2:328 DST=fd02:c8be:1d40::1 PROTO=UDP SPT=54104 DPT=53 PKTS=0 BYTES=0 , REPLY: SRC=fd02:c8be:1d40::1 DST=fd02:c8be:1d40:0:89c6:4fae:69d2:328 PROTO=UDP SPT=53 DPT=54104 PKTS=0 BYTES=0
Nov 14 18:44:26 10.0.0.2 ulogd[1267]: [NEW] ORIG: SRC=192.168.1.1 DST=192.168.1.45 PROTO=UDP SPT=48826 DPT=5353 PKTS=0 BYTES=0 , REPLY: SRC=192.168.1.45 DST=192.168.1.1 PROTO=UDP SPT=5353 DPT=48826 PKTS=0 BYTES=0
Nov 14 18:44:26 10.0.0.2 dnsmasq[1]: 29504 fd02:c8be:1d40:0:89c6:4fae:69d2:328/50453 forwarded spclient.wg.spotify.com to 194.50.85.5
Nov 14 18:44:26 10.0.0.2 ulogd[1267]: [NEW] ORIG: SRC=176.36.141.89 DST=194.50.85.5 PROTO=UDP SPT=48826 DPT=53 PKTS=0 BYTES=0 , REPLY: SRC=194.50.85.5 DST=176.36.141.89 PROTO=UDP SPT=53 DPT=48826 PKTS=0 BYTES=0
Nov 14 18:44:26 10.0.0.2 ulogd[1267]: [NEW] ORIG: SRC=176.36.141.89 DST=194.50.85.7 PROTO=UDP SPT=48826 DPT=53 PKTS=0 BYTES=0 , REPLY: SRC=194.50.85.7 DST=176.36.141.89 PROTO=UDP SPT=53 DPT=48826 PKTS=0 BYTES=0
Nov 14 18:44:26 10.0.0.2 dnsmasq[1]: 29504 fd02:c8be:1d40:0:89c6:4fae:69d2:328/50453 forwarded spclient.wg.spotify.com to 194.50.85.7
Nov 14 18:44:26 10.0.0.2 dnsmasq[1]: 29505 fd02:c8be:1d40:0:89c6:4fae:69d2:328/54104 query[type=65] spclient.wg.spotify.com from fd02:c8be:1d40:0:89c6:4fae:69d2:328
Nov 14 18:44:26 10.0.0.2 dnsmasq[1]: 29505 fd02:c8be:1d40:0:89c6:4fae:69d2:328/54104 forwarded spclient.wg.spotify.com to 194.50.85.7
Nov 14 18:44:26 10.0.0.2 ulogd[1267]: [NEW] ORIG: SRC=fd02:c8be:1d40:0:89c6:4fae:69d2:328 DST=fd02:c8be:1d40::1 PROTO=UDP SPT=59058 DPT=53 PKTS=0 BYTES=0 , REPLY: SRC=fd02:c8be:1d40::1 DST=fd02:c8be:1d40:0:89c6:4fae:69d2:328 PROTO=UDP SPT=53 DPT=59058 PKTS=0 BYTES=0
Nov 14 18:44:26 10.0.0.2 dnsmasq[1]: 29504 fd02:c8be:1d40:0:89c6:4fae:69d2:328/50453 reply spclient.wg.spotify.com is <CNAME>
Nov 14 18:44:26 10.0.0.2 ulogd[1267]: [NEW] ORIG: SRC=fd02:c8be:1d40:0:89c6:4fae:69d2:328 DST=fd02:c8be:1d40::1 PROTO=UDP SPT=54362 DPT=53 PKTS=0 BYTES=0 , REPLY: SRC=fd02:c8be:1d40::1 DST=fd02:c8be:1d40:0:89c6:4fae:69d2:328 PROTO=UDP SPT=53 DPT=54362 PKTS=0 BYTES=0
Nov 14 18:44:26 10.0.0.2 dnsmasq[1]: 29504 fd02:c8be:1d40:0:89c6:4fae:69d2:328/50453 reply edge-web.dual-gslb.spotify.com is 35.186.224.25
Nov 14 18:44:26 10.0.0.2 ulogd[1267]: [NEW] ORIG: SRC=176.36.141.89 DST=194.50.85.7 PROTO=UDP SPT=36273 DPT=53 PKTS=0 BYTES=0 , REPLY: SRC=194.50.85.7 DST=176.36.141.89 PROTO=UDP SPT=53 DPT=36273 PKTS=0 BYTES=0
Nov 14 18:44:26 10.0.0.2 dnsmasq[1]: 29505 fd02:c8be:1d40:0:89c6:4fae:69d2:328/54104 reply spclient.wg.spotify.com is <CNAME>
Nov 14 18:44:26 10.0.0.2 dnsmasq[1]: 29505 fd02:c8be:1d40:0:89c6:4fae:69d2:328/54104 reply edge-web.dual-gslb.spotify.com is NODATA
Nov 14 18:44:26 10.0.0.2 dnsmasq[1]: 29506 fd02:c8be:1d40:0:89c6:4fae:69d2:328/59058 query[A] api-partner.spotify.com from fd02:c8be:1d40:0:89c6:4fae:69d2:328
Nov 14 18:44:26 10.0.0.2 ulogd[1267]: [NEW] ORIG: SRC=176.36.141.89 DST=194.50.85.7 PROTO=UDP SPT=48186 DPT=53 PKTS=0 BYTES=0 , REPLY: SRC=194.50.85.7 DST=176.36.141.89 PROTO=UDP SPT=53 DPT=48186 PKTS=0 BYTES=0
Nov 14 18:44:26 10.0.0.2 ulogd[1267]: [NEW] ORIG: SRC=192.168.1.180 DST=35.186.224.25 PROTO=UDP SPT=55976 DPT=443 PKTS=0 BYTES=0 , REPLY: SRC=35.186.224.25 DST=176.36.141.89 PROTO=UDP SPT=443 DPT=55976 PKTS=0 BYTES=0
Nov 14 18:44:26 10.0.0.2 dnsmasq[1]: 29506 fd02:c8be:1d40:0:89c6:4fae:69d2:328/59058 forwarded api-partner.spotify.com to 194.50.85.7
Nov 14 18:44:26 10.0.0.2 dnsmasq[1]: 29506 fd02:c8be:1d40:0:89c6:4fae:69d2:328/59058 reply api-partner.spotify.com is <CNAME>
Nov 14 18:44:26 10.0.0.2 dnsmasq[1]: 29506 fd02:c8be:1d40:0:89c6:4fae:69d2:328/59058 reply partners.wg.spotify.com is <CNAME>
Nov 14 18:44:26 10.0.0.2 dnsmasq[1]: 29506 fd02:c8be:1d40:0:89c6:4fae:69d2:328/59058 reply edge-web.dual-gslb.spotify.com is 35.186.224.25
Nov 14 18:44:26 10.0.0.2 dnsmasq[1]: 29507 fd02:c8be:1d40:0:89c6:4fae:69d2:328/54362 query[type=65] api-partner.spotify.com from fd02:c8be:1d40:0:89c6:4fae:69d2:328
Nov 14 18:44:26 10.0.0.2 dnsmasq[1]: 29507 fd02:c8be:1d40:0:89c6:4fae:69d2:328/54362 cached api-partner.spotify.com is <CNAME>
Nov 14 18:44:26 10.0.0.2 dnsmasq[1]: 29507 fd02:c8be:1d40:0:89c6:4fae:69d2:328/54362 cached partners.wg.spotify.com is <CNAME>
Nov 14 18:44:26 10.0.0.2 ulogd[1267]: [NEW] ORIG: SRC=176.36.141.89 DST=194.50.85.7 PROTO=UDP SPT=38831 DPT=53 PKTS=0 BYTES=0 , REPLY: SRC=194.50.85.7 DST=176.36.141.89 PROTO=UDP SPT=53 DPT=38831 PKTS=0 BYTES=0
Nov 14 18:44:26 10.0.0.2 dnsmasq[1]: 29507 fd02:c8be:1d40:0:89c6:4fae:69d2:328/54362 forwarded api-partner.spotify.com to 194.50.85.7
Nov 14 18:44:26 10.0.0.2 dnsmasq[1]: 29507 fd02:c8be:1d40:0:89c6:4fae:69d2:328/54362 reply api-partner.spotify.com is <CNAME>
Nov 14 18:44:26 10.0.0.2 dnsmasq[1]: 29507 fd02:c8be:1d40:0:89c6:4fae:69d2:328/54362 reply partners.wg.spotify.com is <CNAME>
Nov 14 18:44:26 10.0.0.2 dnsmasq[1]: 29507 fd02:c8be:1d40:0:89c6:4fae:69d2:328/54362 reply edge-web.dual-gslb.spotify.com is NODATA
Nov 14 18:44:26 10.0.0.2 ulogd[1267]: [NEW] ORIG: SRC=192.168.1.180 DST=35.186.224.25 PROTO=UDP SPT=58954 DPT=443 PKTS=0 BYTES=0 , REPLY: SRC=35.186.224.25 DST=176.36.141.89 PROTO=UDP SPT=443 DPT=58954 PKTS=0 BYTES=0
Nov 14 18:44:26 10.0.0.2 ulogd[1267]: [NEW] ORIG: SRC=192.168.1.180 DST=35.186.224.25 PROTO=TCP SPT=53099 DPT=443 PKTS=0 BYTES=0 , REPLY: SRC=35.186.224.25 DST=176.36.141.89 PROTO=TCP SPT=443 DPT=53099 PKTS=0 BYTES=0
Nov 14 18:44:27 10.0.0.2 dnsmasq[1]: 29508 fd02:c8be:1d40:0:89c6:4fae:69d2:328/63020 query[A] navigator-bs.gmx.com from fd02:c8be:1d40:0:89c6:4fae:69d2:328
Nov 14 18:44:27 10.0.0.2 ulogd[1267]: [NEW] ORIG: SRC=fd02:c8be:1d40:0:89c6:4fae:69d2:328 DST=fd02:c8be:1d40::1 PROTO=UDP SPT=63020 DPT=53 PKTS=0 BYTES=0 , REPLY: SRC=fd02:c8be:1d40::1 DST=fd02:c8be:1d40:0:89c6:4fae:69d2:328 PROTO=UDP SPT=53 DPT=63020 PKTS=0 BYTES=0
Nov 14 18:44:27 10.0.0.2 ulogd[1267]: [NEW] ORIG: SRC=176.36.141.89 DST=194.50.85.7 PROTO=UDP SPT=46429 DPT=53 PKTS=0 BYTES=0 , REPLY: SRC=194.50.85.7 DST=176.36.141.89 PROTO=UDP SPT=53 DPT=46429 PKTS=0 BYTES=0
Nov 14 18:44:27 10.0.0.2 dnsmasq[1]: 29508 fd02:c8be:1d40:0:89c6:4fae:69d2:328/63020 forwarded navigator-bs.gmx.com to 194.50.85.7
Nov 14 18:44:27 10.0.0.2 ulogd[1267]: [NEW] ORIG: SRC=192.168.1.180 DST=192.168.1.1 PROTO=UDP SPT=63020 DPT=53 PKTS=0 BYTES=0 , REPLY: SRC=192.168.1.1 DST=192.168.1.180 PROTO=UDP SPT=53 DPT=63020 PKTS=0 BYTES=0
Nov 14 18:44:27 10.0.0.2 dnsmasq[1]: 29509 192.168.1.180/63020 query[A] navigator-bs.gmx.com from 192.168.1.180
Nov 14 18:44:27 10.0.0.2 dnsmasq[1]: 29508 fd02:c8be:1d40:0:89c6:4fae:69d2:328/63020 reply navigator-bs.gmx.com is 217.72.199.27
Nov 14 18:44:27 10.0.0.2 dnsmasq[1]: 29509 192.168.1.180/63020 reply query is duplicate
Nov 14 18:44:27 10.0.0.2 ulogd[1267]: [NEW] ORIG: SRC=192.168.1.180 DST=217.72.199.27 PROTO=TCP SPT=53100 DPT=443 PKTS=0 BYTES=0 , REPLY: SRC=217.72.199.27 DST=176.36.141.89 PROTO=TCP SPT=443 DPT=53100 PKTS=0 BYTES=0
Nov 14 18:44:29 10.0.0.2 dnsmasq[1]: 29510 fd02:c8be:1d40:0:89c6:4fae:69d2:328/64396 query[A] gew1-spclient.spotify.com from fd02:c8be:1d40:0:89c6:4fae:69d2:328
Nov 14 18:44:29 10.0.0.2 ulogd[1267]: [NEW] ORIG: SRC=fd02:c8be:1d40:0:89c6:4fae:69d2:328 DST=fd02:c8be:1d40::1 PROTO=UDP SPT=64396 DPT=53 PKTS=0 BYTES=0 , REPLY: SRC=fd02:c8be:1d40::1 DST=fd02:c8be:1d40:0:89c6:4fae:69d2:328 PROTO=UDP SPT=53 DPT=64396 PKTS=0 BYTES=0
Nov 14 18:44:29 10.0.0.2 dnsmasq[1]: 29510 fd02:c8be:1d40:0:89c6:4fae:69d2:328/64396 cached gew1-spclient.spotify.com is <CNAME>
Nov 14 18:44:29 10.0.0.2 dnsmasq[1]: 29510 fd02:c8be:1d40:0:89c6:4fae:69d2:328/64396 cached edge-web-gew1.dual-gslb.spotify.com is 35.186.224.18
Nov 14 18:44:29 10.0.0.2 ulogd[1267]: [NEW] ORIG: SRC=fd02:c8be:1d40:0:89c6:4fae:69d2:328 DST=fd02:c8be:1d40::1 PROTO=UDP SPT=54195 DPT=53 PKTS=0 BYTES=0 , REPLY: SRC=fd02:c8be:1d40::1 DST=fd02:c8be:1d40:0:89c6:4fae:69d2:328 PROTO=UDP SPT=53 DPT=54195 PKTS=0 BYTES=0
Nov 14 18:44:29 10.0.0.2 dnsmasq[1]: 29511 fd02:c8be:1d40:0:89c6:4fae:69d2:328/54195 query[type=65] gew1-spclient.spotify.com from fd02:c8be:1d40:0:89c6:4fae:69d2:328
Nov 14 18:44:29 10.0.0.2 dnsmasq[1]: 29511 fd02:c8be:1d40:0:89c6:4fae:69d2:328/54195 cached gew1-spclient.spotify.com is <CNAME>
Nov 14 18:44:29 10.0.0.2 ulogd[1267]: [NEW] ORIG: SRC=176.36.141.89 DST=194.50.85.7 PROTO=UDP SPT=47871 DPT=53 PKTS=0 BYTES=0 , REPLY: SRC=194.50.85.7 DST=176.36.141.89 PROTO=UDP SPT=53 DPT=47871 PKTS=0 BYTES=0
Nov 14 18:44:29 10.0.0.2 ulogd[1267]: [NEW] ORIG: SRC=192.168.1.180 DST=35.186.224.18 PROTO=UDP SPT=54450 DPT=443 PKTS=0 BYTES=0 , REPLY: SRC=35.186.224.18 DST=176.36.141.89 PROTO=UDP SPT=443 DPT=54450 PKTS=0 BYTES=0
Nov 14 18:44:29 10.0.0.2 dnsmasq[1]: 29511 fd02:c8be:1d40:0:89c6:4fae:69d2:328/54195 forwarded gew1-spclient.spotify.com to 194.50.85.7
Nov 14 18:44:29 10.0.0.2 dnsmasq[1]: 29511 fd02:c8be:1d40:0:89c6:4fae:69d2:328/54195 reply gew1-spclient.spotify.com is <CNAME>
Nov 14 18:44:29 10.0.0.2 dnsmasq[1]: 29511 fd02:c8be:1d40:0:89c6:4fae:69d2:328/54195 reply edge-web-gew1.dual-gslb.spotify.com is NODATA
Nov 14 18:44:37 10.0.0.2 ulogd[1267]: [NEW] ORIG: SRC=fd02:c8be:1d40:0:89c6:4fae:69d2:328 DST=fd02:c8be:1d40::1 PROTO=UDP SPT=64934 DPT=53 PKTS=0 BYTES=0 , REPLY: SRC=fd02:c8be:1d40::1 DST=fd02:c8be:1d40:0:89c6:4fae:69d2:328 PROTO=UDP SPT=53 DPT=64934 PKTS=0 BYTES=0
Nov 14 18:44:37 10.0.0.2 dnsmasq[1]: 29512 fd02:c8be:1d40:0:89c6:4fae:69d2:328/64934 query[A] api.github.com from fd02:c8be:1d40:0:89c6:4fae:69d2:328
Nov 14 18:44:37 10.0.0.2 ulogd[1267]: [NEW] ORIG: SRC=176.36.141.89 DST=194.50.85.7 PROTO=UDP SPT=48498 DPT=53 PKTS=0 BYTES=0 , REPLY: SRC=194.50.85.7 DST=176.36.141.89 PROTO=UDP SPT=53 DPT=48498 PKTS=0 BYTES=0
Nov 14 18:44:37 10.0.0.2 dnsmasq[1]: 29512 fd02:c8be:1d40:0:89c6:4fae:69d2:328/64934 forwarded api.github.com to 194.50.85.7
Nov 14 18:44:37 10.0.0.2 ulogd[1267]: [NEW] ORIG: SRC=192.168.1.180 DST=192.168.1.1 PROTO=UDP SPT=64934 DPT=53 PKTS=0 BYTES=0 , REPLY: SRC=192.168.1.1 DST=192.168.1.180 PROTO=UDP SPT=53 DPT=64934 PKTS=0 BYTES=0
Nov 14 18:44:37 10.0.0.2 dnsmasq[1]: 29513 192.168.1.180/64934 query[A] api.github.com from 192.168.1.180
Nov 14 18:44:38 10.0.0.2 dnsmasq[1]: 29514 fd02:c8be:1d40:0:89c6:4fae:69d2:328/64934 query[A] api.github.com from fd02:c8be:1d40:0:89c6:4fae:69d2:328
Nov 14 18:44:38 10.0.0.2 dnsmasq[1]: 29514 fd02:c8be:1d40:0:89c6:4fae:69d2:328/64934 forwarded api.github.com to 192.168.1.45
Nov 14 18:44:38 10.0.0.2 dnsmasq[1]: 29514 fd02:c8be:1d40:0:89c6:4fae:69d2:328/64934 forwarded api.github.com to 194.50.85.5
Nov 14 18:44:38 10.0.0.2 ulogd[1267]: [NEW] ORIG: SRC=192.168.1.1 DST=192.168.1.45 PROTO=UDP SPT=48498 DPT=5353 PKTS=0 BYTES=0 , REPLY: SRC=192.168.1.45 DST=192.168.1.1 PROTO=UDP SPT=5353 DPT=48498 PKTS=0 BYTES=0
Nov 14 18:44:38 10.0.0.2 ulogd[1267]: [NEW] ORIG: SRC=176.36.141.89 DST=194.50.85.5 PROTO=UDP SPT=48498 DPT=53 PKTS=0 BYTES=0 , REPLY: SRC=194.50.85.5 DST=176.36.141.89 PROTO=UDP SPT=53 DPT=48498 PKTS=0 BYTES=0
Nov 14 18:44:38 10.0.0.2 dnsmasq[1]: 29514 fd02:c8be:1d40:0:89c6:4fae:69d2:328/64934 forwarded api.github.com to 194.50.85.7
Nov 14 18:44:38 10.0.0.2 dnsmasq[1]: 29514 fd02:c8be:1d40:0:89c6:4fae:69d2:328/64934 reply api.github.com is 140.82.121.6
Nov 14 18:44:38 10.0.0.2 dnsmasq[1]: 29513 192.168.1.180/64934 reply query is duplicate
Nov 14 18:44:38 10.0.0.2 ulogd[1267]: [NEW] ORIG: SRC=192.168.1.180 DST=140.82.121.6 PROTO=TCP SPT=53101 DPT=443 PKTS=0 BYTES=0 , REPLY: SRC=140.82.121.6 DST=176.36.141.89 PROTO=TCP SPT=443 DPT=53101 PKTS=0 BYTES=0
Nov 14 18:44:46 10.0.0.2 dnsmasq[1]: 29515 fd02:c8be:1d40:0:89c6:4fae:69d2:328/59474 query[A] sync-v2.brave.com from fd02:c8be:1d40:0:89c6:4fae:69d2:328
Nov 14 18:44:46 10.0.0.2 ulogd[1267]: [NEW] ORIG: SRC=fd02:c8be:1d40:0:89c6:4fae:69d2:328 DST=fd02:c8be:1d40::1 PROTO=UDP SPT=59474 DPT=53 PKTS=0 BYTES=0 , REPLY: SRC=fd02:c8be:1d40::1 DST=fd02:c8be:1d40:0:89c6:4fae:69d2:328 PROTO=UDP SPT=53 DPT=59474 PKTS=0 BYTES=0
Nov 14 18:44:46 10.0.0.2 dnsmasq[1]: 29515 fd02:c8be:1d40:0:89c6:4fae:69d2:328/59474 cached sync-v2.brave.com is <CNAME>
Nov 14 18:44:46 10.0.0.2 ulogd[1267]: [NEW] ORIG: SRC=176.36.141.89 DST=194.50.85.5 PROTO=UDP SPT=50068 DPT=53 PKTS=0 BYTES=0 , REPLY: SRC=194.50.85.5 DST=176.36.141.89 PROTO=UDP SPT=53 DPT=50068 PKTS=0 BYTES=0
Nov 14 18:44:46 10.0.0.2 dnsmasq[1]: 29515 fd02:c8be:1d40:0:89c6:4fae:69d2:328/59474 forwarded sync-v2.brave.com to 194.50.85.5
Nov 14 18:44:46 10.0.0.2 dnsmasq[1]: 29515 fd02:c8be:1d40:0:89c6:4fae:69d2:328/59474 reply sync-v2.brave.com is <CNAME>
Nov 14 18:44:46 10.0.0.2 dnsmasq[1]: 29515 fd02:c8be:1d40:0:89c6:4fae:69d2:328/59474 reply sync-alb-152764135.us-west-2.elb.amazonaws.com is 44.228.160.54
Nov 14 18:44:46 10.0.0.2 dnsmasq[1]: 29515 fd02:c8be:1d40:0:89c6:4fae:69d2:328/59474 reply sync-alb-152764135.us-west-2.elb.amazonaws.com is 54.190.8.136
Nov 14 18:44:46 10.0.0.2 dnsmasq[1]: 29515 fd02:c8be:1d40:0:89c6:4fae:69d2:328/59474 reply sync-alb-152764135.us-west-2.elb.amazonaws.com is 52.34.169.249
Nov 14 18:44:59 10.0.0.2 ulogd[1267]: [DESTROY] ORIG: SRC=192.168.1.180 DST=35.186.224.18 PROTO=UDP SPT=51419 DPT=443 PKTS=13 BYTES=6283 , REPLY: SRC=35.186.224.18 DST=176.36.141.89 PROTO=UDP SPT=443 DPT=51419 PKTS=13 BYTES=4763
Nov 14 18:45:14 10.0.0.2 ulogd[1267]: [NEW] ORIG: SRC=69.235.184.21 DST=176.36.141.89 PROTO=ICMP TYPE=0 CODE=8 PKTS=0 BYTES=0 , REPLY: SRC=176.36.141.89 DST=69.235.184.21 PROTO=ICMP TYPE=0 CODE=8 PKTS=0 BYTES=0
Nov 14 18:45:16 10.0.0.2 ulogd[1267]: [NEW] ORIG: SRC=140.179.224.124 DST=176.36.141.89 PROTO=ICMP TYPE=0 CODE=8 PKTS=0 BYTES=0 , REPLY: SRC=176.36.141.89 DST=140.179.224.124 PROTO=ICMP TYPE=0 CODE=8 PKTS=0 BYTES=0
Nov 14 18:45:25 10.0.0.2 ulogd[1267]: [DESTROY] ORIG: SRC=176.36.141.89 DST=194.50.85.7 PROTO=UDP SPT=52464 DPT=53 PKTS=1 BYTES=67 , REPLY: SRC=194.50.85.7 DST=176.36.141.89 PROTO=UDP SPT=53 DPT=52464 PKTS=1 BYTES=99
Nov 14 18:45:26 10.0.0.2 dnsmasq[1]: 29516 fd02:c8be:1d40:0:89c6:4fae:69d2:328/59474 query[A] azeus1-client-s.gateway.messenger.live.com from fd02:c8be:1d40:0:89c6:4fae:69d2:328
Nov 14 18:45:26 10.0.0.2 dnsmasq[1]: 29516 fd02:c8be:1d40:0:89c6:4fae:69d2:328/59474 forwarded azeus1-client-s.gateway.messenger.live.com to 192.168.1.45
Nov 14 18:45:26 10.0.0.2 ulogd[1267]: [NEW] ORIG: SRC=192.168.1.1 DST=192.168.1.45 PROTO=UDP SPT=38038 DPT=5353 PKTS=0 BYTES=0 , REPLY: SRC=192.168.1.45 DST=192.168.1.1 PROTO=UDP SPT=5353 DPT=38038 PKTS=0 BYTES=0
Nov 14 18:45:26 10.0.0.2 ulogd[1267]: [NEW] ORIG: SRC=176.36.141.89 DST=194.50.85.5 PROTO=UDP SPT=38038 DPT=53 PKTS=0 BYTES=0 , REPLY: SRC=194.50.85.5 DST=176.36.141.89 PROTO=UDP SPT=53 DPT=38038 PKTS=0 BYTES=0
Nov 14 18:45:26 10.0.0.2 dnsmasq[1]: 29516 fd02:c8be:1d40:0:89c6:4fae:69d2:328/59474 forwarded azeus1-client-s.gateway.messenger.live.com to 194.50.85.5
Nov 14 18:45:26 10.0.0.2 ulogd[1267]: [NEW] ORIG: SRC=176.36.141.89 DST=194.50.85.7 PROTO=UDP SPT=38038 DPT=53 PKTS=0 BYTES=0 , REPLY: SRC=194.50.85.7 DST=176.36.141.89 PROTO=UDP SPT=53 DPT=38038 PKTS=0 BYTES=0
Nov 14 18:45:26 10.0.0.2 dnsmasq[1]: 29516 fd02:c8be:1d40:0:89c6:4fae:69d2:328/59474 forwarded azeus1-client-s.gateway.messenger.live.com to 194.50.85.7
Nov 14 18:45:26 10.0.0.2 dnsmasq[1]: 29516 fd02:c8be:1d40:0:89c6:4fae:69d2:328/59474 reply azeus1-client-s.gateway.messenger.live.com is <CNAME>
Nov 14 18:45:26 10.0.0.2 dnsmasq[1]: 29516 fd02:c8be:1d40:0:89c6:4fae:69d2:328/59474 reply azeus1-client-s.msnmessenger.msn.com.akadns.net is <CNAME>
Nov 14 18:45:26 10.0.0.2 dnsmasq[1]: 29516 fd02:c8be:1d40:0:89c6:4fae:69d2:328/59474 reply ip.azeus1-client-s.msnmessenger.msn.com.akadns.net is 20.185.212.106
Nov 14 18:45:26 10.0.0.2 ulogd[1267]: [NEW] ORIG: SRC=192.168.1.180 DST=217.72.196.44 PROTO=TCP SPT=53102 DPT=443 PKTS=0 BYTES=0 , REPLY: SRC=217.72.196.44 DST=176.36.141.89 PROTO=TCP SPT=443 DPT=53102 PKTS=0 BYTES=0
Nov 14 18:45:27 10.0.0.2 dnsmasq[1]: 29517 fd02:c8be:1d40:0:89c6:4fae:69d2:328/59474 query[A] status.maxmind.com from fd02:c8be:1d40:0:89c6:4fae:69d2:328
Nov 14 18:45:27 10.0.0.2 dnsmasq[1]: 29517 fd02:c8be:1d40:0:89c6:4fae:69d2:328/59474 cached status.maxmind.com is <CNAME>
Nov 14 18:45:27 10.0.0.2 ulogd[1267]: [NEW] ORIG: SRC=fd02:c8be:1d40:0:89c6:4fae:69d2:328 DST=fd02:c8be:1d40::1 PROTO=UDP SPT=64061 DPT=53 PKTS=0 BYTES=0 , REPLY: SRC=fd02:c8be:1d40::1 DST=fd02:c8be:1d40:0:89c6:4fae:69d2:328 PROTO=UDP SPT=53 DPT=64061 PKTS=0 BYTES=0
Nov 14 18:45:27 10.0.0.2 dnsmasq[1]: 29517 fd02:c8be:1d40:0:89c6:4fae:69d2:328/59474 forwarded status.maxmind.com to 194.50.85.5
Nov 14 18:45:27 10.0.0.2 dnsmasq[1]: 29518 fd02:c8be:1d40:0:89c6:4fae:69d2:328/64061 query[A] api-partner.spotify.com from fd02:c8be:1d40:0:89c6:4fae:69d2:328
Nov 14 18:45:27 10.0.0.2 dnsmasq[1]: 29518 fd02:c8be:1d40:0:89c6:4fae:69d2:328/64061 cached api-partner.spotify.com is <CNAME>
Nov 14 18:45:27 10.0.0.2 ulogd[1267]: [NEW] ORIG: SRC=176.36.141.89 DST=194.50.85.5 PROTO=UDP SPT=60590 DPT=53 PKTS=0 BYTES=0 , REPLY: SRC=194.50.85.5 DST=176.36.141.89 PROTO=UDP SPT=53 DPT=60590 PKTS=0 BYTES=0
Nov 14 18:45:27 10.0.0.2 dnsmasq[1]: 29518 fd02:c8be:1d40:0:89c6:4fae:69d2:328/64061 forwarded api-partner.spotify.com to 194.50.85.5
Nov 14 18:45:27 10.0.0.2 ulogd[1267]: [NEW] ORIG: SRC=fd02:c8be:1d40:0:89c6:4fae:69d2:328 DST=fd02:c8be:1d40::1 PROTO=UDP SPT=65454 DPT=53 PKTS=0 BYTES=0 , REPLY: SRC=fd02:c8be:1d40::1 DST=fd02:c8be:1d40:0:89c6:4fae:69d2:328 PROTO=UDP SPT=53 DPT=65454 PKTS=0 BYTES=0
Nov 14 18:45:27 10.0.0.2 ulogd[1267]: [NEW] ORIG: SRC=176.36.141.89 DST=194.50.85.5 PROTO=UDP SPT=46540 DPT=53 PKTS=0 BYTES=0 , REPLY: SRC=194.50.85.5 DST=176.36.141.89 PROTO=UDP SPT=53 DPT=46540 PKTS=0 BYTES=0
Nov 14 18:45:27 10.0.0.2 dnsmasq[1]: 29518 fd02:c8be:1d40:0:89c6:4fae:69d2:328/64061 reply api-partner.spotify.com is <CNAME>
Nov 14 18:45:27 10.0.0.2 dnsmasq[1]: 29518 fd02:c8be:1d40:0:89c6:4fae:69d2:328/64061 reply partners.wg.spotify.com is <CNAME>
Nov 14 18:45:27 10.0.0.2 dnsmasq[1]: 29518 fd02:c8be:1d40:0:89c6:4fae:69d2:328/64061 reply edge-web.dual-gslb.spotify.com is 35.186.224.25
Nov 14 18:45:27 10.0.0.2 dnsmasq[1]: 29519 fd02:c8be:1d40:0:89c6:4fae:69d2:328/65454 query[type=65] api-partner.spotify.com from fd02:c8be:1d40:0:89c6:4fae:69d2:328
Nov 14 18:45:27 10.0.0.2 dnsmasq[1]: 29519 fd02:c8be:1d40:0:89c6:4fae:69d2:328/65454 cached api-partner.spotify.com is <CNAME>
Nov 14 18:45:27 10.0.0.2 dnsmasq[1]: 29519 fd02:c8be:1d40:0:89c6:4fae:69d2:328/65454 cached partners.wg.spotify.com is <CNAME>
Nov 14 18:45:27 10.0.0.2 dnsmasq[1]: 29519 fd02:c8be:1d40:0:89c6:4fae:69d2:328/65454 forwarded api-partner.spotify.com to 194.50.85.5
Nov 14 18:45:27 10.0.0.2 ulogd[1267]: [NEW] ORIG: SRC=176.36.141.89 DST=194.50.85.5 PROTO=UDP SPT=32864 DPT=53 PKTS=0 BYTES=0 , REPLY: SRC=194.50.85.5 DST=176.36.141.89 PROTO=UDP SPT=53 DPT=32864 PKTS=0 BYTES=0
Nov 14 18:45:27 10.0.0.2 dnsmasq[1]: 29519 fd02:c8be:1d40:0:89c6:4fae:69d2:328/65454 reply api-partner.spotify.com is <CNAME>
Nov 14 18:45:27 10.0.0.2 dnsmasq[1]: 29519 fd02:c8be:1d40:0:89c6:4fae:69d2:328/65454 reply partners.wg.spotify.com is <CNAME>
Nov 14 18:45:27 10.0.0.2 dnsmasq[1]: 29519 fd02:c8be:1d40:0:89c6:4fae:69d2:328/65454 reply edge-web.dual-gslb.spotify.com is NODATA
Nov 14 18:45:27 10.0.0.2 ulogd[1267]: [NEW] ORIG: SRC=192.168.1.180 DST=35.186.224.25 PROTO=UDP SPT=64837 DPT=443 PKTS=0 BYTES=0 , REPLY: SRC=35.186.224.25 DST=176.36.141.89 PROTO=UDP SPT=443 DPT=64837 PKTS=0 BYTES=0
Nov 14 18:45:27 10.0.0.2 dnsmasq[1]: 29517 fd02:c8be:1d40:0:89c6:4fae:69d2:328/59474 reply status.maxmind.com is <CNAME>
Nov 14 18:45:27 10.0.0.2 dnsmasq[1]: 29517 fd02:c8be:1d40:0:89c6:4fae:69d2:328/59474 reply domain.status.io is 18.244.102.67
Nov 14 18:45:27 10.0.0.2 dnsmasq[1]: 29517 fd02:c8be:1d40:0:89c6:4fae:69d2:328/59474 reply domain.status.io is 18.244.102.115
Nov 14 18:45:27 10.0.0.2 dnsmasq[1]: 29517 fd02:c8be:1d40:0:89c6:4fae:69d2:328/59474 reply domain.status.io is 18.244.102.112
Nov 14 18:45:27 10.0.0.2 dnsmasq[1]: 29517 fd02:c8be:1d40:0:89c6:4fae:69d2:328/59474 reply domain.status.io is 18.244.102.63
Nov 14 18:45:29 10.0.0.2 dnsmasq[1]: 29520 fd02:c8be:1d40:0:89c6:4fae:69d2:328/59474 query[A] www.aljazeera.com from fd02:c8be:1d40:0:89c6:4fae:69d2:328
Nov 14 18:45:29 10.0.0.2 ulogd[1267]: [NEW] ORIG: SRC=176.36.141.89 DST=194.50.85.5 PROTO=UDP SPT=51284 DPT=53 PKTS=0 BYTES=0 , REPLY: SRC=194.50.85.5 DST=176.36.141.89 PROTO=UDP SPT=53 DPT=51284 PKTS=0 BYTES=0
Nov 14 18:45:29 10.0.0.2 dnsmasq[1]: 29520 fd02:c8be:1d40:0:89c6:4fae:69d2:328/59474 forwarded www.aljazeera.com to 194.50.85.5
Nov 14 18:45:29 10.0.0.2 ulogd[1267]: [NEW] ORIG: SRC=192.168.1.180 DST=192.168.1.1 PROTO=UDP SPT=59474 DPT=53 PKTS=0 BYTES=0 , REPLY: SRC=192.168.1.1 DST=192.168.1.180 PROTO=UDP SPT=53 DPT=59474 PKTS=0 BYTES=0
Nov 14 18:45:29 10.0.0.2 dnsmasq[1]: 29521 192.168.1.180/59474 query[A] www.aljazeera.com from 192.168.1.180
Nov 14 18:45:29 10.0.0.2 dnsmasq[1]: 29520 fd02:c8be:1d40:0:89c6:4fae:69d2:328/59474 reply www.aljazeera.com is <CNAME>
Nov 14 18:45:29 10.0.0.2 dnsmasq[1]: 29520 fd02:c8be:1d40:0:89c6:4fae:69d2:328/59474 reply www.aljazeera.com.edgekey.net is <CNAME>
Nov 14 18:45:29 10.0.0.2 dnsmasq[1]: 29520 fd02:c8be:1d40:0:89c6:4fae:69d2:328/59474 reply e9106.dscg.akamaiedge.net is 23.200.160.171
Nov 14 18:45:29 10.0.0.2 dnsmasq[1]: 29521 192.168.1.180/59474 reply query is duplicate
Nov 14 18:45:32 10.0.0.2 ulogd[1267]: [NEW] ORIG: SRC=fd02:c8be:1d40:0:89c6:4fae:69d2:328 DST=fd02:c8be:1d40::1 PROTO=UDP SPT=60632 DPT=53 PKTS=0 BYTES=0 , REPLY: SRC=fd02:c8be:1d40::1 DST=fd02:c8be:1d40:0:89c6:4fae:69d2:328 PROTO=UDP SPT=53 DPT=60632 PKTS=0 BYTES=0
Nov 14 18:45:32 10.0.0.2 dnsmasq[1]: 29522 fd02:c8be:1d40:0:89c6:4fae:69d2:328/60632 query[A] gew1-spclient.spotify.com from fd02:c8be:1d40:0:89c6:4fae:69d2:328
Nov 14 18:45:32 10.0.0.2 ulogd[1267]: [NEW] ORIG: SRC=fd02:c8be:1d40:0:89c6:4fae:69d2:328 DST=fd02:c8be:1d40::1 PROTO=UDP SPT=52345 DPT=53 PKTS=0 BYTES=0 , REPLY: SRC=fd02:c8be:1d40::1 DST=fd02:c8be:1d40:0:89c6:4fae:69d2:328 PROTO=UDP SPT=53 DPT=52345 PKTS=0 BYTES=0
Nov 14 18:45:32 10.0.0.2 ulogd[1267]: [NEW] ORIG: SRC=176.36.141.89 DST=194.50.85.5 PROTO=UDP SPT=44824 DPT=53 PKTS=0 BYTES=0 , REPLY: SRC=194.50.85.5 DST=176.36.141.89 PROTO=UDP SPT=53 DPT=44824 PKTS=0 BYTES=0
Nov 14 18:45:32 10.0.0.2 dnsmasq[1]: 29522 fd02:c8be:1d40:0:89c6:4fae:69d2:328/60632 forwarded gew1-spclient.spotify.com to 194.50.85.5
Nov 14 18:45:32 10.0.0.2 dnsmasq[1]: 29522 fd02:c8be:1d40:0:89c6:4fae:69d2:328/60632 reply gew1-spclient.spotify.com is <CNAME>
Nov 14 18:45:32 10.0.0.2 dnsmasq[1]: 29522 fd02:c8be:1d40:0:89c6:4fae:69d2:328/60632 reply edge-web-gew1.dual-gslb.spotify.com is 35.186.224.18
Nov 14 18:45:32 10.0.0.2 dnsmasq[1]: 29523 fd02:c8be:1d40:0:89c6:4fae:69d2:328/52345 query[type=65] gew1-spclient.spotify.com from fd02:c8be:1d40:0:89c6:4fae:69d2:328
Nov 14 18:45:32 10.0.0.2 dnsmasq[1]: 29523 fd02:c8be:1d40:0:89c6:4fae:69d2:328/52345 cached gew1-spclient.spotify.com is <CNAME>
Nov 14 18:45:32 10.0.0.2 dnsmasq[1]: 29523 fd02:c8be:1d40:0:89c6:4fae:69d2:328/52345 forwarded gew1-spclient.spotify.com to 194.50.85.5
Nov 14 18:45:32 10.0.0.2 ulogd[1267]: [NEW] ORIG: SRC=176.36.141.89 DST=194.50.85.5 PROTO=UDP SPT=35523 DPT=53 PKTS=0 BYTES=0 , REPLY: SRC=194.50.85.5 DST=176.36.141.89 PROTO=UDP SPT=53 DPT=35523 PKTS=0 BYTES=0
Nov 14 18:45:32 10.0.0.2 dnsmasq[1]: 29523 fd02:c8be:1d40:0:89c6:4fae:69d2:328/52345 reply gew1-spclient.spotify.com is <CNAME>
Nov 14 18:45:32 10.0.0.2 dnsmasq[1]: 29523 fd02:c8be:1d40:0:89c6:4fae:69d2:328/52345 reply edge-web-gew1.dual-gslb.spotify.com is NODATA
Nov 14 18:45:32 10.0.0.2 ulogd[1267]: [NEW] ORIG: SRC=192.168.1.180 DST=35.186.224.18 PROTO=UDP SPT=57999 DPT=443 PKTS=0 BYTES=0 , REPLY: SRC=35.186.224.18 DST=176.36.141.89 PROTO=UDP SPT=443 DPT=57999 PKTS=0 BYTES=0
Nov 14 18:45:39 10.0.0.2 ulogd[1267]: [NEW] ORIG: SRC=fd02:c8be:1d40:0:89c6:4fae:69d2:328 DST=fd02:c8be:1d40::1 PROTO=UDP SPT=64547 DPT=53 PKTS=0 BYTES=0 , REPLY: SRC=fd02:c8be:1d40::1 DST=fd02:c8be:1d40:0:89c6:4fae:69d2:328 PROTO=UDP SPT=53 DPT=64547 PKTS=0 BYTES=0
Nov 14 18:45:39 10.0.0.2 dnsmasq[1]: 29524 fd02:c8be:1d40:0:89c6:4fae:69d2:328/64547 query[A] category.blocksite.co from fd02:c8be:1d40:0:89c6:4fae:69d2:328
Nov 14 18:45:39 10.0.0.2 dnsmasq[1]: 29524 fd02:c8be:1d40:0:89c6:4fae:69d2:328/64547 forwarded category.blocksite.co to 194.50.85.5
Nov 14 18:45:39 10.0.0.2 ulogd[1267]: [NEW] ORIG: SRC=176.36.141.89 DST=194.50.85.5 PROTO=UDP SPT=45818 DPT=53 PKTS=0 BYTES=0 , REPLY: SRC=194.50.85.5 DST=176.36.141.89 PROTO=UDP SPT=53 DPT=45818 PKTS=0 BYTES=0
Nov 14 18:45:39 10.0.0.2 dnsmasq[1]: 29524 fd02:c8be:1d40:0:89c6:4fae:69d2:328/64547 reply category.blocksite.co is 52.54.194.233
Nov 14 18:45:39 10.0.0.2 dnsmasq[1]: 29524 fd02:c8be:1d40:0:89c6:4fae:69d2:328/64547 reply category.blocksite.co is 52.70.217.255
Nov 14 18:45:39 10.0.0.2 ulogd[1267]: [NEW] ORIG: SRC=192.168.1.180 DST=52.54.194.233 PROTO=TCP SPT=53103 DPT=443 PKTS=0 BYTES=0 , REPLY: SRC=52.54.194.233 DST=176.36.141.89 PROTO=TCP SPT=443 DPT=53103 PKTS=0 BYTES=0
Nov 14 18:45:39 10.0.0.2 ulogd[1267]: [NEW] ORIG: SRC=fe80::9afa:9bff:fe6f:bb04 DST=ff02::1:2 PROTO=UDP SPT=546 DPT=547 PKTS=0 BYTES=0 , REPLY: SRC=ff02::1:2 DST=fe80::9afa:9bff:fe6f:bb04 PROTO=UDP SPT=547 DPT=546 PKTS=0 BYTES=0
Nov 14 18:45:39 10.0.0.2 ulogd[1267]: [NEW] ORIG: SRC=fe80::b295:75ff:fe15:6fa4 DST=fe80::9afa:9bff:fe6f:bb04 PROTO=UDP SPT=547 DPT=546 PKTS=0 BYTES=0 , REPLY: SRC=fe80::9afa:9bff:fe6f:bb04 DST=fe80::b295:75ff:fe15:6fa4 PROTO=UDP SPT=546 DPT=547 PKTS=0 BYTES=0
Nov 14 18:45:41 10.0.0.2 ulogd[1267]: [DESTROY] ORIG: SRC=176.36.141.89 DST=194.50.85.7 PROTO=UDP SPT=48826 DPT=53 PKTS=1 BYTES=69 , REPLY: SRC=194.50.85.7 DST=176.36.141.89 PROTO=UDP SPT=53 DPT=48826 PKTS=1 BYTES=118
Nov 14 18:45:46 10.0.0.2 dnsmasq[1]: 29525 fd02:c8be:1d40:0:89c6:4fae:69d2:328/64547 query[A] sync-v2.brave.com from fd02:c8be:1d40:0:89c6:4fae:69d2:328
Nov 14 18:45:46 10.0.0.2 dnsmasq[1]: 29525 fd02:c8be:1d40:0:89c6:4fae:69d2:328/64547 forwarded sync-v2.brave.com to 194.50.85.5
Nov 14 18:45:46 10.0.0.2 ulogd[1267]: [NEW] ORIG: SRC=176.36.141.89 DST=194.50.85.5 PROTO=UDP SPT=55731 DPT=53 PKTS=0 BYTES=0 , REPLY: SRC=194.50.85.5 DST=176.36.141.89 PROTO=UDP SPT=53 DPT=55731 PKTS=0 BYTES=0
Nov 14 18:45:46 10.0.0.2 dnsmasq[1]: 29525 fd02:c8be:1d40:0:89c6:4fae:69d2:328/64547 reply sync-v2.brave.com is <CNAME>
Nov 14 18:45:46 10.0.0.2 dnsmasq[1]: 29525 fd02:c8be:1d40:0:89c6:4fae:69d2:328/64547 reply sync-alb-152764135.us-west-2.elb.amazonaws.com is 44.228.160.54
Nov 14 18:45:46 10.0.0.2 dnsmasq[1]: 29525 fd02:c8be:1d40:0:89c6:4fae:69d2:328/64547 reply sync-alb-152764135.us-west-2.elb.amazonaws.com is 54.190.8.136
Nov 14 18:45:46 10.0.0.2 dnsmasq[1]: 29525 fd02:c8be:1d40:0:89c6:4fae:69d2:328/64547 reply sync-alb-152764135.us-west-2.elb.amazonaws.com is 52.34.169.249
Nov 14 18:45:48 10.0.0.2 ulogd[1267]: [NEW] ORIG: SRC=192.168.1.45 DST=192.168.1.1 PROTO=UDP SPT=37350 DPT=53 PKTS=0 BYTES=0 , REPLY: SRC=192.168.1.1 DST=192.168.1.45 PROTO=UDP SPT=53 DPT=37350 PKTS=0 BYTES=0
Nov 14 18:45:48 10.0.0.2 dnsmasq[1]: 29526 192.168.1.45/37350 query[PTR] 1.0.17.172.in-addr.arpa from 192.168.1.45
Nov 14 18:45:48 10.0.0.2 dnsmasq[1]: 29526 192.168.1.45/37350 config 172.17.0.1 is NXDOMAIN
Nov 14 18:45:48 10.0.0.2 ulogd[1267]: [NEW] ORIG: SRC=192.168.1.45 DST=192.168.1.1 PROTO=UDP SPT=34444 DPT=53 PKTS=0 BYTES=0 , REPLY: SRC=192.168.1.1 DST=192.168.1.45 PROTO=UDP SPT=53 DPT=34444 PKTS=0 BYTES=0
Nov 14 18:45:48 10.0.0.2 dnsmasq[1]: 29527 192.168.1.45/34444 query[PTR] 1.0.18.172.in-addr.arpa from 192.168.1.45
Nov 14 18:45:48 10.0.0.2 dnsmasq[1]: 29527 192.168.1.45/34444 config 172.18.0.1 is NXDOMAIN
Nov 14 18:45:48 10.0.0.2 ulogd[1267]: [NEW] ORIG: SRC=192.168.1.45 DST=192.168.1.1 PROTO=UDP SPT=50477 DPT=53 PKTS=0 BYTES=0 , REPLY: SRC=192.168.1.1 DST=192.168.1.45 PROTO=UDP SPT=53 DPT=50477 PKTS=0 BYTES=0
Nov 14 18:45:48 10.0.0.2 dnsmasq[1]: 29528 192.168.1.45/50477 query[PTR] 3.9.7.0.0.0.0.0.0.0.0.0.0.0.0.0.0.0.0.0.0.4.d.1.e.b.8.c.2.0.d.f.ip6.arpa from 192.168.1.45
Nov 14 18:45:48 10.0.0.2 dnsmasq[1]: 29528 192.168.1.45/50477 /tmp/hosts/odhcpd fd02:c8be:1d40::793 is debian.lan
Nov 14 18:45:48 10.0.0.2 ulogd[1267]: [NEW] ORIG: SRC=192.168.1.45 DST=192.168.1.1 PROTO=UDP SPT=52721 DPT=53 PKTS=0 BYTES=0 , REPLY: SRC=192.168.1.1 DST=192.168.1.45 PROTO=UDP SPT=53 DPT=52721 PKTS=0 BYTES=0
Nov 14 18:45:48 10.0.0.2 dnsmasq[1]: 29529 192.168.1.45/52721 query[PTR] f.f.3.6.6.4.0.5.5.f.0.c.c.3.9.b.0.0.0.0.0.4.d.1.e.b.8.c.2.0.d.f.ip6.arpa from 192.168.1.45
Nov 14 18:45:48 10.0.0.2 dnsmasq[1]: 29529 192.168.1.45/52721 config fd02:c8be:1d40:0:b93c:c0f5:5046:63ff is NXDOMAIN
Nov 14 18:45:48 10.0.0.2 ulogd[1267]: [NEW] ORIG: SRC=192.168.1.45 DST=192.168.1.1 PROTO=UDP SPT=34823 DPT=53 PKTS=0 BYTES=0 , REPLY: SRC=192.168.1.1 DST=192.168.1.45 PROTO=UDP SPT=53 DPT=34823 PKTS=0 BYTES=0
Nov 14 18:45:48 10.0.0.2 dnsmasq[1]: 29530 192.168.1.45/34823 query[PTR] 4.0.b.b.f.6.e.f.f.f.b.9.a.f.a.9.0.0.0.0.0.4.d.1.e.b.8.c.2.0.d.f.ip6.arpa from 192.168.1.45
Nov 14 18:45:48 10.0.0.2 dnsmasq[1]: 29530 192.168.1.45/34823 config fd02:c8be:1d40:0:9afa:9bff:fe6f:bb04 is NXDOMAIN
Nov 14 18:45:48 10.0.0.2 ulogd[1267]: [NEW] ORIG: SRC=192.168.1.45 DST=192.168.1.1 PROTO=UDP SPT=40101 DPT=53 PKTS=0 BYTES=0 , REPLY: SRC=192.168.1.1 DST=192.168.1.45 PROTO=UDP SPT=53 DPT=40101 PKTS=0 BYTES=0
Nov 14 18:45:48 10.0.0.2 dnsmasq[1]: 29531 192.168.1.45/40101 query[PTR] 4.0.b.b.f.6.e.f.f.f.b.9.a.f.a.9.0.0.0.0.0.0.0.0.0.0.0.0.0.8.e.f.ip6.arpa from 192.168.1.45
Nov 14 18:45:48 10.0.0.2 dnsmasq[1]: 29531 192.168.1.45/40101 config fe80::9afa:9bff:fe6f:bb04 is NXDOMAIN
Nov 14 18:45:48 10.0.0.2 dnsmasq[1]: 29532 192.168.1.45/38825 query[PTR] e.5.e.5.d.2.e.f.f.f.9.b.2.4.0.0.0.0.0.0.0.0.0.0.0.0.0.0.0.8.e.f.ip6.arpa from 192.168.1.45
Nov 14 18:45:48 10.0.0.2 ulogd[1267]: [NEW] ORIG: SRC=192.168.1.45 DST=192.168.1.1 PROTO=UDP SPT=38825 DPT=53 PKTS=0 BYTES=0 , REPLY: SRC=192.168.1.1 DST=192.168.1.45 PROTO=UDP SPT=53 DPT=38825 PKTS=0 BYTES=0
Nov 14 18:45:48 10.0.0.2 dnsmasq[1]: 29532 192.168.1.45/38825 config fe80::42:b9ff:fe2d:5e5e is NXDOMAIN
Nov 14 18:45:48 10.0.0.2 dnsmasq[1]: 29533 192.168.1.45/37387 query[PTR] f.9.d.b.6.f.e.f.f.f.b.0.2.4.0.0.0.0.0.0.0.0.0.0.0.0.0.0.0.8.e.f.ip6.arpa from 192.168.1.45
Nov 14 18:45:48 10.0.0.2 ulogd[1267]: [NEW] ORIG: SRC=192.168.1.45 DST=192.168.1.1 PROTO=UDP SPT=37387 DPT=53 PKTS=0 BYTES=0 , REPLY: SRC=192.168.1.1 DST=192.168.1.45 PROTO=UDP SPT=53 DPT=37387 PKTS=0 BYTES=0
Nov 14 18:45:48 10.0.0.2 dnsmasq[1]: 29533 192.168.1.45/37387 config fe80::42:bff:fef6:bd9f is NXDOMAIN
Nov 14 18:45:48 10.0.0.2 dnsmasq[1]: 29534 192.168.1.45/41369 query[PTR] b.f.6.e.7.9.e.f.f.f.d.5.9.7.8.d.0.0.0.0.0.0.0.0.0.0.0.0.0.8.e.f.ip6.arpa from 192.168.1.45
Nov 14 18:45:48 10.0.0.2 ulogd[1267]: [NEW] ORIG: SRC=192.168.1.45 DST=192.168.1.1 PROTO=UDP SPT=41369 DPT=53 PKTS=0 BYTES=0 , REPLY: SRC=192.168.1.1 DST=192.168.1.45 PROTO=UDP SPT=53 DPT=41369 PKTS=0 BYTES=0
Nov 14 18:45:48 10.0.0.2 dnsmasq[1]: 29534 192.168.1.45/41369 config fe80::d879:5dff:fe97:e6fb is NXDOMAIN
Nov 14 18:45:48 10.0.0.2 ulogd[1267]: [NEW] ORIG: SRC=192.168.1.45 DST=192.168.1.1 PROTO=UDP SPT=60637 DPT=53 PKTS=0 BYTES=0 , REPLY: SRC=192.168.1.1 DST=192.168.1.45 PROTO=UDP SPT=53 DPT=60637 PKTS=0 BYTES=0
Nov 14 18:45:48 10.0.0.2 dnsmasq[1]: 29535 192.168.1.45/60637 query[PTR] 1.a.3.a.c.5.e.f.f.f.5.9.7.9.c.3.0.0.0.0.0.0.0.0.0.0.0.0.0.8.e.f.ip6.arpa from 192.168.1.45
Nov 14 18:45:48 10.0.0.2 dnsmasq[1]: 29535 192.168.1.45/60637 config fe80::3c97:95ff:fe5c:a3a1 is NXDOMAIN
Nov 14 18:45:48 10.0.0.2 dnsmasq[1]: 29536 192.168.1.45/42589 query[PTR] 1.2.6.c.7.c.e.f.f.f.2.8.f.5.8.e.0.0.0.0.0.0.0.0.0.0.0.0.0.8.e.f.ip6.arpa from 192.168.1.45
Nov 14 18:45:48 10.0.0.2 ulogd[1267]: [NEW] ORIG: SRC=192.168.1.45 DST=192.168.1.1 PROTO=UDP SPT=42589 DPT=53 PKTS=0 BYTES=0 , REPLY: SRC=192.168.1.1 DST=192.168.1.45 PROTO=UDP SPT=53 DPT=42589 PKTS=0 BYTES=0
Nov 14 18:45:48 10.0.0.2 dnsmasq[1]: 29536 192.168.1.45/42589 config fe80::e85f:82ff:fec7:c621 is NXDOMAIN
Nov 14 18:45:48 10.0.0.2 ulogd[1267]: [NEW] ORIG: SRC=192.168.1.45 DST=192.168.1.1 PROTO=UDP SPT=60006 DPT=53 PKTS=0 BYTES=0 , REPLY: SRC=192.168.1.1 DST=192.168.1.45 PROTO=UDP SPT=53 DPT=60006 PKTS=0 BYTES=0
Nov 14 18:45:48 10.0.0.2 dnsmasq[1]: 29537 192.168.1.45/60006 query[PTR] 0.a.d.0.f.5.e.f.f.f.3.0.b.f.4.6.0.0.0.0.0.0.0.0.0.0.0.0.0.8.e.f.ip6.arpa from 192.168.1.45
