Nov 14 18:37:57 10.0.0.2 ulogd[1267]: [DESTROY] ORIG: SRC=192.168.1.180 DST=35.186.224.18 PROTO=UDP SPT=49994 DPT=443 PKTS=8 BYTES=4294 , REPLY: SRC=35.186.224.18 DST=176.36.141.89 PROTO=UDP SPT=443 DPT=49994 PKTS=7 BYTES=2460
Nov 14 18:37:59 10.0.0.2 ulogd[1267]: [DESTROY] ORIG: SRC=fd02:c8be:1d40:0:89c6:4fae:69d2:328 DST=fd02:c8be:1d40::1 PROTO=UDP SPT=55597 DPT=53 PKTS=1 BYTES=89 , REPLY: SRC=fd02:c8be:1d40::1 DST=fd02:c8be:1d40:0:89c6:4fae:69d2:328 PROTO=UDP SPT=53 DPT=55597 PKTS=1 BYTES=164
Nov 14 18:37:59 10.0.0.2 ulogd[1267]: [DESTROY] ORIG: SRC=fe80::b295:75ff:fe15:6fa5 DST=ff02::1:2 PROTO=UDP SPT=546 DPT=547 PKTS=1 BYTES=150 , REPLY: SRC=ff02::1:2 DST=fe80::b295:75ff:fe15:6fa5 PROTO=UDP SPT=547 DPT=546 PKTS=0 BYTES=0
Nov 14 18:37:59 10.0.0.2 ulogd[1267]: [NEW] ORIG: SRC=fe80::b295:75ff:fe15:6fa5 DST=ff02::1:2 PROTO=UDP SPT=546 DPT=547 PKTS=0 BYTES=0 , REPLY: SRC=ff02::1:2 DST=fe80::b295:75ff:fe15:6fa5 PROTO=UDP SPT=547 DPT=546 PKTS=0 BYTES=0
Nov 14 18:37:59 10.0.0.2 ulogd[1267]: [DESTROY] ORIG: SRC=192.168.1.1 DST=192.168.1.45 PROTO=UDP SPT=54750 DPT=5353 PKTS=1 BYTES=69 , REPLY: SRC=192.168.1.45 DST=192.168.1.1 PROTO=UDP SPT=5353 DPT=54750 PKTS=0 BYTES=0
Nov 14 18:38:01 10.0.0.2 ulogd[1267]: [DESTROY] ORIG: SRC=176.36.141.89 DST=194.50.85.5 PROTO=UDP SPT=40259 DPT=53 PKTS=1 BYTES=66 , REPLY: SRC=194.50.85.5 DST=176.36.141.89 PROTO=UDP SPT=53 DPT=40259 PKTS=1 BYTES=82
Nov 14 18:38:05 10.0.0.2 ulogd[1267]: [DESTROY] ORIG: SRC=192.168.1.1 DST=192.168.1.45 PROTO=UDP SPT=53450 DPT=5353 PKTS=1 BYTES=88 , REPLY: SRC=192.168.1.45 DST=192.168.1.1 PROTO=UDP SPT=5353 DPT=53450 PKTS=0 BYTES=0
Nov 14 18:38:05 10.0.0.2 ulogd[1267]: [DESTROY] ORIG: SRC=161.189.161.215 DST=176.36.141.89 PROTO=ICMP TYPE=0 CODE=8 PKTS=1 BYTES=36 , REPLY: SRC=176.36.141.89 DST=161.189.161.215 PROTO=ICMP TYPE=0 CODE=8 PKTS=1 BYTES=36
Nov 14 18:38:05 10.0.0.2 ulogd[1267]: [DESTROY] ORIG: SRC=fd02:c8be:1d40:0:89c6:4fae:69d2:328 DST=fd02:c8be:1d40::1 PROTO=UDP SPT=65382 DPT=53 PKTS=1 BYTES=89 , REPLY: SRC=fd02:c8be:1d40::1 DST=fd02:c8be:1d40:0:89c6:4fae:69d2:328 PROTO=UDP SPT=53 DPT=65382 PKTS=1 BYTES=164
Nov 14 18:38:05 10.0.0.2 ulogd[1267]: [DESTROY] ORIG: SRC=176.36.141.89 DST=194.50.85.5 PROTO=UDP SPT=54750 DPT=53 PKTS=1 BYTES=69 , REPLY: SRC=194.50.85.5 DST=176.36.141.89 PROTO=UDP SPT=53 DPT=54750 PKTS=1 BYTES=118
Nov 14 18:38:05 10.0.0.2 ulogd[1267]: [DESTROY] ORIG: SRC=192.168.1.180 DST=35.186.224.25 PROTO=UDP SPT=64122 DPT=443 PKTS=3 BYTES=1531 , REPLY: SRC=35.186.224.25 DST=176.36.141.89 PROTO=UDP SPT=443 DPT=64122 PKTS=5 BYTES=3303
Nov 14 18:38:05 10.0.0.2 ulogd[1267]: [DESTROY] ORIG: SRC=192.168.1.180 DST=140.82.114.25 PROTO=TCP SPT=53022 DPT=443 PKTS=11 BYTES=2234 , REPLY: SRC=140.82.114.25 DST=176.36.141.89 PROTO=TCP SPT=443 DPT=53022 PKTS=9 BYTES=3959
Nov 14 18:38:05 10.0.0.2 ulogd[1267]: [DESTROY] ORIG: SRC=176.36.141.89 DST=194.50.85.7 PROTO=UDP SPT=57777 DPT=53 PKTS=1 BYTES=63 , REPLY: SRC=194.50.85.7 DST=176.36.141.89 PROTO=UDP SPT=53 DPT=57777 PKTS=1 BYTES=158
Nov 14 18:38:05 10.0.0.2 ulogd[1267]: [DESTROY] ORIG: SRC=176.36.141.89 DST=194.50.85.7 PROTO=UDP SPT=53450 DPT=53 PKTS=1 BYTES=88 , REPLY: SRC=194.50.85.7 DST=176.36.141.89 PROTO=UDP SPT=53 DPT=53450 PKTS=1 BYTES=182
Nov 14 18:38:05 10.0.0.2 ulogd[1267]: [DESTROY] ORIG: SRC=fd02:c8be:1d40:0:89c6:4fae:69d2:328 DST=fd02:c8be:1d40::1 PROTO=UDP SPT=49424 DPT=53 PKTS=2 BYTES=166 , REPLY: SRC=fd02:c8be:1d40::1 DST=fd02:c8be:1d40:0:89c6:4fae:69d2:328 PROTO=UDP SPT=53 DPT=49424 PKTS=2 BYTES=366
Nov 14 18:38:05 10.0.0.2 ulogd[1267]: [DESTROY] ORIG: SRC=192.168.1.151 DST=192.168.1.1 PROTO=UDP SPT=62426 DPT=53 PKTS=1 BYTES=70 , REPLY: SRC=192.168.1.1 DST=192.168.1.151 PROTO=UDP SPT=53 DPT=62426 PKTS=1 BYTES=143
Nov 14 18:38:05 10.0.0.2 ulogd[1267]: [DESTROY] ORIG: SRC=176.36.141.89 DST=194.50.85.5 PROTO=UDP SPT=60684 DPT=53 PKTS=1 BYTES=64 , REPLY: SRC=194.50.85.5 DST=176.36.141.89 PROTO=UDP SPT=53 DPT=60684 PKTS=1 BYTES=172
Nov 14 18:38:05 10.0.0.2 ulogd[1267]: [DESTROY] ORIG: SRC=fd02:c8be:1d40:0:89c6:4fae:69d2:328 DST=fd02:c8be:1d40::1 PROTO=UDP SPT=50935 DPT=53 PKTS=1 BYTES=84 , REPLY: SRC=fd02:c8be:1d40::1 DST=fd02:c8be:1d40:0:89c6:4fae:69d2:328 PROTO=UDP SPT=53 DPT=50935 PKTS=1 BYTES=202
Nov 14 18:38:05 10.0.0.2 ulogd[1267]: [DESTROY] ORIG: SRC=192.168.1.180 DST=54.244.25.0 PROTO=TCP SPT=53028 DPT=443 PKTS=13 BYTES=2533 , REPLY: SRC=54.244.25.0 DST=176.36.141.89 PROTO=TCP SPT=443 DPT=53028 PKTS=14 BYTES=1220
Nov 14 18:38:05 10.0.0.2 ulogd[1267]: [DESTROY] ORIG: SRC=176.36.141.89 DST=194.50.85.5 PROTO=UDP SPT=39381 DPT=53 PKTS=1 BYTES=60 , REPLY: SRC=194.50.85.5 DST=176.36.141.89 PROTO=UDP SPT=53 DPT=39381 PKTS=1 BYTES=114
Nov 14 18:38:05 10.0.0.2 ulogd[1267]: [DESTROY] ORIG: SRC=176.36.141.89 DST=194.50.85.5 PROTO=UDP SPT=53450 DPT=53 PKTS=1 BYTES=88 , REPLY: SRC=194.50.85.5 DST=176.36.141.89 PROTO=UDP SPT=53 DPT=53450 PKTS=1 BYTES=182
Nov 14 18:38:05 10.0.0.2 ulogd[1267]: [DESTROY] ORIG: SRC=fd02:c8be:1d40:0:89c6:4fae:69d2:328 DST=fd02:c8be:1d40::1 PROTO=UDP SPT=62820 DPT=53 PKTS=7 BYTES=578 , REPLY: SRC=fd02:c8be:1d40::1 DST=fd02:c8be:1d40:0:89c6:4fae:69d2:328 PROTO=UDP SPT=53 DPT=62820 PKTS=7 BYTES=1213
Nov 14 18:38:05 10.0.0.2 ulogd[1267]: [DESTROY] ORIG: SRC=192.168.1.180 DST=35.186.224.25 PROTO=UDP SPT=53130 DPT=443 PKTS=4 BYTES=1596 , REPLY: SRC=35.186.224.25 DST=176.36.141.89 PROTO=UDP SPT=443 DPT=53130 PKTS=6 BYTES=3811
Nov 14 18:38:05 10.0.0.2 ulogd[1267]: [DESTROY] ORIG: SRC=176.36.141.89 DST=194.50.85.5 PROTO=UDP SPT=44509 DPT=53 PKTS=3 BYTES=189 , REPLY: SRC=194.50.85.5 DST=176.36.141.89 PROTO=UDP SPT=53 DPT=44509 PKTS=1 BYTES=168
Nov 14 18:38:05 10.0.0.2 ulogd[1267]: [DESTROY] ORIG: SRC=192.168.1.45 DST=192.168.1.1 PROTO=UDP SPT=37002 DPT=53 PKTS=1 BYTES=68 , REPLY: SRC=192.168.1.1 DST=192.168.1.45 PROTO=UDP SPT=53 DPT=37002 PKTS=1 BYTES=84
Nov 14 18:38:05 10.0.0.2 ulogd[1267]: [DESTROY] ORIG: SRC=176.36.141.89 DST=194.50.85.5 PROTO=UDP SPT=58247 DPT=53 PKTS=1 BYTES=70 , REPLY: SRC=194.50.85.5 DST=176.36.141.89 PROTO=UDP SPT=53 DPT=58247 PKTS=1 BYTES=118
Nov 14 18:38:05 10.0.0.2 ulogd[1267]: [DESTROY] ORIG: SRC=176.36.141.89 DST=194.50.85.5 PROTO=UDP SPT=49972 DPT=53 PKTS=1 BYTES=71 , REPLY: SRC=194.50.85.5 DST=176.36.141.89 PROTO=UDP SPT=53 DPT=49972 PKTS=0 BYTES=0
Nov 14 18:38:05 10.0.0.2 ulogd[1267]: [DESTROY] ORIG: SRC=fd02:c8be:1d40:0:89c6:4fae:69d2:328 DST=fd02:c8be:1d40::1 PROTO=UDP SPT=64591 DPT=53 PKTS=1 BYTES=84 , REPLY: SRC=fd02:c8be:1d40::1 DST=fd02:c8be:1d40:0:89c6:4fae:69d2:328 PROTO=UDP SPT=53 DPT=64591 PKTS=1 BYTES=178
Nov 14 18:38:05 10.0.0.2 ulogd[1267]: [DESTROY] ORIG: SRC=176.36.141.89 DST=194.50.85.5 PROTO=UDP SPT=55904 DPT=53 PKTS=1 BYTES=64 , REPLY: SRC=194.50.85.5 DST=176.36.141.89 PROTO=UDP SPT=53 DPT=55904 PKTS=1 BYTES=230
Nov 14 18:38:05 10.0.0.2 ulogd[1267]: [DESTROY] ORIG: SRC=176.36.141.89 DST=194.50.85.5 PROTO=UDP SPT=43914 DPT=53 PKTS=1 BYTES=69 , REPLY: SRC=194.50.85.5 DST=176.36.141.89 PROTO=UDP SPT=53 DPT=43914 PKTS=1 BYTES=167
Nov 14 18:38:05 10.0.0.2 ulogd[1267]: [DESTROY] ORIG: SRC=176.36.141.89 DST=194.50.85.7 PROTO=UDP SPT=44509 DPT=53 PKTS=2 BYTES=126 , REPLY: SRC=194.50.85.7 DST=176.36.141.89 PROTO=UDP SPT=53 DPT=44509 PKTS=1 BYTES=168
Nov 14 18:38:05 10.0.0.2 ulogd[1267]: [DESTROY] ORIG: SRC=192.168.1.1 DST=192.168.1.45 PROTO=UDP SPT=60684 DPT=5353 PKTS=1 BYTES=64 , REPLY: SRC=192.168.1.45 DST=192.168.1.1 PROTO=UDP SPT=5353 DPT=60684 PKTS=0 BYTES=0
Nov 14 18:38:05 10.0.0.2 ulogd[1267]: [DESTROY] ORIG: SRC=192.168.1.151 DST=192.168.1.1 PROTO=UDP SPT=53869 DPT=53 PKTS=1 BYTES=64 , REPLY: SRC=192.168.1.1 DST=192.168.1.151 PROTO=UDP SPT=53 DPT=53869 PKTS=1 BYTES=230
Nov 14 18:38:05 10.0.0.2 ulogd[1267]: [DESTROY] ORIG: SRC=192.168.1.45 DST=192.168.1.1 PROTO=UDP SPT=44753 DPT=53 PKTS=1 BYTES=60 , REPLY: SRC=192.168.1.1 DST=192.168.1.45 PROTO=UDP SPT=53 DPT=44753 PKTS=1 BYTES=114
Nov 14 18:38:05 10.0.0.2 ulogd[1267]: [DESTROY] ORIG: SRC=52.83.12.118 DST=176.36.141.89 PROTO=ICMP TYPE=0 CODE=8 PKTS=1 BYTES=36 , REPLY: SRC=176.36.141.89 DST=52.83.12.118 PROTO=ICMP TYPE=0 CODE=8 PKTS=1 BYTES=36
Nov 14 18:38:05 10.0.0.2 ulogd[1267]: [DESTROY] ORIG: SRC=192.168.1.180 DST=35.186.224.25 PROTO=UDP SPT=62430 DPT=443 PKTS=8 BYTES=3224 , REPLY: SRC=35.186.224.25 DST=176.36.141.89 PROTO=UDP SPT=443 DPT=62430 PKTS=10 BYTES=4178
Nov 14 18:38:05 10.0.0.2 ulogd[1267]: [DESTROY] ORIG: SRC=fd02:c8be:1d40:0:89c6:4fae:69d2:328 DST=fd02:c8be:1d40::1 PROTO=UDP SPT=59290 DPT=53 PKTS=1 BYTES=84 , REPLY: SRC=fd02:c8be:1d40::1 DST=fd02:c8be:1d40:0:89c6:4fae:69d2:328 PROTO=UDP SPT=53 DPT=59290 PKTS=1 BYTES=187
Nov 14 18:38:05 10.0.0.2 ulogd[1267]: [DESTROY] ORIG: SRC=192.168.1.180 DST=62.140.236.155 PROTO=TCP SPT=53009 DPT=443 PKTS=15 BYTES=1689 , REPLY: SRC=62.140.236.155 DST=176.36.141.89 PROTO=TCP SPT=443 DPT=53009 PKTS=20 BYTES=11523
Nov 14 18:38:05 10.0.0.2 ulogd[1267]: [DESTROY] ORIG: SRC=192.168.1.180 DST=140.82.121.3 PROTO=TCP SPT=53023 DPT=443 PKTS=18 BYTES=3396 , REPLY: SRC=140.82.121.3 DST=176.36.141.89 PROTO=TCP SPT=443 DPT=53023 PKTS=15 BYTES=12110
Nov 14 18:38:05 10.0.0.2 ulogd[1267]: [DESTROY] ORIG: SRC=192.168.1.180 DST=217.72.196.44 PROTO=TCP SPT=53021 DPT=443 PKTS=10 BYTES=3055 , REPLY: SRC=217.72.196.44 DST=176.36.141.89 PROTO=TCP SPT=443 DPT=53021 PKTS=9 BYTES=4527
Nov 14 18:38:05 10.0.0.2 ulogd[1267]: [DESTROY] ORIG: SRC=192.168.1.1 DST=192.168.1.45 PROTO=UDP SPT=55336 DPT=5353 PKTS=1 BYTES=59 , REPLY: SRC=192.168.1.45 DST=192.168.1.1 PROTO=UDP SPT=5353 DPT=55336 PKTS=0 BYTES=0
Nov 14 18:38:05 10.0.0.2 ulogd[1267]: [DESTROY] ORIG: SRC=176.36.141.89 DST=194.50.85.5 PROTO=UDP SPT=55336 DPT=53 PKTS=1 BYTES=59 , REPLY: SRC=194.50.85.5 DST=176.36.141.89 PROTO=UDP SPT=53 DPT=55336 PKTS=1 BYTES=75
Nov 14 18:38:05 10.0.0.2 ulogd[1267]: [DESTROY] ORIG: SRC=176.36.141.89 DST=194.50.85.5 PROTO=UDP SPT=39405 DPT=53 PKTS=1 BYTES=69 , REPLY: SRC=194.50.85.5 DST=176.36.141.89 PROTO=UDP SPT=53 DPT=39405 PKTS=1 BYTES=193
Nov 14 18:38:05 10.0.0.2 ulogd[1267]: [DESTROY] ORIG: SRC=52.82.8.37 DST=176.36.141.89 PROTO=ICMP TYPE=0 CODE=8 PKTS=1 BYTES=36 , REPLY: SRC=176.36.141.89 DST=52.82.8.37 PROTO=ICMP TYPE=0 CODE=8 PKTS=1 BYTES=36
Nov 14 18:38:05 10.0.0.2 ulogd[1267]: [DESTROY] ORIG: SRC=176.36.141.89 DST=194.50.85.7 PROTO=UDP SPT=55336 DPT=53 PKTS=1 BYTES=59 , REPLY: SRC=194.50.85.7 DST=176.36.141.89 PROTO=UDP SPT=53 DPT=55336 PKTS=1 BYTES=75
Nov 14 18:38:05 10.0.0.2 ulogd[1267]: [DESTROY] ORIG: SRC=192.168.1.180 DST=192.168.1.1 PROTO=UDP SPT=64591 DPT=53 PKTS=1 BYTES=64 , REPLY: SRC=192.168.1.1 DST=192.168.1.180 PROTO=UDP SPT=53 DPT=64591 PKTS=1 BYTES=158
Nov 14 18:38:05 10.0.0.2 ulogd[1267]: [DESTROY] ORIG: SRC=176.36.141.89 DST=194.50.85.5 PROTO=UDP SPT=59767 DPT=53 PKTS=1 BYTES=70 , REPLY: SRC=194.50.85.5 DST=176.36.141.89 PROTO=UDP SPT=53 DPT=59767 PKTS=1 BYTES=143
Nov 14 18:38:05 10.0.0.2 ulogd[1267]: [DESTROY] ORIG: SRC=192.168.1.180 DST=192.168.1.1 PROTO=UDP SPT=52978 DPT=53 PKTS=2 BYTES=126 , REPLY: SRC=192.168.1.1 DST=192.168.1.180 PROTO=UDP SPT=53 DPT=52978 PKTS=1 BYTES=158
Nov 14 18:38:05 10.0.0.2 ulogd[1267]: [DESTROY] ORIG: SRC=192.168.1.180 DST=35.186.224.18 PROTO=UDP SPT=55331 DPT=443 PKTS=8 BYTES=4294 , REPLY: SRC=35.186.224.18 DST=176.36.141.89 PROTO=UDP SPT=443 DPT=55331 PKTS=7 BYTES=2427
Nov 14 18:38:05 10.0.0.2 ulogd[1267]: [DESTROY] ORIG: SRC=192.168.1.45 DST=192.168.1.1 PROTO=UDP SPT=38522 DPT=53 PKTS=1 BYTES=68 , REPLY: SRC=192.168.1.1 DST=192.168.1.45 PROTO=UDP SPT=53 DPT=38522 PKTS=1 BYTES=96
Nov 14 18:38:05 10.0.0.2 ulogd[1267]: [DESTROY] ORIG: SRC=fd02:c8be:1d40:0:89c6:4fae:69d2:328 DST=fd02:c8be:1d40::1 PROTO=UDP SPT=52978 DPT=53 PKTS=3 BYTES=249 , REPLY: SRC=fd02:c8be:1d40::1 DST=fd02:c8be:1d40:0:89c6:4fae:69d2:328 PROTO=UDP SPT=53 DPT=52978 PKTS=1 BYTES=178
Nov 14 18:38:05 10.0.0.2 ulogd[1267]: [DESTROY] ORIG: SRC=fd02:c8be:1d40:0:89c6:4fae:69d2:328 DST=fd02:c8be:1d40::1 PROTO=UDP SPT=50547 DPT=53 PKTS=1 BYTES=89 , REPLY: SRC=fd02:c8be:1d40::1 DST=fd02:c8be:1d40:0:89c6:4fae:69d2:328 PROTO=UDP SPT=53 DPT=50547 PKTS=1 BYTES=187
Nov 14 18:38:05 10.0.0.2 ulogd[1267]: [DESTROY] ORIG: SRC=176.36.141.89 DST=194.50.85.7 PROTO=UDP SPT=52772 DPT=53 PKTS=1 BYTES=71 , REPLY: SRC=194.50.85.7 DST=176.36.141.89 PROTO=UDP SPT=53 DPT=52772 PKTS=1 BYTES=125
Nov 14 18:38:05 10.0.0.2 ulogd[1267]: [DESTROY] ORIG: SRC=fd02:c8be:1d40:0:89c6:4fae:69d2:328 DST=fd02:c8be:1d40::1 PROTO=UDP SPT=49818 DPT=53 PKTS=1 BYTES=89 , REPLY: SRC=fd02:c8be:1d40::1 DST=fd02:c8be:1d40:0:89c6:4fae:69d2:328 PROTO=UDP SPT=53 DPT=49818 PKTS=1 BYTES=138
Nov 14 18:38:05 10.0.0.2 ulogd[1267]: [DESTROY] ORIG: SRC=176.36.141.89 DST=194.50.85.5 PROTO=UDP SPT=53655 DPT=53 PKTS=1 BYTES=69 , REPLY: SRC=194.50.85.5 DST=176.36.141.89 PROTO=UDP SPT=53 DPT=53655 PKTS=1 BYTES=193
Nov 14 18:38:05 10.0.0.2 ulogd[1267]: [DESTROY] ORIG: SRC=176.36.141.89 DST=194.50.85.5 PROTO=UDP SPT=43548 DPT=53 PKTS=1 BYTES=69 , REPLY: SRC=194.50.85.5 DST=176.36.141.89 PROTO=UDP SPT=53 DPT=43548 PKTS=1 BYTES=144
Nov 14 18:38:05 10.0.0.2 ulogd[1267]: [DESTROY] ORIG: SRC=fd02:c8be:1d40:0:89c6:4fae:69d2:328 DST=fd02:c8be:1d40::1 PROTO=UDP SPT=55831 DPT=53 PKTS=1 BYTES=91 , REPLY: SRC=fd02:c8be:1d40::1 DST=fd02:c8be:1d40:0:89c6:4fae:69d2:328 PROTO=UDP SPT=53 DPT=55831 PKTS=1 BYTES=145
Nov 14 18:38:05 10.0.0.2 ulogd[1267]: [DESTROY] ORIG: SRC=176.36.141.89 DST=194.50.85.7 PROTO=UDP SPT=38836 DPT=53 PKTS=1 BYTES=68 , REPLY: SRC=194.50.85.7 DST=176.36.141.89 PROTO=UDP SPT=53 DPT=38836 PKTS=1 BYTES=96
Nov 14 18:38:05 10.0.0.2 ulogd[1267]: [DESTROY] ORIG: SRC=176.36.141.89 DST=194.50.85.5 PROTO=UDP SPT=42596 DPT=53 PKTS=1 BYTES=63 , REPLY: SRC=194.50.85.5 DST=176.36.141.89 PROTO=UDP SPT=53 DPT=42596 PKTS=1 BYTES=168
Nov 14 18:38:05 10.0.0.2 ulogd[1267]: [DESTROY] ORIG: SRC=192.168.1.180 DST=52.11.42.187 PROTO=TCP SPT=53036 DPT=443 PKTS=14 BYTES=4644 , REPLY: SRC=52.11.42.187 DST=176.36.141.89 PROTO=TCP SPT=443 DPT=53036 PKTS=10 BYTES=6075
Nov 14 18:38:05 10.0.0.2 ulogd[1267]: [DESTROY] ORIG: SRC=192.168.1.1 DST=192.168.1.45 PROTO=UDP SPT=44509 DPT=5353 PKTS=2 BYTES=126 , REPLY: SRC=192.168.1.45 DST=192.168.1.1 PROTO=UDP SPT=5353 DPT=44509 PKTS=0 BYTES=0
Nov 14 18:38:05 10.0.0.2 ulogd[1267]: [DESTROY] ORIG: SRC=176.36.141.89 DST=194.50.85.5 PROTO=UDP SPT=36528 DPT=53 PKTS=1 BYTES=64 , REPLY: SRC=194.50.85.5 DST=176.36.141.89 PROTO=UDP SPT=53 DPT=36528 PKTS=1 BYTES=167
Nov 14 18:38:05 10.0.0.2 ulogd[1267]: [DESTROY] ORIG: SRC=192.168.1.45 DST=192.168.1.1 PROTO=UDP SPT=38334 DPT=53 PKTS=1 BYTES=60 , REPLY: SRC=192.168.1.1 DST=192.168.1.45 PROTO=UDP SPT=53 DPT=38334 PKTS=1 BYTES=114
Nov 14 18:38:05 10.0.0.2 ulogd[1267]: [DESTROY] ORIG: SRC=192.168.1.180 DST=217.72.199.27 PROTO=TCP SPT=52990 DPT=443 PKTS=33 BYTES=3612 , REPLY: SRC=217.72.199.27 DST=176.36.141.89 PROTO=TCP SPT=443 DPT=52990 PKTS=39 BYTES=10889
Nov 14 18:38:05 10.0.0.2 ulogd[1267]: [DESTROY] ORIG: SRC=176.36.141.89 DST=194.50.85.5 PROTO=UDP SPT=42684 DPT=53 PKTS=1 BYTES=64 , REPLY: SRC=194.50.85.5 DST=176.36.141.89 PROTO=UDP SPT=53 DPT=42684 PKTS=1 BYTES=158
Nov 14 18:38:05 10.0.0.2 ulogd[1267]: [DESTROY] ORIG: SRC=192.168.1.180 DST=140.82.113.26 PROTO=TCP SPT=52796 DPT=443 PKTS=56 BYTES=6534 , REPLY: SRC=140.82.113.26 DST=176.36.141.89 PROTO=TCP SPT=443 DPT=52796 PKTS=71 BYTES=7438
Nov 14 18:38:05 10.0.0.2 ulogd[1267]: [DESTROY] ORIG: SRC=192.168.1.180 DST=35.186.224.25 PROTO=UDP SPT=64832 DPT=443 PKTS=7 BYTES=2902 , REPLY: SRC=35.186.224.25 DST=176.36.141.89 PROTO=UDP SPT=443 DPT=64832 PKTS=8 BYTES=4659
Nov 14 18:38:05 10.0.0.2 ulogd[1267]: [DESTROY] ORIG: SRC=fd02:c8be:1d40:0:89c6:4fae:69d2:328 DST=fd02:c8be:1d40::1 PROTO=UDP SPT=58558 DPT=53 PKTS=1 BYTES=89 , REPLY: SRC=fd02:c8be:1d40::1 DST=fd02:c8be:1d40:0:89c6:4fae:69d2:328 PROTO=UDP SPT=53 DPT=58558 PKTS=1 BYTES=213
Nov 14 18:38:05 10.0.0.2 ulogd[1267]: [DESTROY] ORIG: SRC=176.36.141.89 DST=194.50.85.5 PROTO=UDP SPT=35838 DPT=53 PKTS=1 BYTES=69 , REPLY: SRC=194.50.85.5 DST=176.36.141.89 PROTO=UDP SPT=53 DPT=35838 PKTS=1 BYTES=144
Nov 14 18:38:05 10.0.0.2 ulogd[1267]: [DESTROY] ORIG: SRC=176.36.141.89 DST=194.50.85.5 PROTO=UDP SPT=49004 DPT=53 PKTS=1 BYTES=64 , REPLY: SRC=194.50.85.5 DST=176.36.141.89 PROTO=UDP SPT=53 DPT=49004 PKTS=1 BYTES=182
Nov 14 18:38:05 10.0.0.2 ulogd[1267]: [DESTROY] ORIG: SRC=192.168.1.180 DST=35.186.224.18 PROTO=UDP SPT=59456 DPT=443 PKTS=14 BYTES=7174 , REPLY: SRC=35.186.224.18 DST=176.36.141.89 PROTO=UDP SPT=443 DPT=59456 PKTS=16 BYTES=4976
Nov 14 18:38:05 10.0.0.2 ulogd[1267]: [DESTROY] ORIG: SRC=192.168.1.1 DST=192.168.1.45 PROTO=UDP SPT=36069 DPT=5353 PKTS=3 BYTES=189 , REPLY: SRC=192.168.1.45 DST=192.168.1.1 PROTO=UDP SPT=5353 DPT=36069 PKTS=0 BYTES=0
Nov 14 18:38:05 10.0.0.2 ulogd[1267]: [DESTROY] ORIG: SRC=192.168.1.45 DST=192.168.1.1 PROTO=UDP SPT=40934 DPT=53 PKTS=1 BYTES=82 , REPLY: SRC=192.168.1.1 DST=192.168.1.45 PROTO=UDP SPT=53 DPT=40934 PKTS=1 BYTES=146
Nov 14 18:38:05 10.0.0.2 ulogd[1267]: [DESTROY] ORIG: SRC=192.168.1.151 DST=192.168.1.1 PROTO=UDP SPT=56443 DPT=53 PKTS=1 BYTES=64 , REPLY: SRC=192.168.1.1 DST=192.168.1.151 PROTO=UDP SPT=53 DPT=56443 PKTS=1 BYTES=172
Nov 14 18:38:05 10.0.0.2 ulogd[1267]: [DESTROY] ORIG: SRC=43.192.98.130 DST=176.36.141.89 PROTO=ICMP TYPE=0 CODE=8 PKTS=1 BYTES=36 , REPLY: SRC=176.36.141.89 DST=43.192.98.130 PROTO=ICMP TYPE=0 CODE=8 PKTS=1 BYTES=36
Nov 14 18:38:05 10.0.0.2 ulogd[1267]: [DESTROY] ORIG: SRC=176.36.141.89 DST=194.50.85.7 PROTO=UDP SPT=59978 DPT=53 PKTS=1 BYTES=82 , REPLY: SRC=194.50.85.7 DST=176.36.141.89 PROTO=UDP SPT=53 DPT=59978 PKTS=1 BYTES=194
Nov 14 18:38:05 10.0.0.2 ulogd[1267]: [DESTROY] ORIG: SRC=fd02:c8be:1d40:0:89c6:4fae:69d2:328 DST=fd02:c8be:1d40::1 PROTO=UDP SPT=57673 DPT=53 PKTS=1 BYTES=89 , REPLY: SRC=fd02:c8be:1d40::1 DST=fd02:c8be:1d40:0:89c6:4fae:69d2:328 PROTO=UDP SPT=53 DPT=57673 PKTS=1 BYTES=213
Nov 14 18:38:05 10.0.0.2 ulogd[1267]: [DESTROY] ORIG: SRC=43.192.49.80 DST=176.36.141.89 PROTO=ICMP TYPE=0 CODE=8 PKTS=1 BYTES=36 , REPLY: SRC=176.36.141.89 DST=43.192.49.80 PROTO=ICMP TYPE=0 CODE=8 PKTS=1 BYTES=36
Nov 14 18:38:05 10.0.0.2 ulogd[1267]: [DESTROY] ORIG: SRC=192.168.1.1 DST=192.168.1.45 PROTO=UDP SPT=52772 DPT=5353 PKTS=1 BYTES=71 , REPLY: SRC=192.168.1.45 DST=192.168.1.1 PROTO=UDP SPT=5353 DPT=52772 PKTS=0 BYTES=0
Nov 14 18:38:05 10.0.0.2 ulogd[1267]: [DESTROY] ORIG: SRC=176.36.141.89 DST=194.50.85.5 PROTO=UDP SPT=55214 DPT=53 PKTS=1 BYTES=66 , REPLY: SRC=194.50.85.5 DST=176.36.141.89 PROTO=UDP SPT=53 DPT=55214 PKTS=1 BYTES=222
Nov 14 18:38:05 10.0.0.2 ulogd[1267]: [DESTROY] ORIG: SRC=fd02:c8be:1d40:0:89c6:4fae:69d2:328 DST=fd02:c8be:1d40::1 PROTO=UDP SPT=61067 DPT=53 PKTS=1 BYTES=91 , REPLY: SRC=fd02:c8be:1d40::1 DST=fd02:c8be:1d40:0:89c6:4fae:69d2:328 PROTO=UDP SPT=53 DPT=61067 PKTS=0 BYTES=0
Nov 14 18:38:05 10.0.0.2 ulogd[1267]: [DESTROY] ORIG: SRC=176.36.141.89 DST=194.50.85.7 PROTO=UDP SPT=60684 DPT=53 PKTS=1 BYTES=64 , REPLY: SRC=194.50.85.7 DST=176.36.141.89 PROTO=UDP SPT=53 DPT=60684 PKTS=1 BYTES=172
Nov 14 18:38:05 10.0.0.2 ulogd[1267]: [DESTROY] ORIG: SRC=176.36.141.89 DST=194.50.85.7 PROTO=UDP SPT=42661 DPT=53 PKTS=1 BYTES=82 , REPLY: SRC=194.50.85.7 DST=176.36.141.89 PROTO=UDP SPT=53 DPT=42661 PKTS=1 BYTES=146
Nov 14 18:38:05 10.0.0.2 ulogd[1267]: [DESTROY] ORIG: SRC=192.168.1.180 DST=192.168.1.1 PROTO=UDP SPT=60875 DPT=53 PKTS=1 BYTES=63 , REPLY: SRC=192.168.1.1 DST=192.168.1.180 PROTO=UDP SPT=53 DPT=60875 PKTS=1 BYTES=158
Nov 14 18:38:05 10.0.0.2 ulogd[1267]: [DESTROY] ORIG: SRC=192.168.1.180 DST=192.168.1.1 PROTO=UDP SPT=59653 DPT=53 PKTS=1 BYTES=66 , REPLY: SRC=192.168.1.1 DST=192.168.1.180 PROTO=UDP SPT=53 DPT=59653 PKTS=1 BYTES=82
Nov 14 18:38:05 10.0.0.2 ulogd[1267]: [DESTROY] ORIG: SRC=176.36.141.89 DST=194.50.85.7 PROTO=UDP SPT=54750 DPT=53 PKTS=1 BYTES=69 , REPLY: SRC=194.50.85.7 DST=176.36.141.89 PROTO=UDP SPT=53 DPT=54750 PKTS=1 BYTES=118
Nov 14 18:38:05 10.0.0.2 ulogd[1267]: [DESTROY] ORIG: SRC=192.168.1.180 DST=35.186.224.25 PROTO=UDP SPT=53928 DPT=443 PKTS=7 BYTES=2908 , REPLY: SRC=35.186.224.25 DST=176.36.141.89 PROTO=UDP SPT=443 DPT=53928 PKTS=8 BYTES=4755
Nov 14 18:38:05 10.0.0.2 ulogd[1267]: [DESTROY] ORIG: SRC=192.168.1.180 DST=54.190.8.136 PROTO=TCP SPT=52415 DPT=443 PKTS=597 BYTES=80880 , REPLY: SRC=54.190.8.136 DST=176.36.141.89 PROTO=TCP SPT=443 DPT=52415 PKTS=718 BYTES=77853
Nov 14 18:38:05 10.0.0.2 ulogd[1267]: [DESTROY] ORIG: SRC=176.36.141.89 DST=194.50.85.5 PROTO=UDP SPT=50276 DPT=53 PKTS=1 BYTES=66 , REPLY: SRC=194.50.85.5 DST=176.36.141.89 PROTO=UDP SPT=53 DPT=50276 PKTS=1 BYTES=173
Nov 14 18:38:05 10.0.0.2 ulogd[1267]: [DESTROY] ORIG: SRC=161.189.112.245 DST=176.36.141.89 PROTO=ICMP TYPE=0 CODE=8 PKTS=1 BYTES=36 , REPLY: SRC=176.36.141.89 DST=161.189.112.245 PROTO=ICMP TYPE=0 CODE=8 PKTS=1 BYTES=36
Nov 14 18:38:05 10.0.0.2 ulogd[1267]: [DESTROY] ORIG: SRC=192.168.1.45 DST=192.168.1.1 PROTO=UDP SPT=57393 DPT=53 PKTS=1 BYTES=82 , REPLY: SRC=192.168.1.1 DST=192.168.1.45 PROTO=UDP SPT=53 DPT=57393 PKTS=1 BYTES=194
Nov 14 18:38:05 10.0.0.2 ulogd[1267]: [DESTROY] ORIG: SRC=176.36.141.89 DST=194.50.85.7 PROTO=UDP SPT=35040 DPT=53 PKTS=1 BYTES=68 , REPLY: SRC=194.50.85.7 DST=176.36.141.89 PROTO=UDP SPT=53 DPT=35040 PKTS=1 BYTES=84
Nov 14 18:38:12 10.0.0.2 ulogd[1267]: [NEW] ORIG: SRC=52.82.43.141 DST=176.36.141.89 PROTO=ICMP TYPE=0 CODE=8 PKTS=0 BYTES=0 , REPLY: SRC=176.36.141.89 DST=52.82.43.141 PROTO=ICMP TYPE=0 CODE=8 PKTS=0 BYTES=0
Nov 14 18:38:13 10.0.0.2 ulogd[1267]: [NEW] ORIG: SRC=43.192.49.80 DST=176.36.141.89 PROTO=ICMP TYPE=0 CODE=8 PKTS=0 BYTES=0 , REPLY: SRC=176.36.141.89 DST=43.192.49.80 PROTO=ICMP TYPE=0 CODE=8 PKTS=0 BYTES=0
Nov 14 18:38:13 10.0.0.2 ulogd[1267]: [NEW] ORIG: SRC=43.192.42.217 DST=176.36.141.89 PROTO=ICMP TYPE=0 CODE=8 PKTS=0 BYTES=0 , REPLY: SRC=176.36.141.89 DST=43.192.42.217 PROTO=ICMP TYPE=0 CODE=8 PKTS=0 BYTES=0
Nov 14 18:38:13 10.0.0.2 ulogd[1267]: [NEW] ORIG: SRC=192.168.1.180 DST=52.34.169.249 PROTO=TCP SPT=53040 DPT=443 PKTS=0 BYTES=0 , REPLY: SRC=52.34.169.249 DST=176.36.141.89 PROTO=TCP SPT=443 DPT=53040 PKTS=0 BYTES=0
Nov 14 18:38:15 10.0.0.2 ulogd[1267]: [NEW] ORIG: SRC=192.168.1.180 DST=52.11.42.187 PROTO=TCP SPT=53041 DPT=443 PKTS=0 BYTES=0 , REPLY: SRC=52.11.42.187 DST=176.36.141.89 PROTO=TCP SPT=443 DPT=53041 PKTS=0 BYTES=0
Nov 14 18:38:27 10.0.0.2 ulogd[1267]: [NEW] ORIG: SRC=fd02:c8be:1d40:0:89c6:4fae:69d2:328 DST=fd02:c8be:1d40::1 PROTO=UDP SPT=64097 DPT=53 PKTS=0 BYTES=0 , REPLY: SRC=fd02:c8be:1d40::1 DST=fd02:c8be:1d40:0:89c6:4fae:69d2:328 PROTO=UDP SPT=53 DPT=64097 PKTS=0 BYTES=0
Nov 14 18:38:27 10.0.0.2 ulogd[1267]: [NEW] ORIG: SRC=fd02:c8be:1d40:0:89c6:4fae:69d2:328 DST=fd02:c8be:1d40::1 PROTO=UDP SPT=52582 DPT=53 PKTS=0 BYTES=0 , REPLY: SRC=fd02:c8be:1d40::1 DST=fd02:c8be:1d40:0:89c6:4fae:69d2:328 PROTO=UDP SPT=53 DPT=52582 PKTS=0 BYTES=0
Nov 14 18:38:27 10.0.0.2 ulogd[1267]: [NEW] ORIG: SRC=192.168.1.180 DST=35.186.224.18 PROTO=UDP SPT=65474 DPT=443 PKTS=0 BYTES=0 , REPLY: SRC=35.186.224.18 DST=176.36.141.89 PROTO=UDP SPT=443 DPT=65474 PKTS=0 BYTES=0
Nov 14 18:38:27 10.0.0.2 dnsmasq[1]: 29398 fd02:c8be:1d40:0:89c6:4fae:69d2:328/64097 query[A] api-partner.spotify.com from fd02:c8be:1d40:0:89c6:4fae:69d2:328
Nov 14 18:38:27 10.0.0.2 dnsmasq[1]: 29398 fd02:c8be:1d40:0:89c6:4fae:69d2:328/64097 forwarded api-partner.spotify.com to 192.168.1.45
Nov 14 18:38:27 10.0.0.2 ulogd[1267]: [NEW] ORIG: SRC=192.168.1.1 DST=192.168.1.45 PROTO=UDP SPT=49419 DPT=5353 PKTS=0 BYTES=0 , REPLY: SRC=192.168.1.45 DST=192.168.1.1 PROTO=UDP SPT=5353 DPT=49419 PKTS=0 BYTES=0
Nov 14 18:38:27 10.0.0.2 ulogd[1267]: [NEW] ORIG: SRC=176.36.141.89 DST=194.50.85.5 PROTO=UDP SPT=49419 DPT=53 PKTS=0 BYTES=0 , REPLY: SRC=194.50.85.5 DST=176.36.141.89 PROTO=UDP SPT=53 DPT=49419 PKTS=0 BYTES=0
Nov 14 18:38:27 10.0.0.2 dnsmasq[1]: 29398 fd02:c8be:1d40:0:89c6:4fae:69d2:328/64097 forwarded api-partner.spotify.com to 194.50.85.5
Nov 14 18:38:27 10.0.0.2 dnsmasq[1]: 29398 fd02:c8be:1d40:0:89c6:4fae:69d2:328/64097 forwarded api-partner.spotify.com to 194.50.85.7
Nov 14 18:38:27 10.0.0.2 ulogd[1267]: [NEW] ORIG: SRC=176.36.141.89 DST=194.50.85.7 PROTO=UDP SPT=49419 DPT=53 PKTS=0 BYTES=0 , REPLY: SRC=194.50.85.7 DST=176.36.141.89 PROTO=UDP SPT=53 DPT=49419 PKTS=0 BYTES=0
Nov 14 18:38:27 10.0.0.2 dnsmasq[1]: 29399 fd02:c8be:1d40:0:89c6:4fae:69d2:328/52582 query[type=65] api-partner.spotify.com from fd02:c8be:1d40:0:89c6:4fae:69d2:328
Nov 14 18:38:27 10.0.0.2 ulogd[1267]: [NEW] ORIG: SRC=176.36.141.89 DST=194.50.85.7 PROTO=UDP SPT=41333 DPT=53 PKTS=0 BYTES=0 , REPLY: SRC=194.50.85.7 DST=176.36.141.89 PROTO=UDP SPT=53 DPT=41333 PKTS=0 BYTES=0
Nov 14 18:38:27 10.0.0.2 dnsmasq[1]: 29399 fd02:c8be:1d40:0:89c6:4fae:69d2:328/52582 forwarded api-partner.spotify.com to 194.50.85.7
Nov 14 18:38:27 10.0.0.2 dnsmasq[1]: 29398 fd02:c8be:1d40:0:89c6:4fae:69d2:328/64097 reply api-partner.spotify.com is <CNAME>
Nov 14 18:38:27 10.0.0.2 dnsmasq[1]: 29398 fd02:c8be:1d40:0:89c6:4fae:69d2:328/64097 reply partners.wg.spotify.com is <CNAME>
Nov 14 18:38:27 10.0.0.2 dnsmasq[1]: 29398 fd02:c8be:1d40:0:89c6:4fae:69d2:328/64097 reply edge-web.dual-gslb.spotify.com is 35.186.224.25
Nov 14 18:38:27 10.0.0.2 dnsmasq[1]: 29399 fd02:c8be:1d40:0:89c6:4fae:69d2:328/52582 reply api-partner.spotify.com is <CNAME>
Nov 14 18:38:27 10.0.0.2 dnsmasq[1]: 29399 fd02:c8be:1d40:0:89c6:4fae:69d2:328/52582 reply partners.wg.spotify.com is <CNAME>
Nov 14 18:38:27 10.0.0.2 dnsmasq[1]: 29399 fd02:c8be:1d40:0:89c6:4fae:69d2:328/52582 reply edge-web.dual-gslb.spotify.com is NODATA
Nov 14 18:38:27 10.0.0.2 ulogd[1267]: [NEW] ORIG: SRC=192.168.1.180 DST=35.186.224.25 PROTO=UDP SPT=59022 DPT=443 PKTS=0 BYTES=0 , REPLY: SRC=35.186.224.25 DST=176.36.141.89 PROTO=UDP SPT=443 DPT=59022 PKTS=0 BYTES=0
Nov 14 18:38:27 10.0.0.2 ulogd[1267]: [NEW] ORIG: SRC=192.168.1.180 DST=35.186.224.25 PROTO=TCP SPT=53044 DPT=443 PKTS=0 BYTES=0 , REPLY: SRC=35.186.224.25 DST=176.36.141.89 PROTO=TCP SPT=443 DPT=53044 PKTS=0 BYTES=0
Nov 14 18:38:33 10.0.0.2 ulogd[1267]: [DESTROY] ORIG: SRC=fd02:c8be:1d40:0:89c6:4fae:69d2:328 DST=fd02:c8be:1d40::1 PROTO=UDP SPT=53418 DPT=53 PKTS=1 BYTES=91 , REPLY: SRC=fd02:c8be:1d40::1 DST=fd02:c8be:1d40:0:89c6:4fae:69d2:328 PROTO=UDP SPT=53 DPT=53418 PKTS=1 BYTES=198
Nov 14 18:38:36 10.0.0.2 ulogd[1267]: [NEW] ORIG: SRC=fd02:c8be:1d40:0:89c6:4fae:69d2:328 DST=fd02:c8be:1d40::1 PROTO=UDP SPT=62830 DPT=53 PKTS=0 BYTES=0 , REPLY: SRC=fd02:c8be:1d40::1 DST=fd02:c8be:1d40:0:89c6:4fae:69d2:328 PROTO=UDP SPT=53 DPT=62830 PKTS=0 BYTES=0
Nov 14 18:38:36 10.0.0.2 dnsmasq[1]: 29400 fd02:c8be:1d40:0:89c6:4fae:69d2:328/62830 query[A] live.primis.tech from fd02:c8be:1d40:0:89c6:4fae:69d2:328
Nov 14 18:38:36 10.0.0.2 dnsmasq[1]: 29400 fd02:c8be:1d40:0:89c6:4fae:69d2:328/62830 forwarded live.primis.tech to 194.50.85.7
Nov 14 18:38:36 10.0.0.2 ulogd[1267]: [NEW] ORIG: SRC=176.36.141.89 DST=194.50.85.7 PROTO=UDP SPT=54085 DPT=53 PKTS=0 BYTES=0 , REPLY: SRC=194.50.85.7 DST=176.36.141.89 PROTO=UDP SPT=53 DPT=54085 PKTS=0 BYTES=0
Nov 14 18:38:36 10.0.0.2 dnsmasq[1]: 29400 fd02:c8be:1d40:0:89c6:4fae:69d2:328/62830 reply live.primis.tech is <CNAME>
Nov 14 18:38:36 10.0.0.2 dnsmasq[1]: 29400 fd02:c8be:1d40:0:89c6:4fae:69d2:328/62830 reply d2wcz8sc48ztgm.cloudfront.net is 18.66.233.19
Nov 14 18:38:36 10.0.0.2 dnsmasq[1]: 29400 fd02:c8be:1d40:0:89c6:4fae:69d2:328/62830 reply d2wcz8sc48ztgm.cloudfront.net is 18.66.233.34
Nov 14 18:38:36 10.0.0.2 dnsmasq[1]: 29400 fd02:c8be:1d40:0:89c6:4fae:69d2:328/62830 reply d2wcz8sc48ztgm.cloudfront.net is 18.66.233.27
Nov 14 18:38:36 10.0.0.2 dnsmasq[1]: 29400 fd02:c8be:1d40:0:89c6:4fae:69d2:328/62830 reply d2wcz8sc48ztgm.cloudfront.net is 18.66.233.78
Nov 14 18:38:36 10.0.0.2 ulogd[1267]: [NEW] ORIG: SRC=192.168.1.180 DST=18.66.233.19 PROTO=UDP SPT=51927 DPT=443 PKTS=0 BYTES=0 , REPLY: SRC=18.66.233.19 DST=176.36.141.89 PROTO=UDP SPT=443 DPT=51927 PKTS=0 BYTES=0
Nov 14 18:38:43 10.0.0.2 dnsmasq[1]: 29401 fd02:c8be:1d40:0:89c6:4fae:69d2:328/62830 query[A] sync-v2.brave.com from fd02:c8be:1d40:0:89c6:4fae:69d2:328
Nov 14 18:38:43 10.0.0.2 dnsmasq[1]: 29401 fd02:c8be:1d40:0:89c6:4fae:69d2:328/62830 cached sync-v2.brave.com is <CNAME>
Nov 14 18:38:43 10.0.0.2 ulogd[1267]: [NEW] ORIG: SRC=176.36.141.89 DST=194.50.85.7 PROTO=UDP SPT=50223 DPT=53 PKTS=0 BYTES=0 , REPLY: SRC=194.50.85.7 DST=176.36.141.89 PROTO=UDP SPT=53 DPT=50223 PKTS=0 BYTES=0
Nov 14 18:38:43 10.0.0.2 dnsmasq[1]: 29401 fd02:c8be:1d40:0:89c6:4fae:69d2:328/62830 forwarded sync-v2.brave.com to 194.50.85.7
Nov 14 18:38:43 10.0.0.2 dnsmasq[1]: 29401 fd02:c8be:1d40:0:89c6:4fae:69d2:328/62830 reply sync-v2.brave.com is <CNAME>
Nov 14 18:38:43 10.0.0.2 dnsmasq[1]: 29401 fd02:c8be:1d40:0:89c6:4fae:69d2:328/62830 reply sync-alb-152764135.us-west-2.elb.amazonaws.com is 54.190.8.136
Nov 14 18:38:43 10.0.0.2 dnsmasq[1]: 29401 fd02:c8be:1d40:0:89c6:4fae:69d2:328/62830 reply sync-alb-152764135.us-west-2.elb.amazonaws.com is 44.228.160.54
Nov 14 18:38:43 10.0.0.2 dnsmasq[1]: 29401 fd02:c8be:1d40:0:89c6:4fae:69d2:328/62830 reply sync-alb-152764135.us-west-2.elb.amazonaws.com is 52.34.169.249
Nov 14 18:38:46 10.0.0.2 ulogd[1267]: [NEW] ORIG: SRC=fd02:c8be:1d40:0:89c6:4fae:69d2:328 DST=fd02:c8be:1d40::1 PROTO=UDP SPT=61351 DPT=53 PKTS=0 BYTES=0 , REPLY: SRC=fd02:c8be:1d40::1 DST=fd02:c8be:1d40:0:89c6:4fae:69d2:328 PROTO=UDP SPT=53 DPT=61351 PKTS=0 BYTES=0
Nov 14 18:38:46 10.0.0.2 dnsmasq[1]: 29402 fd02:c8be:1d40:0:89c6:4fae:69d2:328/61351 query[A] spclient.wg.spotify.com from fd02:c8be:1d40:0:89c6:4fae:69d2:328
Nov 14 18:38:46 10.0.0.2 ulogd[1267]: [NEW] ORIG: SRC=fd02:c8be:1d40:0:89c6:4fae:69d2:328 DST=fd02:c8be:1d40::1 PROTO=UDP SPT=62193 DPT=53 PKTS=0 BYTES=0 , REPLY: SRC=fd02:c8be:1d40::1 DST=fd02:c8be:1d40:0:89c6:4fae:69d2:328 PROTO=UDP SPT=53 DPT=62193 PKTS=0 BYTES=0
Nov 14 18:38:46 10.0.0.2 dnsmasq[1]: 29402 fd02:c8be:1d40:0:89c6:4fae:69d2:328/61351 cached spclient.wg.spotify.com is <CNAME>
Nov 14 18:38:46 10.0.0.2 dnsmasq[1]: 29402 fd02:c8be:1d40:0:89c6:4fae:69d2:328/61351 cached edge-web.dual-gslb.spotify.com is 35.186.224.25
Nov 14 18:38:46 10.0.0.2 dnsmasq[1]: 29403 fd02:c8be:1d40:0:89c6:4fae:69d2:328/62193 query[type=65] spclient.wg.spotify.com from fd02:c8be:1d40:0:89c6:4fae:69d2:328
Nov 14 18:38:46 10.0.0.2 dnsmasq[1]: 29403 fd02:c8be:1d40:0:89c6:4fae:69d2:328/62193 cached spclient.wg.spotify.com is <CNAME>
Nov 14 18:38:46 10.0.0.2 ulogd[1267]: [NEW] ORIG: SRC=176.36.141.89 DST=194.50.85.7 PROTO=UDP SPT=38296 DPT=53 PKTS=0 BYTES=0 , REPLY: SRC=194.50.85.7 DST=176.36.141.89 PROTO=UDP SPT=53 DPT=38296 PKTS=0 BYTES=0
Nov 14 18:38:46 10.0.0.2 dnsmasq[1]: 29403 fd02:c8be:1d40:0:89c6:4fae:69d2:328/62193 forwarded spclient.wg.spotify.com to 194.50.85.7
Nov 14 18:38:46 10.0.0.2 ulogd[1267]: [NEW] ORIG: SRC=192.168.1.180 DST=35.186.224.25 PROTO=UDP SPT=63803 DPT=443 PKTS=0 BYTES=0 , REPLY: SRC=35.186.224.25 DST=176.36.141.89 PROTO=UDP SPT=443 DPT=63803 PKTS=0 BYTES=0
Nov 14 18:38:46 10.0.0.2 dnsmasq[1]: 29403 fd02:c8be:1d40:0:89c6:4fae:69d2:328/62193 reply spclient.wg.spotify.com is <CNAME>
Nov 14 18:38:46 10.0.0.2 dnsmasq[1]: 29403 fd02:c8be:1d40:0:89c6:4fae:69d2:328/62193 reply edge-web.dual-gslb.spotify.com is NODATA
Nov 14 18:38:46 10.0.0.2 dnsmasq[1]: 29404 fd02:c8be:1d40:0:89c6:4fae:69d2:328/62830 query[A] category.blocksite.co from fd02:c8be:1d40:0:89c6:4fae:69d2:328
Nov 14 18:38:46 10.0.0.2 ulogd[1267]: [NEW] ORIG: SRC=176.36.141.89 DST=194.50.85.7 PROTO=UDP SPT=50782 DPT=53 PKTS=0 BYTES=0 , REPLY: SRC=194.50.85.7 DST=176.36.141.89 PROTO=UDP SPT=53 DPT=50782 PKTS=0 BYTES=0
Nov 14 18:38:46 10.0.0.2 dnsmasq[1]: 29404 fd02:c8be:1d40:0:89c6:4fae:69d2:328/62830 forwarded category.blocksite.co to 194.50.85.7
Nov 14 18:38:46 10.0.0.2 dnsmasq[1]: 29404 fd02:c8be:1d40:0:89c6:4fae:69d2:328/62830 reply category.blocksite.co is 52.70.217.255
Nov 14 18:38:46 10.0.0.2 dnsmasq[1]: 29404 fd02:c8be:1d40:0:89c6:4fae:69d2:328/62830 reply category.blocksite.co is 52.54.194.233
Nov 14 18:38:46 10.0.0.2 ulogd[1267]: [NEW] ORIG: SRC=192.168.1.180 DST=52.70.217.255 PROTO=TCP SPT=53045 DPT=443 PKTS=0 BYTES=0 , REPLY: SRC=52.70.217.255 DST=176.36.141.89 PROTO=TCP SPT=443 DPT=53045 PKTS=0 BYTES=0
Nov 14 18:38:49 10.0.0.2 ulogd[1267]: [NEW] ORIG: SRC=fd02:c8be:1d40:0:89c6:4fae:69d2:328 DST=fd02:c8be:1d40::1 PROTO=UDP SPT=51412 DPT=53 PKTS=0 BYTES=0 , REPLY: SRC=fd02:c8be:1d40::1 DST=fd02:c8be:1d40:0:89c6:4fae:69d2:328 PROTO=UDP SPT=53 DPT=51412 PKTS=0 BYTES=0
Nov 14 18:38:49 10.0.0.2 dnsmasq[1]: 29405 fd02:c8be:1d40:0:89c6:4fae:69d2:328/51412 query[A] wpad.lan from fd02:c8be:1d40:0:89c6:4fae:69d2:328
Nov 14 18:38:49 10.0.0.2 dnsmasq[1]: 29405 fd02:c8be:1d40:0:89c6:4fae:69d2:328/51412 config wpad.lan is NXDOMAIN
Nov 14 18:38:49 10.0.0.2 ulogd[1267]: [NEW] ORIG: SRC=fd02:c8be:1d40:0:89c6:4fae:69d2:328 DST=fd02:c8be:1d40::1 PROTO=UDP SPT=60885 DPT=53 PKTS=0 BYTES=0 , REPLY: SRC=fd02:c8be:1d40::1 DST=fd02:c8be:1d40:0:89c6:4fae:69d2:328 PROTO=UDP SPT=53 DPT=60885 PKTS=0 BYTES=0
Nov 14 18:38:49 10.0.0.2 dnsmasq[1]: 29406 fd02:c8be:1d40:0:89c6:4fae:69d2:328/60885 query[AAAA] wpad.lan from fd02:c8be:1d40:0:89c6:4fae:69d2:328
Nov 14 18:38:49 10.0.0.2 dnsmasq[1]: 29406 fd02:c8be:1d40:0:89c6:4fae:69d2:328/60885 config wpad.lan is NXDOMAIN
Nov 14 18:38:49 10.0.0.2 dnsmasq[1]: 29407 fd02:c8be:1d40:0:89c6:4fae:69d2:328/62830 query[A] wpad.lan from fd02:c8be:1d40:0:89c6:4fae:69d2:328
Nov 14 18:38:49 10.0.0.2 ulogd[1267]: [NEW] ORIG: SRC=fd02:c8be:1d40:0:89c6:4fae:69d2:328 DST=fd02:c8be:1d40::1 PROTO=UDP SPT=49520 DPT=53 PKTS=0 BYTES=0 , REPLY: SRC=fd02:c8be:1d40::1 DST=fd02:c8be:1d40:0:89c6:4fae:69d2:328 PROTO=UDP SPT=53 DPT=49520 PKTS=0 BYTES=0
Nov 14 18:38:49 10.0.0.2 dnsmasq[1]: 29407 fd02:c8be:1d40:0:89c6:4fae:69d2:328/62830 config wpad.lan is NXDOMAIN
Nov 14 18:38:49 10.0.0.2 dnsmasq[1]: 29408 fd02:c8be:1d40:0:89c6:4fae:69d2:328/49520 query[AAAA] wpad.lan from fd02:c8be:1d40:0:89c6:4fae:69d2:328
Nov 14 18:38:49 10.0.0.2 dnsmasq[1]: 29408 fd02:c8be:1d40:0:89c6:4fae:69d2:328/49520 config wpad.lan is NXDOMAIN
Nov 14 18:38:52 10.0.0.2 dnsmasq[1]: 29409 fd02:c8be:1d40:0:89c6:4fae:69d2:328/62830 query[A] azeus1-client-s.gateway.messenger.live.com from fd02:c8be:1d40:0:89c6:4fae:69d2:328
Nov 14 18:38:52 10.0.0.2 dnsmasq[1]: 29409 fd02:c8be:1d40:0:89c6:4fae:69d2:328/62830 cached azeus1-client-s.gateway.messenger.live.com is <CNAME>
Nov 14 18:38:52 10.0.0.2 dnsmasq[1]: 29409 fd02:c8be:1d40:0:89c6:4fae:69d2:328/62830 forwarded azeus1-client-s.gateway.messenger.live.com to 192.168.1.45
Nov 14 18:38:52 10.0.0.2 ulogd[1267]: [NEW] ORIG: SRC=192.168.1.1 DST=192.168.1.45 PROTO=UDP SPT=44772 DPT=5353 PKTS=0 BYTES=0 , REPLY: SRC=192.168.1.45 DST=192.168.1.1 PROTO=UDP SPT=5353 DPT=44772 PKTS=0 BYTES=0
Nov 14 18:38:52 10.0.0.2 dnsmasq[1]: 29409 fd02:c8be:1d40:0:89c6:4fae:69d2:328/62830 forwarded azeus1-client-s.gateway.messenger.live.com to 194.50.85.5
Nov 14 18:38:52 10.0.0.2 dnsmasq[1]: 29409 fd02:c8be:1d40:0:89c6:4fae:69d2:328/62830 forwarded azeus1-client-s.gateway.messenger.live.com to 194.50.85.7
Nov 14 18:38:52 10.0.0.2 ulogd[1267]: [NEW] ORIG: SRC=176.36.141.89 DST=194.50.85.5 PROTO=UDP SPT=44772 DPT=53 PKTS=0 BYTES=0 , REPLY: SRC=194.50.85.5 DST=176.36.141.89 PROTO=UDP SPT=53 DPT=44772 PKTS=0 BYTES=0
Nov 14 18:38:52 10.0.0.2 ulogd[1267]: [NEW] ORIG: SRC=176.36.141.89 DST=194.50.85.7 PROTO=UDP SPT=44772 DPT=53 PKTS=0 BYTES=0 , REPLY: SRC=194.50.85.7 DST=176.36.141.89 PROTO=UDP SPT=53 DPT=44772 PKTS=0 BYTES=0
Nov 14 18:38:52 10.0.0.2 dnsmasq[1]: 29409 fd02:c8be:1d40:0:89c6:4fae:69d2:328/62830 reply azeus1-client-s.gateway.messenger.live.com is <CNAME>
Nov 14 18:38:52 10.0.0.2 dnsmasq[1]: 29409 fd02:c8be:1d40:0:89c6:4fae:69d2:328/62830 reply azeus1-client-s.msnmessenger.msn.com.akadns.net is <CNAME>
Nov 14 18:38:52 10.0.0.2 dnsmasq[1]: 29409 fd02:c8be:1d40:0:89c6:4fae:69d2:328/62830 reply ip.azeus1-client-s.msnmessenger.msn.com.akadns.net is 20.185.212.106
Nov 14 18:38:53 10.0.0.2 dnsmasq[1]: 29410 fd02:c8be:1d40:0:89c6:4fae:69d2:328/62830 query[A] www.aljazeera.com from fd02:c8be:1d40:0:89c6:4fae:69d2:328
Nov 14 18:38:53 10.0.0.2 dnsmasq[1]: 29410 fd02:c8be:1d40:0:89c6:4fae:69d2:328/62830 forwarded www.aljazeera.com to 194.50.85.7
Nov 14 18:38:53 10.0.0.2 ulogd[1267]: [NEW] ORIG: SRC=176.36.141.89 DST=194.50.85.7 PROTO=UDP SPT=43913 DPT=53 PKTS=0 BYTES=0 , REPLY: SRC=194.50.85.7 DST=176.36.141.89 PROTO=UDP SPT=53 DPT=43913 PKTS=0 BYTES=0
Nov 14 18:38:53 10.0.0.2 ulogd[1267]: [NEW] ORIG: SRC=192.168.1.180 DST=192.168.1.1 PROTO=UDP SPT=62830 DPT=53 PKTS=0 BYTES=0 , REPLY: SRC=192.168.1.1 DST=192.168.1.180 PROTO=UDP SPT=53 DPT=62830 PKTS=0 BYTES=0
Nov 14 18:38:53 10.0.0.2 dnsmasq[1]: 29411 192.168.1.180/62830 query[A] www.aljazeera.com from 192.168.1.180
Nov 14 18:38:53 10.0.0.2 dnsmasq[1]: 29410 fd02:c8be:1d40:0:89c6:4fae:69d2:328/62830 reply www.aljazeera.com is <CNAME>
Nov 14 18:38:53 10.0.0.2 dnsmasq[1]: 29410 fd02:c8be:1d40:0:89c6:4fae:69d2:328/62830 reply www.aljazeera.com.edgekey.net is <CNAME>
Nov 14 18:38:53 10.0.0.2 dnsmasq[1]: 29410 fd02:c8be:1d40:0:89c6:4fae:69d2:328/62830 reply e9106.dscg.akamaiedge.net is 23.200.160.171
Nov 14 18:38:53 10.0.0.2 dnsmasq[1]: 29411 192.168.1.180/62830 reply query is duplicate
Nov 14 18:38:57 10.0.0.2 ulogd[1267]: [NEW] ORIG: SRC=192.168.1.151 DST=192.168.1.1 PROTO=UDP SPT=58272 DPT=53 PKTS=0 BYTES=0 , REPLY: SRC=192.168.1.1 DST=192.168.1.151 PROTO=UDP SPT=53 DPT=58272 PKTS=0 BYTES=0
Nov 14 18:38:57 10.0.0.2 dnsmasq[1]: 29412 192.168.1.151/58272 query[A] time.apple.com from 192.168.1.151
Nov 14 18:38:57 10.0.0.2 ulogd[1267]: [NEW] ORIG: SRC=176.36.141.89 DST=194.50.85.7 PROTO=UDP SPT=55635 DPT=53 PKTS=0 BYTES=0 , REPLY: SRC=194.50.85.7 DST=176.36.141.89 PROTO=UDP SPT=53 DPT=55635 PKTS=0 BYTES=0
Nov 14 18:38:57 10.0.0.2 dnsmasq[1]: 29412 192.168.1.151/58272 forwarded time.apple.com to 194.50.85.7
Nov 14 18:38:57 10.0.0.2 dnsmasq[1]: 29412 192.168.1.151/58272 reply time.apple.com is <CNAME>
Nov 14 18:38:57 10.0.0.2 dnsmasq[1]: 29412 192.168.1.151/58272 reply time.g.aaplimg.com is 17.253.14.251
Nov 14 18:38:57 10.0.0.2 dnsmasq[1]: 29412 192.168.1.151/58272 reply time.g.aaplimg.com is 17.253.38.125
Nov 14 18:38:57 10.0.0.2 dnsmasq[1]: 29412 192.168.1.151/58272 reply time.g.aaplimg.com is 17.253.38.253
Nov 14 18:38:57 10.0.0.2 ulogd[1267]: [NEW] ORIG: SRC=192.168.1.151 DST=17.253.14.251 PROTO=UDP SPT=51707 DPT=123 PKTS=0 BYTES=0 , REPLY: SRC=17.253.14.251 DST=176.36.141.89 PROTO=UDP SPT=123 DPT=51707 PKTS=0 BYTES=0
Nov 14 18:38:57 10.0.0.2 ulogd[1267]: [NEW] ORIG: SRC=192.168.1.151 DST=17.253.14.251 PROTO=UDP SPT=53565 DPT=123 PKTS=0 BYTES=0 , REPLY: SRC=17.253.14.251 DST=176.36.141.89 PROTO=UDP SPT=123 DPT=53565 PKTS=0 BYTES=0
Nov 14 18:38:57 10.0.0.2 ulogd[1267]: [NEW] ORIG: SRC=192.168.1.151 DST=17.253.38.125 PROTO=UDP SPT=54399 DPT=123 PKTS=0 BYTES=0 , REPLY: SRC=17.253.38.125 DST=176.36.141.89 PROTO=UDP SPT=123 DPT=54399 PKTS=0 BYTES=0
Nov 14 18:38:57 10.0.0.2 ulogd[1267]: [DESTROY] ORIG: SRC=192.168.1.180 DST=192.168.1.1 PROTO=UDP SPT=53418 DPT=53 PKTS=1 BYTES=71 , REPLY: SRC=192.168.1.1 DST=192.168.1.180 PROTO=UDP SPT=53 DPT=53418 PKTS=1 BYTES=178
Nov 14 18:39:04 10.0.0.2 ulogd[1267]: [NEW] ORIG: SRC=192.168.1.180 DST=52.70.217.255 PROTO=TCP SPT=53047 DPT=443 PKTS=0 BYTES=0 , REPLY: SRC=52.70.217.255 DST=176.36.141.89 PROTO=TCP SPT=443 DPT=53047 PKTS=0 BYTES=0
Nov 14 18:39:05 10.0.0.2 dnsmasq[1]: 29413 fd02:c8be:1d40:0:89c6:4fae:69d2:328/58747 query[A] pubads.g.doubleclick.net from fd02:c8be:1d40:0:89c6:4fae:69d2:328
Nov 14 18:39:05 10.0.0.2 ulogd[1267]: [NEW] ORIG: SRC=fd02:c8be:1d40:0:89c6:4fae:69d2:328 DST=fd02:c8be:1d40::1 PROTO=UDP SPT=58747 DPT=53 PKTS=0 BYTES=0 , REPLY: SRC=fd02:c8be:1d40::1 DST=fd02:c8be:1d40:0:89c6:4fae:69d2:328 PROTO=UDP SPT=53 DPT=58747 PKTS=0 BYTES=0
Nov 14 18:39:05 10.0.0.2 ulogd[1267]: [NEW] ORIG: SRC=fd02:c8be:1d40:0:89c6:4fae:69d2:328 DST=fd02:c8be:1d40::1 PROTO=UDP SPT=64512 DPT=53 PKTS=0 BYTES=0 , REPLY: SRC=fd02:c8be:1d40::1 DST=fd02:c8be:1d40:0:89c6:4fae:69d2:328 PROTO=UDP SPT=53 DPT=64512 PKTS=0 BYTES=0
Nov 14 18:39:05 10.0.0.2 dnsmasq[1]: 29413 fd02:c8be:1d40:0:89c6:4fae:69d2:328/58747 forwarded pubads.g.doubleclick.net to 194.50.85.7
Nov 14 18:39:05 10.0.0.2 ulogd[1267]: [NEW] ORIG: SRC=176.36.141.89 DST=194.50.85.7 PROTO=UDP SPT=39133 DPT=53 PKTS=0 BYTES=0 , REPLY: SRC=194.50.85.7 DST=176.36.141.89 PROTO=UDP SPT=53 DPT=39133 PKTS=0 BYTES=0
Nov 14 18:39:05 10.0.0.2 dnsmasq[1]: 29414 fd02:c8be:1d40:0:89c6:4fae:69d2:328/64512 query[type=65] pubads.g.doubleclick.net from fd02:c8be:1d40:0:89c6:4fae:69d2:328
Nov 14 18:39:05 10.0.0.2 dnsmasq[1]: 29414 fd02:c8be:1d40:0:89c6:4fae:69d2:328/64512 forwarded pubads.g.doubleclick.net to 194.50.85.7
Nov 14 18:39:05 10.0.0.2 dnsmasq[1]: 29415 fd02:c8be:1d40:0:89c6:4fae:69d2:328/53895 query[A] gew1-spclient.spotify.com from fd02:c8be:1d40:0:89c6:4fae:69d2:328
Nov 14 18:39:05 10.0.0.2 ulogd[1267]: [NEW] ORIG: SRC=fd02:c8be:1d40:0:89c6:4fae:69d2:328 DST=fd02:c8be:1d40::1 PROTO=UDP SPT=53895 DPT=53 PKTS=0 BYTES=0 , REPLY: SRC=fd02:c8be:1d40::1 DST=fd02:c8be:1d40:0:89c6:4fae:69d2:328 PROTO=UDP SPT=53 DPT=53895 PKTS=0 BYTES=0
Nov 14 18:39:05 10.0.0.2 dnsmasq[1]: 29415 fd02:c8be:1d40:0:89c6:4fae:69d2:328/53895 cached gew1-spclient.spotify.com is <CNAME>
Nov 14 18:39:05 10.0.0.2 ulogd[1267]: [NEW] ORIG: SRC=176.36.141.89 DST=194.50.85.7 PROTO=UDP SPT=54559 DPT=53 PKTS=0 BYTES=0 , REPLY: SRC=194.50.85.7 DST=176.36.141.89 PROTO=UDP SPT=53 DPT=54559 PKTS=0 BYTES=0
Nov 14 18:39:05 10.0.0.2 dnsmasq[1]: 29415 fd02:c8be:1d40:0:89c6:4fae:69d2:328/53895 forwarded gew1-spclient.spotify.com to 194.50.85.7
Nov 14 18:39:05 10.0.0.2 dnsmasq[1]: 29416 fd02:c8be:1d40:0:89c6:4fae:69d2:328/57602 query[type=65] gew1-spclient.spotify.com from fd02:c8be:1d40:0:89c6:4fae:69d2:328
Nov 14 18:39:05 10.0.0.2 ulogd[1267]: [NEW] ORIG: SRC=fd02:c8be:1d40:0:89c6:4fae:69d2:328 DST=fd02:c8be:1d40::1 PROTO=UDP SPT=57602 DPT=53 PKTS=0 BYTES=0 , REPLY: SRC=fd02:c8be:1d40::1 DST=fd02:c8be:1d40:0:89c6:4fae:69d2:328 PROTO=UDP SPT=53 DPT=57602 PKTS=0 BYTES=0
Nov 14 18:39:05 10.0.0.2 ulogd[1267]: [NEW] ORIG: SRC=176.36.141.89 DST=194.50.85.7 PROTO=UDP SPT=47683 DPT=53 PKTS=0 BYTES=0 , REPLY: SRC=194.50.85.7 DST=176.36.141.89 PROTO=UDP SPT=53 DPT=47683 PKTS=0 BYTES=0
Nov 14 18:39:05 10.0.0.2 ulogd[1267]: [NEW] ORIG: SRC=176.36.141.89 DST=194.50.85.7 PROTO=UDP SPT=39241 DPT=53 PKTS=0 BYTES=0 , REPLY: SRC=194.50.85.7 DST=176.36.141.89 PROTO=UDP SPT=53 DPT=39241 PKTS=0 BYTES=0
Nov 14 18:39:05 10.0.0.2 dnsmasq[1]: 29416 fd02:c8be:1d40:0:89c6:4fae:69d2:328/57602 forwarded gew1-spclient.spotify.com to 194.50.85.7
Nov 14 18:39:05 10.0.0.2 dnsmasq[1]: 29415 fd02:c8be:1d40:0:89c6:4fae:69d2:328/53895 reply gew1-spclient.spotify.com is <CNAME>
Nov 14 18:39:05 10.0.0.2 dnsmasq[1]: 29415 fd02:c8be:1d40:0:89c6:4fae:69d2:328/53895 reply edge-web-gew1.dual-gslb.spotify.com is 35.186.224.18
Nov 14 18:39:05 10.0.0.2 ulogd[1267]: [NEW] ORIG: SRC=192.168.1.180 DST=35.186.224.18 PROTO=UDP SPT=54899 DPT=443 PKTS=0 BYTES=0 , REPLY: SRC=35.186.224.18 DST=176.36.141.89 PROTO=UDP SPT=443 DPT=54899 PKTS=0 BYTES=0
Nov 14 18:39:05 10.0.0.2 dnsmasq[1]: 29416 fd02:c8be:1d40:0:89c6:4fae:69d2:328/57602 reply gew1-spclient.spotify.com is <CNAME>
Nov 14 18:39:05 10.0.0.2 dnsmasq[1]: 29416 fd02:c8be:1d40:0:89c6:4fae:69d2:328/57602 reply edge-web-gew1.dual-gslb.spotify.com is NODATA
Nov 14 18:39:05 10.0.0.2 ulogd[1267]: [NEW] ORIG: SRC=192.168.1.180 DST=35.186.224.18 PROTO=TCP SPT=53048 DPT=443 PKTS=0 BYTES=0 , REPLY: SRC=35.186.224.18 DST=176.36.141.89 PROTO=TCP SPT=443 DPT=53048 PKTS=0 BYTES=0
Nov 14 18:39:05 10.0.0.2 ulogd[1267]: [DESTROY] ORIG: SRC=192.168.1.180 DST=52.11.42.187 PROTO=TCP SPT=53038 DPT=443 PKTS=13 BYTES=4525 , REPLY: SRC=52.11.42.187 DST=176.36.141.89 PROTO=TCP SPT=443 DPT=53038 PKTS=9 BYTES=701
Nov 14 18:39:05 10.0.0.2 dnsmasq[1]: 29417 fd02:c8be:1d40:0:89c6:4fae:69d2:328/58526 query[A] adeventtrackermonitoring.spotify.com from fd02:c8be:1d40:0:89c6:4fae:69d2:328
Nov 14 18:39:05 10.0.0.2 dnsmasq[1]: 29417 fd02:c8be:1d40:0:89c6:4fae:69d2:328/58526 forwarded adeventtrackermonitoring.spotify.com to 194.50.85.7
Nov 14 18:39:05 10.0.0.2 ulogd[1267]: [NEW] ORIG: SRC=fd02:c8be:1d40:0:89c6:4fae:69d2:328 DST=fd02:c8be:1d40::1 PROTO=UDP SPT=58526 DPT=53 PKTS=0 BYTES=0 , REPLY: SRC=fd02:c8be:1d40::1 DST=fd02:c8be:1d40:0:89c6:4fae:69d2:328 PROTO=UDP SPT=53 DPT=58526 PKTS=0 BYTES=0
Nov 14 18:39:05 10.0.0.2 dnsmasq[1]: 29417 fd02:c8be:1d40:0:89c6:4fae:69d2:328/58526 reply adeventtrackermonitoring.spotify.com is <CNAME>
Nov 14 18:39:05 10.0.0.2 ulogd[1267]: [NEW] ORIG: SRC=fd02:c8be:1d40:0:89c6:4fae:69d2:328 DST=fd02:c8be:1d40::1 PROTO=UDP SPT=64848 DPT=53 PKTS=0 BYTES=0 , REPLY: SRC=fd02:c8be:1d40::1 DST=fd02:c8be:1d40:0:89c6:4fae:69d2:328 PROTO=UDP SPT=53 DPT=64848 PKTS=0 BYTES=0
Nov 14 18:39:05 10.0.0.2 dnsmasq[1]: 29417 fd02:c8be:1d40:0:89c6:4fae:69d2:328/58526 reply edge-web.dual-gslb.spotify.com is 35.186.224.25
Nov 14 18:39:05 10.0.0.2 dnsmasq[1]: 29418 fd02:c8be:1d40:0:89c6:4fae:69d2:328/64848 query[type=65] adeventtrackermonitoring.spotify.com from fd02:c8be:1d40:0:89c6:4fae:69d2:328
Nov 14 18:39:05 10.0.0.2 dnsmasq[1]: 29418 fd02:c8be:1d40:0:89c6:4fae:69d2:328/64848 cached adeventtrackermonitoring.spotify.com is <CNAME>
Nov 14 18:39:05 10.0.0.2 ulogd[1267]: [NEW] ORIG: SRC=176.36.141.89 DST=194.50.85.7 PROTO=UDP SPT=37949 DPT=53 PKTS=0 BYTES=0 , REPLY: SRC=194.50.85.7 DST=176.36.141.89 PROTO=UDP SPT=53 DPT=37949 PKTS=0 BYTES=0
Nov 14 18:39:05 10.0.0.2 dnsmasq[1]: 29418 fd02:c8be:1d40:0:89c6:4fae:69d2:328/64848 forwarded adeventtrackermonitoring.spotify.com to 194.50.85.7
Nov 14 18:39:05 10.0.0.2 ulogd[1267]: [NEW] ORIG: SRC=176.36.141.89 DST=194.50.85.7 PROTO=UDP SPT=37871 DPT=53 PKTS=0 BYTES=0 , REPLY: SRC=194.50.85.7 DST=176.36.141.89 PROTO=UDP SPT=53 DPT=37871 PKTS=0 BYTES=0
Nov 14 18:39:05 10.0.0.2 dnsmasq[1]: 29418 fd02:c8be:1d40:0:89c6:4fae:69d2:328/64848 reply adeventtrackermonitoring.spotify.com is <CNAME>
Nov 14 18:39:05 10.0.0.2 dnsmasq[1]: 29418 fd02:c8be:1d40:0:89c6:4fae:69d2:328/64848 reply edge-web.dual-gslb.spotify.com is NODATA
Nov 14 18:39:05 10.0.0.2 ulogd[1267]: [NEW] ORIG: SRC=192.168.1.180 DST=35.186.224.25 PROTO=UDP SPT=58632 DPT=443 PKTS=0 BYTES=0 , REPLY: SRC=35.186.224.25 DST=176.36.141.89 PROTO=UDP SPT=443 DPT=58632 PKTS=0 BYTES=0
Nov 14 18:39:05 10.0.0.2 dnsmasq[1]: 29419 fd02:c8be:1d40:0:89c6:4fae:69d2:328/55645 query[A] securepubads.g.doubleclick.net from fd02:c8be:1d40:0:89c6:4fae:69d2:328
Nov 14 18:39:05 10.0.0.2 ulogd[1267]: [NEW] ORIG: SRC=fd02:c8be:1d40:0:89c6:4fae:69d2:328 DST=fd02:c8be:1d40::1 PROTO=UDP SPT=55645 DPT=53 PKTS=0 BYTES=0 , REPLY: SRC=fd02:c8be:1d40::1 DST=fd02:c8be:1d40:0:89c6:4fae:69d2:328 PROTO=UDP SPT=53 DPT=55645 PKTS=0 BYTES=0
Nov 14 18:39:05 10.0.0.2 ulogd[1267]: [NEW] ORIG: SRC=fd02:c8be:1d40:0:89c6:4fae:69d2:328 DST=fd02:c8be:1d40::1 PROTO=UDP SPT=51845 DPT=53 PKTS=0 BYTES=0 , REPLY: SRC=fd02:c8be:1d40::1 DST=fd02:c8be:1d40:0:89c6:4fae:69d2:328 PROTO=UDP SPT=53 DPT=51845 PKTS=0 BYTES=0
Nov 14 18:39:05 10.0.0.2 dnsmasq[1]: 29419 fd02:c8be:1d40:0:89c6:4fae:69d2:328/55645 forwarded securepubads.g.doubleclick.net to 194.50.85.7
Nov 14 18:39:05 10.0.0.2 ulogd[1267]: [NEW] ORIG: SRC=176.36.141.89 DST=194.50.85.7 PROTO=UDP SPT=39457 DPT=53 PKTS=0 BYTES=0 , REPLY: SRC=194.50.85.7 DST=176.36.141.89 PROTO=UDP SPT=53 DPT=39457 PKTS=0 BYTES=0
Nov 14 18:39:05 10.0.0.2 dnsmasq[1]: 29419 fd02:c8be:1d40:0:89c6:4fae:69d2:328/55645 reply securepubads.g.doubleclick.net is <CNAME>
Nov 14 18:39:05 10.0.0.2 dnsmasq[1]: 29419 fd02:c8be:1d40:0:89c6:4fae:69d2:328/55645 reply securepubads46.g.doubleclick.net is 142.250.186.194
Nov 14 18:39:05 10.0.0.2 dnsmasq[1]: 29420 fd02:c8be:1d40:0:89c6:4fae:69d2:328/51845 query[type=65] securepubads.g.doubleclick.net from fd02:c8be:1d40:0:89c6:4fae:69d2:328
Nov 14 18:39:05 10.0.0.2 dnsmasq[1]: 29420 fd02:c8be:1d40:0:89c6:4fae:69d2:328/51845 cached securepubads.g.doubleclick.net is <CNAME>
Nov 14 18:39:05 10.0.0.2 dnsmasq[1]: 29420 fd02:c8be:1d40:0:89c6:4fae:69d2:328/51845 forwarded securepubads.g.doubleclick.net to 194.50.85.7
Nov 14 18:39:05 10.0.0.2 ulogd[1267]: [NEW] ORIG: SRC=176.36.141.89 DST=194.50.85.7 PROTO=UDP SPT=60578 DPT=53 PKTS=0 BYTES=0 , REPLY: SRC=194.50.85.7 DST=176.36.141.89 PROTO=UDP SPT=53 DPT=60578 PKTS=0 BYTES=0
Nov 14 18:39:05 10.0.0.2 dnsmasq[1]: 29420 fd02:c8be:1d40:0:89c6:4fae:69d2:328/51845 reply securepubads.g.doubleclick.net is <CNAME>
Nov 14 18:39:05 10.0.0.2 dnsmasq[1]: 29420 fd02:c8be:1d40:0:89c6:4fae:69d2:328/51845 reply securepubads46.g.doubleclick.net is NODATA
Nov 14 18:39:05 10.0.0.2 ulogd[1267]: [NEW] ORIG: SRC=192.168.1.180 DST=142.250.186.194 PROTO=UDP SPT=53579 DPT=443 PKTS=0 BYTES=0 , REPLY: SRC=142.250.186.194 DST=176.36.141.89 PROTO=UDP SPT=443 DPT=53579 PKTS=0 BYTES=0
Nov 14 18:39:06 10.0.0.2 dnsmasq[1]: 29421 192.168.1.180/63822 query[A] pubads.g.doubleclick.net from 192.168.1.180
Nov 14 18:39:06 10.0.0.2 ulogd[1267]: [NEW] ORIG: SRC=192.168.1.180 DST=192.168.1.1 PROTO=UDP SPT=63822 DPT=53 PKTS=0 BYTES=0 , REPLY: SRC=192.168.1.1 DST=192.168.1.180 PROTO=UDP SPT=53 DPT=63822 PKTS=0 BYTES=0
Nov 14 18:39:06 10.0.0.2 ulogd[1267]: [NEW] ORIG: SRC=192.168.1.180 DST=192.168.1.1 PROTO=UDP SPT=59541 DPT=53 PKTS=0 BYTES=0 , REPLY: SRC=192.168.1.1 DST=192.168.1.180 PROTO=UDP SPT=53 DPT=59541 PKTS=0 BYTES=0
Nov 14 18:39:06 10.0.0.2 dnsmasq[1]: 29422 192.168.1.180/59541 query[type=65] pubads.g.doubleclick.net from 192.168.1.180
Nov 14 18:39:07 10.0.0.2 ulogd[1267]: [NEW] ORIG: SRC=192.168.1.180 DST=192.168.1.1 PROTO=UDP SPT=63804 DPT=53 PKTS=0 BYTES=0 , REPLY: SRC=192.168.1.1 DST=192.168.1.180 PROTO=UDP SPT=53 DPT=63804 PKTS=0 BYTES=0
Nov 14 18:39:07 10.0.0.2 dnsmasq[1]: 29423 192.168.1.180/63804 query[A] pubads.g.doubleclick.net from 192.168.1.180
Nov 14 18:39:07 10.0.0.2 ulogd[1267]: [NEW] ORIG: SRC=fd02:c8be:1d40:0:89c6:4fae:69d2:328 DST=fd02:c8be:1d40::1 PROTO=UDP SPT=52024 DPT=53 PKTS=0 BYTES=0 , REPLY: SRC=fd02:c8be:1d40::1 DST=fd02:c8be:1d40:0:89c6:4fae:69d2:328 PROTO=UDP SPT=53 DPT=52024 PKTS=0 BYTES=0
Nov 14 18:39:07 10.0.0.2 dnsmasq[1]: 29423 192.168.1.180/63804 forwarded pubads.g.doubleclick.net to 194.50.85.7
Nov 14 18:39:07 10.0.0.2 dnsmasq[1]: 29423 fd02:c8be:1d40:0:89c6:4fae:69d2:328/58747 reply pubads.g.doubleclick.net is <CNAME>
