Nov 14 18:31:37 10.0.0.2 ulogd[1267]: [NEW] ORIG: SRC=fd02:c8be:1d40:0:89c6:4fae:69d2:328 DST=fd02:c8be:1d40::1 PROTO=UDP SPT=59986 DPT=53 PKTS=0 BYTES=0 , REPLY: SRC=fd02:c8be:1d40::1 DST=fd02:c8be:1d40:0:89c6:4fae:69d2:328 PROTO=UDP SPT=53 DPT=59986 PKTS=0 BYTES=0
Nov 14 18:31:37 10.0.0.2 dnsmasq[1]: 29246 fd02:c8be:1d40:0:89c6:4fae:69d2:328/59986 query[A] assets.msn.com from fd02:c8be:1d40:0:89c6:4fae:69d2:328
Nov 14 18:31:37 10.0.0.2 dnsmasq[1]: 29246 fd02:c8be:1d40:0:89c6:4fae:69d2:328/59986 forwarded assets.msn.com to 192.168.1.45
Nov 14 18:31:37 10.0.0.2 ulogd[1267]: [NEW] ORIG: SRC=fd02:c8be:1d40:0:89c6:4fae:69d2:328 DST=fd02:c8be:1d40::1 PROTO=UDP SPT=56452 DPT=53 PKTS=0 BYTES=0 , REPLY: SRC=fd02:c8be:1d40::1 DST=fd02:c8be:1d40:0:89c6:4fae:69d2:328 PROTO=UDP SPT=53 DPT=56452 PKTS=0 BYTES=0
Nov 14 18:31:37 10.0.0.2 ulogd[1267]: [NEW] ORIG: SRC=192.168.1.1 DST=192.168.1.45 PROTO=UDP SPT=42721 DPT=5353 PKTS=0 BYTES=0 , REPLY: SRC=192.168.1.45 DST=192.168.1.1 PROTO=UDP SPT=5353 DPT=42721 PKTS=0 BYTES=0
Nov 14 18:31:37 10.0.0.2 dnsmasq[1]: 29246 fd02:c8be:1d40:0:89c6:4fae:69d2:328/59986 forwarded assets.msn.com to 194.50.85.5
Nov 14 18:31:37 10.0.0.2 dnsmasq[1]: 29246 fd02:c8be:1d40:0:89c6:4fae:69d2:328/59986 forwarded assets.msn.com to 194.50.85.7
Nov 14 18:31:37 10.0.0.2 ulogd[1267]: [NEW] ORIG: SRC=176.36.141.89 DST=194.50.85.5 PROTO=UDP SPT=42721 DPT=53 PKTS=0 BYTES=0 , REPLY: SRC=194.50.85.5 DST=176.36.141.89 PROTO=UDP SPT=53 DPT=42721 PKTS=0 BYTES=0
Nov 14 18:31:37 10.0.0.2 dnsmasq[1]: 29247 fd02:c8be:1d40:0:89c6:4fae:69d2:328/56452 query[AAAA] assets.msn.com from fd02:c8be:1d40:0:89c6:4fae:69d2:328
Nov 14 18:31:37 10.0.0.2 dnsmasq[1]: 29247 fd02:c8be:1d40:0:89c6:4fae:69d2:328/56452 forwarded assets.msn.com to 194.50.85.7
Nov 14 18:31:37 10.0.0.2 ulogd[1267]: [NEW] ORIG: SRC=176.36.141.89 DST=194.50.85.7 PROTO=UDP SPT=42721 DPT=53 PKTS=0 BYTES=0 , REPLY: SRC=194.50.85.7 DST=176.36.141.89 PROTO=UDP SPT=53 DPT=42721 PKTS=0 BYTES=0
Nov 14 18:31:37 10.0.0.2 dnsmasq[1]: 29246 fd02:c8be:1d40:0:89c6:4fae:69d2:328/59986 reply assets.msn.com is <CNAME>
Nov 14 18:31:37 10.0.0.2 dnsmasq[1]: 29246 fd02:c8be:1d40:0:89c6:4fae:69d2:328/59986 reply assets.msn.com.edgekey.net is <CNAME>
Nov 14 18:31:37 10.0.0.2 dnsmasq[1]: 29246 fd02:c8be:1d40:0:89c6:4fae:69d2:328/59986 reply e28578.d.akamaiedge.net is 95.100.111.48
Nov 14 18:31:37 10.0.0.2 ulogd[1267]: [NEW] ORIG: SRC=176.36.141.89 DST=194.50.85.7 PROTO=UDP SPT=46412 DPT=53 PKTS=0 BYTES=0 , REPLY: SRC=194.50.85.7 DST=176.36.141.89 PROTO=UDP SPT=53 DPT=46412 PKTS=0 BYTES=0
Nov 14 18:31:37 10.0.0.2 dnsmasq[1]: 29246 fd02:c8be:1d40:0:89c6:4fae:69d2:328/59986 reply e28578.d.akamaiedge.net is 95.100.111.65
Nov 14 18:31:37 10.0.0.2 dnsmasq[1]: 29246 fd02:c8be:1d40:0:89c6:4fae:69d2:328/59986 reply e28578.d.akamaiedge.net is 95.100.111.82
Nov 14 18:31:37 10.0.0.2 dnsmasq[1]: 29246 fd02:c8be:1d40:0:89c6:4fae:69d2:328/59986 reply e28578.d.akamaiedge.net is 95.100.111.72
Nov 14 18:31:37 10.0.0.2 dnsmasq[1]: 29246 fd02:c8be:1d40:0:89c6:4fae:69d2:328/59986 reply e28578.d.akamaiedge.net is 95.100.111.11
Nov 14 18:31:37 10.0.0.2 dnsmasq[1]: 29246 fd02:c8be:1d40:0:89c6:4fae:69d2:328/59986 reply e28578.d.akamaiedge.net is 95.100.111.19
Nov 14 18:31:37 10.0.0.2 dnsmasq[1]: 29246 fd02:c8be:1d40:0:89c6:4fae:69d2:328/59986 reply e28578.d.akamaiedge.net is 95.100.111.105
Nov 14 18:31:37 10.0.0.2 dnsmasq[1]: 29246 fd02:c8be:1d40:0:89c6:4fae:69d2:328/59986 reply e28578.d.akamaiedge.net is 95.100.111.104
Nov 14 18:31:37 10.0.0.2 dnsmasq[1]: 29246 fd02:c8be:1d40:0:89c6:4fae:69d2:328/59986 reply e28578.d.akamaiedge.net is 95.100.111.8
Nov 14 18:31:37 10.0.0.2 dnsmasq[1]: 29247 fd02:c8be:1d40:0:89c6:4fae:69d2:328/56452 reply assets.msn.com is <CNAME>
Nov 14 18:31:37 10.0.0.2 dnsmasq[1]: 29247 fd02:c8be:1d40:0:89c6:4fae:69d2:328/56452 reply assets.msn.com.edgekey.net is <CNAME>
Nov 14 18:31:37 10.0.0.2 dnsmasq[1]: 29247 fd02:c8be:1d40:0:89c6:4fae:69d2:328/56452 reply e28578.d.akamaiedge.net is NODATA-IPv6
Nov 14 18:31:37 10.0.0.2 ulogd[1267]: [NEW] ORIG: SRC=192.168.1.180 DST=95.100.111.48 PROTO=TCP SPT=53001 DPT=443 PKTS=0 BYTES=0 , REPLY: SRC=95.100.111.48 DST=176.36.141.89 PROTO=TCP SPT=443 DPT=53001 PKTS=0 BYTES=0
Nov 14 18:31:38 10.0.0.2 ulogd[1267]: [NEW] ORIG: SRC=192.168.1.180 DST=96.16.54.75 PROTO=TCP SPT=53002 DPT=443 PKTS=0 BYTES=0 , REPLY: SRC=96.16.54.75 DST=176.36.141.89 PROTO=TCP SPT=443 DPT=53002 PKTS=0 BYTES=0
Nov 14 18:31:39 10.0.0.2 dnsmasq[1]: 29248 fd02:c8be:1d40:0:89c6:4fae:69d2:328/49498 query[A] assets.msn.com from fd02:c8be:1d40:0:89c6:4fae:69d2:328
Nov 14 18:31:39 10.0.0.2 dnsmasq[1]: 29248 fd02:c8be:1d40:0:89c6:4fae:69d2:328/49498 cached assets.msn.com is <CNAME>
Nov 14 18:31:39 10.0.0.2 ulogd[1267]: [NEW] ORIG: SRC=fd02:c8be:1d40:0:89c6:4fae:69d2:328 DST=fd02:c8be:1d40::1 PROTO=UDP SPT=49498 DPT=53 PKTS=0 BYTES=0 , REPLY: SRC=fd02:c8be:1d40::1 DST=fd02:c8be:1d40:0:89c6:4fae:69d2:328 PROTO=UDP SPT=53 DPT=49498 PKTS=0 BYTES=0
Nov 14 18:31:39 10.0.0.2 dnsmasq[1]: 29248 fd02:c8be:1d40:0:89c6:4fae:69d2:328/49498 cached assets.msn.com.edgekey.net is <CNAME>
Nov 14 18:31:39 10.0.0.2 ulogd[1267]: [NEW] ORIG: SRC=fd02:c8be:1d40:0:89c6:4fae:69d2:328 DST=fd02:c8be:1d40::1 PROTO=UDP SPT=55392 DPT=53 PKTS=0 BYTES=0 , REPLY: SRC=fd02:c8be:1d40::1 DST=fd02:c8be:1d40:0:89c6:4fae:69d2:328 PROTO=UDP SPT=53 DPT=55392 PKTS=0 BYTES=0
Nov 14 18:31:39 10.0.0.2 dnsmasq[1]: 29248 fd02:c8be:1d40:0:89c6:4fae:69d2:328/49498 forwarded assets.msn.com to 194.50.85.7
Nov 14 18:31:39 10.0.0.2 ulogd[1267]: [DESTROY] ORIG: SRC=192.168.1.1 DST=192.168.1.45 PROTO=UDP SPT=46566 DPT=5353 PKTS=1 BYTES=71 , REPLY: SRC=192.168.1.45 DST=192.168.1.1 PROTO=UDP SPT=5353 DPT=46566 PKTS=0 BYTES=0
Nov 14 18:31:39 10.0.0.2 dnsmasq[1]: 29249 fd02:c8be:1d40:0:89c6:4fae:69d2:328/55392 query[type=65] assets.msn.com from fd02:c8be:1d40:0:89c6:4fae:69d2:328
Nov 14 18:31:39 10.0.0.2 dnsmasq[1]: 29249 fd02:c8be:1d40:0:89c6:4fae:69d2:328/55392 cached assets.msn.com is <CNAME>
Nov 14 18:31:39 10.0.0.2 dnsmasq[1]: 29249 fd02:c8be:1d40:0:89c6:4fae:69d2:328/55392 forwarded assets.msn.com to 194.50.85.7
Nov 14 18:31:39 10.0.0.2 ulogd[1267]: [NEW] ORIG: SRC=fd02:c8be:1d40:0:89c6:4fae:69d2:328 DST=fd02:c8be:1d40::1 PROTO=UDP SPT=53462 DPT=53 PKTS=0 BYTES=0 , REPLY: SRC=fd02:c8be:1d40::1 DST=fd02:c8be:1d40:0:89c6:4fae:69d2:328 PROTO=UDP SPT=53 DPT=53462 PKTS=0 BYTES=0
Nov 14 18:31:39 10.0.0.2 dnsmasq[1]: 29248 fd02:c8be:1d40:0:89c6:4fae:69d2:328/49498 reply assets.msn.com is <CNAME>
Nov 14 18:31:39 10.0.0.2 ulogd[1267]: [NEW] ORIG: SRC=fd02:c8be:1d40:0:89c6:4fae:69d2:328 DST=fd02:c8be:1d40::1 PROTO=UDP SPT=61972 DPT=53 PKTS=0 BYTES=0 , REPLY: SRC=fd02:c8be:1d40::1 DST=fd02:c8be:1d40:0:89c6:4fae:69d2:328 PROTO=UDP SPT=53 DPT=61972 PKTS=0 BYTES=0
Nov 14 18:31:39 10.0.0.2 dnsmasq[1]: 29248 fd02:c8be:1d40:0:89c6:4fae:69d2:328/49498 reply assets.msn.com.edgekey.net is <CNAME>
Nov 14 18:31:39 10.0.0.2 dnsmasq[1]: 29248 fd02:c8be:1d40:0:89c6:4fae:69d2:328/49498 reply e28578.d.akamaiedge.net is 95.100.111.73
Nov 14 18:31:39 10.0.0.2 ulogd[1267]: [NEW] ORIG: SRC=176.36.141.89 DST=194.50.85.7 PROTO=UDP SPT=39125 DPT=53 PKTS=0 BYTES=0 , REPLY: SRC=194.50.85.7 DST=176.36.141.89 PROTO=UDP SPT=53 DPT=39125 PKTS=0 BYTES=0
Nov 14 18:31:39 10.0.0.2 dnsmasq[1]: 29248 fd02:c8be:1d40:0:89c6:4fae:69d2:328/49498 reply e28578.d.akamaiedge.net is 95.100.111.11
Nov 14 18:31:39 10.0.0.2 ulogd[1267]: [NEW] ORIG: SRC=176.36.141.89 DST=194.50.85.7 PROTO=UDP SPT=57816 DPT=53 PKTS=0 BYTES=0 , REPLY: SRC=194.50.85.7 DST=176.36.141.89 PROTO=UDP SPT=53 DPT=57816 PKTS=0 BYTES=0
Nov 14 18:31:39 10.0.0.2 dnsmasq[1]: 29248 fd02:c8be:1d40:0:89c6:4fae:69d2:328/49498 reply e28578.d.akamaiedge.net is 95.100.111.8
Nov 14 18:31:39 10.0.0.2 dnsmasq[1]: 29248 fd02:c8be:1d40:0:89c6:4fae:69d2:328/49498 reply e28578.d.akamaiedge.net is 95.100.111.19
Nov 14 18:31:39 10.0.0.2 dnsmasq[1]: 29248 fd02:c8be:1d40:0:89c6:4fae:69d2:328/49498 reply e28578.d.akamaiedge.net is 95.100.111.48
Nov 14 18:31:39 10.0.0.2 dnsmasq[1]: 29248 fd02:c8be:1d40:0:89c6:4fae:69d2:328/49498 reply e28578.d.akamaiedge.net is 95.100.111.72
Nov 14 18:31:39 10.0.0.2 dnsmasq[1]: 29248 fd02:c8be:1d40:0:89c6:4fae:69d2:328/49498 reply e28578.d.akamaiedge.net is 95.100.111.104
Nov 14 18:31:39 10.0.0.2 dnsmasq[1]: 29248 fd02:c8be:1d40:0:89c6:4fae:69d2:328/49498 reply e28578.d.akamaiedge.net is 95.100.111.66
Nov 14 18:31:39 10.0.0.2 dnsmasq[1]: 29248 fd02:c8be:1d40:0:89c6:4fae:69d2:328/49498 reply e28578.d.akamaiedge.net is 95.100.111.97
Nov 14 18:31:39 10.0.0.2 dnsmasq[1]: 29250 fd02:c8be:1d40:0:89c6:4fae:69d2:328/53462 query[A] www.msn.com from fd02:c8be:1d40:0:89c6:4fae:69d2:328
Nov 14 18:31:39 10.0.0.2 ulogd[1267]: [DESTROY] ORIG: SRC=192.168.1.1 DST=192.168.1.45 PROTO=UDP SPT=38410 DPT=5353 PKTS=1 BYTES=63 , REPLY: SRC=192.168.1.45 DST=192.168.1.1 PROTO=UDP SPT=5353 DPT=38410 PKTS=0 BYTES=0
Nov 14 18:31:39 10.0.0.2 dnsmasq[1]: 29250 fd02:c8be:1d40:0:89c6:4fae:69d2:328/53462 forwarded www.msn.com to 194.50.85.7
Nov 14 18:31:39 10.0.0.2 ulogd[1267]: [NEW] ORIG: SRC=176.36.141.89 DST=194.50.85.7 PROTO=UDP SPT=41550 DPT=53 PKTS=0 BYTES=0 , REPLY: SRC=194.50.85.7 DST=176.36.141.89 PROTO=UDP SPT=53 DPT=41550 PKTS=0 BYTES=0
Nov 14 18:31:39 10.0.0.2 dnsmasq[1]: 29250 fd02:c8be:1d40:0:89c6:4fae:69d2:328/53462 reply www.msn.com is <CNAME>
Nov 14 18:31:39 10.0.0.2 dnsmasq[1]: 29250 fd02:c8be:1d40:0:89c6:4fae:69d2:328/53462 reply www-msn-com.a-0003.a-msedge.net is <CNAME>
Nov 14 18:31:39 10.0.0.2 dnsmasq[1]: 29250 fd02:c8be:1d40:0:89c6:4fae:69d2:328/53462 reply a-0003.a-msedge.net is 204.79.197.203
Nov 14 18:31:39 10.0.0.2 dnsmasq[1]: 29249 fd02:c8be:1d40:0:89c6:4fae:69d2:328/55392 reply assets.msn.com is <CNAME>
Nov 14 18:31:39 10.0.0.2 dnsmasq[1]: 29249 fd02:c8be:1d40:0:89c6:4fae:69d2:328/55392 reply assets.msn.com.edgekey.net is <CNAME>
Nov 14 18:31:39 10.0.0.2 dnsmasq[1]: 29249 fd02:c8be:1d40:0:89c6:4fae:69d2:328/55392 reply e28578.d.akamaiedge.net is NODATA
Nov 14 18:31:39 10.0.0.2 dnsmasq[1]: 29251 fd02:c8be:1d40:0:89c6:4fae:69d2:328/61972 query[type=65] www.msn.com from fd02:c8be:1d40:0:89c6:4fae:69d2:328
Nov 14 18:31:39 10.0.0.2 dnsmasq[1]: 29251 fd02:c8be:1d40:0:89c6:4fae:69d2:328/61972 cached www.msn.com is <CNAME>
Nov 14 18:31:39 10.0.0.2 dnsmasq[1]: 29251 fd02:c8be:1d40:0:89c6:4fae:69d2:328/61972 cached www-msn-com.a-0003.a-msedge.net is <CNAME>
Nov 14 18:31:39 10.0.0.2 dnsmasq[1]: 29251 fd02:c8be:1d40:0:89c6:4fae:69d2:328/61972 forwarded www.msn.com to 194.50.85.7
Nov 14 18:31:39 10.0.0.2 ulogd[1267]: [NEW] ORIG: SRC=176.36.141.89 DST=194.50.85.7 PROTO=UDP SPT=35412 DPT=53 PKTS=0 BYTES=0 , REPLY: SRC=194.50.85.7 DST=176.36.141.89 PROTO=UDP SPT=53 DPT=35412 PKTS=0 BYTES=0
Nov 14 18:31:39 10.0.0.2 ulogd[1267]: [NEW] ORIG: SRC=192.168.1.180 DST=95.100.111.73 PROTO=TCP SPT=53003 DPT=443 PKTS=0 BYTES=0 , REPLY: SRC=95.100.111.73 DST=176.36.141.89 PROTO=TCP SPT=443 DPT=53003 PKTS=0 BYTES=0
Nov 14 18:31:39 10.0.0.2 dnsmasq[1]: 29251 fd02:c8be:1d40:0:89c6:4fae:69d2:328/61972 reply www.msn.com is <CNAME>
Nov 14 18:31:39 10.0.0.2 dnsmasq[1]: 29251 fd02:c8be:1d40:0:89c6:4fae:69d2:328/61972 reply www-msn-com.a-0003.a-msedge.net is <CNAME>
Nov 14 18:31:39 10.0.0.2 dnsmasq[1]: 29251 fd02:c8be:1d40:0:89c6:4fae:69d2:328/61972 reply a-0003.a-msedge.net is NODATA
Nov 14 18:31:39 10.0.0.2 ulogd[1267]: [NEW] ORIG: SRC=192.168.1.180 DST=204.79.197.203 PROTO=TCP SPT=53004 DPT=443 PKTS=0 BYTES=0 , REPLY: SRC=204.79.197.203 DST=176.36.141.89 PROTO=TCP SPT=443 DPT=53004 PKTS=0 BYTES=0
Nov 14 18:31:39 10.0.0.2 ulogd[1267]: [NEW] ORIG: SRC=192.168.1.180 DST=204.79.197.203 PROTO=TCP SPT=53005 DPT=443 PKTS=0 BYTES=0 , REPLY: SRC=204.79.197.203 DST=176.36.141.89 PROTO=TCP SPT=443 DPT=53005 PKTS=0 BYTES=0
Nov 14 18:31:39 10.0.0.2 dnsmasq[1]: 29252 fd02:c8be:1d40:0:89c6:4fae:69d2:328/56452 query[A] event.shelljacket.us from fd02:c8be:1d40:0:89c6:4fae:69d2:328
Nov 14 18:31:39 10.0.0.2 dnsmasq[1]: 29252 fd02:c8be:1d40:0:89c6:4fae:69d2:328/56452 forwarded event.shelljacket.us to 194.50.85.7
Nov 14 18:31:39 10.0.0.2 ulogd[1267]: [NEW] ORIG: SRC=176.36.141.89 DST=194.50.85.7 PROTO=UDP SPT=41889 DPT=53 PKTS=0 BYTES=0 , REPLY: SRC=194.50.85.7 DST=176.36.141.89 PROTO=UDP SPT=53 DPT=41889 PKTS=0 BYTES=0
Nov 14 18:31:39 10.0.0.2 dnsmasq[1]: 29252 fd02:c8be:1d40:0:89c6:4fae:69d2:328/56452 reply event.shelljacket.us is 138.68.101.1
Nov 14 18:31:39 10.0.0.2 dnsmasq[1]: 29252 fd02:c8be:1d40:0:89c6:4fae:69d2:328/56452 reply event.shelljacket.us is 138.68.77.102
Nov 14 18:31:39 10.0.0.2 dnsmasq[1]: 29252 fd02:c8be:1d40:0:89c6:4fae:69d2:328/56452 reply event.shelljacket.us is 46.101.131.214
Nov 14 18:31:39 10.0.0.2 dnsmasq[1]: 29252 fd02:c8be:1d40:0:89c6:4fae:69d2:328/56452 reply event.shelljacket.us is 159.89.100.215
Nov 14 18:31:39 10.0.0.2 dnsmasq[1]: 29252 fd02:c8be:1d40:0:89c6:4fae:69d2:328/56452 reply event.shelljacket.us is 138.68.92.190
Nov 14 18:31:39 10.0.0.2 dnsmasq[1]: 29252 fd02:c8be:1d40:0:89c6:4fae:69d2:328/56452 reply event.shelljacket.us is 159.89.27.102
Nov 14 18:31:39 10.0.0.2 dnsmasq[1]: 29252 fd02:c8be:1d40:0:89c6:4fae:69d2:328/56452 reply event.shelljacket.us is 46.101.131.99
Nov 14 18:31:39 10.0.0.2 ulogd[1267]: [NEW] ORIG: SRC=192.168.1.180 DST=138.68.101.1 PROTO=TCP SPT=53006 DPT=443 PKTS=0 BYTES=0 , REPLY: SRC=138.68.101.1 DST=176.36.141.89 PROTO=TCP SPT=443 DPT=53006 PKTS=0 BYTES=0
Nov 14 18:31:40 10.0.0.2 ulogd[1267]: [NEW] ORIG: SRC=fd02:c8be:1d40:0:89c6:4fae:69d2:328 DST=fd02:c8be:1d40::1 PROTO=UDP SPT=52027 DPT=53 PKTS=0 BYTES=0 , REPLY: SRC=fd02:c8be:1d40::1 DST=fd02:c8be:1d40:0:89c6:4fae:69d2:328 PROTO=UDP SPT=53 DPT=52027 PKTS=0 BYTES=0
Nov 14 18:31:40 10.0.0.2 dnsmasq[1]: 29253 fd02:c8be:1d40:0:89c6:4fae:69d2:328/52027 query[A] img.s-msn.com from fd02:c8be:1d40:0:89c6:4fae:69d2:328
Nov 14 18:31:40 10.0.0.2 ulogd[1267]: [NEW] ORIG: SRC=fd02:c8be:1d40:0:89c6:4fae:69d2:328 DST=fd02:c8be:1d40::1 PROTO=UDP SPT=50671 DPT=53 PKTS=0 BYTES=0 , REPLY: SRC=fd02:c8be:1d40::1 DST=fd02:c8be:1d40:0:89c6:4fae:69d2:328 PROTO=UDP SPT=53 DPT=50671 PKTS=0 BYTES=0
Nov 14 18:31:40 10.0.0.2 ulogd[1267]: [NEW] ORIG: SRC=176.36.141.89 DST=194.50.85.7 PROTO=UDP SPT=36531 DPT=53 PKTS=0 BYTES=0 , REPLY: SRC=194.50.85.7 DST=176.36.141.89 PROTO=UDP SPT=53 DPT=36531 PKTS=0 BYTES=0
Nov 14 18:31:40 10.0.0.2 dnsmasq[1]: 29253 fd02:c8be:1d40:0:89c6:4fae:69d2:328/52027 forwarded img.s-msn.com to 194.50.85.7
Nov 14 18:31:40 10.0.0.2 dnsmasq[1]: 29254 fd02:c8be:1d40:0:89c6:4fae:69d2:328/50671 query[type=65] img.s-msn.com from fd02:c8be:1d40:0:89c6:4fae:69d2:328
Nov 14 18:31:40 10.0.0.2 dnsmasq[1]: 29254 fd02:c8be:1d40:0:89c6:4fae:69d2:328/50671 forwarded img.s-msn.com to 194.50.85.7
Nov 14 18:31:40 10.0.0.2 ulogd[1267]: [NEW] ORIG: SRC=176.36.141.89 DST=194.50.85.7 PROTO=UDP SPT=38006 DPT=53 PKTS=0 BYTES=0 , REPLY: SRC=194.50.85.7 DST=176.36.141.89 PROTO=UDP SPT=53 DPT=38006 PKTS=0 BYTES=0
Nov 14 18:31:40 10.0.0.2 dnsmasq[1]: 29253 fd02:c8be:1d40:0:89c6:4fae:69d2:328/52027 reply img.s-msn.com is <CNAME>
Nov 14 18:31:40 10.0.0.2 dnsmasq[1]: 29253 fd02:c8be:1d40:0:89c6:4fae:69d2:328/52027 reply wildcard.s-msn.com.edgekey.net is <CNAME>
Nov 14 18:31:40 10.0.0.2 dnsmasq[1]: 29253 fd02:c8be:1d40:0:89c6:4fae:69d2:328/52027 reply e7341.g.akamaiedge.net is 104.81.113.20
Nov 14 18:31:40 10.0.0.2 dnsmasq[1]: 29254 fd02:c8be:1d40:0:89c6:4fae:69d2:328/50671 reply img.s-msn.com is <CNAME>
Nov 14 18:31:40 10.0.0.2 dnsmasq[1]: 29254 fd02:c8be:1d40:0:89c6:4fae:69d2:328/50671 reply wildcard.s-msn.com.edgekey.net is <CNAME>
Nov 14 18:31:40 10.0.0.2 dnsmasq[1]: 29254 fd02:c8be:1d40:0:89c6:4fae:69d2:328/50671 reply e7341.g.akamaiedge.net is NODATA
Nov 14 18:31:40 10.0.0.2 ulogd[1267]: [NEW] ORIG: SRC=192.168.1.180 DST=104.81.113.20 PROTO=TCP SPT=53007 DPT=443 PKTS=0 BYTES=0 , REPLY: SRC=104.81.113.20 DST=176.36.141.89 PROTO=TCP SPT=443 DPT=53007 PKTS=0 BYTES=0
Nov 14 18:31:52 10.0.0.2 ulogd[1267]: [DESTROY] ORIG: SRC=161.189.69.123 DST=176.36.141.89 PROTO=ICMP TYPE=0 CODE=8 PKTS=1 BYTES=36 , REPLY: SRC=176.36.141.89 DST=161.189.69.123 PROTO=ICMP TYPE=0 CODE=8 PKTS=1 BYTES=36
Nov 14 18:31:54 10.0.0.2 ulogd[1267]: [DESTROY] ORIG: SRC=192.168.1.180 DST=35.186.224.18 PROTO=UDP SPT=61845 DPT=443 PKTS=23 BYTES=15886 , REPLY: SRC=35.186.224.18 DST=176.36.141.89 PROTO=UDP SPT=443 DPT=61845 PKTS=20 BYTES=5114
Nov 14 18:31:54 10.0.0.2 dnsmasq[1]: 29255 fd02:c8be:1d40:0:89c6:4fae:69d2:328/53450 query[A] spclient.wg.spotify.com from fd02:c8be:1d40:0:89c6:4fae:69d2:328
Nov 14 18:31:54 10.0.0.2 ulogd[1267]: [NEW] ORIG: SRC=fd02:c8be:1d40:0:89c6:4fae:69d2:328 DST=fd02:c8be:1d40::1 PROTO=UDP SPT=53450 DPT=53 PKTS=0 BYTES=0 , REPLY: SRC=fd02:c8be:1d40::1 DST=fd02:c8be:1d40:0:89c6:4fae:69d2:328 PROTO=UDP SPT=53 DPT=53450 PKTS=0 BYTES=0
Nov 14 18:31:54 10.0.0.2 dnsmasq[1]: 29255 fd02:c8be:1d40:0:89c6:4fae:69d2:328/53450 forwarded spclient.wg.spotify.com to 194.50.85.7
Nov 14 18:31:54 10.0.0.2 ulogd[1267]: [NEW] ORIG: SRC=fd02:c8be:1d40:0:89c6:4fae:69d2:328 DST=fd02:c8be:1d40::1 PROTO=UDP SPT=64672 DPT=53 PKTS=0 BYTES=0 , REPLY: SRC=fd02:c8be:1d40::1 DST=fd02:c8be:1d40:0:89c6:4fae:69d2:328 PROTO=UDP SPT=53 DPT=64672 PKTS=0 BYTES=0
Nov 14 18:31:54 10.0.0.2 dnsmasq[1]: 29255 fd02:c8be:1d40:0:89c6:4fae:69d2:328/53450 reply spclient.wg.spotify.com is <CNAME>
Nov 14 18:31:54 10.0.0.2 ulogd[1267]: [NEW] ORIG: SRC=176.36.141.89 DST=194.50.85.7 PROTO=UDP SPT=57208 DPT=53 PKTS=0 BYTES=0 , REPLY: SRC=194.50.85.7 DST=176.36.141.89 PROTO=UDP SPT=53 DPT=57208 PKTS=0 BYTES=0
Nov 14 18:31:54 10.0.0.2 dnsmasq[1]: 29255 fd02:c8be:1d40:0:89c6:4fae:69d2:328/53450 reply edge-web.dual-gslb.spotify.com is 35.186.224.25
Nov 14 18:31:54 10.0.0.2 dnsmasq[1]: 29256 fd02:c8be:1d40:0:89c6:4fae:69d2:328/64672 query[type=65] spclient.wg.spotify.com from fd02:c8be:1d40:0:89c6:4fae:69d2:328
Nov 14 18:31:54 10.0.0.2 dnsmasq[1]: 29256 fd02:c8be:1d40:0:89c6:4fae:69d2:328/64672 cached spclient.wg.spotify.com is <CNAME>
Nov 14 18:31:54 10.0.0.2 dnsmasq[1]: 29256 fd02:c8be:1d40:0:89c6:4fae:69d2:328/64672 forwarded spclient.wg.spotify.com to 194.50.85.7
Nov 14 18:31:54 10.0.0.2 dnsmasq[1]: 29256 fd02:c8be:1d40:0:89c6:4fae:69d2:328/64672 reply spclient.wg.spotify.com is <CNAME>
Nov 14 18:31:54 10.0.0.2 dnsmasq[1]: 29256 fd02:c8be:1d40:0:89c6:4fae:69d2:328/64672 reply edge-web.dual-gslb.spotify.com is NODATA
Nov 14 18:31:54 10.0.0.2 ulogd[1267]: [NEW] ORIG: SRC=176.36.141.89 DST=194.50.85.7 PROTO=UDP SPT=44698 DPT=53 PKTS=0 BYTES=0 , REPLY: SRC=194.50.85.7 DST=176.36.141.89 PROTO=UDP SPT=53 DPT=44698 PKTS=0 BYTES=0
Nov 14 18:31:54 10.0.0.2 ulogd[1267]: [NEW] ORIG: SRC=192.168.1.180 DST=35.186.224.25 PROTO=UDP SPT=55887 DPT=443 PKTS=0 BYTES=0 , REPLY: SRC=35.186.224.25 DST=176.36.141.89 PROTO=UDP SPT=443 DPT=55887 PKTS=0 BYTES=0
Nov 14 18:31:58 10.0.0.2 ulogd[1267]: [DESTROY] ORIG: SRC=fe80::b295:75ff:fe15:6fa5 DST=ff02::1:2 PROTO=UDP SPT=546 DPT=547 PKTS=1 BYTES=150 , REPLY: SRC=ff02::1:2 DST=fe80::b295:75ff:fe15:6fa5 PROTO=UDP SPT=547 DPT=546 PKTS=0 BYTES=0
Nov 14 18:31:58 10.0.0.2 ulogd[1267]: [DESTROY] ORIG: SRC=176.36.141.89 DST=194.50.85.7 PROTO=UDP SPT=42302 DPT=53 PKTS=2 BYTES=138 , REPLY: SRC=194.50.85.7 DST=176.36.141.89 PROTO=UDP SPT=53 DPT=42302 PKTS=1 BYTES=144
Nov 14 18:31:58 10.0.0.2 ulogd[1267]: [DESTROY] ORIG: SRC=fd02:c8be:1d40:0:89c6:4fae:69d2:328 DST=fd02:c8be:1d40::1 PROTO=UDP SPT=64585 DPT=53 PKTS=1 BYTES=89 , REPLY: SRC=fd02:c8be:1d40::1 DST=fd02:c8be:1d40:0:89c6:4fae:69d2:328 PROTO=UDP SPT=53 DPT=64585 PKTS=1 BYTES=138
Nov 14 18:31:58 10.0.0.2 ulogd[1267]: [DESTROY] ORIG: SRC=176.36.141.89 DST=194.50.85.5 PROTO=UDP SPT=38410 DPT=53 PKTS=1 BYTES=63 , REPLY: SRC=194.50.85.5 DST=176.36.141.89 PROTO=UDP SPT=53 DPT=38410 PKTS=1 BYTES=158
Nov 14 18:31:58 10.0.0.2 ulogd[1267]: [DESTROY] ORIG: SRC=192.168.1.180 DST=35.186.224.18 PROTO=UDP SPT=49291 DPT=443 PKTS=28 BYTES=4652 , REPLY: SRC=35.186.224.18 DST=176.36.141.89 PROTO=UDP SPT=443 DPT=49291 PKTS=29 BYTES=5794
Nov 14 18:31:58 10.0.0.2 ulogd[1267]: [DESTROY] ORIG: SRC=fd02:c8be:1d40:0:89c6:4fae:69d2:328 DST=fd02:c8be:1d40::1 PROTO=UDP SPT=61577 DPT=53 PKTS=1 BYTES=89 , REPLY: SRC=fd02:c8be:1d40::1 DST=fd02:c8be:1d40:0:89c6:4fae:69d2:328 PROTO=UDP SPT=53 DPT=61577 PKTS=1 BYTES=138
Nov 14 18:31:58 10.0.0.2 ulogd[1267]: [DESTROY] ORIG: SRC=192.168.1.45 DST=192.0.73.2 PROTO=TCP SPT=34808 DPT=443 PKTS=17 BYTES=1580 , REPLY: SRC=192.0.73.2 DST=176.36.141.89 PROTO=TCP SPT=443 DPT=34808 PKTS=20 BYTES=6768
Nov 14 18:31:58 10.0.0.2 ulogd[1267]: [DESTROY] ORIG: SRC=176.36.141.89 DST=194.50.85.7 PROTO=UDP SPT=50591 DPT=53 PKTS=1 BYTES=71 , REPLY: SRC=194.50.85.7 DST=176.36.141.89 PROTO=UDP SPT=53 DPT=50591 PKTS=1 BYTES=125
Nov 14 18:31:58 10.0.0.2 ulogd[1267]: [DESTROY] ORIG: SRC=176.36.141.89 DST=194.50.85.7 PROTO=UDP SPT=42422 DPT=53 PKTS=2 BYTES=138 , REPLY: SRC=194.50.85.7 DST=176.36.141.89 PROTO=UDP SPT=53 DPT=42422 PKTS=1 BYTES=193
Nov 14 18:31:58 10.0.0.2 ulogd[1267]: [DESTROY] ORIG: SRC=192.168.1.180 DST=35.186.224.18 PROTO=TCP SPT=52921 DPT=443 PKTS=11 BYTES=1118 , REPLY: SRC=35.186.224.18 DST=176.36.141.89 PROTO=TCP SPT=443 DPT=52921 PKTS=9 BYTES=4373
Nov 14 18:31:58 10.0.0.2 ulogd[1267]: [DESTROY] ORIG: SRC=192.168.1.180 DST=35.186.224.25 PROTO=UDP SPT=58467 DPT=443 PKTS=33 BYTES=6260 , REPLY: SRC=35.186.224.25 DST=176.36.141.89 PROTO=UDP SPT=443 DPT=58467 PKTS=46 BYTES=34127
Nov 14 18:31:58 10.0.0.2 ulogd[1267]: [DESTROY] ORIG: SRC=176.36.141.89 DST=194.50.85.7 PROTO=UDP SPT=58993 DPT=53 PKTS=1 BYTES=63 , REPLY: SRC=194.50.85.7 DST=176.36.141.89 PROTO=UDP SPT=53 DPT=58993 PKTS=1 BYTES=168
Nov 14 18:31:58 10.0.0.2 ulogd[1267]: [DESTROY] ORIG: SRC=fd02:c8be:1d40:0:89c6:4fae:69d2:328 DST=fd02:c8be:1d40::1 PROTO=UDP SPT=62620 DPT=53 PKTS=1 BYTES=89 , REPLY: SRC=fd02:c8be:1d40::1 DST=fd02:c8be:1d40:0:89c6:4fae:69d2:328 PROTO=UDP SPT=53 DPT=62620 PKTS=1 BYTES=213
Nov 14 18:31:58 10.0.0.2 ulogd[1267]: [DESTROY] ORIG: SRC=fd02:c8be:1d40:0:89c6:4fae:69d2:328 DST=fd02:c8be:1d40::1 PROTO=UDP SPT=58551 DPT=53 PKTS=1 BYTES=89 , REPLY: SRC=fd02:c8be:1d40::1 DST=fd02:c8be:1d40:0:89c6:4fae:69d2:328 PROTO=UDP SPT=53 DPT=58551 PKTS=1 BYTES=187
Nov 14 18:31:58 10.0.0.2 ulogd[1267]: [DESTROY] ORIG: SRC=fd02:c8be:1d40:0:89c6:4fae:69d2:328 DST=fd02:c8be:1d40::1 PROTO=UDP SPT=61915 DPT=53 PKTS=1 BYTES=91 , REPLY: SRC=fd02:c8be:1d40::1 DST=fd02:c8be:1d40:0:89c6:4fae:69d2:328 PROTO=UDP SPT=53 DPT=61915 PKTS=1 BYTES=156
Nov 14 18:31:58 10.0.0.2 ulogd[1267]: [DESTROY] ORIG: SRC=192.168.1.1 DST=192.168.1.45 PROTO=UDP SPT=53598 DPT=5353 PKTS=1 BYTES=64 , REPLY: SRC=192.168.1.45 DST=192.168.1.1 PROTO=UDP SPT=5353 DPT=53598 PKTS=0 BYTES=0
Nov 14 18:31:58 10.0.0.2 ulogd[1267]: [DESTROY] ORIG: SRC=52.82.31.142 DST=176.36.141.89 PROTO=ICMP TYPE=0 CODE=8 PKTS=1 BYTES=36 , REPLY: SRC=176.36.141.89 DST=52.82.31.142 PROTO=ICMP TYPE=0 CODE=8 PKTS=1 BYTES=36
Nov 14 18:31:58 10.0.0.2 ulogd[1267]: [DESTROY] ORIG: SRC=192.168.1.180 DST=35.186.224.18 PROTO=UDP SPT=58982 DPT=443 PKTS=9 BYTES=4360 , REPLY: SRC=35.186.224.18 DST=176.36.141.89 PROTO=UDP SPT=443 DPT=58982 PKTS=9 BYTES=4301
Nov 14 18:31:58 10.0.0.2 ulogd[1267]: [DESTROY] ORIG: SRC=fd02:c8be:1d40:0:89c6:4fae:69d2:328 DST=fd02:c8be:1d40::1 PROTO=UDP SPT=53853 DPT=53 PKTS=1 BYTES=89 , REPLY: SRC=fd02:c8be:1d40::1 DST=fd02:c8be:1d40:0:89c6:4fae:69d2:328 PROTO=UDP SPT=53 DPT=53853 PKTS=1 BYTES=164
Nov 14 18:31:58 10.0.0.2 ulogd[1267]: [DESTROY] ORIG: SRC=192.168.1.180 DST=138.68.101.1 PROTO=TCP SPT=53006 DPT=443 PKTS=12 BYTES=2829 , REPLY: SRC=138.68.101.1 DST=176.36.141.89 PROTO=TCP SPT=443 DPT=53006 PKTS=10 BYTES=5423
Nov 14 18:31:58 10.0.0.2 ulogd[1267]: [DESTROY] ORIG: SRC=192.168.1.180 DST=192.168.1.1 PROTO=UDP SPT=58624 DPT=53 PKTS=1 BYTES=63 , REPLY: SRC=192.168.1.1 DST=192.168.1.180 PROTO=UDP SPT=53 DPT=58624 PKTS=1 BYTES=158
Nov 14 18:31:58 10.0.0.2 ulogd[1267]: [DESTROY] ORIG: SRC=fd02:c8be:1d40:0:89c6:4fae:69d2:328 DST=fd02:c8be:1d40::1 PROTO=UDP SPT=61471 DPT=53 PKTS=1 BYTES=89 , REPLY: SRC=fd02:c8be:1d40::1 DST=fd02:c8be:1d40:0:89c6:4fae:69d2:328 PROTO=UDP SPT=53 DPT=61471 PKTS=1 BYTES=213
Nov 14 18:31:58 10.0.0.2 ulogd[1267]: [DESTROY] ORIG: SRC=192.168.1.180 DST=62.140.236.162 PROTO=TCP SPT=52983 DPT=443 PKTS=15 BYTES=1532 , REPLY: SRC=62.140.236.162 DST=176.36.141.89 PROTO=TCP SPT=443 DPT=52983 PKTS=19 BYTES=5929
Nov 14 18:31:58 10.0.0.2 ulogd[1267]: [DESTROY] ORIG: SRC=176.36.141.89 DST=194.50.85.7 PROTO=UDP SPT=34142 DPT=53 PKTS=2 BYTES=132 , REPLY: SRC=194.50.85.7 DST=176.36.141.89 PROTO=UDP SPT=53 DPT=34142 PKTS=0 BYTES=0
Nov 14 18:31:58 10.0.0.2 ulogd[1267]: [DESTROY] ORIG: SRC=192.168.1.45 DST=3.216.34.172 PROTO=TCP SPT=34454 DPT=443 PKTS=16 BYTES=1441 , REPLY: SRC=3.216.34.172 DST=176.36.141.89 PROTO=TCP SPT=443 DPT=34454 PKTS=13 BYTES=6773
Nov 14 18:31:58 10.0.0.2 ulogd[1267]: [DESTROY] ORIG: SRC=fd02:c8be:1d40:0:89c6:4fae:69d2:328 DST=fd02:c8be:1d40::1 PROTO=UDP SPT=64573 DPT=53 PKTS=1 BYTES=91 , REPLY: SRC=fd02:c8be:1d40::1 DST=fd02:c8be:1d40:0:89c6:4fae:69d2:328 PROTO=UDP SPT=53 DPT=64573 PKTS=1 BYTES=194
Nov 14 18:31:58 10.0.0.2 ulogd[1267]: [DESTROY] ORIG: SRC=192.168.1.180 DST=192.168.1.1 PROTO=UDP SPT=51521 DPT=53 PKTS=1 BYTES=66 , REPLY: SRC=192.168.1.1 DST=192.168.1.180 PROTO=UDP SPT=53 DPT=51521 PKTS=1 BYTES=178
Nov 14 18:31:58 10.0.0.2 ulogd[1267]: [DESTROY] ORIG: SRC=192.168.1.180 DST=192.168.1.1 PROTO=UDP SPT=64439 DPT=53 PKTS=1 BYTES=59 , REPLY: SRC=192.168.1.1 DST=192.168.1.180 PROTO=UDP SPT=53 DPT=64439 PKTS=1 BYTES=75
Nov 14 18:31:58 10.0.0.2 ulogd[1267]: [DESTROY] ORIG: SRC=68.79.22.49 DST=176.36.141.89 PROTO=ICMP TYPE=0 CODE=8 PKTS=1 BYTES=36 , REPLY: SRC=176.36.141.89 DST=68.79.22.49 PROTO=ICMP TYPE=0 CODE=8 PKTS=1 BYTES=36
Nov 14 18:31:58 10.0.0.2 ulogd[1267]: [DESTROY] ORIG: SRC=176.36.141.89 DST=194.50.85.5 PROTO=UDP SPT=49357 DPT=53 PKTS=1 BYTES=77 , REPLY: SRC=194.50.85.5 DST=176.36.141.89 PROTO=UDP SPT=53 DPT=49357 PKTS=1 BYTES=93
Nov 14 18:31:58 10.0.0.2 ulogd[1267]: [DESTROY] ORIG: SRC=176.36.141.89 DST=194.50.85.7 PROTO=UDP SPT=46566 DPT=53 PKTS=1 BYTES=71 , REPLY: SRC=194.50.85.7 DST=176.36.141.89 PROTO=UDP SPT=53 DPT=46566 PKTS=1 BYTES=174
Nov 14 18:31:58 10.0.0.2 ulogd[1267]: [DESTROY] ORIG: SRC=192.168.1.180 DST=20.50.201.204 PROTO=TCP SPT=52986 DPT=443 PKTS=32 BYTES=9146 , REPLY: SRC=20.50.201.204 DST=176.36.141.89 PROTO=TCP SPT=443 DPT=52986 PKTS=24 BYTES=8474
Nov 14 18:31:58 10.0.0.2 ulogd[1267]: [DESTROY] ORIG: SRC=192.168.1.1 DST=192.168.1.45 PROTO=UDP SPT=52086 DPT=5353 PKTS=1 BYTES=68 , REPLY: SRC=192.168.1.45 DST=192.168.1.1 PROTO=UDP SPT=5353 DPT=52086 PKTS=0 BYTES=0
Nov 14 18:31:58 10.0.0.2 ulogd[1267]: [DESTROY] ORIG: SRC=fd02:c8be:1d40:0:89c6:4fae:69d2:328 DST=fd02:c8be:1d40::1 PROTO=UDP SPT=62307 DPT=53 PKTS=1 BYTES=89 , REPLY: SRC=fd02:c8be:1d40::1 DST=fd02:c8be:1d40:0:89c6:4fae:69d2:328 PROTO=UDP SPT=53 DPT=62307 PKTS=1 BYTES=164
Nov 14 18:31:58 10.0.0.2 ulogd[1267]: [DESTROY] ORIG: SRC=192.168.1.180 DST=52.11.42.187 PROTO=TCP SPT=52993 DPT=443 PKTS=18 BYTES=7246 , REPLY: SRC=52.11.42.187 DST=176.36.141.89 PROTO=TCP SPT=443 DPT=52993 PKTS=12 BYTES=6308
Nov 14 18:31:58 10.0.0.2 ulogd[1267]: [DESTROY] ORIG: SRC=176.36.141.89 DST=194.50.85.7 PROTO=UDP SPT=58362 DPT=53 PKTS=1 BYTES=88 , REPLY: SRC=194.50.85.7 DST=176.36.141.89 PROTO=UDP SPT=53 DPT=58362 PKTS=1 BYTES=182
Nov 14 18:31:58 10.0.0.2 ulogd[1267]: [DESTROY] ORIG: SRC=176.36.141.89 DST=194.50.85.7 PROTO=UDP SPT=53598 DPT=53 PKTS=1 BYTES=64 , REPLY: SRC=194.50.85.7 DST=176.36.141.89 PROTO=UDP SPT=53 DPT=53598 PKTS=1 BYTES=158
Nov 14 18:31:58 10.0.0.2 ulogd[1267]: [DESTROY] ORIG: SRC=176.36.141.89 DST=194.50.85.5 PROTO=UDP SPT=52086 DPT=53 PKTS=1 BYTES=68 , REPLY: SRC=194.50.85.5 DST=176.36.141.89 PROTO=UDP SPT=53 DPT=52086 PKTS=1 BYTES=175
Nov 14 18:31:58 10.0.0.2 ulogd[1267]: [DESTROY] ORIG: SRC=fd02:c8be:1d40:0:89c6:4fae:69d2:328 DST=fd02:c8be:1d40::1 PROTO=UDP SPT=63476 DPT=53 PKTS=3 BYTES=251 , REPLY: SRC=fd02:c8be:1d40::1 DST=fd02:c8be:1d40:0:89c6:4fae:69d2:328 PROTO=UDP SPT=53 DPT=63476 PKTS=2 BYTES=366
Nov 14 18:31:58 10.0.0.2 ulogd[1267]: [DESTROY] ORIG: SRC=fd02:c8be:1d40:0:89c6:4fae:69d2:328 DST=fd02:c8be:1d40::1 PROTO=UDP SPT=51781 DPT=53 PKTS=1 BYTES=91 , REPLY: SRC=fd02:c8be:1d40::1 DST=fd02:c8be:1d40:0:89c6:4fae:69d2:328 PROTO=UDP SPT=53 DPT=51781 PKTS=1 BYTES=194
Nov 14 18:31:58 10.0.0.2 ulogd[1267]: [DESTROY] ORIG: SRC=192.168.1.180 DST=192.168.1.1 PROTO=UDP SPT=59075 DPT=53 PKTS=1 BYTES=69 , REPLY: SRC=192.168.1.1 DST=192.168.1.180 PROTO=UDP SPT=53 DPT=59075 PKTS=1 BYTES=193
Nov 14 18:31:58 10.0.0.2 ulogd[1267]: [DESTROY] ORIG: SRC=192.168.1.45 DST=34.120.177.193 PROTO=TCP SPT=56936 DPT=443 PKTS=19 BYTES=1769 , REPLY: SRC=34.120.177.193 DST=176.36.141.89 PROTO=TCP SPT=443 DPT=56936 PKTS=18 BYTES=5368
Nov 14 18:31:58 10.0.0.2 ulogd[1267]: [DESTROY] ORIG: SRC=176.36.141.89 DST=194.50.85.7 PROTO=UDP SPT=52086 DPT=53 PKTS=1 BYTES=68 , REPLY: SRC=194.50.85.7 DST=176.36.141.89 PROTO=UDP SPT=53 DPT=52086 PKTS=1 BYTES=175
Nov 14 18:31:58 10.0.0.2 ulogd[1267]: [DESTROY] ORIG: SRC=176.36.141.89 DST=194.50.85.7 PROTO=UDP SPT=41464 DPT=53 PKTS=1 BYTES=59 , REPLY: SRC=194.50.85.7 DST=176.36.141.89 PROTO=UDP SPT=53 DPT=41464 PKTS=1 BYTES=75
Nov 14 18:31:58 10.0.0.2 ulogd[1267]: [DESTROY] ORIG: SRC=192.168.1.180 DST=35.186.224.25 PROTO=UDP SPT=56753 DPT=443 PKTS=48 BYTES=32123 , REPLY: SRC=35.186.224.25 DST=176.36.141.89 PROTO=UDP SPT=443 DPT=56753 PKTS=43 BYTES=5293
Nov 14 18:31:58 10.0.0.2 ulogd[1267]: [DESTROY] ORIG: SRC=192.168.1.180 DST=35.186.224.25 PROTO=TCP SPT=52980 DPT=443 PKTS=9 BYTES=1019 , REPLY: SRC=35.186.224.25 DST=176.36.141.89 PROTO=TCP SPT=443 DPT=52980 PKTS=8 BYTES=1122
Nov 14 18:31:58 10.0.0.2 ulogd[1267]: [DESTROY] ORIG: SRC=176.36.141.89 DST=194.50.85.5 PROTO=UDP SPT=38214 DPT=53 PKTS=1 BYTES=71 , REPLY: SRC=194.50.85.5 DST=176.36.141.89 PROTO=UDP SPT=53 DPT=38214 PKTS=1 BYTES=125
Nov 14 18:31:58 10.0.0.2 ulogd[1267]: [DESTROY] ORIG: SRC=192.168.1.45 DST=192.168.1.1 PROTO=UDP SPT=38738 DPT=53 PKTS=1 BYTES=76 , REPLY: SRC=192.168.1.1 DST=192.168.1.45 PROTO=UDP SPT=53 DPT=38738 PKTS=1 BYTES=92
Nov 14 18:31:58 10.0.0.2 ulogd[1267]: [DESTROY] ORIG: SRC=fd02:c8be:1d40:0:89c6:4fae:69d2:328 DST=fd02:c8be:1d40::1 PROTO=UDP SPT=61515 DPT=53 PKTS=5 BYTES=453 , REPLY: SRC=fd02:c8be:1d40::1 DST=fd02:c8be:1d40:0:89c6:4fae:69d2:328 PROTO=UDP SPT=53 DPT=61515 PKTS=5 BYTES=925
Nov 14 18:31:58 10.0.0.2 ulogd[1267]: [DESTROY] ORIG: SRC=176.36.141.89 DST=194.50.85.7 PROTO=UDP SPT=60375 DPT=53 PKTS=1 BYTES=70 , REPLY: SRC=194.50.85.7 DST=176.36.141.89 PROTO=UDP SPT=53 DPT=60375 PKTS=1 BYTES=118
Nov 14 18:31:58 10.0.0.2 ulogd[1267]: [DESTROY] ORIG: SRC=192.168.1.180 DST=20.185.212.106 PROTO=TCP SPT=52985 DPT=443 PKTS=16 BYTES=11606 , REPLY: SRC=20.185.212.106 DST=176.36.141.89 PROTO=TCP SPT=443 DPT=52985 PKTS=13 BYTES=9160
Nov 14 18:31:58 10.0.0.2 ulogd[1267]: [DESTROY] ORIG: SRC=192.168.1.180 DST=35.186.224.25 PROTO=UDP SPT=51761 DPT=443 PKTS=7 BYTES=2905 , REPLY: SRC=35.186.224.25 DST=176.36.141.89 PROTO=UDP SPT=443 DPT=51761 PKTS=8 BYTES=4756
Nov 14 18:31:58 10.0.0.2 ulogd[1267]: [DESTROY] ORIG: SRC=68.79.45.18 DST=176.36.141.89 PROTO=ICMP TYPE=0 CODE=8 PKTS=1 BYTES=36 , REPLY: SRC=176.36.141.89 DST=68.79.45.18 PROTO=ICMP TYPE=0 CODE=8 PKTS=1 BYTES=36
Nov 14 18:31:58 10.0.0.2 ulogd[1267]: [DESTROY] ORIG: SRC=192.168.1.180 DST=192.168.1.1 PROTO=UDP SPT=61418 DPT=53 PKTS=1 BYTES=63 , REPLY: SRC=192.168.1.1 DST=192.168.1.180 PROTO=UDP SPT=53 DPT=61418 PKTS=1 BYTES=158
Nov 14 18:31:58 10.0.0.2 ulogd[1267]: [DESTROY] ORIG: SRC=176.36.141.89 DST=194.50.85.5 PROTO=UDP SPT=59614 DPT=53 PKTS=1 BYTES=76 , REPLY: SRC=194.50.85.5 DST=176.36.141.89 PROTO=UDP SPT=53 DPT=59614 PKTS=1 BYTES=92
Nov 14 18:31:58 10.0.0.2 ulogd[1267]: [DESTROY] ORIG: SRC=176.36.141.89 DST=194.50.85.7 PROTO=UDP SPT=34238 DPT=53 PKTS=1 BYTES=69 , REPLY: SRC=194.50.85.7 DST=176.36.141.89 PROTO=UDP SPT=53 DPT=34238 PKTS=1 BYTES=144
Nov 14 18:31:58 10.0.0.2 ulogd[1267]: [DESTROY] ORIG: SRC=192.168.1.45 DST=3.216.34.172 PROTO=TCP SPT=34462 DPT=443 PKTS=18 BYTES=4157 , REPLY: SRC=3.216.34.172 DST=176.36.141.89 PROTO=TCP SPT=443 DPT=34462 PKTS=15 BYTES=8056
Nov 14 18:31:58 10.0.0.2 ulogd[1267]: [DESTROY] ORIG: SRC=176.36.141.89 DST=194.50.85.7 PROTO=UDP SPT=44943 DPT=53 PKTS=1 BYTES=69 , REPLY: SRC=194.50.85.7 DST=176.36.141.89 PROTO=UDP SPT=53 DPT=44943 PKTS=1 BYTES=118
Nov 14 18:31:58 10.0.0.2 ulogd[1267]: [DESTROY] ORIG: SRC=176.36.141.89 DST=194.50.85.7 PROTO=UDP SPT=38410 DPT=53 PKTS=1 BYTES=63 , REPLY: SRC=194.50.85.7 DST=176.36.141.89 PROTO=UDP SPT=53 DPT=38410 PKTS=1 BYTES=158
Nov 14 18:31:58 10.0.0.2 ulogd[1267]: [DESTROY] ORIG: SRC=176.36.141.89 DST=194.50.85.7 PROTO=UDP SPT=48733 DPT=53 PKTS=1 BYTES=66 , REPLY: SRC=194.50.85.7 DST=176.36.141.89 PROTO=UDP SPT=53 DPT=48733 PKTS=1 BYTES=82
Nov 14 18:31:58 10.0.0.2 ulogd[1267]: [DESTROY] ORIG: SRC=176.36.141.89 DST=194.50.85.5 PROTO=UDP SPT=55788 DPT=53 PKTS=1 BYTES=71 , REPLY: SRC=194.50.85.5 DST=176.36.141.89 PROTO=UDP SPT=53 DPT=55788 PKTS=1 BYTES=174
Nov 14 18:31:58 10.0.0.2 ulogd[1267]: [DESTROY] ORIG: SRC=192.168.1.45 DST=3.216.34.172 PROTO=TCP SPT=34428 DPT=443 PKTS=16 BYTES=1441 , REPLY: SRC=3.216.34.172 DST=176.36.141.89 PROTO=TCP SPT=443 DPT=34428 PKTS=14 BYTES=6825
Nov 14 18:31:58 10.0.0.2 ulogd[1267]: [DESTROY] ORIG: SRC=161.189.186.199 DST=176.36.141.89 PROTO=ICMP TYPE=0 CODE=8 PKTS=1 BYTES=36 , REPLY: SRC=176.36.141.89 DST=161.189.186.199 PROTO=ICMP TYPE=0 CODE=8 PKTS=1 BYTES=36
Nov 14 18:31:58 10.0.0.2 ulogd[1267]: [DESTROY] ORIG: SRC=176.36.141.89 DST=194.50.85.5 PROTO=UDP SPT=35978 DPT=53 PKTS=1 BYTES=69 , REPLY: SRC=194.50.85.5 DST=176.36.141.89 PROTO=UDP SPT=53 DPT=35978 PKTS=1 BYTES=193
Nov 14 18:31:58 10.0.0.2 ulogd[1267]: [DESTROY] ORIG: SRC=176.36.141.89 DST=194.50.85.5 PROTO=UDP SPT=39063 DPT=53 PKTS=1 BYTES=69 , REPLY: SRC=194.50.85.5 DST=176.36.141.89 PROTO=UDP SPT=53 DPT=39063 PKTS=1 BYTES=118
Nov 14 18:31:58 10.0.0.2 ulogd[1267]: [DESTROY] ORIG: SRC=192.168.1.180 DST=104.18.40.204 PROTO=TCP SPT=52892 DPT=443 PKTS=19 BYTES=2129 , REPLY: SRC=104.18.40.204 DST=176.36.141.89 PROTO=TCP SPT=443 DPT=52892 PKTS=20 BYTES=3054
Nov 14 18:31:58 10.0.0.2 ulogd[1267]: [DESTROY] ORIG: SRC=192.168.1.1 DST=192.168.1.45 PROTO=UDP SPT=34142 DPT=5353 PKTS=1 BYTES=66 , REPLY: SRC=192.168.1.45 DST=192.168.1.1 PROTO=UDP SPT=5353 DPT=34142 PKTS=0 BYTES=0
Nov 14 18:31:58 10.0.0.2 ulogd[1267]: [DESTROY] ORIG: SRC=192.168.1.180 DST=35.186.224.18 PROTO=UDP SPT=55366 DPT=443 PKTS=6 BYTES=2655 , REPLY: SRC=35.186.224.18 DST=176.36.141.89 PROTO=UDP SPT=443 DPT=55366 PKTS=6 BYTES=2683
Nov 14 18:31:58 10.0.0.2 ulogd[1267]: [DESTROY] ORIG: SRC=176.36.141.89 DST=194.50.85.5 PROTO=UDP SPT=49464 DPT=53 PKTS=1 BYTES=69 , REPLY: SRC=194.50.85.5 DST=176.36.141.89 PROTO=UDP SPT=53 DPT=49464 PKTS=1 BYTES=167
Nov 14 18:31:58 10.0.0.2 ulogd[1267]: [DESTROY] ORIG: SRC=192.168.1.180 DST=172.67.12.112 PROTO=TCP SPT=52893 DPT=443 PKTS=19 BYTES=2086 , REPLY: SRC=172.67.12.112 DST=176.36.141.89 PROTO=TCP SPT=443 DPT=52893 PKTS=18 BYTES=1919
Nov 14 18:31:58 10.0.0.2 ulogd[1267]: [DESTROY] ORIG: SRC=192.168.1.45 DST=44.205.64.79 PROTO=TCP SPT=51024 DPT=443 PKTS=16 BYTES=1502 , REPLY: SRC=44.205.64.79 DST=176.36.141.89 PROTO=TCP SPT=443 DPT=51024 PKTS=14 BYTES=11061
Nov 14 18:31:58 10.0.0.2 ulogd[1267]: [DESTROY] ORIG: SRC=68.79.10.97 DST=176.36.141.89 PROTO=ICMP TYPE=0 CODE=8 PKTS=1 BYTES=36 , REPLY: SRC=176.36.141.89 DST=68.79.10.97 PROTO=ICMP TYPE=0 CODE=8 PKTS=1 BYTES=36
Nov 14 18:31:58 10.0.0.2 ulogd[1267]: [DESTROY] ORIG: SRC=176.36.141.89 DST=194.50.85.7 PROTO=UDP SPT=34713 DPT=53 PKTS=1 BYTES=69 , REPLY: SRC=194.50.85.7 DST=176.36.141.89 PROTO=UDP SPT=53 DPT=34713 PKTS=1 BYTES=167
Nov 14 18:31:58 10.0.0.2 ulogd[1267]: [DESTROY] ORIG: SRC=192.168.1.45 DST=192.168.1.1 PROTO=UDP SPT=39723 DPT=53 PKTS=1 BYTES=76 , REPLY: SRC=192.168.1.1 DST=192.168.1.45 PROTO=UDP SPT=53 DPT=39723 PKTS=1 BYTES=104
Nov 14 18:31:58 10.0.0.2 ulogd[1267]: [DESTROY] ORIG: SRC=fd02:c8be:1d40:0:89c6:4fae:69d2:328 DST=fd02:c8be:1d40::1 PROTO=UDP SPT=57645 DPT=53 PKTS=1 BYTES=89 , REPLY: SRC=fd02:c8be:1d40::1 DST=fd02:c8be:1d40:0:89c6:4fae:69d2:328 PROTO=UDP SPT=53 DPT=57645 PKTS=1 BYTES=187
Nov 14 18:31:58 10.0.0.2 ulogd[1267]: [DESTROY] ORIG: SRC=fd02:c8be:1d40:0:89c6:4fae:69d2:328 DST=fd02:c8be:1d40::1 PROTO=UDP SPT=52509 DPT=53 PKTS=1 BYTES=91 , REPLY: SRC=fd02:c8be:1d40::1 DST=fd02:c8be:1d40:0:89c6:4fae:69d2:328 PROTO=UDP SPT=53 DPT=52509 PKTS=1 BYTES=194
Nov 14 18:31:58 10.0.0.2 ulogd[1267]: [DESTROY] ORIG: SRC=176.36.141.89 DST=194.50.85.7 PROTO=UDP SPT=46678 DPT=53 PKTS=1 BYTES=71 , REPLY: SRC=194.50.85.7 DST=176.36.141.89 PROTO=UDP SPT=53 DPT=46678 PKTS=1 BYTES=174
Nov 14 18:31:58 10.0.0.2 ulogd[1267]: [DESTROY] ORIG: SRC=176.36.141.89 DST=194.50.85.5 PROTO=UDP SPT=57535 DPT=53 PKTS=1 BYTES=63 , REPLY: SRC=194.50.85.5 DST=176.36.141.89 PROTO=UDP SPT=53 DPT=57535 PKTS=1 BYTES=158
Nov 14 18:31:58 10.0.0.2 ulogd[1267]: [DESTROY] ORIG: SRC=fd02:c8be:1d40:0:89c6:4fae:69d2:328 DST=fd02:c8be:1d40::1 PROTO=UDP SPT=53954 DPT=53 PKTS=1 BYTES=91 , REPLY: SRC=fd02:c8be:1d40::1 DST=fd02:c8be:1d40:0:89c6:4fae:69d2:328 PROTO=UDP SPT=53 DPT=53954 PKTS=1 BYTES=145
Nov 14 18:31:58 10.0.0.2 ulogd[1267]: [DESTROY] ORIG: SRC=192.168.1.180 DST=35.186.224.18 PROTO=UDP SPT=60174 DPT=443 PKTS=13 BYTES=5592 , REPLY: SRC=35.186.224.18 DST=176.36.141.89 PROTO=UDP SPT=443 DPT=60174 PKTS=14 BYTES=5170
Nov 14 18:31:58 10.0.0.2 ulogd[1267]: [DESTROY] ORIG: SRC=192.168.1.45 DST=44.205.64.79 PROTO=TCP SPT=51052 DPT=443 PKTS=16 BYTES=1503 , REPLY: SRC=44.205.64.79 DST=176.36.141.89 PROTO=TCP SPT=443 DPT=51052 PKTS=14 BYTES=11056
Nov 14 18:31:58 10.0.0.2 ulogd[1267]: [DESTROY] ORIG: SRC=176.36.141.89 DST=194.50.85.5 PROTO=UDP SPT=53598 DPT=53 PKTS=1 BYTES=64 , REPLY: SRC=194.50.85.5 DST=176.36.141.89 PROTO=UDP SPT=53 DPT=53598 PKTS=1 BYTES=158
Nov 14 18:31:58 10.0.0.2 ulogd[1267]: [DESTROY] ORIG: SRC=192.168.1.180 DST=35.186.224.25 PROTO=UDP SPT=64420 DPT=443 PKTS=7 BYTES=2897 , REPLY: SRC=35.186.224.25 DST=176.36.141.89 PROTO=UDP SPT=443 DPT=64420 PKTS=7 BYTES=2824
Nov 14 18:32:00 10.0.0.2 ulogd[1267]: [NEW] ORIG: SRC=fd02:c8be:1d40:0:89c6:4fae:69d2:328 DST=fd02:c8be:1d40::1 PROTO=UDP SPT=65268 DPT=53 PKTS=0 BYTES=0 , REPLY: SRC=fd02:c8be:1d40::1 DST=fd02:c8be:1d40:0:89c6:4fae:69d2:328 PROTO=UDP SPT=53 DPT=65268 PKTS=0 BYTES=0
Nov 14 18:32:00 10.0.0.2 dnsmasq[1]: 29257 fd02:c8be:1d40:0:89c6:4fae:69d2:328/65268 query[A] pubads.g.doubleclick.net from fd02:c8be:1d40:0:89c6:4fae:69d2:328
Nov 14 18:32:00 10.0.0.2 ulogd[1267]: [NEW] ORIG: SRC=fd02:c8be:1d40:0:89c6:4fae:69d2:328 DST=fd02:c8be:1d40::1 PROTO=UDP SPT=50120 DPT=53 PKTS=0 BYTES=0 , REPLY: SRC=fd02:c8be:1d40::1 DST=fd02:c8be:1d40:0:89c6:4fae:69d2:328 PROTO=UDP SPT=53 DPT=50120 PKTS=0 BYTES=0
Nov 14 18:32:00 10.0.0.2 dnsmasq[1]: 29257 fd02:c8be:1d40:0:89c6:4fae:69d2:328/65268 forwarded pubads.g.doubleclick.net to 192.168.1.45
Nov 14 18:32:00 10.0.0.2 ulogd[1267]: [NEW] ORIG: SRC=fd02:c8be:1d40:0:89c6:4fae:69d2:328 DST=fd02:c8be:1d40::1 PROTO=UDP SPT=51316 DPT=53 PKTS=0 BYTES=0 , REPLY: SRC=fd02:c8be:1d40::1 DST=fd02:c8be:1d40:0:89c6:4fae:69d2:328 PROTO=UDP SPT=53 DPT=51316 PKTS=0 BYTES=0
Nov 14 18:32:00 10.0.0.2 ulogd[1267]: [NEW] ORIG: SRC=192.168.1.1 DST=192.168.1.45 PROTO=UDP SPT=53043 DPT=5353 PKTS=0 BYTES=0 , REPLY: SRC=192.168.1.45 DST=192.168.1.1 PROTO=UDP SPT=5353 DPT=53043 PKTS=0 BYTES=0
Nov 14 18:32:00 10.0.0.2 dnsmasq[1]: 29257 fd02:c8be:1d40:0:89c6:4fae:69d2:328/65268 forwarded pubads.g.doubleclick.net to 194.50.85.5
Nov 14 18:32:00 10.0.0.2 ulogd[1267]: [NEW] ORIG: SRC=fd02:c8be:1d40:0:89c6:4fae:69d2:328 DST=fd02:c8be:1d40::1 PROTO=UDP SPT=58129 DPT=53 PKTS=0 BYTES=0 , REPLY: SRC=fd02:c8be:1d40::1 DST=fd02:c8be:1d40:0:89c6:4fae:69d2:328 PROTO=UDP SPT=53 DPT=58129 PKTS=0 BYTES=0
Nov 14 18:32:00 10.0.0.2 dnsmasq[1]: 29257 fd02:c8be:1d40:0:89c6:4fae:69d2:328/65268 forwarded pubads.g.doubleclick.net to 194.50.85.7
Nov 14 18:32:00 10.0.0.2 ulogd[1267]: [NEW] ORIG: SRC=176.36.141.89 DST=194.50.85.5 PROTO=UDP SPT=53043 DPT=53 PKTS=0 BYTES=0 , REPLY: SRC=194.50.85.5 DST=176.36.141.89 PROTO=UDP SPT=53 DPT=53043 PKTS=0 BYTES=0
Nov 14 18:32:00 10.0.0.2 dnsmasq[1]: 29257 fd02:c8be:1d40:0:89c6:4fae:69d2:328/65268 reply pubads.g.doubleclick.net is <CNAME>
Nov 14 18:32:00 10.0.0.2 ulogd[1267]: [NEW] ORIG: SRC=176.36.141.89 DST=194.50.85.7 PROTO=UDP SPT=53043 DPT=53 PKTS=0 BYTES=0 , REPLY: SRC=194.50.85.7 DST=176.36.141.89 PROTO=UDP SPT=53 DPT=53043 PKTS=0 BYTES=0
Nov 14 18:32:00 10.0.0.2 dnsmasq[1]: 29257 fd02:c8be:1d40:0:89c6:4fae:69d2:328/65268 reply pubads46.g.doubleclick.net is 172.217.16.34
Nov 14 18:32:00 10.0.0.2 dnsmasq[1]: 29258 fd02:c8be:1d40:0:89c6:4fae:69d2:328/50120 query[type=65] pubads.g.doubleclick.net from fd02:c8be:1d40:0:89c6:4fae:69d2:328
Nov 14 18:32:00 10.0.0.2 dnsmasq[1]: 29258 fd02:c8be:1d40:0:89c6:4fae:69d2:328/50120 cached pubads.g.doubleclick.net is <CNAME>
Nov 14 18:32:00 10.0.0.2 dnsmasq[1]: 29258 fd02:c8be:1d40:0:89c6:4fae:69d2:328/50120 forwarded pubads.g.doubleclick.net to 194.50.85.5
Nov 14 18:32:00 10.0.0.2 ulogd[1267]: [NEW] ORIG: SRC=176.36.141.89 DST=194.50.85.5 PROTO=UDP SPT=54883 DPT=53 PKTS=0 BYTES=0 , REPLY: SRC=194.50.85.5 DST=176.36.141.89 PROTO=UDP SPT=53 DPT=54883 PKTS=0 BYTES=0
Nov 14 18:32:00 10.0.0.2 dnsmasq[1]: 29259 fd02:c8be:1d40:0:89c6:4fae:69d2:328/51316 query[type=65] gew1-spclient.spotify.com from fd02:c8be:1d40:0:89c6:4fae:69d2:328
Nov 14 18:32:00 10.0.0.2 dnsmasq[1]: 29259 fd02:c8be:1d40:0:89c6:4fae:69d2:328/51316 cached gew1-spclient.spotify.com is <CNAME>
Nov 14 18:32:00 10.0.0.2 dnsmasq[1]: 29259 fd02:c8be:1d40:0:89c6:4fae:69d2:328/51316 forwarded gew1-spclient.spotify.com to 194.50.85.5
Nov 14 18:32:00 10.0.0.2 dnsmasq[1]: 29260 fd02:c8be:1d40:0:89c6:4fae:69d2:328/58129 query[A] gew1-spclient.spotify.com from fd02:c8be:1d40:0:89c6:4fae:69d2:328
Nov 14 18:32:00 10.0.0.2 ulogd[1267]: [NEW] ORIG: SRC=176.36.141.89 DST=194.50.85.5 PROTO=UDP SPT=41600 DPT=53 PKTS=0 BYTES=0 , REPLY: SRC=194.50.85.5 DST=176.36.141.89 PROTO=UDP SPT=53 DPT=41600 PKTS=0 BYTES=0
Nov 14 18:32:00 10.0.0.2 dnsmasq[1]: 29260 fd02:c8be:1d40:0:89c6:4fae:69d2:328/58129 forwarded gew1-spclient.spotify.com to 194.50.85.5
Nov 14 18:32:00 10.0.0.2 ulogd[1267]: [NEW] ORIG: SRC=176.36.141.89 DST=194.50.85.5 PROTO=UDP SPT=42864 DPT=53 PKTS=0 BYTES=0 , REPLY: SRC=194.50.85.5 DST=176.36.141.89 PROTO=UDP SPT=53 DPT=42864 PKTS=0 BYTES=0
Nov 14 18:32:00 10.0.0.2 ulogd[1267]: [NEW] ORIG: SRC=192.168.1.180 DST=172.217.16.34 PROTO=UDP SPT=54829 DPT=443 PKTS=0 BYTES=0 , REPLY: SRC=172.217.16.34 DST=176.36.141.89 PROTO=UDP SPT=443 DPT=54829 PKTS=0 BYTES=0
Nov 14 18:32:00 10.0.0.2 dnsmasq[1]: 29258 fd02:c8be:1d40:0:89c6:4fae:69d2:328/50120 reply pubads.g.doubleclick.net is <CNAME>
Nov 14 18:32:00 10.0.0.2 dnsmasq[1]: 29258 fd02:c8be:1d40:0:89c6:4fae:69d2:328/50120 reply pubads46.g.doubleclick.net is NODATA
Nov 14 18:32:00 10.0.0.2 dnsmasq[1]: 29259 fd02:c8be:1d40:0:89c6:4fae:69d2:328/51316 reply gew1-spclient.spotify.com is <CNAME>
Nov 14 18:32:00 10.0.0.2 dnsmasq[1]: 29259 fd02:c8be:1d40:0:89c6:4fae:69d2:328/51316 reply edge-web-gew1.dual-gslb.spotify.com is NODATA
Nov 14 18:32:00 10.0.0.2 dnsmasq[1]: 29260 fd02:c8be:1d40:0:89c6:4fae:69d2:328/58129 reply gew1-spclient.spotify.com is <CNAME>
Nov 14 18:32:00 10.0.0.2 dnsmasq[1]: 29260 fd02:c8be:1d40:0:89c6:4fae:69d2:328/58129 reply edge-web-gew1.dual-gslb.spotify.com is 35.186.224.18
Nov 14 18:32:00 10.0.0.2 ulogd[1267]: [NEW] ORIG: SRC=192.168.1.180 DST=35.186.224.18 PROTO=UDP SPT=51546 DPT=443 PKTS=0 BYTES=0 , REPLY: SRC=35.186.224.18 DST=176.36.141.89 PROTO=UDP SPT=443 DPT=51546 PKTS=0 BYTES=0
Nov 14 18:32:00 10.0.0.2 ulogd[1267]: [NEW] ORIG: SRC=fd02:c8be:1d40:0:89c6:4fae:69d2:328 DST=fd02:c8be:1d40::1 PROTO=UDP SPT=56329 DPT=53 PKTS=0 BYTES=0 , REPLY: SRC=fd02:c8be:1d40::1 DST=fd02:c8be:1d40:0:89c6:4fae:69d2:328 PROTO=UDP SPT=53 DPT=56329 PKTS=0 BYTES=0
Nov 14 18:32:00 10.0.0.2 dnsmasq[1]: 29261 fd02:c8be:1d40:0:89c6:4fae:69d2:328/56329 query[A] adeventtrackermonitoring.spotify.com from fd02:c8be:1d40:0:89c6:4fae:69d2:328
Nov 14 18:32:00 10.0.0.2 ulogd[1267]: [NEW] ORIG: SRC=fd02:c8be:1d40:0:89c6:4fae:69d2:328 DST=fd02:c8be:1d40::1 PROTO=UDP SPT=64950 DPT=53 PKTS=0 BYTES=0 , REPLY: SRC=fd02:c8be:1d40::1 DST=fd02:c8be:1d40:0:89c6:4fae:69d2:328 PROTO=UDP SPT=53 DPT=64950 PKTS=0 BYTES=0
Nov 14 18:32:00 10.0.0.2 ulogd[1267]: [NEW] ORIG: SRC=176.36.141.89 DST=194.50.85.5 PROTO=UDP SPT=40020 DPT=53 PKTS=0 BYTES=0 , REPLY: SRC=194.50.85.5 DST=176.36.141.89 PROTO=UDP SPT=53 DPT=40020 PKTS=0 BYTES=0
Nov 14 18:32:00 10.0.0.2 dnsmasq[1]: 29261 fd02:c8be:1d40:0:89c6:4fae:69d2:328/56329 forwarded adeventtrackermonitoring.spotify.com to 194.50.85.5
Nov 14 18:32:00 10.0.0.2 dnsmasq[1]: 29262 fd02:c8be:1d40:0:89c6:4fae:69d2:328/64950 query[type=65] adeventtrackermonitoring.spotify.com from fd02:c8be:1d40:0:89c6:4fae:69d2:328
Nov 14 18:32:00 10.0.0.2 ulogd[1267]: [NEW] ORIG: SRC=176.36.141.89 DST=194.50.85.5 PROTO=UDP SPT=43208 DPT=53 PKTS=0 BYTES=0 , REPLY: SRC=194.50.85.5 DST=176.36.141.89 PROTO=UDP SPT=53 DPT=43208 PKTS=0 BYTES=0
Nov 14 18:32:00 10.0.0.2 dnsmasq[1]: 29262 fd02:c8be:1d40:0:89c6:4fae:69d2:328/64950 forwarded adeventtrackermonitoring.spotify.com to 194.50.85.5
Nov 14 18:32:00 10.0.0.2 dnsmasq[1]: 29261 fd02:c8be:1d40:0:89c6:4fae:69d2:328/56329 reply adeventtrackermonitoring.spotify.com is <CNAME>
Nov 14 18:32:00 10.0.0.2 dnsmasq[1]: 29261 fd02:c8be:1d40:0:89c6:4fae:69d2:328/56329 reply edge-web.dual-gslb.spotify.com is 35.186.224.25
Nov 14 18:32:00 10.0.0.2 dnsmasq[1]: 29262 fd02:c8be:1d40:0:89c6:4fae:69d2:328/64950 reply adeventtrackermonitoring.spotify.com is <CNAME>
Nov 14 18:32:00 10.0.0.2 ulogd[1267]: [NEW] ORIG: SRC=192.168.1.180 DST=35.186.224.25 PROTO=UDP SPT=65534 DPT=443 PKTS=0 BYTES=0 , REPLY: SRC=35.186.224.25 DST=176.36.141.89 PROTO=UDP SPT=443 DPT=65534 PKTS=0 BYTES=0
Nov 14 18:32:00 10.0.0.2 dnsmasq[1]: 29262 fd02:c8be:1d40:0:89c6:4fae:69d2:328/64950 reply edge-web.dual-gslb.spotify.com is NODATA
Nov 14 18:32:00 10.0.0.2 ulogd[1267]: [NEW] ORIG: SRC=192.168.1.180 DST=35.186.224.25 PROTO=TCP SPT=53008 DPT=443 PKTS=0 BYTES=0 , REPLY: SRC=35.186.224.25 DST=176.36.141.89 PROTO=TCP SPT=443 DPT=53008 PKTS=0 BYTES=0
Nov 14 18:32:00 10.0.0.2 dnsmasq[1]: 29263 fd02:c8be:1d40:0:89c6:4fae:69d2:328/55974 query[A] securepubads.g.doubleclick.net from fd02:c8be:1d40:0:89c6:4fae:69d2:328
Nov 14 18:32:00 10.0.0.2 ulogd[1267]: [NEW] ORIG: SRC=fd02:c8be:1d40:0:89c6:4fae:69d2:328 DST=fd02:c8be:1d40::1 PROTO=UDP SPT=55974 DPT=53 PKTS=0 BYTES=0 , REPLY: SRC=fd02:c8be:1d40::1 DST=fd02:c8be:1d40:0:89c6:4fae:69d2:328 PROTO=UDP SPT=53 DPT=55974 PKTS=0 BYTES=0
Nov 14 18:32:00 10.0.0.2 dnsmasq[1]: 29263 fd02:c8be:1d40:0:89c6:4fae:69d2:328/55974 forwarded securepubads.g.doubleclick.net to 194.50.85.5
Nov 14 18:32:00 10.0.0.2 ulogd[1267]: [NEW] ORIG: SRC=fd02:c8be:1d40:0:89c6:4fae:69d2:328 DST=fd02:c8be:1d40::1 PROTO=UDP SPT=50789 DPT=53 PKTS=0 BYTES=0 , REPLY: SRC=fd02:c8be:1d40::1 DST=fd02:c8be:1d40:0:89c6:4fae:69d2:328 PROTO=UDP SPT=53 DPT=50789 PKTS=0 BYTES=0
Nov 14 18:32:00 10.0.0.2 dnsmasq[1]: 29263 fd02:c8be:1d40:0:89c6:4fae:69d2:328/55974 reply securepubads.g.doubleclick.net is <CNAME>
Nov 14 18:32:00 10.0.0.2 ulogd[1267]: [NEW] ORIG: SRC=176.36.141.89 DST=194.50.85.5 PROTO=UDP SPT=56284 DPT=53 PKTS=0 BYTES=0 , REPLY: SRC=194.50.85.5 DST=176.36.141.89 PROTO=UDP SPT=53 DPT=56284 PKTS=0 BYTES=0
Nov 14 18:32:00 10.0.0.2 dnsmasq[1]: 29263 fd02:c8be:1d40:0:89c6:4fae:69d2:328/55974 reply securepubads46.g.doubleclick.net is 142.250.186.194
Nov 14 18:32:00 10.0.0.2 dnsmasq[1]: 29264 fd02:c8be:1d40:0:89c6:4fae:69d2:328/50789 query[type=65] securepubads.g.doubleclick.net from fd02:c8be:1d40:0:89c6:4fae:69d2:328
Nov 14 18:32:00 10.0.0.2 dnsmasq[1]: 29264 fd02:c8be:1d40:0:89c6:4fae:69d2:328/50789 cached securepubads.g.doubleclick.net is <CNAME>
Nov 14 18:32:00 10.0.0.2 dnsmasq[1]: 29264 fd02:c8be:1d40:0:89c6:4fae:69d2:328/50789 forwarded securepubads.g.doubleclick.net to 194.50.85.5
Nov 14 18:32:00 10.0.0.2 ulogd[1267]: [NEW] ORIG: SRC=176.36.141.89 DST=194.50.85.5 PROTO=UDP SPT=52089 DPT=53 PKTS=0 BYTES=0 , REPLY: SRC=194.50.85.5 DST=176.36.141.89 PROTO=UDP SPT=53 DPT=52089 PKTS=0 BYTES=0
Nov 14 18:32:00 10.0.0.2 dnsmasq[1]: 29264 fd02:c8be:1d40:0:89c6:4fae:69d2:328/50789 reply securepubads.g.doubleclick.net is <CNAME>
Nov 14 18:32:00 10.0.0.2 dnsmasq[1]: 29264 fd02:c8be:1d40:0:89c6:4fae:69d2:328/50789 reply securepubads46.g.doubleclick.net is NODATA
Nov 14 18:32:00 10.0.0.2 ulogd[1267]: [NEW] ORIG: SRC=192.168.1.180 DST=142.250.186.194 PROTO=UDP SPT=49917 DPT=443 PKTS=0 BYTES=0 , REPLY: SRC=142.250.186.194 DST=176.36.141.89 PROTO=UDP SPT=443 DPT=49917 PKTS=0 BYTES=0
Nov 14 18:32:01 10.0.0.2 dnsmasq[1]: 29265 fd02:c8be:1d40:0:89c6:4fae:69d2:328/51610 query[A] api-partner.spotify.com from fd02:c8be:1d40:0:89c6:4fae:69d2:328
Nov 14 18:32:01 10.0.0.2 ulogd[1267]: [NEW] ORIG: SRC=fd02:c8be:1d40:0:89c6:4fae:69d2:328 DST=fd02:c8be:1d40::1 PROTO=UDP SPT=51610 DPT=53 PKTS=0 BYTES=0 , REPLY: SRC=fd02:c8be:1d40::1 DST=fd02:c8be:1d40:0:89c6:4fae:69d2:328 PROTO=UDP SPT=53 DPT=51610 PKTS=0 BYTES=0
Nov 14 18:32:01 10.0.0.2 dnsmasq[1]: 29265 fd02:c8be:1d40:0:89c6:4fae:69d2:328/51610 cached api-partner.spotify.com is <CNAME>
Nov 14 18:32:01 10.0.0.2 dnsmasq[1]: 29265 fd02:c8be:1d40:0:89c6:4fae:69d2:328/51610 cached partners.wg.spotify.com is <CNAME>
Nov 14 18:32:01 10.0.0.2 ulogd[1267]: [NEW] ORIG: SRC=fd02:c8be:1d40:0:89c6:4fae:69d2:328 DST=fd02:c8be:1d40::1 PROTO=UDP SPT=51997 DPT=53 PKTS=0 BYTES=0 , REPLY: SRC=fd02:c8be:1d40::1 DST=fd02:c8be:1d40:0:89c6:4fae:69d2:328 PROTO=UDP SPT=53 DPT=51997 PKTS=0 BYTES=0
Nov 14 18:32:01 10.0.0.2 dnsmasq[1]: 29265 fd02:c8be:1d40:0:89c6:4fae:69d2:328/51610 cached edge-web.dual-gslb.spotify.com is 35.186.224.25
Nov 14 18:32:01 10.0.0.2 dnsmasq[1]: 29266 fd02:c8be:1d40:0:89c6:4fae:69d2:328/51997 query[type=65] api-partner.spotify.com from fd02:c8be:1d40:0:89c6:4fae:69d2:328
Nov 14 18:32:01 10.0.0.2 dnsmasq[1]: 29266 fd02:c8be:1d40:0:89c6:4fae:69d2:328/51997 cached api-partner.spotify.com is <CNAME>
Nov 14 18:32:01 10.0.0.2 dnsmasq[1]: 29266 fd02:c8be:1d40:0:89c6:4fae:69d2:328/51997 cached partners.wg.spotify.com is <CNAME>
