Nov 22 14:06:18 10.0.0.2 ulogd[1267]: [NEW] ORIG: SRC=fd02:c8be:1d40:0:ed9a:a5a9:93a0:c3e8 DST=fd02:c8be:1d40::1 PROTO=UDP SPT=61993 DPT=53 PKTS=0 BYTES=0 , REPLY: SRC=fd02:c8be:1d40::1 DST=fd02:c8be:1d40:0:ed9a:a5a9:93a0:c3e8 PROTO=UDP SPT=53 DPT=61993 PKTS=0 BYTES=0
Nov 22 14:06:18 10.0.0.2 dnsmasq[1]: 667789 fd02:c8be:1d40:0:ed9a:a5a9:93a0:c3e8/64217 query[A] spclient.wg.spotify.com from fd02:c8be:1d40:0:ed9a:a5a9:93a0:c3e8
Nov 22 14:06:18 10.0.0.2 dnsmasq[1]: 667789 fd02:c8be:1d40:0:ed9a:a5a9:93a0:c3e8/64217 cached spclient.wg.spotify.com is <CNAME>
Nov 22 14:06:18 10.0.0.2 dnsmasq[1]: 667789 fd02:c8be:1d40:0:ed9a:a5a9:93a0:c3e8/64217 forwarded spclient.wg.spotify.com to 194.50.85.7
Nov 22 14:06:18 10.0.0.2 dnsmasq[1]: 667790 fd02:c8be:1d40:0:ed9a:a5a9:93a0:c3e8/61993 query[type=65] spclient.wg.spotify.com from fd02:c8be:1d40:0:ed9a:a5a9:93a0:c3e8
Nov 22 14:06:18 10.0.0.2 ulogd[1267]: [NEW] ORIG: SRC=176.36.141.89 DST=194.50.85.7 PROTO=UDP SPT=60945 DPT=53 PKTS=0 BYTES=0 , REPLY: SRC=194.50.85.7 DST=176.36.141.89 PROTO=UDP SPT=53 DPT=60945 PKTS=0 BYTES=0
Nov 22 14:06:18 10.0.0.2 dnsmasq[1]: 667790 fd02:c8be:1d40:0:ed9a:a5a9:93a0:c3e8/61993 forwarded spclient.wg.spotify.com to 194.50.85.7
Nov 22 14:06:18 10.0.0.2 ulogd[1267]: [NEW] ORIG: SRC=176.36.141.89 DST=194.50.85.7 PROTO=UDP SPT=37218 DPT=53 PKTS=0 BYTES=0 , REPLY: SRC=194.50.85.7 DST=176.36.141.89 PROTO=UDP SPT=53 DPT=37218 PKTS=0 BYTES=0
Nov 22 14:06:18 10.0.0.2 dnsmasq[1]: 667789 fd02:c8be:1d40:0:ed9a:a5a9:93a0:c3e8/64217 reply spclient.wg.spotify.com is <CNAME>
Nov 22 14:06:18 10.0.0.2 dnsmasq[1]: 667789 fd02:c8be:1d40:0:ed9a:a5a9:93a0:c3e8/64217 reply edge-web.dual-gslb.spotify.com is 35.186.224.25
Nov 22 14:06:18 10.0.0.2 dnsmasq[1]: 667790 fd02:c8be:1d40:0:ed9a:a5a9:93a0:c3e8/61993 reply spclient.wg.spotify.com is <CNAME>
Nov 22 14:06:18 10.0.0.2 dnsmasq[1]: 667790 fd02:c8be:1d40:0:ed9a:a5a9:93a0:c3e8/61993 reply edge-web.dual-gslb.spotify.com is NODATA
Nov 22 14:06:18 10.0.0.2 ulogd[1267]: [NEW] ORIG: SRC=192.168.1.180 DST=35.186.224.25 PROTO=UDP SPT=58376 DPT=443 PKTS=0 BYTES=0 , REPLY: SRC=35.186.224.25 DST=176.36.141.89 PROTO=UDP SPT=443 DPT=58376 PKTS=0 BYTES=0
Nov 22 14:06:23 10.0.0.2 ulogd[1267]: [NEW] ORIG: SRC=fd02:c8be:1d40:0:ed9a:a5a9:93a0:c3e8 DST=fd02:c8be:1d40::1 PROTO=UDP SPT=51640 DPT=53 PKTS=0 BYTES=0 , REPLY: SRC=fd02:c8be:1d40::1 DST=fd02:c8be:1d40:0:ed9a:a5a9:93a0:c3e8 PROTO=UDP SPT=53 DPT=51640 PKTS=0 BYTES=0
Nov 22 14:06:23 10.0.0.2 dnsmasq[1]: 667791 fd02:c8be:1d40:0:ed9a:a5a9:93a0:c3e8/51640 query[A] translate.google.com from fd02:c8be:1d40:0:ed9a:a5a9:93a0:c3e8
Nov 22 14:06:23 10.0.0.2 dnsmasq[1]: 667791 fd02:c8be:1d40:0:ed9a:a5a9:93a0:c3e8/51640 forwarded translate.google.com to 192.168.1.45
Nov 22 14:06:23 10.0.0.2 ulogd[1267]: [NEW] ORIG: SRC=192.168.1.1 DST=192.168.1.45 PROTO=UDP SPT=57292 DPT=5353 PKTS=0 BYTES=0 , REPLY: SRC=192.168.1.45 DST=192.168.1.1 PROTO=UDP SPT=5353 DPT=57292 PKTS=0 BYTES=0
Nov 22 14:06:23 10.0.0.2 dnsmasq[1]: 667791 fd02:c8be:1d40:0:ed9a:a5a9:93a0:c3e8/51640 forwarded translate.google.com to 194.50.85.5
Nov 22 14:06:23 10.0.0.2 dnsmasq[1]: 667791 fd02:c8be:1d40:0:ed9a:a5a9:93a0:c3e8/51640 forwarded translate.google.com to 194.50.85.7
Nov 22 14:06:23 10.0.0.2 ulogd[1267]: [NEW] ORIG: SRC=176.36.141.89 DST=194.50.85.5 PROTO=UDP SPT=57292 DPT=53 PKTS=0 BYTES=0 , REPLY: SRC=194.50.85.5 DST=176.36.141.89 PROTO=UDP SPT=53 DPT=57292 PKTS=0 BYTES=0
Nov 22 14:06:23 10.0.0.2 ulogd[1267]: [NEW] ORIG: SRC=176.36.141.89 DST=194.50.85.7 PROTO=UDP SPT=57292 DPT=53 PKTS=0 BYTES=0 , REPLY: SRC=194.50.85.7 DST=176.36.141.89 PROTO=UDP SPT=53 DPT=57292 PKTS=0 BYTES=0
Nov 22 14:06:23 10.0.0.2 dnsmasq[1]: 667791 fd02:c8be:1d40:0:ed9a:a5a9:93a0:c3e8/51640 reply translate.google.com is <CNAME>
Nov 22 14:06:23 10.0.0.2 dnsmasq[1]: 667791 fd02:c8be:1d40:0:ed9a:a5a9:93a0:c3e8/51640 reply www3.l.google.com is 142.251.39.46
Nov 22 14:06:23 10.0.0.2 ulogd[1267]: [NEW] ORIG: SRC=192.168.1.180 DST=142.251.39.46 PROTO=UDP SPT=64240 DPT=443 PKTS=0 BYTES=0 , REPLY: SRC=142.251.39.46 DST=176.36.141.89 PROTO=UDP SPT=443 DPT=64240 PKTS=0 BYTES=0
Nov 22 14:06:52 10.0.0.2 dnsmasq[1]: 667792 fd02:c8be:1d40:0:ed9a:a5a9:93a0:c3e8/51640 query[A] slack.com from fd02:c8be:1d40:0:ed9a:a5a9:93a0:c3e8
Nov 22 14:06:52 10.0.0.2 dnsmasq[1]: 667792 fd02:c8be:1d40:0:ed9a:a5a9:93a0:c3e8/51640 forwarded slack.com to 192.168.1.45
Nov 22 14:06:52 10.0.0.2 ulogd[1267]: [NEW] ORIG: SRC=192.168.1.1 DST=192.168.1.45 PROTO=UDP SPT=50702 DPT=5353 PKTS=0 BYTES=0 , REPLY: SRC=192.168.1.45 DST=192.168.1.1 PROTO=UDP SPT=5353 DPT=50702 PKTS=0 BYTES=0
Nov 22 14:06:52 10.0.0.2 dnsmasq[1]: 667792 fd02:c8be:1d40:0:ed9a:a5a9:93a0:c3e8/51640 forwarded slack.com to 194.50.85.5
Nov 22 14:06:52 10.0.0.2 dnsmasq[1]: 667792 fd02:c8be:1d40:0:ed9a:a5a9:93a0:c3e8/51640 forwarded slack.com to 194.50.85.7
Nov 22 14:06:52 10.0.0.2 ulogd[1267]: [NEW] ORIG: SRC=176.36.141.89 DST=194.50.85.5 PROTO=UDP SPT=50702 DPT=53 PKTS=0 BYTES=0 , REPLY: SRC=194.50.85.5 DST=176.36.141.89 PROTO=UDP SPT=53 DPT=50702 PKTS=0 BYTES=0
Nov 22 14:06:52 10.0.0.2 ulogd[1267]: [NEW] ORIG: SRC=176.36.141.89 DST=194.50.85.7 PROTO=UDP SPT=50702 DPT=53 PKTS=0 BYTES=0 , REPLY: SRC=194.50.85.7 DST=176.36.141.89 PROTO=UDP SPT=53 DPT=50702 PKTS=0 BYTES=0
Nov 22 14:06:52 10.0.0.2 dnsmasq[1]: 667792 fd02:c8be:1d40:0:ed9a:a5a9:93a0:c3e8/51640 reply slack.com is 18.159.197.225
Nov 22 14:06:52 10.0.0.2 dnsmasq[1]: 667792 fd02:c8be:1d40:0:ed9a:a5a9:93a0:c3e8/51640 reply slack.com is 3.68.170.153
Nov 22 14:06:52 10.0.0.2 dnsmasq[1]: 667792 fd02:c8be:1d40:0:ed9a:a5a9:93a0:c3e8/51640 reply slack.com is 3.68.124.168
Nov 22 14:06:52 10.0.0.2 dnsmasq[1]: 667792 fd02:c8be:1d40:0:ed9a:a5a9:93a0:c3e8/51640 reply slack.com is 3.68.175.98
Nov 22 14:06:52 10.0.0.2 ulogd[1267]: [NEW] ORIG: SRC=192.168.1.180 DST=18.159.197.225 PROTO=TCP SPT=61680 DPT=443 PKTS=0 BYTES=0 , REPLY: SRC=18.159.197.225 DST=176.36.141.89 PROTO=TCP SPT=443 DPT=61680 PKTS=0 BYTES=0
Nov 22 14:07:02 10.0.0.2 ulogd[1267]: [DESTROY] ORIG: SRC=176.36.141.89 DST=194.50.85.5 PROTO=UDP SPT=33166 DPT=53 PKTS=1 BYTES=71 , REPLY: SRC=194.50.85.5 DST=176.36.141.89 PROTO=UDP SPT=53 DPT=33166 PKTS=1 BYTES=174
Nov 22 14:07:07 10.0.0.2 dnsmasq[1]: 667793 fd02:c8be:1d40:0:ed9a:a5a9:93a0:c3e8/51640 query[A] sync-v2.brave.com from fd02:c8be:1d40:0:ed9a:a5a9:93a0:c3e8
Nov 22 14:07:07 10.0.0.2 dnsmasq[1]: 667793 fd02:c8be:1d40:0:ed9a:a5a9:93a0:c3e8/51640 cached sync-v2.brave.com is <CNAME>
Nov 22 14:07:07 10.0.0.2 dnsmasq[1]: 667793 fd02:c8be:1d40:0:ed9a:a5a9:93a0:c3e8/51640 forwarded sync-v2.brave.com to 194.50.85.5
Nov 22 14:07:07 10.0.0.2 ulogd[1267]: [NEW] ORIG: SRC=176.36.141.89 DST=194.50.85.5 PROTO=UDP SPT=51802 DPT=53 PKTS=0 BYTES=0 , REPLY: SRC=194.50.85.5 DST=176.36.141.89 PROTO=UDP SPT=53 DPT=51802 PKTS=0 BYTES=0
Nov 22 14:07:07 10.0.0.2 dnsmasq[1]: 667793 fd02:c8be:1d40:0:ed9a:a5a9:93a0:c3e8/51640 reply sync-v2.brave.com is <CNAME>
Nov 22 14:07:07 10.0.0.2 dnsmasq[1]: 667793 fd02:c8be:1d40:0:ed9a:a5a9:93a0:c3e8/51640 reply sync-alb-152764135.us-west-2.elb.amazonaws.com is 54.190.8.136
Nov 22 14:07:07 10.0.0.2 dnsmasq[1]: 667793 fd02:c8be:1d40:0:ed9a:a5a9:93a0:c3e8/51640 reply sync-alb-152764135.us-west-2.elb.amazonaws.com is 44.228.160.54
Nov 22 14:07:07 10.0.0.2 dnsmasq[1]: 667793 fd02:c8be:1d40:0:ed9a:a5a9:93a0:c3e8/51640 reply sync-alb-152764135.us-west-2.elb.amazonaws.com is 52.34.169.249
Nov 22 14:07:21 10.0.0.2 dnsmasq[1]: 667794 fd02:c8be:1d40:0:ed9a:a5a9:93a0:c3e8/51640 query[A] www.aljazeera.com from fd02:c8be:1d40:0:ed9a:a5a9:93a0:c3e8
Nov 22 14:07:21 10.0.0.2 dnsmasq[1]: 667794 fd02:c8be:1d40:0:ed9a:a5a9:93a0:c3e8/51640 forwarded www.aljazeera.com to 192.168.1.45
Nov 22 14:07:21 10.0.0.2 dnsmasq[1]: 667794 fd02:c8be:1d40:0:ed9a:a5a9:93a0:c3e8/51640 forwarded www.aljazeera.com to 194.50.85.5
Nov 22 14:07:21 10.0.0.2 dnsmasq[1]: 667794 fd02:c8be:1d40:0:ed9a:a5a9:93a0:c3e8/51640 forwarded www.aljazeera.com to 194.50.85.7
Nov 22 14:07:21 10.0.0.2 ulogd[1267]: [NEW] ORIG: SRC=192.168.1.1 DST=192.168.1.45 PROTO=UDP SPT=48002 DPT=5353 PKTS=0 BYTES=0 , REPLY: SRC=192.168.1.45 DST=192.168.1.1 PROTO=UDP SPT=5353 DPT=48002 PKTS=0 BYTES=0
Nov 22 14:07:21 10.0.0.2 ulogd[1267]: [NEW] ORIG: SRC=176.36.141.89 DST=194.50.85.5 PROTO=UDP SPT=48002 DPT=53 PKTS=0 BYTES=0 , REPLY: SRC=194.50.85.5 DST=176.36.141.89 PROTO=UDP SPT=53 DPT=48002 PKTS=0 BYTES=0
Nov 22 14:07:21 10.0.0.2 ulogd[1267]: [NEW] ORIG: SRC=176.36.141.89 DST=194.50.85.7 PROTO=UDP SPT=48002 DPT=53 PKTS=0 BYTES=0 , REPLY: SRC=194.50.85.7 DST=176.36.141.89 PROTO=UDP SPT=53 DPT=48002 PKTS=0 BYTES=0
Nov 22 14:07:21 10.0.0.2 dnsmasq[1]: 667794 fd02:c8be:1d40:0:ed9a:a5a9:93a0:c3e8/51640 reply www.aljazeera.com is <CNAME>
Nov 22 14:07:21 10.0.0.2 ulogd[1267]: [NEW] ORIG: SRC=192.168.1.180 DST=192.168.1.1 PROTO=UDP SPT=51640 DPT=53 PKTS=0 BYTES=0 , REPLY: SRC=192.168.1.1 DST=192.168.1.180 PROTO=UDP SPT=53 DPT=51640 PKTS=0 BYTES=0
Nov 22 14:07:21 10.0.0.2 dnsmasq[1]: 667794 fd02:c8be:1d40:0:ed9a:a5a9:93a0:c3e8/51640 reply www.aljazeera.com.edgekey.net is <CNAME>
Nov 22 14:07:21 10.0.0.2 dnsmasq[1]: 667794 fd02:c8be:1d40:0:ed9a:a5a9:93a0:c3e8/51640 reply e9106.dscg.akamaiedge.net is 23.200.160.171
Nov 22 14:07:21 10.0.0.2 dnsmasq[1]: 667795 192.168.1.180/51640 query[A] www.aljazeera.com from 192.168.1.180
Nov 22 14:07:21 10.0.0.2 dnsmasq[1]: 667795 192.168.1.180/51640 cached www.aljazeera.com is <CNAME>
Nov 22 14:07:21 10.0.0.2 dnsmasq[1]: 667795 192.168.1.180/51640 cached www.aljazeera.com.edgekey.net is <CNAME>
Nov 22 14:07:21 10.0.0.2 dnsmasq[1]: 667795 192.168.1.180/51640 cached e9106.dscg.akamaiedge.net is 23.200.160.171
Nov 22 14:07:23 10.0.0.2 ulogd[1267]: [NEW] ORIG: SRC=fd02:c8be:1d40:0:ed9a:a5a9:93a0:c3e8 DST=fd02:c8be:1d40::1 PROTO=UDP SPT=55085 DPT=53 PKTS=0 BYTES=0 , REPLY: SRC=fd02:c8be:1d40::1 DST=fd02:c8be:1d40:0:ed9a:a5a9:93a0:c3e8 PROTO=UDP SPT=53 DPT=55085 PKTS=0 BYTES=0
Nov 22 14:07:23 10.0.0.2 dnsmasq[1]: 667796 fd02:c8be:1d40:0:ed9a:a5a9:93a0:c3e8/55085 query[A] array610.prod.do.dsp.mp.microsoft.com from fd02:c8be:1d40:0:ed9a:a5a9:93a0:c3e8
Nov 22 14:07:23 10.0.0.2 ulogd[1267]: [NEW] ORIG: SRC=fd02:c8be:1d40:0:ed9a:a5a9:93a0:c3e8 DST=fd02:c8be:1d40::1 PROTO=UDP SPT=64666 DPT=53 PKTS=0 BYTES=0 , REPLY: SRC=fd02:c8be:1d40::1 DST=fd02:c8be:1d40:0:ed9a:a5a9:93a0:c3e8 PROTO=UDP SPT=53 DPT=64666 PKTS=0 BYTES=0
Nov 22 14:07:23 10.0.0.2 ulogd[1267]: [NEW] ORIG: SRC=176.36.141.89 DST=194.50.85.5 PROTO=UDP SPT=43197 DPT=53 PKTS=0 BYTES=0 , REPLY: SRC=194.50.85.5 DST=176.36.141.89 PROTO=UDP SPT=53 DPT=43197 PKTS=0 BYTES=0
Nov 22 14:07:23 10.0.0.2 dnsmasq[1]: 667796 fd02:c8be:1d40:0:ed9a:a5a9:93a0:c3e8/55085 forwarded array610.prod.do.dsp.mp.microsoft.com to 194.50.85.5
Nov 22 14:07:23 10.0.0.2 dnsmasq[1]: 667797 fd02:c8be:1d40:0:ed9a:a5a9:93a0:c3e8/64666 query[AAAA] array610.prod.do.dsp.mp.microsoft.com from fd02:c8be:1d40:0:ed9a:a5a9:93a0:c3e8
Nov 22 14:07:23 10.0.0.2 dnsmasq[1]: 667797 fd02:c8be:1d40:0:ed9a:a5a9:93a0:c3e8/64666 forwarded array610.prod.do.dsp.mp.microsoft.com to 194.50.85.5
Nov 22 14:07:23 10.0.0.2 dnsmasq[1]: 667796 fd02:c8be:1d40:0:ed9a:a5a9:93a0:c3e8/55085 reply array610.prod.do.dsp.mp.microsoft.com is 20.54.24.69
Nov 22 14:07:23 10.0.0.2 ulogd[1267]: [NEW] ORIG: SRC=176.36.141.89 DST=194.50.85.5 PROTO=UDP SPT=55605 DPT=53 PKTS=0 BYTES=0 , REPLY: SRC=194.50.85.5 DST=176.36.141.89 PROTO=UDP SPT=53 DPT=55605 PKTS=0 BYTES=0
Nov 22 14:07:23 10.0.0.2 ulogd[1267]: [NEW] ORIG: SRC=192.168.1.180 DST=192.168.1.1 PROTO=UDP SPT=64666 DPT=53 PKTS=0 BYTES=0 , REPLY: SRC=192.168.1.1 DST=192.168.1.180 PROTO=UDP SPT=53 DPT=64666 PKTS=0 BYTES=0
Nov 22 14:07:23 10.0.0.2 dnsmasq[1]: 667798 192.168.1.180/64666 query[AAAA] array610.prod.do.dsp.mp.microsoft.com from 192.168.1.180
Nov 22 14:07:23 10.0.0.2 dnsmasq[1]: 667797 fd02:c8be:1d40:0:ed9a:a5a9:93a0:c3e8/64666 reply array610.prod.do.dsp.mp.microsoft.com is NODATA-IPv6
Nov 22 14:07:23 10.0.0.2 dnsmasq[1]: 667798 192.168.1.180/64666 reply query is duplicate
Nov 22 14:07:23 10.0.0.2 ulogd[1267]: [NEW] ORIG: SRC=192.168.1.180 DST=20.54.24.69 PROTO=TCP SPT=61681 DPT=443 PKTS=0 BYTES=0 , REPLY: SRC=20.54.24.69 DST=176.36.141.89 PROTO=TCP SPT=443 DPT=61681 PKTS=0 BYTES=0
Nov 22 14:07:23 10.0.0.2 ulogd[1267]: [NEW] ORIG: SRC=192.168.1.180 DST=142.251.39.46 PROTO=UDP SPT=64518 DPT=443 PKTS=0 BYTES=0 , REPLY: SRC=142.251.39.46 DST=176.36.141.89 PROTO=UDP SPT=443 DPT=64518 PKTS=0 BYTES=0
Nov 22 14:07:24 10.0.0.2 dnsmasq[1]: 667799 fd02:c8be:1d40:0:ed9a:a5a9:93a0:c3e8/55085 query[A] lps.navigator-bs.gmx.com from fd02:c8be:1d40:0:ed9a:a5a9:93a0:c3e8
Nov 22 14:07:24 10.0.0.2 ulogd[1267]: [NEW] ORIG: SRC=176.36.141.89 DST=194.50.85.5 PROTO=UDP SPT=38515 DPT=53 PKTS=0 BYTES=0 , REPLY: SRC=194.50.85.5 DST=176.36.141.89 PROTO=UDP SPT=53 DPT=38515 PKTS=0 BYTES=0
Nov 22 14:07:24 10.0.0.2 dnsmasq[1]: 667799 fd02:c8be:1d40:0:ed9a:a5a9:93a0:c3e8/55085 forwarded lps.navigator-bs.gmx.com to 194.50.85.5
Nov 22 14:07:24 10.0.0.2 ulogd[1267]: [NEW] ORIG: SRC=192.168.1.180 DST=192.168.1.1 PROTO=UDP SPT=55085 DPT=53 PKTS=0 BYTES=0 , REPLY: SRC=192.168.1.1 DST=192.168.1.180 PROTO=UDP SPT=53 DPT=55085 PKTS=0 BYTES=0
Nov 22 14:07:24 10.0.0.2 dnsmasq[1]: 667800 192.168.1.180/55085 query[A] lps.navigator-bs.gmx.com from 192.168.1.180
Nov 22 14:07:25 10.0.0.2 dnsmasq[1]: 667801 fd02:c8be:1d40:0:ed9a:a5a9:93a0:c3e8/55085 query[A] lps.navigator-bs.gmx.com from fd02:c8be:1d40:0:ed9a:a5a9:93a0:c3e8
Nov 22 14:07:25 10.0.0.2 dnsmasq[1]: 667801 fd02:c8be:1d40:0:ed9a:a5a9:93a0:c3e8/55085 forwarded lps.navigator-bs.gmx.com to 192.168.1.45
Nov 22 14:07:25 10.0.0.2 ulogd[1267]: [DESTROY] ORIG: SRC=176.36.141.89 DST=194.50.85.7 PROTO=UDP SPT=37218 DPT=53 PKTS=1 BYTES=69 , REPLY: SRC=194.50.85.7 DST=176.36.141.89 PROTO=UDP SPT=53 DPT=37218 PKTS=1 BYTES=167
Nov 22 14:07:25 10.0.0.2 ulogd[1267]: [NEW] ORIG: SRC=192.168.1.1 DST=192.168.1.45 PROTO=UDP SPT=38515 DPT=5353 PKTS=0 BYTES=0 , REPLY: SRC=192.168.1.45 DST=192.168.1.1 PROTO=UDP SPT=5353 DPT=38515 PKTS=0 BYTES=0
Nov 22 14:07:25 10.0.0.2 dnsmasq[1]: 667801 fd02:c8be:1d40:0:ed9a:a5a9:93a0:c3e8/55085 forwarded lps.navigator-bs.gmx.com to 194.50.85.5
Nov 22 14:07:25 10.0.0.2 ulogd[1267]: [NEW] ORIG: SRC=176.36.141.89 DST=194.50.85.7 PROTO=UDP SPT=38515 DPT=53 PKTS=0 BYTES=0 , REPLY: SRC=194.50.85.7 DST=176.36.141.89 PROTO=UDP SPT=53 DPT=38515 PKTS=0 BYTES=0
Nov 22 14:07:25 10.0.0.2 dnsmasq[1]: 667801 fd02:c8be:1d40:0:ed9a:a5a9:93a0:c3e8/55085 forwarded lps.navigator-bs.gmx.com to 194.50.85.7
Nov 22 14:07:25 10.0.0.2 dnsmasq[1]: 667801 fd02:c8be:1d40:0:ed9a:a5a9:93a0:c3e8/55085 reply lps.navigator-bs.gmx.com is 217.72.199.27
Nov 22 14:07:25 10.0.0.2 dnsmasq[1]: 667800 192.168.1.180/55085 reply query is duplicate
Nov 22 14:07:28 10.0.0.2 ulogd[1267]: [DESTROY] ORIG: SRC=176.36.141.89 DST=194.50.85.5 PROTO=UDP SPT=46330 DPT=53 PKTS=1 BYTES=66 , REPLY: SRC=194.50.85.5 DST=176.36.141.89 PROTO=UDP SPT=53 DPT=46330 PKTS=1 BYTES=82
Nov 22 14:07:29 10.0.0.2 ulogd[1267]: [DESTROY] ORIG: SRC=192.168.1.180 DST=142.251.39.46 PROTO=UDP SPT=64240 DPT=443 PKTS=8 BYTES=4150 , REPLY: SRC=142.251.39.46 DST=176.36.141.89 PROTO=UDP SPT=443 DPT=64240 PKTS=9 BYTES=3866
Nov 22 14:07:29 10.0.0.2 ulogd[1267]: [DESTROY] ORIG: SRC=108.137.131.185 DST=176.36.141.89 PROTO=ICMP TYPE=0 CODE=8 PKTS=1 BYTES=36 , REPLY: SRC=176.36.141.89 DST=108.137.131.185 PROTO=ICMP TYPE=0 CODE=8 PKTS=1 BYTES=36
Nov 22 14:07:34 10.0.0.2 ulogd[1267]: [NEW] ORIG: SRC=fd02:c8be:1d40:0:ed9a:a5a9:93a0:c3e8 DST=fd02:c8be:1d40::1 PROTO=UDP SPT=54825 DPT=53 PKTS=0 BYTES=0 , REPLY: SRC=fd02:c8be:1d40::1 DST=fd02:c8be:1d40:0:ed9a:a5a9:93a0:c3e8 PROTO=UDP SPT=53 DPT=54825 PKTS=0 BYTES=0
Nov 22 14:07:34 10.0.0.2 dnsmasq[1]: 667802 fd02:c8be:1d40:0:ed9a:a5a9:93a0:c3e8/54825 query[A] event.shelljacket.us from fd02:c8be:1d40:0:ed9a:a5a9:93a0:c3e8
Nov 22 14:07:34 10.0.0.2 dnsmasq[1]: 667802 fd02:c8be:1d40:0:ed9a:a5a9:93a0:c3e8/54825 forwarded event.shelljacket.us to 194.50.85.5
Nov 22 14:07:34 10.0.0.2 ulogd[1267]: [NEW] ORIG: SRC=176.36.141.89 DST=194.50.85.5 PROTO=UDP SPT=59117 DPT=53 PKTS=0 BYTES=0 , REPLY: SRC=194.50.85.5 DST=176.36.141.89 PROTO=UDP SPT=53 DPT=59117 PKTS=0 BYTES=0
Nov 22 14:07:34 10.0.0.2 dnsmasq[1]: 667802 fd02:c8be:1d40:0:ed9a:a5a9:93a0:c3e8/54825 reply event.shelljacket.us is 46.101.131.99
Nov 22 14:07:34 10.0.0.2 dnsmasq[1]: 667802 fd02:c8be:1d40:0:ed9a:a5a9:93a0:c3e8/54825 reply event.shelljacket.us is 138.68.77.102
Nov 22 14:07:34 10.0.0.2 dnsmasq[1]: 667802 fd02:c8be:1d40:0:ed9a:a5a9:93a0:c3e8/54825 reply event.shelljacket.us is 159.89.100.215
Nov 22 14:07:34 10.0.0.2 dnsmasq[1]: 667802 fd02:c8be:1d40:0:ed9a:a5a9:93a0:c3e8/54825 reply event.shelljacket.us is 46.101.131.214
Nov 22 14:07:34 10.0.0.2 dnsmasq[1]: 667802 fd02:c8be:1d40:0:ed9a:a5a9:93a0:c3e8/54825 reply event.shelljacket.us is 159.89.27.102
Nov 22 14:07:34 10.0.0.2 dnsmasq[1]: 667802 fd02:c8be:1d40:0:ed9a:a5a9:93a0:c3e8/54825 reply event.shelljacket.us is 138.68.92.190
Nov 22 14:07:34 10.0.0.2 dnsmasq[1]: 667802 fd02:c8be:1d40:0:ed9a:a5a9:93a0:c3e8/54825 reply event.shelljacket.us is 138.68.101.1
Nov 22 14:07:34 10.0.0.2 ulogd[1267]: [NEW] ORIG: SRC=192.168.1.180 DST=46.101.131.99 PROTO=TCP SPT=61682 DPT=443 PKTS=0 BYTES=0 , REPLY: SRC=46.101.131.99 DST=176.36.141.89 PROTO=TCP SPT=443 DPT=61682 PKTS=0 BYTES=0
Nov 22 14:07:44 10.0.0.2 ulogd[1267]: [DESTROY] ORIG: SRC=fe80::b295:75ff:fe15:6fa5 DST=ff02::1:2 PROTO=UDP SPT=546 DPT=547 PKTS=1 BYTES=150 , REPLY: SRC=ff02::1:2 DST=fe80::b295:75ff:fe15:6fa5 PROTO=UDP SPT=547 DPT=546 PKTS=0 BYTES=0
Nov 22 14:07:44 10.0.0.2 ulogd[1267]: [NEW] ORIG: SRC=fe80::b295:75ff:fe15:6fa5 DST=ff02::1:2 PROTO=UDP SPT=546 DPT=547 PKTS=0 BYTES=0 , REPLY: SRC=ff02::1:2 DST=fe80::b295:75ff:fe15:6fa5 PROTO=UDP SPT=547 DPT=546 PKTS=0 BYTES=0
Nov 22 14:07:44 10.0.0.2 ulogd[1267]: [DESTROY] ORIG: SRC=192.168.1.1 DST=192.168.1.45 PROTO=UDP SPT=57292 DPT=5353 PKTS=1 BYTES=66 , REPLY: SRC=192.168.1.45 DST=192.168.1.1 PROTO=UDP SPT=5353 DPT=57292 PKTS=0 BYTES=0
Nov 22 14:07:44 10.0.0.2 ulogd[1267]: [DESTROY] ORIG: SRC=176.36.141.89 DST=194.50.85.7 PROTO=UDP SPT=48232 DPT=53 PKTS=1 BYTES=55 , REPLY: SRC=194.50.85.7 DST=176.36.141.89 PROTO=UDP SPT=53 DPT=48232 PKTS=1 BYTES=71
Nov 22 14:07:44 10.0.0.2 ulogd[1267]: [DESTROY] ORIG: SRC=176.36.141.89 DST=194.50.85.5 PROTO=UDP SPT=57939 DPT=53 PKTS=1 BYTES=61 , REPLY: SRC=194.50.85.5 DST=176.36.141.89 PROTO=UDP SPT=53 DPT=57939 PKTS=1 BYTES=151
Nov 22 14:07:44 10.0.0.2 ulogd[1267]: [DESTROY] ORIG: SRC=176.36.141.89 DST=194.50.85.5 PROTO=UDP SPT=53648 DPT=53 PKTS=1 BYTES=60 , REPLY: SRC=194.50.85.5 DST=176.36.141.89 PROTO=UDP SPT=53 DPT=53648 PKTS=1 BYTES=76
Nov 22 14:07:44 10.0.0.2 ulogd[1267]: [DESTROY] ORIG: SRC=192.168.1.1 DST=192.168.1.45 PROTO=UDP SPT=43837 DPT=5353 PKTS=1 BYTES=57 , REPLY: SRC=192.168.1.45 DST=192.168.1.1 PROTO=UDP SPT=5353 DPT=43837 PKTS=0 BYTES=0
Nov 22 14:07:44 10.0.0.2 ulogd[1267]: [DESTROY] ORIG: SRC=fd02:c8be:1d40:0:ed9a:a5a9:93a0:c3e8 DST=fd02:c8be:1d40::1 PROTO=UDP SPT=50060 DPT=53 PKTS=1 BYTES=74 , REPLY: SRC=fd02:c8be:1d40::1 DST=fd02:c8be:1d40:0:ed9a:a5a9:93a0:c3e8 PROTO=UDP SPT=53 DPT=50060 PKTS=1 BYTES=74
Nov 22 14:07:44 10.0.0.2 ulogd[1267]: [DESTROY] ORIG: SRC=176.36.141.89 DST=194.50.85.5 PROTO=UDP SPT=56232 DPT=53 PKTS=1 BYTES=60 , REPLY: SRC=194.50.85.5 DST=176.36.141.89 PROTO=UDP SPT=53 DPT=56232 PKTS=1 BYTES=108
Nov 22 14:07:44 10.0.0.2 ulogd[1267]: [DESTROY] ORIG: SRC=43.218.112.39 DST=176.36.141.89 PROTO=ICMP TYPE=0 CODE=8 PKTS=1 BYTES=36 , REPLY: SRC=176.36.141.89 DST=43.218.112.39 PROTO=ICMP TYPE=0 CODE=8 PKTS=1 BYTES=36
Nov 22 14:07:44 10.0.0.2 ulogd[1267]: [DESTROY] ORIG: SRC=176.36.141.89 DST=194.50.85.7 PROTO=UDP SPT=38678 DPT=53 PKTS=1 BYTES=63 , REPLY: SRC=194.50.85.7 DST=176.36.141.89 PROTO=UDP SPT=53 DPT=38678 PKTS=1 BYTES=168
Nov 22 14:07:44 10.0.0.2 ulogd[1267]: [DESTROY] ORIG: SRC=176.36.141.89 DST=194.50.85.7 PROTO=UDP SPT=37098 DPT=53 PKTS=1 BYTES=63 , REPLY: SRC=194.50.85.7 DST=176.36.141.89 PROTO=UDP SPT=53 DPT=37098 PKTS=1 BYTES=158
Nov 22 14:07:44 10.0.0.2 ulogd[1267]: [DESTROY] ORIG: SRC=fd02:c8be:1d40:0:ed9a:a5a9:93a0:c3e8 DST=fd02:c8be:1d40::1 PROTO=UDP SPT=61951 DPT=53 PKTS=1 BYTES=91 , REPLY: SRC=fd02:c8be:1d40::1 DST=fd02:c8be:1d40:0:ed9a:a5a9:93a0:c3e8 PROTO=UDP SPT=53 DPT=61951 PKTS=1 BYTES=194
Nov 22 14:07:44 10.0.0.2 ulogd[1267]: [DESTROY] ORIG: SRC=192.168.1.180 DST=192.168.1.1 PROTO=UDP SPT=53851 DPT=53 PKTS=1 BYTES=57 , REPLY: SRC=192.168.1.1 DST=192.168.1.180 PROTO=UDP SPT=53 DPT=53851 PKTS=1 BYTES=143
Nov 22 14:07:44 10.0.0.2 ulogd[1267]: [DESTROY] ORIG: SRC=192.168.1.180 DST=192.168.1.1 PROTO=UDP SPT=60062 DPT=53 PKTS=1 BYTES=63 , REPLY: SRC=192.168.1.1 DST=192.168.1.180 PROTO=UDP SPT=53 DPT=60062 PKTS=1 BYTES=161
Nov 22 14:07:44 10.0.0.2 ulogd[1267]: [DESTROY] ORIG: SRC=176.36.141.89 DST=194.50.85.7 PROTO=UDP SPT=57862 DPT=53 PKTS=1 BYTES=76 , REPLY: SRC=194.50.85.7 DST=176.36.141.89 PROTO=UDP SPT=53 DPT=57862 PKTS=1 BYTES=220
Nov 22 14:07:44 10.0.0.2 ulogd[1267]: [DESTROY] ORIG: SRC=176.36.141.89 DST=194.50.85.7 PROTO=UDP SPT=32936 DPT=53 PKTS=1 BYTES=63 , REPLY: SRC=194.50.85.7 DST=176.36.141.89 PROTO=UDP SPT=53 DPT=32936 PKTS=1 BYTES=168
Nov 22 14:07:44 10.0.0.2 ulogd[1267]: [DESTROY] ORIG: SRC=176.36.141.89 DST=194.50.85.5 PROTO=UDP SPT=37609 DPT=53 PKTS=1 BYTES=77 , REPLY: SRC=194.50.85.5 DST=176.36.141.89 PROTO=UDP SPT=53 DPT=37609 PKTS=1 BYTES=93
Nov 22 14:07:44 10.0.0.2 ulogd[1267]: [DESTROY] ORIG: SRC=176.36.141.89 DST=194.50.85.7 PROTO=UDP SPT=43837 DPT=53 PKTS=1 BYTES=57 , REPLY: SRC=194.50.85.7 DST=176.36.141.89 PROTO=UDP SPT=53 DPT=43837 PKTS=1 BYTES=143
Nov 22 14:07:44 10.0.0.2 ulogd[1267]: [DESTROY] ORIG: SRC=fd02:c8be:1d40:0:ed9a:a5a9:93a0:c3e8 DST=fd02:c8be:1d40::1 PROTO=UDP SPT=64217 DPT=53 PKTS=1 BYTES=89 , REPLY: SRC=fd02:c8be:1d40::1 DST=fd02:c8be:1d40:0:ed9a:a5a9:93a0:c3e8 PROTO=UDP SPT=53 DPT=64217 PKTS=1 BYTES=138
Nov 22 14:07:44 10.0.0.2 ulogd[1267]: [DESTROY] ORIG: SRC=fd02:c8be:1d40:0:ed9a:a5a9:93a0:c3e8 DST=fd02:c8be:1d40::1 PROTO=UDP SPT=63168 DPT=53 PKTS=1 BYTES=74 , REPLY: SRC=fd02:c8be:1d40::1 DST=fd02:c8be:1d40:0:ed9a:a5a9:93a0:c3e8 PROTO=UDP SPT=53 DPT=63168 PKTS=1 BYTES=74
Nov 22 14:07:44 10.0.0.2 ulogd[1267]: [DESTROY] ORIG: SRC=192.168.1.180 DST=192.168.1.1 PROTO=UDP SPT=54382 DPT=53 PKTS=1 BYTES=61 , REPLY: SRC=192.168.1.1 DST=192.168.1.180 PROTO=UDP SPT=53 DPT=54382 PKTS=1 BYTES=151
Nov 22 14:07:44 10.0.0.2 ulogd[1267]: [DESTROY] ORIG: SRC=176.36.141.89 DST=194.50.85.7 PROTO=UDP SPT=57292 DPT=53 PKTS=1 BYTES=66 , REPLY: SRC=194.50.85.7 DST=176.36.141.89 PROTO=UDP SPT=53 DPT=57292 PKTS=1 BYTES=103
Nov 22 14:07:44 10.0.0.2 ulogd[1267]: [DESTROY] ORIG: SRC=176.36.141.89 DST=194.50.85.7 PROTO=UDP SPT=38268 DPT=53 PKTS=1 BYTES=63 , REPLY: SRC=194.50.85.7 DST=176.36.141.89 PROTO=UDP SPT=53 DPT=38268 PKTS=1 BYTES=158
Nov 22 14:07:44 10.0.0.2 ulogd[1267]: [DESTROY] ORIG: SRC=108.136.139.211 DST=176.36.141.89 PROTO=ICMP TYPE=0 CODE=8 PKTS=1 BYTES=36 , REPLY: SRC=176.36.141.89 DST=108.136.139.211 PROTO=ICMP TYPE=0 CODE=8 PKTS=1 BYTES=36
Nov 22 14:07:44 10.0.0.2 ulogd[1267]: [DESTROY] ORIG: SRC=192.168.1.180 DST=192.168.1.255 PROTO=UDP SPT=137 DPT=137 PKTS=3 BYTES=234 , REPLY: SRC=192.168.1.255 DST=192.168.1.180 PROTO=UDP SPT=137 DPT=137 PKTS=0 BYTES=0
Nov 22 14:07:44 10.0.0.2 ulogd[1267]: [DESTROY] ORIG: SRC=192.168.1.180 DST=192.168.1.1 PROTO=UDP SPT=58492 DPT=53 PKTS=1 BYTES=77 , REPLY: SRC=192.168.1.1 DST=192.168.1.180 PROTO=UDP SPT=53 DPT=58492 PKTS=1 BYTES=93
Nov 22 14:07:44 10.0.0.2 ulogd[1267]: [DESTROY] ORIG: SRC=fd02:c8be:1d40:0:ed9a:a5a9:93a0:c3e8 DST=fd02:c8be:1d40::1 PROTO=UDP SPT=56153 DPT=53 PKTS=7 BYTES=589 , REPLY: SRC=fd02:c8be:1d40::1 DST=fd02:c8be:1d40:0:ed9a:a5a9:93a0:c3e8 PROTO=UDP SPT=53 DPT=56153 PKTS=7 BYTES=1085
Nov 22 14:07:44 10.0.0.2 ulogd[1267]: [DESTROY] ORIG: SRC=176.36.141.89 DST=194.50.85.5 PROTO=UDP SPT=57292 DPT=53 PKTS=1 BYTES=66 , REPLY: SRC=194.50.85.5 DST=176.36.141.89 PROTO=UDP SPT=53 DPT=57292 PKTS=1 BYTES=103
Nov 22 14:07:44 10.0.0.2 ulogd[1267]: [DESTROY] ORIG: SRC=192.168.1.180 DST=142.251.39.3 PROTO=UDP SPT=49435 DPT=443 PKTS=5 BYTES=1609 , REPLY: SRC=142.251.39.3 DST=176.36.141.89 PROTO=UDP SPT=443 DPT=49435 PKTS=5 BYTES=2504
Nov 22 14:07:44 10.0.0.2 ulogd[1267]: [DESTROY] ORIG: SRC=43.218.88.51 DST=176.36.141.89 PROTO=ICMP TYPE=0 CODE=8 PKTS=1 BYTES=36 , REPLY: SRC=176.36.141.89 DST=43.218.88.51 PROTO=ICMP TYPE=0 CODE=8 PKTS=1 BYTES=36
Nov 22 14:07:44 10.0.0.2 ulogd[1267]: [DESTROY] ORIG: SRC=fd02:c8be:1d40:0:ed9a:a5a9:93a0:c3e8 DST=fd02:c8be:1d40::1 PROTO=UDP SPT=61468 DPT=53 PKTS=5 BYTES=425 , REPLY: SRC=fd02:c8be:1d40::1 DST=fd02:c8be:1d40:0:ed9a:a5a9:93a0:c3e8 PROTO=UDP SPT=53 DPT=61468 PKTS=5 BYTES=762
Nov 22 14:07:44 10.0.0.2 ulogd[1267]: [DESTROY] ORIG: SRC=43.218.38.94 DST=176.36.141.89 PROTO=ICMP TYPE=0 CODE=8 PKTS=1 BYTES=36 , REPLY: SRC=176.36.141.89 DST=43.218.38.94 PROTO=ICMP TYPE=0 CODE=8 PKTS=1 BYTES=36
Nov 22 14:07:44 10.0.0.2 ulogd[1267]: [DESTROY] ORIG: SRC=43.218.95.55 DST=176.36.141.89 PROTO=ICMP TYPE=0 CODE=8 PKTS=1 BYTES=36 , REPLY: SRC=176.36.141.89 DST=43.218.95.55 PROTO=ICMP TYPE=0 CODE=8 PKTS=1 BYTES=36
Nov 22 14:07:44 10.0.0.2 ulogd[1267]: [DESTROY] ORIG: SRC=176.36.141.89 DST=194.50.85.5 PROTO=UDP SPT=43420 DPT=53 PKTS=1 BYTES=70 , REPLY: SRC=194.50.85.5 DST=176.36.141.89 PROTO=UDP SPT=53 DPT=43420 PKTS=1 BYTES=118
Nov 22 14:07:44 10.0.0.2 ulogd[1267]: [DESTROY] ORIG: SRC=fd02:c8be:1d40:0:ed9a:a5a9:93a0:c3e8 DST=fd02:c8be:1d40::1 PROTO=UDP SPT=61993 DPT=53 PKTS=1 BYTES=89 , REPLY: SRC=fd02:c8be:1d40::1 DST=fd02:c8be:1d40:0:ed9a:a5a9:93a0:c3e8 PROTO=UDP SPT=53 DPT=61993 PKTS=1 BYTES=187
Nov 22 14:07:44 10.0.0.2 ulogd[1267]: [DESTROY] ORIG: SRC=176.36.141.89 DST=194.50.85.7 PROTO=UDP SPT=55400 DPT=53 PKTS=1 BYTES=63 , REPLY: SRC=194.50.85.7 DST=176.36.141.89 PROTO=UDP SPT=53 DPT=55400 PKTS=1 BYTES=79
Nov 22 14:07:44 10.0.0.2 ulogd[1267]: [DESTROY] ORIG: SRC=192.168.1.180 DST=192.168.1.1 PROTO=UDP SPT=51695 DPT=53 PKTS=1 BYTES=63 , REPLY: SRC=192.168.1.1 DST=192.168.1.180 PROTO=UDP SPT=53 DPT=51695 PKTS=1 BYTES=158
Nov 22 14:07:44 10.0.0.2 ulogd[1267]: [DESTROY] ORIG: SRC=fd02:c8be:1d40:0:ed9a:a5a9:93a0:c3e8 DST=fd02:c8be:1d40::1 PROTO=UDP SPT=63193 DPT=53 PKTS=1 BYTES=91 , REPLY: SRC=fd02:c8be:1d40::1 DST=fd02:c8be:1d40:0:ed9a:a5a9:93a0:c3e8 PROTO=UDP SPT=53 DPT=63193 PKTS=1 BYTES=145
Nov 22 14:07:44 10.0.0.2 ulogd[1267]: [DESTROY] ORIG: SRC=192.168.1.180 DST=35.186.224.18 PROTO=UDP SPT=64702 DPT=443 PKTS=7 BYTES=4014 , REPLY: SRC=35.186.224.18 DST=176.36.141.89 PROTO=UDP SPT=443 DPT=64702 PKTS=7 BYTES=2583
Nov 22 14:07:44 10.0.0.2 ulogd[1267]: [DESTROY] ORIG: SRC=192.168.1.180 DST=142.251.39.3 PROTO=UDP SPT=55304 DPT=443 PKTS=5 BYTES=1608 , REPLY: SRC=142.251.39.3 DST=176.36.141.89 PROTO=UDP SPT=443 DPT=55304 PKTS=5 BYTES=2504
Nov 22 14:07:44 10.0.0.2 ulogd[1267]: [DESTROY] ORIG: SRC=192.168.1.1 DST=192.168.1.45 PROTO=UDP SPT=51414 DPT=5353 PKTS=1 BYTES=71 , REPLY: SRC=192.168.1.45 DST=192.168.1.1 PROTO=UDP SPT=5353 DPT=51414 PKTS=0 BYTES=0
Nov 22 14:07:44 10.0.0.2 ulogd[1267]: [DESTROY] ORIG: SRC=192.168.1.180 DST=35.186.224.25 PROTO=UDP SPT=58376 DPT=443 PKTS=11 BYTES=5743 , REPLY: SRC=35.186.224.25 DST=176.36.141.89 PROTO=UDP SPT=443 DPT=58376 PKTS=12 BYTES=4535
Nov 22 14:07:44 10.0.0.2 ulogd[1267]: [DESTROY] ORIG: SRC=192.168.1.180 DST=172.64.147.52 PROTO=TCP SPT=61633 DPT=443 PKTS=24 BYTES=4166 , REPLY: SRC=172.64.147.52 DST=176.36.141.89 PROTO=TCP SPT=443 DPT=61633 PKTS=27 BYTES=4596
Nov 22 14:07:44 10.0.0.2 ulogd[1267]: [DESTROY] ORIG: SRC=176.36.141.89 DST=194.50.85.7 PROTO=UDP SPT=50455 DPT=53 PKTS=1 BYTES=67 , REPLY: SRC=194.50.85.7 DST=176.36.141.89 PROTO=UDP SPT=53 DPT=50455 PKTS=1 BYTES=99
Nov 22 14:07:44 10.0.0.2 ulogd[1267]: [DESTROY] ORIG: SRC=fd02:c8be:1d40:0:ed9a:a5a9:93a0:c3e8 DST=fd02:c8be:1d40::1 PROTO=UDP SPT=58492 DPT=53 PKTS=1 BYTES=97 , REPLY: SRC=fd02:c8be:1d40::1 DST=fd02:c8be:1d40:0:ed9a:a5a9:93a0:c3e8 PROTO=UDP SPT=53 DPT=58492 PKTS=1 BYTES=113
Nov 22 14:07:44 10.0.0.2 ulogd[1267]: [DESTROY] ORIG: SRC=176.36.141.89 DST=194.50.85.5 PROTO=UDP SPT=51414 DPT=53 PKTS=1 BYTES=71 , REPLY: SRC=194.50.85.5 DST=176.36.141.89 PROTO=UDP SPT=53 DPT=51414 PKTS=1 BYTES=125
Nov 22 14:07:44 10.0.0.2 ulogd[1267]: [DESTROY] ORIG: SRC=176.36.141.89 DST=194.50.85.7 PROTO=UDP SPT=39751 DPT=53 PKTS=1 BYTES=66 , REPLY: SRC=194.50.85.7 DST=176.36.141.89 PROTO=UDP SPT=53 DPT=39751 PKTS=1 BYTES=82
Nov 22 14:07:44 10.0.0.2 ulogd[1267]: [DESTROY] ORIG: SRC=192.168.1.180 DST=35.186.224.25 PROTO=UDP SPT=57888 DPT=443 PKTS=13 BYTES=5861 , REPLY: SRC=35.186.224.25 DST=176.36.141.89 PROTO=UDP SPT=443 DPT=57888 PKTS=13 BYTES=4590
Nov 22 14:07:44 10.0.0.2 ulogd[1267]: [DESTROY] ORIG: SRC=192.168.1.1 DST=192.168.1.45 PROTO=UDP SPT=57862 DPT=5353 PKTS=1 BYTES=76 , REPLY: SRC=192.168.1.45 DST=192.168.1.1 PROTO=UDP SPT=5353 DPT=57862 PKTS=0 BYTES=0
Nov 22 14:07:44 10.0.0.2 ulogd[1267]: [DESTROY] ORIG: SRC=176.36.141.89 DST=194.50.85.5 PROTO=UDP SPT=47521 DPT=53 PKTS=1 BYTES=59 , REPLY: SRC=194.50.85.5 DST=176.36.141.89 PROTO=UDP SPT=53 DPT=47521 PKTS=1 BYTES=75
Nov 22 14:07:44 10.0.0.2 ulogd[1267]: [DESTROY] ORIG: SRC=192.168.1.1 DST=192.168.1.45 PROTO=UDP SPT=53648 DPT=5353 PKTS=1 BYTES=60 , REPLY: SRC=192.168.1.45 DST=192.168.1.1 PROTO=UDP SPT=5353 DPT=53648 PKTS=0 BYTES=0
Nov 22 14:07:44 10.0.0.2 ulogd[1267]: [DESTROY] ORIG: SRC=192.168.1.180 DST=142.251.208.106 PROTO=UDP SPT=56057 DPT=443 PKTS=9 BYTES=3133 , REPLY: SRC=142.251.208.106 DST=176.36.141.89 PROTO=UDP SPT=443 DPT=56057 PKTS=10 BYTES=3367
Nov 22 14:07:44 10.0.0.2 ulogd[1267]: [DESTROY] ORIG: SRC=176.36.141.89 DST=194.50.85.7 PROTO=UDP SPT=60945 DPT=53 PKTS=1 BYTES=69 , REPLY: SRC=194.50.85.7 DST=176.36.141.89 PROTO=UDP SPT=53 DPT=60945 PKTS=1 BYTES=118
Nov 22 14:07:44 10.0.0.2 ulogd[1267]: [DESTROY] ORIG: SRC=192.168.1.180 DST=142.251.39.42 PROTO=UDP SPT=62521 DPT=443 PKTS=5 BYTES=1610 , REPLY: SRC=142.251.39.42 DST=176.36.141.89 PROTO=UDP SPT=443 DPT=62521 PKTS=5 BYTES=2510
Nov 22 14:07:44 10.0.0.2 ulogd[1267]: [DESTROY] ORIG: SRC=176.36.141.89 DST=194.50.85.7 PROTO=UDP SPT=53648 DPT=53 PKTS=1 BYTES=60 , REPLY: SRC=194.50.85.7 DST=176.36.141.89 PROTO=UDP SPT=53 DPT=53648 PKTS=1 BYTES=76
Nov 22 14:07:44 10.0.0.2 ulogd[1267]: [DESTROY] ORIG: SRC=176.36.141.89 DST=194.50.85.7 PROTO=UDP SPT=51414 DPT=53 PKTS=1 BYTES=71 , REPLY: SRC=194.50.85.7 DST=176.36.141.89 PROTO=UDP SPT=53 DPT=51414 PKTS=1 BYTES=125
Nov 22 14:07:44 10.0.0.2 ulogd[1267]: [DESTROY] ORIG: SRC=176.36.141.89 DST=194.50.85.5 PROTO=UDP SPT=43837 DPT=53 PKTS=2 BYTES=114 , REPLY: SRC=194.50.85.5 DST=176.36.141.89 PROTO=UDP SPT=53 DPT=43837 PKTS=0 BYTES=0
Nov 22 14:07:44 10.0.0.2 ulogd[1267]: [DESTROY] ORIG: SRC=176.36.141.89 DST=194.50.85.5 PROTO=UDP SPT=57862 DPT=53 PKTS=1 BYTES=76 , REPLY: SRC=194.50.85.5 DST=176.36.141.89 PROTO=UDP SPT=53 DPT=57862 PKTS=1 BYTES=252
Nov 22 14:07:58 10.0.0.2 ulogd[1267]: [NEW] ORIG: SRC=fd02:c8be:1d40:0:ed9a:a5a9:93a0:c3e8 DST=fd02:c8be:1d40::1 PROTO=UDP SPT=49663 DPT=53 PKTS=0 BYTES=0 , REPLY: SRC=fd02:c8be:1d40::1 DST=fd02:c8be:1d40:0:ed9a:a5a9:93a0:c3e8 PROTO=UDP SPT=53 DPT=49663 PKTS=0 BYTES=0
Nov 22 14:07:58 10.0.0.2 dnsmasq[1]: 667803 fd02:c8be:1d40:0:ed9a:a5a9:93a0:c3e8/49663 query[A] spclient.wg.spotify.com from fd02:c8be:1d40:0:ed9a:a5a9:93a0:c3e8
Nov 22 14:07:58 10.0.0.2 ulogd[1267]: [NEW] ORIG: SRC=192.168.1.1 DST=192.168.1.45 PROTO=UDP SPT=40224 DPT=5353 PKTS=0 BYTES=0 , REPLY: SRC=192.168.1.45 DST=192.168.1.1 PROTO=UDP SPT=5353 DPT=40224 PKTS=0 BYTES=0
Nov 22 14:07:58 10.0.0.2 dnsmasq[1]: 667803 fd02:c8be:1d40:0:ed9a:a5a9:93a0:c3e8/49663 forwarded spclient.wg.spotify.com to 192.168.1.45
Nov 22 14:07:58 10.0.0.2 dnsmasq[1]: 667803 fd02:c8be:1d40:0:ed9a:a5a9:93a0:c3e8/49663 forwarded spclient.wg.spotify.com to 194.50.85.5
Nov 22 14:07:58 10.0.0.2 ulogd[1267]: [NEW] ORIG: SRC=176.36.141.89 DST=194.50.85.5 PROTO=UDP SPT=40224 DPT=53 PKTS=0 BYTES=0 , REPLY: SRC=194.50.85.5 DST=176.36.141.89 PROTO=UDP SPT=53 DPT=40224 PKTS=0 BYTES=0
Nov 22 14:07:58 10.0.0.2 dnsmasq[1]: 667803 fd02:c8be:1d40:0:ed9a:a5a9:93a0:c3e8/49663 forwarded spclient.wg.spotify.com to 194.50.85.7
Nov 22 14:07:58 10.0.0.2 ulogd[1267]: [NEW] ORIG: SRC=176.36.141.89 DST=194.50.85.7 PROTO=UDP SPT=40224 DPT=53 PKTS=0 BYTES=0 , REPLY: SRC=194.50.85.7 DST=176.36.141.89 PROTO=UDP SPT=53 DPT=40224 PKTS=0 BYTES=0
Nov 22 14:07:58 10.0.0.2 ulogd[1267]: [NEW] ORIG: SRC=fd02:c8be:1d40:0:ed9a:a5a9:93a0:c3e8 DST=fd02:c8be:1d40::1 PROTO=UDP SPT=58240 DPT=53 PKTS=0 BYTES=0 , REPLY: SRC=fd02:c8be:1d40::1 DST=fd02:c8be:1d40:0:ed9a:a5a9:93a0:c3e8 PROTO=UDP SPT=53 DPT=58240 PKTS=0 BYTES=0
Nov 22 14:07:58 10.0.0.2 dnsmasq[1]: 667803 fd02:c8be:1d40:0:ed9a:a5a9:93a0:c3e8/49663 reply spclient.wg.spotify.com is <CNAME>
Nov 22 14:07:58 10.0.0.2 dnsmasq[1]: 667803 fd02:c8be:1d40:0:ed9a:a5a9:93a0:c3e8/49663 reply edge-web.dual-gslb.spotify.com is 35.186.224.25
Nov 22 14:07:58 10.0.0.2 dnsmasq[1]: 667804 fd02:c8be:1d40:0:ed9a:a5a9:93a0:c3e8/58240 query[type=65] spclient.wg.spotify.com from fd02:c8be:1d40:0:ed9a:a5a9:93a0:c3e8
Nov 22 14:07:58 10.0.0.2 dnsmasq[1]: 667804 fd02:c8be:1d40:0:ed9a:a5a9:93a0:c3e8/58240 cached spclient.wg.spotify.com is <CNAME>
Nov 22 14:07:58 10.0.0.2 ulogd[1267]: [NEW] ORIG: SRC=176.36.141.89 DST=194.50.85.5 PROTO=UDP SPT=47260 DPT=53 PKTS=0 BYTES=0 , REPLY: SRC=194.50.85.5 DST=176.36.141.89 PROTO=UDP SPT=53 DPT=47260 PKTS=0 BYTES=0
Nov 22 14:07:58 10.0.0.2 dnsmasq[1]: 667804 fd02:c8be:1d40:0:ed9a:a5a9:93a0:c3e8/58240 forwarded spclient.wg.spotify.com to 194.50.85.5
Nov 22 14:07:58 10.0.0.2 dnsmasq[1]: 667804 fd02:c8be:1d40:0:ed9a:a5a9:93a0:c3e8/58240 reply spclient.wg.spotify.com is <CNAME>
Nov 22 14:07:58 10.0.0.2 dnsmasq[1]: 667804 fd02:c8be:1d40:0:ed9a:a5a9:93a0:c3e8/58240 reply edge-web.dual-gslb.spotify.com is NODATA
Nov 22 14:07:58 10.0.0.2 ulogd[1267]: [NEW] ORIG: SRC=192.168.1.180 DST=35.186.224.25 PROTO=UDP SPT=62521 DPT=443 PKTS=0 BYTES=0 , REPLY: SRC=35.186.224.25 DST=176.36.141.89 PROTO=UDP SPT=443 DPT=62521 PKTS=0 BYTES=0
Nov 22 14:07:59 10.0.0.2 ulogd[1267]: [NEW] ORIG: SRC=192.168.1.180 DST=35.186.224.25 PROTO=TCP SPT=61683 DPT=443 PKTS=0 BYTES=0 , REPLY: SRC=35.186.224.25 DST=176.36.141.89 PROTO=TCP SPT=443 DPT=61683 PKTS=0 BYTES=0
Nov 22 14:08:07 10.0.0.2 dnsmasq[1]: 667805 fd02:c8be:1d40:0:ed9a:a5a9:93a0:c3e8/54825 query[A] sync-v2.brave.com from fd02:c8be:1d40:0:ed9a:a5a9:93a0:c3e8
Nov 22 14:08:07 10.0.0.2 dnsmasq[1]: 667805 fd02:c8be:1d40:0:ed9a:a5a9:93a0:c3e8/54825 cached sync-v2.brave.com is <CNAME>
Nov 22 14:08:07 10.0.0.2 dnsmasq[1]: 667805 fd02:c8be:1d40:0:ed9a:a5a9:93a0:c3e8/54825 forwarded sync-v2.brave.com to 194.50.85.5
Nov 22 14:08:07 10.0.0.2 ulogd[1267]: [NEW] ORIG: SRC=176.36.141.89 DST=194.50.85.5 PROTO=UDP SPT=35406 DPT=53 PKTS=0 BYTES=0 , REPLY: SRC=194.50.85.5 DST=176.36.141.89 PROTO=UDP SPT=53 DPT=35406 PKTS=0 BYTES=0
Nov 22 14:08:07 10.0.0.2 ulogd[1267]: [NEW] ORIG: SRC=192.168.1.180 DST=192.168.1.1 PROTO=UDP SPT=54825 DPT=53 PKTS=0 BYTES=0 , REPLY: SRC=192.168.1.1 DST=192.168.1.180 PROTO=UDP SPT=53 DPT=54825 PKTS=0 BYTES=0
Nov 22 14:08:07 10.0.0.2 dnsmasq[1]: 667806 192.168.1.180/54825 query[A] sync-v2.brave.com from 192.168.1.180
Nov 22 14:08:08 10.0.0.2 dnsmasq[1]: 667807 fd02:c8be:1d40:0:ed9a:a5a9:93a0:c3e8/54825 query[A] sync-v2.brave.com from fd02:c8be:1d40:0:ed9a:a5a9:93a0:c3e8
Nov 22 14:08:08 10.0.0.2 dnsmasq[1]: 667807 fd02:c8be:1d40:0:ed9a:a5a9:93a0:c3e8/54825 forwarded sync-v2.brave.com to 192.168.1.45
Nov 22 14:08:08 10.0.0.2 ulogd[1267]: [NEW] ORIG: SRC=192.168.1.1 DST=192.168.1.45 PROTO=UDP SPT=35406 DPT=5353 PKTS=0 BYTES=0 , REPLY: SRC=192.168.1.45 DST=192.168.1.1 PROTO=UDP SPT=5353 DPT=35406 PKTS=0 BYTES=0
Nov 22 14:08:08 10.0.0.2 dnsmasq[1]: 667807 fd02:c8be:1d40:0:ed9a:a5a9:93a0:c3e8/54825 forwarded sync-v2.brave.com to 194.50.85.5
Nov 22 14:08:08 10.0.0.2 ulogd[1267]: [NEW] ORIG: SRC=176.36.141.89 DST=194.50.85.7 PROTO=UDP SPT=35406 DPT=53 PKTS=0 BYTES=0 , REPLY: SRC=194.50.85.7 DST=176.36.141.89 PROTO=UDP SPT=53 DPT=35406 PKTS=0 BYTES=0
Nov 22 14:08:08 10.0.0.2 dnsmasq[1]: 667807 fd02:c8be:1d40:0:ed9a:a5a9:93a0:c3e8/54825 forwarded sync-v2.brave.com to 194.50.85.7
Nov 22 14:08:08 10.0.0.2 dnsmasq[1]: 667807 fd02:c8be:1d40:0:ed9a:a5a9:93a0:c3e8/54825 reply sync-v2.brave.com is <CNAME>
Nov 22 14:08:08 10.0.0.2 dnsmasq[1]: 667807 fd02:c8be:1d40:0:ed9a:a5a9:93a0:c3e8/54825 reply sync-alb-152764135.us-west-2.elb.amazonaws.com is 54.190.8.136
Nov 22 14:08:08 10.0.0.2 dnsmasq[1]: 667807 fd02:c8be:1d40:0:ed9a:a5a9:93a0:c3e8/54825 reply sync-alb-152764135.us-west-2.elb.amazonaws.com is 52.34.169.249
Nov 22 14:08:08 10.0.0.2 dnsmasq[1]: 667807 fd02:c8be:1d40:0:ed9a:a5a9:93a0:c3e8/54825 reply sync-alb-152764135.us-west-2.elb.amazonaws.com is 44.228.160.54
Nov 22 14:08:08 10.0.0.2 dnsmasq[1]: 667806 192.168.1.180/54825 reply query is duplicate
Nov 22 14:08:23 10.0.0.2 ulogd[1267]: [NEW] ORIG: SRC=fd02:c8be:1d40:0:ed9a:a5a9:93a0:c3e8 DST=fd02:c8be:1d40::1 PROTO=UDP SPT=58230 DPT=53 PKTS=0 BYTES=0 , REPLY: SRC=fd02:c8be:1d40::1 DST=fd02:c8be:1d40:0:ed9a:a5a9:93a0:c3e8 PROTO=UDP SPT=53 DPT=58230 PKTS=0 BYTES=0
Nov 22 14:08:23 10.0.0.2 dnsmasq[1]: 667808 fd02:c8be:1d40:0:ed9a:a5a9:93a0:c3e8/58230 query[A] navigator-bs.gmx.com from fd02:c8be:1d40:0:ed9a:a5a9:93a0:c3e8
Nov 22 14:08:23 10.0.0.2 dnsmasq[1]: 667808 fd02:c8be:1d40:0:ed9a:a5a9:93a0:c3e8/58230 forwarded navigator-bs.gmx.com to 192.168.1.45
Nov 22 14:08:23 10.0.0.2 ulogd[1267]: [NEW] ORIG: SRC=192.168.1.1 DST=192.168.1.45 PROTO=UDP SPT=38479 DPT=5353 PKTS=0 BYTES=0 , REPLY: SRC=192.168.1.45 DST=192.168.1.1 PROTO=UDP SPT=5353 DPT=38479 PKTS=0 BYTES=0
Nov 22 14:08:23 10.0.0.2 ulogd[1267]: [NEW] ORIG: SRC=176.36.141.89 DST=194.50.85.5 PROTO=UDP SPT=38479 DPT=53 PKTS=0 BYTES=0 , REPLY: SRC=194.50.85.5 DST=176.36.141.89 PROTO=UDP SPT=53 DPT=38479 PKTS=0 BYTES=0
Nov 22 14:08:23 10.0.0.2 dnsmasq[1]: 667808 fd02:c8be:1d40:0:ed9a:a5a9:93a0:c3e8/58230 forwarded navigator-bs.gmx.com to 194.50.85.5
Nov 22 14:08:23 10.0.0.2 ulogd[1267]: [NEW] ORIG: SRC=176.36.141.89 DST=194.50.85.7 PROTO=UDP SPT=38479 DPT=53 PKTS=0 BYTES=0 , REPLY: SRC=194.50.85.7 DST=176.36.141.89 PROTO=UDP SPT=53 DPT=38479 PKTS=0 BYTES=0
Nov 22 14:08:23 10.0.0.2 dnsmasq[1]: 667808 fd02:c8be:1d40:0:ed9a:a5a9:93a0:c3e8/58230 forwarded navigator-bs.gmx.com to 194.50.85.7
Nov 22 14:08:23 10.0.0.2 dnsmasq[1]: 667808 fd02:c8be:1d40:0:ed9a:a5a9:93a0:c3e8/58230 reply navigator-bs.gmx.com is 217.72.199.27
Nov 22 14:08:27 10.0.0.2 dnsmasq[1]: 667809 fd02:c8be:1d40:0:ed9a:a5a9:93a0:c3e8/58230 query[A] www.aljazeera.com from fd02:c8be:1d40:0:ed9a:a5a9:93a0:c3e8
Nov 22 14:08:27 10.0.0.2 dnsmasq[1]: 667809 fd02:c8be:1d40:0:ed9a:a5a9:93a0:c3e8/58230 forwarded www.aljazeera.com to 194.50.85.5
Nov 22 14:08:27 10.0.0.2 ulogd[1267]: [NEW] ORIG: SRC=176.36.141.89 DST=194.50.85.5 PROTO=UDP SPT=56910 DPT=53 PKTS=0 BYTES=0 , REPLY: SRC=194.50.85.5 DST=176.36.141.89 PROTO=UDP SPT=53 DPT=56910 PKTS=0 BYTES=0
Nov 22 14:08:27 10.0.0.2 ulogd[1267]: [NEW] ORIG: SRC=192.168.1.180 DST=192.168.1.1 PROTO=UDP SPT=58230 DPT=53 PKTS=0 BYTES=0 , REPLY: SRC=192.168.1.1 DST=192.168.1.180 PROTO=UDP SPT=53 DPT=58230 PKTS=0 BYTES=0
Nov 22 14:08:27 10.0.0.2 dnsmasq[1]: 667810 192.168.1.180/58230 query[A] www.aljazeera.com from 192.168.1.180
Nov 22 14:08:27 10.0.0.2 dnsmasq[1]: 667809 fd02:c8be:1d40:0:ed9a:a5a9:93a0:c3e8/58230 reply www.aljazeera.com is <CNAME>
Nov 22 14:08:27 10.0.0.2 dnsmasq[1]: 667809 fd02:c8be:1d40:0:ed9a:a5a9:93a0:c3e8/58230 reply www.aljazeera.com.edgekey.net is <CNAME>
Nov 22 14:08:27 10.0.0.2 dnsmasq[1]: 667809 fd02:c8be:1d40:0:ed9a:a5a9:93a0:c3e8/58230 reply e9106.dscg.akamaiedge.net is 23.48.0.162
Nov 22 14:08:27 10.0.0.2 dnsmasq[1]: 667810 192.168.1.180/58230 reply query is duplicate
Nov 22 14:08:45 10.0.0.2 ulogd[1267]: [NEW] ORIG: SRC=fd02:c8be:1d40:0:ed9a:a5a9:93a0:c3e8 DST=fd02:c8be:1d40::1 PROTO=UDP SPT=60842 DPT=53 PKTS=0 BYTES=0 , REPLY: SRC=fd02:c8be:1d40::1 DST=fd02:c8be:1d40:0:ed9a:a5a9:93a0:c3e8 PROTO=UDP SPT=53 DPT=60842 PKTS=0 BYTES=0
Nov 22 14:08:45 10.0.0.2 dnsmasq[1]: 667811 fd02:c8be:1d40:0:ed9a:a5a9:93a0:c3e8/60842 query[A] epimetheus.navigator-bs.gmx.com from fd02:c8be:1d40:0:ed9a:a5a9:93a0:c3e8
Nov 22 14:08:45 10.0.0.2 dnsmasq[1]: 667811 fd02:c8be:1d40:0:ed9a:a5a9:93a0:c3e8/60842 forwarded epimetheus.navigator-bs.gmx.com to 192.168.1.45
Nov 22 14:08:45 10.0.0.2 ulogd[1267]: [NEW] ORIG: SRC=192.168.1.1 DST=192.168.1.45 PROTO=UDP SPT=58327 DPT=5353 PKTS=0 BYTES=0 , REPLY: SRC=192.168.1.45 DST=192.168.1.1 PROTO=UDP SPT=5353 DPT=58327 PKTS=0 BYTES=0
Nov 22 14:08:45 10.0.0.2 dnsmasq[1]: 667811 fd02:c8be:1d40:0:ed9a:a5a9:93a0:c3e8/60842 forwarded epimetheus.navigator-bs.gmx.com to 194.50.85.5
Nov 22 14:08:45 10.0.0.2 ulogd[1267]: [NEW] ORIG: SRC=176.36.141.89 DST=194.50.85.5 PROTO=UDP SPT=58327 DPT=53 PKTS=0 BYTES=0 , REPLY: SRC=194.50.85.5 DST=176.36.141.89 PROTO=UDP SPT=53 DPT=58327 PKTS=0 BYTES=0
Nov 22 14:08:45 10.0.0.2 dnsmasq[1]: 667811 fd02:c8be:1d40:0:ed9a:a5a9:93a0:c3e8/60842 forwarded epimetheus.navigator-bs.gmx.com to 194.50.85.7
Nov 22 14:08:45 10.0.0.2 ulogd[1267]: [NEW] ORIG: SRC=176.36.141.89 DST=194.50.85.7 PROTO=UDP SPT=58327 DPT=53 PKTS=0 BYTES=0 , REPLY: SRC=194.50.85.7 DST=176.36.141.89 PROTO=UDP SPT=53 DPT=58327 PKTS=0 BYTES=0
Nov 22 14:08:45 10.0.0.2 dnsmasq[1]: 667812 192.168.1.180/60842 query[A] epimetheus.navigator-bs.gmx.com from 192.168.1.180
Nov 22 14:08:45 10.0.0.2 ulogd[1267]: [NEW] ORIG: SRC=192.168.1.180 DST=192.168.1.1 PROTO=UDP SPT=60842 DPT=53 PKTS=0 BYTES=0 , REPLY: SRC=192.168.1.1 DST=192.168.1.180 PROTO=UDP SPT=53 DPT=60842 PKTS=0 BYTES=0
Nov 22 14:08:45 10.0.0.2 ulogd[1267]: [NEW] ORIG: SRC=fd02:c8be:1d40:0:ed9a:a5a9:93a0:c3e8 DST=fd02:c8be:1d40::1 PROTO=UDP SPT=57680 DPT=53 PKTS=0 BYTES=0 , REPLY: SRC=fd02:c8be:1d40::1 DST=fd02:c8be:1d40:0:ed9a:a5a9:93a0:c3e8 PROTO=UDP SPT=53 DPT=57680 PKTS=0 BYTES=0
Nov 22 14:08:45 10.0.0.2 dnsmasq[1]: 667813 fd02:c8be:1d40:0:ed9a:a5a9:93a0:c3e8/57680 query[A] js.ui-portal.de from fd02:c8be:1d40:0:ed9a:a5a9:93a0:c3e8
Nov 22 14:08:45 10.0.0.2 dnsmasq[1]: 667813 fd02:c8be:1d40:0:ed9a:a5a9:93a0:c3e8/57680 forwarded js.ui-portal.de to 194.50.85.5
Nov 22 14:08:45 10.0.0.2 ulogd[1267]: [NEW] ORIG: SRC=176.36.141.89 DST=194.50.85.5 PROTO=UDP SPT=51203 DPT=53 PKTS=0 BYTES=0 , REPLY: SRC=194.50.85.5 DST=176.36.141.89 PROTO=UDP SPT=53 DPT=51203 PKTS=0 BYTES=0
Nov 22 14:08:45 10.0.0.2 dnsmasq[1]: 667811 fd02:c8be:1d40:0:ed9a:a5a9:93a0:c3e8/60842 reply epimetheus.navigator-bs.gmx.com is 217.72.199.27
Nov 22 14:08:45 10.0.0.2 dnsmasq[1]: 667812 192.168.1.180/60842 reply query is duplicate
Nov 22 14:08:45 10.0.0.2 ulogd[1267]: [NEW] ORIG: SRC=192.168.1.180 DST=192.168.1.1 PROTO=UDP SPT=57680 DPT=53 PKTS=0 BYTES=0 , REPLY: SRC=192.168.1.1 DST=192.168.1.180 PROTO=UDP SPT=53 DPT=57680 PKTS=0 BYTES=0
Nov 22 14:08:45 10.0.0.2 dnsmasq[1]: 667814 192.168.1.180/57680 query[A] js.ui-portal.de from 192.168.1.180
Nov 22 14:08:45 10.0.0.2 dnsmasq[1]: 667813 fd02:c8be:1d40:0:ed9a:a5a9:93a0:c3e8/57680 reply js.ui-portal.de is <CNAME>
Nov 22 14:08:45 10.0.0.2 dnsmasq[1]: 667813 fd02:c8be:1d40:0:ed9a:a5a9:93a0:c3e8/57680 reply js.ui-portal.de.edgekey.net is <CNAME>
Nov 22 14:08:45 10.0.0.2 dnsmasq[1]: 667813 fd02:c8be:1d40:0:ed9a:a5a9:93a0:c3e8/57680 reply e5416.g.akamaiedge.net is 23.48.0.158
Nov 22 14:08:45 10.0.0.2 dnsmasq[1]: 667814 192.168.1.180/57680 reply query is duplicate
Nov 22 14:09:22 10.0.0.2 ulogd[1267]: [DESTROY] ORIG: SRC=192.168.1.1 DST=192.168.1.45 PROTO=UDP SPT=50702 DPT=5353 PKTS=1 BYTES=55 , REPLY: SRC=192.168.1.45 DST=192.168.1.1 PROTO=UDP SPT=5353 DPT=50702 PKTS=0 BYTES=0
Nov 22 14:09:23 10.0.0.2 ulogd[1267]: [NEW] ORIG: SRC=fd02:c8be:1d40:0:ed9a:a5a9:93a0:c3e8 DST=fd02:c8be:1d40::1 PROTO=UDP SPT=58151 DPT=53 PKTS=0 BYTES=0 , REPLY: SRC=fd02:c8be:1d40::1 DST=fd02:c8be:1d40:0:ed9a:a5a9:93a0:c3e8 PROTO=UDP SPT=53 DPT=58151 PKTS=0 BYTES=0
Nov 22 14:09:23 10.0.0.2 dnsmasq[1]: 667815 fd02:c8be:1d40:0:ed9a:a5a9:93a0:c3e8/58151 query[A] gew1-spclient.spotify.com from fd02:c8be:1d40:0:ed9a:a5a9:93a0:c3e8
Nov 22 14:09:23 10.0.0.2 dnsmasq[1]: 667815 fd02:c8be:1d40:0:ed9a:a5a9:93a0:c3e8/58151 forwarded gew1-spclient.spotify.com to 192.168.1.45
Nov 22 14:09:23 10.0.0.2 ulogd[1267]: [NEW] ORIG: SRC=fd02:c8be:1d40:0:ed9a:a5a9:93a0:c3e8 DST=fd02:c8be:1d40::1 PROTO=UDP SPT=63696 DPT=53 PKTS=0 BYTES=0 , REPLY: SRC=fd02:c8be:1d40::1 DST=fd02:c8be:1d40:0:ed9a:a5a9:93a0:c3e8 PROTO=UDP SPT=53 DPT=63696 PKTS=0 BYTES=0
Nov 22 14:09:23 10.0.0.2 dnsmasq[1]: 667815 fd02:c8be:1d40:0:ed9a:a5a9:93a0:c3e8/58151 forwarded gew1-spclient.spotify.com to 194.50.85.5
Nov 22 14:09:23 10.0.0.2 ulogd[1267]: [NEW] ORIG: SRC=192.168.1.1 DST=192.168.1.45 PROTO=UDP SPT=57673 DPT=5353 PKTS=0 BYTES=0 , REPLY: SRC=192.168.1.45 DST=192.168.1.1 PROTO=UDP SPT=5353 DPT=57673 PKTS=0 BYTES=0
Nov 22 14:09:23 10.0.0.2 dnsmasq[1]: 667815 fd02:c8be:1d40:0:ed9a:a5a9:93a0:c3e8/58151 forwarded gew1-spclient.spotify.com to 194.50.85.7
Nov 22 14:09:23 10.0.0.2 dnsmasq[1]: 667815 fd02:c8be:1d40:0:ed9a:a5a9:93a0:c3e8/58151 reply gew1-spclient.spotify.com is <CNAME>
Nov 22 14:09:23 10.0.0.2 dnsmasq[1]: 667815 fd02:c8be:1d40:0:ed9a:a5a9:93a0:c3e8/58151 reply edge-web-gew1.dual-gslb.spotify.com is 35.186.224.18
Nov 22 14:09:23 10.0.0.2 dnsmasq[1]: 667816 fd02:c8be:1d40:0:ed9a:a5a9:93a0:c3e8/63696 query[type=65] gew1-spclient.spotify.com from fd02:c8be:1d40:0:ed9a:a5a9:93a0:c3e8
Nov 22 14:09:23 10.0.0.2 ulogd[1267]: [NEW] ORIG: SRC=176.36.141.89 DST=194.50.85.5 PROTO=UDP SPT=57673 DPT=53 PKTS=0 BYTES=0 , REPLY: SRC=194.50.85.5 DST=176.36.141.89 PROTO=UDP SPT=53 DPT=57673 PKTS=0 BYTES=0
Nov 22 14:09:23 10.0.0.2 dnsmasq[1]: 667816 fd02:c8be:1d40:0:ed9a:a5a9:93a0:c3e8/63696 cached gew1-spclient.spotify.com is <CNAME>
Nov 22 14:09:23 10.0.0.2 dnsmasq[1]: 667816 fd02:c8be:1d40:0:ed9a:a5a9:93a0:c3e8/63696 forwarded gew1-spclient.spotify.com to 194.50.85.5
Nov 22 14:09:23 10.0.0.2 ulogd[1267]: [NEW] ORIG: SRC=176.36.141.89 DST=194.50.85.7 PROTO=UDP SPT=57673 DPT=53 PKTS=0 BYTES=0 , REPLY: SRC=194.50.85.7 DST=176.36.141.89 PROTO=UDP SPT=53 DPT=57673 PKTS=0 BYTES=0
Nov 22 14:09:23 10.0.0.2 dnsmasq[1]: 667816 fd02:c8be:1d40:0:ed9a:a5a9:93a0:c3e8/63696 reply gew1-spclient.spotify.com is <CNAME>
Nov 22 14:09:23 10.0.0.2 dnsmasq[1]: 667816 fd02:c8be:1d40:0:ed9a:a5a9:93a0:c3e8/63696 reply edge-web-gew1.dual-gslb.spotify.com is NODATA
Nov 22 14:09:23 10.0.0.2 ulogd[1267]: [NEW] ORIG: SRC=176.36.141.89 DST=194.50.85.5 PROTO=UDP SPT=43258 DPT=53 PKTS=0 BYTES=0 , REPLY: SRC=194.50.85.5 DST=176.36.141.89 PROTO=UDP SPT=53 DPT=43258 PKTS=0 BYTES=0
Nov 22 14:09:23 10.0.0.2 ulogd[1267]: [NEW] ORIG: SRC=192.168.1.180 DST=35.186.224.18 PROTO=UDP SPT=61636 DPT=443 PKTS=0 BYTES=0 , REPLY: SRC=35.186.224.18 DST=176.36.141.89 PROTO=UDP SPT=443 DPT=61636 PKTS=0 BYTES=0
Nov 22 14:09:29 10.0.0.2 ulogd[1267]: [DESTROY] ORIG: SRC=192.168.1.180 DST=192.168.1.1 PROTO=UDP SPT=64666 DPT=53 PKTS=1 BYTES=83 , REPLY: SRC=192.168.1.1 DST=192.168.1.180 PROTO=UDP SPT=53 DPT=64666 PKTS=1 BYTES=156
Nov 22 14:09:33 10.0.0.2 dnsmasq[1]: 667817 fd02:c8be:1d40:0:ed9a:a5a9:93a0:c3e8/62947 query[A] www.aljazeera.com from fd02:c8be:1d40:0:ed9a:a5a9:93a0:c3e8
Nov 22 14:09:33 10.0.0.2 dnsmasq[1]: 667817 fd02:c8be:1d40:0:ed9a:a5a9:93a0:c3e8/62947 forwarded www.aljazeera.com to 194.50.85.5
Nov 22 14:09:33 10.0.0.2 ulogd[1267]: [NEW] ORIG: SRC=fd02:c8be:1d40:0:ed9a:a5a9:93a0:c3e8 DST=fd02:c8be:1d40::1 PROTO=UDP SPT=62947 DPT=53 PKTS=0 BYTES=0 , REPLY: SRC=fd02:c8be:1d40::1 DST=fd02:c8be:1d40:0:ed9a:a5a9:93a0:c3e8 PROTO=UDP SPT=53 DPT=62947 PKTS=0 BYTES=0
Nov 22 14:09:33 10.0.0.2 ulogd[1267]: [NEW] ORIG: SRC=176.36.141.89 DST=194.50.85.5 PROTO=UDP SPT=43588 DPT=53 PKTS=0 BYTES=0 , REPLY: SRC=194.50.85.5 DST=176.36.141.89 PROTO=UDP SPT=53 DPT=43588 PKTS=0 BYTES=0
Nov 22 14:09:33 10.0.0.2 dnsmasq[1]: 667817 fd02:c8be:1d40:0:ed9a:a5a9:93a0:c3e8/62947 reply www.aljazeera.com is <CNAME>
Nov 22 14:09:33 10.0.0.2 dnsmasq[1]: 667817 fd02:c8be:1d40:0:ed9a:a5a9:93a0:c3e8/62947 reply www.aljazeera.com.edgekey.net is <CNAME>
Nov 22 14:09:33 10.0.0.2 dnsmasq[1]: 667817 fd02:c8be:1d40:0:ed9a:a5a9:93a0:c3e8/62947 reply e9106.dscg.akamaiedge.net is 23.48.0.162
Nov 22 14:09:33 10.0.0.2 ulogd[1267]: [NEW] ORIG: SRC=192.168.1.180 DST=192.168.1.1 PROTO=UDP SPT=62947 DPT=53 PKTS=0 BYTES=0 , REPLY: SRC=192.168.1.1 DST=192.168.1.180 PROTO=UDP SPT=53 DPT=62947 PKTS=0 BYTES=0
Nov 22 14:09:33 10.0.0.2 dnsmasq[1]: 667818 192.168.1.180/62947 query[A] www.aljazeera.com from 192.168.1.180
Nov 22 14:09:33 10.0.0.2 dnsmasq[1]: 667818 192.168.1.180/62947 cached www.aljazeera.com is <CNAME>
Nov 22 14:09:33 10.0.0.2 dnsmasq[1]: 667818 192.168.1.180/62947 cached www.aljazeera.com.edgekey.net is <CNAME>
Nov 22 14:09:33 10.0.0.2 dnsmasq[1]: 667818 192.168.1.180/62947 cached e9106.dscg.akamaiedge.net is 23.48.0.162
Nov 22 14:09:34 10.0.0.2 ulogd[1267]: [NEW] ORIG: SRC=10.0.255.255 DST=255.255.255.255 PROTO=UDP SPT=67 DPT=68 PKTS=0 BYTES=0 , REPLY: SRC=255.255.255.255 DST=10.0.255.255 PROTO=UDP SPT=68 DPT=67 PKTS=0 BYTES=0
Nov 22 14:09:37 10.0.0.2 ulogd[1267]: [DESTROY] ORIG: SRC=fe80::b295:75ff:fe15:6fa5 DST=ff02::1:2 PROTO=UDP SPT=546 DPT=547 PKTS=1 BYTES=150 , REPLY: SRC=ff02::1:2 DST=fe80::b295:75ff:fe15:6fa5 PROTO=UDP SPT=547 DPT=546 PKTS=0 BYTES=0
Nov 22 14:09:37 10.0.0.2 ulogd[1267]: [NEW] ORIG: SRC=fe80::b295:75ff:fe15:6fa5 DST=ff02::1:2 PROTO=UDP SPT=546 DPT=547 PKTS=0 BYTES=0 , REPLY: SRC=ff02::1:2 DST=fe80::b295:75ff:fe15:6fa5 PROTO=UDP SPT=547 DPT=546 PKTS=0 BYTES=0
Nov 22 14:09:38 10.0.0.2 ulogd[1267]: [NEW] ORIG: SRC=fd02:c8be:1d40:0:ed9a:a5a9:93a0:c3e8 DST=fd02:c8be:1d40::1 PROTO=UDP SPT=53223 DPT=53 PKTS=0 BYTES=0 , REPLY: SRC=fd02:c8be:1d40::1 DST=fd02:c8be:1d40:0:ed9a:a5a9:93a0:c3e8 PROTO=UDP SPT=53 DPT=53223 PKTS=0 BYTES=0
Nov 22 14:09:38 10.0.0.2 dnsmasq[1]: 667819 fd02:c8be:1d40:0:ed9a:a5a9:93a0:c3e8/53223 query[A] sync-v2.brave.com from fd02:c8be:1d40:0:ed9a:a5a9:93a0:c3e8
Nov 22 14:09:38 10.0.0.2 dnsmasq[1]: 667819 fd02:c8be:1d40:0:ed9a:a5a9:93a0:c3e8/53223 cached sync-v2.brave.com is <CNAME>
Nov 22 14:09:38 10.0.0.2 ulogd[1267]: [NEW] ORIG: SRC=176.36.141.89 DST=194.50.85.5 PROTO=UDP SPT=48736 DPT=53 PKTS=0 BYTES=0 , REPLY: SRC=194.50.85.5 DST=176.36.141.89 PROTO=UDP SPT=53 DPT=48736 PKTS=0 BYTES=0
