Nov 14 18:39:07 10.0.0.2 dnsmasq[1]: 29423 fd02:c8be:1d40:0:89c6:4fae:69d2:328/58747 reply pubads46.g.doubleclick.net is 216.58.208.194
Nov 14 18:39:07 10.0.0.2 dnsmasq[1]: 29423 192.168.1.180/63804 reply query is duplicate
Nov 14 18:39:07 10.0.0.2 dnsmasq[1]: 29421 192.168.1.180/63822 reply query is duplicate
Nov 14 18:39:07 10.0.0.2 dnsmasq[1]: 29424 fd02:c8be:1d40:0:89c6:4fae:69d2:328/52024 query[type=65] pubads.g.doubleclick.net from fd02:c8be:1d40:0:89c6:4fae:69d2:328
Nov 14 18:39:07 10.0.0.2 dnsmasq[1]: 29424 fd02:c8be:1d40:0:89c6:4fae:69d2:328/52024 cached pubads.g.doubleclick.net is <CNAME>
Nov 14 18:39:07 10.0.0.2 dnsmasq[1]: 29424 fd02:c8be:1d40:0:89c6:4fae:69d2:328/52024 forwarded pubads.g.doubleclick.net to 194.50.85.7
Nov 14 18:39:07 10.0.0.2 ulogd[1267]: [NEW] ORIG: SRC=192.168.1.180 DST=216.58.208.194 PROTO=UDP SPT=59473 DPT=443 PKTS=0 BYTES=0 , REPLY: SRC=216.58.208.194 DST=176.36.141.89 PROTO=UDP SPT=443 DPT=59473 PKTS=0 BYTES=0
Nov 14 18:39:07 10.0.0.2 dnsmasq[1]: 29424 fd02:c8be:1d40:0:89c6:4fae:69d2:328/64512 reply pubads.g.doubleclick.net is <CNAME>
Nov 14 18:39:07 10.0.0.2 dnsmasq[1]: 29424 fd02:c8be:1d40:0:89c6:4fae:69d2:328/64512 reply pubads46.g.doubleclick.net is NODATA
Nov 14 18:39:07 10.0.0.2 dnsmasq[1]: 29424 fd02:c8be:1d40:0:89c6:4fae:69d2:328/52024 reply query is duplicate
Nov 14 18:39:07 10.0.0.2 dnsmasq[1]: 29422 192.168.1.180/59541 reply query is duplicate
Nov 14 18:39:09 10.0.0.2 ulogd[1267]: [NEW] ORIG: SRC=fd02:c8be:1d40:0:89c6:4fae:69d2:328 DST=fd02:c8be:1d40::1 PROTO=UDP SPT=52227 DPT=53 PKTS=0 BYTES=0 , REPLY: SRC=fd02:c8be:1d40::1 DST=fd02:c8be:1d40:0:89c6:4fae:69d2:328 PROTO=UDP SPT=53 DPT=52227 PKTS=0 BYTES=0
Nov 14 18:39:09 10.0.0.2 dnsmasq[1]: 29425 fd02:c8be:1d40:0:89c6:4fae:69d2:328/52227 query[A] spclient.wg.spotify.com from fd02:c8be:1d40:0:89c6:4fae:69d2:328
Nov 14 18:39:09 10.0.0.2 ulogd[1267]: [NEW] ORIG: SRC=fd02:c8be:1d40:0:89c6:4fae:69d2:328 DST=fd02:c8be:1d40::1 PROTO=UDP SPT=56142 DPT=53 PKTS=0 BYTES=0 , REPLY: SRC=fd02:c8be:1d40::1 DST=fd02:c8be:1d40:0:89c6:4fae:69d2:328 PROTO=UDP SPT=53 DPT=56142 PKTS=0 BYTES=0
Nov 14 18:39:09 10.0.0.2 dnsmasq[1]: 29425 fd02:c8be:1d40:0:89c6:4fae:69d2:328/52227 cached spclient.wg.spotify.com is <CNAME>
Nov 14 18:39:09 10.0.0.2 dnsmasq[1]: 29425 fd02:c8be:1d40:0:89c6:4fae:69d2:328/52227 cached edge-web.dual-gslb.spotify.com is 35.186.224.25
Nov 14 18:39:09 10.0.0.2 dnsmasq[1]: 29426 fd02:c8be:1d40:0:89c6:4fae:69d2:328/56142 query[type=65] spclient.wg.spotify.com from fd02:c8be:1d40:0:89c6:4fae:69d2:328
Nov 14 18:39:09 10.0.0.2 dnsmasq[1]: 29426 fd02:c8be:1d40:0:89c6:4fae:69d2:328/56142 cached spclient.wg.spotify.com is <CNAME>
Nov 14 18:39:09 10.0.0.2 ulogd[1267]: [NEW] ORIG: SRC=176.36.141.89 DST=194.50.85.7 PROTO=UDP SPT=43912 DPT=53 PKTS=0 BYTES=0 , REPLY: SRC=194.50.85.7 DST=176.36.141.89 PROTO=UDP SPT=53 DPT=43912 PKTS=0 BYTES=0
Nov 14 18:39:09 10.0.0.2 dnsmasq[1]: 29426 fd02:c8be:1d40:0:89c6:4fae:69d2:328/56142 forwarded spclient.wg.spotify.com to 194.50.85.7
Nov 14 18:39:09 10.0.0.2 ulogd[1267]: [NEW] ORIG: SRC=192.168.1.180 DST=35.186.224.25 PROTO=UDP SPT=57710 DPT=443 PKTS=0 BYTES=0 , REPLY: SRC=35.186.224.25 DST=176.36.141.89 PROTO=UDP SPT=443 DPT=57710 PKTS=0 BYTES=0
Nov 14 18:39:09 10.0.0.2 dnsmasq[1]: 29426 fd02:c8be:1d40:0:89c6:4fae:69d2:328/56142 reply spclient.wg.spotify.com is <CNAME>
Nov 14 18:39:09 10.0.0.2 dnsmasq[1]: 29426 fd02:c8be:1d40:0:89c6:4fae:69d2:328/56142 reply edge-web.dual-gslb.spotify.com is NODATA
Nov 14 18:39:09 10.0.0.2 ulogd[1267]: [NEW] ORIG: SRC=192.168.1.180 DST=35.186.224.25 PROTO=UDP SPT=55913 DPT=443 PKTS=0 BYTES=0 , REPLY: SRC=35.186.224.25 DST=176.36.141.89 PROTO=UDP SPT=443 DPT=55913 PKTS=0 BYTES=0
Nov 14 18:39:09 10.0.0.2 ulogd[1267]: [NEW] ORIG: SRC=fd02:c8be:1d40:0:89c6:4fae:69d2:328 DST=fd02:c8be:1d40::1 PROTO=UDP SPT=49815 DPT=53 PKTS=0 BYTES=0 , REPLY: SRC=fd02:c8be:1d40::1 DST=fd02:c8be:1d40:0:89c6:4fae:69d2:328 PROTO=UDP SPT=53 DPT=49815 PKTS=0 BYTES=0
Nov 14 18:39:09 10.0.0.2 dnsmasq[1]: 29427 fd02:c8be:1d40:0:89c6:4fae:69d2:328/49815 query[A] event.shelljacket.us from fd02:c8be:1d40:0:89c6:4fae:69d2:328
Nov 14 18:39:09 10.0.0.2 dnsmasq[1]: 29427 fd02:c8be:1d40:0:89c6:4fae:69d2:328/49815 forwarded event.shelljacket.us to 194.50.85.7
Nov 14 18:39:09 10.0.0.2 ulogd[1267]: [NEW] ORIG: SRC=176.36.141.89 DST=194.50.85.7 PROTO=UDP SPT=52305 DPT=53 PKTS=0 BYTES=0 , REPLY: SRC=194.50.85.7 DST=176.36.141.89 PROTO=UDP SPT=53 DPT=52305 PKTS=0 BYTES=0
Nov 14 18:39:09 10.0.0.2 dnsmasq[1]: 29427 fd02:c8be:1d40:0:89c6:4fae:69d2:328/49815 reply event.shelljacket.us is 138.68.92.190
Nov 14 18:39:09 10.0.0.2 dnsmasq[1]: 29427 fd02:c8be:1d40:0:89c6:4fae:69d2:328/49815 reply event.shelljacket.us is 138.68.77.102
Nov 14 18:39:09 10.0.0.2 dnsmasq[1]: 29427 fd02:c8be:1d40:0:89c6:4fae:69d2:328/49815 reply event.shelljacket.us is 46.101.131.214
Nov 14 18:39:09 10.0.0.2 dnsmasq[1]: 29427 fd02:c8be:1d40:0:89c6:4fae:69d2:328/49815 reply event.shelljacket.us is 159.89.100.215
Nov 14 18:39:09 10.0.0.2 dnsmasq[1]: 29427 fd02:c8be:1d40:0:89c6:4fae:69d2:328/49815 reply event.shelljacket.us is 138.68.101.1
Nov 14 18:39:09 10.0.0.2 dnsmasq[1]: 29427 fd02:c8be:1d40:0:89c6:4fae:69d2:328/49815 reply event.shelljacket.us is 46.101.131.99
Nov 14 18:39:09 10.0.0.2 dnsmasq[1]: 29427 fd02:c8be:1d40:0:89c6:4fae:69d2:328/49815 reply event.shelljacket.us is 159.89.27.102
Nov 14 18:39:09 10.0.0.2 ulogd[1267]: [NEW] ORIG: SRC=192.168.1.180 DST=138.68.92.190 PROTO=TCP SPT=53050 DPT=443 PKTS=0 BYTES=0 , REPLY: SRC=138.68.92.190 DST=176.36.141.89 PROTO=TCP SPT=443 DPT=53050 PKTS=0 BYTES=0
Nov 14 18:39:10 10.0.0.2 dnsmasq[1]: 29428 fd02:c8be:1d40:0:89c6:4fae:69d2:328/49815 query[A] slack.com from fd02:c8be:1d40:0:89c6:4fae:69d2:328
Nov 14 18:39:10 10.0.0.2 dnsmasq[1]: 29428 fd02:c8be:1d40:0:89c6:4fae:69d2:328/49815 forwarded slack.com to 194.50.85.7
Nov 14 18:39:10 10.0.0.2 ulogd[1267]: [NEW] ORIG: SRC=176.36.141.89 DST=194.50.85.7 PROTO=UDP SPT=37104 DPT=53 PKTS=0 BYTES=0 , REPLY: SRC=194.50.85.7 DST=176.36.141.89 PROTO=UDP SPT=53 DPT=37104 PKTS=0 BYTES=0
Nov 14 18:39:10 10.0.0.2 dnsmasq[1]: 29428 fd02:c8be:1d40:0:89c6:4fae:69d2:328/49815 reply slack.com is 3.68.175.98
Nov 14 18:39:10 10.0.0.2 dnsmasq[1]: 29428 fd02:c8be:1d40:0:89c6:4fae:69d2:328/49815 reply slack.com is 3.68.124.168
Nov 14 18:39:10 10.0.0.2 dnsmasq[1]: 29428 fd02:c8be:1d40:0:89c6:4fae:69d2:328/49815 reply slack.com is 18.159.197.225
Nov 14 18:39:10 10.0.0.2 dnsmasq[1]: 29428 fd02:c8be:1d40:0:89c6:4fae:69d2:328/49815 reply slack.com is 3.68.170.153
Nov 14 18:39:10 10.0.0.2 ulogd[1267]: [NEW] ORIG: SRC=192.168.1.180 DST=3.68.175.98 PROTO=TCP SPT=53051 DPT=443 PKTS=0 BYTES=0 , REPLY: SRC=3.68.175.98 DST=176.36.141.89 PROTO=TCP SPT=443 DPT=53051 PKTS=0 BYTES=0
Nov 14 18:39:12 10.0.0.2 ulogd[1267]: [NEW] ORIG: SRC=52.82.122.249 DST=176.36.141.89 PROTO=ICMP TYPE=0 CODE=8 PKTS=0 BYTES=0 , REPLY: SRC=176.36.141.89 DST=52.82.122.249 PROTO=ICMP TYPE=0 CODE=8 PKTS=0 BYTES=0
Nov 14 18:39:13 10.0.0.2 ulogd[1267]: [NEW] ORIG: SRC=69.230.235.59 DST=176.36.141.89 PROTO=ICMP TYPE=0 CODE=8 PKTS=0 BYTES=0 , REPLY: SRC=176.36.141.89 DST=69.230.235.59 PROTO=ICMP TYPE=0 CODE=8 PKTS=0 BYTES=0
Nov 14 18:39:13 10.0.0.2 ulogd[1267]: [NEW] ORIG: SRC=161.189.186.199 DST=176.36.141.89 PROTO=ICMP TYPE=0 CODE=8 PKTS=0 BYTES=0 , REPLY: SRC=176.36.141.89 DST=161.189.186.199 PROTO=ICMP TYPE=0 CODE=8 PKTS=0 BYTES=0
Nov 14 18:39:13 10.0.0.2 ulogd[1267]: [NEW] ORIG: SRC=fd02:c8be:1d40:0:89c6:4fae:69d2:328 DST=fd02:c8be:1d40::1 PROTO=UDP SPT=56371 DPT=53 PKTS=0 BYTES=0 , REPLY: SRC=fd02:c8be:1d40::1 DST=fd02:c8be:1d40:0:89c6:4fae:69d2:328 PROTO=UDP SPT=53 DPT=56371 PKTS=0 BYTES=0
Nov 14 18:39:13 10.0.0.2 dnsmasq[1]: 29429 fd02:c8be:1d40:0:89c6:4fae:69d2:328/56371 query[A] gew1-spclient.spotify.com from fd02:c8be:1d40:0:89c6:4fae:69d2:328
Nov 14 18:39:13 10.0.0.2 dnsmasq[1]: 29429 fd02:c8be:1d40:0:89c6:4fae:69d2:328/56371 cached gew1-spclient.spotify.com is <CNAME>
Nov 14 18:39:13 10.0.0.2 ulogd[1267]: [NEW] ORIG: SRC=fd02:c8be:1d40:0:89c6:4fae:69d2:328 DST=fd02:c8be:1d40::1 PROTO=UDP SPT=52042 DPT=53 PKTS=0 BYTES=0 , REPLY: SRC=fd02:c8be:1d40::1 DST=fd02:c8be:1d40:0:89c6:4fae:69d2:328 PROTO=UDP SPT=53 DPT=52042 PKTS=0 BYTES=0
Nov 14 18:39:13 10.0.0.2 dnsmasq[1]: 29429 fd02:c8be:1d40:0:89c6:4fae:69d2:328/56371 cached edge-web-gew1.dual-gslb.spotify.com is 35.186.224.18
Nov 14 18:39:13 10.0.0.2 dnsmasq[1]: 29430 fd02:c8be:1d40:0:89c6:4fae:69d2:328/52042 query[type=65] gew1-spclient.spotify.com from fd02:c8be:1d40:0:89c6:4fae:69d2:328
Nov 14 18:39:13 10.0.0.2 dnsmasq[1]: 29430 fd02:c8be:1d40:0:89c6:4fae:69d2:328/52042 cached gew1-spclient.spotify.com is <CNAME>
Nov 14 18:39:13 10.0.0.2 dnsmasq[1]: 29430 fd02:c8be:1d40:0:89c6:4fae:69d2:328/52042 forwarded gew1-spclient.spotify.com to 192.168.1.45
Nov 14 18:39:13 10.0.0.2 ulogd[1267]: [NEW] ORIG: SRC=192.168.1.1 DST=192.168.1.45 PROTO=UDP SPT=44303 DPT=5353 PKTS=0 BYTES=0 , REPLY: SRC=192.168.1.45 DST=192.168.1.1 PROTO=UDP SPT=5353 DPT=44303 PKTS=0 BYTES=0
Nov 14 18:39:13 10.0.0.2 ulogd[1267]: [NEW] ORIG: SRC=176.36.141.89 DST=194.50.85.5 PROTO=UDP SPT=44303 DPT=53 PKTS=0 BYTES=0 , REPLY: SRC=194.50.85.5 DST=176.36.141.89 PROTO=UDP SPT=53 DPT=44303 PKTS=0 BYTES=0
Nov 14 18:39:13 10.0.0.2 dnsmasq[1]: 29430 fd02:c8be:1d40:0:89c6:4fae:69d2:328/52042 forwarded gew1-spclient.spotify.com to 194.50.85.5
Nov 14 18:39:13 10.0.0.2 dnsmasq[1]: 29430 fd02:c8be:1d40:0:89c6:4fae:69d2:328/52042 forwarded gew1-spclient.spotify.com to 194.50.85.7
Nov 14 18:39:13 10.0.0.2 ulogd[1267]: [NEW] ORIG: SRC=176.36.141.89 DST=194.50.85.7 PROTO=UDP SPT=44303 DPT=53 PKTS=0 BYTES=0 , REPLY: SRC=194.50.85.7 DST=176.36.141.89 PROTO=UDP SPT=53 DPT=44303 PKTS=0 BYTES=0
Nov 14 18:39:13 10.0.0.2 dnsmasq[1]: 29430 fd02:c8be:1d40:0:89c6:4fae:69d2:328/52042 reply gew1-spclient.spotify.com is <CNAME>
Nov 14 18:39:13 10.0.0.2 dnsmasq[1]: 29430 fd02:c8be:1d40:0:89c6:4fae:69d2:328/52042 reply edge-web-gew1.dual-gslb.spotify.com is NODATA
Nov 14 18:39:13 10.0.0.2 ulogd[1267]: [NEW] ORIG: SRC=192.168.1.180 DST=35.186.224.18 PROTO=UDP SPT=54854 DPT=443 PKTS=0 BYTES=0 , REPLY: SRC=35.186.224.18 DST=176.36.141.89 PROTO=UDP SPT=443 DPT=54854 PKTS=0 BYTES=0
Nov 14 18:39:18 10.0.0.2 ulogd[1267]: [NEW] ORIG: SRC=192.168.1.180 DST=52.70.217.255 PROTO=TCP SPT=53052 DPT=443 PKTS=0 BYTES=0 , REPLY: SRC=52.70.217.255 DST=176.36.141.89 PROTO=TCP SPT=443 DPT=53052 PKTS=0 BYTES=0
Nov 14 18:39:21 10.0.0.2 ulogd[1267]: [DESTROY] ORIG: SRC=176.36.141.89 DST=194.50.85.5 PROTO=UDP SPT=36577 DPT=53 PKTS=1 BYTES=62 , REPLY: SRC=194.50.85.5 DST=176.36.141.89 PROTO=UDP SPT=53 DPT=36577 PKTS=1 BYTES=126
Nov 14 18:39:22 10.0.0.2 dnsmasq[1]: 29431 fd02:c8be:1d40:0:89c6:4fae:69d2:328/49815 query[A] edgeapi.slack.com from fd02:c8be:1d40:0:89c6:4fae:69d2:328
Nov 14 18:39:22 10.0.0.2 dnsmasq[1]: 29431 fd02:c8be:1d40:0:89c6:4fae:69d2:328/49815 forwarded edgeapi.slack.com to 194.50.85.5
Nov 14 18:39:22 10.0.0.2 ulogd[1267]: [NEW] ORIG: SRC=176.36.141.89 DST=194.50.85.5 PROTO=UDP SPT=60730 DPT=53 PKTS=0 BYTES=0 , REPLY: SRC=194.50.85.5 DST=176.36.141.89 PROTO=UDP SPT=53 DPT=60730 PKTS=0 BYTES=0
Nov 14 18:39:22 10.0.0.2 dnsmasq[1]: 29431 fd02:c8be:1d40:0:89c6:4fae:69d2:328/49815 reply edgeapi.slack.com is 3.67.131.16
Nov 14 18:39:22 10.0.0.2 dnsmasq[1]: 29431 fd02:c8be:1d40:0:89c6:4fae:69d2:328/49815 reply edgeapi.slack.com is 3.67.35.217
Nov 14 18:39:22 10.0.0.2 ulogd[1267]: [NEW] ORIG: SRC=192.168.1.180 DST=3.67.131.16 PROTO=TCP SPT=53054 DPT=443 PKTS=0 BYTES=0 , REPLY: SRC=3.67.131.16 DST=176.36.141.89 PROTO=TCP SPT=443 DPT=53054 PKTS=0 BYTES=0
Nov 14 18:39:27 10.0.0.2 dnsmasq[1]: 29432 fd02:c8be:1d40:0:89c6:4fae:69d2:328/49815 query[A] status.maxmind.com from fd02:c8be:1d40:0:89c6:4fae:69d2:328
Nov 14 18:39:27 10.0.0.2 dnsmasq[1]: 29432 fd02:c8be:1d40:0:89c6:4fae:69d2:328/49815 cached status.maxmind.com is <CNAME>
Nov 14 18:39:27 10.0.0.2 dnsmasq[1]: 29432 fd02:c8be:1d40:0:89c6:4fae:69d2:328/49815 forwarded status.maxmind.com to 194.50.85.5
Nov 14 18:39:27 10.0.0.2 ulogd[1267]: [NEW] ORIG: SRC=176.36.141.89 DST=194.50.85.5 PROTO=UDP SPT=48032 DPT=53 PKTS=0 BYTES=0 , REPLY: SRC=194.50.85.5 DST=176.36.141.89 PROTO=UDP SPT=53 DPT=48032 PKTS=0 BYTES=0
Nov 14 18:39:27 10.0.0.2 ulogd[1267]: [NEW] ORIG: SRC=192.168.1.180 DST=192.168.1.1 PROTO=UDP SPT=49815 DPT=53 PKTS=0 BYTES=0 , REPLY: SRC=192.168.1.1 DST=192.168.1.180 PROTO=UDP SPT=53 DPT=49815 PKTS=0 BYTES=0
Nov 14 18:39:27 10.0.0.2 dnsmasq[1]: 29433 192.168.1.180/49815 query[A] status.maxmind.com from 192.168.1.180
Nov 14 18:39:28 10.0.0.2 dnsmasq[1]: 29434 fd02:c8be:1d40:0:89c6:4fae:69d2:328/49815 query[A] status.maxmind.com from fd02:c8be:1d40:0:89c6:4fae:69d2:328
Nov 14 18:39:28 10.0.0.2 dnsmasq[1]: 29434 fd02:c8be:1d40:0:89c6:4fae:69d2:328/49815 forwarded status.maxmind.com to 192.168.1.45
Nov 14 18:39:28 10.0.0.2 ulogd[1267]: [NEW] ORIG: SRC=192.168.1.1 DST=192.168.1.45 PROTO=UDP SPT=48032 DPT=5353 PKTS=0 BYTES=0 , REPLY: SRC=192.168.1.45 DST=192.168.1.1 PROTO=UDP SPT=5353 DPT=48032 PKTS=0 BYTES=0
Nov 14 18:39:28 10.0.0.2 dnsmasq[1]: 29434 fd02:c8be:1d40:0:89c6:4fae:69d2:328/49815 forwarded status.maxmind.com to 194.50.85.5
Nov 14 18:39:28 10.0.0.2 dnsmasq[1]: 29434 fd02:c8be:1d40:0:89c6:4fae:69d2:328/49815 forwarded status.maxmind.com to 194.50.85.7
Nov 14 18:39:28 10.0.0.2 ulogd[1267]: [NEW] ORIG: SRC=176.36.141.89 DST=194.50.85.7 PROTO=UDP SPT=48032 DPT=53 PKTS=0 BYTES=0 , REPLY: SRC=194.50.85.7 DST=176.36.141.89 PROTO=UDP SPT=53 DPT=48032 PKTS=0 BYTES=0
Nov 14 18:39:28 10.0.0.2 dnsmasq[1]: 29434 fd02:c8be:1d40:0:89c6:4fae:69d2:328/49815 reply status.maxmind.com is <CNAME>
Nov 14 18:39:28 10.0.0.2 dnsmasq[1]: 29434 fd02:c8be:1d40:0:89c6:4fae:69d2:328/49815 reply domain.status.io is 18.244.102.115
Nov 14 18:39:28 10.0.0.2 dnsmasq[1]: 29434 fd02:c8be:1d40:0:89c6:4fae:69d2:328/49815 reply domain.status.io is 18.244.102.112
Nov 14 18:39:28 10.0.0.2 dnsmasq[1]: 29434 fd02:c8be:1d40:0:89c6:4fae:69d2:328/49815 reply domain.status.io is 18.244.102.67
Nov 14 18:39:28 10.0.0.2 dnsmasq[1]: 29434 fd02:c8be:1d40:0:89c6:4fae:69d2:328/49815 reply domain.status.io is 18.244.102.63
Nov 14 18:39:28 10.0.0.2 dnsmasq[1]: 29433 192.168.1.180/49815 reply query is duplicate
Nov 14 18:39:28 10.0.0.2 ulogd[1267]: [NEW] ORIG: SRC=178.62.203.224 DST=176.36.141.89 PROTO=ICMP TYPE=0 CODE=8 PKTS=0 BYTES=0 , REPLY: SRC=176.36.141.89 DST=178.62.203.224 PROTO=ICMP TYPE=0 CODE=8 PKTS=0 BYTES=0
Nov 14 18:39:35 10.0.0.2 ulogd[1267]: [DESTROY] ORIG: SRC=176.36.141.89 DST=194.50.85.5 PROTO=UDP SPT=50252 DPT=53 PKTS=1 BYTES=63 , REPLY: SRC=194.50.85.5 DST=176.36.141.89 PROTO=UDP SPT=53 DPT=50252 PKTS=0 BYTES=0
Nov 14 18:39:35 10.0.0.2 ulogd[1267]: [NEW] ORIG: SRC=192.168.1.180 DST=142.250.186.194 PROTO=UDP SPT=50063 DPT=443 PKTS=0 BYTES=0 , REPLY: SRC=142.250.186.194 DST=176.36.141.89 PROTO=UDP SPT=443 DPT=50063 PKTS=0 BYTES=0
Nov 14 18:39:35 10.0.0.2 ulogd[1267]: [NEW] ORIG: SRC=192.168.1.180 DST=35.186.224.25 PROTO=UDP SPT=61142 DPT=443 PKTS=0 BYTES=0 , REPLY: SRC=35.186.224.25 DST=176.36.141.89 PROTO=UDP SPT=443 DPT=61142 PKTS=0 BYTES=0
Nov 14 18:39:35 10.0.0.2 ulogd[1267]: [NEW] ORIG: SRC=fd02:c8be:1d40:0:89c6:4fae:69d2:328 DST=fd02:c8be:1d40::1 PROTO=UDP SPT=57257 DPT=53 PKTS=0 BYTES=0 , REPLY: SRC=fd02:c8be:1d40::1 DST=fd02:c8be:1d40:0:89c6:4fae:69d2:328 PROTO=UDP SPT=53 DPT=57257 PKTS=0 BYTES=0
Nov 14 18:39:35 10.0.0.2 dnsmasq[1]: 29435 fd02:c8be:1d40:0:89c6:4fae:69d2:328/57257 query[A] i.scdn.co from fd02:c8be:1d40:0:89c6:4fae:69d2:328
Nov 14 18:39:35 10.0.0.2 ulogd[1267]: [NEW] ORIG: SRC=fd02:c8be:1d40:0:89c6:4fae:69d2:328 DST=fd02:c8be:1d40::1 PROTO=UDP SPT=57955 DPT=53 PKTS=0 BYTES=0 , REPLY: SRC=fd02:c8be:1d40::1 DST=fd02:c8be:1d40:0:89c6:4fae:69d2:328 PROTO=UDP SPT=53 DPT=57955 PKTS=0 BYTES=0
Nov 14 18:39:35 10.0.0.2 ulogd[1267]: [NEW] ORIG: SRC=192.168.1.1 DST=192.168.1.45 PROTO=UDP SPT=45606 DPT=5353 PKTS=0 BYTES=0 , REPLY: SRC=192.168.1.45 DST=192.168.1.1 PROTO=UDP SPT=5353 DPT=45606 PKTS=0 BYTES=0
Nov 14 18:39:35 10.0.0.2 dnsmasq[1]: 29435 fd02:c8be:1d40:0:89c6:4fae:69d2:328/57257 forwarded i.scdn.co to 192.168.1.45
Nov 14 18:39:35 10.0.0.2 dnsmasq[1]: 29435 fd02:c8be:1d40:0:89c6:4fae:69d2:328/57257 forwarded i.scdn.co to 194.50.85.5
Nov 14 18:39:35 10.0.0.2 ulogd[1267]: [NEW] ORIG: SRC=176.36.141.89 DST=194.50.85.5 PROTO=UDP SPT=45606 DPT=53 PKTS=0 BYTES=0 , REPLY: SRC=194.50.85.5 DST=176.36.141.89 PROTO=UDP SPT=53 DPT=45606 PKTS=0 BYTES=0
Nov 14 18:39:35 10.0.0.2 dnsmasq[1]: 29435 fd02:c8be:1d40:0:89c6:4fae:69d2:328/57257 forwarded i.scdn.co to 194.50.85.7
Nov 14 18:39:35 10.0.0.2 ulogd[1267]: [NEW] ORIG: SRC=176.36.141.89 DST=194.50.85.7 PROTO=UDP SPT=45606 DPT=53 PKTS=0 BYTES=0 , REPLY: SRC=194.50.85.7 DST=176.36.141.89 PROTO=UDP SPT=53 DPT=45606 PKTS=0 BYTES=0
Nov 14 18:39:35 10.0.0.2 dnsmasq[1]: 29435 fd02:c8be:1d40:0:89c6:4fae:69d2:328/57257 reply i.scdn.co is <CNAME>
Nov 14 18:39:35 10.0.0.2 dnsmasq[1]: 29435 fd02:c8be:1d40:0:89c6:4fae:69d2:328/57257 reply image-scdn.cdn-gslb.spotify.com is <CNAME>
Nov 14 18:39:35 10.0.0.2 dnsmasq[1]: 29435 fd02:c8be:1d40:0:89c6:4fae:69d2:328/57257 reply common-eipb-ak.spotifycdn.com.edgesuite.net is <CNAME>
Nov 14 18:39:35 10.0.0.2 dnsmasq[1]: 29435 fd02:c8be:1d40:0:89c6:4fae:69d2:328/57257 reply squadcdn.scdn.co.splitter-eip.akadns.net is <CNAME>
Nov 14 18:39:35 10.0.0.2 dnsmasq[1]: 29435 fd02:c8be:1d40:0:89c6:4fae:69d2:328/57257 reply i.scdn.co-noeip.akamaized.net is <CNAME>
Nov 14 18:39:35 10.0.0.2 dnsmasq[1]: 29435 fd02:c8be:1d40:0:89c6:4fae:69d2:328/57257 reply a1520.dscc.akamai.net is 62.140.236.162
Nov 14 18:39:35 10.0.0.2 dnsmasq[1]: 29435 fd02:c8be:1d40:0:89c6:4fae:69d2:328/57257 reply a1520.dscc.akamai.net is 62.140.236.155
Nov 14 18:39:35 10.0.0.2 dnsmasq[1]: 29436 fd02:c8be:1d40:0:89c6:4fae:69d2:328/57955 query[type=65] i.scdn.co from fd02:c8be:1d40:0:89c6:4fae:69d2:328
Nov 14 18:39:35 10.0.0.2 dnsmasq[1]: 29436 fd02:c8be:1d40:0:89c6:4fae:69d2:328/57955 cached i.scdn.co is <CNAME>
Nov 14 18:39:35 10.0.0.2 dnsmasq[1]: 29436 fd02:c8be:1d40:0:89c6:4fae:69d2:328/57955 cached image-scdn.cdn-gslb.spotify.com is <CNAME>
Nov 14 18:39:35 10.0.0.2 dnsmasq[1]: 29436 fd02:c8be:1d40:0:89c6:4fae:69d2:328/57955 cached common-eipb-ak.spotifycdn.com.edgesuite.net is <CNAME>
Nov 14 18:39:35 10.0.0.2 dnsmasq[1]: 29436 fd02:c8be:1d40:0:89c6:4fae:69d2:328/57955 cached squadcdn.scdn.co.splitter-eip.akadns.net is <CNAME>
Nov 14 18:39:35 10.0.0.2 dnsmasq[1]: 29436 fd02:c8be:1d40:0:89c6:4fae:69d2:328/57955 cached i.scdn.co-noeip.akamaized.net is <CNAME>
Nov 14 18:39:35 10.0.0.2 ulogd[1267]: [NEW] ORIG: SRC=176.36.141.89 DST=194.50.85.5 PROTO=UDP SPT=57345 DPT=53 PKTS=0 BYTES=0 , REPLY: SRC=194.50.85.5 DST=176.36.141.89 PROTO=UDP SPT=53 DPT=57345 PKTS=0 BYTES=0
Nov 14 18:39:35 10.0.0.2 ulogd[1267]: [NEW] ORIG: SRC=192.168.1.180 DST=62.140.236.162 PROTO=TCP SPT=53055 DPT=443 PKTS=0 BYTES=0 , REPLY: SRC=62.140.236.162 DST=176.36.141.89 PROTO=TCP SPT=443 DPT=53055 PKTS=0 BYTES=0
Nov 14 18:39:35 10.0.0.2 dnsmasq[1]: 29436 fd02:c8be:1d40:0:89c6:4fae:69d2:328/57955 forwarded i.scdn.co to 194.50.85.5
Nov 14 18:39:35 10.0.0.2 dnsmasq[1]: 29436 fd02:c8be:1d40:0:89c6:4fae:69d2:328/57955 reply i.scdn.co is <CNAME>
Nov 14 18:39:35 10.0.0.2 dnsmasq[1]: 29436 fd02:c8be:1d40:0:89c6:4fae:69d2:328/57955 reply image-scdn.cdn-gslb.spotify.com is <CNAME>
Nov 14 18:39:35 10.0.0.2 dnsmasq[1]: 29436 fd02:c8be:1d40:0:89c6:4fae:69d2:328/57955 reply common-eipb-ak.spotifycdn.com.edgesuite.net is <CNAME>
Nov 14 18:39:35 10.0.0.2 dnsmasq[1]: 29436 fd02:c8be:1d40:0:89c6:4fae:69d2:328/57955 reply squadcdn.scdn.co.splitter-eip.akadns.net is <CNAME>
Nov 14 18:39:35 10.0.0.2 dnsmasq[1]: 29436 fd02:c8be:1d40:0:89c6:4fae:69d2:328/57955 reply i.scdn.co-noeip.akamaized.net is <CNAME>
Nov 14 18:39:35 10.0.0.2 dnsmasq[1]: 29436 fd02:c8be:1d40:0:89c6:4fae:69d2:328/57955 reply a1520.dscc.akamai.net is NODATA
Nov 14 18:39:37 10.0.0.2 ulogd[1267]: [NEW] ORIG: SRC=fd02:c8be:1d40:0:89c6:4fae:69d2:328 DST=fd02:c8be:1d40::1 PROTO=UDP SPT=52542 DPT=53 PKTS=0 BYTES=0 , REPLY: SRC=fd02:c8be:1d40::1 DST=fd02:c8be:1d40:0:89c6:4fae:69d2:328 PROTO=UDP SPT=53 DPT=52542 PKTS=0 BYTES=0
Nov 14 18:39:37 10.0.0.2 dnsmasq[1]: 29437 fd02:c8be:1d40:0:89c6:4fae:69d2:328/52542 query[A] api.github.com from fd02:c8be:1d40:0:89c6:4fae:69d2:328
Nov 14 18:39:37 10.0.0.2 ulogd[1267]: [NEW] ORIG: SRC=176.36.141.89 DST=194.50.85.5 PROTO=UDP SPT=33581 DPT=53 PKTS=0 BYTES=0 , REPLY: SRC=194.50.85.5 DST=176.36.141.89 PROTO=UDP SPT=53 DPT=33581 PKTS=0 BYTES=0
Nov 14 18:39:37 10.0.0.2 dnsmasq[1]: 29437 fd02:c8be:1d40:0:89c6:4fae:69d2:328/52542 forwarded api.github.com to 194.50.85.5
Nov 14 18:39:37 10.0.0.2 dnsmasq[1]: 29437 fd02:c8be:1d40:0:89c6:4fae:69d2:328/52542 reply api.github.com is 140.82.121.5
Nov 14 18:39:37 10.0.0.2 ulogd[1267]: [NEW] ORIG: SRC=192.168.1.180 DST=140.82.121.5 PROTO=TCP SPT=53056 DPT=443 PKTS=0 BYTES=0 , REPLY: SRC=140.82.121.5 DST=176.36.141.89 PROTO=TCP SPT=443 DPT=53056 PKTS=0 BYTES=0
Nov 14 18:39:37 10.0.0.2 ulogd[1267]: [NEW] ORIG: SRC=192.168.1.180 DST=140.82.121.5 PROTO=TCP SPT=53057 DPT=443 PKTS=0 BYTES=0 , REPLY: SRC=140.82.121.5 DST=176.36.141.89 PROTO=TCP SPT=443 DPT=53057 PKTS=0 BYTES=0
Nov 14 18:39:37 10.0.0.2 dnsmasq[1]: 29438 fd02:c8be:1d40:0:89c6:4fae:69d2:328/52542 query[A] github.githubassets.com from fd02:c8be:1d40:0:89c6:4fae:69d2:328
Nov 14 18:39:37 10.0.0.2 dnsmasq[1]: 29438 fd02:c8be:1d40:0:89c6:4fae:69d2:328/52542 forwarded github.githubassets.com to 194.50.85.5
Nov 14 18:39:37 10.0.0.2 ulogd[1267]: [NEW] ORIG: SRC=176.36.141.89 DST=194.50.85.5 PROTO=UDP SPT=49857 DPT=53 PKTS=0 BYTES=0 , REPLY: SRC=194.50.85.5 DST=176.36.141.89 PROTO=UDP SPT=53 DPT=49857 PKTS=0 BYTES=0
Nov 14 18:39:37 10.0.0.2 dnsmasq[1]: 29438 fd02:c8be:1d40:0:89c6:4fae:69d2:328/52542 reply github.githubassets.com is 185.199.110.154
Nov 14 18:39:37 10.0.0.2 dnsmasq[1]: 29438 fd02:c8be:1d40:0:89c6:4fae:69d2:328/52542 reply github.githubassets.com is 185.199.109.154
Nov 14 18:39:37 10.0.0.2 dnsmasq[1]: 29438 fd02:c8be:1d40:0:89c6:4fae:69d2:328/52542 reply github.githubassets.com is 185.199.111.154
Nov 14 18:39:37 10.0.0.2 dnsmasq[1]: 29438 fd02:c8be:1d40:0:89c6:4fae:69d2:328/52542 reply github.githubassets.com is 185.199.108.154
Nov 14 18:39:38 10.0.0.2 dnsmasq[1]: 29439 fd02:c8be:1d40:0:89c6:4fae:69d2:328/52542 query[A] github.com from fd02:c8be:1d40:0:89c6:4fae:69d2:328
Nov 14 18:39:38 10.0.0.2 dnsmasq[1]: 29439 fd02:c8be:1d40:0:89c6:4fae:69d2:328/52542 forwarded github.com to 194.50.85.5
Nov 14 18:39:38 10.0.0.2 ulogd[1267]: [NEW] ORIG: SRC=176.36.141.89 DST=194.50.85.5 PROTO=UDP SPT=50270 DPT=53 PKTS=0 BYTES=0 , REPLY: SRC=194.50.85.5 DST=176.36.141.89 PROTO=UDP SPT=53 DPT=50270 PKTS=0 BYTES=0
Nov 14 18:39:38 10.0.0.2 dnsmasq[1]: 29439 fd02:c8be:1d40:0:89c6:4fae:69d2:328/52542 reply github.com is 140.82.121.3
Nov 14 18:39:38 10.0.0.2 ulogd[1267]: [NEW] ORIG: SRC=192.168.1.180 DST=140.82.121.3 PROTO=TCP SPT=53058 DPT=443 PKTS=0 BYTES=0 , REPLY: SRC=140.82.121.3 DST=176.36.141.89 PROTO=TCP SPT=443 DPT=53058 PKTS=0 BYTES=0
Nov 14 18:39:40 10.0.0.2 ulogd[1267]: [NEW] ORIG: SRC=fd02:c8be:1d40:0:89c6:4fae:69d2:328 DST=fd02:c8be:1d40::1 PROTO=UDP SPT=56507 DPT=53 PKTS=0 BYTES=0 , REPLY: SRC=fd02:c8be:1d40::1 DST=fd02:c8be:1d40:0:89c6:4fae:69d2:328 PROTO=UDP SPT=53 DPT=56507 PKTS=0 BYTES=0
Nov 14 18:39:40 10.0.0.2 dnsmasq[1]: 29440 fd02:c8be:1d40:0:89c6:4fae:69d2:328/56507 query[A] audio-ak-spotify-com.akamaized.net from fd02:c8be:1d40:0:89c6:4fae:69d2:328
Nov 14 18:39:40 10.0.0.2 ulogd[1267]: [NEW] ORIG: SRC=fd02:c8be:1d40:0:89c6:4fae:69d2:328 DST=fd02:c8be:1d40::1 PROTO=UDP SPT=60808 DPT=53 PKTS=0 BYTES=0 , REPLY: SRC=fd02:c8be:1d40::1 DST=fd02:c8be:1d40:0:89c6:4fae:69d2:328 PROTO=UDP SPT=53 DPT=60808 PKTS=0 BYTES=0
Nov 14 18:39:40 10.0.0.2 dnsmasq[1]: 29440 fd02:c8be:1d40:0:89c6:4fae:69d2:328/56507 forwarded audio-ak-spotify-com.akamaized.net to 194.50.85.5
Nov 14 18:39:40 10.0.0.2 ulogd[1267]: [NEW] ORIG: SRC=176.36.141.89 DST=194.50.85.5 PROTO=UDP SPT=39999 DPT=53 PKTS=0 BYTES=0 , REPLY: SRC=194.50.85.5 DST=176.36.141.89 PROTO=UDP SPT=53 DPT=39999 PKTS=0 BYTES=0
Nov 14 18:39:40 10.0.0.2 dnsmasq[1]: 29441 fd02:c8be:1d40:0:89c6:4fae:69d2:328/60808 query[type=65] audio-ak-spotify-com.akamaized.net from fd02:c8be:1d40:0:89c6:4fae:69d2:328
Nov 14 18:39:40 10.0.0.2 ulogd[1267]: [NEW] ORIG: SRC=176.36.141.89 DST=194.50.85.5 PROTO=UDP SPT=58746 DPT=53 PKTS=0 BYTES=0 , REPLY: SRC=194.50.85.5 DST=176.36.141.89 PROTO=UDP SPT=53 DPT=58746 PKTS=0 BYTES=0
Nov 14 18:39:40 10.0.0.2 dnsmasq[1]: 29441 fd02:c8be:1d40:0:89c6:4fae:69d2:328/60808 forwarded audio-ak-spotify-com.akamaized.net to 194.50.85.5
Nov 14 18:39:40 10.0.0.2 dnsmasq[1]: 29440 fd02:c8be:1d40:0:89c6:4fae:69d2:328/56507 reply audio-ak-spotify-com.akamaized.net is <CNAME>
Nov 14 18:39:40 10.0.0.2 dnsmasq[1]: 29440 fd02:c8be:1d40:0:89c6:4fae:69d2:328/56507 reply a297.dscc.akamai.net is 62.140.236.155
Nov 14 18:39:40 10.0.0.2 dnsmasq[1]: 29440 fd02:c8be:1d40:0:89c6:4fae:69d2:328/56507 reply a297.dscc.akamai.net is 62.140.236.138
Nov 14 18:39:40 10.0.0.2 dnsmasq[1]: 29441 fd02:c8be:1d40:0:89c6:4fae:69d2:328/60808 reply audio-ak-spotify-com.akamaized.net is <CNAME>
Nov 14 18:39:40 10.0.0.2 dnsmasq[1]: 29441 fd02:c8be:1d40:0:89c6:4fae:69d2:328/60808 reply a297.dscc.akamai.net is NODATA
Nov 14 18:39:40 10.0.0.2 ulogd[1267]: [NEW] ORIG: SRC=192.168.1.180 DST=62.140.236.155 PROTO=TCP SPT=53059 DPT=443 PKTS=0 BYTES=0 , REPLY: SRC=62.140.236.155 DST=176.36.141.89 PROTO=TCP SPT=443 DPT=53059 PKTS=0 BYTES=0
Nov 14 18:39:42 10.0.0.2 ulogd[1267]: [DESTROY] ORIG: SRC=192.168.1.45 DST=146.75.118.132 PROTO=TCP SPT=59110 DPT=80 PKTS=1933 BYTES=102393 , REPLY: SRC=146.75.118.132 DST=176.36.141.89 PROTO=TCP SPT=80 DPT=59110 PKTS=1123 BYTES=8250311
Nov 14 18:39:44 10.0.0.2 dnsmasq[1]: 29442 fd02:c8be:1d40:0:89c6:4fae:69d2:328/52542 query[A] sync-v2.brave.com from fd02:c8be:1d40:0:89c6:4fae:69d2:328
Nov 14 18:39:44 10.0.0.2 ulogd[1267]: [NEW] ORIG: SRC=176.36.141.89 DST=194.50.85.5 PROTO=UDP SPT=40817 DPT=53 PKTS=0 BYTES=0 , REPLY: SRC=194.50.85.5 DST=176.36.141.89 PROTO=UDP SPT=53 DPT=40817 PKTS=0 BYTES=0
Nov 14 18:39:44 10.0.0.2 dnsmasq[1]: 29442 fd02:c8be:1d40:0:89c6:4fae:69d2:328/52542 forwarded sync-v2.brave.com to 194.50.85.5
Nov 14 18:39:44 10.0.0.2 dnsmasq[1]: 29442 fd02:c8be:1d40:0:89c6:4fae:69d2:328/52542 reply sync-v2.brave.com is <CNAME>
Nov 14 18:39:44 10.0.0.2 dnsmasq[1]: 29442 fd02:c8be:1d40:0:89c6:4fae:69d2:328/52542 reply sync-alb-152764135.us-west-2.elb.amazonaws.com is 52.34.169.249
Nov 14 18:39:44 10.0.0.2 dnsmasq[1]: 29442 fd02:c8be:1d40:0:89c6:4fae:69d2:328/52542 reply sync-alb-152764135.us-west-2.elb.amazonaws.com is 44.228.160.54
Nov 14 18:39:44 10.0.0.2 dnsmasq[1]: 29442 fd02:c8be:1d40:0:89c6:4fae:69d2:328/52542 reply sync-alb-152764135.us-west-2.elb.amazonaws.com is 54.190.8.136
Nov 14 18:39:47 10.0.0.2 dnsmasq[1]: 29443 fd02:c8be:1d40:0:89c6:4fae:69d2:328/52542 query[A] category.blocksite.co from fd02:c8be:1d40:0:89c6:4fae:69d2:328
Nov 14 18:39:47 10.0.0.2 dnsmasq[1]: 29443 fd02:c8be:1d40:0:89c6:4fae:69d2:328/52542 forwarded category.blocksite.co to 194.50.85.5
Nov 14 18:39:47 10.0.0.2 ulogd[1267]: [NEW] ORIG: SRC=176.36.141.89 DST=194.50.85.5 PROTO=UDP SPT=47267 DPT=53 PKTS=0 BYTES=0 , REPLY: SRC=194.50.85.5 DST=176.36.141.89 PROTO=UDP SPT=53 DPT=47267 PKTS=0 BYTES=0
Nov 14 18:39:48 10.0.0.2 dnsmasq[1]: 29443 fd02:c8be:1d40:0:89c6:4fae:69d2:328/52542 reply category.blocksite.co is 50.112.184.49
Nov 14 18:39:48 10.0.0.2 dnsmasq[1]: 29443 fd02:c8be:1d40:0:89c6:4fae:69d2:328/52542 reply category.blocksite.co is 52.11.42.187
Nov 14 18:39:48 10.0.0.2 ulogd[1267]: [DESTROY] ORIG: SRC=192.168.1.45 DST=192.168.1.1 PROTO=UDP SPT=33892 DPT=53 PKTS=1 BYTES=76 , REPLY: SRC=192.168.1.1 DST=192.168.1.45 PROTO=UDP SPT=53 DPT=33892 PKTS=1 BYTES=104
Nov 14 18:39:48 10.0.0.2 ulogd[1267]: [NEW] ORIG: SRC=192.168.1.180 DST=50.112.184.49 PROTO=TCP SPT=53060 DPT=443 PKTS=0 BYTES=0 , REPLY: SRC=50.112.184.49 DST=176.36.141.89 PROTO=TCP SPT=443 DPT=53060 PKTS=0 BYTES=0
Nov 14 18:39:51 10.0.0.2 dnsmasq[1]: 29444 fd02:c8be:1d40:0:89c6:4fae:69d2:328/52542 query[A] alive.github.com from fd02:c8be:1d40:0:89c6:4fae:69d2:328
Nov 14 18:39:51 10.0.0.2 ulogd[1267]: [DESTROY] ORIG: SRC=fd02:c8be:1d40:0:89c6:4fae:69d2:328 DST=fd02:c8be:1d40::1 PROTO=UDP SPT=60885 DPT=53 PKTS=1 BYTES=74 , REPLY: SRC=fd02:c8be:1d40::1 DST=fd02:c8be:1d40:0:89c6:4fae:69d2:328 PROTO=UDP SPT=53 DPT=60885 PKTS=1 BYTES=74
Nov 14 18:39:51 10.0.0.2 dnsmasq[1]: 29444 fd02:c8be:1d40:0:89c6:4fae:69d2:328/52542 forwarded alive.github.com to 194.50.85.5
Nov 14 18:39:51 10.0.0.2 ulogd[1267]: [DESTROY] ORIG: SRC=192.168.1.1 DST=192.168.1.45 PROTO=UDP SPT=49419 DPT=5353 PKTS=1 BYTES=69 , REPLY: SRC=192.168.1.45 DST=192.168.1.1 PROTO=UDP SPT=5353 DPT=49419 PKTS=0 BYTES=0
Nov 14 18:39:51 10.0.0.2 ulogd[1267]: [NEW] ORIG: SRC=176.36.141.89 DST=194.50.85.5 PROTO=UDP SPT=33007 DPT=53 PKTS=0 BYTES=0 , REPLY: SRC=194.50.85.5 DST=176.36.141.89 PROTO=UDP SPT=53 DPT=33007 PKTS=0 BYTES=0
Nov 14 18:39:51 10.0.0.2 dnsmasq[1]: 29444 fd02:c8be:1d40:0:89c6:4fae:69d2:328/52542 reply alive.github.com is <CNAME>
Nov 14 18:39:51 10.0.0.2 dnsmasq[1]: 29444 fd02:c8be:1d40:0:89c6:4fae:69d2:328/52542 reply live.github.com is 140.82.112.26
Nov 14 18:39:51 10.0.0.2 ulogd[1267]: [NEW] ORIG: SRC=192.168.1.180 DST=140.82.112.26 PROTO=TCP SPT=53062 DPT=443 PKTS=0 BYTES=0 , REPLY: SRC=140.82.112.26 DST=176.36.141.89 PROTO=TCP SPT=443 DPT=53062 PKTS=0 BYTES=0
Nov 14 18:39:52 10.0.0.2 ulogd[1267]: [NEW] ORIG: SRC=192.168.1.180 DST=140.82.121.3 PROTO=TCP SPT=53063 DPT=443 PKTS=0 BYTES=0 , REPLY: SRC=140.82.121.3 DST=176.36.141.89 PROTO=TCP SPT=443 DPT=53063 PKTS=0 BYTES=0
Nov 14 18:39:52 10.0.0.2 ulogd[1267]: [NEW] ORIG: SRC=192.168.1.180 DST=140.82.112.26 PROTO=TCP SPT=53064 DPT=443 PKTS=0 BYTES=0 , REPLY: SRC=140.82.112.26 DST=176.36.141.89 PROTO=TCP SPT=443 DPT=53064 PKTS=0 BYTES=0
Nov 14 18:39:57 10.0.0.2 ulogd[1267]: [DESTROY] ORIG: SRC=fe80::b295:75ff:fe15:6fa5 DST=ff02::1:2 PROTO=UDP SPT=546 DPT=547 PKTS=1 BYTES=150 , REPLY: SRC=ff02::1:2 DST=fe80::b295:75ff:fe15:6fa5 PROTO=UDP SPT=547 DPT=546 PKTS=0 BYTES=0
Nov 14 18:39:57 10.0.0.2 ulogd[1267]: [NEW] ORIG: SRC=fe80::b295:75ff:fe15:6fa5 DST=ff02::1:2 PROTO=UDP SPT=546 DPT=547 PKTS=0 BYTES=0 , REPLY: SRC=ff02::1:2 DST=fe80::b295:75ff:fe15:6fa5 PROTO=UDP SPT=547 DPT=546 PKTS=0 BYTES=0
Nov 14 18:39:59 10.0.0.2 dnsmasq[1]: 29445 fd02:c8be:1d40:0:89c6:4fae:69d2:328/52542 query[A] www.aljazeera.com from fd02:c8be:1d40:0:89c6:4fae:69d2:328
Nov 14 18:39:59 10.0.0.2 ulogd[1267]: [NEW] ORIG: SRC=192.168.1.1 DST=192.168.1.45 PROTO=UDP SPT=55725 DPT=5353 PKTS=0 BYTES=0 , REPLY: SRC=192.168.1.45 DST=192.168.1.1 PROTO=UDP SPT=5353 DPT=55725 PKTS=0 BYTES=0
Nov 14 18:39:59 10.0.0.2 dnsmasq[1]: 29445 fd02:c8be:1d40:0:89c6:4fae:69d2:328/52542 forwarded www.aljazeera.com to 192.168.1.45
Nov 14 18:39:59 10.0.0.2 dnsmasq[1]: 29445 fd02:c8be:1d40:0:89c6:4fae:69d2:328/52542 forwarded www.aljazeera.com to 194.50.85.5
Nov 14 18:39:59 10.0.0.2 ulogd[1267]: [NEW] ORIG: SRC=176.36.141.89 DST=194.50.85.5 PROTO=UDP SPT=55725 DPT=53 PKTS=0 BYTES=0 , REPLY: SRC=194.50.85.5 DST=176.36.141.89 PROTO=UDP SPT=53 DPT=55725 PKTS=0 BYTES=0
Nov 14 18:39:59 10.0.0.2 dnsmasq[1]: 29445 fd02:c8be:1d40:0:89c6:4fae:69d2:328/52542 forwarded www.aljazeera.com to 194.50.85.7
Nov 14 18:39:59 10.0.0.2 ulogd[1267]: [NEW] ORIG: SRC=176.36.141.89 DST=194.50.85.7 PROTO=UDP SPT=55725 DPT=53 PKTS=0 BYTES=0 , REPLY: SRC=194.50.85.7 DST=176.36.141.89 PROTO=UDP SPT=53 DPT=55725 PKTS=0 BYTES=0
Nov 14 18:39:59 10.0.0.2 dnsmasq[1]: 29446 192.168.1.180/52542 query[A] www.aljazeera.com from 192.168.1.180
Nov 14 18:39:59 10.0.0.2 ulogd[1267]: [NEW] ORIG: SRC=192.168.1.180 DST=192.168.1.1 PROTO=UDP SPT=52542 DPT=53 PKTS=0 BYTES=0 , REPLY: SRC=192.168.1.1 DST=192.168.1.180 PROTO=UDP SPT=53 DPT=52542 PKTS=0 BYTES=0
Nov 14 18:39:59 10.0.0.2 dnsmasq[1]: 29445 fd02:c8be:1d40:0:89c6:4fae:69d2:328/52542 reply www.aljazeera.com is <CNAME>
Nov 14 18:39:59 10.0.0.2 dnsmasq[1]: 29445 fd02:c8be:1d40:0:89c6:4fae:69d2:328/52542 reply www.aljazeera.com.edgekey.net is <CNAME>
Nov 14 18:39:59 10.0.0.2 dnsmasq[1]: 29445 fd02:c8be:1d40:0:89c6:4fae:69d2:328/52542 reply e9106.dscg.akamaiedge.net is 23.200.160.171
Nov 14 18:39:59 10.0.0.2 dnsmasq[1]: 29446 192.168.1.180/52542 reply query is duplicate
Nov 14 18:40:07 10.0.0.2 ulogd[1267]: [NEW] ORIG: SRC=192.168.1.45 DST=213.231.5.55 PROTO=UDP SPT=47630 DPT=123 PKTS=0 BYTES=0 , REPLY: SRC=213.231.5.55 DST=176.36.141.89 PROTO=UDP SPT=123 DPT=47630 PKTS=0 BYTES=0
Nov 14 18:40:07 10.0.0.2 ulogd[1267]: [DESTROY] ORIG: SRC=fd02:c8be:1d40:0:89c6:4fae:69d2:328 DST=fd02:c8be:1d40::1 PROTO=UDP SPT=51412 DPT=53 PKTS=1 BYTES=74 , REPLY: SRC=fd02:c8be:1d40::1 DST=fd02:c8be:1d40:0:89c6:4fae:69d2:328 PROTO=UDP SPT=53 DPT=51412 PKTS=1 BYTES=74
Nov 14 18:40:07 10.0.0.2 ulogd[1267]: [DESTROY] ORIG: SRC=192.168.1.180 DST=192.168.1.1 PROTO=UDP SPT=62830 DPT=53 PKTS=1 BYTES=63 , REPLY: SRC=192.168.1.1 DST=192.168.1.180 PROTO=UDP SPT=53 DPT=62830 PKTS=1 BYTES=158
Nov 14 18:40:07 10.0.0.2 ulogd[1267]: [DESTROY] ORIG: SRC=176.36.141.89 DST=194.50.85.7 PROTO=UDP SPT=37871 DPT=53 PKTS=1 BYTES=82 , REPLY: SRC=194.50.85.7 DST=176.36.141.89 PROTO=UDP SPT=53 DPT=37871 PKTS=1 BYTES=180
Nov 14 18:40:07 10.0.0.2 ulogd[1267]: [DESTROY] ORIG: SRC=176.36.141.89 DST=194.50.85.7 PROTO=UDP SPT=55635 DPT=53 PKTS=1 BYTES=60 , REPLY: SRC=194.50.85.7 DST=176.36.141.89 PROTO=UDP SPT=53 DPT=55635 PKTS=1 BYTES=137
Nov 14 18:40:07 10.0.0.2 ulogd[1267]: [DESTROY] ORIG: SRC=192.168.1.180 DST=192.168.1.1 PROTO=UDP SPT=56699 DPT=53 PKTS=2 BYTES=126 , REPLY: SRC=192.168.1.1 DST=192.168.1.180 PROTO=UDP SPT=53 DPT=56699 PKTS=2 BYTES=339
Nov 14 18:40:07 10.0.0.2 ulogd[1267]: [DESTROY] ORIG: SRC=176.36.141.89 DST=194.50.85.5 PROTO=UDP SPT=47768 DPT=53 PKTS=1 BYTES=69 , REPLY: SRC=194.50.85.5 DST=176.36.141.89 PROTO=UDP SPT=53 DPT=47768 PKTS=1 BYTES=118
Nov 14 18:40:07 10.0.0.2 ulogd[1267]: [DESTROY] ORIG: SRC=176.36.141.89 DST=194.50.85.5 PROTO=UDP SPT=40789 DPT=53 PKTS=1 BYTES=64 , REPLY: SRC=194.50.85.5 DST=176.36.141.89 PROTO=UDP SPT=53 DPT=40789 PKTS=1 BYTES=182
Nov 14 18:40:07 10.0.0.2 ulogd[1267]: [DESTROY] ORIG: SRC=fd02:c8be:1d40:0:89c6:4fae:69d2:328 DST=fd02:c8be:1d40::1 PROTO=UDP SPT=52582 DPT=53 PKTS=1 BYTES=89 , REPLY: SRC=fd02:c8be:1d40::1 DST=fd02:c8be:1d40:0:89c6:4fae:69d2:328 PROTO=UDP SPT=53 DPT=52582 PKTS=1 BYTES=213
Nov 14 18:40:07 10.0.0.2 ulogd[1267]: [DESTROY] ORIG: SRC=192.168.1.180 DST=35.186.224.25 PROTO=UDP SPT=64809 DPT=443 PKTS=5 BYTES=2782 , REPLY: SRC=35.186.224.25 DST=176.36.141.89 PROTO=UDP SPT=443 DPT=64809 PKTS=6 BYTES=2968
Nov 14 18:40:07 10.0.0.2 ulogd[1267]: [DESTROY] ORIG: SRC=192.168.1.180 DST=217.72.199.27 PROTO=TCP SPT=53020 DPT=443 PKTS=23 BYTES=2849 , REPLY: SRC=217.72.199.27 DST=176.36.141.89 PROTO=TCP SPT=443 DPT=53020 PKTS=31 BYTES=5990
Nov 14 18:40:07 10.0.0.2 ulogd[1267]: [DESTROY] ORIG: SRC=176.36.141.89 DST=194.50.85.7 PROTO=UDP SPT=36069 DPT=53 PKTS=3 BYTES=189 , REPLY: SRC=194.50.85.7 DST=176.36.141.89 PROTO=UDP SPT=53 DPT=36069 PKTS=2 BYTES=316
Nov 14 18:40:07 10.0.0.2 ulogd[1267]: [DESTROY] ORIG: SRC=fd02:c8be:1d40:0:89c6:4fae:69d2:328 DST=fd02:c8be:1d40::1 PROTO=UDP SPT=61351 DPT=53 PKTS=1 BYTES=89 , REPLY: SRC=fd02:c8be:1d40::1 DST=fd02:c8be:1d40:0:89c6:4fae:69d2:328 PROTO=UDP SPT=53 DPT=61351 PKTS=1 BYTES=149
Nov 14 18:40:07 10.0.0.2 ulogd[1267]: [DESTROY] ORIG: SRC=176.36.141.89 DST=194.50.85.7 PROTO=UDP SPT=44772 DPT=53 PKTS=1 BYTES=88 , REPLY: SRC=194.50.85.7 DST=176.36.141.89 PROTO=UDP SPT=53 DPT=44772 PKTS=1 BYTES=182
Nov 14 18:40:07 10.0.0.2 ulogd[1267]: [DESTROY] ORIG: SRC=176.36.141.89 DST=194.50.85.7 PROTO=UDP SPT=54559 DPT=53 PKTS=2 BYTES=140 , REPLY: SRC=194.50.85.7 DST=176.36.141.89 PROTO=UDP SPT=53 DPT=54559 PKTS=1 BYTES=153
Nov 14 18:40:07 10.0.0.2 ulogd[1267]: [DESTROY] ORIG: SRC=176.36.141.89 DST=194.50.85.7 PROTO=UDP SPT=37949 DPT=53 PKTS=1 BYTES=82 , REPLY: SRC=194.50.85.7 DST=176.36.141.89 PROTO=UDP SPT=53 DPT=37949 PKTS=1 BYTES=131
Nov 14 18:40:07 10.0.0.2 ulogd[1267]: [DESTROY] ORIG: SRC=fd02:c8be:1d40:0:89c6:4fae:69d2:328 DST=fd02:c8be:1d40::1 PROTO=UDP SPT=64848 DPT=53 PKTS=1 BYTES=102 , REPLY: SRC=fd02:c8be:1d40::1 DST=fd02:c8be:1d40:0:89c6:4fae:69d2:328 PROTO=UDP SPT=53 DPT=64848 PKTS=1 BYTES=200
Nov 14 18:40:07 10.0.0.2 ulogd[1267]: [DESTROY] ORIG: SRC=fd02:c8be:1d40:0:89c6:4fae:69d2:328 DST=fd02:c8be:1d40::1 PROTO=UDP SPT=57602 DPT=53 PKTS=1 BYTES=91 , REPLY: SRC=fd02:c8be:1d40::1 DST=fd02:c8be:1d40:0:89c6:4fae:69d2:328 PROTO=UDP SPT=53 DPT=57602 PKTS=1 BYTES=194
Nov 14 18:40:07 10.0.0.2 ulogd[1267]: [DESTROY] ORIG: SRC=fd02:c8be:1d40:0:89c6:4fae:69d2:328 DST=fd02:c8be:1d40::1 PROTO=UDP SPT=59287 DPT=53 PKTS=1 BYTES=84 , REPLY: SRC=fd02:c8be:1d40::1 DST=fd02:c8be:1d40:0:89c6:4fae:69d2:328 PROTO=UDP SPT=53 DPT=59287 PKTS=1 BYTES=187
Nov 14 18:40:07 10.0.0.2 ulogd[1267]: [DESTROY] ORIG: SRC=192.168.1.180 DST=35.186.224.25 PROTO=UDP SPT=59022 DPT=443 PKTS=4 BYTES=2809 , REPLY: SRC=35.186.224.25 DST=176.36.141.89 PROTO=UDP SPT=443 DPT=59022 PKTS=4 BYTES=2025
Nov 14 18:40:07 10.0.0.2 ulogd[1267]: [DESTROY] ORIG: SRC=192.168.1.180 DST=18.244.102.112 PROTO=TCP SPT=52400 DPT=443 PKTS=458 BYTES=34458 , REPLY: SRC=18.244.102.112 DST=176.36.141.89 PROTO=TCP SPT=443 DPT=52400 PKTS=449 BYTES=168377
Nov 14 18:40:07 10.0.0.2 ulogd[1267]: [DESTROY] ORIG: SRC=176.36.141.89 DST=194.50.85.7 PROTO=UDP SPT=39457 DPT=53 PKTS=1 BYTES=76 , REPLY: SRC=194.50.85.7 DST=176.36.141.89 PROTO=UDP SPT=53 DPT=39457 PKTS=1 BYTES=121
Nov 14 18:40:07 10.0.0.2 ulogd[1267]: [DESTROY] ORIG: SRC=192.168.1.180 DST=192.168.1.1 PROTO=UDP SPT=63804 DPT=53 PKTS=1 BYTES=70 , REPLY: SRC=192.168.1.1 DST=192.168.1.180 PROTO=UDP SPT=53 DPT=63804 PKTS=1 BYTES=109
Nov 14 18:40:07 10.0.0.2 ulogd[1267]: [DESTROY] ORIG: SRC=52.82.43.141 DST=176.36.141.89 PROTO=ICMP TYPE=0 CODE=8 PKTS=1 BYTES=36 , REPLY: SRC=176.36.141.89 DST=52.82.43.141 PROTO=ICMP TYPE=0 CODE=8 PKTS=1 BYTES=36
Nov 14 18:40:07 10.0.0.2 ulogd[1267]: [DESTROY] ORIG: SRC=192.168.1.180 DST=192.168.1.1 PROTO=UDP SPT=59809 DPT=53 PKTS=1 BYTES=67 , REPLY: SRC=192.168.1.1 DST=192.168.1.180 PROTO=UDP SPT=53 DPT=59809 PKTS=1 BYTES=99
Nov 14 18:40:07 10.0.0.2 ulogd[1267]: [DESTROY] ORIG: SRC=fd02:c8be:1d40:0:89c6:4fae:69d2:328 DST=fd02:c8be:1d40::1 PROTO=UDP SPT=52024 DPT=53 PKTS=1 BYTES=90 , REPLY: SRC=fd02:c8be:1d40::1 DST=fd02:c8be:1d40:0:89c6:4fae:69d2:328 PROTO=UDP SPT=53 DPT=52024 PKTS=1 BYTES=173
Nov 14 18:40:07 10.0.0.2 ulogd[1267]: [DESTROY] ORIG: SRC=176.36.141.89 DST=194.50.85.5 PROTO=UDP SPT=49419 DPT=53 PKTS=1 BYTES=69 , REPLY: SRC=194.50.85.5 DST=176.36.141.89 PROTO=UDP SPT=53 DPT=49419 PKTS=1 BYTES=144
Nov 14 18:40:07 10.0.0.2 ulogd[1267]: [DESTROY] ORIG: SRC=fd02:c8be:1d40:0:89c6:4fae:69d2:328 DST=fd02:c8be:1d40::1 PROTO=UDP SPT=63769 DPT=53 PKTS=1 BYTES=89 , REPLY: SRC=fd02:c8be:1d40::1 DST=fd02:c8be:1d40:0:89c6:4fae:69d2:328 PROTO=UDP SPT=53 DPT=63769 PKTS=1 BYTES=138
Nov 14 18:40:07 10.0.0.2 ulogd[1267]: [DESTROY] ORIG: SRC=176.36.141.89 DST=194.50.85.7 PROTO=UDP SPT=41333 DPT=53 PKTS=1 BYTES=69 , REPLY: SRC=194.50.85.7 DST=176.36.141.89 PROTO=UDP SPT=53 DPT=41333 PKTS=1 BYTES=193
Nov 14 18:40:07 10.0.0.2 ulogd[1267]: [DESTROY] ORIG: SRC=176.36.141.89 DST=194.50.85.7 PROTO=UDP SPT=39133 DPT=53 PKTS=2 BYTES=140 , REPLY: SRC=194.50.85.7 DST=176.36.141.89 PROTO=UDP SPT=53 DPT=39133 PKTS=1 BYTES=109
Nov 14 18:40:07 10.0.0.2 ulogd[1267]: [DESTROY] ORIG: SRC=fd02:c8be:1d40:0:89c6:4fae:69d2:328 DST=fd02:c8be:1d40::1 PROTO=UDP SPT=62193 DPT=53 PKTS=1 BYTES=89 , REPLY: SRC=fd02:c8be:1d40::1 DST=fd02:c8be:1d40:0:89c6:4fae:69d2:328 PROTO=UDP SPT=53 DPT=62193 PKTS=1 BYTES=187
Nov 14 18:40:07 10.0.0.2 ulogd[1267]: [DESTROY] ORIG: SRC=192.168.1.180 DST=52.70.217.255 PROTO=TCP SPT=53052 DPT=443 PKTS=11 BYTES=3630 , REPLY: SRC=52.70.217.255 DST=176.36.141.89 PROTO=TCP SPT=443 DPT=53052 PKTS=8 BYTES=661
Nov 14 18:40:07 10.0.0.2 ulogd[1267]: [DESTROY] ORIG: SRC=176.36.141.89 DST=194.50.85.5 PROTO=UDP SPT=57159 DPT=53 PKTS=1 BYTES=76 , REPLY: SRC=194.50.85.5 DST=176.36.141.89 PROTO=UDP SPT=53 DPT=57159 PKTS=1 BYTES=92
Nov 14 18:40:07 10.0.0.2 ulogd[1267]: [DESTROY] ORIG: SRC=176.36.141.89 DST=194.50.85.7 PROTO=UDP SPT=43913 DPT=53 PKTS=1 BYTES=63 , REPLY: SRC=194.50.85.7 DST=176.36.141.89 PROTO=UDP SPT=53 DPT=43913 PKTS=1 BYTES=158
Nov 14 18:40:07 10.0.0.2 ulogd[1267]: [DESTROY] ORIG: SRC=fd02:c8be:1d40:0:89c6:4fae:69d2:328 DST=fd02:c8be:1d40::1 PROTO=UDP SPT=55645 DPT=53 PKTS=1 BYTES=96 , REPLY: SRC=fd02:c8be:1d40::1 DST=fd02:c8be:1d40:0:89c6:4fae:69d2:328 PROTO=UDP SPT=53 DPT=55645 PKTS=1 BYTES=141
Nov 14 18:40:07 10.0.0.2 ulogd[1267]: [DESTROY] ORIG: SRC=fd02:c8be:1d40:0:89c6:4fae:69d2:328 DST=fd02:c8be:1d40::1 PROTO=UDP SPT=55202 DPT=53 PKTS=1 BYTES=84 , REPLY: SRC=fd02:c8be:1d40::1 DST=fd02:c8be:1d40:0:89c6:4fae:69d2:328 PROTO=UDP SPT=53 DPT=55202 PKTS=1 BYTES=202
Nov 14 18:40:07 10.0.0.2 ulogd[1267]: [DESTROY] ORIG: SRC=192.168.1.151 DST=17.253.38.125 PROTO=UDP SPT=54399 DPT=123 PKTS=1 BYTES=76 , REPLY: SRC=17.253.38.125 DST=176.36.141.89 PROTO=UDP SPT=123 DPT=54399 PKTS=1 BYTES=76
Nov 14 18:40:07 10.0.0.2 ulogd[1267]: [DESTROY] ORIG: SRC=176.36.141.89 DST=194.50.85.7 PROTO=UDP SPT=60578 DPT=53 PKTS=1 BYTES=76 , REPLY: SRC=194.50.85.7 DST=176.36.141.89 PROTO=UDP SPT=53 DPT=60578 PKTS=1 BYTES=165
Nov 14 18:40:07 10.0.0.2 ulogd[1267]: [DESTROY] ORIG: SRC=fd02:c8be:1d40:0:89c6:4fae:69d2:328 DST=fd02:c8be:1d40::1 PROTO=UDP SPT=53895 DPT=53 PKTS=1 BYTES=91 , REPLY: SRC=fd02:c8be:1d40::1 DST=fd02:c8be:1d40:0:89c6:4fae:69d2:328 PROTO=UDP SPT=53 DPT=53895 PKTS=1 BYTES=145
Nov 14 18:40:07 10.0.0.2 ulogd[1267]: [DESTROY] ORIG: SRC=192.168.1.180 DST=192.168.1.1 PROTO=UDP SPT=59541 DPT=53 PKTS=1 BYTES=70 , REPLY: SRC=192.168.1.1 DST=192.168.1.180 PROTO=UDP SPT=53 DPT=59541 PKTS=1 BYTES=153
Nov 14 18:40:07 10.0.0.2 ulogd[1267]: [DESTROY] ORIG: SRC=192.168.1.180 DST=192.168.1.1 PROTO=UDP SPT=50905 DPT=53 PKTS=1 BYTES=64 , REPLY: SRC=192.168.1.1 DST=192.168.1.180 PROTO=UDP SPT=53 DPT=50905 PKTS=1 BYTES=158
Nov 14 18:40:07 10.0.0.2 ulogd[1267]: [DESTROY] ORIG: SRC=192.168.1.151 DST=17.248.213.68 PROTO=TCP SPT=58539 DPT=443 PKTS=48 BYTES=15402 , REPLY: SRC=17.248.213.68 DST=176.36.141.89 PROTO=TCP SPT=443 DPT=58539 PKTS=47 BYTES=16045
Nov 14 18:40:07 10.0.0.2 ulogd[1267]: [DESTROY] ORIG: SRC=176.36.141.89 DST=194.50.85.5 PROTO=UDP SPT=36069 DPT=53 PKTS=4 BYTES=252 , REPLY: SRC=194.50.85.5 DST=176.36.141.89 PROTO=UDP SPT=53 DPT=36069 PKTS=2 BYTES=316
Nov 14 18:40:07 10.0.0.2 ulogd[1267]: [DESTROY] ORIG: SRC=fd02:c8be:1d40:0:89c6:4fae:69d2:328 DST=fd02:c8be:1d40::1 PROTO=UDP SPT=49520 DPT=53 PKTS=1 BYTES=74 , REPLY: SRC=fd02:c8be:1d40::1 DST=fd02:c8be:1d40:0:89c6:4fae:69d2:328 PROTO=UDP SPT=53 DPT=49520 PKTS=1 BYTES=74
Nov 14 18:40:07 10.0.0.2 ulogd[1267]: [DESTROY] ORIG: SRC=176.36.141.89 DST=194.50.85.5 PROTO=UDP SPT=60517 DPT=53 PKTS=1 BYTES=76 , REPLY: SRC=194.50.85.5 DST=176.36.141.89 PROTO=UDP SPT=53 DPT=60517 PKTS=1 BYTES=104
Nov 14 18:40:07 10.0.0.2 ulogd[1267]: [DESTROY] ORIG: SRC=192.168.1.45 DST=192.168.1.1 PROTO=UDP SPT=46958 DPT=53 PKTS=1 BYTES=76 , REPLY: SRC=192.168.1.1 DST=192.168.1.45 PROTO=UDP SPT=53 DPT=46958 PKTS=1 BYTES=92
Nov 14 18:40:07 10.0.0.2 ulogd[1267]: [DESTROY] ORIG: SRC=176.36.141.89 DST=194.50.85.5 PROTO=UDP SPT=45329 DPT=53 PKTS=1 BYTES=64 , REPLY: SRC=194.50.85.5 DST=176.36.141.89 PROTO=UDP SPT=53 DPT=45329 PKTS=1 BYTES=167
Nov 14 18:40:07 10.0.0.2 ulogd[1267]: [DESTROY] ORIG: SRC=192.168.1.151 DST=17.253.14.251 PROTO=UDP SPT=53565 DPT=123 PKTS=1 BYTES=76 , REPLY: SRC=17.253.14.251 DST=176.36.141.89 PROTO=UDP SPT=123 DPT=53565 PKTS=1 BYTES=76
Nov 14 18:40:07 10.0.0.2 ulogd[1267]: [DESTROY] ORIG: SRC=192.168.1.180 DST=138.68.92.190 PROTO=TCP SPT=53050 DPT=443 PKTS=11 BYTES=3532 , REPLY: SRC=138.68.92.190 DST=176.36.141.89 PROTO=TCP SPT=443 DPT=53050 PKTS=11 BYTES=5462
Nov 14 18:40:07 10.0.0.2 ulogd[1267]: [DESTROY] ORIG: SRC=176.36.141.89 DST=194.50.85.5 PROTO=UDP SPT=57531 DPT=53 PKTS=1 BYTES=71 , REPLY: SRC=194.50.85.5 DST=176.36.141.89 PROTO=UDP SPT=53 DPT=57531 PKTS=1 BYTES=178
Nov 14 18:40:07 10.0.0.2 ulogd[1267]: [DESTROY] ORIG: SRC=176.36.141.89 DST=194.50.85.7 PROTO=UDP SPT=39241 DPT=53 PKTS=1 BYTES=71 , REPLY: SRC=194.50.85.7 DST=176.36.141.89 PROTO=UDP SPT=53 DPT=39241 PKTS=1 BYTES=174
Nov 14 18:40:07 10.0.0.2 ulogd[1267]: [DESTROY] ORIG: SRC=192.168.1.151 DST=17.253.14.251 PROTO=UDP SPT=51707 DPT=123 PKTS=1 BYTES=76 , REPLY: SRC=17.253.14.251 DST=176.36.141.89 PROTO=UDP SPT=123 DPT=51707 PKTS=1 BYTES=76
Nov 14 18:40:07 10.0.0.2 ulogd[1267]: [DESTROY] ORIG: SRC=52.82.122.249 DST=176.36.141.89 PROTO=ICMP TYPE=0 CODE=8 PKTS=1 BYTES=36 , REPLY: SRC=176.36.141.89 DST=52.82.122.249 PROTO=ICMP TYPE=0 CODE=8 PKTS=1 BYTES=36
Nov 14 18:40:07 10.0.0.2 ulogd[1267]: [DESTROY] ORIG: SRC=176.36.141.89 DST=194.50.85.7 PROTO=UDP SPT=36730 DPT=53 PKTS=1 BYTES=63 , REPLY: SRC=194.50.85.7 DST=176.36.141.89 PROTO=UDP SPT=53 DPT=36730 PKTS=1 BYTES=158
Nov 14 18:40:07 10.0.0.2 ulogd[1267]: [DESTROY] ORIG: SRC=176.36.141.89 DST=194.50.85.7 PROTO=UDP SPT=50252 DPT=53 PKTS=1 BYTES=63 , REPLY: SRC=194.50.85.7 DST=176.36.141.89 PROTO=UDP SPT=53 DPT=50252 PKTS=1 BYTES=168
Nov 14 18:40:07 10.0.0.2 ulogd[1267]: [DESTROY] ORIG: SRC=192.168.1.180 DST=35.186.224.18 PROTO=TCP SPT=53018 DPT=443 PKTS=11 BYTES=1118 , REPLY: SRC=35.186.224.18 DST=176.36.141.89 PROTO=TCP SPT=443 DPT=53018 PKTS=9 BYTES=4373
Nov 14 18:40:07 10.0.0.2 ulogd[1267]: [DESTROY] ORIG: SRC=69.230.235.59 DST=176.36.141.89 PROTO=ICMP TYPE=0 CODE=8 PKTS=1 BYTES=36 , REPLY: SRC=176.36.141.89 DST=69.230.235.59 PROTO=ICMP TYPE=0 CODE=8 PKTS=1 BYTES=36
Nov 14 18:40:07 10.0.0.2 ulogd[1267]: [DESTROY] ORIG: SRC=192.168.1.180 DST=52.70.217.255 PROTO=TCP SPT=53047 DPT=443 PKTS=12 BYTES=4415 , REPLY: SRC=52.70.217.255 DST=176.36.141.89 PROTO=TCP SPT=443 DPT=53047 PKTS=8 BYTES=661
Nov 14 18:40:07 10.0.0.2 ulogd[1267]: [DESTROY] ORIG: SRC=192.168.1.45 DST=192.0.73.2 PROTO=TCP SPT=39322 DPT=443 PKTS=18 BYTES=1620 , REPLY: SRC=192.0.73.2 DST=176.36.141.89 PROTO=TCP SPT=443 DPT=39322 PKTS=20 BYTES=6779
Nov 14 18:40:07 10.0.0.2 ulogd[1267]: [DESTROY] ORIG: SRC=192.168.1.180 DST=52.70.217.255 PROTO=TCP SPT=53045 DPT=443 PKTS=14 BYTES=4634 , REPLY: SRC=52.70.217.255 DST=176.36.141.89 PROTO=TCP SPT=443 DPT=53045 PKTS=11 BYTES=6116
Nov 14 18:40:07 10.0.0.2 ulogd[1267]: [DESTROY] ORIG: SRC=176.36.141.89 DST=194.50.85.7 PROTO=UDP SPT=50223 DPT=53 PKTS=1 BYTES=63 , REPLY: SRC=194.50.85.7 DST=176.36.141.89 PROTO=UDP SPT=53 DPT=50223 PKTS=1 BYTES=168
Nov 14 18:40:07 10.0.0.2 ulogd[1267]: [DESTROY] ORIG: SRC=176.36.141.89 DST=194.50.85.7 PROTO=UDP SPT=47683 DPT=53 PKTS=1 BYTES=71 , REPLY: SRC=194.50.85.7 DST=176.36.141.89 PROTO=UDP SPT=53 DPT=47683 PKTS=1 BYTES=125
Nov 14 18:40:07 10.0.0.2 ulogd[1267]: [DESTROY] ORIG: SRC=176.36.141.89 DST=194.50.85.5 PROTO=UDP SPT=44772 DPT=53 PKTS=1 BYTES=88 , REPLY: SRC=194.50.85.5 DST=176.36.141.89 PROTO=UDP SPT=53 DPT=44772 PKTS=1 BYTES=182
Nov 14 18:40:07 10.0.0.2 ulogd[1267]: [DESTROY] ORIG: SRC=192.168.1.1 DST=192.168.1.45 PROTO=UDP SPT=45329 DPT=5353 PKTS=1 BYTES=64 , REPLY: SRC=192.168.1.45 DST=192.168.1.1 PROTO=UDP SPT=5353 DPT=45329 PKTS=0 BYTES=0
Nov 14 18:40:07 10.0.0.2 ulogd[1267]: [DESTROY] ORIG: SRC=192.168.1.180 DST=52.11.42.187 PROTO=TCP SPT=53041 DPT=443 PKTS=13 BYTES=4431 , REPLY: SRC=52.11.42.187 DST=176.36.141.89 PROTO=TCP SPT=443 DPT=53041 PKTS=9 BYTES=701
Nov 14 18:40:07 10.0.0.2 ulogd[1267]: [DESTROY] ORIG: SRC=43.192.42.217 DST=176.36.141.89 PROTO=ICMP TYPE=0 CODE=8 PKTS=1 BYTES=36 , REPLY: SRC=176.36.141.89 DST=43.192.42.217 PROTO=ICMP TYPE=0 CODE=8 PKTS=1 BYTES=36
Nov 14 18:40:07 10.0.0.2 ulogd[1267]: [DESTROY] ORIG: SRC=fd02:c8be:1d40:0:89c6:4fae:69d2:328 DST=fd02:c8be:1d40::1 PROTO=UDP SPT=59653 DPT=53 PKTS=7 BYTES=600 , REPLY: SRC=fd02:c8be:1d40::1 DST=fd02:c8be:1d40:0:89c6:4fae:69d2:328 PROTO=UDP SPT=53 DPT=59653 PKTS=7 BYTES=989
Nov 14 18:40:07 10.0.0.2 ulogd[1267]: [DESTROY] ORIG: SRC=176.36.141.89 DST=194.50.85.7 PROTO=UDP SPT=45329 DPT=53 PKTS=1 BYTES=64 , REPLY: SRC=194.50.85.7 DST=176.36.141.89 PROTO=UDP SPT=53 DPT=45329 PKTS=1 BYTES=167
Nov 14 18:40:07 10.0.0.2 ulogd[1267]: [DESTROY] ORIG: SRC=192.168.1.180 DST=192.168.1.1 PROTO=UDP SPT=63822 DPT=53 PKTS=1 BYTES=70 , REPLY: SRC=192.168.1.1 DST=192.168.1.180 PROTO=UDP SPT=53 DPT=63822 PKTS=1 BYTES=109
Nov 14 18:40:07 10.0.0.2 ulogd[1267]: [DESTROY] ORIG: SRC=176.36.141.89 DST=194.50.85.5 PROTO=UDP SPT=51393 DPT=53 PKTS=1 BYTES=70 , REPLY: SRC=194.50.85.5 DST=176.36.141.89 PROTO=UDP SPT=53 DPT=51393 PKTS=1 BYTES=86
Nov 14 18:40:07 10.0.0.2 ulogd[1267]: [DESTROY] ORIG: SRC=176.36.141.89 DST=194.50.85.5 PROTO=UDP SPT=37912 DPT=53 PKTS=1 BYTES=67 , REPLY: SRC=194.50.85.5 DST=176.36.141.89 PROTO=UDP SPT=53 DPT=37912 PKTS=1 BYTES=99
Nov 14 18:40:07 10.0.0.2 ulogd[1267]: [DESTROY] ORIG: SRC=192.168.1.45 DST=146.75.118.132 PROTO=TCP SPT=46644 DPT=80 PKTS=2620 BYTES=140276 , REPLY: SRC=146.75.118.132 DST=176.36.141.89 PROTO=TCP SPT=80 DPT=46644 PKTS=1549 BYTES=9084599
Nov 14 18:40:07 10.0.0.2 ulogd[1267]: [DESTROY] ORIG: SRC=fd02:c8be:1d40:0:89c6:4fae:69d2:328 DST=fd02:c8be:1d40::1 PROTO=UDP SPT=56699 DPT=53 PKTS=7 BYTES=619 , REPLY: SRC=fd02:c8be:1d40::1 DST=fd02:c8be:1d40:0:89c6:4fae:69d2:328 PROTO=UDP SPT=53 DPT=56699 PKTS=5 BYTES=963
Nov 14 18:40:07 10.0.0.2 ulogd[1267]: [DESTROY] ORIG: SRC=fd02:c8be:1d40:0:89c6:4fae:69d2:328 DST=fd02:c8be:1d40::1 PROTO=UDP SPT=64512 DPT=53 PKTS=1 BYTES=90 , REPLY: SRC=fd02:c8be:1d40::1 DST=fd02:c8be:1d40:0:89c6:4fae:69d2:328 PROTO=UDP SPT=53 DPT=64512 PKTS=1 BYTES=173
Nov 14 18:40:07 10.0.0.2 ulogd[1267]: [DESTROY] ORIG: SRC=192.168.1.180 DST=192.168.1.1 PROTO=UDP SPT=52669 DPT=53 PKTS=1 BYTES=63 , REPLY: SRC=192.168.1.1 DST=192.168.1.180 PROTO=UDP SPT=53 DPT=52669 PKTS=1 BYTES=161
Nov 14 18:40:07 10.0.0.2 ulogd[1267]: [DESTROY] ORIG: SRC=161.189.186.199 DST=176.36.141.89 PROTO=ICMP TYPE=0 CODE=8 PKTS=1 BYTES=36 , REPLY: SRC=176.36.141.89 DST=161.189.186.199 PROTO=ICMP TYPE=0 CODE=8 PKTS=1 BYTES=36
