Nov 22 14:11:39 10.0.0.2 ulogd[1267]: [NEW] ORIG: SRC=192.168.1.151 DST=192.168.1.1 PROTO=UDP SPT=55229 DPT=53 PKTS=0 BYTES=0 , REPLY: SRC=192.168.1.1 DST=192.168.1.151 PROTO=UDP SPT=53 DPT=55229 PKTS=0 BYTES=0
Nov 22 14:11:39 10.0.0.2 ulogd[1267]: [NEW] ORIG: SRC=192.168.1.151 DST=192.168.1.1 PROTO=UDP SPT=53307 DPT=53 PKTS=0 BYTES=0 , REPLY: SRC=192.168.1.1 DST=192.168.1.151 PROTO=UDP SPT=53 DPT=53307 PKTS=0 BYTES=0
Nov 22 14:11:39 10.0.0.2 dnsmasq[1]: 667851 192.168.1.151/61530 forwarded uem.kyivstar.ua to 194.50.85.5
Nov 22 14:11:39 10.0.0.2 ulogd[1267]: [NEW] ORIG: SRC=192.168.1.151 DST=192.168.1.1 PROTO=UDP SPT=61408 DPT=53 PKTS=0 BYTES=0 , REPLY: SRC=192.168.1.1 DST=192.168.1.151 PROTO=UDP SPT=53 DPT=61408 PKTS=0 BYTES=0
Nov 22 14:11:39 10.0.0.2 ulogd[1267]: [NEW] ORIG: SRC=176.36.141.89 DST=194.50.85.5 PROTO=UDP SPT=43820 DPT=53 PKTS=0 BYTES=0 , REPLY: SRC=194.50.85.5 DST=176.36.141.89 PROTO=UDP SPT=53 DPT=43820 PKTS=0 BYTES=0
Nov 22 14:11:39 10.0.0.2 dnsmasq[1]: 667850 192.168.1.151/55991 reply uem.kyivstar.ua is NODATA
Nov 22 14:11:39 10.0.0.2 ulogd[1267]: [NEW] ORIG: SRC=176.36.141.89 DST=194.50.85.5 PROTO=UDP SPT=35366 DPT=53 PKTS=0 BYTES=0 , REPLY: SRC=194.50.85.5 DST=176.36.141.89 PROTO=UDP SPT=53 DPT=35366 PKTS=0 BYTES=0
Nov 22 14:11:39 10.0.0.2 dnsmasq[1]: 667852 192.168.1.151/56720 query[type=65] sandbox.itunes.apple.com from 192.168.1.151
Nov 22 14:11:39 10.0.0.2 dnsmasq[1]: 667852 192.168.1.151/56720 forwarded sandbox.itunes.apple.com to 194.50.85.5
Nov 22 14:11:39 10.0.0.2 dnsmasq[1]: 667851 192.168.1.151/61530 reply uem.kyivstar.ua is 94.153.165.17
Nov 22 14:11:39 10.0.0.2 ulogd[1267]: [NEW] ORIG: SRC=176.36.141.89 DST=194.50.85.5 PROTO=UDP SPT=38764 DPT=53 PKTS=0 BYTES=0 , REPLY: SRC=194.50.85.5 DST=176.36.141.89 PROTO=UDP SPT=53 DPT=38764 PKTS=0 BYTES=0
Nov 22 14:11:39 10.0.0.2 dnsmasq[1]: 667853 192.168.1.151/50190 query[A] sandbox.itunes.apple.com from 192.168.1.151
Nov 22 14:11:39 10.0.0.2 dnsmasq[1]: 667853 192.168.1.151/50190 forwarded sandbox.itunes.apple.com to 194.50.85.5
Nov 22 14:11:39 10.0.0.2 dnsmasq[1]: 667852 192.168.1.151/56720 reply sandbox.itunes.apple.com is <CNAME>
Nov 22 14:11:39 10.0.0.2 dnsmasq[1]: 667852 192.168.1.151/56720 reply sandbox.itunes-apple.com.akadns.net is NODATA
Nov 22 14:11:39 10.0.0.2 dnsmasq[1]: 667854 192.168.1.151/59916 query[type=65] bag.itunes.apple.com from 192.168.1.151
Nov 22 14:11:39 10.0.0.2 dnsmasq[1]: 667854 192.168.1.151/59916 forwarded bag.itunes.apple.com to 194.50.85.5
Nov 22 14:11:39 10.0.0.2 dnsmasq[1]: 667853 192.168.1.151/50190 reply sandbox.itunes.apple.com is <CNAME>
Nov 22 14:11:39 10.0.0.2 dnsmasq[1]: 667853 192.168.1.151/50190 reply sandbox.itunes-apple.com.akadns.net is 17.36.202.255
Nov 22 14:11:39 10.0.0.2 dnsmasq[1]: 667853 192.168.1.151/50190 reply sandbox.itunes-apple.com.akadns.net is 17.36.202.253
Nov 22 14:11:39 10.0.0.2 dnsmasq[1]: 667853 192.168.1.151/50190 reply sandbox.itunes-apple.com.akadns.net is 17.36.203.0
Nov 22 14:11:39 10.0.0.2 dnsmasq[1]: 667853 192.168.1.151/50190 reply sandbox.itunes-apple.com.akadns.net is 17.36.202.254
Nov 22 14:11:39 10.0.0.2 ulogd[1267]: [NEW] ORIG: SRC=176.36.141.89 DST=194.50.85.5 PROTO=UDP SPT=33550 DPT=53 PKTS=0 BYTES=0 , REPLY: SRC=194.50.85.5 DST=176.36.141.89 PROTO=UDP SPT=53 DPT=33550 PKTS=0 BYTES=0
Nov 22 14:11:39 10.0.0.2 ulogd[1267]: [NEW] ORIG: SRC=176.36.141.89 DST=194.50.85.5 PROTO=UDP SPT=41225 DPT=53 PKTS=0 BYTES=0 , REPLY: SRC=194.50.85.5 DST=176.36.141.89 PROTO=UDP SPT=53 DPT=41225 PKTS=0 BYTES=0
Nov 22 14:11:39 10.0.0.2 dnsmasq[1]: 667855 192.168.1.151/55229 query[A] bag.itunes.apple.com from 192.168.1.151
Nov 22 14:11:39 10.0.0.2 ulogd[1267]: [NEW] ORIG: SRC=176.36.141.89 DST=194.50.85.5 PROTO=UDP SPT=37662 DPT=53 PKTS=0 BYTES=0 , REPLY: SRC=194.50.85.5 DST=176.36.141.89 PROTO=UDP SPT=53 DPT=37662 PKTS=0 BYTES=0
Nov 22 14:11:39 10.0.0.2 dnsmasq[1]: 667855 192.168.1.151/55229 forwarded bag.itunes.apple.com to 194.50.85.5
Nov 22 14:11:39 10.0.0.2 dnsmasq[1]: 667854 192.168.1.151/59916 reply bag.itunes.apple.com is <CNAME>
Nov 22 14:11:39 10.0.0.2 dnsmasq[1]: 667854 192.168.1.151/59916 reply init-cdn.itunes-apple.com.akadns.net is <CNAME>
Nov 22 14:11:39 10.0.0.2 dnsmasq[1]: 667854 192.168.1.151/59916 reply itunes.apple.com.edgekey.net is <CNAME>
Nov 22 14:11:39 10.0.0.2 dnsmasq[1]: 667854 192.168.1.151/59916 reply e673.dsce9.akamaiedge.net is NODATA
Nov 22 14:11:39 10.0.0.2 dnsmasq[1]: 667856 192.168.1.151/53307 query[type=65] firebase-settings.crashlytics.com from 192.168.1.151
Nov 22 14:11:39 10.0.0.2 ulogd[1267]: [NEW] ORIG: SRC=176.36.141.89 DST=194.50.85.5 PROTO=UDP SPT=53428 DPT=53 PKTS=0 BYTES=0 , REPLY: SRC=194.50.85.5 DST=176.36.141.89 PROTO=UDP SPT=53 DPT=53428 PKTS=0 BYTES=0
Nov 22 14:11:39 10.0.0.2 dnsmasq[1]: 667856 192.168.1.151/53307 forwarded firebase-settings.crashlytics.com to 194.50.85.5
Nov 22 14:11:39 10.0.0.2 dnsmasq[1]: 667855 192.168.1.151/55229 reply bag.itunes.apple.com is <CNAME>
Nov 22 14:11:39 10.0.0.2 dnsmasq[1]: 667855 192.168.1.151/55229 reply init-cdn.itunes-apple.com.akadns.net is <CNAME>
Nov 22 14:11:39 10.0.0.2 dnsmasq[1]: 667855 192.168.1.151/55229 reply itunes.apple.com.edgekey.net is <CNAME>
Nov 22 14:11:39 10.0.0.2 dnsmasq[1]: 667855 192.168.1.151/55229 reply e673.dsce9.akamaiedge.net is 23.48.0.23
Nov 22 14:11:39 10.0.0.2 dnsmasq[1]: 667857 192.168.1.151/61408 query[A] firebase-settings.crashlytics.com from 192.168.1.151
Nov 22 14:11:39 10.0.0.2 dnsmasq[1]: 667857 192.168.1.151/61408 forwarded firebase-settings.crashlytics.com to 194.50.85.5
Nov 22 14:11:39 10.0.0.2 dnsmasq[1]: 667856 192.168.1.151/53307 reply firebase-settings.crashlytics.com is NODATA
Nov 22 14:11:39 10.0.0.2 ulogd[1267]: [NEW] ORIG: SRC=176.36.141.89 DST=194.50.85.5 PROTO=UDP SPT=48348 DPT=53 PKTS=0 BYTES=0 , REPLY: SRC=194.50.85.5 DST=176.36.141.89 PROTO=UDP SPT=53 DPT=48348 PKTS=0 BYTES=0
Nov 22 14:11:39 10.0.0.2 dnsmasq[1]: 667857 192.168.1.151/61408 reply firebase-settings.crashlytics.com is 142.251.39.35
Nov 22 14:11:39 10.0.0.2 ulogd[1267]: [NEW] ORIG: SRC=192.168.1.151 DST=192.168.1.1 PROTO=UDP SPT=63082 DPT=53 PKTS=0 BYTES=0 , REPLY: SRC=192.168.1.1 DST=192.168.1.151 PROTO=UDP SPT=53 DPT=63082 PKTS=0 BYTES=0
Nov 22 14:11:39 10.0.0.2 dnsmasq[1]: 667858 192.168.1.151/63082 query[A] sentry.io from 192.168.1.151
Nov 22 14:11:39 10.0.0.2 ulogd[1267]: [NEW] ORIG: SRC=176.36.141.89 DST=194.50.85.5 PROTO=UDP SPT=43968 DPT=53 PKTS=0 BYTES=0 , REPLY: SRC=194.50.85.5 DST=176.36.141.89 PROTO=UDP SPT=53 DPT=43968 PKTS=0 BYTES=0
Nov 22 14:11:39 10.0.0.2 dnsmasq[1]: 667858 192.168.1.151/63082 forwarded sentry.io to 194.50.85.5
Nov 22 14:11:39 10.0.0.2 dnsmasq[1]: 667858 192.168.1.151/63082 reply sentry.io is 35.186.247.156
Nov 22 14:11:39 10.0.0.2 dnsmasq[1]: 667859 fd02:c8be:1d40:0:ed9a:a5a9:93a0:c3e8/60926 query[A] sync-v2.brave.com from fd02:c8be:1d40:0:ed9a:a5a9:93a0:c3e8
Nov 22 14:11:39 10.0.0.2 dnsmasq[1]: 667859 fd02:c8be:1d40:0:ed9a:a5a9:93a0:c3e8/60926 cached sync-v2.brave.com is <CNAME>
Nov 22 14:11:39 10.0.0.2 ulogd[1267]: [NEW] ORIG: SRC=176.36.141.89 DST=194.50.85.5 PROTO=UDP SPT=42974 DPT=53 PKTS=0 BYTES=0 , REPLY: SRC=194.50.85.5 DST=176.36.141.89 PROTO=UDP SPT=53 DPT=42974 PKTS=0 BYTES=0
Nov 22 14:11:39 10.0.0.2 dnsmasq[1]: 667859 fd02:c8be:1d40:0:ed9a:a5a9:93a0:c3e8/60926 forwarded sync-v2.brave.com to 194.50.85.5
Nov 22 14:11:39 10.0.0.2 dnsmasq[1]: 667859 fd02:c8be:1d40:0:ed9a:a5a9:93a0:c3e8/60926 reply sync-v2.brave.com is <CNAME>
Nov 22 14:11:39 10.0.0.2 dnsmasq[1]: 667859 fd02:c8be:1d40:0:ed9a:a5a9:93a0:c3e8/60926 reply sync-alb-152764135.us-west-2.elb.amazonaws.com is 54.190.8.136
Nov 22 14:11:39 10.0.0.2 dnsmasq[1]: 667859 fd02:c8be:1d40:0:ed9a:a5a9:93a0:c3e8/60926 reply sync-alb-152764135.us-west-2.elb.amazonaws.com is 44.228.160.54
Nov 22 14:11:39 10.0.0.2 dnsmasq[1]: 667859 fd02:c8be:1d40:0:ed9a:a5a9:93a0:c3e8/60926 reply sync-alb-152764135.us-west-2.elb.amazonaws.com is 52.34.169.249
Nov 22 14:11:39 10.0.0.2 ulogd[1267]: [NEW] ORIG: SRC=192.168.1.151 DST=192.168.1.1 PROTO=UDP SPT=52054 DPT=53 PKTS=0 BYTES=0 , REPLY: SRC=192.168.1.1 DST=192.168.1.151 PROTO=UDP SPT=53 DPT=52054 PKTS=0 BYTES=0
Nov 22 14:11:39 10.0.0.2 dnsmasq[1]: 667860 192.168.1.151/52054 query[type=65] o1084849.ingest.sentry.io from 192.168.1.151
Nov 22 14:11:39 10.0.0.2 ulogd[1267]: [NEW] ORIG: SRC=176.36.141.89 DST=194.50.85.5 PROTO=UDP SPT=50458 DPT=53 PKTS=0 BYTES=0 , REPLY: SRC=194.50.85.5 DST=176.36.141.89 PROTO=UDP SPT=53 DPT=50458 PKTS=0 BYTES=0
Nov 22 14:11:39 10.0.0.2 dnsmasq[1]: 667860 192.168.1.151/52054 forwarded o1084849.ingest.sentry.io to 194.50.85.5
Nov 22 14:11:39 10.0.0.2 ulogd[1267]: [NEW] ORIG: SRC=192.168.1.151 DST=192.168.1.1 PROTO=UDP SPT=59166 DPT=53 PKTS=0 BYTES=0 , REPLY: SRC=192.168.1.1 DST=192.168.1.151 PROTO=UDP SPT=53 DPT=59166 PKTS=0 BYTES=0
Nov 22 14:11:39 10.0.0.2 ulogd[1267]: [NEW] ORIG: SRC=192.168.1.151 DST=192.168.1.1 PROTO=UDP SPT=53789 DPT=53 PKTS=0 BYTES=0 , REPLY: SRC=192.168.1.1 DST=192.168.1.151 PROTO=UDP SPT=53 DPT=53789 PKTS=0 BYTES=0
Nov 22 14:11:39 10.0.0.2 dnsmasq[1]: 667861 192.168.1.151/59166 query[A] o1084849.ingest.sentry.io from 192.168.1.151
Nov 22 14:11:39 10.0.0.2 ulogd[1267]: [NEW] ORIG: SRC=192.168.1.151 DST=192.168.1.1 PROTO=UDP SPT=59945 DPT=53 PKTS=0 BYTES=0 , REPLY: SRC=192.168.1.1 DST=192.168.1.151 PROTO=UDP SPT=53 DPT=59945 PKTS=0 BYTES=0
Nov 22 14:11:39 10.0.0.2 dnsmasq[1]: 667861 192.168.1.151/59166 forwarded o1084849.ingest.sentry.io to 194.50.85.5
Nov 22 14:11:39 10.0.0.2 ulogd[1267]: [NEW] ORIG: SRC=176.36.141.89 DST=194.50.85.5 PROTO=UDP SPT=37516 DPT=53 PKTS=0 BYTES=0 , REPLY: SRC=194.50.85.5 DST=176.36.141.89 PROTO=UDP SPT=53 DPT=37516 PKTS=0 BYTES=0
Nov 22 14:11:39 10.0.0.2 dnsmasq[1]: 667862 192.168.1.151/53789 query[type=65] clients3.google.com from 192.168.1.151
Nov 22 14:11:39 10.0.0.2 ulogd[1267]: [NEW] ORIG: SRC=192.168.1.151 DST=192.168.1.1 PROTO=UDP SPT=54044 DPT=53 PKTS=0 BYTES=0 , REPLY: SRC=192.168.1.1 DST=192.168.1.151 PROTO=UDP SPT=53 DPT=54044 PKTS=0 BYTES=0
Nov 22 14:11:39 10.0.0.2 dnsmasq[1]: 667862 192.168.1.151/53789 forwarded clients3.google.com to 194.50.85.5
Nov 22 14:11:39 10.0.0.2 dnsmasq[1]: 667863 192.168.1.151/59945 query[A] clients3.google.com from 192.168.1.151
Nov 22 14:11:39 10.0.0.2 ulogd[1267]: [NEW] ORIG: SRC=192.168.1.151 DST=192.168.1.1 PROTO=UDP SPT=52872 DPT=53 PKTS=0 BYTES=0 , REPLY: SRC=192.168.1.1 DST=192.168.1.151 PROTO=UDP SPT=53 DPT=52872 PKTS=0 BYTES=0
Nov 22 14:11:39 10.0.0.2 dnsmasq[1]: 667863 192.168.1.151/59945 forwarded clients3.google.com to 194.50.85.5
Nov 22 14:11:39 10.0.0.2 dnsmasq[1]: 667862 192.168.1.151/53789 reply clients3.google.com is <CNAME>
Nov 22 14:11:39 10.0.0.2 ulogd[1267]: [NEW] ORIG: SRC=176.36.141.89 DST=194.50.85.5 PROTO=UDP SPT=58522 DPT=53 PKTS=0 BYTES=0 , REPLY: SRC=194.50.85.5 DST=176.36.141.89 PROTO=UDP SPT=53 DPT=58522 PKTS=0 BYTES=0
Nov 22 14:11:39 10.0.0.2 dnsmasq[1]: 667862 192.168.1.151/53789 reply clients.l.google.com is NODATA
Nov 22 14:11:39 10.0.0.2 dnsmasq[1]: 667864 192.168.1.151/54044 query[type=65] sandbox.itunes-apple.com.akadns.net from 192.168.1.151
Nov 22 14:11:39 10.0.0.2 ulogd[1267]: [NEW] ORIG: SRC=176.36.141.89 DST=194.50.85.5 PROTO=UDP SPT=40277 DPT=53 PKTS=0 BYTES=0 , REPLY: SRC=194.50.85.5 DST=176.36.141.89 PROTO=UDP SPT=53 DPT=40277 PKTS=0 BYTES=0
Nov 22 14:11:39 10.0.0.2 dnsmasq[1]: 667864 192.168.1.151/54044 forwarded sandbox.itunes-apple.com.akadns.net to 194.50.85.5
Nov 22 14:11:39 10.0.0.2 dnsmasq[1]: 667863 192.168.1.151/59945 reply clients3.google.com is <CNAME>
Nov 22 14:11:39 10.0.0.2 dnsmasq[1]: 667863 192.168.1.151/59945 reply clients.l.google.com is 142.251.39.46
Nov 22 14:11:39 10.0.0.2 ulogd[1267]: [NEW] ORIG: SRC=176.36.141.89 DST=194.50.85.5 PROTO=UDP SPT=52293 DPT=53 PKTS=0 BYTES=0 , REPLY: SRC=194.50.85.5 DST=176.36.141.89 PROTO=UDP SPT=53 DPT=52293 PKTS=0 BYTES=0
Nov 22 14:11:39 10.0.0.2 dnsmasq[1]: 667865 192.168.1.151/52872 query[type=65] e673.dsce9.akamaiedge.net from 192.168.1.151
Nov 22 14:11:39 10.0.0.2 dnsmasq[1]: 667865 192.168.1.151/52872 forwarded e673.dsce9.akamaiedge.net to 194.50.85.5
Nov 22 14:11:39 10.0.0.2 dnsmasq[1]: 667864 192.168.1.151/54044 reply sandbox.itunes-apple.com.akadns.net is NODATA
Nov 22 14:11:39 10.0.0.2 ulogd[1267]: [NEW] ORIG: SRC=176.36.141.89 DST=194.50.85.5 PROTO=UDP SPT=54967 DPT=53 PKTS=0 BYTES=0 , REPLY: SRC=194.50.85.5 DST=176.36.141.89 PROTO=UDP SPT=53 DPT=54967 PKTS=0 BYTES=0
Nov 22 14:11:39 10.0.0.2 dnsmasq[1]: 667865 192.168.1.151/52872 reply e673.dsce9.akamaiedge.net is NODATA
Nov 22 14:11:39 10.0.0.2 dnsmasq[1]: 667866 192.168.1.151/53216 query[type=65] clients.l.google.com from 192.168.1.151
Nov 22 14:11:39 10.0.0.2 ulogd[1267]: [NEW] ORIG: SRC=192.168.1.151 DST=192.168.1.1 PROTO=UDP SPT=53216 DPT=53 PKTS=0 BYTES=0 , REPLY: SRC=192.168.1.1 DST=192.168.1.151 PROTO=UDP SPT=53 DPT=53216 PKTS=0 BYTES=0
Nov 22 14:11:39 10.0.0.2 dnsmasq[1]: 667866 192.168.1.151/53216 forwarded clients.l.google.com to 194.50.85.5
Nov 22 14:11:39 10.0.0.2 dnsmasq[1]: 667866 192.168.1.151/53216 reply clients.l.google.com is NODATA
Nov 22 14:11:39 10.0.0.2 ulogd[1267]: [NEW] ORIG: SRC=176.36.141.89 DST=194.50.85.5 PROTO=UDP SPT=37307 DPT=53 PKTS=0 BYTES=0 , REPLY: SRC=194.50.85.5 DST=176.36.141.89 PROTO=UDP SPT=53 DPT=37307 PKTS=0 BYTES=0
Nov 22 14:11:39 10.0.0.2 dnsmasq[1]: 667860 192.168.1.151/52054 reply o1084849.ingest.sentry.io is NODATA
Nov 22 14:11:39 10.0.0.2 dnsmasq[1]: 667861 192.168.1.151/59166 reply o1084849.ingest.sentry.io is 34.120.195.249
Nov 22 14:11:39 10.0.0.2 ulogd[1267]: [NEW] ORIG: SRC=192.168.1.151 DST=17.36.202.255 PROTO=TCP SPT=56472 DPT=443 PKTS=0 BYTES=0 , REPLY: SRC=17.36.202.255 DST=176.36.141.89 PROTO=TCP SPT=443 DPT=56472 PKTS=0 BYTES=0
Nov 22 14:11:39 10.0.0.2 ulogd[1267]: [NEW] ORIG: SRC=192.168.1.151 DST=23.48.0.23 PROTO=TCP SPT=56473 DPT=443 PKTS=0 BYTES=0 , REPLY: SRC=23.48.0.23 DST=176.36.141.89 PROTO=TCP SPT=443 DPT=56473 PKTS=0 BYTES=0
Nov 22 14:11:39 10.0.0.2 dnsmasq[1]: 667867 192.168.1.151/52382 query[type=65] www.google.com from 192.168.1.151
Nov 22 14:11:39 10.0.0.2 ulogd[1267]: [NEW] ORIG: SRC=192.168.1.151 DST=192.168.1.1 PROTO=UDP SPT=52382 DPT=53 PKTS=0 BYTES=0 , REPLY: SRC=192.168.1.1 DST=192.168.1.151 PROTO=UDP SPT=53 DPT=52382 PKTS=0 BYTES=0
Nov 22 14:11:39 10.0.0.2 dnsmasq[1]: 667867 192.168.1.151/52382 forwarded www.google.com to 194.50.85.5
Nov 22 14:11:39 10.0.0.2 ulogd[1267]: [NEW] ORIG: SRC=192.168.1.151 DST=192.168.1.1 PROTO=UDP SPT=64927 DPT=53 PKTS=0 BYTES=0 , REPLY: SRC=192.168.1.1 DST=192.168.1.151 PROTO=UDP SPT=53 DPT=64927 PKTS=0 BYTES=0
Nov 22 14:11:39 10.0.0.2 dnsmasq[1]: 667868 192.168.1.151/64927 query[A] www.google.com from 192.168.1.151
Nov 22 14:11:39 10.0.0.2 ulogd[1267]: [NEW] ORIG: SRC=176.36.141.89 DST=194.50.85.5 PROTO=UDP SPT=54512 DPT=53 PKTS=0 BYTES=0 , REPLY: SRC=194.50.85.5 DST=176.36.141.89 PROTO=UDP SPT=53 DPT=54512 PKTS=0 BYTES=0
Nov 22 14:11:39 10.0.0.2 dnsmasq[1]: 667868 192.168.1.151/64927 forwarded www.google.com to 194.50.85.5
Nov 22 14:11:39 10.0.0.2 dnsmasq[1]: 667867 192.168.1.151/52382 reply www.google.com is <type=65>
Nov 22 14:11:39 10.0.0.2 ulogd[1267]: [NEW] ORIG: SRC=176.36.141.89 DST=194.50.85.5 PROTO=UDP SPT=57897 DPT=53 PKTS=0 BYTES=0 , REPLY: SRC=194.50.85.5 DST=176.36.141.89 PROTO=UDP SPT=53 DPT=57897 PKTS=0 BYTES=0
Nov 22 14:11:39 10.0.0.2 dnsmasq[1]: 667868 192.168.1.151/64927 reply www.google.com is 172.217.20.4
Nov 22 14:11:39 10.0.0.2 ulogd[1267]: [DESTROY] ORIG: SRC=fd02:c8be:1d40:0:ed9a:a5a9:93a0:c3e8 DST=fd02:c8be:1d40::1 PROTO=UDP SPT=51640 DPT=53 PKTS=4 BYTES=327 , REPLY: SRC=fd02:c8be:1d40::1 DST=fd02:c8be:1d40:0:ed9a:a5a9:93a0:c3e8 PROTO=UDP SPT=53 DPT=51640 PKTS=4 BYTES=628
Nov 22 14:11:39 10.0.0.2 ulogd[1267]: [NEW] ORIG: SRC=192.168.1.151 DST=104.18.214.59 PROTO=TCP SPT=56474 DPT=443 PKTS=0 BYTES=0 , REPLY: SRC=104.18.214.59 DST=176.36.141.89 PROTO=TCP SPT=443 DPT=56474 PKTS=0 BYTES=0
Nov 22 14:11:39 10.0.0.2 ulogd[1267]: [NEW] ORIG: SRC=192.168.1.151 DST=104.18.214.59 PROTO=TCP SPT=56475 DPT=443 PKTS=0 BYTES=0 , REPLY: SRC=104.18.214.59 DST=176.36.141.89 PROTO=TCP SPT=443 DPT=56475 PKTS=0 BYTES=0
Nov 22 14:11:39 10.0.0.2 ulogd[1267]: [NEW] ORIG: SRC=192.168.1.151 DST=94.153.165.17 PROTO=TCP SPT=56476 DPT=443 PKTS=0 BYTES=0 , REPLY: SRC=94.153.165.17 DST=176.36.141.89 PROTO=TCP SPT=443 DPT=56476 PKTS=0 BYTES=0
Nov 22 14:11:39 10.0.0.2 ulogd[1267]: [NEW] ORIG: SRC=192.168.1.151 DST=142.251.39.35 PROTO=TCP SPT=56477 DPT=443 PKTS=0 BYTES=0 , REPLY: SRC=142.251.39.35 DST=176.36.141.89 PROTO=TCP SPT=443 DPT=56477 PKTS=0 BYTES=0
Nov 22 14:11:40 10.0.0.2 dnsmasq[1]: 667869 192.168.1.151/57224 query[type=65] mk3.kyivstar.ua from 192.168.1.151
Nov 22 14:11:40 10.0.0.2 dnsmasq[1]: 667869 192.168.1.151/57224 forwarded mk3.kyivstar.ua to 194.50.85.5
Nov 22 14:11:40 10.0.0.2 ulogd[1267]: [NEW] ORIG: SRC=192.168.1.151 DST=142.251.39.46 PROTO=TCP SPT=56478 DPT=443 PKTS=0 BYTES=0 , REPLY: SRC=142.251.39.46 DST=176.36.141.89 PROTO=TCP SPT=443 DPT=56478 PKTS=0 BYTES=0
Nov 22 14:11:40 10.0.0.2 ulogd[1267]: [NEW] ORIG: SRC=192.168.1.151 DST=192.168.1.1 PROTO=UDP SPT=57224 DPT=53 PKTS=0 BYTES=0 , REPLY: SRC=192.168.1.1 DST=192.168.1.151 PROTO=UDP SPT=53 DPT=57224 PKTS=0 BYTES=0
Nov 22 14:11:40 10.0.0.2 dnsmasq[1]: 667870 192.168.1.151/64845 query[A] mk3.kyivstar.ua from 192.168.1.151
Nov 22 14:11:40 10.0.0.2 ulogd[1267]: [NEW] ORIG: SRC=192.168.1.151 DST=192.168.1.1 PROTO=UDP SPT=64845 DPT=53 PKTS=0 BYTES=0 , REPLY: SRC=192.168.1.1 DST=192.168.1.151 PROTO=UDP SPT=53 DPT=64845 PKTS=0 BYTES=0
Nov 22 14:11:40 10.0.0.2 ulogd[1267]: [NEW] ORIG: SRC=192.168.1.151 DST=172.217.20.4 PROTO=TCP SPT=56479 DPT=443 PKTS=0 BYTES=0 , REPLY: SRC=172.217.20.4 DST=176.36.141.89 PROTO=TCP SPT=443 DPT=56479 PKTS=0 BYTES=0
Nov 22 14:11:40 10.0.0.2 dnsmasq[1]: 667870 192.168.1.151/64845 forwarded mk3.kyivstar.ua to 194.50.85.5
Nov 22 14:11:40 10.0.0.2 ulogd[1267]: [NEW] ORIG: SRC=192.168.1.151 DST=192.168.1.1 PROTO=UDP SPT=50382 DPT=53 PKTS=0 BYTES=0 , REPLY: SRC=192.168.1.1 DST=192.168.1.151 PROTO=UDP SPT=53 DPT=50382 PKTS=0 BYTES=0
Nov 22 14:11:40 10.0.0.2 dnsmasq[1]: 667869 192.168.1.151/57224 reply mk3.kyivstar.ua is NODATA
Nov 22 14:11:40 10.0.0.2 ulogd[1267]: [NEW] ORIG: SRC=176.36.141.89 DST=194.50.85.5 PROTO=UDP SPT=49420 DPT=53 PKTS=0 BYTES=0 , REPLY: SRC=194.50.85.5 DST=176.36.141.89 PROTO=UDP SPT=53 DPT=49420 PKTS=0 BYTES=0
Nov 22 14:11:40 10.0.0.2 ulogd[1267]: [NEW] ORIG: SRC=192.168.1.151 DST=192.168.1.1 PROTO=UDP SPT=63576 DPT=53 PKTS=0 BYTES=0 , REPLY: SRC=192.168.1.1 DST=192.168.1.151 PROTO=UDP SPT=53 DPT=63576 PKTS=0 BYTES=0
Nov 22 14:11:40 10.0.0.2 ulogd[1267]: [NEW] ORIG: SRC=176.36.141.89 DST=194.50.85.5 PROTO=UDP SPT=58421 DPT=53 PKTS=0 BYTES=0 , REPLY: SRC=194.50.85.5 DST=176.36.141.89 PROTO=UDP SPT=53 DPT=58421 PKTS=0 BYTES=0
Nov 22 14:11:40 10.0.0.2 dnsmasq[1]: 667871 192.168.1.151/50382 query[type=65] firebaselogging-pa.googleapis.com from 192.168.1.151
Nov 22 14:11:40 10.0.0.2 dnsmasq[1]: 667871 192.168.1.151/50382 forwarded firebaselogging-pa.googleapis.com to 194.50.85.5
Nov 22 14:11:40 10.0.0.2 ulogd[1267]: [NEW] ORIG: SRC=176.36.141.89 DST=194.50.85.5 PROTO=UDP SPT=58810 DPT=53 PKTS=0 BYTES=0 , REPLY: SRC=194.50.85.5 DST=176.36.141.89 PROTO=UDP SPT=53 DPT=58810 PKTS=0 BYTES=0
Nov 22 14:11:40 10.0.0.2 dnsmasq[1]: 667870 192.168.1.151/64845 reply mk3.kyivstar.ua is 94.153.166.176
Nov 22 14:11:40 10.0.0.2 dnsmasq[1]: 667872 192.168.1.151/63576 query[A] firebaselogging-pa.googleapis.com from 192.168.1.151
Nov 22 14:11:40 10.0.0.2 dnsmasq[1]: 667872 192.168.1.151/63576 forwarded firebaselogging-pa.googleapis.com to 194.50.85.5
Nov 22 14:11:40 10.0.0.2 ulogd[1267]: [NEW] ORIG: SRC=176.36.141.89 DST=194.50.85.5 PROTO=UDP SPT=43147 DPT=53 PKTS=0 BYTES=0 , REPLY: SRC=194.50.85.5 DST=176.36.141.89 PROTO=UDP SPT=53 DPT=43147 PKTS=0 BYTES=0
Nov 22 14:11:40 10.0.0.2 dnsmasq[1]: 667872 192.168.1.151/63576 reply firebaselogging-pa.googleapis.com is 172.217.20.10
Nov 22 14:11:40 10.0.0.2 dnsmasq[1]: 667872 192.168.1.151/63576 reply firebaselogging-pa.googleapis.com is 142.250.180.202
Nov 22 14:11:40 10.0.0.2 dnsmasq[1]: 667872 192.168.1.151/63576 reply firebaselogging-pa.googleapis.com is 142.251.208.106
Nov 22 14:11:40 10.0.0.2 dnsmasq[1]: 667872 192.168.1.151/63576 reply firebaselogging-pa.googleapis.com is 142.251.208.138
Nov 22 14:11:40 10.0.0.2 dnsmasq[1]: 667872 192.168.1.151/63576 reply firebaselogging-pa.googleapis.com is 142.251.208.170
Nov 22 14:11:40 10.0.0.2 dnsmasq[1]: 667872 192.168.1.151/63576 reply firebaselogging-pa.googleapis.com is 142.250.180.234
Nov 22 14:11:40 10.0.0.2 dnsmasq[1]: 667872 192.168.1.151/63576 reply firebaselogging-pa.googleapis.com is 142.250.201.202
Nov 22 14:11:40 10.0.0.2 dnsmasq[1]: 667872 192.168.1.151/63576 reply firebaselogging-pa.googleapis.com is 142.251.39.42
Nov 22 14:11:40 10.0.0.2 dnsmasq[1]: 667872 192.168.1.151/63576 reply firebaselogging-pa.googleapis.com is 172.217.19.106
Nov 22 14:11:40 10.0.0.2 dnsmasq[1]: 667872 192.168.1.151/63576 reply firebaselogging-pa.googleapis.com is 142.251.39.10
Nov 22 14:11:40 10.0.0.2 dnsmasq[1]: 667872 192.168.1.151/63576 reply firebaselogging-pa.googleapis.com is 142.251.39.74
Nov 22 14:11:40 10.0.0.2 dnsmasq[1]: 667871 192.168.1.151/50382 reply firebaselogging-pa.googleapis.com is NODATA
Nov 22 14:11:40 10.0.0.2 ulogd[1267]: [NEW] ORIG: SRC=192.168.1.151 DST=94.153.166.176 PROTO=TCP SPT=56480 DPT=443 PKTS=0 BYTES=0 , REPLY: SRC=94.153.166.176 DST=176.36.141.89 PROTO=TCP SPT=443 DPT=56480 PKTS=0 BYTES=0
Nov 22 14:11:40 10.0.0.2 ulogd[1267]: [NEW] ORIG: SRC=192.168.1.151 DST=172.217.20.10 PROTO=TCP SPT=56481 DPT=443 PKTS=0 BYTES=0 , REPLY: SRC=172.217.20.10 DST=176.36.141.89 PROTO=TCP SPT=443 DPT=56481 PKTS=0 BYTES=0
Nov 22 14:11:40 10.0.0.2 ulogd[1267]: [NEW] ORIG: SRC=192.168.1.151 DST=192.168.1.1 PROTO=UDP SPT=62439 DPT=53 PKTS=0 BYTES=0 , REPLY: SRC=192.168.1.1 DST=192.168.1.151 PROTO=UDP SPT=53 DPT=62439 PKTS=0 BYTES=0
Nov 22 14:11:40 10.0.0.2 dnsmasq[1]: 667873 192.168.1.151/62439 query[type=65] ocsp.pki.goog from 192.168.1.151
Nov 22 14:11:40 10.0.0.2 ulogd[1267]: [NEW] ORIG: SRC=192.168.1.151 DST=192.168.1.1 PROTO=UDP SPT=64718 DPT=53 PKTS=0 BYTES=0 , REPLY: SRC=192.168.1.1 DST=192.168.1.151 PROTO=UDP SPT=53 DPT=64718 PKTS=0 BYTES=0
Nov 22 14:11:40 10.0.0.2 dnsmasq[1]: 667873 192.168.1.151/62439 forwarded ocsp.pki.goog to 194.50.85.5
Nov 22 14:11:40 10.0.0.2 ulogd[1267]: [NEW] ORIG: SRC=176.36.141.89 DST=194.50.85.5 PROTO=UDP SPT=40361 DPT=53 PKTS=0 BYTES=0 , REPLY: SRC=194.50.85.5 DST=176.36.141.89 PROTO=UDP SPT=53 DPT=40361 PKTS=0 BYTES=0
Nov 22 14:11:40 10.0.0.2 dnsmasq[1]: 667874 192.168.1.151/64718 query[A] ocsp.pki.goog from 192.168.1.151
Nov 22 14:11:40 10.0.0.2 dnsmasq[1]: 667874 192.168.1.151/64718 forwarded ocsp.pki.goog to 194.50.85.5
Nov 22 14:11:40 10.0.0.2 ulogd[1267]: [NEW] ORIG: SRC=176.36.141.89 DST=194.50.85.5 PROTO=UDP SPT=54487 DPT=53 PKTS=0 BYTES=0 , REPLY: SRC=194.50.85.5 DST=176.36.141.89 PROTO=UDP SPT=53 DPT=54487 PKTS=0 BYTES=0
Nov 22 14:11:40 10.0.0.2 ulogd[1267]: [NEW] ORIG: SRC=192.168.1.151 DST=192.168.1.1 PROTO=UDP SPT=56090 DPT=53 PKTS=0 BYTES=0 , REPLY: SRC=192.168.1.1 DST=192.168.1.151 PROTO=UDP SPT=53 DPT=56090 PKTS=0 BYTES=0
Nov 22 14:11:40 10.0.0.2 dnsmasq[1]: 667875 192.168.1.151/56090 query[type=65] ocsp.sectigo.com from 192.168.1.151
Nov 22 14:11:40 10.0.0.2 dnsmasq[1]: 667875 192.168.1.151/56090 forwarded ocsp.sectigo.com to 194.50.85.5
Nov 22 14:11:40 10.0.0.2 ulogd[1267]: [NEW] ORIG: SRC=176.36.141.89 DST=194.50.85.5 PROTO=UDP SPT=55654 DPT=53 PKTS=0 BYTES=0 , REPLY: SRC=194.50.85.5 DST=176.36.141.89 PROTO=UDP SPT=53 DPT=55654 PKTS=0 BYTES=0
Nov 22 14:11:40 10.0.0.2 ulogd[1267]: [NEW] ORIG: SRC=192.168.1.151 DST=192.168.1.1 PROTO=UDP SPT=53093 DPT=53 PKTS=0 BYTES=0 , REPLY: SRC=192.168.1.1 DST=192.168.1.151 PROTO=UDP SPT=53 DPT=53093 PKTS=0 BYTES=0
Nov 22 14:11:40 10.0.0.2 dnsmasq[1]: 667876 192.168.1.151/53093 query[A] ocsp.sectigo.com from 192.168.1.151
Nov 22 14:11:40 10.0.0.2 ulogd[1267]: [NEW] ORIG: SRC=192.168.1.151 DST=192.168.1.1 PROTO=UDP SPT=56112 DPT=53 PKTS=0 BYTES=0 , REPLY: SRC=192.168.1.1 DST=192.168.1.151 PROTO=UDP SPT=53 DPT=56112 PKTS=0 BYTES=0
Nov 22 14:11:40 10.0.0.2 ulogd[1267]: [NEW] ORIG: SRC=192.168.1.151 DST=192.168.1.1 PROTO=UDP SPT=54572 DPT=53 PKTS=0 BYTES=0 , REPLY: SRC=192.168.1.1 DST=192.168.1.151 PROTO=UDP SPT=53 DPT=54572 PKTS=0 BYTES=0
Nov 22 14:11:40 10.0.0.2 dnsmasq[1]: 667876 192.168.1.151/53093 forwarded ocsp.sectigo.com to 194.50.85.5
Nov 22 14:11:40 10.0.0.2 ulogd[1267]: [NEW] ORIG: SRC=176.36.141.89 DST=194.50.85.5 PROTO=UDP SPT=45131 DPT=53 PKTS=0 BYTES=0 , REPLY: SRC=194.50.85.5 DST=176.36.141.89 PROTO=UDP SPT=53 DPT=45131 PKTS=0 BYTES=0
Nov 22 14:11:40 10.0.0.2 dnsmasq[1]: 667877 192.168.1.151/56112 query[type=65] ocsp.usertrust.com from 192.168.1.151
Nov 22 14:11:40 10.0.0.2 dnsmasq[1]: 667877 192.168.1.151/56112 forwarded ocsp.usertrust.com to 194.50.85.5
Nov 22 14:11:40 10.0.0.2 ulogd[1267]: [NEW] ORIG: SRC=176.36.141.89 DST=194.50.85.5 PROTO=UDP SPT=51838 DPT=53 PKTS=0 BYTES=0 , REPLY: SRC=194.50.85.5 DST=176.36.141.89 PROTO=UDP SPT=53 DPT=51838 PKTS=0 BYTES=0
Nov 22 14:11:40 10.0.0.2 dnsmasq[1]: 667876 192.168.1.151/53093 reply ocsp.sectigo.com is <CNAME>
Nov 22 14:11:40 10.0.0.2 dnsmasq[1]: 667876 192.168.1.151/53093 reply ocsp.comodoca.com.cdn.cloudflare.net is 172.64.149.23
Nov 22 14:11:40 10.0.0.2 dnsmasq[1]: 667876 192.168.1.151/53093 reply ocsp.comodoca.com.cdn.cloudflare.net is 104.18.38.233
Nov 22 14:11:40 10.0.0.2 dnsmasq[1]: 667878 192.168.1.151/54572 query[A] ocsp.usertrust.com from 192.168.1.151
Nov 22 14:11:40 10.0.0.2 dnsmasq[1]: 667878 192.168.1.151/54572 forwarded ocsp.usertrust.com to 194.50.85.5
Nov 22 14:11:40 10.0.0.2 ulogd[1267]: [NEW] ORIG: SRC=176.36.141.89 DST=194.50.85.5 PROTO=UDP SPT=54382 DPT=53 PKTS=0 BYTES=0 , REPLY: SRC=194.50.85.5 DST=176.36.141.89 PROTO=UDP SPT=53 DPT=54382 PKTS=0 BYTES=0
Nov 22 14:11:40 10.0.0.2 dnsmasq[1]: 667878 192.168.1.151/54572 reply ocsp.usertrust.com is <CNAME>
Nov 22 14:11:40 10.0.0.2 dnsmasq[1]: 667878 192.168.1.151/54572 reply ocsp.comodoca.com.cdn.cloudflare.net is 104.18.38.233
Nov 22 14:11:40 10.0.0.2 dnsmasq[1]: 667878 192.168.1.151/54572 reply ocsp.comodoca.com.cdn.cloudflare.net is 172.64.149.23
Nov 22 14:11:40 10.0.0.2 dnsmasq[1]: 667875 192.168.1.151/56090 reply ocsp.sectigo.com is <CNAME>
Nov 22 14:11:40 10.0.0.2 dnsmasq[1]: 667875 192.168.1.151/56090 reply ocsp.comodoca.com.cdn.cloudflare.net is NODATA
Nov 22 14:11:40 10.0.0.2 dnsmasq[1]: 667877 192.168.1.151/56112 reply ocsp.usertrust.com is <CNAME>
Nov 22 14:11:40 10.0.0.2 dnsmasq[1]: 667877 192.168.1.151/56112 reply ocsp.comodoca.com.cdn.cloudflare.net is NODATA
Nov 22 14:11:40 10.0.0.2 ulogd[1267]: [DESTROY] ORIG: SRC=192.168.1.151 DST=17.253.73.204 PROTO=TCP SPT=56469 DPT=443 PKTS=19 BYTES=1880 , REPLY: SRC=17.253.73.204 DST=176.36.141.89 PROTO=TCP SPT=443 DPT=56469 PKTS=19 BYTES=9944
Nov 22 14:11:40 10.0.0.2 dnsmasq[1]: 667879 192.168.1.151/61948 query[type=65] ocsp.comodoca.com.cdn.cloudflare.net from 192.168.1.151
Nov 22 14:11:40 10.0.0.2 ulogd[1267]: [NEW] ORIG: SRC=192.168.1.151 DST=192.168.1.1 PROTO=UDP SPT=61948 DPT=53 PKTS=0 BYTES=0 , REPLY: SRC=192.168.1.1 DST=192.168.1.151 PROTO=UDP SPT=53 DPT=61948 PKTS=0 BYTES=0
Nov 22 14:11:40 10.0.0.2 dnsmasq[1]: 667879 192.168.1.151/61948 forwarded ocsp.comodoca.com.cdn.cloudflare.net to 194.50.85.5
Nov 22 14:11:40 10.0.0.2 ulogd[1267]: [NEW] ORIG: SRC=176.36.141.89 DST=194.50.85.5 PROTO=UDP SPT=37079 DPT=53 PKTS=0 BYTES=0 , REPLY: SRC=194.50.85.5 DST=176.36.141.89 PROTO=UDP SPT=53 DPT=37079 PKTS=0 BYTES=0
Nov 22 14:11:40 10.0.0.2 dnsmasq[1]: 667879 192.168.1.151/61948 reply ocsp.comodoca.com.cdn.cloudflare.net is NODATA
Nov 22 14:11:40 10.0.0.2 ulogd[1267]: [NEW] ORIG: SRC=192.168.1.151 DST=172.64.149.23 PROTO=TCP SPT=56482 DPT=80 PKTS=0 BYTES=0 , REPLY: SRC=172.64.149.23 DST=176.36.141.89 PROTO=TCP SPT=80 DPT=56482 PKTS=0 BYTES=0
Nov 22 14:11:40 10.0.0.2 ulogd[1267]: [NEW] ORIG: SRC=192.168.1.151 DST=104.18.38.233 PROTO=TCP SPT=56483 DPT=80 PKTS=0 BYTES=0 , REPLY: SRC=104.18.38.233 DST=176.36.141.89 PROTO=TCP SPT=80 DPT=56483 PKTS=0 BYTES=0
Nov 22 14:11:40 10.0.0.2 ulogd[1267]: [NEW] ORIG: SRC=192.168.1.151 DST=172.64.149.23 PROTO=TCP SPT=56484 DPT=80 PKTS=0 BYTES=0 , REPLY: SRC=172.64.149.23 DST=176.36.141.89 PROTO=TCP SPT=80 DPT=56484 PKTS=0 BYTES=0
Nov 22 14:11:40 10.0.0.2 ulogd[1267]: [NEW] ORIG: SRC=192.168.1.151 DST=104.18.38.233 PROTO=TCP SPT=56485 DPT=80 PKTS=0 BYTES=0 , REPLY: SRC=104.18.38.233 DST=176.36.141.89 PROTO=TCP SPT=80 DPT=56485 PKTS=0 BYTES=0
Nov 22 14:11:40 10.0.0.2 dnsmasq[1]: 667880 192.168.1.151/59166 query[A] o1084849.ingest.sentry.io from 192.168.1.151
Nov 22 14:11:40 10.0.0.2 dnsmasq[1]: 667880 192.168.1.151/59166 cached o1084849.ingest.sentry.io is 34.120.195.249
Nov 22 14:11:40 10.0.0.2 ulogd[1267]: [NEW] ORIG: SRC=192.168.1.151 DST=192.168.1.1 PROTO=UDP SPT=63794 DPT=53 PKTS=0 BYTES=0 , REPLY: SRC=192.168.1.1 DST=192.168.1.151 PROTO=UDP SPT=53 DPT=63794 PKTS=0 BYTES=0
Nov 22 14:11:40 10.0.0.2 dnsmasq[1]: 667881 192.168.1.151/63794 query[A] https://app-measurement.com/sdk-exp from 192.168.1.151
Nov 22 14:11:40 10.0.0.2 ulogd[1267]: [NEW] ORIG: SRC=192.168.1.151 DST=34.120.195.249 PROTO=TCP SPT=56486 DPT=443 PKTS=0 BYTES=0 , REPLY: SRC=34.120.195.249 DST=176.36.141.89 PROTO=TCP SPT=443 DPT=56486 PKTS=0 BYTES=0
Nov 22 14:11:40 10.0.0.2 dnsmasq[1]: 667881 192.168.1.151/63794 forwarded https://app-measurement.com/sdk-exp to 194.50.85.5
Nov 22 14:11:40 10.0.0.2 ulogd[1267]: [NEW] ORIG: SRC=176.36.141.89 DST=194.50.85.5 PROTO=UDP SPT=45478 DPT=53 PKTS=0 BYTES=0 , REPLY: SRC=194.50.85.5 DST=176.36.141.89 PROTO=UDP SPT=53 DPT=45478 PKTS=0 BYTES=0
Nov 22 14:11:40 10.0.0.2 dnsmasq[1]: 667881 192.168.1.151/63794 reply https://app-measurement.com/sdk-exp is NXDOMAIN
Nov 22 14:11:40 10.0.0.2 dnsmasq[1]: 667882 192.168.1.151/50809 query[type=65] firebaseinstallations.googleapis.com from 192.168.1.151
Nov 22 14:11:40 10.0.0.2 ulogd[1267]: [NEW] ORIG: SRC=192.168.1.151 DST=192.168.1.1 PROTO=UDP SPT=50809 DPT=53 PKTS=0 BYTES=0 , REPLY: SRC=192.168.1.1 DST=192.168.1.151 PROTO=UDP SPT=53 DPT=50809 PKTS=0 BYTES=0
Nov 22 14:11:40 10.0.0.2 ulogd[1267]: [NEW] ORIG: SRC=192.168.1.151 DST=192.168.1.1 PROTO=UDP SPT=64170 DPT=53 PKTS=0 BYTES=0 , REPLY: SRC=192.168.1.1 DST=192.168.1.151 PROTO=UDP SPT=53 DPT=64170 PKTS=0 BYTES=0
Nov 22 14:11:40 10.0.0.2 dnsmasq[1]: 667882 192.168.1.151/50809 forwarded firebaseinstallations.googleapis.com to 194.50.85.5
Nov 22 14:11:40 10.0.0.2 ulogd[1267]: [NEW] ORIG: SRC=176.36.141.89 DST=194.50.85.5 PROTO=UDP SPT=50813 DPT=53 PKTS=0 BYTES=0 , REPLY: SRC=194.50.85.5 DST=176.36.141.89 PROTO=UDP SPT=53 DPT=50813 PKTS=0 BYTES=0
Nov 22 14:11:40 10.0.0.2 dnsmasq[1]: 667883 192.168.1.151/64170 query[A] firebaseinstallations.googleapis.com from 192.168.1.151
Nov 22 14:11:40 10.0.0.2 dnsmasq[1]: 667883 192.168.1.151/64170 forwarded firebaseinstallations.googleapis.com to 194.50.85.5
Nov 22 14:11:40 10.0.0.2 ulogd[1267]: [NEW] ORIG: SRC=176.36.141.89 DST=194.50.85.5 PROTO=UDP SPT=40298 DPT=53 PKTS=0 BYTES=0 , REPLY: SRC=194.50.85.5 DST=176.36.141.89 PROTO=UDP SPT=53 DPT=40298 PKTS=0 BYTES=0
Nov 22 14:11:40 10.0.0.2 dnsmasq[1]: 667882 192.168.1.151/50809 reply firebaseinstallations.googleapis.com is NODATA
Nov 22 14:11:40 10.0.0.2 dnsmasq[1]: 667883 192.168.1.151/64170 reply firebaseinstallations.googleapis.com is 172.217.19.106
Nov 22 14:11:40 10.0.0.2 dnsmasq[1]: 667883 192.168.1.151/64170 reply firebaseinstallations.googleapis.com is 142.251.208.138
Nov 22 14:11:40 10.0.0.2 dnsmasq[1]: 667883 192.168.1.151/64170 reply firebaseinstallations.googleapis.com is 142.251.208.106
Nov 22 14:11:40 10.0.0.2 dnsmasq[1]: 667883 192.168.1.151/64170 reply firebaseinstallations.googleapis.com is 142.250.180.202
Nov 22 14:11:40 10.0.0.2 dnsmasq[1]: 667883 192.168.1.151/64170 reply firebaseinstallations.googleapis.com is 142.251.39.42
Nov 22 14:11:40 10.0.0.2 dnsmasq[1]: 667883 192.168.1.151/64170 reply firebaseinstallations.googleapis.com is 142.251.39.74
Nov 22 14:11:40 10.0.0.2 dnsmasq[1]: 667883 192.168.1.151/64170 reply firebaseinstallations.googleapis.com is 142.250.180.234
Nov 22 14:11:40 10.0.0.2 dnsmasq[1]: 667883 192.168.1.151/64170 reply firebaseinstallations.googleapis.com is 142.251.208.170
Nov 22 14:11:40 10.0.0.2 dnsmasq[1]: 667883 192.168.1.151/64170 reply firebaseinstallations.googleapis.com is 142.250.201.202
Nov 22 14:11:40 10.0.0.2 dnsmasq[1]: 667883 192.168.1.151/64170 reply firebaseinstallations.googleapis.com is 142.251.39.10
Nov 22 14:11:40 10.0.0.2 ulogd[1267]: [NEW] ORIG: SRC=192.168.1.151 DST=172.217.19.106 PROTO=TCP SPT=56487 DPT=443 PKTS=0 BYTES=0 , REPLY: SRC=172.217.19.106 DST=176.36.141.89 PROTO=TCP SPT=443 DPT=56487 PKTS=0 BYTES=0
Nov 22 14:11:41 10.0.0.2 ulogd[1267]: [NEW] ORIG: SRC=192.168.1.151 DST=94.153.166.176 PROTO=TCP SPT=56488 DPT=443 PKTS=0 BYTES=0 , REPLY: SRC=94.153.166.176 DST=176.36.141.89 PROTO=TCP SPT=443 DPT=56488 PKTS=0 BYTES=0
Nov 22 14:11:41 10.0.0.2 dnsmasq[1]: 667884 192.168.1.151/62439 query[type=65] ocsp.pki.goog from 192.168.1.151
Nov 22 14:11:41 10.0.0.2 dnsmasq[1]: 667884 192.168.1.151/62439 forwarded ocsp.pki.goog to 192.168.1.45
Nov 22 14:11:41 10.0.0.2 ulogd[1267]: [NEW] ORIG: SRC=192.168.1.1 DST=192.168.1.45 PROTO=UDP SPT=40361 DPT=5353 PKTS=0 BYTES=0 , REPLY: SRC=192.168.1.45 DST=192.168.1.1 PROTO=UDP SPT=5353 DPT=40361 PKTS=0 BYTES=0
Nov 22 14:11:41 10.0.0.2 dnsmasq[1]: 667884 192.168.1.151/62439 forwarded ocsp.pki.goog to 194.50.85.5
Nov 22 14:11:41 10.0.0.2 dnsmasq[1]: 667884 192.168.1.151/62439 forwarded ocsp.pki.goog to 194.50.85.7
Nov 22 14:11:41 10.0.0.2 ulogd[1267]: [NEW] ORIG: SRC=176.36.141.89 DST=194.50.85.7 PROTO=UDP SPT=40361 DPT=53 PKTS=0 BYTES=0 , REPLY: SRC=194.50.85.7 DST=176.36.141.89 PROTO=UDP SPT=53 DPT=40361 PKTS=0 BYTES=0
Nov 22 14:11:41 10.0.0.2 dnsmasq[1]: 667885 192.168.1.151/64718 query[A] ocsp.pki.goog from 192.168.1.151
Nov 22 14:11:41 10.0.0.2 dnsmasq[1]: 667885 192.168.1.151/64718 forwarded ocsp.pki.goog to 192.168.1.45
Nov 22 14:11:41 10.0.0.2 ulogd[1267]: [NEW] ORIG: SRC=192.168.1.1 DST=192.168.1.45 PROTO=UDP SPT=54487 DPT=5353 PKTS=0 BYTES=0 , REPLY: SRC=192.168.1.45 DST=192.168.1.1 PROTO=UDP SPT=5353 DPT=54487 PKTS=0 BYTES=0
Nov 22 14:11:41 10.0.0.2 dnsmasq[1]: 667885 192.168.1.151/64718 forwarded ocsp.pki.goog to 194.50.85.5
Nov 22 14:11:41 10.0.0.2 dnsmasq[1]: 667885 192.168.1.151/64718 forwarded ocsp.pki.goog to 194.50.85.7
Nov 22 14:11:41 10.0.0.2 ulogd[1267]: [NEW] ORIG: SRC=176.36.141.89 DST=194.50.85.7 PROTO=UDP SPT=54487 DPT=53 PKTS=0 BYTES=0 , REPLY: SRC=194.50.85.7 DST=176.36.141.89 PROTO=UDP SPT=53 DPT=54487 PKTS=0 BYTES=0
Nov 22 14:11:41 10.0.0.2 dnsmasq[1]: 667884 192.168.1.151/62439 reply ocsp.pki.goog is <CNAME>
Nov 22 14:11:41 10.0.0.2 dnsmasq[1]: 667884 192.168.1.151/62439 reply pki-goog.l.google.com is NODATA
Nov 22 14:11:41 10.0.0.2 dnsmasq[1]: 667885 192.168.1.151/64718 reply ocsp.pki.goog is <CNAME>
Nov 22 14:11:41 10.0.0.2 dnsmasq[1]: 667885 192.168.1.151/64718 reply pki-goog.l.google.com is 142.250.180.195
Nov 22 14:11:41 10.0.0.2 ulogd[1267]: [NEW] ORIG: SRC=192.168.1.151 DST=192.168.1.1 PROTO=UDP SPT=57810 DPT=53 PKTS=0 BYTES=0 , REPLY: SRC=192.168.1.1 DST=192.168.1.151 PROTO=UDP SPT=53 DPT=57810 PKTS=0 BYTES=0
Nov 22 14:11:41 10.0.0.2 dnsmasq[1]: 667886 192.168.1.151/57810 query[type=65] pki-goog.l.google.com from 192.168.1.151
Nov 22 14:11:41 10.0.0.2 ulogd[1267]: [NEW] ORIG: SRC=176.36.141.89 DST=194.50.85.7 PROTO=UDP SPT=40769 DPT=53 PKTS=0 BYTES=0 , REPLY: SRC=194.50.85.7 DST=176.36.141.89 PROTO=UDP SPT=53 DPT=40769 PKTS=0 BYTES=0
Nov 22 14:11:41 10.0.0.2 dnsmasq[1]: 667886 192.168.1.151/57810 forwarded pki-goog.l.google.com to 194.50.85.7
Nov 22 14:11:41 10.0.0.2 dnsmasq[1]: 667886 192.168.1.151/57810 reply pki-goog.l.google.com is NODATA
Nov 22 14:11:41 10.0.0.2 ulogd[1267]: [NEW] ORIG: SRC=192.168.1.151 DST=142.250.180.195 PROTO=TCP SPT=56489 DPT=80 PKTS=0 BYTES=0 , REPLY: SRC=142.250.180.195 DST=176.36.141.89 PROTO=TCP SPT=80 DPT=56489 PKTS=0 BYTES=0
Nov 22 14:11:41 10.0.0.2 ulogd[1267]: [NEW] ORIG: SRC=192.168.1.151 DST=142.250.180.195 PROTO=TCP SPT=56490 DPT=80 PKTS=0 BYTES=0 , REPLY: SRC=142.250.180.195 DST=176.36.141.89 PROTO=TCP SPT=80 DPT=56490 PKTS=0 BYTES=0
Nov 22 14:11:41 10.0.0.2 ulogd[1267]: [NEW] ORIG: SRC=192.168.1.151 DST=142.250.180.195 PROTO=TCP SPT=56491 DPT=80 PKTS=0 BYTES=0 , REPLY: SRC=142.250.180.195 DST=176.36.141.89 PROTO=TCP SPT=80 DPT=56491 PKTS=0 BYTES=0
Nov 22 14:11:41 10.0.0.2 ulogd[1267]: [NEW] ORIG: SRC=192.168.1.151 DST=142.250.180.195 PROTO=TCP SPT=56492 DPT=80 PKTS=0 BYTES=0 , REPLY: SRC=142.250.180.195 DST=176.36.141.89 PROTO=TCP SPT=80 DPT=56492 PKTS=0 BYTES=0
Nov 22 14:11:41 10.0.0.2 ulogd[1267]: [NEW] ORIG: SRC=192.168.1.151 DST=142.250.180.195 PROTO=TCP SPT=56493 DPT=80 PKTS=0 BYTES=0 , REPLY: SRC=142.250.180.195 DST=176.36.141.89 PROTO=TCP SPT=80 DPT=56493 PKTS=0 BYTES=0
Nov 22 14:11:41 10.0.0.2 ulogd[1267]: [NEW] ORIG: SRC=192.168.1.151 DST=142.250.180.195 PROTO=TCP SPT=56494 DPT=80 PKTS=0 BYTES=0 , REPLY: SRC=142.250.180.195 DST=176.36.141.89 PROTO=TCP SPT=80 DPT=56494 PKTS=0 BYTES=0
Nov 22 14:11:42 10.0.0.2 ulogd[1267]: [NEW] ORIG: SRC=192.168.1.151 DST=192.168.1.1 PROTO=UDP SPT=60348 DPT=53 PKTS=0 BYTES=0 , REPLY: SRC=192.168.1.1 DST=192.168.1.151 PROTO=UDP SPT=53 DPT=60348 PKTS=0 BYTES=0
Nov 22 14:11:42 10.0.0.2 dnsmasq[1]: 667887 192.168.1.151/60348 query[type=65] kvinit-prod.api.kochava.com from 192.168.1.151
Nov 22 14:11:42 10.0.0.2 ulogd[1267]: [NEW] ORIG: SRC=192.168.1.151 DST=192.168.1.1 PROTO=UDP SPT=57943 DPT=53 PKTS=0 BYTES=0 , REPLY: SRC=192.168.1.1 DST=192.168.1.151 PROTO=UDP SPT=53 DPT=57943 PKTS=0 BYTES=0
Nov 22 14:11:42 10.0.0.2 dnsmasq[1]: 667887 192.168.1.151/60348 forwarded kvinit-prod.api.kochava.com to 194.50.85.7
Nov 22 14:11:42 10.0.0.2 ulogd[1267]: [NEW] ORIG: SRC=176.36.141.89 DST=194.50.85.7 PROTO=UDP SPT=60719 DPT=53 PKTS=0 BYTES=0 , REPLY: SRC=194.50.85.7 DST=176.36.141.89 PROTO=UDP SPT=53 DPT=60719 PKTS=0 BYTES=0
Nov 22 14:11:42 10.0.0.2 dnsmasq[1]: 667888 192.168.1.151/57943 query[A] kvinit-prod.api.kochava.com from 192.168.1.151
Nov 22 14:11:42 10.0.0.2 ulogd[1267]: [NEW] ORIG: SRC=176.36.141.89 DST=194.50.85.7 PROTO=UDP SPT=32784 DPT=53 PKTS=0 BYTES=0 , REPLY: SRC=194.50.85.7 DST=176.36.141.89 PROTO=UDP SPT=53 DPT=32784 PKTS=0 BYTES=0
Nov 22 14:11:42 10.0.0.2 dnsmasq[1]: 667888 192.168.1.151/57943 forwarded kvinit-prod.api.kochava.com to 194.50.85.7
Nov 22 14:11:42 10.0.0.2 dnsmasq[1]: 667888 192.168.1.151/57943 reply kvinit-prod.api.kochava.com is 34.160.223.119
Nov 22 14:11:42 10.0.0.2 dnsmasq[1]: 667887 192.168.1.151/60348 reply kvinit-prod.api.kochava.com is NODATA
Nov 22 14:11:42 10.0.0.2 ulogd[1267]: [NEW] ORIG: SRC=192.168.1.151 DST=34.160.223.119 PROTO=TCP SPT=56495 DPT=443 PKTS=0 BYTES=0 , REPLY: SRC=34.160.223.119 DST=176.36.141.89 PROTO=TCP SPT=443 DPT=56495 PKTS=0 BYTES=0
Nov 22 14:11:43 10.0.0.2 ulogd[1267]: [NEW] ORIG: SRC=192.168.1.151 DST=192.168.1.1 PROTO=UDP SPT=51103 DPT=53 PKTS=0 BYTES=0 , REPLY: SRC=192.168.1.1 DST=192.168.1.151 PROTO=UDP SPT=53 DPT=51103 PKTS=0 BYTES=0
Nov 22 14:11:43 10.0.0.2 dnsmasq[1]: 667889 192.168.1.151/51103 query[A] app-measurement.com from 192.168.1.151
Nov 22 14:11:43 10.0.0.2 dnsmasq[1]: 667889 192.168.1.151/51103 forwarded app-measurement.com to 194.50.85.7
Nov 22 14:11:43 10.0.0.2 ulogd[1267]: [NEW] ORIG: SRC=176.36.141.89 DST=194.50.85.7 PROTO=UDP SPT=50254 DPT=53 PKTS=0 BYTES=0 , REPLY: SRC=194.50.85.7 DST=176.36.141.89 PROTO=UDP SPT=53 DPT=50254 PKTS=0 BYTES=0
Nov 22 14:11:43 10.0.0.2 dnsmasq[1]: 667889 192.168.1.151/51103 reply app-measurement.com is 142.251.208.174
Nov 22 14:11:43 10.0.0.2 ulogd[1267]: [NEW] ORIG: SRC=192.168.1.151 DST=192.168.1.1 PROTO=UDP SPT=52337 DPT=53 PKTS=0 BYTES=0 , REPLY: SRC=192.168.1.1 DST=192.168.1.151 PROTO=UDP SPT=53 DPT=52337 PKTS=0 BYTES=0
Nov 22 14:11:43 10.0.0.2 dnsmasq[1]: 667890 192.168.1.151/52337 query[type=65] control.kochava.com from 192.168.1.151
Nov 22 14:11:43 10.0.0.2 ulogd[1267]: [NEW] ORIG: SRC=192.168.1.151 DST=192.168.1.1 PROTO=UDP SPT=61243 DPT=53 PKTS=0 BYTES=0 , REPLY: SRC=192.168.1.1 DST=192.168.1.151 PROTO=UDP SPT=53 DPT=61243 PKTS=0 BYTES=0
Nov 22 14:11:43 10.0.0.2 dnsmasq[1]: 667890 192.168.1.151/52337 forwarded control.kochava.com to 194.50.85.7
Nov 22 14:11:43 10.0.0.2 ulogd[1267]: [NEW] ORIG: SRC=176.36.141.89 DST=194.50.85.7 PROTO=UDP SPT=34332 DPT=53 PKTS=0 BYTES=0 , REPLY: SRC=194.50.85.7 DST=176.36.141.89 PROTO=UDP SPT=53 DPT=34332 PKTS=0 BYTES=0
Nov 22 14:11:43 10.0.0.2 dnsmasq[1]: 667891 192.168.1.151/61243 query[A] control.kochava.com from 192.168.1.151
Nov 22 14:11:43 10.0.0.2 dnsmasq[1]: 667891 192.168.1.151/61243 forwarded control.kochava.com to 194.50.85.7
Nov 22 14:11:43 10.0.0.2 ulogd[1267]: [NEW] ORIG: SRC=176.36.141.89 DST=194.50.85.7 PROTO=UDP SPT=54376 DPT=53 PKTS=0 BYTES=0 , REPLY: SRC=194.50.85.7 DST=176.36.141.89 PROTO=UDP SPT=53 DPT=54376 PKTS=0 BYTES=0
Nov 22 14:11:43 10.0.0.2 dnsmasq[1]: 667891 192.168.1.151/61243 reply control.kochava.com is 107.178.254.148
Nov 22 14:11:43 10.0.0.2 dnsmasq[1]: 667890 192.168.1.151/52337 reply control.kochava.com is NODATA
Nov 22 14:11:43 10.0.0.2 ulogd[1267]: [NEW] ORIG: SRC=192.168.1.151 DST=107.178.254.148 PROTO=TCP SPT=56497 DPT=443 PKTS=0 BYTES=0 , REPLY: SRC=107.178.254.148 DST=176.36.141.89 PROTO=TCP SPT=443 DPT=56497 PKTS=0 BYTES=0
Nov 22 14:11:43 10.0.0.2 ulogd[1267]: [NEW] ORIG: SRC=192.168.1.151 DST=107.178.254.148 PROTO=TCP SPT=56498 DPT=443 PKTS=0 BYTES=0 , REPLY: SRC=107.178.254.148 DST=176.36.141.89 PROTO=TCP SPT=443 DPT=56498 PKTS=0 BYTES=0
Nov 22 14:11:43 10.0.0.2 ulogd[1267]: [NEW] ORIG: SRC=192.168.1.151 DST=23.48.0.23 PROTO=TCP SPT=56496 DPT=443 PKTS=0 BYTES=0 , REPLY: SRC=23.48.0.23 DST=176.36.141.89 PROTO=TCP SPT=443 DPT=56496 PKTS=0 BYTES=0
Nov 22 14:11:44 10.0.0.2 dnsmasq[1]: 667892 192.168.1.151/52337 query[type=65] control.kochava.com from 192.168.1.151
Nov 22 14:11:44 10.0.0.2 ulogd[1267]: [NEW] ORIG: SRC=192.168.1.151 DST=192.168.1.1 PROTO=UDP SPT=49859 DPT=53 PKTS=0 BYTES=0 , REPLY: SRC=192.168.1.1 DST=192.168.1.151 PROTO=UDP SPT=53 DPT=49859 PKTS=0 BYTES=0
Nov 22 14:11:44 10.0.0.2 dnsmasq[1]: 667892 192.168.1.151/52337 forwarded control.kochava.com to 194.50.85.7
Nov 22 14:11:44 10.0.0.2 ulogd[1267]: [NEW] ORIG: SRC=192.168.1.151 DST=192.168.1.1 PROTO=UDP SPT=55566 DPT=53 PKTS=0 BYTES=0 , REPLY: SRC=192.168.1.1 DST=192.168.1.151 PROTO=UDP SPT=53 DPT=55566 PKTS=0 BYTES=0
Nov 22 14:11:44 10.0.0.2 dnsmasq[1]: 667893 192.168.1.151/49859 query[type=65] ocsp.digicert.com from 192.168.1.151
Nov 22 14:11:44 10.0.0.2 ulogd[1267]: [NEW] ORIG: SRC=176.36.141.89 DST=194.50.85.7 PROTO=UDP SPT=33978 DPT=53 PKTS=0 BYTES=0 , REPLY: SRC=194.50.85.7 DST=176.36.141.89 PROTO=UDP SPT=53 DPT=33978 PKTS=0 BYTES=0
Nov 22 14:11:44 10.0.0.2 dnsmasq[1]: 667893 192.168.1.151/49859 forwarded ocsp.digicert.com to 194.50.85.7
Nov 22 14:11:44 10.0.0.2 dnsmasq[1]: 667894 192.168.1.151/55566 query[A] ocsp.digicert.com from 192.168.1.151
Nov 22 14:11:44 10.0.0.2 dnsmasq[1]: 667894 192.168.1.151/55566 forwarded ocsp.digicert.com to 194.50.85.7
Nov 22 14:11:44 10.0.0.2 dnsmasq[1]: 667893 192.168.1.151/49859 reply ocsp.digicert.com is <CNAME>
Nov 22 14:11:44 10.0.0.2 dnsmasq[1]: 667893 192.168.1.151/49859 reply ocsp.edge.digicert.com is <CNAME>
Nov 22 14:11:44 10.0.0.2 dnsmasq[1]: 667893 192.168.1.151/49859 reply fp2e7a.wpc.2be4.phicdn.net is <CNAME>
Nov 22 14:11:44 10.0.0.2 dnsmasq[1]: 667893 192.168.1.151/49859 reply fp2e7a.wpc.phicdn.net is NODATA
Nov 22 14:11:44 10.0.0.2 ulogd[1267]: [NEW] ORIG: SRC=176.36.141.89 DST=194.50.85.7 PROTO=UDP SPT=38474 DPT=53 PKTS=0 BYTES=0 , REPLY: SRC=194.50.85.7 DST=176.36.141.89 PROTO=UDP SPT=53 DPT=38474 PKTS=0 BYTES=0
Nov 22 14:11:44 10.0.0.2 dnsmasq[1]: 667894 192.168.1.151/55566 reply ocsp.digicert.com is <CNAME>
Nov 22 14:11:44 10.0.0.2 ulogd[1267]: [NEW] ORIG: SRC=176.36.141.89 DST=194.50.85.7 PROTO=UDP SPT=49088 DPT=53 PKTS=0 BYTES=0 , REPLY: SRC=194.50.85.7 DST=176.36.141.89 PROTO=UDP SPT=53 DPT=49088 PKTS=0 BYTES=0
Nov 22 14:11:44 10.0.0.2 dnsmasq[1]: 667894 192.168.1.151/55566 reply ocsp.edge.digicert.com is <CNAME>
Nov 22 14:11:44 10.0.0.2 dnsmasq[1]: 667894 192.168.1.151/55566 reply fp2e7a.wpc.2be4.phicdn.net is <CNAME>
Nov 22 14:11:44 10.0.0.2 ulogd[1267]: [NEW] ORIG: SRC=192.168.1.151 DST=192.168.1.1 PROTO=UDP SPT=53772 DPT=53 PKTS=0 BYTES=0 , REPLY: SRC=192.168.1.1 DST=192.168.1.151 PROTO=UDP SPT=53 DPT=53772 PKTS=0 BYTES=0
Nov 22 14:11:44 10.0.0.2 dnsmasq[1]: 667894 192.168.1.151/55566 reply fp2e7a.wpc.phicdn.net is 192.229.221.95
Nov 22 14:11:44 10.0.0.2 dnsmasq[1]: 667895 192.168.1.151/53772 query[type=65] fp2e7a.wpc.phicdn.net from 192.168.1.151
Nov 22 14:11:44 10.0.0.2 ulogd[1267]: [NEW] ORIG: SRC=176.36.141.89 DST=194.50.85.7 PROTO=UDP SPT=59843 DPT=53 PKTS=0 BYTES=0 , REPLY: SRC=194.50.85.7 DST=176.36.141.89 PROTO=UDP SPT=53 DPT=59843 PKTS=0 BYTES=0
Nov 22 14:11:44 10.0.0.2 dnsmasq[1]: 667895 192.168.1.151/53772 forwarded fp2e7a.wpc.phicdn.net to 194.50.85.7
Nov 22 14:11:44 10.0.0.2 dnsmasq[1]: 667895 192.168.1.151/53772 reply fp2e7a.wpc.phicdn.net is NODATA
Nov 22 14:11:44 10.0.0.2 ulogd[1267]: [NEW] ORIG: SRC=192.168.1.151 DST=192.229.221.95 PROTO=TCP SPT=56499 DPT=80 PKTS=0 BYTES=0 , REPLY: SRC=192.229.221.95 DST=176.36.141.89 PROTO=TCP SPT=80 DPT=56499 PKTS=0 BYTES=0
Nov 22 14:11:44 10.0.0.2 dnsmasq[1]: 667892 192.168.1.151/52337 reply control.kochava.com is NODATA
Nov 22 14:11:45 10.0.0.2 ulogd[1267]: [NEW] ORIG: SRC=192.168.1.151 DST=192.168.1.1 PROTO=UDP SPT=64866 DPT=53 PKTS=0 BYTES=0 , REPLY: SRC=192.168.1.1 DST=192.168.1.151 PROTO=UDP SPT=53 DPT=64866 PKTS=0 BYTES=0
Nov 22 14:11:45 10.0.0.2 dnsmasq[1]: 667896 192.168.1.151/64866 query[type=65] setup.icloud.com from 192.168.1.151
Nov 22 14:11:45 10.0.0.2 ulogd[1267]: [NEW] ORIG: SRC=192.168.1.151 DST=192.168.1.1 PROTO=UDP SPT=55287 DPT=53 PKTS=0 BYTES=0 , REPLY: SRC=192.168.1.1 DST=192.168.1.151 PROTO=UDP SPT=53 DPT=55287 PKTS=0 BYTES=0
Nov 22 14:11:45 10.0.0.2 dnsmasq[1]: 667896 192.168.1.151/64866 forwarded setup.icloud.com to 194.50.85.7
Nov 22 14:11:45 10.0.0.2 ulogd[1267]: [NEW] ORIG: SRC=176.36.141.89 DST=194.50.85.7 PROTO=UDP SPT=55411 DPT=53 PKTS=0 BYTES=0 , REPLY: SRC=194.50.85.7 DST=176.36.141.89 PROTO=UDP SPT=53 DPT=55411 PKTS=0 BYTES=0
Nov 22 14:11:45 10.0.0.2 dnsmasq[1]: 667897 192.168.1.151/55287 query[A] setup.icloud.com from 192.168.1.151
Nov 22 14:11:45 10.0.0.2 ulogd[1267]: [NEW] ORIG: SRC=176.36.141.89 DST=194.50.85.7 PROTO=UDP SPT=46918 DPT=53 PKTS=0 BYTES=0 , REPLY: SRC=194.50.85.7 DST=176.36.141.89 PROTO=UDP SPT=53 DPT=46918 PKTS=0 BYTES=0
Nov 22 14:11:45 10.0.0.2 dnsmasq[1]: 667897 192.168.1.151/55287 forwarded setup.icloud.com to 194.50.85.7
Nov 22 14:11:45 10.0.0.2 dnsmasq[1]: 667897 192.168.1.151/55287 reply setup.icloud.com is <CNAME>
Nov 22 14:11:45 10.0.0.2 dnsmasq[1]: 667897 192.168.1.151/55287 reply setup.fe.apple-dns.net is 17.248.213.70
Nov 22 14:11:45 10.0.0.2 dnsmasq[1]: 667897 192.168.1.151/55287 reply setup.fe.apple-dns.net is 17.248.213.65
Nov 22 14:11:45 10.0.0.2 dnsmasq[1]: 667897 192.168.1.151/55287 reply setup.fe.apple-dns.net is 17.248.213.71
Nov 22 14:11:45 10.0.0.2 dnsmasq[1]: 667897 192.168.1.151/55287 reply setup.fe.apple-dns.net is 17.248.213.69
Nov 22 14:11:45 10.0.0.2 dnsmasq[1]: 667897 192.168.1.151/55287 reply setup.fe.apple-dns.net is 17.248.213.66
Nov 22 14:11:45 10.0.0.2 dnsmasq[1]: 667897 192.168.1.151/55287 reply setup.fe.apple-dns.net is 17.248.213.67
Nov 22 14:11:45 10.0.0.2 dnsmasq[1]: 667897 192.168.1.151/55287 reply setup.fe.apple-dns.net is 17.248.213.68
Nov 22 14:11:45 10.0.0.2 dnsmasq[1]: 667897 192.168.1.151/55287 reply setup.fe.apple-dns.net is 17.248.213.64
Nov 22 14:11:45 10.0.0.2 dnsmasq[1]: 667896 192.168.1.151/64866 reply setup.icloud.com is <CNAME>
Nov 22 14:11:45 10.0.0.2 dnsmasq[1]: 667896 192.168.1.151/64866 reply setup.fe.apple-dns.net is NODATA
Nov 22 14:11:45 10.0.0.2 ulogd[1267]: [NEW] ORIG: SRC=192.168.1.151 DST=192.168.1.1 PROTO=UDP SPT=59919 DPT=53 PKTS=0 BYTES=0 , REPLY: SRC=192.168.1.1 DST=192.168.1.151 PROTO=UDP SPT=53 DPT=59919 PKTS=0 BYTES=0
Nov 22 14:11:45 10.0.0.2 dnsmasq[1]: 667898 192.168.1.151/59919 query[type=65] setup.fe.apple-dns.net from 192.168.1.151
Nov 22 14:11:45 10.0.0.2 dnsmasq[1]: 667898 192.168.1.151/59919 forwarded setup.fe.apple-dns.net to 194.50.85.7
Nov 22 14:11:45 10.0.0.2 ulogd[1267]: [NEW] ORIG: SRC=176.36.141.89 DST=194.50.85.7 PROTO=UDP SPT=54868 DPT=53 PKTS=0 BYTES=0 , REPLY: SRC=194.50.85.7 DST=176.36.141.89 PROTO=UDP SPT=53 DPT=54868 PKTS=0 BYTES=0
Nov 22 14:11:45 10.0.0.2 dnsmasq[1]: 667898 192.168.1.151/59919 reply setup.fe.apple-dns.net is NODATA
Nov 22 14:11:45 10.0.0.2 ulogd[1267]: [NEW] ORIG: SRC=192.168.1.151 DST=17.248.213.70 PROTO=TCP SPT=56500 DPT=443 PKTS=0 BYTES=0 , REPLY: SRC=17.248.213.70 DST=176.36.141.89 PROTO=TCP SPT=443 DPT=56500 PKTS=0 BYTES=0
Nov 22 14:11:45 10.0.0.2 ulogd[1267]: [NEW] ORIG: SRC=192.168.1.151 DST=23.48.0.23 PROTO=TCP SPT=56501 DPT=443 PKTS=0 BYTES=0 , REPLY: SRC=23.48.0.23 DST=176.36.141.89 PROTO=TCP SPT=443 DPT=56501 PKTS=0 BYTES=0
Nov 22 14:11:45 10.0.0.2 ulogd[1267]: [NEW] ORIG: SRC=192.168.1.151 DST=192.168.1.1 PROTO=UDP SPT=63803 DPT=53 PKTS=0 BYTES=0 , REPLY: SRC=192.168.1.1 DST=192.168.1.151 PROTO=UDP SPT=53 DPT=63803 PKTS=0 BYTES=0
Nov 22 14:11:45 10.0.0.2 dnsmasq[1]: 667899 192.168.1.151/63803 query[type=65] firebaseremoteconfig.googleapis.com from 192.168.1.151
Nov 22 14:11:45 10.0.0.2 ulogd[1267]: [NEW] ORIG: SRC=192.168.1.151 DST=192.168.1.1 PROTO=UDP SPT=54192 DPT=53 PKTS=0 BYTES=0 , REPLY: SRC=192.168.1.1 DST=192.168.1.151 PROTO=UDP SPT=53 DPT=54192 PKTS=0 BYTES=0
Nov 22 14:11:45 10.0.0.2 dnsmasq[1]: 667899 192.168.1.151/63803 forwarded firebaseremoteconfig.googleapis.com to 194.50.85.7
Nov 22 14:11:45 10.0.0.2 dnsmasq[1]: 667900 192.168.1.151/54192 query[A] firebaseremoteconfig.googleapis.com from 192.168.1.151
