Nov 22 14:13:53 10.0.0.2 ulogd[1267]: [DESTROY] ORIG: SRC=192.168.1.180 DST=217.72.199.27 PROTO=TCP SPT=61667 DPT=443 PKTS=38 BYTES=4002 , REPLY: SRC=217.72.199.27 DST=176.36.141.89 PROTO=TCP SPT=443 DPT=61667 PKTS=48 BYTES=15548
Nov 22 14:13:53 10.0.0.2 ulogd[1267]: [DESTROY] ORIG: SRC=192.168.1.151 DST=192.168.1.1 PROTO=UDP SPT=55566 DPT=53 PKTS=1 BYTES=63 , REPLY: SRC=192.168.1.1 DST=192.168.1.151 PROTO=UDP SPT=53 DPT=55566 PKTS=1 BYTES=168
Nov 22 14:13:53 10.0.0.2 ulogd[1267]: [DESTROY] ORIG: SRC=192.168.1.151 DST=192.168.1.1 PROTO=UDP SPT=53789 DPT=53 PKTS=1 BYTES=65 , REPLY: SRC=192.168.1.1 DST=192.168.1.151 PROTO=UDP SPT=53 DPT=53789 PKTS=1 BYTES=139
Nov 22 14:13:53 10.0.0.2 ulogd[1267]: [DESTROY] ORIG: SRC=192.168.1.1 DST=192.168.1.45 PROTO=UDP SPT=43498 DPT=5353 PKTS=1 BYTES=63 , REPLY: SRC=192.168.1.45 DST=192.168.1.1 PROTO=UDP SPT=5353 DPT=43498 PKTS=0 BYTES=0
Nov 22 14:13:53 10.0.0.2 ulogd[1267]: [DESTROY] ORIG: SRC=176.36.141.89 DST=194.50.85.5 PROTO=UDP SPT=42974 DPT=53 PKTS=1 BYTES=63 , REPLY: SRC=194.50.85.5 DST=176.36.141.89 PROTO=UDP SPT=53 DPT=42974 PKTS=1 BYTES=168
Nov 22 14:13:53 10.0.0.2 ulogd[1267]: [DESTROY] ORIG: SRC=192.168.1.151 DST=23.48.0.23 PROTO=TCP SPT=56501 DPT=443 PKTS=24 BYTES=2681 , REPLY: SRC=23.48.0.23 DST=176.36.141.89 PROTO=TCP SPT=443 DPT=56501 PKTS=20 BYTES=9819
Nov 22 14:13:53 10.0.0.2 ulogd[1267]: [DESTROY] ORIG: SRC=176.36.141.89 DST=194.50.85.5 PROTO=UDP SPT=45478 DPT=53 PKTS=1 BYTES=81 , REPLY: SRC=194.50.85.5 DST=176.36.141.89 PROTO=UDP SPT=53 DPT=45478 PKTS=1 BYTES=156
Nov 22 14:13:53 10.0.0.2 ulogd[1267]: [DESTROY] ORIG: SRC=176.36.141.89 DST=194.50.85.5 PROTO=UDP SPT=43820 DPT=53 PKTS=1 BYTES=61 , REPLY: SRC=194.50.85.5 DST=176.36.141.89 PROTO=UDP SPT=53 DPT=43820 PKTS=1 BYTES=123
Nov 22 14:13:53 10.0.0.2 ulogd[1267]: [DESTROY] ORIG: SRC=192.168.1.151 DST=192.168.1.1 PROTO=UDP SPT=50190 DPT=53 PKTS=1 BYTES=70 , REPLY: SRC=192.168.1.1 DST=192.168.1.151 PROTO=UDP SPT=53 DPT=50190 PKTS=1 BYTES=183
Nov 22 14:13:53 10.0.0.2 ulogd[1267]: [DESTROY] ORIG: SRC=192.168.1.151 DST=192.168.1.1 PROTO=UDP SPT=61948 DPT=53 PKTS=1 BYTES=82 , REPLY: SRC=192.168.1.1 DST=192.168.1.151 PROTO=UDP SPT=53 DPT=61948 PKTS=1 BYTES=140
Nov 22 14:13:53 10.0.0.2 ulogd[1267]: [DESTROY] ORIG: SRC=192.168.1.151 DST=192.168.1.1 PROTO=UDP SPT=60557 DPT=53 PKTS=1 BYTES=76 , REPLY: SRC=192.168.1.1 DST=192.168.1.151 PROTO=UDP SPT=53 DPT=60557 PKTS=1 BYTES=133
Nov 22 14:13:53 10.0.0.2 ulogd[1267]: [DESTROY] ORIG: SRC=192.168.1.151 DST=192.168.1.1 PROTO=UDP SPT=50809 DPT=53 PKTS=1 BYTES=82 , REPLY: SRC=192.168.1.1 DST=192.168.1.151 PROTO=UDP SPT=53 DPT=50809 PKTS=1 BYTES=139
Nov 22 14:13:53 10.0.0.2 ulogd[1267]: [DESTROY] ORIG: SRC=192.168.1.151 DST=192.168.1.1 PROTO=UDP SPT=52139 DPT=53 PKTS=1 BYTES=64 , REPLY: SRC=192.168.1.1 DST=192.168.1.151 PROTO=UDP SPT=53 DPT=52139 PKTS=1 BYTES=146
Nov 22 14:13:53 10.0.0.2 ulogd[1267]: [DESTROY] ORIG: SRC=192.168.1.151 DST=192.168.1.1 PROTO=UDP SPT=63803 DPT=53 PKTS=1 BYTES=81 , REPLY: SRC=192.168.1.1 DST=192.168.1.151 PROTO=UDP SPT=53 DPT=63803 PKTS=1 BYTES=138
Nov 22 14:13:53 10.0.0.2 ulogd[1267]: [DESTROY] ORIG: SRC=192.168.1.151 DST=17.248.213.70 PROTO=TCP SPT=56468 DPT=443 PKTS=40 BYTES=7628 , REPLY: SRC=17.248.213.70 DST=176.36.141.89 PROTO=TCP SPT=443 DPT=56468 PKTS=42 BYTES=19875
Nov 22 14:13:53 10.0.0.2 ulogd[1267]: [DESTROY] ORIG: SRC=192.168.1.180 DST=35.186.224.25 PROTO=UDP SPT=51500 DPT=443 PKTS=10 BYTES=6223 , REPLY: SRC=35.186.224.25 DST=176.36.141.89 PROTO=UDP SPT=443 DPT=51500 PKTS=8 BYTES=2695
Nov 22 14:13:53 10.0.0.2 ulogd[1267]: [DESTROY] ORIG: SRC=176.36.141.89 DST=194.50.85.7 PROTO=UDP SPT=51731 DPT=53 PKTS=1 BYTES=76 , REPLY: SRC=194.50.85.7 DST=176.36.141.89 PROTO=UDP SPT=53 DPT=51731 PKTS=1 BYTES=133
Nov 22 14:13:53 10.0.0.2 ulogd[1267]: [DESTROY] ORIG: SRC=192.168.1.151 DST=17.36.202.255 PROTO=TCP SPT=56472 DPT=443 PKTS=16 BYTES=1966 , REPLY: SRC=17.36.202.255 DST=176.36.141.89 PROTO=TCP SPT=443 DPT=56472 PKTS=12 BYTES=6327
Nov 22 14:13:53 10.0.0.2 ulogd[1267]: [DESTROY] ORIG: SRC=192.168.1.151 DST=192.168.1.1 PROTO=UDP SPT=53307 DPT=53 PKTS=1 BYTES=79 , REPLY: SRC=192.168.1.1 DST=192.168.1.151 PROTO=UDP SPT=53 DPT=53307 PKTS=1 BYTES=136
Nov 22 14:13:53 10.0.0.2 ulogd[1267]: [DESTROY] ORIG: SRC=176.36.141.89 DST=194.50.85.7 PROTO=UDP SPT=33154 DPT=53 PKTS=1 BYTES=64 , REPLY: SRC=194.50.85.7 DST=176.36.141.89 PROTO=UDP SPT=53 DPT=33154 PKTS=1 BYTES=146
Nov 22 14:13:53 10.0.0.2 ulogd[1267]: [DESTROY] ORIG: SRC=176.36.141.89 DST=194.50.85.5 PROTO=UDP SPT=58999 DPT=53 PKTS=1 BYTES=66 , REPLY: SRC=194.50.85.5 DST=176.36.141.89 PROTO=UDP SPT=53 DPT=58999 PKTS=1 BYTES=248
Nov 22 14:13:53 10.0.0.2 ulogd[1267]: [DESTROY] ORIG: SRC=176.36.141.89 DST=194.50.85.7 PROTO=UDP SPT=43498 DPT=53 PKTS=1 BYTES=63 , REPLY: SRC=194.50.85.7 DST=176.36.141.89 PROTO=UDP SPT=53 DPT=43498 PKTS=1 BYTES=168
Nov 22 14:13:53 10.0.0.2 ulogd[1267]: [DESTROY] ORIG: SRC=176.36.141.89 DST=194.50.85.5 PROTO=UDP SPT=40014 DPT=53 PKTS=1 BYTES=69 , REPLY: SRC=194.50.85.5 DST=176.36.141.89 PROTO=UDP SPT=53 DPT=40014 PKTS=1 BYTES=172
Nov 22 14:13:53 10.0.0.2 ulogd[1267]: [DESTROY] ORIG: SRC=192.168.1.151 DST=104.18.214.59 PROTO=TCP SPT=56475 DPT=443 PKTS=27 BYTES=3926 , REPLY: SRC=104.18.214.59 DST=176.36.141.89 PROTO=TCP SPT=443 DPT=56475 PKTS=20 BYTES=6225
Nov 22 14:13:53 10.0.0.2 ulogd[1267]: [DESTROY] ORIG: SRC=176.36.141.89 DST=194.50.85.5 PROTO=UDP SPT=43147 DPT=53 PKTS=1 BYTES=79 , REPLY: SRC=194.50.85.5 DST=176.36.141.89 PROTO=UDP SPT=53 DPT=43147 PKTS=1 BYTES=255
Nov 22 14:13:53 10.0.0.2 ulogd[1267]: [DESTROY] ORIG: SRC=192.168.1.45 DST=185.199.110.133 PROTO=TCP SPT=60204 DPT=443 PKTS=16 BYTES=1422 , REPLY: SRC=185.199.110.133 DST=176.36.141.89 PROTO=TCP SPT=443 DPT=60204 PKTS=16 BYTES=5635
Nov 22 14:13:53 10.0.0.2 ulogd[1267]: [DESTROY] ORIG: SRC=176.36.141.89 DST=194.50.85.7 PROTO=UDP SPT=34113 DPT=53 PKTS=1 BYTES=76 , REPLY: SRC=194.50.85.7 DST=176.36.141.89 PROTO=UDP SPT=53 DPT=34113 PKTS=1 BYTES=236
Nov 22 14:13:53 10.0.0.2 ulogd[1267]: [DESTROY] ORIG: SRC=192.168.1.151 DST=192.168.1.1 PROTO=UDP SPT=55991 DPT=53 PKTS=1 BYTES=61 , REPLY: SRC=192.168.1.1 DST=192.168.1.151 PROTO=UDP SPT=53 DPT=55991 PKTS=1 BYTES=123
Nov 22 14:13:53 10.0.0.2 ulogd[1267]: [DESTROY] ORIG: SRC=192.168.1.151 DST=192.168.1.1 PROTO=UDP SPT=59945 DPT=53 PKTS=1 BYTES=65 , REPLY: SRC=192.168.1.1 DST=192.168.1.151 PROTO=UDP SPT=53 DPT=59945 PKTS=1 BYTES=105
Nov 22 14:13:53 10.0.0.2 ulogd[1267]: [DESTROY] ORIG: SRC=176.36.141.89 DST=194.50.85.5 PROTO=UDP SPT=52293 DPT=53 PKTS=1 BYTES=81 , REPLY: SRC=194.50.85.5 DST=176.36.141.89 PROTO=UDP SPT=53 DPT=52293 PKTS=1 BYTES=147
Nov 22 14:13:53 10.0.0.2 ulogd[1267]: [DESTROY] ORIG: SRC=192.168.1.151 DST=192.168.1.1 PROTO=UDP SPT=57943 DPT=53 PKTS=1 BYTES=73 , REPLY: SRC=192.168.1.1 DST=192.168.1.151 PROTO=UDP SPT=53 DPT=57943 PKTS=1 BYTES=89
Nov 22 14:13:53 10.0.0.2 ulogd[1267]: [DESTROY] ORIG: SRC=192.168.1.151 DST=192.168.1.1 PROTO=UDP SPT=59499 DPT=53 PKTS=1 BYTES=64 , REPLY: SRC=192.168.1.1 DST=192.168.1.151 PROTO=UDP SPT=53 DPT=59499 PKTS=1 BYTES=230
Nov 22 14:13:53 10.0.0.2 ulogd[1267]: [DESTROY] ORIG: SRC=176.36.141.89 DST=194.50.85.7 PROTO=UDP SPT=34669 DPT=53 PKTS=1 BYTES=62 , REPLY: SRC=194.50.85.7 DST=176.36.141.89 PROTO=UDP SPT=53 DPT=34669 PKTS=1 BYTES=251
Nov 22 14:13:53 10.0.0.2 ulogd[1267]: [DESTROY] ORIG: SRC=192.168.1.151 DST=34.160.223.119 PROTO=TCP SPT=56495 DPT=443 PKTS=24 BYTES=3901 , REPLY: SRC=34.160.223.119 DST=176.36.141.89 PROTO=TCP SPT=443 DPT=56495 PKTS=16 BYTES=9707
Nov 22 14:13:53 10.0.0.2 ulogd[1267]: [DESTROY] ORIG: SRC=176.36.141.89 DST=194.50.85.5 PROTO=UDP SPT=38766 DPT=53 PKTS=1 BYTES=69 , REPLY: SRC=194.50.85.5 DST=176.36.141.89 PROTO=UDP SPT=53 DPT=38766 PKTS=1 BYTES=218
Nov 22 14:13:53 10.0.0.2 ulogd[1267]: [DESTROY] ORIG: SRC=176.36.141.89 DST=194.50.85.7 PROTO=UDP SPT=33978 DPT=53 PKTS=1 BYTES=65 , REPLY: SRC=194.50.85.7 DST=176.36.141.89 PROTO=UDP SPT=53 DPT=33978 PKTS=1 BYTES=135
Nov 22 14:13:53 10.0.0.2 ulogd[1267]: [DESTROY] ORIG: SRC=176.36.141.89 DST=194.50.85.5 PROTO=UDP SPT=40277 DPT=53 PKTS=1 BYTES=65 , REPLY: SRC=194.50.85.5 DST=176.36.141.89 PROTO=UDP SPT=53 DPT=40277 PKTS=1 BYTES=105
Nov 22 14:13:53 10.0.0.2 ulogd[1267]: [DESTROY] ORIG: SRC=192.168.1.151 DST=192.168.1.1 PROTO=UDP SPT=51340 DPT=53 PKTS=1 BYTES=73 , REPLY: SRC=192.168.1.1 DST=192.168.1.151 PROTO=UDP SPT=53 DPT=51340 PKTS=1 BYTES=138
Nov 22 14:13:53 10.0.0.2 ulogd[1267]: [DESTROY] ORIG: SRC=192.168.1.151 DST=192.168.1.1 PROTO=UDP SPT=55229 DPT=53 PKTS=1 BYTES=66 , REPLY: SRC=192.168.1.1 DST=192.168.1.151 PROTO=UDP SPT=53 DPT=55229 PKTS=1 BYTES=207
Nov 22 14:13:53 10.0.0.2 ulogd[1267]: [DESTROY] ORIG: SRC=192.168.1.151 DST=192.168.1.1 PROTO=UDP SPT=57224 DPT=53 PKTS=1 BYTES=61 , REPLY: SRC=192.168.1.1 DST=192.168.1.151 PROTO=UDP SPT=53 DPT=57224 PKTS=1 BYTES=123
Nov 22 14:13:53 10.0.0.2 ulogd[1267]: [DESTROY] ORIG: SRC=192.168.1.151 DST=23.48.0.23 PROTO=TCP SPT=56505 DPT=443 PKTS=25 BYTES=2396 , REPLY: SRC=23.48.0.23 DST=176.36.141.89 PROTO=TCP SPT=443 DPT=56505 PKTS=23 BYTES=22680
Nov 22 14:13:53 10.0.0.2 ulogd[1267]: [DESTROY] ORIG: SRC=192.168.1.151 DST=192.168.1.1 PROTO=UDP SPT=60348 DPT=53 PKTS=1 BYTES=73 , REPLY: SRC=192.168.1.1 DST=192.168.1.151 PROTO=UDP SPT=53 DPT=60348 PKTS=1 BYTES=163
Nov 22 14:13:53 10.0.0.2 ulogd[1267]: [DESTROY] ORIG: SRC=192.168.1.151 DST=142.251.39.42 PROTO=TCP SPT=56503 DPT=443 PKTS=21 BYTES=3049 , REPLY: SRC=142.251.39.42 DST=176.36.141.89 PROTO=TCP SPT=443 DPT=56503 PKTS=17 BYTES=6972
Nov 22 14:13:53 10.0.0.2 ulogd[1267]: [DESTROY] ORIG: SRC=176.36.141.89 DST=194.50.85.5 PROTO=UDP SPT=58810 DPT=53 PKTS=1 BYTES=79 , REPLY: SRC=194.50.85.5 DST=176.36.141.89 PROTO=UDP SPT=53 DPT=58810 PKTS=1 BYTES=136
Nov 22 14:13:53 10.0.0.2 ulogd[1267]: [DESTROY] ORIG: SRC=176.36.141.89 DST=194.50.85.5 PROTO=UDP SPT=43498 DPT=53 PKTS=1 BYTES=63 , REPLY: SRC=194.50.85.5 DST=176.36.141.89 PROTO=UDP SPT=53 DPT=43498 PKTS=1 BYTES=168
Nov 22 14:13:53 10.0.0.2 ulogd[1267]: [DESTROY] ORIG: SRC=176.36.141.89 DST=194.50.85.5 PROTO=UDP SPT=37307 DPT=53 PKTS=1 BYTES=66 , REPLY: SRC=194.50.85.5 DST=176.36.141.89 PROTO=UDP SPT=53 DPT=37307 PKTS=1 BYTES=116
Nov 22 14:13:53 10.0.0.2 ulogd[1267]: [DESTROY] ORIG: SRC=192.168.1.151 DST=192.168.1.1 PROTO=UDP SPT=59919 DPT=53 PKTS=1 BYTES=68 , REPLY: SRC=192.168.1.1 DST=192.168.1.151 PROTO=UDP SPT=53 DPT=59919 PKTS=1 BYTES=141
Nov 22 14:13:53 10.0.0.2 ulogd[1267]: [DESTROY] ORIG: SRC=176.36.141.89 DST=194.50.85.5 PROTO=UDP SPT=58421 DPT=53 PKTS=1 BYTES=61 , REPLY: SRC=194.50.85.5 DST=176.36.141.89 PROTO=UDP SPT=53 DPT=58421 PKTS=1 BYTES=77
Nov 22 14:13:53 10.0.0.2 ulogd[1267]: [DESTROY] ORIG: SRC=176.36.141.89 DST=194.50.85.7 PROTO=UDP SPT=54376 DPT=53 PKTS=1 BYTES=65 , REPLY: SRC=194.50.85.7 DST=176.36.141.89 PROTO=UDP SPT=53 DPT=54376 PKTS=1 BYTES=81
Nov 22 14:13:53 10.0.0.2 ulogd[1267]: [DESTROY] ORIG: SRC=192.168.1.180 DST=18.244.102.10 PROTO=TCP SPT=61688 DPT=443 PKTS=9 BYTES=2997 , REPLY: SRC=18.244.102.10 DST=176.36.141.89 PROTO=TCP SPT=443 DPT=61688 PKTS=8 BYTES=727
Nov 22 14:13:53 10.0.0.2 ulogd[1267]: [DESTROY] ORIG: SRC=192.168.1.151 DST=192.168.1.1 PROTO=UDP SPT=49859 DPT=53 PKTS=1 BYTES=63 , REPLY: SRC=192.168.1.1 DST=192.168.1.151 PROTO=UDP SPT=53 DPT=49859 PKTS=1 BYTES=205
Nov 22 14:13:53 10.0.0.2 ulogd[1267]: [DESTROY] ORIG: SRC=176.36.141.89 DST=194.50.85.7 PROTO=UDP SPT=38474 DPT=53 PKTS=1 BYTES=63 , REPLY: SRC=194.50.85.7 DST=176.36.141.89 PROTO=UDP SPT=53 DPT=38474 PKTS=1 BYTES=205
Nov 22 14:13:53 10.0.0.2 ulogd[1267]: [DESTROY] ORIG: SRC=192.168.1.151 DST=107.178.254.148 PROTO=TCP SPT=56498 DPT=443 PKTS=23 BYTES=2883 , REPLY: SRC=107.178.254.148 DST=176.36.141.89 PROTO=TCP SPT=443 DPT=56498 PKTS=19 BYTES=8590
Nov 22 14:13:53 10.0.0.2 ulogd[1267]: [DESTROY] ORIG: SRC=176.36.141.89 DST=194.50.85.5 PROTO=UDP SPT=36598 DPT=53 PKTS=1 BYTES=67 , REPLY: SRC=194.50.85.5 DST=176.36.141.89 PROTO=UDP SPT=53 DPT=36598 PKTS=1 BYTES=131
Nov 22 14:13:53 10.0.0.2 ulogd[1267]: [DESTROY] ORIG: SRC=176.36.141.89 DST=194.50.85.5 PROTO=UDP SPT=57897 DPT=53 PKTS=1 BYTES=60 , REPLY: SRC=194.50.85.5 DST=176.36.141.89 PROTO=UDP SPT=53 DPT=57897 PKTS=1 BYTES=76
Nov 22 14:13:53 10.0.0.2 ulogd[1267]: [DESTROY] ORIG: SRC=192.168.1.151 DST=107.178.254.148 PROTO=TCP SPT=56497 DPT=443 PKTS=24 BYTES=3303 , REPLY: SRC=107.178.254.148 DST=176.36.141.89 PROTO=TCP SPT=443 DPT=56497 PKTS=22 BYTES=12283
Nov 22 14:13:53 10.0.0.2 ulogd[1267]: [DESTROY] ORIG: SRC=192.168.1.151 DST=142.251.208.174 PROTO=TCP SPT=56507 DPT=443 PKTS=44 BYTES=3610 , REPLY: SRC=142.251.208.174 DST=176.36.141.89 PROTO=TCP SPT=443 DPT=56507 PKTS=27 BYTES=39649
Nov 22 14:13:53 10.0.0.2 ulogd[1267]: [DESTROY] ORIG: SRC=176.36.141.89 DST=194.50.85.7 PROTO=UDP SPT=55345 DPT=53 PKTS=1 BYTES=70 , REPLY: SRC=194.50.85.7 DST=176.36.141.89 PROTO=UDP SPT=53 DPT=55345 PKTS=1 BYTES=143
Nov 22 14:13:53 10.0.0.2 ulogd[1267]: [DESTROY] ORIG: SRC=176.36.141.89 DST=194.50.85.5 PROTO=UDP SPT=58522 DPT=53 PKTS=1 BYTES=65 , REPLY: SRC=194.50.85.5 DST=176.36.141.89 PROTO=UDP SPT=53 DPT=58522 PKTS=1 BYTES=139
Nov 22 14:13:53 10.0.0.2 ulogd[1267]: [DESTROY] ORIG: SRC=192.168.1.151 DST=192.168.1.1 PROTO=UDP SPT=64845 DPT=53 PKTS=1 BYTES=61 , REPLY: SRC=192.168.1.1 DST=192.168.1.151 PROTO=UDP SPT=53 DPT=64845 PKTS=1 BYTES=77
Nov 22 14:13:53 10.0.0.2 ulogd[1267]: [DESTROY] ORIG: SRC=192.168.1.151 DST=172.217.19.106 PROTO=TCP SPT=56487 DPT=443 PKTS=20 BYTES=2636 , REPLY: SRC=172.217.19.106 DST=176.36.141.89 PROTO=TCP SPT=443 DPT=56487 PKTS=16 BYTES=11927
Nov 22 14:13:53 10.0.0.2 ulogd[1267]: [DESTROY] ORIG: SRC=192.168.1.151 DST=192.168.1.1 PROTO=UDP SPT=50382 DPT=53 PKTS=1 BYTES=79 , REPLY: SRC=192.168.1.1 DST=192.168.1.151 PROTO=UDP SPT=53 DPT=50382 PKTS=1 BYTES=136
Nov 22 14:13:53 10.0.0.2 ulogd[1267]: [DESTROY] ORIG: SRC=192.168.1.151 DST=192.168.1.1 PROTO=UDP SPT=61118 DPT=53 PKTS=1 BYTES=65 , REPLY: SRC=192.168.1.1 DST=192.168.1.151 PROTO=UDP SPT=53 DPT=61118 PKTS=1 BYTES=122
Nov 22 14:13:53 10.0.0.2 ulogd[1267]: [DESTROY] ORIG: SRC=176.36.141.89 DST=194.50.85.5 PROTO=UDP SPT=45131 DPT=53 PKTS=1 BYTES=62 , REPLY: SRC=194.50.85.5 DST=176.36.141.89 PROTO=UDP SPT=53 DPT=45131 PKTS=1 BYTES=144
Nov 22 14:13:53 10.0.0.2 ulogd[1267]: [DESTROY] ORIG: SRC=176.36.141.89 DST=194.50.85.5 PROTO=UDP SPT=60663 DPT=53 PKTS=1 BYTES=62 , REPLY: SRC=194.50.85.5 DST=176.36.141.89 PROTO=UDP SPT=53 DPT=60663 PKTS=1 BYTES=115
Nov 22 14:13:53 10.0.0.2 ulogd[1267]: [DESTROY] ORIG: SRC=176.36.141.89 DST=194.50.85.5 PROTO=UDP SPT=40361 DPT=53 PKTS=2 BYTES=118 , REPLY: SRC=194.50.85.5 DST=176.36.141.89 PROTO=UDP SPT=53 DPT=40361 PKTS=0 BYTES=0
Nov 22 14:13:53 10.0.0.2 ulogd[1267]: [DESTROY] ORIG: SRC=fd02:c8be:1d40:0:ed9a:a5a9:93a0:c3e8 DST=fd02:c8be:1d40::1 PROTO=UDP SPT=49606 DPT=53 PKTS=3 BYTES=263 , REPLY: SRC=fd02:c8be:1d40::1 DST=fd02:c8be:1d40:0:ed9a:a5a9:93a0:c3e8 PROTO=UDP SPT=53 DPT=49606 PKTS=3 BYTES=412
Nov 22 14:13:53 10.0.0.2 ulogd[1267]: [DESTROY] ORIG: SRC=176.36.141.89 DST=194.50.85.5 PROTO=UDP SPT=37079 DPT=53 PKTS=1 BYTES=82 , REPLY: SRC=194.50.85.5 DST=176.36.141.89 PROTO=UDP SPT=53 DPT=37079 PKTS=1 BYTES=140
Nov 22 14:13:53 10.0.0.2 ulogd[1267]: [DESTROY] ORIG: SRC=192.168.1.151 DST=142.251.39.35 PROTO=TCP SPT=56477 DPT=443 PKTS=22 BYTES=2618 , REPLY: SRC=142.251.39.35 DST=176.36.141.89 PROTO=TCP SPT=443 DPT=56477 PKTS=18 BYTES=7597
Nov 22 14:13:53 10.0.0.2 ulogd[1267]: [DESTROY] ORIG: SRC=176.36.141.89 DST=194.50.85.7 PROTO=UDP SPT=52027 DPT=53 PKTS=1 BYTES=64 , REPLY: SRC=194.50.85.7 DST=176.36.141.89 PROTO=UDP SPT=53 DPT=52027 PKTS=1 BYTES=172
Nov 22 14:13:53 10.0.0.2 ulogd[1267]: [DESTROY] ORIG: SRC=176.36.141.89 DST=194.50.85.5 PROTO=UDP SPT=50813 DPT=53 PKTS=1 BYTES=82 , REPLY: SRC=194.50.85.5 DST=176.36.141.89 PROTO=UDP SPT=53 DPT=50813 PKTS=1 BYTES=139
Nov 22 14:13:53 10.0.0.2 ulogd[1267]: [DESTROY] ORIG: SRC=176.36.141.89 DST=194.50.85.5 PROTO=UDP SPT=37662 DPT=53 PKTS=1 BYTES=66 , REPLY: SRC=194.50.85.5 DST=176.36.141.89 PROTO=UDP SPT=53 DPT=37662 PKTS=1 BYTES=207
Nov 22 14:13:53 10.0.0.2 ulogd[1267]: [DESTROY] ORIG: SRC=176.36.141.89 DST=194.50.85.5 PROTO=UDP SPT=51838 DPT=53 PKTS=1 BYTES=64 , REPLY: SRC=194.50.85.5 DST=176.36.141.89 PROTO=UDP SPT=53 DPT=51838 PKTS=1 BYTES=169
Nov 22 14:13:53 10.0.0.2 ulogd[1267]: [DESTROY] ORIG: SRC=192.168.1.151 DST=192.168.1.1 PROTO=UDP SPT=60668 DPT=53 PKTS=1 BYTES=70 , REPLY: SRC=192.168.1.1 DST=192.168.1.151 PROTO=UDP SPT=53 DPT=60668 PKTS=1 BYTES=143
Nov 22 14:13:53 10.0.0.2 ulogd[1267]: [DESTROY] ORIG: SRC=192.168.1.180 DST=217.72.199.27 PROTO=TCP SPT=61671 DPT=443 PKTS=45 BYTES=4477 , REPLY: SRC=217.72.199.27 DST=176.36.141.89 PROTO=TCP SPT=443 DPT=61671 PKTS=60 BYTES=8228
Nov 22 14:13:53 10.0.0.2 ulogd[1267]: [DESTROY] ORIG: SRC=192.168.1.151 DST=142.251.39.46 PROTO=TCP SPT=56478 DPT=443 PKTS=17 BYTES=2349 , REPLY: SRC=142.251.39.46 DST=176.36.141.89 PROTO=TCP SPT=443 DPT=56478 PKTS=9 BYTES=8158
Nov 22 14:13:53 10.0.0.2 ulogd[1267]: [DESTROY] ORIG: SRC=176.36.141.89 DST=194.50.85.5 PROTO=UDP SPT=60402 DPT=53 PKTS=1 BYTES=59 , REPLY: SRC=194.50.85.5 DST=176.36.141.89 PROTO=UDP SPT=53 DPT=60402 PKTS=1 BYTES=75
Nov 22 14:13:53 10.0.0.2 ulogd[1267]: [DESTROY] ORIG: SRC=192.168.1.180 DST=192.168.1.1 PROTO=UDP SPT=61555 DPT=53 PKTS=1 BYTES=63 , REPLY: SRC=192.168.1.1 DST=192.168.1.180 PROTO=UDP SPT=53 DPT=61555 PKTS=1 BYTES=158
Nov 22 14:13:53 10.0.0.2 ulogd[1267]: [DESTROY] ORIG: SRC=176.36.141.89 DST=194.50.85.5 PROTO=UDP SPT=41543 DPT=53 PKTS=1 BYTES=66 , REPLY: SRC=194.50.85.5 DST=176.36.141.89 PROTO=UDP SPT=53 DPT=41543 PKTS=1 BYTES=226
Nov 22 14:13:53 10.0.0.2 ulogd[1267]: [DESTROY] ORIG: SRC=192.168.1.151 DST=192.168.1.1 PROTO=UDP SPT=53666 DPT=53 PKTS=1 BYTES=64 , REPLY: SRC=192.168.1.1 DST=192.168.1.151 PROTO=UDP SPT=53 DPT=53666 PKTS=1 BYTES=172
Nov 22 14:13:53 10.0.0.2 ulogd[1267]: [DESTROY] ORIG: SRC=176.36.141.89 DST=194.50.85.5 PROTO=UDP SPT=38764 DPT=53 PKTS=1 BYTES=70 , REPLY: SRC=194.50.85.5 DST=176.36.141.89 PROTO=UDP SPT=53 DPT=38764 PKTS=1 BYTES=182
Nov 22 14:13:53 10.0.0.2 ulogd[1267]: [DESTROY] ORIG: SRC=176.36.141.89 DST=194.50.85.7 PROTO=UDP SPT=40764 DPT=53 PKTS=1 BYTES=64 , REPLY: SRC=194.50.85.7 DST=176.36.141.89 PROTO=UDP SPT=53 DPT=40764 PKTS=1 BYTES=192
Nov 22 14:13:53 10.0.0.2 ulogd[1267]: [DESTROY] ORIG: SRC=192.168.1.151 DST=192.168.1.1 PROTO=UDP SPT=63053 DPT=53 PKTS=1 BYTES=63 , REPLY: SRC=192.168.1.1 DST=192.168.1.151 PROTO=UDP SPT=53 DPT=63053 PKTS=1 BYTES=136
Nov 22 14:13:53 10.0.0.2 ulogd[1267]: [DESTROY] ORIG: SRC=192.168.1.151 DST=192.168.1.1 PROTO=UDP SPT=57583 DPT=53 PKTS=1 BYTES=66 , REPLY: SRC=192.168.1.1 DST=192.168.1.151 PROTO=UDP SPT=53 DPT=57583 PKTS=1 BYTES=248
Nov 22 14:13:53 10.0.0.2 ulogd[1267]: [DESTROY] ORIG: SRC=176.36.141.89 DST=194.50.85.5 PROTO=UDP SPT=46958 DPT=53 PKTS=1 BYTES=62 , REPLY: SRC=194.50.85.5 DST=176.36.141.89 PROTO=UDP SPT=53 DPT=46958 PKTS=1 BYTES=205
Nov 22 14:13:53 10.0.0.2 ulogd[1267]: [DESTROY] ORIG: SRC=192.168.1.151 DST=192.168.1.1 PROTO=UDP SPT=63576 DPT=53 PKTS=1 BYTES=79 , REPLY: SRC=192.168.1.1 DST=192.168.1.151 PROTO=UDP SPT=53 DPT=63576 PKTS=1 BYTES=255
Nov 22 14:13:53 10.0.0.2 ulogd[1267]: [DESTROY] ORIG: SRC=192.168.1.151 DST=192.168.1.1 PROTO=UDP SPT=54044 DPT=53 PKTS=1 BYTES=81 , REPLY: SRC=192.168.1.1 DST=192.168.1.151 PROTO=UDP SPT=53 DPT=54044 PKTS=1 BYTES=147
Nov 22 14:13:53 10.0.0.2 ulogd[1267]: [DESTROY] ORIG: SRC=176.36.141.89 DST=194.50.85.7 PROTO=UDP SPT=60663 DPT=53 PKTS=1 BYTES=62 , REPLY: SRC=194.50.85.7 DST=176.36.141.89 PROTO=UDP SPT=53 DPT=60663 PKTS=1 BYTES=115
Nov 22 14:13:53 10.0.0.2 ulogd[1267]: [DESTROY] ORIG: SRC=176.36.141.89 DST=194.50.85.7 PROTO=UDP SPT=50254 DPT=53 PKTS=1 BYTES=65 , REPLY: SRC=194.50.85.7 DST=176.36.141.89 PROTO=UDP SPT=53 DPT=50254 PKTS=1 BYTES=81
Nov 22 14:13:53 10.0.0.2 ulogd[1267]: [DESTROY] ORIG: SRC=176.36.141.89 DST=194.50.85.5 PROTO=UDP SPT=32837 DPT=53 PKTS=1 BYTES=63 , REPLY: SRC=194.50.85.5 DST=176.36.141.89 PROTO=UDP SPT=53 DPT=32837 PKTS=1 BYTES=95
Nov 22 14:13:53 10.0.0.2 ulogd[1267]: [DESTROY] ORIG: SRC=176.36.141.89 DST=194.50.85.5 PROTO=UDP SPT=45044 DPT=53 PKTS=1 BYTES=61 , REPLY: SRC=194.50.85.5 DST=176.36.141.89 PROTO=UDP SPT=53 DPT=45044 PKTS=1 BYTES=125
Nov 22 14:13:53 10.0.0.2 ulogd[1267]: [DESTROY] ORIG: SRC=192.168.1.151 DST=192.168.1.1 PROTO=UDP SPT=62439 DPT=53 PKTS=2 BYTES=118 , REPLY: SRC=192.168.1.1 DST=192.168.1.151 PROTO=UDP SPT=53 DPT=62439 PKTS=1 BYTES=144
Nov 22 14:13:53 10.0.0.2 ulogd[1267]: [DESTROY] ORIG: SRC=192.168.1.151 DST=142.251.208.174 PROTO=TCP SPT=56508 DPT=443 PKTS=21 BYTES=3065 , REPLY: SRC=142.251.208.174 DST=176.36.141.89 PROTO=TCP SPT=443 DPT=56508 PKTS=16 BYTES=6414
Nov 22 14:13:53 10.0.0.2 ulogd[1267]: [DESTROY] ORIG: SRC=176.36.141.89 DST=194.50.85.7 PROTO=UDP SPT=49088 DPT=53 PKTS=1 BYTES=63 , REPLY: SRC=194.50.85.7 DST=176.36.141.89 PROTO=UDP SPT=53 DPT=49088 PKTS=1 BYTES=168
Nov 22 14:13:53 10.0.0.2 ulogd[1267]: [DESTROY] ORIG: SRC=192.168.1.180 DST=35.186.224.25 PROTO=UDP SPT=52760 DPT=443 PKTS=8 BYTES=3877 , REPLY: SRC=35.186.224.25 DST=176.36.141.89 PROTO=UDP SPT=443 DPT=52760 PKTS=9 BYTES=4129
Nov 22 14:13:53 10.0.0.2 ulogd[1267]: [DESTROY] ORIG: SRC=192.168.1.180 DST=62.140.236.161 PROTO=TCP SPT=61708 DPT=443 PKTS=208 BYTES=9755 , REPLY: SRC=62.140.236.161 DST=176.36.141.89 PROTO=TCP SPT=443 DPT=61708 PKTS=99 BYTES=2563252
Nov 22 14:13:53 10.0.0.2 ulogd[1267]: [DESTROY] ORIG: SRC=176.36.141.89 DST=194.50.85.5 PROTO=UDP SPT=48348 DPT=53 PKTS=1 BYTES=79 , REPLY: SRC=194.50.85.5 DST=176.36.141.89 PROTO=UDP SPT=53 DPT=48348 PKTS=1 BYTES=95
Nov 22 14:13:53 10.0.0.2 ulogd[1267]: [DESTROY] ORIG: SRC=192.168.1.151 DST=35.83.27.22 PROTO=TCP SPT=56510 DPT=443 PKTS=2 BYTES=104 , REPLY: SRC=35.83.27.22 DST=176.36.141.89 PROTO=TCP SPT=443 DPT=56510 PKTS=1 BYTES=60
Nov 22 14:13:53 10.0.0.2 ulogd[1267]: [DESTROY] ORIG: SRC=192.168.1.180 DST=192.168.1.1 PROTO=UDP SPT=65413 DPT=53 PKTS=1 BYTES=70 , REPLY: SRC=192.168.1.1 DST=192.168.1.180 PROTO=UDP SPT=53 DPT=65413 PKTS=1 BYTES=86
Nov 22 14:13:53 10.0.0.2 ulogd[1267]: [DESTROY] ORIG: SRC=192.168.1.151 DST=192.168.1.1 PROTO=UDP SPT=54192 DPT=53 PKTS=1 BYTES=81 , REPLY: SRC=192.168.1.1 DST=192.168.1.151 PROTO=UDP SPT=53 DPT=54192 PKTS=1 BYTES=257
Nov 22 14:13:53 10.0.0.2 ulogd[1267]: [DESTROY] ORIG: SRC=192.168.1.151 DST=192.168.1.1 PROTO=UDP SPT=56720 DPT=53 PKTS=1 BYTES=70 , REPLY: SRC=192.168.1.1 DST=192.168.1.151 PROTO=UDP SPT=53 DPT=56720 PKTS=1 BYTES=182
Nov 22 14:13:53 10.0.0.2 ulogd[1267]: [DESTROY] ORIG: SRC=192.168.1.1 DST=192.168.1.45 PROTO=UDP SPT=54487 DPT=5353 PKTS=1 BYTES=59 , REPLY: SRC=192.168.1.45 DST=192.168.1.1 PROTO=UDP SPT=5353 DPT=54487 PKTS=0 BYTES=0
Nov 22 14:13:53 10.0.0.2 ulogd[1267]: [DESTROY] ORIG: SRC=176.36.141.89 DST=194.50.85.7 PROTO=UDP SPT=49147 DPT=53 PKTS=1 BYTES=65 , REPLY: SRC=194.50.85.7 DST=176.36.141.89 PROTO=UDP SPT=53 DPT=49147 PKTS=1 BYTES=122
Nov 22 14:13:53 10.0.0.2 ulogd[1267]: [DESTROY] ORIG: SRC=192.168.1.151 DST=192.168.1.1 PROTO=UDP SPT=63082 DPT=53 PKTS=1 BYTES=55 , REPLY: SRC=192.168.1.1 DST=192.168.1.151 PROTO=UDP SPT=53 DPT=63082 PKTS=1 BYTES=71
Nov 22 14:13:53 10.0.0.2 ulogd[1267]: [DESTROY] ORIG: SRC=176.36.141.89 DST=194.50.85.7 PROTO=UDP SPT=52224 DPT=53 PKTS=1 BYTES=81 , REPLY: SRC=194.50.85.7 DST=176.36.141.89 PROTO=UDP SPT=53 DPT=52224 PKTS=1 BYTES=138
Nov 22 14:13:53 10.0.0.2 ulogd[1267]: [DESTROY] ORIG: SRC=192.168.1.151 DST=192.168.1.1 PROTO=UDP SPT=64170 DPT=53 PKTS=1 BYTES=82 , REPLY: SRC=192.168.1.1 DST=192.168.1.151 PROTO=UDP SPT=53 DPT=64170 PKTS=1 BYTES=242
Nov 22 14:13:53 10.0.0.2 ulogd[1267]: [DESTROY] ORIG: SRC=10.0.255.255 DST=255.255.255.255 PROTO=UDP SPT=67 DPT=68 PKTS=4 BYTES=1392 , REPLY: SRC=255.255.255.255 DST=10.0.255.255 PROTO=UDP SPT=68 DPT=67 PKTS=0 BYTES=0
Nov 22 14:13:53 10.0.0.2 ulogd[1267]: [DESTROY] ORIG: SRC=192.168.1.151 DST=192.168.1.1 PROTO=UDP SPT=64866 DPT=53 PKTS=1 BYTES=62 , REPLY: SRC=192.168.1.1 DST=192.168.1.151 PROTO=UDP SPT=53 DPT=64866 PKTS=1 BYTES=168
Nov 22 14:13:53 10.0.0.2 ulogd[1267]: [DESTROY] ORIG: SRC=192.168.1.1 DST=192.168.1.45 PROTO=UDP SPT=40361 DPT=5353 PKTS=1 BYTES=59 , REPLY: SRC=192.168.1.45 DST=192.168.1.1 PROTO=UDP SPT=5353 DPT=40361 PKTS=0 BYTES=0
Nov 22 14:13:53 10.0.0.2 ulogd[1267]: [DESTROY] ORIG: SRC=192.168.1.151 DST=94.153.166.176 PROTO=TCP SPT=56480 DPT=443 PKTS=495 BYTES=34102 , REPLY: SRC=94.153.166.176 DST=176.36.141.89 PROTO=TCP SPT=443 DPT=56480 PKTS=452 BYTES=724693
Nov 22 14:13:53 10.0.0.2 ulogd[1267]: [DESTROY] ORIG: SRC=176.36.141.89 DST=194.50.85.5 PROTO=UDP SPT=54512 DPT=53 PKTS=1 BYTES=60 , REPLY: SRC=194.50.85.5 DST=176.36.141.89 PROTO=UDP SPT=53 DPT=54512 PKTS=1 BYTES=85
Nov 22 14:13:53 10.0.0.2 ulogd[1267]: [DESTROY] ORIG: SRC=192.168.1.1 DST=192.168.1.45 PROTO=UDP SPT=34113 DPT=5353 PKTS=1 BYTES=76 , REPLY: SRC=192.168.1.45 DST=192.168.1.1 PROTO=UDP SPT=5353 DPT=34113 PKTS=0 BYTES=0
Nov 22 14:13:53 10.0.0.2 ulogd[1267]: [DESTROY] ORIG: SRC=176.36.141.89 DST=194.50.85.7 PROTO=UDP SPT=40361 DPT=53 PKTS=1 BYTES=59 , REPLY: SRC=194.50.85.7 DST=176.36.141.89 PROTO=UDP SPT=53 DPT=40361 PKTS=1 BYTES=144
Nov 22 14:13:53 10.0.0.2 ulogd[1267]: [DESTROY] ORIG: SRC=192.168.1.1 DST=192.168.1.45 PROTO=UDP SPT=58999 DPT=5353 PKTS=1 BYTES=66 , REPLY: SRC=192.168.1.45 DST=192.168.1.1 PROTO=UDP SPT=5353 DPT=58999 PKTS=0 BYTES=0
Nov 22 14:13:53 10.0.0.2 ulogd[1267]: [DESTROY] ORIG: SRC=176.36.141.89 DST=194.50.85.7 PROTO=UDP SPT=32784 DPT=53 PKTS=1 BYTES=73 , REPLY: SRC=194.50.85.7 DST=176.36.141.89 PROTO=UDP SPT=53 DPT=32784 PKTS=1 BYTES=89
Nov 22 14:13:53 10.0.0.2 ulogd[1267]: [DESTROY] ORIG: SRC=176.36.141.89 DST=194.50.85.7 PROTO=UDP SPT=55411 DPT=53 PKTS=1 BYTES=62 , REPLY: SRC=194.50.85.7 DST=176.36.141.89 PROTO=UDP SPT=53 DPT=55411 PKTS=1 BYTES=168
Nov 22 14:13:53 10.0.0.2 ulogd[1267]: [DESTROY] ORIG: SRC=192.168.1.151 DST=172.217.20.4 PROTO=TCP SPT=56479 DPT=443 PKTS=18 BYTES=2274 , REPLY: SRC=172.217.20.4 DST=176.36.141.89 PROTO=TCP SPT=443 DPT=56479 PKTS=13 BYTES=6683
Nov 22 14:13:53 10.0.0.2 ulogd[1267]: [DESTROY] ORIG: SRC=192.168.1.151 DST=192.168.1.1 PROTO=UDP SPT=57034 DPT=53 PKTS=1 BYTES=76 , REPLY: SRC=192.168.1.1 DST=192.168.1.151 PROTO=UDP SPT=53 DPT=57034 PKTS=1 BYTES=252
Nov 22 14:13:53 10.0.0.2 ulogd[1267]: [DESTROY] ORIG: SRC=176.36.141.89 DST=194.50.85.5 PROTO=UDP SPT=37516 DPT=53 PKTS=1 BYTES=71 , REPLY: SRC=194.50.85.5 DST=176.36.141.89 PROTO=UDP SPT=53 DPT=37516 PKTS=1 BYTES=87
Nov 22 14:13:53 10.0.0.2 ulogd[1267]: [DESTROY] ORIG: SRC=176.36.141.89 DST=194.50.85.7 PROTO=UDP SPT=58999 DPT=53 PKTS=1 BYTES=66 , REPLY: SRC=194.50.85.7 DST=176.36.141.89 PROTO=UDP SPT=53 DPT=58999 PKTS=1 BYTES=248
Nov 22 14:13:53 10.0.0.2 ulogd[1267]: [DESTROY] ORIG: SRC=192.168.1.1 DST=192.168.1.45 PROTO=UDP SPT=54526 DPT=5353 PKTS=1 BYTES=63 , REPLY: SRC=192.168.1.45 DST=192.168.1.1 PROTO=UDP SPT=5353 DPT=54526 PKTS=0 BYTES=0
Nov 22 14:13:53 10.0.0.2 ulogd[1267]: [DESTROY] ORIG: SRC=192.168.1.151 DST=104.18.214.59 PROTO=TCP SPT=56474 DPT=443 PKTS=16 BYTES=1862 , REPLY: SRC=104.18.214.59 DST=176.36.141.89 PROTO=TCP SPT=443 DPT=56474 PKTS=9 BYTES=4894
Nov 22 14:13:53 10.0.0.2 ulogd[1267]: [DESTROY] ORIG: SRC=176.36.141.89 DST=194.50.85.7 PROTO=UDP SPT=34624 DPT=53 PKTS=1 BYTES=81 , REPLY: SRC=194.50.85.7 DST=176.36.141.89 PROTO=UDP SPT=53 DPT=34624 PKTS=1 BYTES=257
Nov 22 14:13:53 10.0.0.2 ulogd[1267]: [DESTROY] ORIG: SRC=176.36.141.89 DST=194.50.85.7 PROTO=UDP SPT=51425 DPT=53 PKTS=1 BYTES=64 , REPLY: SRC=194.50.85.7 DST=176.36.141.89 PROTO=UDP SPT=53 DPT=51425 PKTS=1 BYTES=230
Nov 22 14:13:53 10.0.0.2 ulogd[1267]: [DESTROY] ORIG: SRC=176.36.141.89 DST=194.50.85.7 PROTO=UDP SPT=59843 DPT=53 PKTS=1 BYTES=67 , REPLY: SRC=194.50.85.7 DST=176.36.141.89 PROTO=UDP SPT=53 DPT=59843 PKTS=1 BYTES=123
Nov 22 14:13:53 10.0.0.2 ulogd[1267]: [DESTROY] ORIG: SRC=192.168.1.151 DST=192.168.1.1 PROTO=UDP SPT=55287 DPT=53 PKTS=1 BYTES=62 , REPLY: SRC=192.168.1.1 DST=192.168.1.151 PROTO=UDP SPT=53 DPT=55287 PKTS=1 BYTES=226
Nov 22 14:13:53 10.0.0.2 ulogd[1267]: [DESTROY] ORIG: SRC=176.36.141.89 DST=194.50.85.5 PROTO=UDP SPT=54382 DPT=53 PKTS=1 BYTES=64 , REPLY: SRC=194.50.85.5 DST=176.36.141.89 PROTO=UDP SPT=53 DPT=54382 PKTS=1 BYTES=146
Nov 22 14:13:53 10.0.0.2 ulogd[1267]: [DESTROY] ORIG: SRC=192.168.1.151 DST=192.168.1.1 PROTO=UDP SPT=58149 DPT=53 PKTS=1 BYTES=69 , REPLY: SRC=192.168.1.1 DST=192.168.1.151 PROTO=UDP SPT=53 DPT=58149 PKTS=1 BYTES=218
Nov 22 14:13:53 10.0.0.2 ulogd[1267]: [DESTROY] ORIG: SRC=192.168.1.151 DST=192.168.1.1 PROTO=UDP SPT=52872 DPT=53 PKTS=1 BYTES=71 , REPLY: SRC=192.168.1.1 DST=192.168.1.151 PROTO=UDP SPT=53 DPT=52872 PKTS=1 BYTES=136
Nov 22 14:13:53 10.0.0.2 ulogd[1267]: [DESTROY] ORIG: SRC=192.168.1.151 DST=192.168.1.1 PROTO=UDP SPT=61408 DPT=53 PKTS=1 BYTES=79 , REPLY: SRC=192.168.1.1 DST=192.168.1.151 PROTO=UDP SPT=53 DPT=61408 PKTS=1 BYTES=95
Nov 22 14:13:53 10.0.0.2 ulogd[1267]: [NEW] ORIG: SRC=178.62.203.224 DST=176.36.141.89 PROTO=ICMP TYPE=0 CODE=8 PKTS=0 BYTES=0 , REPLY: SRC=176.36.141.89 DST=178.62.203.224 PROTO=ICMP TYPE=0 CODE=8 PKTS=0 BYTES=0
Nov 22 14:13:53 10.0.0.2 dnsmasq[1]: 667954 fd02:c8be:1d40:0:ed9a:a5a9:93a0:c3e8/51945 query[A] identitytoolkit.googleapis.com from fd02:c8be:1d40:0:ed9a:a5a9:93a0:c3e8
Nov 22 14:13:53 10.0.0.2 ulogd[1267]: [NEW] ORIG: SRC=192.168.1.1 DST=192.168.1.45 PROTO=UDP SPT=32952 DPT=5353 PKTS=0 BYTES=0 , REPLY: SRC=192.168.1.45 DST=192.168.1.1 PROTO=UDP SPT=5353 DPT=32952 PKTS=0 BYTES=0
Nov 22 14:13:53 10.0.0.2 dnsmasq[1]: 667954 fd02:c8be:1d40:0:ed9a:a5a9:93a0:c3e8/51945 forwarded identitytoolkit.googleapis.com to 192.168.1.45
Nov 22 14:13:53 10.0.0.2 dnsmasq[1]: 667954 fd02:c8be:1d40:0:ed9a:a5a9:93a0:c3e8/51945 forwarded identitytoolkit.googleapis.com to 194.50.85.5
Nov 22 14:13:53 10.0.0.2 dnsmasq[1]: 667954 fd02:c8be:1d40:0:ed9a:a5a9:93a0:c3e8/51945 forwarded identitytoolkit.googleapis.com to 194.50.85.7
Nov 22 14:13:53 10.0.0.2 dnsmasq[1]: 667954 fd02:c8be:1d40:0:ed9a:a5a9:93a0:c3e8/51945 reply identitytoolkit.googleapis.com is 142.251.39.74
Nov 22 14:13:53 10.0.0.2 dnsmasq[1]: 667954 fd02:c8be:1d40:0:ed9a:a5a9:93a0:c3e8/51945 reply identitytoolkit.googleapis.com is 142.251.208.138
Nov 22 14:13:53 10.0.0.2 dnsmasq[1]: 667954 fd02:c8be:1d40:0:ed9a:a5a9:93a0:c3e8/51945 reply identitytoolkit.googleapis.com is 142.250.201.202
Nov 22 14:13:53 10.0.0.2 dnsmasq[1]: 667954 fd02:c8be:1d40:0:ed9a:a5a9:93a0:c3e8/51945 reply identitytoolkit.googleapis.com is 142.251.39.10
Nov 22 14:13:53 10.0.0.2 dnsmasq[1]: 667954 fd02:c8be:1d40:0:ed9a:a5a9:93a0:c3e8/51945 reply identitytoolkit.googleapis.com is 142.250.180.234
Nov 22 14:13:53 10.0.0.2 dnsmasq[1]: 667954 fd02:c8be:1d40:0:ed9a:a5a9:93a0:c3e8/51945 reply identitytoolkit.googleapis.com is 142.250.180.202
Nov 22 14:13:53 10.0.0.2 dnsmasq[1]: 667954 fd02:c8be:1d40:0:ed9a:a5a9:93a0:c3e8/51945 reply identitytoolkit.googleapis.com is 172.217.19.106
Nov 22 14:13:53 10.0.0.2 dnsmasq[1]: 667954 fd02:c8be:1d40:0:ed9a:a5a9:93a0:c3e8/51945 reply identitytoolkit.googleapis.com is 142.251.208.170
Nov 22 14:13:53 10.0.0.2 dnsmasq[1]: 667954 fd02:c8be:1d40:0:ed9a:a5a9:93a0:c3e8/51945 reply identitytoolkit.googleapis.com is 142.251.39.42
Nov 22 14:13:53 10.0.0.2 ulogd[1267]: [NEW] ORIG: SRC=176.36.141.89 DST=194.50.85.5 PROTO=UDP SPT=32952 DPT=53 PKTS=0 BYTES=0 , REPLY: SRC=194.50.85.5 DST=176.36.141.89 PROTO=UDP SPT=53 DPT=32952 PKTS=0 BYTES=0
Nov 22 14:13:53 10.0.0.2 ulogd[1267]: [NEW] ORIG: SRC=176.36.141.89 DST=194.50.85.7 PROTO=UDP SPT=32952 DPT=53 PKTS=0 BYTES=0 , REPLY: SRC=194.50.85.7 DST=176.36.141.89 PROTO=UDP SPT=53 DPT=32952 PKTS=0 BYTES=0
Nov 22 14:13:53 10.0.0.2 dnsmasq[1]: 667954 fd02:c8be:1d40:0:ed9a:a5a9:93a0:c3e8/51945 reply identitytoolkit.googleapis.com is 142.251.208.106
Nov 22 14:13:53 10.0.0.2 ulogd[1267]: [NEW] ORIG: SRC=192.168.1.180 DST=142.251.39.74 PROTO=UDP SPT=58531 DPT=443 PKTS=0 BYTES=0 , REPLY: SRC=142.251.39.74 DST=176.36.141.89 PROTO=UDP SPT=443 DPT=58531 PKTS=0 BYTES=0
Nov 22 14:13:57 10.0.0.2 dnsmasq[1]: 667955 fd02:c8be:1d40:0:ed9a:a5a9:93a0:c3e8/51945 query[A] www.aljazeera.com from fd02:c8be:1d40:0:ed9a:a5a9:93a0:c3e8
Nov 22 14:13:57 10.0.0.2 dnsmasq[1]: 667955 fd02:c8be:1d40:0:ed9a:a5a9:93a0:c3e8/51945 forwarded www.aljazeera.com to 194.50.85.5
Nov 22 14:13:57 10.0.0.2 ulogd[1267]: [NEW] ORIG: SRC=176.36.141.89 DST=194.50.85.5 PROTO=UDP SPT=58349 DPT=53 PKTS=0 BYTES=0 , REPLY: SRC=194.50.85.5 DST=176.36.141.89 PROTO=UDP SPT=53 DPT=58349 PKTS=0 BYTES=0
Nov 22 14:13:57 10.0.0.2 ulogd[1267]: [NEW] ORIG: SRC=192.168.1.180 DST=192.168.1.1 PROTO=UDP SPT=51945 DPT=53 PKTS=0 BYTES=0 , REPLY: SRC=192.168.1.1 DST=192.168.1.180 PROTO=UDP SPT=53 DPT=51945 PKTS=0 BYTES=0
Nov 22 14:13:57 10.0.0.2 dnsmasq[1]: 667956 192.168.1.180/51945 query[A] www.aljazeera.com from 192.168.1.180
Nov 22 14:13:57 10.0.0.2 dnsmasq[1]: 667955 fd02:c8be:1d40:0:ed9a:a5a9:93a0:c3e8/51945 reply www.aljazeera.com is <CNAME>
Nov 22 14:13:57 10.0.0.2 dnsmasq[1]: 667955 fd02:c8be:1d40:0:ed9a:a5a9:93a0:c3e8/51945 reply www.aljazeera.com.edgekey.net is <CNAME>
Nov 22 14:13:57 10.0.0.2 dnsmasq[1]: 667955 fd02:c8be:1d40:0:ed9a:a5a9:93a0:c3e8/51945 reply e9106.dscg.akamaiedge.net is 23.48.0.162
Nov 22 14:13:57 10.0.0.2 dnsmasq[1]: 667956 192.168.1.180/51945 reply query is duplicate
Nov 22 14:14:05 10.0.0.2 ulogd[1267]: [NEW] ORIG: SRC=fd02:c8be:1d40:0:ed9a:a5a9:93a0:c3e8 DST=fd02:c8be:1d40::1 PROTO=UDP SPT=54122 DPT=53 PKTS=0 BYTES=0 , REPLY: SRC=fd02:c8be:1d40::1 DST=fd02:c8be:1d40:0:ed9a:a5a9:93a0:c3e8 PROTO=UDP SPT=53 DPT=54122 PKTS=0 BYTES=0
Nov 22 14:14:05 10.0.0.2 dnsmasq[1]: 667957 fd02:c8be:1d40:0:ed9a:a5a9:93a0:c3e8/54122 query[A] ca.slack-edge.com from fd02:c8be:1d40:0:ed9a:a5a9:93a0:c3e8
Nov 22 14:14:05 10.0.0.2 dnsmasq[1]: 667957 fd02:c8be:1d40:0:ed9a:a5a9:93a0:c3e8/54122 forwarded ca.slack-edge.com to 194.50.85.5
Nov 22 14:14:05 10.0.0.2 dnsmasq[1]: 667957 fd02:c8be:1d40:0:ed9a:a5a9:93a0:c3e8/54122 reply ca.slack-edge.com is <CNAME>
Nov 22 14:14:05 10.0.0.2 ulogd[1267]: [NEW] ORIG: SRC=176.36.141.89 DST=194.50.85.5 PROTO=UDP SPT=49580 DPT=53 PKTS=0 BYTES=0 , REPLY: SRC=194.50.85.5 DST=176.36.141.89 PROTO=UDP SPT=53 DPT=49580 PKTS=0 BYTES=0
Nov 22 14:14:05 10.0.0.2 dnsmasq[1]: 667957 fd02:c8be:1d40:0:ed9a:a5a9:93a0:c3e8/54122 reply d2e801s7grwbqs.cloudfront.net is 18.244.146.3
Nov 22 14:14:05 10.0.0.2 dnsmasq[1]: 667957 fd02:c8be:1d40:0:ed9a:a5a9:93a0:c3e8/54122 reply d2e801s7grwbqs.cloudfront.net is 18.244.146.34
Nov 22 14:14:05 10.0.0.2 ulogd[1267]: [NEW] ORIG: SRC=fd02:c8be:1d40:0:ed9a:a5a9:93a0:c3e8 DST=fd02:c8be:1d40::1 PROTO=UDP SPT=64129 DPT=53 PKTS=0 BYTES=0 , REPLY: SRC=fd02:c8be:1d40::1 DST=fd02:c8be:1d40:0:ed9a:a5a9:93a0:c3e8 PROTO=UDP SPT=53 DPT=64129 PKTS=0 BYTES=0
Nov 22 14:14:05 10.0.0.2 dnsmasq[1]: 667957 fd02:c8be:1d40:0:ed9a:a5a9:93a0:c3e8/54122 reply d2e801s7grwbqs.cloudfront.net is 18.244.146.60
Nov 22 14:14:05 10.0.0.2 ulogd[1267]: [NEW] ORIG: SRC=fd02:c8be:1d40:0:ed9a:a5a9:93a0:c3e8 DST=fd02:c8be:1d40::1 PROTO=UDP SPT=63134 DPT=53 PKTS=0 BYTES=0 , REPLY: SRC=fd02:c8be:1d40::1 DST=fd02:c8be:1d40:0:ed9a:a5a9:93a0:c3e8 PROTO=UDP SPT=53 DPT=63134 PKTS=0 BYTES=0
Nov 22 14:14:05 10.0.0.2 dnsmasq[1]: 667957 fd02:c8be:1d40:0:ed9a:a5a9:93a0:c3e8/54122 reply d2e801s7grwbqs.cloudfront.net is 18.244.146.2
Nov 22 14:14:05 10.0.0.2 ulogd[1267]: [NEW] ORIG: SRC=fd02:c8be:1d40:0:ed9a:a5a9:93a0:c3e8 DST=fd02:c8be:1d40::1 PROTO=UDP SPT=58721 DPT=53 PKTS=0 BYTES=0 , REPLY: SRC=fd02:c8be:1d40::1 DST=fd02:c8be:1d40:0:ed9a:a5a9:93a0:c3e8 PROTO=UDP SPT=53 DPT=58721 PKTS=0 BYTES=0
Nov 22 14:14:05 10.0.0.2 dnsmasq[1]: 667958 fd02:c8be:1d40:0:ed9a:a5a9:93a0:c3e8/64129 query[A] a.slack-edge.com from fd02:c8be:1d40:0:ed9a:a5a9:93a0:c3e8
Nov 22 14:14:05 10.0.0.2 dnsmasq[1]: 667958 fd02:c8be:1d40:0:ed9a:a5a9:93a0:c3e8/64129 forwarded a.slack-edge.com to 194.50.85.5
Nov 22 14:14:05 10.0.0.2 dnsmasq[1]: 667959 fd02:c8be:1d40:0:ed9a:a5a9:93a0:c3e8/63134 query[A] slackb.com from fd02:c8be:1d40:0:ed9a:a5a9:93a0:c3e8
Nov 22 14:14:05 10.0.0.2 dnsmasq[1]: 667959 fd02:c8be:1d40:0:ed9a:a5a9:93a0:c3e8/63134 forwarded slackb.com to 194.50.85.5
Nov 22 14:14:05 10.0.0.2 dnsmasq[1]: 667958 fd02:c8be:1d40:0:ed9a:a5a9:93a0:c3e8/64129 reply a.slack-edge.com is <CNAME>
Nov 22 14:14:05 10.0.0.2 ulogd[1267]: [NEW] ORIG: SRC=176.36.141.89 DST=194.50.85.5 PROTO=UDP SPT=60902 DPT=53 PKTS=0 BYTES=0 , REPLY: SRC=194.50.85.5 DST=176.36.141.89 PROTO=UDP SPT=53 DPT=60902 PKTS=0 BYTES=0
Nov 22 14:14:05 10.0.0.2 dnsmasq[1]: 667958 fd02:c8be:1d40:0:ed9a:a5a9:93a0:c3e8/64129 reply d29id7n8587nnz.cloudfront.net is 18.244.146.116
Nov 22 14:14:05 10.0.0.2 ulogd[1267]: [NEW] ORIG: SRC=176.36.141.89 DST=194.50.85.5 PROTO=UDP SPT=40713 DPT=53 PKTS=0 BYTES=0 , REPLY: SRC=194.50.85.5 DST=176.36.141.89 PROTO=UDP SPT=53 DPT=40713 PKTS=0 BYTES=0
Nov 22 14:14:05 10.0.0.2 dnsmasq[1]: 667958 fd02:c8be:1d40:0:ed9a:a5a9:93a0:c3e8/64129 reply d29id7n8587nnz.cloudfront.net is 18.244.146.32
Nov 22 14:14:05 10.0.0.2 ulogd[1267]: [NEW] ORIG: SRC=192.168.1.180 DST=18.244.146.3 PROTO=TCP SPT=61710 DPT=443 PKTS=0 BYTES=0 , REPLY: SRC=18.244.146.3 DST=176.36.141.89 PROTO=TCP SPT=443 DPT=61710 PKTS=0 BYTES=0
Nov 22 14:14:05 10.0.0.2 dnsmasq[1]: 667958 fd02:c8be:1d40:0:ed9a:a5a9:93a0:c3e8/64129 reply d29id7n8587nnz.cloudfront.net is 18.244.146.5
Nov 22 14:14:05 10.0.0.2 dnsmasq[1]: 667958 fd02:c8be:1d40:0:ed9a:a5a9:93a0:c3e8/64129 reply d29id7n8587nnz.cloudfront.net is 18.244.146.109
Nov 22 14:14:05 10.0.0.2 dnsmasq[1]: 667960 fd02:c8be:1d40:0:ed9a:a5a9:93a0:c3e8/58721 query[A] kievhacklab.slack.com from fd02:c8be:1d40:0:ed9a:a5a9:93a0:c3e8
Nov 22 14:14:05 10.0.0.2 dnsmasq[1]: 667960 fd02:c8be:1d40:0:ed9a:a5a9:93a0:c3e8/58721 forwarded kievhacklab.slack.com to 194.50.85.5
Nov 22 14:14:05 10.0.0.2 dnsmasq[1]: 667959 fd02:c8be:1d40:0:ed9a:a5a9:93a0:c3e8/63134 reply slackb.com is 44.216.98.239
Nov 22 14:14:05 10.0.0.2 ulogd[1267]: [NEW] ORIG: SRC=176.36.141.89 DST=194.50.85.5 PROTO=UDP SPT=60706 DPT=53 PKTS=0 BYTES=0 , REPLY: SRC=194.50.85.5 DST=176.36.141.89 PROTO=UDP SPT=53 DPT=60706 PKTS=0 BYTES=0
Nov 22 14:14:05 10.0.0.2 dnsmasq[1]: 667959 fd02:c8be:1d40:0:ed9a:a5a9:93a0:c3e8/63134 reply slackb.com is 34.195.221.192
Nov 22 14:14:05 10.0.0.2 dnsmasq[1]: 667959 fd02:c8be:1d40:0:ed9a:a5a9:93a0:c3e8/63134 reply slackb.com is 54.236.104.103
Nov 22 14:14:05 10.0.0.2 dnsmasq[1]: 667959 fd02:c8be:1d40:0:ed9a:a5a9:93a0:c3e8/63134 reply slackb.com is 52.200.46.145
Nov 22 14:14:05 10.0.0.2 dnsmasq[1]: 667959 fd02:c8be:1d40:0:ed9a:a5a9:93a0:c3e8/63134 reply slackb.com is 52.3.167.79
Nov 22 14:14:05 10.0.0.2 ulogd[1267]: [NEW] ORIG: SRC=192.168.1.180 DST=18.244.146.116 PROTO=TCP SPT=61711 DPT=443 PKTS=0 BYTES=0 , REPLY: SRC=18.244.146.116 DST=176.36.141.89 PROTO=TCP SPT=443 DPT=61711 PKTS=0 BYTES=0
Nov 22 14:14:05 10.0.0.2 dnsmasq[1]: 667959 fd02:c8be:1d40:0:ed9a:a5a9:93a0:c3e8/63134 reply slackb.com is 34.202.253.140
Nov 22 14:14:05 10.0.0.2 dnsmasq[1]: 667959 fd02:c8be:1d40:0:ed9a:a5a9:93a0:c3e8/63134 reply slackb.com is 3.91.140.69
Nov 22 14:14:05 10.0.0.2 dnsmasq[1]: 667959 fd02:c8be:1d40:0:ed9a:a5a9:93a0:c3e8/63134 reply slackb.com is 3.90.158.208
Nov 22 14:14:05 10.0.0.2 dnsmasq[1]: 667959 fd02:c8be:1d40:0:ed9a:a5a9:93a0:c3e8/63134 reply slackb.com is 44.205.171.153
Nov 22 14:14:05 10.0.0.2 dnsmasq[1]: 667959 fd02:c8be:1d40:0:ed9a:a5a9:93a0:c3e8/63134 reply slackb.com is 18.213.32.120
Nov 22 14:14:05 10.0.0.2 ulogd[1267]: [NEW] ORIG: SRC=192.168.1.180 DST=192.168.1.1 PROTO=UDP SPT=58721 DPT=53 PKTS=0 BYTES=0 , REPLY: SRC=192.168.1.1 DST=192.168.1.180 PROTO=UDP SPT=53 DPT=58721 PKTS=0 BYTES=0
Nov 22 14:14:05 10.0.0.2 dnsmasq[1]: 667961 192.168.1.180/58721 query[A] kievhacklab.slack.com from 192.168.1.180
Nov 22 14:14:05 10.0.0.2 dnsmasq[1]: 667960 fd02:c8be:1d40:0:ed9a:a5a9:93a0:c3e8/58721 reply kievhacklab.slack.com is 3.68.124.168
Nov 22 14:14:05 10.0.0.2 dnsmasq[1]: 667960 fd02:c8be:1d40:0:ed9a:a5a9:93a0:c3e8/58721 reply kievhacklab.slack.com is 18.159.197.225
Nov 22 14:14:05 10.0.0.2 dnsmasq[1]: 667960 fd02:c8be:1d40:0:ed9a:a5a9:93a0:c3e8/58721 reply kievhacklab.slack.com is 3.68.170.153
Nov 22 14:14:05 10.0.0.2 dnsmasq[1]: 667960 fd02:c8be:1d40:0:ed9a:a5a9:93a0:c3e8/58721 reply kievhacklab.slack.com is 3.68.175.98
Nov 22 14:14:05 10.0.0.2 dnsmasq[1]: 667961 192.168.1.180/58721 reply query is duplicate
Nov 22 14:14:10 10.0.0.2 ulogd[1267]: [NEW] ORIG: SRC=81.16.152.2 DST=176.36.141.89 PROTO=ICMP TYPE=0 CODE=8 PKTS=0 BYTES=0 , REPLY: SRC=176.36.141.89 DST=81.16.152.2 PROTO=ICMP TYPE=0 CODE=8 PKTS=0 BYTES=0
Nov 22 14:14:11 10.0.0.2 dnsmasq[1]: 667962 fd02:c8be:1d40:0:ed9a:a5a9:93a0:c3e8/54122 query[A] alive.github.com from fd02:c8be:1d40:0:ed9a:a5a9:93a0:c3e8
Nov 22 14:14:11 10.0.0.2 dnsmasq[1]: 667962 fd02:c8be:1d40:0:ed9a:a5a9:93a0:c3e8/54122 forwarded alive.github.com to 194.50.85.5
Nov 22 14:14:11 10.0.0.2 dnsmasq[1]: 667962 fd02:c8be:1d40:0:ed9a:a5a9:93a0:c3e8/54122 reply alive.github.com is <CNAME>
Nov 22 14:14:11 10.0.0.2 dnsmasq[1]: 667962 fd02:c8be:1d40:0:ed9a:a5a9:93a0:c3e8/54122 reply live.github.com is 140.82.114.26
Nov 22 14:14:11 10.0.0.2 ulogd[1267]: [NEW] ORIG: SRC=176.36.141.89 DST=194.50.85.5 PROTO=UDP SPT=53806 DPT=53 PKTS=0 BYTES=0 , REPLY: SRC=194.50.85.5 DST=176.36.141.89 PROTO=UDP SPT=53 DPT=53806 PKTS=0 BYTES=0
Nov 22 14:14:11 10.0.0.2 ulogd[1267]: [NEW] ORIG: SRC=192.168.1.180 DST=140.82.114.26 PROTO=TCP SPT=61712 DPT=443 PKTS=0 BYTES=0 , REPLY: SRC=140.82.114.26 DST=176.36.141.89 PROTO=TCP SPT=443 DPT=61712 PKTS=0 BYTES=0
Nov 22 14:14:14 10.0.0.2 dnsmasq[1]: 667963 fd02:c8be:1d40:0:ed9a:a5a9:93a0:c3e8/64129 query[A] www.ko.if.ua from fd02:c8be:1d40:0:ed9a:a5a9:93a0:c3e8
Nov 22 14:14:14 10.0.0.2 dnsmasq[1]: 667963 fd02:c8be:1d40:0:ed9a:a5a9:93a0:c3e8/64129 forwarded www.ko.if.ua to 192.168.1.45
Nov 22 14:14:14 10.0.0.2 ulogd[1267]: [NEW] ORIG: SRC=192.168.1.1 DST=192.168.1.45 PROTO=UDP SPT=35315 DPT=5353 PKTS=0 BYTES=0 , REPLY: SRC=192.168.1.45 DST=192.168.1.1 PROTO=UDP SPT=5353 DPT=35315 PKTS=0 BYTES=0
Nov 22 14:14:14 10.0.0.2 ulogd[1267]: [NEW] ORIG: SRC=176.36.141.89 DST=194.50.85.5 PROTO=UDP SPT=35315 DPT=53 PKTS=0 BYTES=0 , REPLY: SRC=194.50.85.5 DST=176.36.141.89 PROTO=UDP SPT=53 DPT=35315 PKTS=0 BYTES=0
Nov 22 14:14:14 10.0.0.2 dnsmasq[1]: 667963 fd02:c8be:1d40:0:ed9a:a5a9:93a0:c3e8/64129 forwarded www.ko.if.ua to 194.50.85.5
Nov 22 14:14:14 10.0.0.2 dnsmasq[1]: 667963 fd02:c8be:1d40:0:ed9a:a5a9:93a0:c3e8/64129 forwarded www.ko.if.ua to 194.50.85.7
Nov 22 14:14:14 10.0.0.2 dnsmasq[1]: 667963 fd02:c8be:1d40:0:ed9a:a5a9:93a0:c3e8/64129 reply www.ko.if.ua is 77.87.198.240
Nov 22 14:14:14 10.0.0.2 ulogd[1267]: [NEW] ORIG: SRC=176.36.141.89 DST=194.50.85.7 PROTO=UDP SPT=35315 DPT=53 PKTS=0 BYTES=0 , REPLY: SRC=194.50.85.7 DST=176.36.141.89 PROTO=UDP SPT=53 DPT=35315 PKTS=0 BYTES=0
Nov 22 14:14:14 10.0.0.2 ulogd[1267]: [NEW] ORIG: SRC=192.168.1.180 DST=77.87.198.240 PROTO=TCP SPT=61713 DPT=443 PKTS=0 BYTES=0 , REPLY: SRC=77.87.198.240 DST=176.36.141.89 PROTO=TCP SPT=443 DPT=61713 PKTS=0 BYTES=0
Nov 22 14:14:14 10.0.0.2 dnsmasq[1]: 667964 fd02:c8be:1d40:0:ed9a:a5a9:93a0:c3e8/63134 query[A] epimetheus.navigator-bs.gmx.com from fd02:c8be:1d40:0:ed9a:a5a9:93a0:c3e8
Nov 22 14:14:14 10.0.0.2 dnsmasq[1]: 667964 fd02:c8be:1d40:0:ed9a:a5a9:93a0:c3e8/63134 forwarded epimetheus.navigator-bs.gmx.com to 194.50.85.5
Nov 22 14:14:14 10.0.0.2 ulogd[1267]: [NEW] ORIG: SRC=176.36.141.89 DST=194.50.85.5 PROTO=UDP SPT=49023 DPT=53 PKTS=0 BYTES=0 , REPLY: SRC=194.50.85.5 DST=176.36.141.89 PROTO=UDP SPT=53 DPT=49023 PKTS=0 BYTES=0
Nov 22 14:14:14 10.0.0.2 dnsmasq[1]: 667964 fd02:c8be:1d40:0:ed9a:a5a9:93a0:c3e8/63134 reply epimetheus.navigator-bs.gmx.com is 217.72.199.27
Nov 22 14:14:14 10.0.0.2 dnsmasq[1]: 667965 fd02:c8be:1d40:0:ed9a:a5a9:93a0:c3e8/54122 query[A] category.blocksite.co from fd02:c8be:1d40:0:ed9a:a5a9:93a0:c3e8
Nov 22 14:14:14 10.0.0.2 ulogd[1267]: [NEW] ORIG: SRC=176.36.141.89 DST=194.50.85.5 PROTO=UDP SPT=43464 DPT=53 PKTS=0 BYTES=0 , REPLY: SRC=194.50.85.5 DST=176.36.141.89 PROTO=UDP SPT=53 DPT=43464 PKTS=0 BYTES=0
Nov 22 14:14:14 10.0.0.2 dnsmasq[1]: 667965 fd02:c8be:1d40:0:ed9a:a5a9:93a0:c3e8/54122 forwarded category.blocksite.co to 194.50.85.5
Nov 22 14:14:14 10.0.0.2 dnsmasq[1]: 667965 fd02:c8be:1d40:0:ed9a:a5a9:93a0:c3e8/54122 reply category.blocksite.co is 52.11.42.187
Nov 22 14:14:14 10.0.0.2 dnsmasq[1]: 667965 fd02:c8be:1d40:0:ed9a:a5a9:93a0:c3e8/54122 reply category.blocksite.co is 50.112.184.49
Nov 22 14:14:14 10.0.0.2 ulogd[1267]: [NEW] ORIG: SRC=192.168.1.180 DST=52.11.42.187 PROTO=TCP SPT=61714 DPT=443 PKTS=0 BYTES=0 , REPLY: SRC=52.11.42.187 DST=176.36.141.89 PROTO=TCP SPT=443 DPT=61714 PKTS=0 BYTES=0
Nov 22 14:14:27 10.0.0.2 dnsmasq[1]: 667966 192.168.1.45/49009 query[AAAA] secure.gravatar.com from 192.168.1.45
Nov 22 14:14:27 10.0.0.2 ulogd[1267]: [NEW] ORIG: SRC=192.168.1.45 DST=192.168.1.1 PROTO=UDP SPT=49009 DPT=53 PKTS=0 BYTES=0 , REPLY: SRC=192.168.1.1 DST=192.168.1.45 PROTO=UDP SPT=53 DPT=49009 PKTS=0 BYTES=0
Nov 22 14:14:27 10.0.0.2 ulogd[1267]: [NEW] ORIG: SRC=192.168.1.45 DST=192.168.1.1 PROTO=UDP SPT=56196 DPT=53 PKTS=0 BYTES=0 , REPLY: SRC=192.168.1.1 DST=192.168.1.45 PROTO=UDP SPT=53 DPT=56196 PKTS=0 BYTES=0
Nov 22 14:14:27 10.0.0.2 dnsmasq[1]: 667966 192.168.1.45/49009 forwarded secure.gravatar.com to 194.50.85.5
Nov 22 14:14:27 10.0.0.2 ulogd[1267]: [NEW] ORIG: SRC=176.36.141.89 DST=194.50.85.5 PROTO=UDP SPT=37905 DPT=53 PKTS=0 BYTES=0 , REPLY: SRC=194.50.85.5 DST=176.36.141.89 PROTO=UDP SPT=53 DPT=37905 PKTS=0 BYTES=0
Nov 22 14:14:27 10.0.0.2 dnsmasq[1]: 667966 192.168.1.45/49009 reply secure.gravatar.com is 2a04:fa87:fffe::c000:4902
Nov 22 14:14:27 10.0.0.2 dnsmasq[1]: 667967 192.168.1.45/56196 query[A] secure.gravatar.com from 192.168.1.45
Nov 22 14:14:27 10.0.0.2 dnsmasq[1]: 667967 192.168.1.45/56196 forwarded secure.gravatar.com to 194.50.85.5
Nov 22 14:14:27 10.0.0.2 ulogd[1267]: [NEW] ORIG: SRC=176.36.141.89 DST=194.50.85.5 PROTO=UDP SPT=43027 DPT=53 PKTS=0 BYTES=0 , REPLY: SRC=194.50.85.5 DST=176.36.141.89 PROTO=UDP SPT=53 DPT=43027 PKTS=0 BYTES=0
Nov 22 14:14:27 10.0.0.2 dnsmasq[1]: 667967 192.168.1.45/56196 reply secure.gravatar.com is 192.0.73.2
Nov 22 14:14:27 10.0.0.2 ulogd[1267]: [NEW] ORIG: SRC=192.168.1.45 DST=192.0.73.2 PROTO=TCP SPT=55632 DPT=443 PKTS=0 BYTES=0 , REPLY: SRC=192.0.73.2 DST=176.36.141.89 PROTO=TCP SPT=443 DPT=55632 PKTS=0 BYTES=0
Nov 22 14:14:36 10.0.0.2 dnsmasq[1]: 667968 fd02:c8be:1d40:0:ed9a:a5a9:93a0:c3e8/64129 query[A] js.ui-portal.de from fd02:c8be:1d40:0:ed9a:a5a9:93a0:c3e8
Nov 22 14:14:36 10.0.0.2 dnsmasq[1]: 667968 fd02:c8be:1d40:0:ed9a:a5a9:93a0:c3e8/64129 forwarded js.ui-portal.de to 192.168.1.45
Nov 22 14:14:36 10.0.0.2 ulogd[1267]: [NEW] ORIG: SRC=192.168.1.1 DST=192.168.1.45 PROTO=UDP SPT=53008 DPT=5353 PKTS=0 BYTES=0 , REPLY: SRC=192.168.1.45 DST=192.168.1.1 PROTO=UDP SPT=5353 DPT=53008 PKTS=0 BYTES=0
Nov 22 14:14:36 10.0.0.2 ulogd[1267]: [NEW] ORIG: SRC=176.36.141.89 DST=194.50.85.5 PROTO=UDP SPT=53008 DPT=53 PKTS=0 BYTES=0 , REPLY: SRC=194.50.85.5 DST=176.36.141.89 PROTO=UDP SPT=53 DPT=53008 PKTS=0 BYTES=0
Nov 22 14:14:36 10.0.0.2 dnsmasq[1]: 667968 fd02:c8be:1d40:0:ed9a:a5a9:93a0:c3e8/64129 forwarded js.ui-portal.de to 194.50.85.5
Nov 22 14:14:36 10.0.0.2 ulogd[1267]: [NEW] ORIG: SRC=176.36.141.89 DST=194.50.85.7 PROTO=UDP SPT=53008 DPT=53 PKTS=0 BYTES=0 , REPLY: SRC=194.50.85.7 DST=176.36.141.89 PROTO=UDP SPT=53 DPT=53008 PKTS=0 BYTES=0
Nov 22 14:14:36 10.0.0.2 dnsmasq[1]: 667968 fd02:c8be:1d40:0:ed9a:a5a9:93a0:c3e8/64129 forwarded js.ui-portal.de to 194.50.85.7
Nov 22 14:14:36 10.0.0.2 dnsmasq[1]: 667968 fd02:c8be:1d40:0:ed9a:a5a9:93a0:c3e8/64129 reply js.ui-portal.de is <CNAME>
Nov 22 14:14:36 10.0.0.2 dnsmasq[1]: 667968 fd02:c8be:1d40:0:ed9a:a5a9:93a0:c3e8/64129 reply js.ui-portal.de.edgekey.net is <CNAME>
Nov 22 14:14:36 10.0.0.2 dnsmasq[1]: 667968 fd02:c8be:1d40:0:ed9a:a5a9:93a0:c3e8/64129 reply e5416.g.akamaiedge.net is 23.48.0.158
Nov 22 14:14:36 10.0.0.2 dnsmasq[1]: 667969 fd02:c8be:1d40:0:ed9a:a5a9:93a0:c3e8/63134 query[A] navigator-bs.gmx.com from fd02:c8be:1d40:0:ed9a:a5a9:93a0:c3e8
Nov 22 14:14:36 10.0.0.2 dnsmasq[1]: 667969 fd02:c8be:1d40:0:ed9a:a5a9:93a0:c3e8/63134 forwarded navigator-bs.gmx.com to 194.50.85.5
Nov 22 14:14:36 10.0.0.2 ulogd[1267]: [NEW] ORIG: SRC=176.36.141.89 DST=194.50.85.5 PROTO=UDP SPT=39903 DPT=53 PKTS=0 BYTES=0 , REPLY: SRC=194.50.85.5 DST=176.36.141.89 PROTO=UDP SPT=53 DPT=39903 PKTS=0 BYTES=0
Nov 22 14:14:36 10.0.0.2 dnsmasq[1]: 667969 fd02:c8be:1d40:0:ed9a:a5a9:93a0:c3e8/63134 reply navigator-bs.gmx.com is 217.72.199.27
Nov 22 14:14:37 10.0.0.2 dnsmasq[1]: 667970 fd02:c8be:1d40:0:ed9a:a5a9:93a0:c3e8/54122 query[A] 3c-bs.gmx.com from fd02:c8be:1d40:0:ed9a:a5a9:93a0:c3e8
Nov 22 14:14:37 10.0.0.2 ulogd[1267]: [NEW] ORIG: SRC=176.36.141.89 DST=194.50.85.5 PROTO=UDP SPT=43523 DPT=53 PKTS=0 BYTES=0 , REPLY: SRC=194.50.85.5 DST=176.36.141.89 PROTO=UDP SPT=53 DPT=43523 PKTS=0 BYTES=0
Nov 22 14:14:37 10.0.0.2 dnsmasq[1]: 667970 fd02:c8be:1d40:0:ed9a:a5a9:93a0:c3e8/54122 forwarded 3c-bs.gmx.com to 194.50.85.5
Nov 22 14:14:37 10.0.0.2 ulogd[1267]: [NEW] ORIG: SRC=192.168.1.180 DST=192.168.1.1 PROTO=UDP SPT=54122 DPT=53 PKTS=0 BYTES=0 , REPLY: SRC=192.168.1.1 DST=192.168.1.180 PROTO=UDP SPT=53 DPT=54122 PKTS=0 BYTES=0
Nov 22 14:14:37 10.0.0.2 dnsmasq[1]: 667971 192.168.1.180/54122 query[A] 3c-bs.gmx.com from 192.168.1.180
Nov 22 14:14:38 10.0.0.2 dnsmasq[1]: 667972 fd02:c8be:1d40:0:ed9a:a5a9:93a0:c3e8/54122 query[A] 3c-bs.gmx.com from fd02:c8be:1d40:0:ed9a:a5a9:93a0:c3e8
Nov 22 14:14:38 10.0.0.2 ulogd[1267]: [NEW] ORIG: SRC=192.168.1.1 DST=192.168.1.45 PROTO=UDP SPT=43523 DPT=5353 PKTS=0 BYTES=0 , REPLY: SRC=192.168.1.45 DST=192.168.1.1 PROTO=UDP SPT=5353 DPT=43523 PKTS=0 BYTES=0
Nov 22 14:14:38 10.0.0.2 dnsmasq[1]: 667972 fd02:c8be:1d40:0:ed9a:a5a9:93a0:c3e8/54122 forwarded 3c-bs.gmx.com to 192.168.1.45
Nov 22 14:14:38 10.0.0.2 dnsmasq[1]: 667972 fd02:c8be:1d40:0:ed9a:a5a9:93a0:c3e8/54122 forwarded 3c-bs.gmx.com to 194.50.85.5
Nov 22 14:14:38 10.0.0.2 ulogd[1267]: [NEW] ORIG: SRC=176.36.141.89 DST=194.50.85.7 PROTO=UDP SPT=43523 DPT=53 PKTS=0 BYTES=0 , REPLY: SRC=194.50.85.7 DST=176.36.141.89 PROTO=UDP SPT=53 DPT=43523 PKTS=0 BYTES=0
