Nov 14 18:36:07 10.0.0.2 ulogd[1267]: [NEW] ORIG: SRC=192.168.1.1 DST=192.168.1.45 PROTO=UDP SPT=53450 DPT=5353 PKTS=0 BYTES=0 , REPLY: SRC=192.168.1.45 DST=192.168.1.1 PROTO=UDP SPT=5353 DPT=53450 PKTS=0 BYTES=0
Nov 14 18:36:07 10.0.0.2 ulogd[1267]: [NEW] ORIG: SRC=176.36.141.89 DST=194.50.85.5 PROTO=UDP SPT=53450 DPT=53 PKTS=0 BYTES=0 , REPLY: SRC=194.50.85.5 DST=176.36.141.89 PROTO=UDP SPT=53 DPT=53450 PKTS=0 BYTES=0
Nov 14 18:36:07 10.0.0.2 dnsmasq[1]: 29356 fd02:c8be:1d40:0:89c6:4fae:69d2:328/56699 reply azeus1-client-s.gateway.messenger.live.com is <CNAME>
Nov 14 18:36:07 10.0.0.2 ulogd[1267]: [NEW] ORIG: SRC=176.36.141.89 DST=194.50.85.7 PROTO=UDP SPT=53450 DPT=53 PKTS=0 BYTES=0 , REPLY: SRC=194.50.85.7 DST=176.36.141.89 PROTO=UDP SPT=53 DPT=53450 PKTS=0 BYTES=0
Nov 14 18:36:07 10.0.0.2 dnsmasq[1]: 29356 fd02:c8be:1d40:0:89c6:4fae:69d2:328/56699 reply azeus1-client-s.msnmessenger.msn.com.akadns.net is <CNAME>
Nov 14 18:36:07 10.0.0.2 dnsmasq[1]: 29356 fd02:c8be:1d40:0:89c6:4fae:69d2:328/56699 reply ip.azeus1-client-s.msnmessenger.msn.com.akadns.net is 20.185.212.106
Nov 14 18:36:11 10.0.0.2 dnsmasq[1]: 29357 fd02:c8be:1d40:0:89c6:4fae:69d2:328/56699 query[A] variations.brave.com from fd02:c8be:1d40:0:89c6:4fae:69d2:328
Nov 14 18:36:11 10.0.0.2 dnsmasq[1]: 29357 fd02:c8be:1d40:0:89c6:4fae:69d2:328/56699 forwarded variations.brave.com to 194.50.85.5
Nov 14 18:36:11 10.0.0.2 ulogd[1267]: [NEW] ORIG: SRC=176.36.141.89 DST=194.50.85.5 PROTO=UDP SPT=50276 DPT=53 PKTS=0 BYTES=0 , REPLY: SRC=194.50.85.5 DST=176.36.141.89 PROTO=UDP SPT=53 DPT=50276 PKTS=0 BYTES=0
Nov 14 18:36:11 10.0.0.2 dnsmasq[1]: 29357 fd02:c8be:1d40:0:89c6:4fae:69d2:328/56699 reply variations.brave.com is <CNAME>
Nov 14 18:36:11 10.0.0.2 dnsmasq[1]: 29357 fd02:c8be:1d40:0:89c6:4fae:69d2:328/56699 reply d17ndjuagurpsr.cloudfront.net is 18.244.146.55
Nov 14 18:36:11 10.0.0.2 dnsmasq[1]: 29357 fd02:c8be:1d40:0:89c6:4fae:69d2:328/56699 reply d17ndjuagurpsr.cloudfront.net is 18.244.146.109
Nov 14 18:36:11 10.0.0.2 dnsmasq[1]: 29357 fd02:c8be:1d40:0:89c6:4fae:69d2:328/56699 reply d17ndjuagurpsr.cloudfront.net is 18.244.146.64
Nov 14 18:36:11 10.0.0.2 dnsmasq[1]: 29357 fd02:c8be:1d40:0:89c6:4fae:69d2:328/56699 reply d17ndjuagurpsr.cloudfront.net is 18.244.146.95
Nov 14 18:36:11 10.0.0.2 ulogd[1267]: [NEW] ORIG: SRC=192.168.1.180 DST=18.244.146.55 PROTO=TCP SPT=53027 DPT=443 PKTS=0 BYTES=0 , REPLY: SRC=18.244.146.55 DST=176.36.141.89 PROTO=TCP SPT=443 DPT=53027 PKTS=0 BYTES=0
Nov 14 18:36:11 10.0.0.2 dnsmasq[1]: 29358 fd02:c8be:1d40:0:89c6:4fae:69d2:328/56699 query[A] go-updater.brave.com from fd02:c8be:1d40:0:89c6:4fae:69d2:328
Nov 14 18:36:11 10.0.0.2 dnsmasq[1]: 29358 fd02:c8be:1d40:0:89c6:4fae:69d2:328/56699 forwarded go-updater.brave.com to 194.50.85.5
Nov 14 18:36:11 10.0.0.2 ulogd[1267]: [NEW] ORIG: SRC=176.36.141.89 DST=194.50.85.5 PROTO=UDP SPT=55214 DPT=53 PKTS=0 BYTES=0 , REPLY: SRC=194.50.85.5 DST=176.36.141.89 PROTO=UDP SPT=53 DPT=55214 PKTS=0 BYTES=0
Nov 14 18:36:11 10.0.0.2 dnsmasq[1]: 29358 fd02:c8be:1d40:0:89c6:4fae:69d2:328/56699 reply go-updater.brave.com is <CNAME>
Nov 14 18:36:11 10.0.0.2 dnsmasq[1]: 29358 fd02:c8be:1d40:0:89c6:4fae:69d2:328/56699 reply go-updater-1830831421.us-west-2.elb.amazonaws.com is 54.244.25.0
Nov 14 18:36:11 10.0.0.2 dnsmasq[1]: 29358 fd02:c8be:1d40:0:89c6:4fae:69d2:328/56699 reply go-updater-1830831421.us-west-2.elb.amazonaws.com is 54.184.157.212
Nov 14 18:36:11 10.0.0.2 dnsmasq[1]: 29358 fd02:c8be:1d40:0:89c6:4fae:69d2:328/56699 reply go-updater-1830831421.us-west-2.elb.amazonaws.com is 54.201.82.50
Nov 14 18:36:11 10.0.0.2 dnsmasq[1]: 29358 fd02:c8be:1d40:0:89c6:4fae:69d2:328/56699 reply go-updater-1830831421.us-west-2.elb.amazonaws.com is 54.187.28.108
Nov 14 18:36:11 10.0.0.2 dnsmasq[1]: 29358 fd02:c8be:1d40:0:89c6:4fae:69d2:328/56699 reply go-updater-1830831421.us-west-2.elb.amazonaws.com is 34.208.244.240
Nov 14 18:36:11 10.0.0.2 dnsmasq[1]: 29358 fd02:c8be:1d40:0:89c6:4fae:69d2:328/56699 reply go-updater-1830831421.us-west-2.elb.amazonaws.com is 44.239.25.6
Nov 14 18:36:11 10.0.0.2 ulogd[1267]: [NEW] ORIG: SRC=192.168.1.180 DST=54.244.25.0 PROTO=TCP SPT=53028 DPT=443 PKTS=0 BYTES=0 , REPLY: SRC=54.244.25.0 DST=176.36.141.89 PROTO=TCP SPT=443 DPT=53028 PKTS=0 BYTES=0
Nov 14 18:36:12 10.0.0.2 dnsmasq[1]: 29359 fd02:c8be:1d40:0:89c6:4fae:69d2:328/56699 query[A] sync-v2.brave.com from fd02:c8be:1d40:0:89c6:4fae:69d2:328
Nov 14 18:36:12 10.0.0.2 dnsmasq[1]: 29359 fd02:c8be:1d40:0:89c6:4fae:69d2:328/56699 forwarded sync-v2.brave.com to 194.50.85.5
Nov 14 18:36:12 10.0.0.2 ulogd[1267]: [NEW] ORIG: SRC=176.36.141.89 DST=194.50.85.5 PROTO=UDP SPT=44509 DPT=53 PKTS=0 BYTES=0 , REPLY: SRC=194.50.85.5 DST=176.36.141.89 PROTO=UDP SPT=53 DPT=44509 PKTS=0 BYTES=0
Nov 14 18:36:12 10.0.0.2 ulogd[1267]: [NEW] ORIG: SRC=192.168.1.180 DST=192.168.1.1 PROTO=UDP SPT=56699 DPT=53 PKTS=0 BYTES=0 , REPLY: SRC=192.168.1.1 DST=192.168.1.180 PROTO=UDP SPT=53 DPT=56699 PKTS=0 BYTES=0
Nov 14 18:36:12 10.0.0.2 dnsmasq[1]: 29360 192.168.1.180/56699 query[A] sync-v2.brave.com from 192.168.1.180
Nov 14 18:36:12 10.0.0.2 dnsmasq[1]: 29361 fd02:c8be:1d40:0:89c6:4fae:69d2:328/59290 query[A] edge.microsoft.com from fd02:c8be:1d40:0:89c6:4fae:69d2:328
Nov 14 18:36:12 10.0.0.2 ulogd[1267]: [NEW] ORIG: SRC=fd02:c8be:1d40:0:89c6:4fae:69d2:328 DST=fd02:c8be:1d40::1 PROTO=UDP SPT=59290 DPT=53 PKTS=0 BYTES=0 , REPLY: SRC=fd02:c8be:1d40::1 DST=fd02:c8be:1d40:0:89c6:4fae:69d2:328 PROTO=UDP SPT=53 DPT=59290 PKTS=0 BYTES=0
Nov 14 18:36:12 10.0.0.2 ulogd[1267]: [NEW] ORIG: SRC=fd02:c8be:1d40:0:89c6:4fae:69d2:328 DST=fd02:c8be:1d40::1 PROTO=UDP SPT=50935 DPT=53 PKTS=0 BYTES=0 , REPLY: SRC=fd02:c8be:1d40::1 DST=fd02:c8be:1d40:0:89c6:4fae:69d2:328 PROTO=UDP SPT=53 DPT=50935 PKTS=0 BYTES=0
Nov 14 18:36:12 10.0.0.2 dnsmasq[1]: 29361 fd02:c8be:1d40:0:89c6:4fae:69d2:328/59290 forwarded edge.microsoft.com to 194.50.85.5
Nov 14 18:36:12 10.0.0.2 ulogd[1267]: [NEW] ORIG: SRC=176.36.141.89 DST=194.50.85.5 PROTO=UDP SPT=36528 DPT=53 PKTS=0 BYTES=0 , REPLY: SRC=194.50.85.5 DST=176.36.141.89 PROTO=UDP SPT=53 DPT=36528 PKTS=0 BYTES=0
Nov 14 18:36:12 10.0.0.2 dnsmasq[1]: 29362 fd02:c8be:1d40:0:89c6:4fae:69d2:328/50935 query[type=65] edge.microsoft.com from fd02:c8be:1d40:0:89c6:4fae:69d2:328
Nov 14 18:36:12 10.0.0.2 dnsmasq[1]: 29362 fd02:c8be:1d40:0:89c6:4fae:69d2:328/50935 forwarded edge.microsoft.com to 194.50.85.5
Nov 14 18:36:12 10.0.0.2 ulogd[1267]: [NEW] ORIG: SRC=176.36.141.89 DST=194.50.85.5 PROTO=UDP SPT=49004 DPT=53 PKTS=0 BYTES=0 , REPLY: SRC=194.50.85.5 DST=176.36.141.89 PROTO=UDP SPT=53 DPT=49004 PKTS=0 BYTES=0
Nov 14 18:36:12 10.0.0.2 dnsmasq[1]: 29361 fd02:c8be:1d40:0:89c6:4fae:69d2:328/59290 reply edge.microsoft.com is <CNAME>
Nov 14 18:36:12 10.0.0.2 dnsmasq[1]: 29361 fd02:c8be:1d40:0:89c6:4fae:69d2:328/59290 reply edge-microsoft-com.dual-a-0036.a-msedge.net is <CNAME>
Nov 14 18:36:12 10.0.0.2 dnsmasq[1]: 29361 fd02:c8be:1d40:0:89c6:4fae:69d2:328/59290 reply dual-a-0036.a-msedge.net is 13.107.21.239
Nov 14 18:36:12 10.0.0.2 dnsmasq[1]: 29361 fd02:c8be:1d40:0:89c6:4fae:69d2:328/59290 reply dual-a-0036.a-msedge.net is 204.79.197.239
Nov 14 18:36:12 10.0.0.2 dnsmasq[1]: 29362 fd02:c8be:1d40:0:89c6:4fae:69d2:328/50935 reply edge.microsoft.com is <CNAME>
Nov 14 18:36:12 10.0.0.2 dnsmasq[1]: 29362 fd02:c8be:1d40:0:89c6:4fae:69d2:328/50935 reply edge-microsoft-com.dual-a-0036.a-msedge.net is <CNAME>
Nov 14 18:36:12 10.0.0.2 dnsmasq[1]: 29362 fd02:c8be:1d40:0:89c6:4fae:69d2:328/50935 reply dual-a-0036.a-msedge.net is NODATA
Nov 14 18:36:12 10.0.0.2 ulogd[1267]: [NEW] ORIG: SRC=192.168.1.180 DST=13.107.21.239 PROTO=TCP SPT=53029 DPT=443 PKTS=0 BYTES=0 , REPLY: SRC=13.107.21.239 DST=176.36.141.89 PROTO=TCP SPT=443 DPT=53029 PKTS=0 BYTES=0
Nov 14 18:36:12 10.0.0.2 ulogd[1267]: [NEW] ORIG: SRC=161.189.161.215 DST=176.36.141.89 PROTO=ICMP TYPE=0 CODE=8 PKTS=0 BYTES=0 , REPLY: SRC=176.36.141.89 DST=161.189.161.215 PROTO=ICMP TYPE=0 CODE=8 PKTS=0 BYTES=0
Nov 14 18:36:12 10.0.0.2 ulogd[1267]: [NEW] ORIG: SRC=43.192.49.80 DST=176.36.141.89 PROTO=ICMP TYPE=0 CODE=8 PKTS=0 BYTES=0 , REPLY: SRC=176.36.141.89 DST=43.192.49.80 PROTO=ICMP TYPE=0 CODE=8 PKTS=0 BYTES=0
Nov 14 18:36:12 10.0.0.2 ulogd[1267]: [NEW] ORIG: SRC=161.189.112.245 DST=176.36.141.89 PROTO=ICMP TYPE=0 CODE=8 PKTS=0 BYTES=0 , REPLY: SRC=176.36.141.89 DST=161.189.112.245 PROTO=ICMP TYPE=0 CODE=8 PKTS=0 BYTES=0
Nov 14 18:36:13 10.0.0.2 dnsmasq[1]: 29363 fd02:c8be:1d40:0:89c6:4fae:69d2:328/56699 query[A] sync-v2.brave.com from fd02:c8be:1d40:0:89c6:4fae:69d2:328
Nov 14 18:36:13 10.0.0.2 dnsmasq[1]: 29363 fd02:c8be:1d40:0:89c6:4fae:69d2:328/56699 forwarded sync-v2.brave.com to 192.168.1.45
Nov 14 18:36:13 10.0.0.2 ulogd[1267]: [NEW] ORIG: SRC=192.168.1.1 DST=192.168.1.45 PROTO=UDP SPT=44509 DPT=5353 PKTS=0 BYTES=0 , REPLY: SRC=192.168.1.45 DST=192.168.1.1 PROTO=UDP SPT=5353 DPT=44509 PKTS=0 BYTES=0
Nov 14 18:36:13 10.0.0.2 dnsmasq[1]: 29363 fd02:c8be:1d40:0:89c6:4fae:69d2:328/56699 forwarded sync-v2.brave.com to 194.50.85.5
Nov 14 18:36:13 10.0.0.2 ulogd[1267]: [NEW] ORIG: SRC=176.36.141.89 DST=194.50.85.7 PROTO=UDP SPT=44509 DPT=53 PKTS=0 BYTES=0 , REPLY: SRC=194.50.85.7 DST=176.36.141.89 PROTO=UDP SPT=53 DPT=44509 PKTS=0 BYTES=0
Nov 14 18:36:13 10.0.0.2 dnsmasq[1]: 29363 fd02:c8be:1d40:0:89c6:4fae:69d2:328/56699 forwarded sync-v2.brave.com to 194.50.85.7
Nov 14 18:36:15 10.0.0.2 dnsmasq[1]: 29364 fd02:c8be:1d40:0:89c6:4fae:69d2:328/56699 query[A] sync-v2.brave.com from fd02:c8be:1d40:0:89c6:4fae:69d2:328
Nov 14 18:36:15 10.0.0.2 dnsmasq[1]: 29364 fd02:c8be:1d40:0:89c6:4fae:69d2:328/56699 forwarded sync-v2.brave.com to 192.168.1.45
Nov 14 18:36:15 10.0.0.2 dnsmasq[1]: 29364 fd02:c8be:1d40:0:89c6:4fae:69d2:328/56699 forwarded sync-v2.brave.com to 194.50.85.5
Nov 14 18:36:15 10.0.0.2 dnsmasq[1]: 29364 fd02:c8be:1d40:0:89c6:4fae:69d2:328/56699 forwarded sync-v2.brave.com to 194.50.85.7
Nov 14 18:36:15 10.0.0.2 dnsmasq[1]: 29364 fd02:c8be:1d40:0:89c6:4fae:69d2:328/56699 reply sync-v2.brave.com is <CNAME>
Nov 14 18:36:15 10.0.0.2 dnsmasq[1]: 29364 fd02:c8be:1d40:0:89c6:4fae:69d2:328/56699 reply sync-alb-152764135.us-west-2.elb.amazonaws.com is 52.34.169.249
Nov 14 18:36:15 10.0.0.2 dnsmasq[1]: 29364 fd02:c8be:1d40:0:89c6:4fae:69d2:328/56699 reply sync-alb-152764135.us-west-2.elb.amazonaws.com is 54.190.8.136
Nov 14 18:36:15 10.0.0.2 dnsmasq[1]: 29364 fd02:c8be:1d40:0:89c6:4fae:69d2:328/56699 reply sync-alb-152764135.us-west-2.elb.amazonaws.com is 44.228.160.54
Nov 14 18:36:15 10.0.0.2 dnsmasq[1]: 29360 192.168.1.180/56699 reply query is duplicate
Nov 14 18:36:15 10.0.0.2 dnsmasq[1]: 29365 192.168.1.180/56699 query[A] sync-v2.brave.com from 192.168.1.180
Nov 14 18:36:15 10.0.0.2 dnsmasq[1]: 29365 192.168.1.180/56699 cached sync-v2.brave.com is <CNAME>
Nov 14 18:36:15 10.0.0.2 dnsmasq[1]: 29365 192.168.1.180/56699 cached sync-alb-152764135.us-west-2.elb.amazonaws.com is 44.228.160.54
Nov 14 18:36:15 10.0.0.2 dnsmasq[1]: 29365 192.168.1.180/56699 cached sync-alb-152764135.us-west-2.elb.amazonaws.com is 54.190.8.136
Nov 14 18:36:15 10.0.0.2 dnsmasq[1]: 29365 192.168.1.180/56699 cached sync-alb-152764135.us-west-2.elb.amazonaws.com is 52.34.169.249
Nov 14 18:36:15 10.0.0.2 ulogd[1267]: [NEW] ORIG: SRC=192.168.1.180 DST=35.186.224.25 PROTO=UDP SPT=53130 DPT=443 PKTS=0 BYTES=0 , REPLY: SRC=35.186.224.25 DST=176.36.141.89 PROTO=UDP SPT=443 DPT=53130 PKTS=0 BYTES=0
Nov 14 18:36:19 10.0.0.2 ulogd[1267]: [NEW] ORIG: SRC=192.168.1.45 DST=192.168.1.1 PROTO=UDP SPT=38334 DPT=53 PKTS=0 BYTES=0 , REPLY: SRC=192.168.1.1 DST=192.168.1.45 PROTO=UDP SPT=53 DPT=38334 PKTS=0 BYTES=0
Nov 14 18:36:19 10.0.0.2 dnsmasq[1]: 29366 192.168.1.45/38334 query[A] deb.debian.org from 192.168.1.45
Nov 14 18:36:19 10.0.0.2 dnsmasq[1]: 29366 192.168.1.45/38334 forwarded deb.debian.org to 194.50.85.5
Nov 14 18:36:19 10.0.0.2 ulogd[1267]: [NEW] ORIG: SRC=176.36.141.89 DST=194.50.85.5 PROTO=UDP SPT=39381 DPT=53 PKTS=0 BYTES=0 , REPLY: SRC=194.50.85.5 DST=176.36.141.89 PROTO=UDP SPT=53 DPT=39381 PKTS=0 BYTES=0
Nov 14 18:36:19 10.0.0.2 dnsmasq[1]: 29366 192.168.1.45/38334 reply deb.debian.org is <CNAME>
Nov 14 18:36:19 10.0.0.2 dnsmasq[1]: 29366 192.168.1.45/38334 reply debian.map.fastlydns.net is 146.75.118.132
Nov 14 18:36:19 10.0.0.2 ulogd[1267]: [NEW] ORIG: SRC=192.168.1.45 DST=146.75.118.132 PROTO=TCP SPT=46644 DPT=80 PKTS=0 BYTES=0 , REPLY: SRC=146.75.118.132 DST=176.36.141.89 PROTO=TCP SPT=80 DPT=46644 PKTS=0 BYTES=0
Nov 14 18:36:27 10.0.0.2 ulogd[1267]: [NEW] ORIG: SRC=192.168.1.180 DST=35.186.224.25 PROTO=UDP SPT=53928 DPT=443 PKTS=0 BYTES=0 , REPLY: SRC=35.186.224.25 DST=176.36.141.89 PROTO=UDP SPT=443 DPT=53928 PKTS=0 BYTES=0
Nov 14 18:36:27 10.0.0.2 ulogd[1267]: [NEW] ORIG: SRC=192.168.1.180 DST=18.244.102.67 PROTO=TCP SPT=53030 DPT=443 PKTS=0 BYTES=0 , REPLY: SRC=18.244.102.67 DST=176.36.141.89 PROTO=TCP SPT=443 DPT=53030 PKTS=0 BYTES=0
Nov 14 18:36:27 10.0.0.2 dnsmasq[1]: 29367 fd02:c8be:1d40:0:89c6:4fae:69d2:328/58558 query[type=65] api-partner.spotify.com from fd02:c8be:1d40:0:89c6:4fae:69d2:328
Nov 14 18:36:27 10.0.0.2 ulogd[1267]: [NEW] ORIG: SRC=fd02:c8be:1d40:0:89c6:4fae:69d2:328 DST=fd02:c8be:1d40::1 PROTO=UDP SPT=58558 DPT=53 PKTS=0 BYTES=0 , REPLY: SRC=fd02:c8be:1d40::1 DST=fd02:c8be:1d40:0:89c6:4fae:69d2:328 PROTO=UDP SPT=53 DPT=58558 PKTS=0 BYTES=0
Nov 14 18:36:27 10.0.0.2 dnsmasq[1]: 29367 fd02:c8be:1d40:0:89c6:4fae:69d2:328/58558 cached api-partner.spotify.com is <CNAME>
Nov 14 18:36:27 10.0.0.2 ulogd[1267]: [NEW] ORIG: SRC=fd02:c8be:1d40:0:89c6:4fae:69d2:328 DST=fd02:c8be:1d40::1 PROTO=UDP SPT=65382 DPT=53 PKTS=0 BYTES=0 , REPLY: SRC=fd02:c8be:1d40::1 DST=fd02:c8be:1d40:0:89c6:4fae:69d2:328 PROTO=UDP SPT=53 DPT=65382 PKTS=0 BYTES=0
Nov 14 18:36:27 10.0.0.2 dnsmasq[1]: 29367 fd02:c8be:1d40:0:89c6:4fae:69d2:328/58558 cached partners.wg.spotify.com is <CNAME>
Nov 14 18:36:27 10.0.0.2 dnsmasq[1]: 29367 fd02:c8be:1d40:0:89c6:4fae:69d2:328/58558 forwarded api-partner.spotify.com to 194.50.85.5
Nov 14 18:36:27 10.0.0.2 dnsmasq[1]: 29367 fd02:c8be:1d40:0:89c6:4fae:69d2:328/58558 reply api-partner.spotify.com is <CNAME>
Nov 14 18:36:27 10.0.0.2 ulogd[1267]: [NEW] ORIG: SRC=176.36.141.89 DST=194.50.85.5 PROTO=UDP SPT=39405 DPT=53 PKTS=0 BYTES=0 , REPLY: SRC=194.50.85.5 DST=176.36.141.89 PROTO=UDP SPT=53 DPT=39405 PKTS=0 BYTES=0
Nov 14 18:36:27 10.0.0.2 dnsmasq[1]: 29367 fd02:c8be:1d40:0:89c6:4fae:69d2:328/58558 reply partners.wg.spotify.com is <CNAME>
Nov 14 18:36:27 10.0.0.2 dnsmasq[1]: 29367 fd02:c8be:1d40:0:89c6:4fae:69d2:328/58558 reply edge-web.dual-gslb.spotify.com is NODATA
Nov 14 18:36:27 10.0.0.2 dnsmasq[1]: 29368 fd02:c8be:1d40:0:89c6:4fae:69d2:328/65382 query[A] api-partner.spotify.com from fd02:c8be:1d40:0:89c6:4fae:69d2:328
Nov 14 18:36:27 10.0.0.2 dnsmasq[1]: 29368 fd02:c8be:1d40:0:89c6:4fae:69d2:328/65382 cached api-partner.spotify.com is <CNAME>
Nov 14 18:36:27 10.0.0.2 ulogd[1267]: [NEW] ORIG: SRC=176.36.141.89 DST=194.50.85.5 PROTO=UDP SPT=43548 DPT=53 PKTS=0 BYTES=0 , REPLY: SRC=194.50.85.5 DST=176.36.141.89 PROTO=UDP SPT=53 DPT=43548 PKTS=0 BYTES=0
Nov 14 18:36:27 10.0.0.2 dnsmasq[1]: 29368 fd02:c8be:1d40:0:89c6:4fae:69d2:328/65382 forwarded api-partner.spotify.com to 194.50.85.5
Nov 14 18:36:27 10.0.0.2 dnsmasq[1]: 29368 fd02:c8be:1d40:0:89c6:4fae:69d2:328/65382 reply api-partner.spotify.com is <CNAME>
Nov 14 18:36:27 10.0.0.2 dnsmasq[1]: 29368 fd02:c8be:1d40:0:89c6:4fae:69d2:328/65382 reply partners.wg.spotify.com is <CNAME>
Nov 14 18:36:27 10.0.0.2 dnsmasq[1]: 29368 fd02:c8be:1d40:0:89c6:4fae:69d2:328/65382 reply edge-web.dual-gslb.spotify.com is 35.186.224.25
Nov 14 18:36:27 10.0.0.2 ulogd[1267]: [NEW] ORIG: SRC=192.168.1.180 DST=35.186.224.25 PROTO=TCP SPT=53031 DPT=443 PKTS=0 BYTES=0 , REPLY: SRC=35.186.224.25 DST=176.36.141.89 PROTO=TCP SPT=443 DPT=53031 PKTS=0 BYTES=0
Nov 14 18:36:28 10.0.0.2 ulogd[1267]: [NEW] ORIG: SRC=192.168.1.45 DST=192.168.1.1 PROTO=UDP SPT=44753 DPT=53 PKTS=0 BYTES=0 , REPLY: SRC=192.168.1.1 DST=192.168.1.45 PROTO=UDP SPT=53 DPT=44753 PKTS=0 BYTES=0
Nov 14 18:36:28 10.0.0.2 dnsmasq[1]: 29369 192.168.1.45/44753 query[A] deb.debian.org from 192.168.1.45
Nov 14 18:36:28 10.0.0.2 dnsmasq[1]: 29369 192.168.1.45/44753 cached deb.debian.org is <CNAME>
Nov 14 18:36:28 10.0.0.2 dnsmasq[1]: 29369 192.168.1.45/44753 cached debian.map.fastlydns.net is 146.75.118.132
Nov 14 18:36:28 10.0.0.2 ulogd[1267]: [NEW] ORIG: SRC=192.168.1.45 DST=146.75.118.132 PROTO=TCP SPT=59110 DPT=80 PKTS=0 BYTES=0 , REPLY: SRC=146.75.118.132 DST=176.36.141.89 PROTO=TCP SPT=80 DPT=59110 PKTS=0 BYTES=0
Nov 14 18:36:32 10.0.0.2 dnsmasq[1]: 29370 fd02:c8be:1d40:0:89c6:4fae:69d2:328/55831 query[A] gew1-spclient.spotify.com from fd02:c8be:1d40:0:89c6:4fae:69d2:328
Nov 14 18:36:32 10.0.0.2 ulogd[1267]: [NEW] ORIG: SRC=fd02:c8be:1d40:0:89c6:4fae:69d2:328 DST=fd02:c8be:1d40::1 PROTO=UDP SPT=55831 DPT=53 PKTS=0 BYTES=0 , REPLY: SRC=fd02:c8be:1d40::1 DST=fd02:c8be:1d40:0:89c6:4fae:69d2:328 PROTO=UDP SPT=53 DPT=55831 PKTS=0 BYTES=0
Nov 14 18:36:32 10.0.0.2 dnsmasq[1]: 29370 fd02:c8be:1d40:0:89c6:4fae:69d2:328/55831 forwarded gew1-spclient.spotify.com to 192.168.1.45
Nov 14 18:36:32 10.0.0.2 ulogd[1267]: [NEW] ORIG: SRC=fd02:c8be:1d40:0:89c6:4fae:69d2:328 DST=fd02:c8be:1d40::1 PROTO=UDP SPT=61067 DPT=53 PKTS=0 BYTES=0 , REPLY: SRC=fd02:c8be:1d40::1 DST=fd02:c8be:1d40:0:89c6:4fae:69d2:328 PROTO=UDP SPT=53 DPT=61067 PKTS=0 BYTES=0
Nov 14 18:36:32 10.0.0.2 dnsmasq[1]: 29370 fd02:c8be:1d40:0:89c6:4fae:69d2:328/55831 forwarded gew1-spclient.spotify.com to 194.50.85.5
Nov 14 18:36:32 10.0.0.2 ulogd[1267]: [NEW] ORIG: SRC=192.168.1.1 DST=192.168.1.45 PROTO=UDP SPT=52772 DPT=5353 PKTS=0 BYTES=0 , REPLY: SRC=192.168.1.45 DST=192.168.1.1 PROTO=UDP SPT=5353 DPT=52772 PKTS=0 BYTES=0
Nov 14 18:36:32 10.0.0.2 dnsmasq[1]: 29370 fd02:c8be:1d40:0:89c6:4fae:69d2:328/55831 forwarded gew1-spclient.spotify.com to 194.50.85.7
Nov 14 18:36:32 10.0.0.2 ulogd[1267]: [NEW] ORIG: SRC=176.36.141.89 DST=194.50.85.5 PROTO=UDP SPT=52772 DPT=53 PKTS=0 BYTES=0 , REPLY: SRC=194.50.85.5 DST=176.36.141.89 PROTO=UDP SPT=53 DPT=52772 PKTS=0 BYTES=0
Nov 14 18:36:32 10.0.0.2 ulogd[1267]: [NEW] ORIG: SRC=176.36.141.89 DST=194.50.85.7 PROTO=UDP SPT=52772 DPT=53 PKTS=0 BYTES=0 , REPLY: SRC=194.50.85.7 DST=176.36.141.89 PROTO=UDP SPT=53 DPT=52772 PKTS=0 BYTES=0
Nov 14 18:36:32 10.0.0.2 dnsmasq[1]: 29371 fd02:c8be:1d40:0:89c6:4fae:69d2:328/61067 query[type=65] gew1-spclient.spotify.com from fd02:c8be:1d40:0:89c6:4fae:69d2:328
Nov 14 18:36:32 10.0.0.2 dnsmasq[1]: 29371 fd02:c8be:1d40:0:89c6:4fae:69d2:328/61067 forwarded gew1-spclient.spotify.com to 194.50.85.5
Nov 14 18:36:32 10.0.0.2 ulogd[1267]: [NEW] ORIG: SRC=176.36.141.89 DST=194.50.85.5 PROTO=UDP SPT=49972 DPT=53 PKTS=0 BYTES=0 , REPLY: SRC=194.50.85.5 DST=176.36.141.89 PROTO=UDP SPT=53 DPT=49972 PKTS=0 BYTES=0
Nov 14 18:36:32 10.0.0.2 dnsmasq[1]: 29370 fd02:c8be:1d40:0:89c6:4fae:69d2:328/55831 reply gew1-spclient.spotify.com is <CNAME>
Nov 14 18:36:32 10.0.0.2 dnsmasq[1]: 29370 fd02:c8be:1d40:0:89c6:4fae:69d2:328/55831 reply edge-web-gew1.dual-gslb.spotify.com is 35.186.224.18
Nov 14 18:36:32 10.0.0.2 ulogd[1267]: [NEW] ORIG: SRC=192.168.1.180 DST=35.186.224.18 PROTO=UDP SPT=55331 DPT=443 PKTS=0 BYTES=0 , REPLY: SRC=35.186.224.18 DST=176.36.141.89 PROTO=UDP SPT=443 DPT=55331 PKTS=0 BYTES=0
Nov 14 18:36:41 10.0.0.2 ulogd[1267]: [NEW] ORIG: SRC=fd02:c8be:1d40:0:89c6:4fae:69d2:328 DST=fd02:c8be:1d40::1 PROTO=UDP SPT=60875 DPT=53 PKTS=0 BYTES=0 , REPLY: SRC=fd02:c8be:1d40::1 DST=fd02:c8be:1d40:0:89c6:4fae:69d2:328 PROTO=UDP SPT=53 DPT=60875 PKTS=0 BYTES=0
Nov 14 18:36:41 10.0.0.2 dnsmasq[1]: 29372 fd02:c8be:1d40:0:89c6:4fae:69d2:328/60875 query[A] www.aljazeera.com from fd02:c8be:1d40:0:89c6:4fae:69d2:328
Nov 14 18:36:41 10.0.0.2 dnsmasq[1]: 29372 fd02:c8be:1d40:0:89c6:4fae:69d2:328/60875 forwarded www.aljazeera.com to 194.50.85.7
Nov 14 18:36:41 10.0.0.2 ulogd[1267]: [NEW] ORIG: SRC=176.36.141.89 DST=194.50.85.7 PROTO=UDP SPT=57777 DPT=53 PKTS=0 BYTES=0 , REPLY: SRC=194.50.85.7 DST=176.36.141.89 PROTO=UDP SPT=53 DPT=57777 PKTS=0 BYTES=0
Nov 14 18:36:41 10.0.0.2 ulogd[1267]: [NEW] ORIG: SRC=192.168.1.180 DST=192.168.1.1 PROTO=UDP SPT=60875 DPT=53 PKTS=0 BYTES=0 , REPLY: SRC=192.168.1.1 DST=192.168.1.180 PROTO=UDP SPT=53 DPT=60875 PKTS=0 BYTES=0
Nov 14 18:36:41 10.0.0.2 dnsmasq[1]: 29373 192.168.1.180/60875 query[A] www.aljazeera.com from 192.168.1.180
Nov 14 18:36:41 10.0.0.2 dnsmasq[1]: 29372 fd02:c8be:1d40:0:89c6:4fae:69d2:328/60875 reply www.aljazeera.com is <CNAME>
Nov 14 18:36:41 10.0.0.2 dnsmasq[1]: 29372 fd02:c8be:1d40:0:89c6:4fae:69d2:328/60875 reply www.aljazeera.com.edgekey.net is <CNAME>
Nov 14 18:36:41 10.0.0.2 dnsmasq[1]: 29372 fd02:c8be:1d40:0:89c6:4fae:69d2:328/60875 reply e9106.dscg.akamaiedge.net is 23.200.160.171
Nov 14 18:36:41 10.0.0.2 dnsmasq[1]: 29373 192.168.1.180/60875 reply query is duplicate
Nov 14 18:36:51 10.0.0.2 ulogd[1267]: [NEW] ORIG: SRC=192.168.1.45 DST=192.168.1.1 PROTO=UDP SPT=57393 DPT=53 PKTS=0 BYTES=0 , REPLY: SRC=192.168.1.1 DST=192.168.1.45 PROTO=UDP SPT=53 DPT=57393 PKTS=0 BYTES=0
Nov 14 18:36:51 10.0.0.2 ulogd[1267]: [NEW] ORIG: SRC=192.168.1.45 DST=192.168.1.1 PROTO=UDP SPT=40934 DPT=53 PKTS=0 BYTES=0 , REPLY: SRC=192.168.1.1 DST=192.168.1.45 PROTO=UDP SPT=53 DPT=40934 PKTS=0 BYTES=0
Nov 14 18:36:51 10.0.0.2 dnsmasq[1]: 29374 192.168.1.45/57393 query[AAAA] raw.githubusercontent.com from 192.168.1.45
Nov 14 18:36:51 10.0.0.2 dnsmasq[1]: 29374 192.168.1.45/57393 forwarded raw.githubusercontent.com to 194.50.85.7
Nov 14 18:36:51 10.0.0.2 dnsmasq[1]: 29375 192.168.1.45/40934 query[A] raw.githubusercontent.com from 192.168.1.45
Nov 14 18:36:51 10.0.0.2 ulogd[1267]: [NEW] ORIG: SRC=176.36.141.89 DST=194.50.85.7 PROTO=UDP SPT=59978 DPT=53 PKTS=0 BYTES=0 , REPLY: SRC=194.50.85.7 DST=176.36.141.89 PROTO=UDP SPT=53 DPT=59978 PKTS=0 BYTES=0
Nov 14 18:36:51 10.0.0.2 ulogd[1267]: [NEW] ORIG: SRC=176.36.141.89 DST=194.50.85.7 PROTO=UDP SPT=42661 DPT=53 PKTS=0 BYTES=0 , REPLY: SRC=194.50.85.7 DST=176.36.141.89 PROTO=UDP SPT=53 DPT=42661 PKTS=0 BYTES=0
Nov 14 18:36:51 10.0.0.2 dnsmasq[1]: 29375 192.168.1.45/40934 forwarded raw.githubusercontent.com to 194.50.85.7
Nov 14 18:36:51 10.0.0.2 ulogd[1267]: [NEW] ORIG: SRC=192.168.1.45 DST=192.168.1.1 PROTO=UDP SPT=38522 DPT=53 PKTS=0 BYTES=0 , REPLY: SRC=192.168.1.1 DST=192.168.1.45 PROTO=UDP SPT=53 DPT=38522 PKTS=0 BYTES=0
Nov 14 18:36:51 10.0.0.2 dnsmasq[1]: 29376 192.168.1.45/38522 query[AAAA] grafana.com from 192.168.1.45
Nov 14 18:36:51 10.0.0.2 ulogd[1267]: [NEW] ORIG: SRC=192.168.1.45 DST=192.168.1.1 PROTO=UDP SPT=37002 DPT=53 PKTS=0 BYTES=0 , REPLY: SRC=192.168.1.1 DST=192.168.1.45 PROTO=UDP SPT=53 DPT=37002 PKTS=0 BYTES=0
Nov 14 18:36:51 10.0.0.2 dnsmasq[1]: 29376 192.168.1.45/38522 forwarded grafana.com to 194.50.85.7
Nov 14 18:36:51 10.0.0.2 dnsmasq[1]: 29374 192.168.1.45/57393 reply raw.githubusercontent.com is 2606:50c0:8002::154
Nov 14 18:36:51 10.0.0.2 dnsmasq[1]: 29374 192.168.1.45/57393 reply raw.githubusercontent.com is 2606:50c0:8003::154
Nov 14 18:36:51 10.0.0.2 dnsmasq[1]: 29374 192.168.1.45/57393 reply raw.githubusercontent.com is 2606:50c0:8001::154
Nov 14 18:36:51 10.0.0.2 dnsmasq[1]: 29374 192.168.1.45/57393 reply raw.githubusercontent.com is 2606:50c0:8000::154
Nov 14 18:36:51 10.0.0.2 ulogd[1267]: [NEW] ORIG: SRC=176.36.141.89 DST=194.50.85.7 PROTO=UDP SPT=38836 DPT=53 PKTS=0 BYTES=0 , REPLY: SRC=194.50.85.7 DST=176.36.141.89 PROTO=UDP SPT=53 DPT=38836 PKTS=0 BYTES=0
Nov 14 18:36:51 10.0.0.2 dnsmasq[1]: 29375 192.168.1.45/40934 reply raw.githubusercontent.com is 185.199.108.133
Nov 14 18:36:51 10.0.0.2 dnsmasq[1]: 29375 192.168.1.45/40934 reply raw.githubusercontent.com is 185.199.111.133
Nov 14 18:36:51 10.0.0.2 dnsmasq[1]: 29375 192.168.1.45/40934 reply raw.githubusercontent.com is 185.199.110.133
Nov 14 18:36:51 10.0.0.2 dnsmasq[1]: 29375 192.168.1.45/40934 reply raw.githubusercontent.com is 185.199.109.133
Nov 14 18:36:51 10.0.0.2 dnsmasq[1]: 29377 192.168.1.45/37002 query[A] grafana.com from 192.168.1.45
Nov 14 18:36:51 10.0.0.2 dnsmasq[1]: 29377 192.168.1.45/37002 forwarded grafana.com to 194.50.85.7
Nov 14 18:36:51 10.0.0.2 dnsmasq[1]: 29377 192.168.1.45/37002 reply grafana.com is 34.120.177.193
Nov 14 18:36:51 10.0.0.2 ulogd[1267]: [NEW] ORIG: SRC=176.36.141.89 DST=194.50.85.7 PROTO=UDP SPT=35040 DPT=53 PKTS=0 BYTES=0 , REPLY: SRC=194.50.85.7 DST=176.36.141.89 PROTO=UDP SPT=53 DPT=35040 PKTS=0 BYTES=0
Nov 14 18:36:51 10.0.0.2 ulogd[1267]: [NEW] ORIG: SRC=192.168.1.45 DST=185.199.108.133 PROTO=TCP SPT=59612 DPT=443 PKTS=0 BYTES=0 , REPLY: SRC=185.199.108.133 DST=176.36.141.89 PROTO=TCP SPT=443 DPT=59612 PKTS=0 BYTES=0
Nov 14 18:36:51 10.0.0.2 dnsmasq[1]: 29376 192.168.1.45/38522 reply grafana.com is 2600:1901:0:b3ea::
Nov 14 18:36:51 10.0.0.2 ulogd[1267]: [NEW] ORIG: SRC=192.168.1.45 DST=34.120.177.193 PROTO=TCP SPT=44440 DPT=443 PKTS=0 BYTES=0 , REPLY: SRC=34.120.177.193 DST=176.36.141.89 PROTO=TCP SPT=443 DPT=44440 PKTS=0 BYTES=0
Nov 14 18:36:57 10.0.0.2 dnsmasq[1]: 29378 192.168.1.151/56443 query[type=65] gateway.icloud.com from 192.168.1.151
Nov 14 18:36:57 10.0.0.2 ulogd[1267]: [NEW] ORIG: SRC=192.168.1.151 DST=192.168.1.1 PROTO=UDP SPT=56443 DPT=53 PKTS=0 BYTES=0 , REPLY: SRC=192.168.1.1 DST=192.168.1.151 PROTO=UDP SPT=53 DPT=56443 PKTS=0 BYTES=0
Nov 14 18:36:57 10.0.0.2 dnsmasq[1]: 29378 192.168.1.151/56443 forwarded gateway.icloud.com to 192.168.1.45
Nov 14 18:36:57 10.0.0.2 ulogd[1267]: [NEW] ORIG: SRC=192.168.1.151 DST=192.168.1.1 PROTO=UDP SPT=53869 DPT=53 PKTS=0 BYTES=0 , REPLY: SRC=192.168.1.1 DST=192.168.1.151 PROTO=UDP SPT=53 DPT=53869 PKTS=0 BYTES=0
Nov 14 18:36:57 10.0.0.2 ulogd[1267]: [NEW] ORIG: SRC=192.168.1.1 DST=192.168.1.45 PROTO=UDP SPT=60684 DPT=5353 PKTS=0 BYTES=0 , REPLY: SRC=192.168.1.45 DST=192.168.1.1 PROTO=UDP SPT=5353 DPT=60684 PKTS=0 BYTES=0
Nov 14 18:36:57 10.0.0.2 dnsmasq[1]: 29378 192.168.1.151/56443 forwarded gateway.icloud.com to 194.50.85.5
Nov 14 18:36:57 10.0.0.2 ulogd[1267]: [NEW] ORIG: SRC=176.36.141.89 DST=194.50.85.5 PROTO=UDP SPT=60684 DPT=53 PKTS=0 BYTES=0 , REPLY: SRC=194.50.85.5 DST=176.36.141.89 PROTO=UDP SPT=53 DPT=60684 PKTS=0 BYTES=0
Nov 14 18:36:57 10.0.0.2 dnsmasq[1]: 29378 192.168.1.151/56443 forwarded gateway.icloud.com to 194.50.85.7
Nov 14 18:36:57 10.0.0.2 ulogd[1267]: [NEW] ORIG: SRC=176.36.141.89 DST=194.50.85.7 PROTO=UDP SPT=60684 DPT=53 PKTS=0 BYTES=0 , REPLY: SRC=194.50.85.7 DST=176.36.141.89 PROTO=UDP SPT=53 DPT=60684 PKTS=0 BYTES=0
Nov 14 18:36:57 10.0.0.2 dnsmasq[1]: 29378 192.168.1.151/56443 reply gateway.icloud.com is <CNAME>
Nov 14 18:36:57 10.0.0.2 dnsmasq[1]: 29378 192.168.1.151/56443 reply gateway.fe.apple-dns.net is NODATA
Nov 14 18:36:57 10.0.0.2 dnsmasq[1]: 29379 192.168.1.151/53869 query[A] gateway.icloud.com from 192.168.1.151
Nov 14 18:36:57 10.0.0.2 ulogd[1267]: [NEW] ORIG: SRC=176.36.141.89 DST=194.50.85.5 PROTO=UDP SPT=55904 DPT=53 PKTS=0 BYTES=0 , REPLY: SRC=194.50.85.5 DST=176.36.141.89 PROTO=UDP SPT=53 DPT=55904 PKTS=0 BYTES=0
Nov 14 18:36:57 10.0.0.2 dnsmasq[1]: 29379 192.168.1.151/53869 forwarded gateway.icloud.com to 194.50.85.5
Nov 14 18:36:57 10.0.0.2 dnsmasq[1]: 29379 192.168.1.151/53869 reply gateway.icloud.com is <CNAME>
Nov 14 18:36:57 10.0.0.2 dnsmasq[1]: 29379 192.168.1.151/53869 reply gateway.fe.apple-dns.net is 17.248.213.68
Nov 14 18:36:57 10.0.0.2 dnsmasq[1]: 29379 192.168.1.151/53869 reply gateway.fe.apple-dns.net is 17.248.213.66
Nov 14 18:36:57 10.0.0.2 ulogd[1267]: [NEW] ORIG: SRC=192.168.1.151 DST=192.168.1.1 PROTO=UDP SPT=62426 DPT=53 PKTS=0 BYTES=0 , REPLY: SRC=192.168.1.1 DST=192.168.1.151 PROTO=UDP SPT=53 DPT=62426 PKTS=0 BYTES=0
Nov 14 18:36:57 10.0.0.2 dnsmasq[1]: 29379 192.168.1.151/53869 reply gateway.fe.apple-dns.net is 17.248.213.65
Nov 14 18:36:57 10.0.0.2 dnsmasq[1]: 29379 192.168.1.151/53869 reply gateway.fe.apple-dns.net is 17.248.213.70
Nov 14 18:36:57 10.0.0.2 dnsmasq[1]: 29379 192.168.1.151/53869 reply gateway.fe.apple-dns.net is 17.248.213.67
Nov 14 18:36:57 10.0.0.2 dnsmasq[1]: 29379 192.168.1.151/53869 reply gateway.fe.apple-dns.net is 17.248.213.69
Nov 14 18:36:57 10.0.0.2 dnsmasq[1]: 29379 192.168.1.151/53869 reply gateway.fe.apple-dns.net is 17.248.213.71
Nov 14 18:36:57 10.0.0.2 dnsmasq[1]: 29379 192.168.1.151/53869 reply gateway.fe.apple-dns.net is 17.248.213.64
Nov 14 18:36:57 10.0.0.2 dnsmasq[1]: 29380 192.168.1.151/62426 query[type=65] gateway.fe.apple-dns.net from 192.168.1.151
Nov 14 18:36:57 10.0.0.2 dnsmasq[1]: 29380 192.168.1.151/62426 forwarded gateway.fe.apple-dns.net to 194.50.85.5
Nov 14 18:36:57 10.0.0.2 ulogd[1267]: [NEW] ORIG: SRC=176.36.141.89 DST=194.50.85.5 PROTO=UDP SPT=59767 DPT=53 PKTS=0 BYTES=0 , REPLY: SRC=194.50.85.5 DST=176.36.141.89 PROTO=UDP SPT=53 DPT=59767 PKTS=0 BYTES=0
Nov 14 18:36:57 10.0.0.2 dnsmasq[1]: 29380 192.168.1.151/62426 reply gateway.fe.apple-dns.net is NODATA
Nov 14 18:36:57 10.0.0.2 ulogd[1267]: [NEW] ORIG: SRC=192.168.1.151 DST=17.248.213.68 PROTO=TCP SPT=58539 DPT=443 PKTS=0 BYTES=0 , REPLY: SRC=17.248.213.68 DST=176.36.141.89 PROTO=TCP SPT=443 DPT=58539 PKTS=0 BYTES=0
Nov 14 18:37:13 10.0.0.2 ulogd[1267]: [NEW] ORIG: SRC=52.82.8.37 DST=176.36.141.89 PROTO=ICMP TYPE=0 CODE=8 PKTS=0 BYTES=0 , REPLY: SRC=176.36.141.89 DST=52.82.8.37 PROTO=ICMP TYPE=0 CODE=8 PKTS=0 BYTES=0
Nov 14 18:37:13 10.0.0.2 ulogd[1267]: [NEW] ORIG: SRC=43.192.98.130 DST=176.36.141.89 PROTO=ICMP TYPE=0 CODE=8 PKTS=0 BYTES=0 , REPLY: SRC=176.36.141.89 DST=43.192.98.130 PROTO=ICMP TYPE=0 CODE=8 PKTS=0 BYTES=0
Nov 14 18:37:13 10.0.0.2 ulogd[1267]: [NEW] ORIG: SRC=52.83.12.118 DST=176.36.141.89 PROTO=ICMP TYPE=0 CODE=8 PKTS=0 BYTES=0 , REPLY: SRC=176.36.141.89 DST=52.83.12.118 PROTO=ICMP TYPE=0 CODE=8 PKTS=0 BYTES=0
Nov 14 18:37:16 10.0.0.2 ulogd[1267]: [NEW] ORIG: SRC=fd02:c8be:1d40:0:89c6:4fae:69d2:328 DST=fd02:c8be:1d40::1 PROTO=UDP SPT=53418 DPT=53 PKTS=0 BYTES=0 , REPLY: SRC=fd02:c8be:1d40::1 DST=fd02:c8be:1d40:0:89c6:4fae:69d2:328 PROTO=UDP SPT=53 DPT=53418 PKTS=0 BYTES=0
Nov 14 18:37:16 10.0.0.2 dnsmasq[1]: 29381 fd02:c8be:1d40:0:89c6:4fae:69d2:328/53418 query[A] brave-today-cdn.brave.com from fd02:c8be:1d40:0:89c6:4fae:69d2:328
Nov 14 18:37:16 10.0.0.2 ulogd[1267]: [NEW] ORIG: SRC=176.36.141.89 DST=194.50.85.5 PROTO=UDP SPT=57531 DPT=53 PKTS=0 BYTES=0 , REPLY: SRC=194.50.85.5 DST=176.36.141.89 PROTO=UDP SPT=53 DPT=57531 PKTS=0 BYTES=0
Nov 14 18:37:16 10.0.0.2 dnsmasq[1]: 29381 fd02:c8be:1d40:0:89c6:4fae:69d2:328/53418 forwarded brave-today-cdn.brave.com to 194.50.85.5
Nov 14 18:37:16 10.0.0.2 ulogd[1267]: [NEW] ORIG: SRC=192.168.1.180 DST=192.168.1.1 PROTO=UDP SPT=53418 DPT=53 PKTS=0 BYTES=0 , REPLY: SRC=192.168.1.1 DST=192.168.1.180 PROTO=UDP SPT=53 DPT=53418 PKTS=0 BYTES=0
Nov 14 18:37:16 10.0.0.2 dnsmasq[1]: 29382 192.168.1.180/53418 query[A] brave-today-cdn.brave.com from 192.168.1.180
Nov 14 18:37:16 10.0.0.2 dnsmasq[1]: 29381 fd02:c8be:1d40:0:89c6:4fae:69d2:328/53418 reply brave-today-cdn.brave.com is <CNAME>
Nov 14 18:37:16 10.0.0.2 dnsmasq[1]: 29381 fd02:c8be:1d40:0:89c6:4fae:69d2:328/53418 reply d18pg1ten86q1d.cloudfront.net is 108.138.51.111
Nov 14 18:37:16 10.0.0.2 dnsmasq[1]: 29381 fd02:c8be:1d40:0:89c6:4fae:69d2:328/53418 reply d18pg1ten86q1d.cloudfront.net is 108.138.51.63
Nov 14 18:37:16 10.0.0.2 dnsmasq[1]: 29381 fd02:c8be:1d40:0:89c6:4fae:69d2:328/53418 reply d18pg1ten86q1d.cloudfront.net is 108.138.51.8
Nov 14 18:37:16 10.0.0.2 dnsmasq[1]: 29381 fd02:c8be:1d40:0:89c6:4fae:69d2:328/53418 reply d18pg1ten86q1d.cloudfront.net is 108.138.51.37
Nov 14 18:37:16 10.0.0.2 dnsmasq[1]: 29382 192.168.1.180/53418 reply query is duplicate
Nov 14 18:37:16 10.0.0.2 ulogd[1267]: [NEW] ORIG: SRC=192.168.1.180 DST=108.138.51.111 PROTO=TCP SPT=53032 DPT=443 PKTS=0 BYTES=0 , REPLY: SRC=108.138.51.111 DST=176.36.141.89 PROTO=TCP SPT=443 DPT=53032 PKTS=0 BYTES=0
Nov 14 18:37:20 10.0.0.2 ulogd[1267]: [NEW] ORIG: SRC=fd02:c8be:1d40:0:89c6:4fae:69d2:328 DST=fd02:c8be:1d40::1 PROTO=UDP SPT=59287 DPT=53 PKTS=0 BYTES=0 , REPLY: SRC=fd02:c8be:1d40::1 DST=fd02:c8be:1d40:0:89c6:4fae:69d2:328 PROTO=UDP SPT=53 DPT=59287 PKTS=0 BYTES=0
Nov 14 18:37:20 10.0.0.2 dnsmasq[1]: 29383 fd02:c8be:1d40:0:89c6:4fae:69d2:328/59287 query[A] edge.microsoft.com from fd02:c8be:1d40:0:89c6:4fae:69d2:328
Nov 14 18:37:20 10.0.0.2 dnsmasq[1]: 29383 fd02:c8be:1d40:0:89c6:4fae:69d2:328/59287 cached edge.microsoft.com is <CNAME>
Nov 14 18:37:20 10.0.0.2 ulogd[1267]: [NEW] ORIG: SRC=fd02:c8be:1d40:0:89c6:4fae:69d2:328 DST=fd02:c8be:1d40::1 PROTO=UDP SPT=55202 DPT=53 PKTS=0 BYTES=0 , REPLY: SRC=fd02:c8be:1d40::1 DST=fd02:c8be:1d40:0:89c6:4fae:69d2:328 PROTO=UDP SPT=53 DPT=55202 PKTS=0 BYTES=0
Nov 14 18:37:20 10.0.0.2 dnsmasq[1]: 29383 fd02:c8be:1d40:0:89c6:4fae:69d2:328/59287 forwarded edge.microsoft.com to 192.168.1.45
Nov 14 18:37:20 10.0.0.2 ulogd[1267]: [NEW] ORIG: SRC=192.168.1.1 DST=192.168.1.45 PROTO=UDP SPT=45329 DPT=5353 PKTS=0 BYTES=0 , REPLY: SRC=192.168.1.45 DST=192.168.1.1 PROTO=UDP SPT=5353 DPT=45329 PKTS=0 BYTES=0
Nov 14 18:37:20 10.0.0.2 dnsmasq[1]: 29383 fd02:c8be:1d40:0:89c6:4fae:69d2:328/59287 forwarded edge.microsoft.com to 194.50.85.5
Nov 14 18:37:20 10.0.0.2 ulogd[1267]: [NEW] ORIG: SRC=176.36.141.89 DST=194.50.85.5 PROTO=UDP SPT=45329 DPT=53 PKTS=0 BYTES=0 , REPLY: SRC=194.50.85.5 DST=176.36.141.89 PROTO=UDP SPT=53 DPT=45329 PKTS=0 BYTES=0
Nov 14 18:37:20 10.0.0.2 ulogd[1267]: [NEW] ORIG: SRC=176.36.141.89 DST=194.50.85.7 PROTO=UDP SPT=45329 DPT=53 PKTS=0 BYTES=0 , REPLY: SRC=194.50.85.7 DST=176.36.141.89 PROTO=UDP SPT=53 DPT=45329 PKTS=0 BYTES=0
Nov 14 18:37:20 10.0.0.2 dnsmasq[1]: 29383 fd02:c8be:1d40:0:89c6:4fae:69d2:328/59287 forwarded edge.microsoft.com to 194.50.85.7
Nov 14 18:37:20 10.0.0.2 dnsmasq[1]: 29383 fd02:c8be:1d40:0:89c6:4fae:69d2:328/59287 reply edge.microsoft.com is <CNAME>
Nov 14 18:37:20 10.0.0.2 dnsmasq[1]: 29383 fd02:c8be:1d40:0:89c6:4fae:69d2:328/59287 reply edge-microsoft-com.dual-a-0036.a-msedge.net is <CNAME>
Nov 14 18:37:20 10.0.0.2 dnsmasq[1]: 29383 fd02:c8be:1d40:0:89c6:4fae:69d2:328/59287 reply dual-a-0036.a-msedge.net is 13.107.21.239
Nov 14 18:37:20 10.0.0.2 dnsmasq[1]: 29383 fd02:c8be:1d40:0:89c6:4fae:69d2:328/59287 reply dual-a-0036.a-msedge.net is 204.79.197.239
Nov 14 18:37:20 10.0.0.2 dnsmasq[1]: 29384 fd02:c8be:1d40:0:89c6:4fae:69d2:328/55202 query[type=65] edge.microsoft.com from fd02:c8be:1d40:0:89c6:4fae:69d2:328
Nov 14 18:37:20 10.0.0.2 dnsmasq[1]: 29384 fd02:c8be:1d40:0:89c6:4fae:69d2:328/55202 cached edge.microsoft.com is <CNAME>
Nov 14 18:37:20 10.0.0.2 dnsmasq[1]: 29384 fd02:c8be:1d40:0:89c6:4fae:69d2:328/55202 cached edge-microsoft-com.dual-a-0036.a-msedge.net is <CNAME>
Nov 14 18:37:20 10.0.0.2 dnsmasq[1]: 29384 fd02:c8be:1d40:0:89c6:4fae:69d2:328/55202 forwarded edge.microsoft.com to 194.50.85.5
Nov 14 18:37:20 10.0.0.2 ulogd[1267]: [NEW] ORIG: SRC=176.36.141.89 DST=194.50.85.5 PROTO=UDP SPT=40789 DPT=53 PKTS=0 BYTES=0 , REPLY: SRC=194.50.85.5 DST=176.36.141.89 PROTO=UDP SPT=53 DPT=40789 PKTS=0 BYTES=0
Nov 14 18:37:20 10.0.0.2 dnsmasq[1]: 29384 fd02:c8be:1d40:0:89c6:4fae:69d2:328/55202 reply edge.microsoft.com is <CNAME>
Nov 14 18:37:20 10.0.0.2 dnsmasq[1]: 29384 fd02:c8be:1d40:0:89c6:4fae:69d2:328/55202 reply edge-microsoft-com.dual-a-0036.a-msedge.net is <CNAME>
Nov 14 18:37:20 10.0.0.2 dnsmasq[1]: 29384 fd02:c8be:1d40:0:89c6:4fae:69d2:328/55202 reply dual-a-0036.a-msedge.net is NODATA
Nov 14 18:37:20 10.0.0.2 ulogd[1267]: [NEW] ORIG: SRC=192.168.1.180 DST=13.107.21.239 PROTO=TCP SPT=53033 DPT=443 PKTS=0 BYTES=0 , REPLY: SRC=13.107.21.239 DST=176.36.141.89 PROTO=TCP SPT=443 DPT=53033 PKTS=0 BYTES=0
Nov 14 18:37:21 10.0.0.2 ulogd[1267]: [NEW] ORIG: SRC=fd02:c8be:1d40:0:89c6:4fae:69d2:328 DST=fd02:c8be:1d40::1 PROTO=UDP SPT=59809 DPT=53 PKTS=0 BYTES=0 , REPLY: SRC=fd02:c8be:1d40::1 DST=fd02:c8be:1d40:0:89c6:4fae:69d2:328 PROTO=UDP SPT=53 DPT=59809 PKTS=0 BYTES=0
Nov 14 18:37:21 10.0.0.2 dnsmasq[1]: 29385 fd02:c8be:1d40:0:89c6:4fae:69d2:328/59809 query[A] dit.whatsapp.net from fd02:c8be:1d40:0:89c6:4fae:69d2:328
Nov 14 18:37:21 10.0.0.2 ulogd[1267]: [NEW] ORIG: SRC=176.36.141.89 DST=194.50.85.5 PROTO=UDP SPT=36577 DPT=53 PKTS=0 BYTES=0 , REPLY: SRC=194.50.85.5 DST=176.36.141.89 PROTO=UDP SPT=53 DPT=36577 PKTS=0 BYTES=0
Nov 14 18:37:21 10.0.0.2 dnsmasq[1]: 29385 fd02:c8be:1d40:0:89c6:4fae:69d2:328/59809 forwarded dit.whatsapp.net to 194.50.85.5
Nov 14 18:37:21 10.0.0.2 dnsmasq[1]: 29385 fd02:c8be:1d40:0:89c6:4fae:69d2:328/59809 reply dit.whatsapp.net is <CNAME>
Nov 14 18:37:21 10.0.0.2 dnsmasq[1]: 29385 fd02:c8be:1d40:0:89c6:4fae:69d2:328/59809 reply scontent.whatsapp.net is <CNAME>
Nov 14 18:37:21 10.0.0.2 dnsmasq[1]: 29385 fd02:c8be:1d40:0:89c6:4fae:69d2:328/59809 reply mmx-ds.cdn.whatsapp.net is 157.240.224.60
Nov 14 18:37:21 10.0.0.2 ulogd[1267]: [NEW] ORIG: SRC=192.168.1.180 DST=157.240.224.60 PROTO=TCP SPT=53034 DPT=443 PKTS=0 BYTES=0 , REPLY: SRC=157.240.224.60 DST=176.36.141.89 PROTO=TCP SPT=443 DPT=53034 PKTS=0 BYTES=0
Nov 14 18:37:26 10.0.0.2 ulogd[1267]: [NEW] ORIG: SRC=fd02:c8be:1d40:0:89c6:4fae:69d2:328 DST=fd02:c8be:1d40::1 PROTO=UDP SPT=63769 DPT=53 PKTS=0 BYTES=0 , REPLY: SRC=fd02:c8be:1d40::1 DST=fd02:c8be:1d40:0:89c6:4fae:69d2:328 PROTO=UDP SPT=53 DPT=63769 PKTS=0 BYTES=0
Nov 14 18:37:26 10.0.0.2 ulogd[1267]: [NEW] ORIG: SRC=fd02:c8be:1d40:0:89c6:4fae:69d2:328 DST=fd02:c8be:1d40::1 PROTO=UDP SPT=60683 DPT=53 PKTS=0 BYTES=0 , REPLY: SRC=fd02:c8be:1d40::1 DST=fd02:c8be:1d40:0:89c6:4fae:69d2:328 PROTO=UDP SPT=53 DPT=60683 PKTS=0 BYTES=0
Nov 14 18:37:26 10.0.0.2 dnsmasq[1]: 29386 fd02:c8be:1d40:0:89c6:4fae:69d2:328/63769 query[A] spclient.wg.spotify.com from fd02:c8be:1d40:0:89c6:4fae:69d2:328
Nov 14 18:37:26 10.0.0.2 dnsmasq[1]: 29386 fd02:c8be:1d40:0:89c6:4fae:69d2:328/63769 forwarded spclient.wg.spotify.com to 194.50.85.5
Nov 14 18:37:26 10.0.0.2 dnsmasq[1]: 29387 fd02:c8be:1d40:0:89c6:4fae:69d2:328/60683 query[type=65] spclient.wg.spotify.com from fd02:c8be:1d40:0:89c6:4fae:69d2:328
Nov 14 18:37:26 10.0.0.2 ulogd[1267]: [NEW] ORIG: SRC=176.36.141.89 DST=194.50.85.5 PROTO=UDP SPT=47768 DPT=53 PKTS=0 BYTES=0 , REPLY: SRC=194.50.85.5 DST=176.36.141.89 PROTO=UDP SPT=53 DPT=47768 PKTS=0 BYTES=0
Nov 14 18:37:26 10.0.0.2 dnsmasq[1]: 29387 fd02:c8be:1d40:0:89c6:4fae:69d2:328/60683 forwarded spclient.wg.spotify.com to 194.50.85.5
Nov 14 18:37:26 10.0.0.2 ulogd[1267]: [NEW] ORIG: SRC=176.36.141.89 DST=194.50.85.5 PROTO=UDP SPT=56392 DPT=53 PKTS=0 BYTES=0 , REPLY: SRC=194.50.85.5 DST=176.36.141.89 PROTO=UDP SPT=53 DPT=56392 PKTS=0 BYTES=0
Nov 14 18:37:26 10.0.0.2 dnsmasq[1]: 29386 fd02:c8be:1d40:0:89c6:4fae:69d2:328/63769 reply spclient.wg.spotify.com is <CNAME>
Nov 14 18:37:26 10.0.0.2 dnsmasq[1]: 29386 fd02:c8be:1d40:0:89c6:4fae:69d2:328/63769 reply edge-web.dual-gslb.spotify.com is 35.186.224.25
Nov 14 18:37:26 10.0.0.2 dnsmasq[1]: 29387 fd02:c8be:1d40:0:89c6:4fae:69d2:328/60683 reply spclient.wg.spotify.com is <CNAME>
Nov 14 18:37:26 10.0.0.2 dnsmasq[1]: 29387 fd02:c8be:1d40:0:89c6:4fae:69d2:328/60683 reply edge-web.dual-gslb.spotify.com is NODATA
Nov 14 18:37:26 10.0.0.2 ulogd[1267]: [NEW] ORIG: SRC=192.168.1.180 DST=35.186.224.25 PROTO=UDP SPT=58740 DPT=443 PKTS=0 BYTES=0 , REPLY: SRC=35.186.224.25 DST=176.36.141.89 PROTO=UDP SPT=443 DPT=58740 PKTS=0 BYTES=0
Nov 14 18:37:27 10.0.0.2 dnsmasq[1]: 29388 fd02:c8be:1d40:0:89c6:4fae:69d2:328/59809 query[A] lps.navigator-bs.gmx.com from fd02:c8be:1d40:0:89c6:4fae:69d2:328
Nov 14 18:37:27 10.0.0.2 ulogd[1267]: [NEW] ORIG: SRC=fd02:c8be:1d40:0:89c6:4fae:69d2:328 DST=fd02:c8be:1d40::1 PROTO=UDP SPT=50905 DPT=53 PKTS=0 BYTES=0 , REPLY: SRC=fd02:c8be:1d40::1 DST=fd02:c8be:1d40:0:89c6:4fae:69d2:328 PROTO=UDP SPT=53 DPT=50905 PKTS=0 BYTES=0
Nov 14 18:37:27 10.0.0.2 dnsmasq[1]: 29388 fd02:c8be:1d40:0:89c6:4fae:69d2:328/59809 forwarded lps.navigator-bs.gmx.com to 194.50.85.5
Nov 14 18:37:27 10.0.0.2 ulogd[1267]: [NEW] ORIG: SRC=176.36.141.89 DST=194.50.85.5 PROTO=UDP SPT=51393 DPT=53 PKTS=0 BYTES=0 , REPLY: SRC=194.50.85.5 DST=176.36.141.89 PROTO=UDP SPT=53 DPT=51393 PKTS=0 BYTES=0
Nov 14 18:37:27 10.0.0.2 dnsmasq[1]: 29389 fd02:c8be:1d40:0:89c6:4fae:69d2:328/50905 query[A] status.maxmind.com from fd02:c8be:1d40:0:89c6:4fae:69d2:328
Nov 14 18:37:27 10.0.0.2 dnsmasq[1]: 29389 fd02:c8be:1d40:0:89c6:4fae:69d2:328/50905 cached status.maxmind.com is <CNAME>
Nov 14 18:37:27 10.0.0.2 dnsmasq[1]: 29389 fd02:c8be:1d40:0:89c6:4fae:69d2:328/50905 forwarded status.maxmind.com to 194.50.85.5
Nov 14 18:37:27 10.0.0.2 ulogd[1267]: [NEW] ORIG: SRC=176.36.141.89 DST=194.50.85.5 PROTO=UDP SPT=41681 DPT=53 PKTS=0 BYTES=0 , REPLY: SRC=194.50.85.5 DST=176.36.141.89 PROTO=UDP SPT=53 DPT=41681 PKTS=0 BYTES=0
Nov 14 18:37:27 10.0.0.2 dnsmasq[1]: 29388 fd02:c8be:1d40:0:89c6:4fae:69d2:328/59809 reply lps.navigator-bs.gmx.com is 217.72.199.27
Nov 14 18:37:27 10.0.0.2 ulogd[1267]: [NEW] ORIG: SRC=192.168.1.180 DST=217.72.199.27 PROTO=TCP SPT=53035 DPT=443 PKTS=0 BYTES=0 , REPLY: SRC=217.72.199.27 DST=176.36.141.89 PROTO=TCP SPT=443 DPT=53035 PKTS=0 BYTES=0
Nov 14 18:37:27 10.0.0.2 ulogd[1267]: [NEW] ORIG: SRC=192.168.1.180 DST=35.186.224.18 PROTO=UDP SPT=51902 DPT=443 PKTS=0 BYTES=0 , REPLY: SRC=35.186.224.18 DST=176.36.141.89 PROTO=UDP SPT=443 DPT=51902 PKTS=0 BYTES=0
Nov 14 18:37:27 10.0.0.2 ulogd[1267]: [NEW] ORIG: SRC=192.168.1.180 DST=35.186.224.25 PROTO=UDP SPT=64809 DPT=443 PKTS=0 BYTES=0 , REPLY: SRC=35.186.224.25 DST=176.36.141.89 PROTO=UDP SPT=443 DPT=64809 PKTS=0 BYTES=0
Nov 14 18:37:27 10.0.0.2 ulogd[1267]: [NEW] ORIG: SRC=192.168.1.180 DST=192.168.1.1 PROTO=UDP SPT=50905 DPT=53 PKTS=0 BYTES=0 , REPLY: SRC=192.168.1.1 DST=192.168.1.180 PROTO=UDP SPT=53 DPT=50905 PKTS=0 BYTES=0
Nov 14 18:37:27 10.0.0.2 dnsmasq[1]: 29390 192.168.1.180/50905 query[A] status.maxmind.com from 192.168.1.180
Nov 14 18:37:27 10.0.0.2 dnsmasq[1]: 29389 fd02:c8be:1d40:0:89c6:4fae:69d2:328/50905 reply status.maxmind.com is <CNAME>
Nov 14 18:37:27 10.0.0.2 dnsmasq[1]: 29389 fd02:c8be:1d40:0:89c6:4fae:69d2:328/50905 reply domain.status.io is 18.244.102.67
Nov 14 18:37:27 10.0.0.2 dnsmasq[1]: 29389 fd02:c8be:1d40:0:89c6:4fae:69d2:328/50905 reply domain.status.io is 18.244.102.63
Nov 14 18:37:27 10.0.0.2 dnsmasq[1]: 29389 fd02:c8be:1d40:0:89c6:4fae:69d2:328/50905 reply domain.status.io is 18.244.102.112
Nov 14 18:37:27 10.0.0.2 dnsmasq[1]: 29389 fd02:c8be:1d40:0:89c6:4fae:69d2:328/50905 reply domain.status.io is 18.244.102.115
Nov 14 18:37:27 10.0.0.2 dnsmasq[1]: 29390 192.168.1.180/50905 reply query is duplicate
Nov 14 18:37:36 10.0.0.2 dnsmasq[1]: 29391 fd02:c8be:1d40:0:89c6:4fae:69d2:328/59809 query[A] category.blocksite.co from fd02:c8be:1d40:0:89c6:4fae:69d2:328
Nov 14 18:37:36 10.0.0.2 dnsmasq[1]: 29391 fd02:c8be:1d40:0:89c6:4fae:69d2:328/59809 forwarded category.blocksite.co to 194.50.85.5
Nov 14 18:37:36 10.0.0.2 ulogd[1267]: [NEW] ORIG: SRC=176.36.141.89 DST=194.50.85.5 PROTO=UDP SPT=37912 DPT=53 PKTS=0 BYTES=0 , REPLY: SRC=194.50.85.5 DST=176.36.141.89 PROTO=UDP SPT=53 DPT=37912 PKTS=0 BYTES=0
Nov 14 18:37:36 10.0.0.2 ulogd[1267]: [NEW] ORIG: SRC=192.168.1.180 DST=192.168.1.1 PROTO=UDP SPT=59809 DPT=53 PKTS=0 BYTES=0 , REPLY: SRC=192.168.1.1 DST=192.168.1.180 PROTO=UDP SPT=53 DPT=59809 PKTS=0 BYTES=0
Nov 14 18:37:36 10.0.0.2 dnsmasq[1]: 29392 192.168.1.180/59809 query[A] category.blocksite.co from 192.168.1.180
Nov 14 18:37:36 10.0.0.2 dnsmasq[1]: 29391 fd02:c8be:1d40:0:89c6:4fae:69d2:328/59809 reply category.blocksite.co is 52.11.42.187
Nov 14 18:37:36 10.0.0.2 dnsmasq[1]: 29391 fd02:c8be:1d40:0:89c6:4fae:69d2:328/59809 reply category.blocksite.co is 50.112.184.49
Nov 14 18:37:36 10.0.0.2 dnsmasq[1]: 29392 192.168.1.180/59809 reply query is duplicate
Nov 14 18:37:36 10.0.0.2 ulogd[1267]: [NEW] ORIG: SRC=192.168.1.180 DST=52.11.42.187 PROTO=TCP SPT=53036 DPT=443 PKTS=0 BYTES=0 , REPLY: SRC=52.11.42.187 DST=176.36.141.89 PROTO=TCP SPT=443 DPT=53036 PKTS=0 BYTES=0
Nov 14 18:37:39 10.0.0.2 ulogd[1267]: [NEW] ORIG: SRC=192.168.1.45 DST=192.168.1.1 PROTO=UDP SPT=33892 DPT=53 PKTS=0 BYTES=0 , REPLY: SRC=192.168.1.1 DST=192.168.1.45 PROTO=UDP SPT=53 DPT=33892 PKTS=0 BYTES=0
Nov 14 18:37:39 10.0.0.2 dnsmasq[1]: 29393 192.168.1.45/33892 query[AAAA] secure.gravatar.com from 192.168.1.45
Nov 14 18:37:39 10.0.0.2 dnsmasq[1]: 29393 192.168.1.45/33892 forwarded secure.gravatar.com to 194.50.85.5
Nov 14 18:37:39 10.0.0.2 ulogd[1267]: [NEW] ORIG: SRC=192.168.1.45 DST=192.168.1.1 PROTO=UDP SPT=46958 DPT=53 PKTS=0 BYTES=0 , REPLY: SRC=192.168.1.1 DST=192.168.1.45 PROTO=UDP SPT=53 DPT=46958 PKTS=0 BYTES=0
Nov 14 18:37:39 10.0.0.2 ulogd[1267]: [NEW] ORIG: SRC=176.36.141.89 DST=194.50.85.5 PROTO=UDP SPT=60517 DPT=53 PKTS=0 BYTES=0 , REPLY: SRC=194.50.85.5 DST=176.36.141.89 PROTO=UDP SPT=53 DPT=60517 PKTS=0 BYTES=0
Nov 14 18:37:39 10.0.0.2 dnsmasq[1]: 29393 192.168.1.45/33892 reply secure.gravatar.com is 2a04:fa87:fffe::c000:4902
Nov 14 18:37:39 10.0.0.2 dnsmasq[1]: 29394 192.168.1.45/46958 query[A] secure.gravatar.com from 192.168.1.45
Nov 14 18:37:39 10.0.0.2 dnsmasq[1]: 29394 192.168.1.45/46958 forwarded secure.gravatar.com to 194.50.85.5
Nov 14 18:37:39 10.0.0.2 ulogd[1267]: [NEW] ORIG: SRC=176.36.141.89 DST=194.50.85.5 PROTO=UDP SPT=57159 DPT=53 PKTS=0 BYTES=0 , REPLY: SRC=194.50.85.5 DST=176.36.141.89 PROTO=UDP SPT=53 DPT=57159 PKTS=0 BYTES=0
Nov 14 18:37:39 10.0.0.2 dnsmasq[1]: 29394 192.168.1.45/46958 reply secure.gravatar.com is 192.0.73.2
Nov 14 18:37:39 10.0.0.2 ulogd[1267]: [NEW] ORIG: SRC=192.168.1.45 DST=192.0.73.2 PROTO=TCP SPT=39322 DPT=443 PKTS=0 BYTES=0 , REPLY: SRC=192.0.73.2 DST=176.36.141.89 PROTO=TCP SPT=443 DPT=39322 PKTS=0 BYTES=0
Nov 14 18:37:43 10.0.0.2 ulogd[1267]: [NEW] ORIG: SRC=fd02:c8be:1d40:0:89c6:4fae:69d2:328 DST=fd02:c8be:1d40::1 PROTO=UDP SPT=52669 DPT=53 PKTS=0 BYTES=0 , REPLY: SRC=fd02:c8be:1d40::1 DST=fd02:c8be:1d40:0:89c6:4fae:69d2:328 PROTO=UDP SPT=53 DPT=52669 PKTS=0 BYTES=0
Nov 14 18:37:43 10.0.0.2 dnsmasq[1]: 29395 fd02:c8be:1d40:0:89c6:4fae:69d2:328/52669 query[A] sync-v2.brave.com from fd02:c8be:1d40:0:89c6:4fae:69d2:328
Nov 14 18:37:43 10.0.0.2 dnsmasq[1]: 29395 fd02:c8be:1d40:0:89c6:4fae:69d2:328/52669 forwarded sync-v2.brave.com to 192.168.1.45
Nov 14 18:37:43 10.0.0.2 ulogd[1267]: [NEW] ORIG: SRC=192.168.1.1 DST=192.168.1.45 PROTO=UDP SPT=50252 DPT=5353 PKTS=0 BYTES=0 , REPLY: SRC=192.168.1.45 DST=192.168.1.1 PROTO=UDP SPT=5353 DPT=50252 PKTS=0 BYTES=0
Nov 14 18:37:43 10.0.0.2 dnsmasq[1]: 29395 fd02:c8be:1d40:0:89c6:4fae:69d2:328/52669 forwarded sync-v2.brave.com to 194.50.85.5
Nov 14 18:37:43 10.0.0.2 dnsmasq[1]: 29395 fd02:c8be:1d40:0:89c6:4fae:69d2:328/52669 forwarded sync-v2.brave.com to 194.50.85.7
Nov 14 18:37:43 10.0.0.2 ulogd[1267]: [NEW] ORIG: SRC=176.36.141.89 DST=194.50.85.5 PROTO=UDP SPT=50252 DPT=53 PKTS=0 BYTES=0 , REPLY: SRC=194.50.85.5 DST=176.36.141.89 PROTO=UDP SPT=53 DPT=50252 PKTS=0 BYTES=0
Nov 14 18:37:43 10.0.0.2 dnsmasq[1]: 29395 fd02:c8be:1d40:0:89c6:4fae:69d2:328/52669 reply sync-v2.brave.com is <CNAME>
Nov 14 18:37:43 10.0.0.2 dnsmasq[1]: 29395 fd02:c8be:1d40:0:89c6:4fae:69d2:328/52669 reply sync-alb-152764135.us-west-2.elb.amazonaws.com is 52.34.169.249
Nov 14 18:37:43 10.0.0.2 ulogd[1267]: [NEW] ORIG: SRC=176.36.141.89 DST=194.50.85.7 PROTO=UDP SPT=50252 DPT=53 PKTS=0 BYTES=0 , REPLY: SRC=194.50.85.7 DST=176.36.141.89 PROTO=UDP SPT=53 DPT=50252 PKTS=0 BYTES=0
Nov 14 18:37:43 10.0.0.2 dnsmasq[1]: 29395 fd02:c8be:1d40:0:89c6:4fae:69d2:328/52669 reply sync-alb-152764135.us-west-2.elb.amazonaws.com is 44.228.160.54
Nov 14 18:37:43 10.0.0.2 dnsmasq[1]: 29395 fd02:c8be:1d40:0:89c6:4fae:69d2:328/52669 reply sync-alb-152764135.us-west-2.elb.amazonaws.com is 54.190.8.136
Nov 14 18:37:47 10.0.0.2 dnsmasq[1]: 29396 fd02:c8be:1d40:0:89c6:4fae:69d2:328/52669 query[A] www.aljazeera.com from fd02:c8be:1d40:0:89c6:4fae:69d2:328
Nov 14 18:37:47 10.0.0.2 dnsmasq[1]: 29396 fd02:c8be:1d40:0:89c6:4fae:69d2:328/52669 forwarded www.aljazeera.com to 194.50.85.7
Nov 14 18:37:47 10.0.0.2 ulogd[1267]: [NEW] ORIG: SRC=176.36.141.89 DST=194.50.85.7 PROTO=UDP SPT=36730 DPT=53 PKTS=0 BYTES=0 , REPLY: SRC=194.50.85.7 DST=176.36.141.89 PROTO=UDP SPT=53 DPT=36730 PKTS=0 BYTES=0
Nov 14 18:37:47 10.0.0.2 dnsmasq[1]: 29396 fd02:c8be:1d40:0:89c6:4fae:69d2:328/52669 reply www.aljazeera.com is <CNAME>
Nov 14 18:37:47 10.0.0.2 dnsmasq[1]: 29396 fd02:c8be:1d40:0:89c6:4fae:69d2:328/52669 reply www.aljazeera.com.edgekey.net is <CNAME>
Nov 14 18:37:47 10.0.0.2 ulogd[1267]: [NEW] ORIG: SRC=192.168.1.180 DST=192.168.1.1 PROTO=UDP SPT=52669 DPT=53 PKTS=0 BYTES=0 , REPLY: SRC=192.168.1.1 DST=192.168.1.180 PROTO=UDP SPT=53 DPT=52669 PKTS=0 BYTES=0
Nov 14 18:37:47 10.0.0.2 dnsmasq[1]: 29396 fd02:c8be:1d40:0:89c6:4fae:69d2:328/52669 reply e9106.dscg.akamaiedge.net is 23.200.160.171
Nov 14 18:37:47 10.0.0.2 dnsmasq[1]: 29397 192.168.1.180/52669 query[A] www.aljazeera.com from 192.168.1.180
Nov 14 18:37:47 10.0.0.2 dnsmasq[1]: 29397 192.168.1.180/52669 cached www.aljazeera.com is <CNAME>
Nov 14 18:37:47 10.0.0.2 dnsmasq[1]: 29397 192.168.1.180/52669 cached www.aljazeera.com.edgekey.net is <CNAME>
Nov 14 18:37:47 10.0.0.2 dnsmasq[1]: 29397 192.168.1.180/52669 cached e9106.dscg.akamaiedge.net is 23.200.160.171
Nov 14 18:37:50 10.0.0.2 ulogd[1267]: [DESTROY] ORIG: SRC=fd02:c8be:1d40:0:89c6:4fae:69d2:328 DST=fd02:c8be:1d40::1 PROTO=UDP SPT=60875 DPT=53 PKTS=1 BYTES=83 , REPLY: SRC=fd02:c8be:1d40::1 DST=fd02:c8be:1d40:0:89c6:4fae:69d2:328 PROTO=UDP SPT=53 DPT=60875 PKTS=1 BYTES=178
Nov 14 18:37:51 10.0.0.2 ulogd[1267]: [DESTROY] ORIG: SRC=176.36.141.89 DST=194.50.85.5 PROTO=UDP SPT=52772 DPT=53 PKTS=1 BYTES=71 , REPLY: SRC=194.50.85.5 DST=176.36.141.89 PROTO=UDP SPT=53 DPT=52772 PKTS=0 BYTES=0
Nov 14 18:37:51 10.0.0.2 ulogd[1267]: [DESTROY] ORIG: SRC=176.36.141.89 DST=194.50.85.5 PROTO=UDP SPT=33087 DPT=53 PKTS=1 BYTES=66 , REPLY: SRC=194.50.85.5 DST=176.36.141.89 PROTO=UDP SPT=53 DPT=33087 PKTS=1 BYTES=173
Nov 14 18:37:55 10.0.0.2 ulogd[1267]: [NEW] ORIG: SRC=192.168.1.180 DST=52.11.42.187 PROTO=TCP SPT=53038 DPT=443 PKTS=0 BYTES=0 , REPLY: SRC=52.11.42.187 DST=176.36.141.89 PROTO=TCP SPT=443 DPT=53038 PKTS=0 BYTES=0
