Nov 22 13:24:42 10.0.0.2 ulogd[1267]: [NEW] ORIG: SRC=176.36.141.89 DST=194.50.85.5 PROTO=UDP SPT=37198 DPT=53 PKTS=0 BYTES=0 , REPLY: SRC=194.50.85.5 DST=176.36.141.89 PROTO=UDP SPT=53 DPT=37198 PKTS=0 BYTES=0
Nov 22 13:24:42 10.0.0.2 ulogd[1267]: [NEW] ORIG: SRC=176.36.141.89 DST=194.50.85.7 PROTO=UDP SPT=37198 DPT=53 PKTS=0 BYTES=0 , REPLY: SRC=194.50.85.7 DST=176.36.141.89 PROTO=UDP SPT=53 DPT=37198 PKTS=0 BYTES=0
Nov 22 13:24:42 10.0.0.2 dnsmasq[1]: 666865 fd02:c8be:1d40:0:ed9a:a5a9:93a0:c3e8/63346 forwarded js.ui-portal.de to 194.50.85.7
Nov 22 13:24:42 10.0.0.2 dnsmasq[1]: 666865 fd02:c8be:1d40:0:ed9a:a5a9:93a0:c3e8/63346 reply js.ui-portal.de is <CNAME>
Nov 22 13:24:42 10.0.0.2 dnsmasq[1]: 666865 fd02:c8be:1d40:0:ed9a:a5a9:93a0:c3e8/63346 reply js.ui-portal.de.edgekey.net is <CNAME>
Nov 22 13:24:42 10.0.0.2 dnsmasq[1]: 666865 fd02:c8be:1d40:0:ed9a:a5a9:93a0:c3e8/63346 reply e5416.g.akamaiedge.net is 23.200.160.165
Nov 22 13:24:42 10.0.0.2 dnsmasq[1]: 666866 fd02:c8be:1d40:0:ed9a:a5a9:93a0:c3e8/62521 query[A] epimetheus.navigator-bs.gmx.com from fd02:c8be:1d40:0:ed9a:a5a9:93a0:c3e8
Nov 22 13:24:42 10.0.0.2 ulogd[1267]: [NEW] ORIG: SRC=176.36.141.89 DST=194.50.85.5 PROTO=UDP SPT=50451 DPT=53 PKTS=0 BYTES=0 , REPLY: SRC=194.50.85.5 DST=176.36.141.89 PROTO=UDP SPT=53 DPT=50451 PKTS=0 BYTES=0
Nov 22 13:24:42 10.0.0.2 dnsmasq[1]: 666866 fd02:c8be:1d40:0:ed9a:a5a9:93a0:c3e8/62521 forwarded epimetheus.navigator-bs.gmx.com to 194.50.85.5
Nov 22 13:24:42 10.0.0.2 dnsmasq[1]: 666866 fd02:c8be:1d40:0:ed9a:a5a9:93a0:c3e8/62521 reply epimetheus.navigator-bs.gmx.com is 217.72.199.27
Nov 22 13:24:42 10.0.0.2 dnsmasq[1]: 666867 fd02:c8be:1d40:0:ed9a:a5a9:93a0:c3e8/63346 query[A] navigator-bs.gmx.com from fd02:c8be:1d40:0:ed9a:a5a9:93a0:c3e8
Nov 22 13:24:42 10.0.0.2 ulogd[1267]: [NEW] ORIG: SRC=176.36.141.89 DST=194.50.85.5 PROTO=UDP SPT=36912 DPT=53 PKTS=0 BYTES=0 , REPLY: SRC=194.50.85.5 DST=176.36.141.89 PROTO=UDP SPT=53 DPT=36912 PKTS=0 BYTES=0
Nov 22 13:24:42 10.0.0.2 dnsmasq[1]: 666867 fd02:c8be:1d40:0:ed9a:a5a9:93a0:c3e8/63346 forwarded navigator-bs.gmx.com to 194.50.85.5
Nov 22 13:24:42 10.0.0.2 ulogd[1267]: [NEW] ORIG: SRC=192.168.1.180 DST=192.168.1.1 PROTO=UDP SPT=63346 DPT=53 PKTS=0 BYTES=0 , REPLY: SRC=192.168.1.1 DST=192.168.1.180 PROTO=UDP SPT=53 DPT=63346 PKTS=0 BYTES=0
Nov 22 13:24:42 10.0.0.2 dnsmasq[1]: 666868 192.168.1.180/63346 query[A] navigator-bs.gmx.com from 192.168.1.180
Nov 22 13:24:42 10.0.0.2 dnsmasq[1]: 666867 fd02:c8be:1d40:0:ed9a:a5a9:93a0:c3e8/63346 reply navigator-bs.gmx.com is 217.72.199.27
Nov 22 13:24:42 10.0.0.2 dnsmasq[1]: 666868 192.168.1.180/63346 reply query is duplicate
Nov 22 13:24:44 10.0.0.2 ulogd[1267]: [DESTROY] ORIG: SRC=fe80::b295:75ff:fe15:6fa5 DST=ff02::1:2 PROTO=UDP SPT=546 DPT=547 PKTS=1 BYTES=150 , REPLY: SRC=ff02::1:2 DST=fe80::b295:75ff:fe15:6fa5 PROTO=UDP SPT=547 DPT=546 PKTS=0 BYTES=0
Nov 22 13:24:44 10.0.0.2 ulogd[1267]: [DESTROY] ORIG: SRC=18.181.190.91 DST=176.36.141.89 PROTO=ICMP TYPE=0 CODE=8 PKTS=1 BYTES=36 , REPLY: SRC=176.36.141.89 DST=18.181.190.91 PROTO=ICMP TYPE=0 CODE=8 PKTS=1 BYTES=36
Nov 22 13:24:44 10.0.0.2 ulogd[1267]: [DESTROY] ORIG: SRC=176.36.141.89 DST=194.50.85.5 PROTO=UDP SPT=34693 DPT=53 PKTS=1 BYTES=69 , REPLY: SRC=194.50.85.5 DST=176.36.141.89 PROTO=UDP SPT=53 DPT=34693 PKTS=1 BYTES=192
Nov 22 13:24:44 10.0.0.2 ulogd[1267]: [DESTROY] ORIG: SRC=52.199.164.31 DST=176.36.141.89 PROTO=ICMP TYPE=0 CODE=8 PKTS=1 BYTES=36 , REPLY: SRC=176.36.141.89 DST=52.199.164.31 PROTO=ICMP TYPE=0 CODE=8 PKTS=1 BYTES=36
Nov 22 13:24:44 10.0.0.2 ulogd[1267]: [DESTROY] ORIG: SRC=18.183.78.150 DST=176.36.141.89 PROTO=ICMP TYPE=0 CODE=8 PKTS=1 BYTES=36 , REPLY: SRC=176.36.141.89 DST=18.183.78.150 PROTO=ICMP TYPE=0 CODE=8 PKTS=1 BYTES=36
Nov 22 13:24:44 10.0.0.2 ulogd[1267]: [DESTROY] ORIG: SRC=176.36.141.89 DST=194.50.85.7 PROTO=UDP SPT=47084 DPT=53 PKTS=1 BYTES=68 , REPLY: SRC=194.50.85.7 DST=176.36.141.89 PROTO=UDP SPT=53 DPT=47084 PKTS=1 BYTES=129
Nov 22 13:24:44 10.0.0.2 ulogd[1267]: [DESTROY] ORIG: SRC=176.36.141.89 DST=194.50.85.5 PROTO=UDP SPT=59233 DPT=53 PKTS=1 BYTES=60 , REPLY: SRC=194.50.85.5 DST=176.36.141.89 PROTO=UDP SPT=53 DPT=59233 PKTS=1 BYTES=192
Nov 22 13:24:44 10.0.0.2 ulogd[1267]: [DESTROY] ORIG: SRC=192.168.1.1 DST=192.168.1.45 PROTO=UDP SPT=43604 DPT=5353 PKTS=1 BYTES=71 , REPLY: SRC=192.168.1.45 DST=192.168.1.1 PROTO=UDP SPT=5353 DPT=43604 PKTS=0 BYTES=0
Nov 22 13:24:44 10.0.0.2 ulogd[1267]: [DESTROY] ORIG: SRC=176.36.141.89 DST=194.50.85.5 PROTO=UDP SPT=35908 DPT=53 PKTS=1 BYTES=71 , REPLY: SRC=194.50.85.5 DST=176.36.141.89 PROTO=UDP SPT=53 DPT=35908 PKTS=1 BYTES=174
Nov 22 13:24:44 10.0.0.2 ulogd[1267]: [DESTROY] ORIG: SRC=fd02:c8be:1d40:0:ed9a:a5a9:93a0:c3e8 DST=fd02:c8be:1d40::1 PROTO=UDP SPT=60561 DPT=53 PKTS=1 BYTES=89 , REPLY: SRC=fd02:c8be:1d40::1 DST=fd02:c8be:1d40:0:ed9a:a5a9:93a0:c3e8 PROTO=UDP SPT=53 DPT=60561 PKTS=1 BYTES=212
Nov 22 13:24:44 10.0.0.2 ulogd[1267]: [DESTROY] ORIG: SRC=192.168.1.180 DST=104.18.40.204 PROTO=TCP SPT=61296 DPT=443 PKTS=19 BYTES=2166 , REPLY: SRC=104.18.40.204 DST=176.36.141.89 PROTO=TCP SPT=443 DPT=61296 PKTS=20 BYTES=2736
Nov 22 13:24:44 10.0.0.2 ulogd[1267]: [DESTROY] ORIG: SRC=176.36.141.89 DST=194.50.85.5 PROTO=UDP SPT=55389 DPT=53 PKTS=1 BYTES=69 , REPLY: SRC=194.50.85.5 DST=176.36.141.89 PROTO=UDP SPT=53 DPT=55389 PKTS=1 BYTES=118
Nov 22 13:24:44 10.0.0.2 ulogd[1267]: [DESTROY] ORIG: SRC=fd02:c8be:1d40:0:ed9a:a5a9:93a0:c3e8 DST=fd02:c8be:1d40::1 PROTO=UDP SPT=53878 DPT=53 PKTS=1 BYTES=91 , REPLY: SRC=fd02:c8be:1d40::1 DST=fd02:c8be:1d40:0:ed9a:a5a9:93a0:c3e8 PROTO=UDP SPT=53 DPT=53878 PKTS=1 BYTES=145
Nov 22 13:24:44 10.0.0.2 ulogd[1267]: [DESTROY] ORIG: SRC=192.168.1.1 DST=192.168.1.45 PROTO=UDP SPT=42531 DPT=5353 PKTS=1 BYTES=60 , REPLY: SRC=192.168.1.45 DST=192.168.1.1 PROTO=UDP SPT=5353 DPT=42531 PKTS=0 BYTES=0
Nov 22 13:24:44 10.0.0.2 ulogd[1267]: [DESTROY] ORIG: SRC=176.36.141.89 DST=194.50.85.7 PROTO=UDP SPT=54933 DPT=53 PKTS=1 BYTES=63 , REPLY: SRC=194.50.85.7 DST=176.36.141.89 PROTO=UDP SPT=53 DPT=54933 PKTS=1 BYTES=168
Nov 22 13:24:44 10.0.0.2 ulogd[1267]: [DESTROY] ORIG: SRC=192.168.1.180 DST=35.186.224.25 PROTO=UDP SPT=64512 DPT=443 PKTS=14 BYTES=5579 , REPLY: SRC=35.186.224.25 DST=176.36.141.89 PROTO=UDP SPT=443 DPT=64512 PKTS=14 BYTES=4722
Nov 22 13:24:44 10.0.0.2 ulogd[1267]: [DESTROY] ORIG: SRC=176.36.141.89 DST=194.50.85.5 PROTO=UDP SPT=45845 DPT=53 PKTS=1 BYTES=63 , REPLY: SRC=194.50.85.5 DST=176.36.141.89 PROTO=UDP SPT=53 DPT=45845 PKTS=1 BYTES=158
Nov 22 13:24:44 10.0.0.2 ulogd[1267]: [DESTROY] ORIG: SRC=176.36.141.89 DST=194.50.85.5 PROTO=UDP SPT=48387 DPT=53 PKTS=1 BYTES=71 , REPLY: SRC=194.50.85.5 DST=176.36.141.89 PROTO=UDP SPT=53 DPT=48387 PKTS=1 BYTES=174
Nov 22 13:24:44 10.0.0.2 ulogd[1267]: [DESTROY] ORIG: SRC=176.36.141.89 DST=194.50.85.5 PROTO=UDP SPT=41587 DPT=53 PKTS=1 BYTES=69 , REPLY: SRC=194.50.85.5 DST=176.36.141.89 PROTO=UDP SPT=53 DPT=41587 PKTS=1 BYTES=167
Nov 22 13:24:44 10.0.0.2 ulogd[1267]: [DESTROY] ORIG: SRC=176.36.141.89 DST=194.50.85.5 PROTO=UDP SPT=43604 DPT=53 PKTS=1 BYTES=71 , REPLY: SRC=194.50.85.5 DST=176.36.141.89 PROTO=UDP SPT=53 DPT=43604 PKTS=1 BYTES=125
Nov 22 13:24:44 10.0.0.2 ulogd[1267]: [DESTROY] ORIG: SRC=192.168.1.180 DST=172.67.12.112 PROTO=TCP SPT=61297 DPT=443 PKTS=20 BYTES=2126 , REPLY: SRC=172.67.12.112 DST=176.36.141.89 PROTO=TCP SPT=443 DPT=61297 PKTS=18 BYTES=5964
Nov 22 13:24:44 10.0.0.2 ulogd[1267]: [DESTROY] ORIG: SRC=fd02:c8be:1d40:0:ed9a:a5a9:93a0:c3e8 DST=fd02:c8be:1d40::1 PROTO=UDP SPT=59938 DPT=53 PKTS=2 BYTES=177 , REPLY: SRC=fd02:c8be:1d40::1 DST=fd02:c8be:1d40:0:ed9a:a5a9:93a0:c3e8 PROTO=UDP SPT=53 DPT=59938 PKTS=2 BYTES=478
Nov 22 13:24:44 10.0.0.2 ulogd[1267]: [DESTROY] ORIG: SRC=176.36.141.89 DST=194.50.85.5 PROTO=UDP SPT=34917 DPT=53 PKTS=1 BYTES=66 , REPLY: SRC=194.50.85.5 DST=176.36.141.89 PROTO=UDP SPT=53 DPT=34917 PKTS=1 BYTES=82
Nov 22 13:24:44 10.0.0.2 ulogd[1267]: [DESTROY] ORIG: SRC=178.62.203.224 DST=176.36.141.89 PROTO=ICMP TYPE=0 CODE=8 PKTS=1 BYTES=28 , REPLY: SRC=176.36.141.89 DST=178.62.203.224 PROTO=ICMP TYPE=0 CODE=8 PKTS=1 BYTES=28
Nov 22 13:24:44 10.0.0.2 ulogd[1267]: [DESTROY] ORIG: SRC=18.183.10.166 DST=176.36.141.89 PROTO=ICMP TYPE=0 CODE=8 PKTS=1 BYTES=36 , REPLY: SRC=176.36.141.89 DST=18.183.10.166 PROTO=ICMP TYPE=0 CODE=8 PKTS=1 BYTES=36
Nov 22 13:24:44 10.0.0.2 ulogd[1267]: [DESTROY] ORIG: SRC=18.180.158.225 DST=176.36.141.89 PROTO=ICMP TYPE=0 CODE=8 PKTS=1 BYTES=36 , REPLY: SRC=176.36.141.89 DST=18.180.158.225 PROTO=ICMP TYPE=0 CODE=8 PKTS=1 BYTES=36
Nov 22 13:24:44 10.0.0.2 ulogd[1267]: [DESTROY] ORIG: SRC=176.36.141.89 DST=194.50.85.5 PROTO=UDP SPT=42540 DPT=53 PKTS=1 BYTES=77 , REPLY: SRC=194.50.85.5 DST=176.36.141.89 PROTO=UDP SPT=53 DPT=42540 PKTS=1 BYTES=205
Nov 22 13:24:44 10.0.0.2 ulogd[1267]: [DESTROY] ORIG: SRC=192.168.1.180 DST=146.75.117.140 PROTO=TCP SPT=61210 DPT=443 PKTS=28 BYTES=2497 , REPLY: SRC=146.75.117.140 DST=176.36.141.89 PROTO=TCP SPT=443 DPT=61210 PKTS=31 BYTES=11337
Nov 22 13:24:44 10.0.0.2 ulogd[1267]: [DESTROY] ORIG: SRC=fd02:c8be:1d40:0:ed9a:a5a9:93a0:c3e8 DST=fd02:c8be:1d40::1 PROTO=UDP SPT=54977 DPT=53 PKTS=1 BYTES=91 , REPLY: SRC=fd02:c8be:1d40::1 DST=fd02:c8be:1d40:0:ed9a:a5a9:93a0:c3e8 PROTO=UDP SPT=53 DPT=54977 PKTS=1 BYTES=194
Nov 22 13:24:44 10.0.0.2 ulogd[1267]: [DESTROY] ORIG: SRC=192.168.1.180 DST=35.186.224.18 PROTO=UDP SPT=58786 DPT=443 PKTS=8 BYTES=4078 , REPLY: SRC=35.186.224.18 DST=176.36.141.89 PROTO=UDP SPT=443 DPT=58786 PKTS=9 BYTES=4298
Nov 22 13:24:44 10.0.0.2 ulogd[1267]: [DESTROY] ORIG: SRC=176.36.141.89 DST=194.50.85.5 PROTO=UDP SPT=48714 DPT=53 PKTS=1 BYTES=70 , REPLY: SRC=194.50.85.5 DST=176.36.141.89 PROTO=UDP SPT=53 DPT=48714 PKTS=1 BYTES=131
Nov 22 13:24:44 10.0.0.2 ulogd[1267]: [DESTROY] ORIG: SRC=43.206.228.217 DST=176.36.141.89 PROTO=ICMP TYPE=0 CODE=8 PKTS=1 BYTES=36 , REPLY: SRC=176.36.141.89 DST=43.206.228.217 PROTO=ICMP TYPE=0 CODE=8 PKTS=1 BYTES=36
Nov 22 13:24:44 10.0.0.2 ulogd[1267]: [DESTROY] ORIG: SRC=192.168.1.180 DST=146.75.117.140 PROTO=TCP SPT=61204 DPT=443 PKTS=824 BYTES=41200 , REPLY: SRC=146.75.117.140 DST=176.36.141.89 PROTO=TCP SPT=443 DPT=61204 PKTS=921 BYTES=2608320
Nov 22 13:24:44 10.0.0.2 ulogd[1267]: [DESTROY] ORIG: SRC=176.36.141.89 DST=194.50.85.5 PROTO=UDP SPT=53575 DPT=53 PKTS=1 BYTES=60 , REPLY: SRC=194.50.85.5 DST=176.36.141.89 PROTO=UDP SPT=53 DPT=53575 PKTS=1 BYTES=278
Nov 22 13:24:44 10.0.0.2 ulogd[1267]: [DESTROY] ORIG: SRC=176.36.141.89 DST=194.50.85.5 PROTO=UDP SPT=44917 DPT=53 PKTS=1 BYTES=77 , REPLY: SRC=194.50.85.5 DST=176.36.141.89 PROTO=UDP SPT=53 DPT=44917 PKTS=1 BYTES=246
Nov 22 13:24:44 10.0.0.2 ulogd[1267]: [DESTROY] ORIG: SRC=176.36.141.89 DST=194.50.85.5 PROTO=UDP SPT=47084 DPT=53 PKTS=1 BYTES=68 , REPLY: SRC=194.50.85.5 DST=176.36.141.89 PROTO=UDP SPT=53 DPT=47084 PKTS=1 BYTES=129
Nov 22 13:24:44 10.0.0.2 ulogd[1267]: [DESTROY] ORIG: SRC=176.36.141.89 DST=194.50.85.7 PROTO=UDP SPT=60892 DPT=53 PKTS=1 BYTES=61 , REPLY: SRC=194.50.85.7 DST=176.36.141.89 PROTO=UDP SPT=53 DPT=60892 PKTS=1 BYTES=122
Nov 22 13:24:44 10.0.0.2 ulogd[1267]: [DESTROY] ORIG: SRC=176.36.141.89 DST=194.50.85.5 PROTO=UDP SPT=42531 DPT=53 PKTS=1 BYTES=60 , REPLY: SRC=194.50.85.5 DST=176.36.141.89 PROTO=UDP SPT=53 DPT=42531 PKTS=1 BYTES=111
Nov 22 13:24:44 10.0.0.2 ulogd[1267]: [DESTROY] ORIG: SRC=176.36.141.89 DST=194.50.85.7 PROTO=UDP SPT=42531 DPT=53 PKTS=1 BYTES=60 , REPLY: SRC=194.50.85.7 DST=176.36.141.89 PROTO=UDP SPT=53 DPT=42531 PKTS=1 BYTES=111
Nov 22 13:24:44 10.0.0.2 ulogd[1267]: [DESTROY] ORIG: SRC=176.36.141.89 DST=194.50.85.5 PROTO=UDP SPT=58690 DPT=53 PKTS=1 BYTES=71 , REPLY: SRC=194.50.85.5 DST=176.36.141.89 PROTO=UDP SPT=53 DPT=58690 PKTS=1 BYTES=125
Nov 22 13:24:44 10.0.0.2 ulogd[1267]: [DESTROY] ORIG: SRC=176.36.141.89 DST=194.50.85.5 PROTO=UDP SPT=47204 DPT=53 PKTS=1 BYTES=63 , REPLY: SRC=194.50.85.5 DST=176.36.141.89 PROTO=UDP SPT=53 DPT=47204 PKTS=1 BYTES=168
Nov 22 13:24:44 10.0.0.2 ulogd[1267]: [DESTROY] ORIG: SRC=192.168.1.180 DST=95.100.111.73 PROTO=TCP SPT=61311 DPT=443 PKTS=10 BYTES=969 , REPLY: SRC=95.100.111.73 DST=176.36.141.89 PROTO=TCP SPT=443 DPT=61311 PKTS=11 BYTES=7471
Nov 22 13:24:44 10.0.0.2 ulogd[1267]: [DESTROY] ORIG: SRC=192.168.1.180 DST=18.244.102.61 PROTO=TCP SPT=61301 DPT=443 PKTS=27 BYTES=3573 , REPLY: SRC=18.244.102.61 DST=176.36.141.89 PROTO=TCP SPT=443 DPT=61301 PKTS=28 BYTES=6162
Nov 22 13:24:44 10.0.0.2 ulogd[1267]: [DESTROY] ORIG: SRC=192.168.1.180 DST=35.186.224.25 PROTO=UDP SPT=64513 DPT=443 PKTS=11 BYTES=5388 , REPLY: SRC=35.186.224.25 DST=176.36.141.89 PROTO=UDP SPT=443 DPT=64513 PKTS=10 BYTES=2852
Nov 22 13:24:44 10.0.0.2 ulogd[1267]: [DESTROY] ORIG: SRC=fd02:c8be:1d40:0:ed9a:a5a9:93a0:c3e8 DST=fd02:c8be:1d40::1 PROTO=UDP SPT=52315 DPT=53 PKTS=1 BYTES=89 , REPLY: SRC=fd02:c8be:1d40::1 DST=fd02:c8be:1d40:0:ed9a:a5a9:93a0:c3e8 PROTO=UDP SPT=53 DPT=52315 PKTS=1 BYTES=187
Nov 22 13:24:44 10.0.0.2 ulogd[1267]: [DESTROY] ORIG: SRC=192.168.1.180 DST=192.168.1.1 PROTO=UDP SPT=59938 DPT=53 PKTS=1 BYTES=77 , REPLY: SRC=192.168.1.1 DST=192.168.1.180 PROTO=UDP SPT=53 DPT=59938 PKTS=1 BYTES=246
Nov 22 13:24:44 10.0.0.2 ulogd[1267]: [DESTROY] ORIG: SRC=176.36.141.89 DST=194.50.85.5 PROTO=UDP SPT=60892 DPT=53 PKTS=1 BYTES=61 , REPLY: SRC=194.50.85.5 DST=176.36.141.89 PROTO=UDP SPT=53 DPT=60892 PKTS=1 BYTES=122
Nov 22 13:24:44 10.0.0.2 ulogd[1267]: [DESTROY] ORIG: SRC=192.168.1.1 DST=192.168.1.45 PROTO=UDP SPT=54933 DPT=5353 PKTS=1 BYTES=63 , REPLY: SRC=192.168.1.45 DST=192.168.1.1 PROTO=UDP SPT=5353 DPT=54933 PKTS=0 BYTES=0
Nov 22 13:24:44 10.0.0.2 ulogd[1267]: [DESTROY] ORIG: SRC=192.168.1.180 DST=192.168.1.1 PROTO=UDP SPT=53794 DPT=53 PKTS=1 BYTES=63 , REPLY: SRC=192.168.1.1 DST=192.168.1.180 PROTO=UDP SPT=53 DPT=53794 PKTS=1 BYTES=158
Nov 22 13:24:44 10.0.0.2 ulogd[1267]: [DESTROY] ORIG: SRC=192.168.1.180 DST=192.168.1.1 PROTO=UDP SPT=61140 DPT=53 PKTS=1 BYTES=63 , REPLY: SRC=192.168.1.1 DST=192.168.1.180 PROTO=UDP SPT=53 DPT=61140 PKTS=1 BYTES=158
Nov 22 13:24:44 10.0.0.2 ulogd[1267]: [DESTROY] ORIG: SRC=192.168.1.180 DST=35.186.224.18 PROTO=UDP SPT=58766 DPT=443 PKTS=7 BYTES=2785 , REPLY: SRC=35.186.224.18 DST=176.36.141.89 PROTO=UDP SPT=443 DPT=58766 PKTS=8 BYTES=4494
Nov 22 13:24:44 10.0.0.2 ulogd[1267]: [DESTROY] ORIG: SRC=192.168.1.1 DST=192.168.1.45 PROTO=UDP SPT=60892 DPT=5353 PKTS=1 BYTES=61 , REPLY: SRC=192.168.1.45 DST=192.168.1.1 PROTO=UDP SPT=5353 DPT=60892 PKTS=0 BYTES=0
Nov 22 13:24:44 10.0.0.2 ulogd[1267]: [DESTROY] ORIG: SRC=fd02:c8be:1d40:0:ed9a:a5a9:93a0:c3e8 DST=fd02:c8be:1d40::1 PROTO=UDP SPT=54967 DPT=53 PKTS=3 BYTES=254 , REPLY: SRC=fd02:c8be:1d40::1 DST=fd02:c8be:1d40:0:ed9a:a5a9:93a0:c3e8 PROTO=UDP SPT=53 DPT=54967 PKTS=3 BYTES=515
Nov 22 13:24:44 10.0.0.2 ulogd[1267]: [DESTROY] ORIG: SRC=35.77.79.102 DST=176.36.141.89 PROTO=ICMP TYPE=0 CODE=8 PKTS=1 BYTES=36 , REPLY: SRC=176.36.141.89 DST=35.77.79.102 PROTO=ICMP TYPE=0 CODE=8 PKTS=1 BYTES=36
Nov 22 13:24:44 10.0.0.2 ulogd[1267]: [DESTROY] ORIG: SRC=176.36.141.89 DST=194.50.85.5 PROTO=UDP SPT=36415 DPT=53 PKTS=1 BYTES=63 , REPLY: SRC=194.50.85.5 DST=176.36.141.89 PROTO=UDP SPT=53 DPT=36415 PKTS=1 BYTES=158
Nov 22 13:24:44 10.0.0.2 ulogd[1267]: [DESTROY] ORIG: SRC=192.168.1.180 DST=140.82.112.25 PROTO=TCP SPT=61010 DPT=443 PKTS=55 BYTES=4774 , REPLY: SRC=140.82.112.25 DST=176.36.141.89 PROTO=TCP SPT=443 DPT=61010 PKTS=75 BYTES=7466
Nov 22 13:24:44 10.0.0.2 ulogd[1267]: [DESTROY] ORIG: SRC=176.36.141.89 DST=194.50.85.5 PROTO=UDP SPT=54933 DPT=53 PKTS=1 BYTES=63 , REPLY: SRC=194.50.85.5 DST=176.36.141.89 PROTO=UDP SPT=53 DPT=54933 PKTS=1 BYTES=168
Nov 22 13:24:44 10.0.0.2 ulogd[1267]: [DESTROY] ORIG: SRC=176.36.141.89 DST=194.50.85.5 PROTO=UDP SPT=36937 DPT=53 PKTS=1 BYTES=70 , REPLY: SRC=194.50.85.5 DST=176.36.141.89 PROTO=UDP SPT=53 DPT=36937 PKTS=1 BYTES=86
Nov 22 13:24:44 10.0.0.2 ulogd[1267]: [DESTROY] ORIG: SRC=fd02:c8be:1d40:0:ed9a:a5a9:93a0:c3e8 DST=fd02:c8be:1d40::1 PROTO=UDP SPT=51258 DPT=53 PKTS=1 BYTES=89 , REPLY: SRC=fd02:c8be:1d40::1 DST=fd02:c8be:1d40:0:ed9a:a5a9:93a0:c3e8 PROTO=UDP SPT=53 DPT=51258 PKTS=1 BYTES=138
Nov 22 13:24:44 10.0.0.2 ulogd[1267]: [DESTROY] ORIG: SRC=fd02:c8be:1d40:0:ed9a:a5a9:93a0:c3e8 DST=fd02:c8be:1d40::1 PROTO=UDP SPT=60625 DPT=53 PKTS=1 BYTES=91 , REPLY: SRC=fd02:c8be:1d40::1 DST=fd02:c8be:1d40:0:ed9a:a5a9:93a0:c3e8 PROTO=UDP SPT=53 DPT=60625 PKTS=1 BYTES=145
Nov 22 13:24:44 10.0.0.2 ulogd[1267]: [DESTROY] ORIG: SRC=176.36.141.89 DST=194.50.85.5 PROTO=UDP SPT=33246 DPT=53 PKTS=1 BYTES=62 , REPLY: SRC=194.50.85.5 DST=176.36.141.89 PROTO=UDP SPT=53 DPT=33246 PKTS=1 BYTES=97
Nov 22 13:24:44 10.0.0.2 ulogd[1267]: [DESTROY] ORIG: SRC=192.168.1.1 DST=192.168.1.45 PROTO=UDP SPT=47084 DPT=5353 PKTS=1 BYTES=68 , REPLY: SRC=192.168.1.45 DST=192.168.1.1 PROTO=UDP SPT=5353 DPT=47084 PKTS=0 BYTES=0
Nov 22 13:24:44 10.0.0.2 ulogd[1267]: [DESTROY] ORIG: SRC=192.168.1.180 DST=35.186.224.25 PROTO=UDP SPT=56245 DPT=443 PKTS=10 BYTES=5557 , REPLY: SRC=35.186.224.25 DST=176.36.141.89 PROTO=UDP SPT=443 DPT=56245 PKTS=9 BYTES=4116
Nov 22 13:24:44 10.0.0.2 ulogd[1267]: [DESTROY] ORIG: SRC=176.36.141.89 DST=194.50.85.5 PROTO=UDP SPT=59731 DPT=53 PKTS=1 BYTES=70 , REPLY: SRC=194.50.85.5 DST=176.36.141.89 PROTO=UDP SPT=53 DPT=59731 PKTS=1 BYTES=131
Nov 22 13:24:44 10.0.0.2 ulogd[1267]: [DESTROY] ORIG: SRC=fd02:c8be:1d40:0:ed9a:a5a9:93a0:c3e8 DST=fd02:c8be:1d40::1 PROTO=UDP SPT=51077 DPT=53 PKTS=1 BYTES=89 , REPLY: SRC=fd02:c8be:1d40::1 DST=fd02:c8be:1d40:0:ed9a:a5a9:93a0:c3e8 PROTO=UDP SPT=53 DPT=51077 PKTS=1 BYTES=149
Nov 22 13:24:45 10.0.0.2 dnsmasq[1]: 666869 fd02:c8be:1d40:0:ed9a:a5a9:93a0:c3e8/62521 query[A] 3c-bs.gmx.com from fd02:c8be:1d40:0:ed9a:a5a9:93a0:c3e8
Nov 22 13:24:45 10.0.0.2 dnsmasq[1]: 666869 fd02:c8be:1d40:0:ed9a:a5a9:93a0:c3e8/62521 forwarded 3c-bs.gmx.com to 194.50.85.5
Nov 22 13:24:45 10.0.0.2 ulogd[1267]: [NEW] ORIG: SRC=176.36.141.89 DST=194.50.85.5 PROTO=UDP SPT=47599 DPT=53 PKTS=0 BYTES=0 , REPLY: SRC=194.50.85.5 DST=176.36.141.89 PROTO=UDP SPT=53 DPT=47599 PKTS=0 BYTES=0
Nov 22 13:24:45 10.0.0.2 dnsmasq[1]: 666869 fd02:c8be:1d40:0:ed9a:a5a9:93a0:c3e8/62521 reply 3c-bs.gmx.com is 217.72.196.44
Nov 22 13:24:45 10.0.0.2 ulogd[1267]: [NEW] ORIG: SRC=192.168.1.180 DST=217.72.196.44 PROTO=TCP SPT=61331 DPT=443 PKTS=0 BYTES=0 , REPLY: SRC=217.72.196.44 DST=176.36.141.89 PROTO=TCP SPT=443 DPT=61331 PKTS=0 BYTES=0
Nov 22 13:24:45 10.0.0.2 dnsmasq[1]: 666870 fd02:c8be:1d40:0:ed9a:a5a9:93a0:c3e8/62521 query[A] s.uicdn.com from fd02:c8be:1d40:0:ed9a:a5a9:93a0:c3e8
Nov 22 13:24:45 10.0.0.2 dnsmasq[1]: 666870 fd02:c8be:1d40:0:ed9a:a5a9:93a0:c3e8/62521 forwarded s.uicdn.com to 194.50.85.5
Nov 22 13:24:45 10.0.0.2 ulogd[1267]: [NEW] ORIG: SRC=176.36.141.89 DST=194.50.85.5 PROTO=UDP SPT=45776 DPT=53 PKTS=0 BYTES=0 , REPLY: SRC=194.50.85.5 DST=176.36.141.89 PROTO=UDP SPT=53 DPT=45776 PKTS=0 BYTES=0
Nov 22 13:24:45 10.0.0.2 dnsmasq[1]: 666870 fd02:c8be:1d40:0:ed9a:a5a9:93a0:c3e8/62521 reply s.uicdn.com is <CNAME>
Nov 22 13:24:45 10.0.0.2 dnsmasq[1]: 666870 fd02:c8be:1d40:0:ed9a:a5a9:93a0:c3e8/62521 reply s.uicdn.com.edgekey.net is <CNAME>
Nov 22 13:24:45 10.0.0.2 dnsmasq[1]: 666870 fd02:c8be:1d40:0:ed9a:a5a9:93a0:c3e8/62521 reply e5416.g.akamaiedge.net is 23.200.160.165
Nov 22 13:24:45 10.0.0.2 ulogd[1267]: [NEW] ORIG: SRC=192.168.1.180 DST=23.200.160.165 PROTO=TCP SPT=61332 DPT=443 PKTS=0 BYTES=0 , REPLY: SRC=23.200.160.165 DST=176.36.141.89 PROTO=TCP SPT=443 DPT=61332 PKTS=0 BYTES=0
Nov 22 13:24:59 10.0.0.2 dnsmasq[1]: 666871 fd02:c8be:1d40:0:ed9a:a5a9:93a0:c3e8/62521 query[A] securetoken.googleapis.com from fd02:c8be:1d40:0:ed9a:a5a9:93a0:c3e8
Nov 22 13:24:59 10.0.0.2 dnsmasq[1]: 666871 fd02:c8be:1d40:0:ed9a:a5a9:93a0:c3e8/62521 forwarded securetoken.googleapis.com to 194.50.85.5
Nov 22 13:24:59 10.0.0.2 ulogd[1267]: [NEW] ORIG: SRC=176.36.141.89 DST=194.50.85.5 PROTO=UDP SPT=51961 DPT=53 PKTS=0 BYTES=0 , REPLY: SRC=194.50.85.5 DST=176.36.141.89 PROTO=UDP SPT=53 DPT=51961 PKTS=0 BYTES=0
Nov 22 13:24:59 10.0.0.2 dnsmasq[1]: 666871 fd02:c8be:1d40:0:ed9a:a5a9:93a0:c3e8/62521 reply securetoken.googleapis.com is 142.251.208.138
Nov 22 13:24:59 10.0.0.2 dnsmasq[1]: 666871 fd02:c8be:1d40:0:ed9a:a5a9:93a0:c3e8/62521 reply securetoken.googleapis.com is 142.251.208.106
Nov 22 13:24:59 10.0.0.2 dnsmasq[1]: 666871 fd02:c8be:1d40:0:ed9a:a5a9:93a0:c3e8/62521 reply securetoken.googleapis.com is 142.251.39.42
Nov 22 13:24:59 10.0.0.2 dnsmasq[1]: 666871 fd02:c8be:1d40:0:ed9a:a5a9:93a0:c3e8/62521 reply securetoken.googleapis.com is 142.251.39.10
Nov 22 13:24:59 10.0.0.2 dnsmasq[1]: 666871 fd02:c8be:1d40:0:ed9a:a5a9:93a0:c3e8/62521 reply securetoken.googleapis.com is 142.250.180.202
Nov 22 13:24:59 10.0.0.2 dnsmasq[1]: 666871 fd02:c8be:1d40:0:ed9a:a5a9:93a0:c3e8/62521 reply securetoken.googleapis.com is 172.217.19.106
Nov 22 13:24:59 10.0.0.2 dnsmasq[1]: 666871 fd02:c8be:1d40:0:ed9a:a5a9:93a0:c3e8/62521 reply securetoken.googleapis.com is 142.250.201.202
Nov 22 13:24:59 10.0.0.2 dnsmasq[1]: 666871 fd02:c8be:1d40:0:ed9a:a5a9:93a0:c3e8/62521 reply securetoken.googleapis.com is 172.217.20.10
Nov 22 13:24:59 10.0.0.2 dnsmasq[1]: 666871 fd02:c8be:1d40:0:ed9a:a5a9:93a0:c3e8/62521 reply securetoken.googleapis.com is 142.251.39.74
Nov 22 13:24:59 10.0.0.2 dnsmasq[1]: 666871 fd02:c8be:1d40:0:ed9a:a5a9:93a0:c3e8/62521 reply securetoken.googleapis.com is 142.250.180.234
Nov 22 13:24:59 10.0.0.2 dnsmasq[1]: 666871 fd02:c8be:1d40:0:ed9a:a5a9:93a0:c3e8/62521 reply securetoken.googleapis.com is 142.251.208.170
Nov 22 13:24:59 10.0.0.2 ulogd[1267]: [NEW] ORIG: SRC=192.168.1.180 DST=142.251.208.138 PROTO=UDP SPT=63407 DPT=443 PKTS=0 BYTES=0 , REPLY: SRC=142.251.208.138 DST=176.36.141.89 PROTO=UDP SPT=443 DPT=63407 PKTS=0 BYTES=0
Nov 22 13:24:59 10.0.0.2 dnsmasq[1]: 666872 fd02:c8be:1d40:0:ed9a:a5a9:93a0:c3e8/62521 query[A] category.blocksite.co from fd02:c8be:1d40:0:ed9a:a5a9:93a0:c3e8
Nov 22 13:24:59 10.0.0.2 dnsmasq[1]: 666872 fd02:c8be:1d40:0:ed9a:a5a9:93a0:c3e8/62521 forwarded category.blocksite.co to 194.50.85.5
Nov 22 13:24:59 10.0.0.2 ulogd[1267]: [NEW] ORIG: SRC=176.36.141.89 DST=194.50.85.5 PROTO=UDP SPT=58889 DPT=53 PKTS=0 BYTES=0 , REPLY: SRC=194.50.85.5 DST=176.36.141.89 PROTO=UDP SPT=53 DPT=58889 PKTS=0 BYTES=0
Nov 22 13:24:59 10.0.0.2 dnsmasq[1]: 666872 fd02:c8be:1d40:0:ed9a:a5a9:93a0:c3e8/62521 reply category.blocksite.co is 54.196.123.38
Nov 22 13:24:59 10.0.0.2 dnsmasq[1]: 666872 fd02:c8be:1d40:0:ed9a:a5a9:93a0:c3e8/62521 reply category.blocksite.co is 54.152.233.119
Nov 22 13:24:59 10.0.0.2 ulogd[1267]: [NEW] ORIG: SRC=192.168.1.180 DST=54.196.123.38 PROTO=TCP SPT=61333 DPT=443 PKTS=0 BYTES=0 , REPLY: SRC=54.196.123.38 DST=176.36.141.89 PROTO=TCP SPT=443 DPT=61333 PKTS=0 BYTES=0
Nov 22 13:25:00 10.0.0.2 dnsmasq[1]: 666873 fd02:c8be:1d40:0:ed9a:a5a9:93a0:c3e8/62521 query[A] djinni.co from fd02:c8be:1d40:0:ed9a:a5a9:93a0:c3e8
Nov 22 13:25:00 10.0.0.2 ulogd[1267]: [NEW] ORIG: SRC=176.36.141.89 DST=194.50.85.5 PROTO=UDP SPT=46437 DPT=53 PKTS=0 BYTES=0 , REPLY: SRC=194.50.85.5 DST=176.36.141.89 PROTO=UDP SPT=53 DPT=46437 PKTS=0 BYTES=0
Nov 22 13:25:00 10.0.0.2 dnsmasq[1]: 666873 fd02:c8be:1d40:0:ed9a:a5a9:93a0:c3e8/62521 forwarded djinni.co to 194.50.85.5
Nov 22 13:25:00 10.0.0.2 dnsmasq[1]: 666873 fd02:c8be:1d40:0:ed9a:a5a9:93a0:c3e8/62521 reply djinni.co is 68.183.241.41
Nov 22 13:25:00 10.0.0.2 ulogd[1267]: [NEW] ORIG: SRC=192.168.1.180 DST=68.183.241.41 PROTO=TCP SPT=61334 DPT=443 PKTS=0 BYTES=0 , REPLY: SRC=68.183.241.41 DST=176.36.141.89 PROTO=TCP SPT=443 DPT=61334 PKTS=0 BYTES=0
Nov 22 13:25:00 10.0.0.2 dnsmasq[1]: 666874 fd02:c8be:1d40:0:ed9a:a5a9:93a0:c3e8/62521 query[A] fonts.googleapis.com from fd02:c8be:1d40:0:ed9a:a5a9:93a0:c3e8
Nov 22 13:25:00 10.0.0.2 ulogd[1267]: [NEW] ORIG: SRC=fd02:c8be:1d40:0:ed9a:a5a9:93a0:c3e8 DST=fd02:c8be:1d40::1 PROTO=UDP SPT=49349 DPT=53 PKTS=0 BYTES=0 , REPLY: SRC=fd02:c8be:1d40::1 DST=fd02:c8be:1d40:0:ed9a:a5a9:93a0:c3e8 PROTO=UDP SPT=53 DPT=49349 PKTS=0 BYTES=0
Nov 22 13:25:00 10.0.0.2 ulogd[1267]: [NEW] ORIG: SRC=176.36.141.89 DST=194.50.85.5 PROTO=UDP SPT=41127 DPT=53 PKTS=0 BYTES=0 , REPLY: SRC=194.50.85.5 DST=176.36.141.89 PROTO=UDP SPT=53 DPT=41127 PKTS=0 BYTES=0
Nov 22 13:25:00 10.0.0.2 dnsmasq[1]: 666874 fd02:c8be:1d40:0:ed9a:a5a9:93a0:c3e8/62521 forwarded fonts.googleapis.com to 194.50.85.5
Nov 22 13:25:00 10.0.0.2 dnsmasq[1]: 666874 fd02:c8be:1d40:0:ed9a:a5a9:93a0:c3e8/62521 reply fonts.googleapis.com is 142.250.180.202
Nov 22 13:25:00 10.0.0.2 dnsmasq[1]: 666875 fd02:c8be:1d40:0:ed9a:a5a9:93a0:c3e8/49349 query[A] fonts.gstatic.com from fd02:c8be:1d40:0:ed9a:a5a9:93a0:c3e8
Nov 22 13:25:00 10.0.0.2 ulogd[1267]: [NEW] ORIG: SRC=176.36.141.89 DST=194.50.85.5 PROTO=UDP SPT=54634 DPT=53 PKTS=0 BYTES=0 , REPLY: SRC=194.50.85.5 DST=176.36.141.89 PROTO=UDP SPT=53 DPT=54634 PKTS=0 BYTES=0
Nov 22 13:25:00 10.0.0.2 dnsmasq[1]: 666875 fd02:c8be:1d40:0:ed9a:a5a9:93a0:c3e8/49349 forwarded fonts.gstatic.com to 194.50.85.5
Nov 22 13:25:00 10.0.0.2 dnsmasq[1]: 666875 fd02:c8be:1d40:0:ed9a:a5a9:93a0:c3e8/49349 reply fonts.gstatic.com is 142.251.39.3
Nov 22 13:25:00 10.0.0.2 ulogd[1267]: [NEW] ORIG: SRC=192.168.1.180 DST=142.250.180.202 PROTO=UDP SPT=61693 DPT=443 PKTS=0 BYTES=0 , REPLY: SRC=142.250.180.202 DST=176.36.141.89 PROTO=UDP SPT=443 DPT=61693 PKTS=0 BYTES=0
Nov 22 13:25:00 10.0.0.2 ulogd[1267]: [NEW] ORIG: SRC=192.168.1.180 DST=142.251.39.3 PROTO=UDP SPT=49573 DPT=443 PKTS=0 BYTES=0 , REPLY: SRC=142.251.39.3 DST=176.36.141.89 PROTO=UDP SPT=443 DPT=49573 PKTS=0 BYTES=0
Nov 22 13:25:01 10.0.0.2 ulogd[1267]: [NEW] ORIG: SRC=192.168.1.180 DST=142.251.39.3 PROTO=UDP SPT=63682 DPT=443 PKTS=0 BYTES=0 , REPLY: SRC=142.251.39.3 DST=176.36.141.89 PROTO=UDP SPT=443 DPT=63682 PKTS=0 BYTES=0
Nov 22 13:25:03 10.0.0.2 ulogd[1267]: [NEW] ORIG: SRC=fd02:c8be:1d40:0:ed9a:a5a9:93a0:c3e8 DST=fd02:c8be:1d40::1 PROTO=UDP SPT=51062 DPT=53 PKTS=0 BYTES=0 , REPLY: SRC=fd02:c8be:1d40::1 DST=fd02:c8be:1d40:0:ed9a:a5a9:93a0:c3e8 PROTO=UDP SPT=53 DPT=51062 PKTS=0 BYTES=0
Nov 22 13:25:03 10.0.0.2 dnsmasq[1]: 666876 fd02:c8be:1d40:0:ed9a:a5a9:93a0:c3e8/51062 query[A] gew1-spclient.spotify.com from fd02:c8be:1d40:0:ed9a:a5a9:93a0:c3e8
Nov 22 13:25:03 10.0.0.2 dnsmasq[1]: 666876 fd02:c8be:1d40:0:ed9a:a5a9:93a0:c3e8/51062 cached gew1-spclient.spotify.com is <CNAME>
Nov 22 13:25:03 10.0.0.2 ulogd[1267]: [NEW] ORIG: SRC=fd02:c8be:1d40:0:ed9a:a5a9:93a0:c3e8 DST=fd02:c8be:1d40::1 PROTO=UDP SPT=53318 DPT=53 PKTS=0 BYTES=0 , REPLY: SRC=fd02:c8be:1d40::1 DST=fd02:c8be:1d40:0:ed9a:a5a9:93a0:c3e8 PROTO=UDP SPT=53 DPT=53318 PKTS=0 BYTES=0
Nov 22 13:25:03 10.0.0.2 dnsmasq[1]: 666876 fd02:c8be:1d40:0:ed9a:a5a9:93a0:c3e8/51062 forwarded gew1-spclient.spotify.com to 192.168.1.45
Nov 22 13:25:03 10.0.0.2 ulogd[1267]: [NEW] ORIG: SRC=192.168.1.1 DST=192.168.1.45 PROTO=UDP SPT=39006 DPT=5353 PKTS=0 BYTES=0 , REPLY: SRC=192.168.1.45 DST=192.168.1.1 PROTO=UDP SPT=5353 DPT=39006 PKTS=0 BYTES=0
Nov 22 13:25:03 10.0.0.2 ulogd[1267]: [NEW] ORIG: SRC=176.36.141.89 DST=194.50.85.5 PROTO=UDP SPT=39006 DPT=53 PKTS=0 BYTES=0 , REPLY: SRC=194.50.85.5 DST=176.36.141.89 PROTO=UDP SPT=53 DPT=39006 PKTS=0 BYTES=0
Nov 22 13:25:03 10.0.0.2 dnsmasq[1]: 666876 fd02:c8be:1d40:0:ed9a:a5a9:93a0:c3e8/51062 forwarded gew1-spclient.spotify.com to 194.50.85.5
Nov 22 13:25:03 10.0.0.2 ulogd[1267]: [NEW] ORIG: SRC=176.36.141.89 DST=194.50.85.7 PROTO=UDP SPT=39006 DPT=53 PKTS=0 BYTES=0 , REPLY: SRC=194.50.85.7 DST=176.36.141.89 PROTO=UDP SPT=53 DPT=39006 PKTS=0 BYTES=0
Nov 22 13:25:03 10.0.0.2 dnsmasq[1]: 666876 fd02:c8be:1d40:0:ed9a:a5a9:93a0:c3e8/51062 forwarded gew1-spclient.spotify.com to 194.50.85.7
Nov 22 13:25:03 10.0.0.2 dnsmasq[1]: 666876 fd02:c8be:1d40:0:ed9a:a5a9:93a0:c3e8/51062 reply gew1-spclient.spotify.com is <CNAME>
Nov 22 13:25:03 10.0.0.2 dnsmasq[1]: 666876 fd02:c8be:1d40:0:ed9a:a5a9:93a0:c3e8/51062 reply edge-web-gew1.dual-gslb.spotify.com is 35.186.224.18
Nov 22 13:25:03 10.0.0.2 dnsmasq[1]: 666877 fd02:c8be:1d40:0:ed9a:a5a9:93a0:c3e8/53318 query[type=65] gew1-spclient.spotify.com from fd02:c8be:1d40:0:ed9a:a5a9:93a0:c3e8
Nov 22 13:25:03 10.0.0.2 dnsmasq[1]: 666877 fd02:c8be:1d40:0:ed9a:a5a9:93a0:c3e8/53318 cached gew1-spclient.spotify.com is <CNAME>
Nov 22 13:25:03 10.0.0.2 ulogd[1267]: [NEW] ORIG: SRC=176.36.141.89 DST=194.50.85.5 PROTO=UDP SPT=57456 DPT=53 PKTS=0 BYTES=0 , REPLY: SRC=194.50.85.5 DST=176.36.141.89 PROTO=UDP SPT=53 DPT=57456 PKTS=0 BYTES=0
Nov 22 13:25:03 10.0.0.2 dnsmasq[1]: 666877 fd02:c8be:1d40:0:ed9a:a5a9:93a0:c3e8/53318 forwarded gew1-spclient.spotify.com to 194.50.85.5
Nov 22 13:25:03 10.0.0.2 dnsmasq[1]: 666877 fd02:c8be:1d40:0:ed9a:a5a9:93a0:c3e8/53318 reply gew1-spclient.spotify.com is <CNAME>
Nov 22 13:25:03 10.0.0.2 dnsmasq[1]: 666877 fd02:c8be:1d40:0:ed9a:a5a9:93a0:c3e8/53318 reply edge-web-gew1.dual-gslb.spotify.com is NODATA
Nov 22 13:25:03 10.0.0.2 ulogd[1267]: [NEW] ORIG: SRC=192.168.1.180 DST=35.186.224.18 PROTO=UDP SPT=50863 DPT=443 PKTS=0 BYTES=0 , REPLY: SRC=35.186.224.18 DST=176.36.141.89 PROTO=UDP SPT=443 DPT=50863 PKTS=0 BYTES=0
Nov 22 13:25:04 10.0.0.2 dnsmasq[1]: 666878 fd02:c8be:1d40:0:ed9a:a5a9:93a0:c3e8/62521 query[A] event.shelljacket.us from fd02:c8be:1d40:0:ed9a:a5a9:93a0:c3e8
Nov 22 13:25:04 10.0.0.2 ulogd[1267]: [NEW] ORIG: SRC=176.36.141.89 DST=194.50.85.5 PROTO=UDP SPT=35327 DPT=53 PKTS=0 BYTES=0 , REPLY: SRC=194.50.85.5 DST=176.36.141.89 PROTO=UDP SPT=53 DPT=35327 PKTS=0 BYTES=0
Nov 22 13:25:04 10.0.0.2 dnsmasq[1]: 666878 fd02:c8be:1d40:0:ed9a:a5a9:93a0:c3e8/62521 forwarded event.shelljacket.us to 194.50.85.5
Nov 22 13:25:04 10.0.0.2 dnsmasq[1]: 666878 fd02:c8be:1d40:0:ed9a:a5a9:93a0:c3e8/62521 reply event.shelljacket.us is 138.68.101.1
Nov 22 13:25:04 10.0.0.2 dnsmasq[1]: 666878 fd02:c8be:1d40:0:ed9a:a5a9:93a0:c3e8/62521 reply event.shelljacket.us is 159.89.27.102
Nov 22 13:25:04 10.0.0.2 dnsmasq[1]: 666878 fd02:c8be:1d40:0:ed9a:a5a9:93a0:c3e8/62521 reply event.shelljacket.us is 46.101.131.214
Nov 22 13:25:04 10.0.0.2 dnsmasq[1]: 666878 fd02:c8be:1d40:0:ed9a:a5a9:93a0:c3e8/62521 reply event.shelljacket.us is 138.68.77.102
Nov 22 13:25:04 10.0.0.2 dnsmasq[1]: 666878 fd02:c8be:1d40:0:ed9a:a5a9:93a0:c3e8/62521 reply event.shelljacket.us is 138.68.92.190
Nov 22 13:25:04 10.0.0.2 dnsmasq[1]: 666878 fd02:c8be:1d40:0:ed9a:a5a9:93a0:c3e8/62521 reply event.shelljacket.us is 46.101.131.99
Nov 22 13:25:04 10.0.0.2 dnsmasq[1]: 666878 fd02:c8be:1d40:0:ed9a:a5a9:93a0:c3e8/62521 reply event.shelljacket.us is 159.89.100.215
Nov 22 13:25:04 10.0.0.2 ulogd[1267]: [NEW] ORIG: SRC=192.168.1.180 DST=138.68.101.1 PROTO=TCP SPT=61335 DPT=443 PKTS=0 BYTES=0 , REPLY: SRC=138.68.101.1 DST=176.36.141.89 PROTO=TCP SPT=443 DPT=61335 PKTS=0 BYTES=0
Nov 22 13:25:12 10.0.0.2 ulogd[1267]: [NEW] ORIG: SRC=175.41.196.8 DST=176.36.141.89 PROTO=ICMP TYPE=0 CODE=8 PKTS=0 BYTES=0 , REPLY: SRC=176.36.141.89 DST=175.41.196.8 PROTO=ICMP TYPE=0 CODE=8 PKTS=0 BYTES=0
Nov 22 13:25:12 10.0.0.2 ulogd[1267]: [NEW] ORIG: SRC=18.181.190.91 DST=176.36.141.89 PROTO=ICMP TYPE=0 CODE=8 PKTS=0 BYTES=0 , REPLY: SRC=176.36.141.89 DST=18.181.190.91 PROTO=ICMP TYPE=0 CODE=8 PKTS=0 BYTES=0
Nov 22 13:25:12 10.0.0.2 ulogd[1267]: [NEW] ORIG: SRC=35.77.4.244 DST=176.36.141.89 PROTO=ICMP TYPE=0 CODE=8 PKTS=0 BYTES=0 , REPLY: SRC=176.36.141.89 DST=35.77.4.244 PROTO=ICMP TYPE=0 CODE=8 PKTS=0 BYTES=0
Nov 22 13:25:12 10.0.0.2 ulogd[1267]: [NEW] ORIG: SRC=192.168.1.180 DST=217.72.196.44 PROTO=TCP SPT=61336 DPT=443 PKTS=0 BYTES=0 , REPLY: SRC=217.72.196.44 DST=176.36.141.89 PROTO=TCP SPT=443 DPT=61336 PKTS=0 BYTES=0
Nov 22 13:25:17 10.0.0.2 dnsmasq[1]: 666879 fd02:c8be:1d40:0:ed9a:a5a9:93a0:c3e8/49349 query[A] sync-v2.brave.com from fd02:c8be:1d40:0:ed9a:a5a9:93a0:c3e8
Nov 22 13:25:17 10.0.0.2 dnsmasq[1]: 666879 fd02:c8be:1d40:0:ed9a:a5a9:93a0:c3e8/49349 forwarded sync-v2.brave.com to 194.50.85.5
Nov 22 13:25:17 10.0.0.2 ulogd[1267]: [NEW] ORIG: SRC=176.36.141.89 DST=194.50.85.5 PROTO=UDP SPT=45120 DPT=53 PKTS=0 BYTES=0 , REPLY: SRC=194.50.85.5 DST=176.36.141.89 PROTO=UDP SPT=53 DPT=45120 PKTS=0 BYTES=0
Nov 22 13:25:17 10.0.0.2 dnsmasq[1]: 666879 fd02:c8be:1d40:0:ed9a:a5a9:93a0:c3e8/49349 reply sync-v2.brave.com is <CNAME>
Nov 22 13:25:17 10.0.0.2 dnsmasq[1]: 666879 fd02:c8be:1d40:0:ed9a:a5a9:93a0:c3e8/49349 reply sync-alb-152764135.us-west-2.elb.amazonaws.com is 54.190.8.136
Nov 22 13:25:17 10.0.0.2 dnsmasq[1]: 666879 fd02:c8be:1d40:0:ed9a:a5a9:93a0:c3e8/49349 reply sync-alb-152764135.us-west-2.elb.amazonaws.com is 44.228.160.54
Nov 22 13:25:17 10.0.0.2 dnsmasq[1]: 666879 fd02:c8be:1d40:0:ed9a:a5a9:93a0:c3e8/49349 reply sync-alb-152764135.us-west-2.elb.amazonaws.com is 52.34.169.249
Nov 22 13:25:19 10.0.0.2 dnsmasq[1]: 666880 fd02:c8be:1d40:0:ed9a:a5a9:93a0:c3e8/62521 query[A] slack.com from fd02:c8be:1d40:0:ed9a:a5a9:93a0:c3e8
Nov 22 13:25:19 10.0.0.2 dnsmasq[1]: 666880 fd02:c8be:1d40:0:ed9a:a5a9:93a0:c3e8/62521 forwarded slack.com to 194.50.85.5
Nov 22 13:25:19 10.0.0.2 ulogd[1267]: [NEW] ORIG: SRC=176.36.141.89 DST=194.50.85.5 PROTO=UDP SPT=57777 DPT=53 PKTS=0 BYTES=0 , REPLY: SRC=194.50.85.5 DST=176.36.141.89 PROTO=UDP SPT=53 DPT=57777 PKTS=0 BYTES=0
Nov 22 13:25:19 10.0.0.2 dnsmasq[1]: 666880 fd02:c8be:1d40:0:ed9a:a5a9:93a0:c3e8/62521 reply slack.com is 18.159.197.225
Nov 22 13:25:19 10.0.0.2 dnsmasq[1]: 666880 fd02:c8be:1d40:0:ed9a:a5a9:93a0:c3e8/62521 reply slack.com is 3.68.124.168
Nov 22 13:25:19 10.0.0.2 dnsmasq[1]: 666880 fd02:c8be:1d40:0:ed9a:a5a9:93a0:c3e8/62521 reply slack.com is 3.68.170.153
Nov 22 13:25:19 10.0.0.2 dnsmasq[1]: 666880 fd02:c8be:1d40:0:ed9a:a5a9:93a0:c3e8/62521 reply slack.com is 3.68.175.98
Nov 22 13:25:19 10.0.0.2 ulogd[1267]: [NEW] ORIG: SRC=192.168.1.180 DST=18.159.197.225 PROTO=TCP SPT=61337 DPT=443 PKTS=0 BYTES=0 , REPLY: SRC=18.159.197.225 DST=176.36.141.89 PROTO=TCP SPT=443 DPT=61337 PKTS=0 BYTES=0
Nov 22 13:25:19 10.0.0.2 dnsmasq[1]: 666881 fd02:c8be:1d40:0:ed9a:a5a9:93a0:c3e8/49349 query[A] web.whatsapp.com from fd02:c8be:1d40:0:ed9a:a5a9:93a0:c3e8
Nov 22 13:25:19 10.0.0.2 ulogd[1267]: [NEW] ORIG: SRC=176.36.141.89 DST=194.50.85.5 PROTO=UDP SPT=38535 DPT=53 PKTS=0 BYTES=0 , REPLY: SRC=194.50.85.5 DST=176.36.141.89 PROTO=UDP SPT=53 DPT=38535 PKTS=0 BYTES=0
Nov 22 13:25:19 10.0.0.2 dnsmasq[1]: 666881 fd02:c8be:1d40:0:ed9a:a5a9:93a0:c3e8/49349 forwarded web.whatsapp.com to 194.50.85.5
Nov 22 13:25:19 10.0.0.2 dnsmasq[1]: 666881 fd02:c8be:1d40:0:ed9a:a5a9:93a0:c3e8/49349 reply web.whatsapp.com is <CNAME>
Nov 22 13:25:19 10.0.0.2 dnsmasq[1]: 666881 fd02:c8be:1d40:0:ed9a:a5a9:93a0:c3e8/49349 reply mmx-ds.cdn.whatsapp.net is 157.240.224.60
Nov 22 13:25:19 10.0.0.2 ulogd[1267]: [NEW] ORIG: SRC=192.168.1.180 DST=157.240.224.60 PROTO=UDP SPT=54376 DPT=443 PKTS=0 BYTES=0 , REPLY: SRC=157.240.224.60 DST=176.36.141.89 PROTO=UDP SPT=443 DPT=54376 PKTS=0 BYTES=0
Nov 22 13:25:20 10.0.0.2 dnsmasq[1]: 666882 fd02:c8be:1d40:0:ed9a:a5a9:93a0:c3e8/62521 query[A] edgeapi.slack.com from fd02:c8be:1d40:0:ed9a:a5a9:93a0:c3e8
Nov 22 13:25:20 10.0.0.2 ulogd[1267]: [NEW] ORIG: SRC=176.36.141.89 DST=194.50.85.5 PROTO=UDP SPT=50099 DPT=53 PKTS=0 BYTES=0 , REPLY: SRC=194.50.85.5 DST=176.36.141.89 PROTO=UDP SPT=53 DPT=50099 PKTS=0 BYTES=0
Nov 22 13:25:20 10.0.0.2 dnsmasq[1]: 666882 fd02:c8be:1d40:0:ed9a:a5a9:93a0:c3e8/62521 forwarded edgeapi.slack.com to 194.50.85.5
Nov 22 13:25:20 10.0.0.2 dnsmasq[1]: 666882 fd02:c8be:1d40:0:ed9a:a5a9:93a0:c3e8/62521 reply edgeapi.slack.com is 3.67.131.16
Nov 22 13:25:20 10.0.0.2 dnsmasq[1]: 666882 fd02:c8be:1d40:0:ed9a:a5a9:93a0:c3e8/62521 reply edgeapi.slack.com is 3.67.35.217
Nov 22 13:25:20 10.0.0.2 ulogd[1267]: [NEW] ORIG: SRC=192.168.1.180 DST=3.67.131.16 PROTO=TCP SPT=61338 DPT=443 PKTS=0 BYTES=0 , REPLY: SRC=3.67.131.16 DST=176.36.141.89 PROTO=TCP SPT=443 DPT=61338 PKTS=0 BYTES=0
Nov 22 13:25:22 10.0.0.2 ulogd[1267]: [NEW] ORIG: SRC=45.43.44.37 DST=176.36.141.89 PROTO=ICMP TYPE=0 CODE=8 PKTS=0 BYTES=0 , REPLY: SRC=176.36.141.89 DST=45.43.44.37 PROTO=ICMP TYPE=0 CODE=8 PKTS=0 BYTES=0
Nov 22 13:25:25 10.0.0.2 ulogd[1267]: [NEW] ORIG: SRC=192.168.1.45 DST=192.168.1.1 PROTO=UDP SPT=38216 DPT=53 PKTS=0 BYTES=0 , REPLY: SRC=192.168.1.1 DST=192.168.1.45 PROTO=UDP SPT=53 DPT=38216 PKTS=0 BYTES=0
Nov 22 13:25:25 10.0.0.2 dnsmasq[1]: 666883 192.168.1.45/38216 query[A] raw.githubusercontent.com from 192.168.1.45
Nov 22 13:25:25 10.0.0.2 ulogd[1267]: [NEW] ORIG: SRC=192.168.1.45 DST=192.168.1.1 PROTO=UDP SPT=57117 DPT=53 PKTS=0 BYTES=0 , REPLY: SRC=192.168.1.1 DST=192.168.1.45 PROTO=UDP SPT=53 DPT=57117 PKTS=0 BYTES=0
Nov 22 13:25:25 10.0.0.2 dnsmasq[1]: 666883 192.168.1.45/38216 forwarded raw.githubusercontent.com to 192.168.1.45
Nov 22 13:25:25 10.0.0.2 ulogd[1267]: [NEW] ORIG: SRC=192.168.1.1 DST=192.168.1.45 PROTO=UDP SPT=48242 DPT=5353 PKTS=0 BYTES=0 , REPLY: SRC=192.168.1.45 DST=192.168.1.1 PROTO=UDP SPT=5353 DPT=48242 PKTS=0 BYTES=0
Nov 22 13:25:25 10.0.0.2 dnsmasq[1]: 666883 192.168.1.45/38216 forwarded raw.githubusercontent.com to 194.50.85.5
Nov 22 13:25:25 10.0.0.2 ulogd[1267]: [NEW] ORIG: SRC=176.36.141.89 DST=194.50.85.5 PROTO=UDP SPT=48242 DPT=53 PKTS=0 BYTES=0 , REPLY: SRC=194.50.85.5 DST=176.36.141.89 PROTO=UDP SPT=53 DPT=48242 PKTS=0 BYTES=0
Nov 22 13:25:25 10.0.0.2 dnsmasq[1]: 666883 192.168.1.45/38216 forwarded raw.githubusercontent.com to 194.50.85.7
Nov 22 13:25:25 10.0.0.2 ulogd[1267]: [NEW] ORIG: SRC=176.36.141.89 DST=194.50.85.7 PROTO=UDP SPT=48242 DPT=53 PKTS=0 BYTES=0 , REPLY: SRC=194.50.85.7 DST=176.36.141.89 PROTO=UDP SPT=53 DPT=48242 PKTS=0 BYTES=0
Nov 22 13:25:25 10.0.0.2 dnsmasq[1]: 666883 192.168.1.45/38216 reply raw.githubusercontent.com is 185.199.108.133
Nov 22 13:25:25 10.0.0.2 dnsmasq[1]: 666883 192.168.1.45/38216 reply raw.githubusercontent.com is 185.199.110.133
Nov 22 13:25:25 10.0.0.2 dnsmasq[1]: 666883 192.168.1.45/38216 reply raw.githubusercontent.com is 185.199.111.133
Nov 22 13:25:25 10.0.0.2 dnsmasq[1]: 666883 192.168.1.45/38216 reply raw.githubusercontent.com is 185.199.109.133
Nov 22 13:25:25 10.0.0.2 dnsmasq[1]: 666884 192.168.1.45/57117 query[AAAA] raw.githubusercontent.com from 192.168.1.45
Nov 22 13:25:25 10.0.0.2 dnsmasq[1]: 666884 192.168.1.45/57117 forwarded raw.githubusercontent.com to 194.50.85.5
Nov 22 13:25:25 10.0.0.2 dnsmasq[1]: 666884 192.168.1.45/57117 reply raw.githubusercontent.com is 2606:50c0:8001::154
Nov 22 13:25:25 10.0.0.2 ulogd[1267]: [NEW] ORIG: SRC=176.36.141.89 DST=194.50.85.5 PROTO=UDP SPT=40254 DPT=53 PKTS=0 BYTES=0 , REPLY: SRC=194.50.85.5 DST=176.36.141.89 PROTO=UDP SPT=53 DPT=40254 PKTS=0 BYTES=0
Nov 22 13:25:25 10.0.0.2 dnsmasq[1]: 666884 192.168.1.45/57117 reply raw.githubusercontent.com is 2606:50c0:8003::154
Nov 22 13:25:25 10.0.0.2 dnsmasq[1]: 666884 192.168.1.45/57117 reply raw.githubusercontent.com is 2606:50c0:8000::154
Nov 22 13:25:25 10.0.0.2 dnsmasq[1]: 666884 192.168.1.45/57117 reply raw.githubusercontent.com is 2606:50c0:8002::154
Nov 22 13:25:25 10.0.0.2 ulogd[1267]: [NEW] ORIG: SRC=192.168.1.45 DST=185.199.108.133 PROTO=TCP SPT=44074 DPT=443 PKTS=0 BYTES=0 , REPLY: SRC=185.199.108.133 DST=176.36.141.89 PROTO=TCP SPT=443 DPT=44074 PKTS=0 BYTES=0
Nov 22 13:25:25 10.0.0.2 dnsmasq[1]: 666885 192.168.1.45/47633 query[A] grafana.com from 192.168.1.45
Nov 22 13:25:25 10.0.0.2 ulogd[1267]: [NEW] ORIG: SRC=192.168.1.45 DST=192.168.1.1 PROTO=UDP SPT=47633 DPT=53 PKTS=0 BYTES=0 , REPLY: SRC=192.168.1.1 DST=192.168.1.45 PROTO=UDP SPT=53 DPT=47633 PKTS=0 BYTES=0
Nov 22 13:25:25 10.0.0.2 ulogd[1267]: [NEW] ORIG: SRC=192.168.1.45 DST=192.168.1.1 PROTO=UDP SPT=39114 DPT=53 PKTS=0 BYTES=0 , REPLY: SRC=192.168.1.1 DST=192.168.1.45 PROTO=UDP SPT=53 DPT=39114 PKTS=0 BYTES=0
Nov 22 13:25:25 10.0.0.2 dnsmasq[1]: 666885 192.168.1.45/47633 forwarded grafana.com to 194.50.85.5
Nov 22 13:25:25 10.0.0.2 ulogd[1267]: [NEW] ORIG: SRC=176.36.141.89 DST=194.50.85.5 PROTO=UDP SPT=50943 DPT=53 PKTS=0 BYTES=0 , REPLY: SRC=194.50.85.5 DST=176.36.141.89 PROTO=UDP SPT=53 DPT=50943 PKTS=0 BYTES=0
Nov 22 13:25:25 10.0.0.2 dnsmasq[1]: 666886 192.168.1.45/39114 query[AAAA] grafana.com from 192.168.1.45
Nov 22 13:25:25 10.0.0.2 dnsmasq[1]: 666886 192.168.1.45/39114 forwarded grafana.com to 194.50.85.5
Nov 22 13:25:25 10.0.0.2 dnsmasq[1]: 666885 192.168.1.45/47633 reply grafana.com is 34.120.177.193
Nov 22 13:25:25 10.0.0.2 dnsmasq[1]: 666886 192.168.1.45/39114 reply grafana.com is 2600:1901:0:b3ea::
Nov 22 13:25:25 10.0.0.2 ulogd[1267]: [NEW] ORIG: SRC=176.36.141.89 DST=194.50.85.5 PROTO=UDP SPT=59658 DPT=53 PKTS=0 BYTES=0 , REPLY: SRC=194.50.85.5 DST=176.36.141.89 PROTO=UDP SPT=53 DPT=59658 PKTS=0 BYTES=0
Nov 22 13:25:25 10.0.0.2 ulogd[1267]: [NEW] ORIG: SRC=192.168.1.45 DST=34.120.177.193 PROTO=TCP SPT=45858 DPT=443 PKTS=0 BYTES=0 , REPLY: SRC=34.120.177.193 DST=176.36.141.89 PROTO=TCP SPT=443 DPT=45858 PKTS=0 BYTES=0
Nov 22 13:25:29 10.0.0.2 ulogd[1267]: [DESTROY] ORIG: SRC=192.168.1.1 DST=192.168.1.45 PROTO=UDP SPT=57578 DPT=5353 PKTS=1 BYTES=61 , REPLY: SRC=192.168.1.45 DST=192.168.1.1 PROTO=UDP SPT=5353 DPT=57578 PKTS=0 BYTES=0
Nov 22 13:25:30 10.0.0.2 ulogd[1267]: [NEW] ORIG: SRC=192.168.1.180 DST=192.168.1.255 PROTO=UDP SPT=138 DPT=138 PKTS=0 BYTES=0 , REPLY: SRC=192.168.1.255 DST=192.168.1.180 PROTO=UDP SPT=138 DPT=138 PKTS=0 BYTES=0
Nov 22 13:25:30 10.0.0.2 dnsmasq[1]: 666887 fd02:c8be:1d40:0:ed9a:a5a9:93a0:c3e8/49349 query[A] www.aljazeera.com from fd02:c8be:1d40:0:ed9a:a5a9:93a0:c3e8
Nov 22 13:25:30 10.0.0.2 dnsmasq[1]: 666887 fd02:c8be:1d40:0:ed9a:a5a9:93a0:c3e8/49349 forwarded www.aljazeera.com to 194.50.85.5
Nov 22 13:25:30 10.0.0.2 ulogd[1267]: [NEW] ORIG: SRC=176.36.141.89 DST=194.50.85.5 PROTO=UDP SPT=51378 DPT=53 PKTS=0 BYTES=0 , REPLY: SRC=194.50.85.5 DST=176.36.141.89 PROTO=UDP SPT=53 DPT=51378 PKTS=0 BYTES=0
Nov 22 13:25:30 10.0.0.2 ulogd[1267]: [NEW] ORIG: SRC=192.168.1.180 DST=192.168.1.1 PROTO=UDP SPT=49349 DPT=53 PKTS=0 BYTES=0 , REPLY: SRC=192.168.1.1 DST=192.168.1.180 PROTO=UDP SPT=53 DPT=49349 PKTS=0 BYTES=0
Nov 22 13:25:30 10.0.0.2 dnsmasq[1]: 666888 192.168.1.180/49349 query[A] www.aljazeera.com from 192.168.1.180
Nov 22 13:25:30 10.0.0.2 dnsmasq[1]: 666887 fd02:c8be:1d40:0:ed9a:a5a9:93a0:c3e8/49349 reply www.aljazeera.com is <CNAME>
Nov 22 13:25:30 10.0.0.2 dnsmasq[1]: 666887 fd02:c8be:1d40:0:ed9a:a5a9:93a0:c3e8/49349 reply www.aljazeera.com.edgekey.net is <CNAME>
Nov 22 13:25:30 10.0.0.2 dnsmasq[1]: 666887 fd02:c8be:1d40:0:ed9a:a5a9:93a0:c3e8/49349 reply e9106.dscg.akamaiedge.net is 23.200.160.171
Nov 22 13:25:30 10.0.0.2 dnsmasq[1]: 666888 192.168.1.180/49349 reply query is duplicate
Nov 22 13:25:32 10.0.0.2 dnsmasq[1]: 666889 fd02:c8be:1d40:0:ed9a:a5a9:93a0:c3e8/62521 query[A] app.element.io from fd02:c8be:1d40:0:ed9a:a5a9:93a0:c3e8
Nov 22 13:25:32 10.0.0.2 dnsmasq[1]: 666889 fd02:c8be:1d40:0:ed9a:a5a9:93a0:c3e8/62521 forwarded app.element.io to 194.50.85.5
Nov 22 13:25:32 10.0.0.2 ulogd[1267]: [NEW] ORIG: SRC=176.36.141.89 DST=194.50.85.5 PROTO=UDP SPT=47508 DPT=53 PKTS=0 BYTES=0 , REPLY: SRC=194.50.85.5 DST=176.36.141.89 PROTO=UDP SPT=53 DPT=47508 PKTS=0 BYTES=0
Nov 22 13:25:32 10.0.0.2 dnsmasq[1]: 666889 fd02:c8be:1d40:0:ed9a:a5a9:93a0:c3e8/62521 reply app.element.io is 104.22.48.198
Nov 22 13:25:32 10.0.0.2 dnsmasq[1]: 666889 fd02:c8be:1d40:0:ed9a:a5a9:93a0:c3e8/62521 reply app.element.io is 172.67.12.112
Nov 22 13:25:32 10.0.0.2 dnsmasq[1]: 666889 fd02:c8be:1d40:0:ed9a:a5a9:93a0:c3e8/62521 reply app.element.io is 104.22.49.198
Nov 22 13:25:32 10.0.0.2 ulogd[1267]: [NEW] ORIG: SRC=192.168.1.180 DST=104.22.48.198 PROTO=TCP SPT=61339 DPT=443 PKTS=0 BYTES=0 , REPLY: SRC=104.22.48.198 DST=176.36.141.89 PROTO=TCP SPT=443 DPT=61339 PKTS=0 BYTES=0
Nov 22 13:25:35 10.0.0.2 ulogd[1267]: [NEW] ORIG: SRC=fe80::b295:75ff:fe15:6fa5 DST=ff02::1:2 PROTO=UDP SPT=546 DPT=547 PKTS=0 BYTES=0 , REPLY: SRC=ff02::1:2 DST=fe80::b295:75ff:fe15:6fa5 PROTO=UDP SPT=547 DPT=546 PKTS=0 BYTES=0
Nov 22 13:25:37 10.0.0.2 ulogd[1267]: [NEW] ORIG: SRC=fd02:c8be:1d40:0:ed9a:a5a9:93a0:c3e8 DST=fd02:c8be:1d40::1 PROTO=UDP SPT=57772 DPT=53 PKTS=0 BYTES=0 , REPLY: SRC=fd02:c8be:1d40::1 DST=fd02:c8be:1d40:0:ed9a:a5a9:93a0:c3e8 PROTO=UDP SPT=53 DPT=57772 PKTS=0 BYTES=0
Nov 22 13:25:37 10.0.0.2 dnsmasq[1]: 666890 fd02:c8be:1d40:0:ed9a:a5a9:93a0:c3e8/57772 query[A] spclient.wg.spotify.com from fd02:c8be:1d40:0:ed9a:a5a9:93a0:c3e8
Nov 22 13:25:37 10.0.0.2 dnsmasq[1]: 666890 fd02:c8be:1d40:0:ed9a:a5a9:93a0:c3e8/57772 cached spclient.wg.spotify.com is <CNAME>
Nov 22 13:25:37 10.0.0.2 ulogd[1267]: [NEW] ORIG: SRC=fd02:c8be:1d40:0:ed9a:a5a9:93a0:c3e8 DST=fd02:c8be:1d40::1 PROTO=UDP SPT=63583 DPT=53 PKTS=0 BYTES=0 , REPLY: SRC=fd02:c8be:1d40::1 DST=fd02:c8be:1d40:0:ed9a:a5a9:93a0:c3e8 PROTO=UDP SPT=53 DPT=63583 PKTS=0 BYTES=0
Nov 22 13:25:37 10.0.0.2 dnsmasq[1]: 666890 fd02:c8be:1d40:0:ed9a:a5a9:93a0:c3e8/57772 forwarded spclient.wg.spotify.com to 194.50.85.5
Nov 22 13:25:37 10.0.0.2 ulogd[1267]: [NEW] ORIG: SRC=176.36.141.89 DST=194.50.85.5 PROTO=UDP SPT=53291 DPT=53 PKTS=0 BYTES=0 , REPLY: SRC=194.50.85.5 DST=176.36.141.89 PROTO=UDP SPT=53 DPT=53291 PKTS=0 BYTES=0
Nov 22 13:25:37 10.0.0.2 dnsmasq[1]: 666890 fd02:c8be:1d40:0:ed9a:a5a9:93a0:c3e8/57772 reply spclient.wg.spotify.com is <CNAME>
Nov 22 13:25:37 10.0.0.2 dnsmasq[1]: 666890 fd02:c8be:1d40:0:ed9a:a5a9:93a0:c3e8/57772 reply edge-web.dual-gslb.spotify.com is 35.186.224.25
Nov 22 13:25:37 10.0.0.2 dnsmasq[1]: 666891 fd02:c8be:1d40:0:ed9a:a5a9:93a0:c3e8/63583 query[type=65] spclient.wg.spotify.com from fd02:c8be:1d40:0:ed9a:a5a9:93a0:c3e8
Nov 22 13:25:37 10.0.0.2 dnsmasq[1]: 666891 fd02:c8be:1d40:0:ed9a:a5a9:93a0:c3e8/63583 cached spclient.wg.spotify.com is <CNAME>
Nov 22 13:25:37 10.0.0.2 dnsmasq[1]: 666891 fd02:c8be:1d40:0:ed9a:a5a9:93a0:c3e8/63583 forwarded spclient.wg.spotify.com to 194.50.85.5
Nov 22 13:25:37 10.0.0.2 ulogd[1267]: [NEW] ORIG: SRC=176.36.141.89 DST=194.50.85.5 PROTO=UDP SPT=39365 DPT=53 PKTS=0 BYTES=0 , REPLY: SRC=194.50.85.5 DST=176.36.141.89 PROTO=UDP SPT=53 DPT=39365 PKTS=0 BYTES=0
Nov 22 13:25:37 10.0.0.2 dnsmasq[1]: 666891 fd02:c8be:1d40:0:ed9a:a5a9:93a0:c3e8/63583 reply spclient.wg.spotify.com is <CNAME>
Nov 22 13:25:37 10.0.0.2 dnsmasq[1]: 666891 fd02:c8be:1d40:0:ed9a:a5a9:93a0:c3e8/63583 reply edge-web.dual-gslb.spotify.com is NODATA
Nov 22 13:25:37 10.0.0.2 ulogd[1267]: [NEW] ORIG: SRC=192.168.1.180 DST=35.186.224.25 PROTO=UDP SPT=59228 DPT=443 PKTS=0 BYTES=0 , REPLY: SRC=35.186.224.25 DST=176.36.141.89 PROTO=UDP SPT=443 DPT=59228 PKTS=0 BYTES=0
Nov 22 13:25:45 10.0.0.2 dnsmasq[1]: 666892 fd02:c8be:1d40:0:ed9a:a5a9:93a0:c3e8/62521 query[A] kievhacklab.slack.com from fd02:c8be:1d40:0:ed9a:a5a9:93a0:c3e8
Nov 22 13:25:45 10.0.0.2 dnsmasq[1]: 666892 fd02:c8be:1d40:0:ed9a:a5a9:93a0:c3e8/62521 forwarded kievhacklab.slack.com to 194.50.85.5
Nov 22 13:25:45 10.0.0.2 ulogd[1267]: [NEW] ORIG: SRC=176.36.141.89 DST=194.50.85.5 PROTO=UDP SPT=49449 DPT=53 PKTS=0 BYTES=0 , REPLY: SRC=194.50.85.5 DST=176.36.141.89 PROTO=UDP SPT=53 DPT=49449 PKTS=0 BYTES=0
Nov 22 13:25:45 10.0.0.2 dnsmasq[1]: 666892 fd02:c8be:1d40:0:ed9a:a5a9:93a0:c3e8/62521 reply kievhacklab.slack.com is 3.68.175.98
Nov 22 13:25:45 10.0.0.2 dnsmasq[1]: 666892 fd02:c8be:1d40:0:ed9a:a5a9:93a0:c3e8/62521 reply kievhacklab.slack.com is 3.68.170.153
Nov 22 13:25:45 10.0.0.2 dnsmasq[1]: 666892 fd02:c8be:1d40:0:ed9a:a5a9:93a0:c3e8/62521 reply kievhacklab.slack.com is 18.159.197.225
Nov 22 13:25:45 10.0.0.2 dnsmasq[1]: 666892 fd02:c8be:1d40:0:ed9a:a5a9:93a0:c3e8/62521 reply kievhacklab.slack.com is 3.68.124.168
Nov 22 13:25:45 10.0.0.2 ulogd[1267]: [NEW] ORIG: SRC=192.168.1.180 DST=3.68.175.98 PROTO=TCP SPT=61340 DPT=443 PKTS=0 BYTES=0 , REPLY: SRC=3.68.175.98 DST=176.36.141.89 PROTO=TCP SPT=443 DPT=61340 PKTS=0 BYTES=0
Nov 22 13:25:53 10.0.0.2 ulogd[1267]: [NEW] ORIG: SRC=140.179.224.136 DST=176.36.141.89 PROTO=ICMP TYPE=0 CODE=8 PKTS=0 BYTES=0 , REPLY: SRC=176.36.141.89 DST=140.179.224.136 PROTO=ICMP TYPE=0 CODE=8 PKTS=0 BYTES=0
Nov 22 13:25:57 10.0.0.2 ulogd[1267]: [DESTROY] ORIG: SRC=18.181.190.91 DST=176.36.141.89 PROTO=ICMP TYPE=0 CODE=8 PKTS=1 BYTES=36 , REPLY: SRC=176.36.141.89 DST=18.181.190.91 PROTO=ICMP TYPE=0 CODE=8 PKTS=1 BYTES=36
Nov 22 13:26:02 10.0.0.2 ulogd[1267]: [DESTROY] ORIG: SRC=176.36.141.89 DST=194.50.85.5 PROTO=UDP SPT=37939 DPT=53 PKTS=2 BYTES=126 , REPLY: SRC=194.50.85.5 DST=176.36.141.89 PROTO=UDP SPT=53 DPT=37939 PKTS=0 BYTES=0
Nov 22 13:26:04 10.0.0.2 ulogd[1267]: [DESTROY] ORIG: SRC=192.168.1.180 DST=54.196.123.38 PROTO=TCP SPT=61333 DPT=443 PKTS=15 BYTES=6313 , REPLY: SRC=54.196.123.38 DST=176.36.141.89 PROTO=TCP SPT=443 DPT=61333 PKTS=11 BYTES=9529
Nov 22 13:26:12 10.0.0.2 ulogd[1267]: [DESTROY] ORIG: SRC=176.36.141.89 DST=194.50.85.7 PROTO=UDP SPT=39020 DPT=53 PKTS=1 BYTES=67 , REPLY: SRC=194.50.85.7 DST=176.36.141.89 PROTO=UDP SPT=53 DPT=39020 PKTS=1 BYTES=115
Nov 22 13:26:13 10.0.0.2 ulogd[1267]: [NEW] ORIG: SRC=52.199.164.31 DST=176.36.141.89 PROTO=ICMP TYPE=0 CODE=8 PKTS=0 BYTES=0 , REPLY: SRC=176.36.141.89 DST=52.199.164.31 PROTO=ICMP TYPE=0 CODE=8 PKTS=0 BYTES=0
Nov 22 13:26:13 10.0.0.2 ulogd[1267]: [NEW] ORIG: SRC=18.181.207.254 DST=176.36.141.89 PROTO=ICMP TYPE=0 CODE=8 PKTS=0 BYTES=0 , REPLY: SRC=176.36.141.89 DST=18.181.207.254 PROTO=ICMP TYPE=0 CODE=8 PKTS=0 BYTES=0
Nov 22 13:26:13 10.0.0.2 ulogd[1267]: [NEW] ORIG: SRC=35.77.11.43 DST=176.36.141.89 PROTO=ICMP TYPE=0 CODE=8 PKTS=0 BYTES=0 , REPLY: SRC=176.36.141.89 DST=35.77.11.43 PROTO=ICMP TYPE=0 CODE=8 PKTS=0 BYTES=0
Nov 22 13:26:14 10.0.0.2 ulogd[1267]: [NEW] ORIG: SRC=fd02:c8be:1d40:0:ed9a:a5a9:93a0:c3e8 DST=fd02:c8be:1d40::1 PROTO=UDP SPT=56217 DPT=53 PKTS=0 BYTES=0 , REPLY: SRC=fd02:c8be:1d40::1 DST=fd02:c8be:1d40:0:ed9a:a5a9:93a0:c3e8 PROTO=UDP SPT=53 DPT=56217 PKTS=0 BYTES=0
Nov 22 13:26:14 10.0.0.2 dnsmasq[1]: 666893 fd02:c8be:1d40:0:ed9a:a5a9:93a0:c3e8/56217 query[A] wpad.lan from fd02:c8be:1d40:0:ed9a:a5a9:93a0:c3e8
Nov 22 13:26:14 10.0.0.2 ulogd[1267]: [NEW] ORIG: SRC=fd02:c8be:1d40:0:ed9a:a5a9:93a0:c3e8 DST=fd02:c8be:1d40::1 PROTO=UDP SPT=53534 DPT=53 PKTS=0 BYTES=0 , REPLY: SRC=fd02:c8be:1d40::1 DST=fd02:c8be:1d40:0:ed9a:a5a9:93a0:c3e8 PROTO=UDP SPT=53 DPT=53534 PKTS=0 BYTES=0
Nov 22 13:26:14 10.0.0.2 dnsmasq[1]: 666893 fd02:c8be:1d40:0:ed9a:a5a9:93a0:c3e8/56217 config wpad.lan is NXDOMAIN
