Nov 22 14:09:38 10.0.0.2 dnsmasq[1]: 667819 fd02:c8be:1d40:0:ed9a:a5a9:93a0:c3e8/53223 forwarded sync-v2.brave.com to 194.50.85.5
Nov 22 14:09:38 10.0.0.2 dnsmasq[1]: 667819 fd02:c8be:1d40:0:ed9a:a5a9:93a0:c3e8/53223 reply sync-v2.brave.com is <CNAME>
Nov 22 14:09:38 10.0.0.2 dnsmasq[1]: 667819 fd02:c8be:1d40:0:ed9a:a5a9:93a0:c3e8/53223 reply sync-alb-152764135.us-west-2.elb.amazonaws.com is 52.34.169.249
Nov 22 14:09:38 10.0.0.2 dnsmasq[1]: 667819 fd02:c8be:1d40:0:ed9a:a5a9:93a0:c3e8/53223 reply sync-alb-152764135.us-west-2.elb.amazonaws.com is 44.228.160.54
Nov 22 14:09:38 10.0.0.2 dnsmasq[1]: 667819 fd02:c8be:1d40:0:ed9a:a5a9:93a0:c3e8/53223 reply sync-alb-152764135.us-west-2.elb.amazonaws.com is 54.190.8.136
Nov 22 14:09:39 10.0.0.2 ulogd[1267]: [NEW] ORIG: SRC=192.168.1.180 DST=35.186.224.25 PROTO=UDP SPT=55418 DPT=443 PKTS=0 BYTES=0 , REPLY: SRC=35.186.224.25 DST=176.36.141.89 PROTO=UDP SPT=443 DPT=55418 PKTS=0 BYTES=0
Nov 22 14:09:47 10.0.0.2 ulogd[1267]: [DESTROY] ORIG: SRC=192.168.1.1 DST=192.168.1.45 PROTO=UDP SPT=35406 DPT=5353 PKTS=1 BYTES=63 , REPLY: SRC=192.168.1.45 DST=192.168.1.1 PROTO=UDP SPT=5353 DPT=35406 PKTS=0 BYTES=0
Nov 22 14:09:47 10.0.0.2 ulogd[1267]: [DESTROY] ORIG: SRC=fd02:c8be:1d40:0:ed9a:a5a9:93a0:c3e8 DST=fd02:c8be:1d40::1 PROTO=UDP SPT=52053 DPT=53 PKTS=5 BYTES=405 , REPLY: SRC=fd02:c8be:1d40::1 DST=fd02:c8be:1d40:0:ed9a:a5a9:93a0:c3e8 PROTO=UDP SPT=53 DPT=52053 PKTS=5 BYTES=574
Nov 22 14:09:47 10.0.0.2 ulogd[1267]: [DESTROY] ORIG: SRC=fd02:c8be:1d40:0:ed9a:a5a9:93a0:c3e8 DST=fd02:c8be:1d40::1 PROTO=UDP SPT=49663 DPT=53 PKTS=1 BYTES=89 , REPLY: SRC=fd02:c8be:1d40::1 DST=fd02:c8be:1d40:0:ed9a:a5a9:93a0:c3e8 PROTO=UDP SPT=53 DPT=49663 PKTS=1 BYTES=138
Nov 22 14:09:47 10.0.0.2 ulogd[1267]: [DESTROY] ORIG: SRC=176.36.141.89 DST=194.50.85.5 PROTO=UDP SPT=48002 DPT=53 PKTS=1 BYTES=63 , REPLY: SRC=194.50.85.5 DST=176.36.141.89 PROTO=UDP SPT=53 DPT=48002 PKTS=1 BYTES=158
Nov 22 14:09:47 10.0.0.2 ulogd[1267]: [DESTROY] ORIG: SRC=176.36.141.89 DST=194.50.85.7 PROTO=UDP SPT=35406 DPT=53 PKTS=1 BYTES=63 , REPLY: SRC=194.50.85.7 DST=176.36.141.89 PROTO=UDP SPT=53 DPT=35406 PKTS=1 BYTES=168
Nov 22 14:09:47 10.0.0.2 ulogd[1267]: [DESTROY] ORIG: SRC=176.36.141.89 DST=194.50.85.5 PROTO=UDP SPT=35406 DPT=53 PKTS=2 BYTES=126 , REPLY: SRC=194.50.85.5 DST=176.36.141.89 PROTO=UDP SPT=53 DPT=35406 PKTS=0 BYTES=0
Nov 22 14:09:47 10.0.0.2 ulogd[1267]: [DESTROY] ORIG: SRC=176.36.141.89 DST=194.50.85.7 PROTO=UDP SPT=48002 DPT=53 PKTS=1 BYTES=63 , REPLY: SRC=194.50.85.7 DST=176.36.141.89 PROTO=UDP SPT=53 DPT=48002 PKTS=1 BYTES=158
Nov 22 14:09:47 10.0.0.2 ulogd[1267]: [DESTROY] ORIG: SRC=fd02:c8be:1d40:0:ed9a:a5a9:93a0:c3e8 DST=fd02:c8be:1d40::1 PROTO=UDP SPT=51695 DPT=53 PKTS=3 BYTES=240 , REPLY: SRC=fd02:c8be:1d40::1 DST=fd02:c8be:1d40:0:ed9a:a5a9:93a0:c3e8 PROTO=UDP SPT=53 DPT=51695 PKTS=3 BYTES=351
Nov 22 14:09:47 10.0.0.2 ulogd[1267]: [DESTROY] ORIG: SRC=176.36.141.89 DST=194.50.85.5 PROTO=UDP SPT=38479 DPT=53 PKTS=1 BYTES=66 , REPLY: SRC=194.50.85.5 DST=176.36.141.89 PROTO=UDP SPT=53 DPT=38479 PKTS=1 BYTES=82
Nov 22 14:09:47 10.0.0.2 ulogd[1267]: [DESTROY] ORIG: SRC=192.168.1.1 DST=192.168.1.45 PROTO=UDP SPT=38515 DPT=5353 PKTS=1 BYTES=70 , REPLY: SRC=192.168.1.45 DST=192.168.1.1 PROTO=UDP SPT=5353 DPT=38515 PKTS=0 BYTES=0
Nov 22 14:09:47 10.0.0.2 ulogd[1267]: [DESTROY] ORIG: SRC=176.36.141.89 DST=194.50.85.7 PROTO=UDP SPT=38515 DPT=53 PKTS=1 BYTES=70 , REPLY: SRC=194.50.85.7 DST=176.36.141.89 PROTO=UDP SPT=53 DPT=38515 PKTS=1 BYTES=86
Nov 22 14:09:47 10.0.0.2 ulogd[1267]: [DESTROY] ORIG: SRC=192.168.1.180 DST=192.168.1.1 PROTO=UDP SPT=57680 DPT=53 PKTS=1 BYTES=61 , REPLY: SRC=192.168.1.1 DST=192.168.1.180 PROTO=UDP SPT=53 DPT=57680 PKTS=1 BYTES=151
Nov 22 14:09:47 10.0.0.2 ulogd[1267]: [DESTROY] ORIG: SRC=192.168.1.180 DST=192.168.1.1 PROTO=UDP SPT=51640 DPT=53 PKTS=1 BYTES=63 , REPLY: SRC=192.168.1.1 DST=192.168.1.180 PROTO=UDP SPT=53 DPT=51640 PKTS=1 BYTES=161
Nov 22 14:09:47 10.0.0.2 ulogd[1267]: [DESTROY] ORIG: SRC=176.36.141.89 DST=194.50.85.7 PROTO=UDP SPT=58327 DPT=53 PKTS=1 BYTES=77 , REPLY: SRC=194.50.85.7 DST=176.36.141.89 PROTO=UDP SPT=53 DPT=58327 PKTS=1 BYTES=93
Nov 22 14:09:47 10.0.0.2 ulogd[1267]: [DESTROY] ORIG: SRC=176.36.141.89 DST=194.50.85.5 PROTO=UDP SPT=38515 DPT=53 PKTS=2 BYTES=140 , REPLY: SRC=194.50.85.5 DST=176.36.141.89 PROTO=UDP SPT=53 DPT=38515 PKTS=1 BYTES=86
Nov 22 14:09:47 10.0.0.2 ulogd[1267]: [DESTROY] ORIG: SRC=192.168.1.180 DST=142.251.39.46 PROTO=UDP SPT=64518 DPT=443 PKTS=8 BYTES=2977 , REPLY: SRC=142.251.39.46 DST=176.36.141.89 PROTO=UDP SPT=443 DPT=64518 PKTS=9 BYTES=3864
Nov 22 14:09:47 10.0.0.2 ulogd[1267]: [DESTROY] ORIG: SRC=192.168.1.1 DST=192.168.1.45 PROTO=UDP SPT=38479 DPT=5353 PKTS=1 BYTES=66 , REPLY: SRC=192.168.1.45 DST=192.168.1.1 PROTO=UDP SPT=5353 DPT=38479 PKTS=0 BYTES=0
Nov 22 14:09:47 10.0.0.2 ulogd[1267]: [DESTROY] ORIG: SRC=192.168.1.180 DST=68.183.241.41 PROTO=TCP SPT=61678 DPT=443 PKTS=183 BYTES=12048 , REPLY: SRC=68.183.241.41 DST=176.36.141.89 PROTO=TCP SPT=443 DPT=61678 PKTS=188 BYTES=523916
Nov 22 14:09:47 10.0.0.2 ulogd[1267]: [DESTROY] ORIG: SRC=192.168.1.1 DST=192.168.1.45 PROTO=UDP SPT=40224 DPT=5353 PKTS=1 BYTES=69 , REPLY: SRC=192.168.1.45 DST=192.168.1.1 PROTO=UDP SPT=5353 DPT=40224 PKTS=0 BYTES=0
Nov 22 14:09:47 10.0.0.2 ulogd[1267]: [DESTROY] ORIG: SRC=fd02:c8be:1d40:0:ed9a:a5a9:93a0:c3e8 DST=fd02:c8be:1d40::1 PROTO=UDP SPT=60842 DPT=53 PKTS=1 BYTES=97 , REPLY: SRC=fd02:c8be:1d40::1 DST=fd02:c8be:1d40:0:ed9a:a5a9:93a0:c3e8 PROTO=UDP SPT=53 DPT=60842 PKTS=1 BYTES=113
Nov 22 14:09:47 10.0.0.2 ulogd[1267]: [DESTROY] ORIG: SRC=176.36.141.89 DST=194.50.85.5 PROTO=UDP SPT=56910 DPT=53 PKTS=1 BYTES=63 , REPLY: SRC=194.50.85.5 DST=176.36.141.89 PROTO=UDP SPT=53 DPT=56910 PKTS=1 BYTES=158
Nov 22 14:09:47 10.0.0.2 ulogd[1267]: [DESTROY] ORIG: SRC=192.168.1.180 DST=46.101.131.99 PROTO=TCP SPT=61682 DPT=443 PKTS=11 BYTES=2264 , REPLY: SRC=46.101.131.99 DST=176.36.141.89 PROTO=TCP SPT=443 DPT=61682 PKTS=11 BYTES=5463
Nov 22 14:09:47 10.0.0.2 ulogd[1267]: [DESTROY] ORIG: SRC=fd02:c8be:1d40:0:ed9a:a5a9:93a0:c3e8 DST=fd02:c8be:1d40::1 PROTO=UDP SPT=57680 DPT=53 PKTS=1 BYTES=81 , REPLY: SRC=fd02:c8be:1d40::1 DST=fd02:c8be:1d40:0:ed9a:a5a9:93a0:c3e8 PROTO=UDP SPT=53 DPT=57680 PKTS=1 BYTES=171
Nov 22 14:09:47 10.0.0.2 ulogd[1267]: [DESTROY] ORIG: SRC=fd02:c8be:1d40:0:ed9a:a5a9:93a0:c3e8 DST=fd02:c8be:1d40::1 PROTO=UDP SPT=53851 DPT=53 PKTS=4 BYTES=319 , REPLY: SRC=fd02:c8be:1d40::1 DST=fd02:c8be:1d40:0:ed9a:a5a9:93a0:c3e8 PROTO=UDP SPT=53 DPT=53851 PKTS=3 BYTES=360
Nov 22 14:09:47 10.0.0.2 ulogd[1267]: [DESTROY] ORIG: SRC=fd02:c8be:1d40:0:ed9a:a5a9:93a0:c3e8 DST=fd02:c8be:1d40::1 PROTO=UDP SPT=60062 DPT=53 PKTS=3 BYTES=262 , REPLY: SRC=fd02:c8be:1d40::1 DST=fd02:c8be:1d40:0:ed9a:a5a9:93a0:c3e8 PROTO=UDP SPT=53 DPT=60062 PKTS=3 BYTES=606
Nov 22 14:09:47 10.0.0.2 ulogd[1267]: [DESTROY] ORIG: SRC=192.168.1.180 DST=217.72.196.44 PROTO=TCP SPT=61676 DPT=443 PKTS=14 BYTES=3975 , REPLY: SRC=217.72.196.44 DST=176.36.141.89 PROTO=TCP SPT=443 DPT=61676 PKTS=15 BYTES=25392
Nov 22 14:09:47 10.0.0.2 ulogd[1267]: [DESTROY] ORIG: SRC=192.168.1.180 DST=192.168.1.1 PROTO=UDP SPT=60842 DPT=53 PKTS=1 BYTES=77 , REPLY: SRC=192.168.1.1 DST=192.168.1.180 PROTO=UDP SPT=53 DPT=60842 PKTS=1 BYTES=93
Nov 22 14:09:47 10.0.0.2 ulogd[1267]: [DESTROY] ORIG: SRC=176.36.141.89 DST=194.50.85.5 PROTO=UDP SPT=43197 DPT=53 PKTS=1 BYTES=83 , REPLY: SRC=194.50.85.5 DST=176.36.141.89 PROTO=UDP SPT=53 DPT=43197 PKTS=1 BYTES=99
Nov 22 14:09:47 10.0.0.2 ulogd[1267]: [DESTROY] ORIG: SRC=fd02:c8be:1d40:0:ed9a:a5a9:93a0:c3e8 DST=fd02:c8be:1d40::1 PROTO=UDP SPT=54382 DPT=53 PKTS=4 BYTES=331 , REPLY: SRC=fd02:c8be:1d40::1 DST=fd02:c8be:1d40:0:ed9a:a5a9:93a0:c3e8 PROTO=UDP SPT=53 DPT=54382 PKTS=4 BYTES=533
Nov 22 14:09:47 10.0.0.2 ulogd[1267]: [DESTROY] ORIG: SRC=176.36.141.89 DST=194.50.85.7 PROTO=UDP SPT=50702 DPT=53 PKTS=1 BYTES=55 , REPLY: SRC=194.50.85.7 DST=176.36.141.89 PROTO=UDP SPT=53 DPT=50702 PKTS=1 BYTES=119
Nov 22 14:09:47 10.0.0.2 ulogd[1267]: [DESTROY] ORIG: SRC=176.36.141.89 DST=194.50.85.7 PROTO=UDP SPT=40224 DPT=53 PKTS=1 BYTES=69 , REPLY: SRC=194.50.85.7 DST=176.36.141.89 PROTO=UDP SPT=53 DPT=40224 PKTS=1 BYTES=118
Nov 22 14:09:47 10.0.0.2 ulogd[1267]: [DESTROY] ORIG: SRC=192.168.1.1 DST=192.168.1.45 PROTO=UDP SPT=48002 DPT=5353 PKTS=1 BYTES=63 , REPLY: SRC=192.168.1.45 DST=192.168.1.1 PROTO=UDP SPT=5353 DPT=48002 PKTS=0 BYTES=0
Nov 22 14:09:47 10.0.0.2 ulogd[1267]: [DESTROY] ORIG: SRC=176.36.141.89 DST=194.50.85.5 PROTO=UDP SPT=50702 DPT=53 PKTS=1 BYTES=55 , REPLY: SRC=194.50.85.5 DST=176.36.141.89 PROTO=UDP SPT=53 DPT=50702 PKTS=1 BYTES=119
Nov 22 14:09:47 10.0.0.2 ulogd[1267]: [DESTROY] ORIG: SRC=fd02:c8be:1d40:0:ed9a:a5a9:93a0:c3e8 DST=fd02:c8be:1d40::1 PROTO=UDP SPT=58240 DPT=53 PKTS=1 BYTES=89 , REPLY: SRC=fd02:c8be:1d40::1 DST=fd02:c8be:1d40:0:ed9a:a5a9:93a0:c3e8 PROTO=UDP SPT=53 DPT=58240 PKTS=1 BYTES=187
Nov 22 14:09:47 10.0.0.2 ulogd[1267]: [DESTROY] ORIG: SRC=fd02:c8be:1d40:0:ed9a:a5a9:93a0:c3e8 DST=fd02:c8be:1d40::1 PROTO=UDP SPT=64666 DPT=53 PKTS=1 BYTES=103 , REPLY: SRC=fd02:c8be:1d40::1 DST=fd02:c8be:1d40:0:ed9a:a5a9:93a0:c3e8 PROTO=UDP SPT=53 DPT=64666 PKTS=1 BYTES=176
Nov 22 14:09:47 10.0.0.2 ulogd[1267]: [DESTROY] ORIG: SRC=176.36.141.89 DST=194.50.85.5 PROTO=UDP SPT=51203 DPT=53 PKTS=1 BYTES=61 , REPLY: SRC=194.50.85.5 DST=176.36.141.89 PROTO=UDP SPT=53 DPT=51203 PKTS=1 BYTES=151
Nov 22 14:09:47 10.0.0.2 ulogd[1267]: [DESTROY] ORIG: SRC=176.36.141.89 DST=194.50.85.5 PROTO=UDP SPT=51802 DPT=53 PKTS=1 BYTES=63 , REPLY: SRC=194.50.85.5 DST=176.36.141.89 PROTO=UDP SPT=53 DPT=51802 PKTS=1 BYTES=168
Nov 22 14:09:47 10.0.0.2 ulogd[1267]: [DESTROY] ORIG: SRC=192.168.1.1 DST=192.168.1.45 PROTO=UDP SPT=58327 DPT=5353 PKTS=1 BYTES=77 , REPLY: SRC=192.168.1.45 DST=192.168.1.1 PROTO=UDP SPT=5353 DPT=58327 PKTS=0 BYTES=0
Nov 22 14:09:47 10.0.0.2 ulogd[1267]: [DESTROY] ORIG: SRC=176.36.141.89 DST=194.50.85.7 PROTO=UDP SPT=38479 DPT=53 PKTS=1 BYTES=66 , REPLY: SRC=194.50.85.7 DST=176.36.141.89 PROTO=UDP SPT=53 DPT=38479 PKTS=1 BYTES=82
Nov 22 14:09:47 10.0.0.2 ulogd[1267]: [DESTROY] ORIG: SRC=192.168.1.180 DST=192.168.1.1 PROTO=UDP SPT=55085 DPT=53 PKTS=1 BYTES=70 , REPLY: SRC=192.168.1.1 DST=192.168.1.180 PROTO=UDP SPT=53 DPT=55085 PKTS=1 BYTES=86
Nov 22 14:09:47 10.0.0.2 ulogd[1267]: [DESTROY] ORIG: SRC=192.168.1.180 DST=35.186.224.25 PROTO=UDP SPT=64620 DPT=443 PKTS=30 BYTES=13455 , REPLY: SRC=35.186.224.25 DST=176.36.141.89 PROTO=UDP SPT=443 DPT=64620 PKTS=37 BYTES=26050
Nov 22 14:09:47 10.0.0.2 ulogd[1267]: [DESTROY] ORIG: SRC=176.36.141.89 DST=194.50.85.5 PROTO=UDP SPT=58327 DPT=53 PKTS=1 BYTES=77 , REPLY: SRC=194.50.85.5 DST=176.36.141.89 PROTO=UDP SPT=53 DPT=58327 PKTS=1 BYTES=93
Nov 22 14:09:47 10.0.0.2 ulogd[1267]: [DESTROY] ORIG: SRC=176.36.141.89 DST=194.50.85.5 PROTO=UDP SPT=59117 DPT=53 PKTS=1 BYTES=66 , REPLY: SRC=194.50.85.5 DST=176.36.141.89 PROTO=UDP SPT=53 DPT=59117 PKTS=1 BYTES=178
Nov 22 14:09:47 10.0.0.2 ulogd[1267]: [DESTROY] ORIG: SRC=192.168.1.180 DST=52.11.42.187 PROTO=TCP SPT=61679 DPT=443 PKTS=15 BYTES=4094 , REPLY: SRC=52.11.42.187 DST=176.36.141.89 PROTO=TCP SPT=443 DPT=61679 PKTS=11 BYTES=9379
Nov 22 14:09:47 10.0.0.2 ulogd[1267]: [DESTROY] ORIG: SRC=176.36.141.89 DST=194.50.85.5 PROTO=UDP SPT=55605 DPT=53 PKTS=1 BYTES=83 , REPLY: SRC=194.50.85.5 DST=176.36.141.89 PROTO=UDP SPT=53 DPT=55605 PKTS=1 BYTES=156
Nov 22 14:09:47 10.0.0.2 ulogd[1267]: [DESTROY] ORIG: SRC=176.36.141.89 DST=194.50.85.5 PROTO=UDP SPT=40224 DPT=53 PKTS=1 BYTES=69 , REPLY: SRC=194.50.85.5 DST=176.36.141.89 PROTO=UDP SPT=53 DPT=40224 PKTS=1 BYTES=118
Nov 22 14:09:47 10.0.0.2 ulogd[1267]: [DESTROY] ORIG: SRC=176.36.141.89 DST=194.50.85.5 PROTO=UDP SPT=47260 DPT=53 PKTS=1 BYTES=69 , REPLY: SRC=194.50.85.5 DST=176.36.141.89 PROTO=UDP SPT=53 DPT=47260 PKTS=1 BYTES=167
Nov 22 14:09:47 10.0.0.2 ulogd[1267]: [DESTROY] ORIG: SRC=192.168.1.180 DST=192.168.1.1 PROTO=UDP SPT=54825 DPT=53 PKTS=1 BYTES=63 , REPLY: SRC=192.168.1.1 DST=192.168.1.180 PROTO=UDP SPT=53 DPT=54825 PKTS=1 BYTES=168
Nov 22 14:09:47 10.0.0.2 ulogd[1267]: [DESTROY] ORIG: SRC=192.168.1.180 DST=192.168.1.1 PROTO=UDP SPT=58230 DPT=53 PKTS=1 BYTES=63 , REPLY: SRC=192.168.1.1 DST=192.168.1.180 PROTO=UDP SPT=53 DPT=58230 PKTS=1 BYTES=158
Nov 22 14:09:57 10.0.0.2 ulogd[1267]: [NEW] ORIG: SRC=192.168.1.151 DST=192.168.1.1 PROTO=UDP SPT=53951 DPT=53 PKTS=0 BYTES=0 , REPLY: SRC=192.168.1.1 DST=192.168.1.151 PROTO=UDP SPT=53 DPT=53951 PKTS=0 BYTES=0
Nov 22 14:09:57 10.0.0.2 dnsmasq[1]: 667820 192.168.1.151/53951 query[type=65] gateway.icloud.com from 192.168.1.151
Nov 22 14:09:57 10.0.0.2 ulogd[1267]: [NEW] ORIG: SRC=192.168.1.151 DST=192.168.1.1 PROTO=UDP SPT=54826 DPT=53 PKTS=0 BYTES=0 , REPLY: SRC=192.168.1.1 DST=192.168.1.151 PROTO=UDP SPT=53 DPT=54826 PKTS=0 BYTES=0
Nov 22 14:09:57 10.0.0.2 dnsmasq[1]: 667820 192.168.1.151/53951 forwarded gateway.icloud.com to 192.168.1.45
Nov 22 14:09:57 10.0.0.2 ulogd[1267]: [NEW] ORIG: SRC=192.168.1.1 DST=192.168.1.45 PROTO=UDP SPT=35807 DPT=5353 PKTS=0 BYTES=0 , REPLY: SRC=192.168.1.45 DST=192.168.1.1 PROTO=UDP SPT=5353 DPT=35807 PKTS=0 BYTES=0
Nov 22 14:09:57 10.0.0.2 dnsmasq[1]: 667820 192.168.1.151/53951 forwarded gateway.icloud.com to 194.50.85.5
Nov 22 14:09:57 10.0.0.2 ulogd[1267]: [NEW] ORIG: SRC=176.36.141.89 DST=194.50.85.5 PROTO=UDP SPT=35807 DPT=53 PKTS=0 BYTES=0 , REPLY: SRC=194.50.85.5 DST=176.36.141.89 PROTO=UDP SPT=53 DPT=35807 PKTS=0 BYTES=0
Nov 22 14:09:57 10.0.0.2 dnsmasq[1]: 667820 192.168.1.151/53951 forwarded gateway.icloud.com to 194.50.85.7
Nov 22 14:09:57 10.0.0.2 dnsmasq[1]: 667820 192.168.1.151/53951 reply gateway.icloud.com is <CNAME>
Nov 22 14:09:57 10.0.0.2 dnsmasq[1]: 667820 192.168.1.151/53951 reply gateway.fe.apple-dns.net is NODATA
Nov 22 14:09:57 10.0.0.2 ulogd[1267]: [NEW] ORIG: SRC=176.36.141.89 DST=194.50.85.7 PROTO=UDP SPT=35807 DPT=53 PKTS=0 BYTES=0 , REPLY: SRC=194.50.85.7 DST=176.36.141.89 PROTO=UDP SPT=53 DPT=35807 PKTS=0 BYTES=0
Nov 22 14:09:57 10.0.0.2 dnsmasq[1]: 667821 192.168.1.151/54826 query[A] gateway.icloud.com from 192.168.1.151
Nov 22 14:09:57 10.0.0.2 dnsmasq[1]: 667821 192.168.1.151/54826 forwarded gateway.icloud.com to 194.50.85.5
Nov 22 14:09:57 10.0.0.2 ulogd[1267]: [NEW] ORIG: SRC=176.36.141.89 DST=194.50.85.5 PROTO=UDP SPT=55031 DPT=53 PKTS=0 BYTES=0 , REPLY: SRC=194.50.85.5 DST=176.36.141.89 PROTO=UDP SPT=53 DPT=55031 PKTS=0 BYTES=0
Nov 22 14:09:57 10.0.0.2 dnsmasq[1]: 667821 192.168.1.151/54826 reply gateway.icloud.com is <CNAME>
Nov 22 14:09:57 10.0.0.2 dnsmasq[1]: 667821 192.168.1.151/54826 reply gateway.fe.apple-dns.net is 17.248.213.65
Nov 22 14:09:57 10.0.0.2 dnsmasq[1]: 667821 192.168.1.151/54826 reply gateway.fe.apple-dns.net is 17.248.213.70
Nov 22 14:09:57 10.0.0.2 dnsmasq[1]: 667821 192.168.1.151/54826 reply gateway.fe.apple-dns.net is 17.248.213.67
Nov 22 14:09:57 10.0.0.2 dnsmasq[1]: 667821 192.168.1.151/54826 reply gateway.fe.apple-dns.net is 17.248.213.71
Nov 22 14:09:57 10.0.0.2 dnsmasq[1]: 667821 192.168.1.151/54826 reply gateway.fe.apple-dns.net is 17.248.213.66
Nov 22 14:09:57 10.0.0.2 dnsmasq[1]: 667821 192.168.1.151/54826 reply gateway.fe.apple-dns.net is 17.248.213.69
Nov 22 14:09:57 10.0.0.2 dnsmasq[1]: 667821 192.168.1.151/54826 reply gateway.fe.apple-dns.net is 17.248.213.68
Nov 22 14:09:57 10.0.0.2 dnsmasq[1]: 667821 192.168.1.151/54826 reply gateway.fe.apple-dns.net is 17.248.213.64
Nov 22 14:09:58 10.0.0.2 ulogd[1267]: [NEW] ORIG: SRC=192.168.1.151 DST=192.168.1.1 PROTO=UDP SPT=63055 DPT=53 PKTS=0 BYTES=0 , REPLY: SRC=192.168.1.1 DST=192.168.1.151 PROTO=UDP SPT=53 DPT=63055 PKTS=0 BYTES=0
Nov 22 14:09:58 10.0.0.2 dnsmasq[1]: 667822 192.168.1.151/63055 query[type=65] gateway.fe.apple-dns.net from 192.168.1.151
Nov 22 14:09:58 10.0.0.2 ulogd[1267]: [NEW] ORIG: SRC=176.36.141.89 DST=194.50.85.5 PROTO=UDP SPT=56186 DPT=53 PKTS=0 BYTES=0 , REPLY: SRC=194.50.85.5 DST=176.36.141.89 PROTO=UDP SPT=53 DPT=56186 PKTS=0 BYTES=0
Nov 22 14:09:58 10.0.0.2 dnsmasq[1]: 667822 192.168.1.151/63055 forwarded gateway.fe.apple-dns.net to 194.50.85.5
Nov 22 14:09:58 10.0.0.2 dnsmasq[1]: 667822 192.168.1.151/63055 reply gateway.fe.apple-dns.net is NODATA
Nov 22 14:09:58 10.0.0.2 ulogd[1267]: [NEW] ORIG: SRC=192.168.1.151 DST=17.248.213.70 PROTO=TCP SPT=56468 DPT=443 PKTS=0 BYTES=0 , REPLY: SRC=17.248.213.70 DST=176.36.141.89 PROTO=TCP SPT=443 DPT=56468 PKTS=0 BYTES=0
Nov 22 14:10:04 10.0.0.2 dnsmasq[1]: 667823 fd02:c8be:1d40:0:ed9a:a5a9:93a0:c3e8/53223 query[A] event.shelljacket.us from fd02:c8be:1d40:0:ed9a:a5a9:93a0:c3e8
Nov 22 14:10:04 10.0.0.2 ulogd[1267]: [NEW] ORIG: SRC=176.36.141.89 DST=194.50.85.5 PROTO=UDP SPT=52695 DPT=53 PKTS=0 BYTES=0 , REPLY: SRC=194.50.85.5 DST=176.36.141.89 PROTO=UDP SPT=53 DPT=52695 PKTS=0 BYTES=0
Nov 22 14:10:04 10.0.0.2 dnsmasq[1]: 667823 fd02:c8be:1d40:0:ed9a:a5a9:93a0:c3e8/53223 forwarded event.shelljacket.us to 194.50.85.5
Nov 22 14:10:04 10.0.0.2 ulogd[1267]: [NEW] ORIG: SRC=192.168.1.180 DST=192.168.1.1 PROTO=UDP SPT=53223 DPT=53 PKTS=0 BYTES=0 , REPLY: SRC=192.168.1.1 DST=192.168.1.180 PROTO=UDP SPT=53 DPT=53223 PKTS=0 BYTES=0
Nov 22 14:10:04 10.0.0.2 dnsmasq[1]: 667824 192.168.1.180/53223 query[A] event.shelljacket.us from 192.168.1.180
Nov 22 14:10:04 10.0.0.2 dnsmasq[1]: 667823 fd02:c8be:1d40:0:ed9a:a5a9:93a0:c3e8/53223 reply event.shelljacket.us is 159.89.27.102
Nov 22 14:10:04 10.0.0.2 dnsmasq[1]: 667823 fd02:c8be:1d40:0:ed9a:a5a9:93a0:c3e8/53223 reply event.shelljacket.us is 138.68.92.190
Nov 22 14:10:04 10.0.0.2 dnsmasq[1]: 667823 fd02:c8be:1d40:0:ed9a:a5a9:93a0:c3e8/53223 reply event.shelljacket.us is 46.101.131.214
Nov 22 14:10:04 10.0.0.2 dnsmasq[1]: 667823 fd02:c8be:1d40:0:ed9a:a5a9:93a0:c3e8/53223 reply event.shelljacket.us is 138.68.101.1
Nov 22 14:10:04 10.0.0.2 dnsmasq[1]: 667823 fd02:c8be:1d40:0:ed9a:a5a9:93a0:c3e8/53223 reply event.shelljacket.us is 46.101.131.99
Nov 22 14:10:04 10.0.0.2 dnsmasq[1]: 667823 fd02:c8be:1d40:0:ed9a:a5a9:93a0:c3e8/53223 reply event.shelljacket.us is 138.68.77.102
Nov 22 14:10:04 10.0.0.2 dnsmasq[1]: 667823 fd02:c8be:1d40:0:ed9a:a5a9:93a0:c3e8/53223 reply event.shelljacket.us is 159.89.100.215
Nov 22 14:10:04 10.0.0.2 dnsmasq[1]: 667824 192.168.1.180/53223 reply query is duplicate
Nov 22 14:10:04 10.0.0.2 ulogd[1267]: [NEW] ORIG: SRC=192.168.1.180 DST=159.89.27.102 PROTO=TCP SPT=61684 DPT=443 PKTS=0 BYTES=0 , REPLY: SRC=159.89.27.102 DST=176.36.141.89 PROTO=TCP SPT=443 DPT=61684 PKTS=0 BYTES=0
Nov 22 14:10:08 10.0.0.2 dnsmasq[1]: 667825 fd02:c8be:1d40:0:ed9a:a5a9:93a0:c3e8/49606 query[A] matrix-client.matrix.org from fd02:c8be:1d40:0:ed9a:a5a9:93a0:c3e8
Nov 22 14:10:08 10.0.0.2 ulogd[1267]: [NEW] ORIG: SRC=fd02:c8be:1d40:0:ed9a:a5a9:93a0:c3e8 DST=fd02:c8be:1d40::1 PROTO=UDP SPT=49606 DPT=53 PKTS=0 BYTES=0 , REPLY: SRC=fd02:c8be:1d40::1 DST=fd02:c8be:1d40:0:ed9a:a5a9:93a0:c3e8 PROTO=UDP SPT=53 DPT=49606 PKTS=0 BYTES=0
Nov 22 14:10:08 10.0.0.2 ulogd[1267]: [NEW] ORIG: SRC=176.36.141.89 DST=194.50.85.5 PROTO=UDP SPT=56361 DPT=53 PKTS=0 BYTES=0 , REPLY: SRC=194.50.85.5 DST=176.36.141.89 PROTO=UDP SPT=53 DPT=56361 PKTS=0 BYTES=0
Nov 22 14:10:08 10.0.0.2 dnsmasq[1]: 667825 fd02:c8be:1d40:0:ed9a:a5a9:93a0:c3e8/49606 forwarded matrix-client.matrix.org to 194.50.85.5
Nov 22 14:10:08 10.0.0.2 dnsmasq[1]: 667825 fd02:c8be:1d40:0:ed9a:a5a9:93a0:c3e8/49606 reply matrix-client.matrix.org is 104.20.201.37
Nov 22 14:10:08 10.0.0.2 dnsmasq[1]: 667825 fd02:c8be:1d40:0:ed9a:a5a9:93a0:c3e8/49606 reply matrix-client.matrix.org is 172.67.19.90
Nov 22 14:10:08 10.0.0.2 dnsmasq[1]: 667825 fd02:c8be:1d40:0:ed9a:a5a9:93a0:c3e8/49606 reply matrix-client.matrix.org is 104.20.200.37
Nov 22 14:10:19 10.0.0.2 ulogd[1267]: [NEW] ORIG: SRC=fd02:c8be:1d40:0:ed9a:a5a9:93a0:c3e8 DST=fd02:c8be:1d40::1 PROTO=UDP SPT=59595 DPT=53 PKTS=0 BYTES=0 , REPLY: SRC=fd02:c8be:1d40::1 DST=fd02:c8be:1d40:0:ed9a:a5a9:93a0:c3e8 PROTO=UDP SPT=53 DPT=59595 PKTS=0 BYTES=0
Nov 22 14:10:19 10.0.0.2 dnsmasq[1]: 667826 fd02:c8be:1d40:0:ed9a:a5a9:93a0:c3e8/59595 query[A] spclient.wg.spotify.com from fd02:c8be:1d40:0:ed9a:a5a9:93a0:c3e8
Nov 22 14:10:19 10.0.0.2 dnsmasq[1]: 667826 fd02:c8be:1d40:0:ed9a:a5a9:93a0:c3e8/59595 cached spclient.wg.spotify.com is <CNAME>
Nov 22 14:10:19 10.0.0.2 dnsmasq[1]: 667826 fd02:c8be:1d40:0:ed9a:a5a9:93a0:c3e8/59595 forwarded spclient.wg.spotify.com to 192.168.1.45
Nov 22 14:10:19 10.0.0.2 ulogd[1267]: [NEW] ORIG: SRC=192.168.1.1 DST=192.168.1.45 PROTO=UDP SPT=33173 DPT=5353 PKTS=0 BYTES=0 , REPLY: SRC=192.168.1.45 DST=192.168.1.1 PROTO=UDP SPT=5353 DPT=33173 PKTS=0 BYTES=0
Nov 22 14:10:19 10.0.0.2 dnsmasq[1]: 667826 fd02:c8be:1d40:0:ed9a:a5a9:93a0:c3e8/59595 forwarded spclient.wg.spotify.com to 194.50.85.5
Nov 22 14:10:19 10.0.0.2 ulogd[1267]: [NEW] ORIG: SRC=176.36.141.89 DST=194.50.85.5 PROTO=UDP SPT=33173 DPT=53 PKTS=0 BYTES=0 , REPLY: SRC=194.50.85.5 DST=176.36.141.89 PROTO=UDP SPT=53 DPT=33173 PKTS=0 BYTES=0
Nov 22 14:10:19 10.0.0.2 dnsmasq[1]: 667826 fd02:c8be:1d40:0:ed9a:a5a9:93a0:c3e8/59595 forwarded spclient.wg.spotify.com to 194.50.85.7
Nov 22 14:10:19 10.0.0.2 ulogd[1267]: [NEW] ORIG: SRC=176.36.141.89 DST=194.50.85.7 PROTO=UDP SPT=33173 DPT=53 PKTS=0 BYTES=0 , REPLY: SRC=194.50.85.7 DST=176.36.141.89 PROTO=UDP SPT=53 DPT=33173 PKTS=0 BYTES=0
Nov 22 14:10:19 10.0.0.2 ulogd[1267]: [NEW] ORIG: SRC=fd02:c8be:1d40:0:ed9a:a5a9:93a0:c3e8 DST=fd02:c8be:1d40::1 PROTO=UDP SPT=61927 DPT=53 PKTS=0 BYTES=0 , REPLY: SRC=fd02:c8be:1d40::1 DST=fd02:c8be:1d40:0:ed9a:a5a9:93a0:c3e8 PROTO=UDP SPT=53 DPT=61927 PKTS=0 BYTES=0
Nov 22 14:10:19 10.0.0.2 dnsmasq[1]: 667826 fd02:c8be:1d40:0:ed9a:a5a9:93a0:c3e8/59595 reply spclient.wg.spotify.com is <CNAME>
Nov 22 14:10:19 10.0.0.2 dnsmasq[1]: 667826 fd02:c8be:1d40:0:ed9a:a5a9:93a0:c3e8/59595 reply edge-web.dual-gslb.spotify.com is 35.186.224.25
Nov 22 14:10:19 10.0.0.2 dnsmasq[1]: 667827 fd02:c8be:1d40:0:ed9a:a5a9:93a0:c3e8/61927 query[type=65] spclient.wg.spotify.com from fd02:c8be:1d40:0:ed9a:a5a9:93a0:c3e8
Nov 22 14:10:19 10.0.0.2 dnsmasq[1]: 667827 fd02:c8be:1d40:0:ed9a:a5a9:93a0:c3e8/61927 cached spclient.wg.spotify.com is <CNAME>
Nov 22 14:10:19 10.0.0.2 dnsmasq[1]: 667827 fd02:c8be:1d40:0:ed9a:a5a9:93a0:c3e8/61927 forwarded spclient.wg.spotify.com to 194.50.85.5
Nov 22 14:10:19 10.0.0.2 ulogd[1267]: [NEW] ORIG: SRC=176.36.141.89 DST=194.50.85.5 PROTO=UDP SPT=48221 DPT=53 PKTS=0 BYTES=0 , REPLY: SRC=194.50.85.5 DST=176.36.141.89 PROTO=UDP SPT=53 DPT=48221 PKTS=0 BYTES=0
Nov 22 14:10:19 10.0.0.2 dnsmasq[1]: 667827 fd02:c8be:1d40:0:ed9a:a5a9:93a0:c3e8/61927 reply spclient.wg.spotify.com is <CNAME>
Nov 22 14:10:19 10.0.0.2 dnsmasq[1]: 667827 fd02:c8be:1d40:0:ed9a:a5a9:93a0:c3e8/61927 reply edge-web.dual-gslb.spotify.com is NODATA
Nov 22 14:10:19 10.0.0.2 ulogd[1267]: [NEW] ORIG: SRC=192.168.1.180 DST=35.186.224.25 PROTO=UDP SPT=52993 DPT=443 PKTS=0 BYTES=0 , REPLY: SRC=35.186.224.25 DST=176.36.141.89 PROTO=UDP SPT=443 DPT=52993 PKTS=0 BYTES=0
Nov 22 14:10:22 10.0.0.2 ulogd[1267]: [NEW] ORIG: SRC=192.168.1.151 DST=192.168.1.1 PROTO=UDP SPT=57758 DPT=53 PKTS=0 BYTES=0 , REPLY: SRC=192.168.1.1 DST=192.168.1.151 PROTO=UDP SPT=53 DPT=57758 PKTS=0 BYTES=0
Nov 22 14:10:22 10.0.0.2 ulogd[1267]: [NEW] ORIG: SRC=192.168.1.151 DST=192.168.1.1 PROTO=UDP SPT=52934 DPT=53 PKTS=0 BYTES=0 , REPLY: SRC=192.168.1.1 DST=192.168.1.151 PROTO=UDP SPT=53 DPT=52934 PKTS=0 BYTES=0
Nov 22 14:10:22 10.0.0.2 dnsmasq[1]: 667828 192.168.1.151/57758 query[type=65] valid.apple.com from 192.168.1.151
Nov 22 14:10:22 10.0.0.2 ulogd[1267]: [NEW] ORIG: SRC=176.36.141.89 DST=194.50.85.5 PROTO=UDP SPT=53233 DPT=53 PKTS=0 BYTES=0 , REPLY: SRC=194.50.85.5 DST=176.36.141.89 PROTO=UDP SPT=53 DPT=53233 PKTS=0 BYTES=0
Nov 22 14:10:22 10.0.0.2 dnsmasq[1]: 667828 192.168.1.151/57758 forwarded valid.apple.com to 194.50.85.5
Nov 22 14:10:22 10.0.0.2 dnsmasq[1]: 667828 192.168.1.151/57758 reply valid.apple.com is <CNAME>
Nov 22 14:10:22 10.0.0.2 dnsmasq[1]: 667828 192.168.1.151/57758 reply valid.origin-apple.com.akadns.net is <CNAME>
Nov 22 14:10:22 10.0.0.2 dnsmasq[1]: 667828 192.168.1.151/57758 reply valid-apple.g.aaplimg.com is NODATA
Nov 22 14:10:22 10.0.0.2 dnsmasq[1]: 667829 192.168.1.151/52934 query[A] valid.apple.com from 192.168.1.151
Nov 22 14:10:22 10.0.0.2 ulogd[1267]: [NEW] ORIG: SRC=176.36.141.89 DST=194.50.85.5 PROTO=UDP SPT=54228 DPT=53 PKTS=0 BYTES=0 , REPLY: SRC=194.50.85.5 DST=176.36.141.89 PROTO=UDP SPT=53 DPT=54228 PKTS=0 BYTES=0
Nov 22 14:10:22 10.0.0.2 dnsmasq[1]: 667829 192.168.1.151/52934 forwarded valid.apple.com to 194.50.85.5
Nov 22 14:10:22 10.0.0.2 dnsmasq[1]: 667829 192.168.1.151/52934 reply valid.apple.com is <CNAME>
Nov 22 14:10:22 10.0.0.2 dnsmasq[1]: 667829 192.168.1.151/52934 reply valid.origin-apple.com.akadns.net is <CNAME>
Nov 22 14:10:22 10.0.0.2 dnsmasq[1]: 667829 192.168.1.151/52934 reply valid-apple.g.aaplimg.com is 17.253.73.205
Nov 22 14:10:22 10.0.0.2 dnsmasq[1]: 667829 192.168.1.151/52934 reply valid-apple.g.aaplimg.com is 17.253.73.204
Nov 22 14:10:22 10.0.0.2 dnsmasq[1]: 667830 192.168.1.151/52871 query[type=65] valid-apple.g.aaplimg.com from 192.168.1.151
Nov 22 14:10:22 10.0.0.2 ulogd[1267]: [NEW] ORIG: SRC=192.168.1.151 DST=192.168.1.1 PROTO=UDP SPT=52871 DPT=53 PKTS=0 BYTES=0 , REPLY: SRC=192.168.1.1 DST=192.168.1.151 PROTO=UDP SPT=53 DPT=52871 PKTS=0 BYTES=0
Nov 22 14:10:22 10.0.0.2 ulogd[1267]: [NEW] ORIG: SRC=176.36.141.89 DST=194.50.85.5 PROTO=UDP SPT=49312 DPT=53 PKTS=0 BYTES=0 , REPLY: SRC=194.50.85.5 DST=176.36.141.89 PROTO=UDP SPT=53 DPT=49312 PKTS=0 BYTES=0
Nov 22 14:10:22 10.0.0.2 dnsmasq[1]: 667830 192.168.1.151/52871 forwarded valid-apple.g.aaplimg.com to 194.50.85.5
Nov 22 14:10:22 10.0.0.2 dnsmasq[1]: 667830 192.168.1.151/52871 reply valid-apple.g.aaplimg.com is NODATA
Nov 22 14:10:22 10.0.0.2 ulogd[1267]: [NEW] ORIG: SRC=192.168.1.151 DST=17.253.73.204 PROTO=TCP SPT=56469 DPT=443 PKTS=0 BYTES=0 , REPLY: SRC=17.253.73.204 DST=176.36.141.89 PROTO=TCP SPT=443 DPT=56469 PKTS=0 BYTES=0
Nov 22 14:10:23 10.0.0.2 dnsmasq[1]: 667831 fd02:c8be:1d40:0:ed9a:a5a9:93a0:c3e8/49606 query[A] translate.google.com from fd02:c8be:1d40:0:ed9a:a5a9:93a0:c3e8
Nov 22 14:10:23 10.0.0.2 dnsmasq[1]: 667831 fd02:c8be:1d40:0:ed9a:a5a9:93a0:c3e8/49606 forwarded translate.google.com to 194.50.85.5
Nov 22 14:10:23 10.0.0.2 dnsmasq[1]: 667831 fd02:c8be:1d40:0:ed9a:a5a9:93a0:c3e8/49606 reply translate.google.com is <CNAME>
Nov 22 14:10:23 10.0.0.2 ulogd[1267]: [NEW] ORIG: SRC=176.36.141.89 DST=194.50.85.5 PROTO=UDP SPT=47706 DPT=53 PKTS=0 BYTES=0 , REPLY: SRC=194.50.85.5 DST=176.36.141.89 PROTO=UDP SPT=53 DPT=47706 PKTS=0 BYTES=0
Nov 22 14:10:23 10.0.0.2 dnsmasq[1]: 667831 fd02:c8be:1d40:0:ed9a:a5a9:93a0:c3e8/49606 reply www3.l.google.com is 142.251.39.46
Nov 22 14:10:23 10.0.0.2 ulogd[1267]: [NEW] ORIG: SRC=192.168.1.180 DST=142.251.39.46 PROTO=UDP SPT=59409 DPT=443 PKTS=0 BYTES=0 , REPLY: SRC=142.251.39.46 DST=176.36.141.89 PROTO=UDP SPT=443 DPT=59409 PKTS=0 BYTES=0
Nov 22 14:10:25 10.0.0.2 dnsmasq[1]: 667832 fd02:c8be:1d40:0:ed9a:a5a9:93a0:c3e8/49606 query[A] kievhacklab.slack.com from fd02:c8be:1d40:0:ed9a:a5a9:93a0:c3e8
Nov 22 14:10:25 10.0.0.2 dnsmasq[1]: 667832 fd02:c8be:1d40:0:ed9a:a5a9:93a0:c3e8/49606 forwarded kievhacklab.slack.com to 194.50.85.5
Nov 22 14:10:25 10.0.0.2 ulogd[1267]: [NEW] ORIG: SRC=176.36.141.89 DST=194.50.85.5 PROTO=UDP SPT=40082 DPT=53 PKTS=0 BYTES=0 , REPLY: SRC=194.50.85.5 DST=176.36.141.89 PROTO=UDP SPT=53 DPT=40082 PKTS=0 BYTES=0
Nov 22 14:10:25 10.0.0.2 ulogd[1267]: [NEW] ORIG: SRC=192.168.1.180 DST=192.168.1.1 PROTO=UDP SPT=49606 DPT=53 PKTS=0 BYTES=0 , REPLY: SRC=192.168.1.1 DST=192.168.1.180 PROTO=UDP SPT=53 DPT=49606 PKTS=0 BYTES=0
Nov 22 14:10:25 10.0.0.2 dnsmasq[1]: 667833 192.168.1.180/49606 query[A] kievhacklab.slack.com from 192.168.1.180
Nov 22 14:10:25 10.0.0.2 dnsmasq[1]: 667832 fd02:c8be:1d40:0:ed9a:a5a9:93a0:c3e8/49606 reply kievhacklab.slack.com is 18.159.197.225
Nov 22 14:10:25 10.0.0.2 dnsmasq[1]: 667832 fd02:c8be:1d40:0:ed9a:a5a9:93a0:c3e8/49606 reply kievhacklab.slack.com is 3.68.175.98
Nov 22 14:10:25 10.0.0.2 dnsmasq[1]: 667832 fd02:c8be:1d40:0:ed9a:a5a9:93a0:c3e8/49606 reply kievhacklab.slack.com is 3.68.124.168
Nov 22 14:10:25 10.0.0.2 dnsmasq[1]: 667832 fd02:c8be:1d40:0:ed9a:a5a9:93a0:c3e8/49606 reply kievhacklab.slack.com is 3.68.170.153
Nov 22 14:10:25 10.0.0.2 dnsmasq[1]: 667833 192.168.1.180/49606 reply query is duplicate
Nov 22 14:10:25 10.0.0.2 ulogd[1267]: [NEW] ORIG: SRC=192.168.1.180 DST=18.159.197.225 PROTO=TCP SPT=61685 DPT=443 PKTS=0 BYTES=0 , REPLY: SRC=18.159.197.225 DST=176.36.141.89 PROTO=TCP SPT=443 DPT=61685 PKTS=0 BYTES=0
Nov 22 14:10:27 10.0.0.2 dnsmasq[1]: 667834 192.168.1.45/48233 query[AAAA] raw.githubusercontent.com from 192.168.1.45
Nov 22 14:10:27 10.0.0.2 ulogd[1267]: [NEW] ORIG: SRC=192.168.1.45 DST=192.168.1.1 PROTO=UDP SPT=48233 DPT=53 PKTS=0 BYTES=0 , REPLY: SRC=192.168.1.1 DST=192.168.1.45 PROTO=UDP SPT=53 DPT=48233 PKTS=0 BYTES=0
Nov 22 14:10:27 10.0.0.2 ulogd[1267]: [NEW] ORIG: SRC=192.168.1.45 DST=192.168.1.1 PROTO=UDP SPT=36270 DPT=53 PKTS=0 BYTES=0 , REPLY: SRC=192.168.1.1 DST=192.168.1.45 PROTO=UDP SPT=53 DPT=36270 PKTS=0 BYTES=0
Nov 22 14:10:27 10.0.0.2 dnsmasq[1]: 667834 192.168.1.45/48233 forwarded raw.githubusercontent.com to 194.50.85.5
Nov 22 14:10:27 10.0.0.2 ulogd[1267]: [NEW] ORIG: SRC=176.36.141.89 DST=194.50.85.5 PROTO=UDP SPT=38385 DPT=53 PKTS=0 BYTES=0 , REPLY: SRC=194.50.85.5 DST=176.36.141.89 PROTO=UDP SPT=53 DPT=38385 PKTS=0 BYTES=0
Nov 22 14:10:27 10.0.0.2 dnsmasq[1]: 667835 192.168.1.45/36270 query[A] raw.githubusercontent.com from 192.168.1.45
Nov 22 14:10:28 10.0.0.2 ulogd[1267]: [NEW] ORIG: SRC=176.36.141.89 DST=194.50.85.5 PROTO=UDP SPT=50633 DPT=53 PKTS=0 BYTES=0 , REPLY: SRC=194.50.85.5 DST=176.36.141.89 PROTO=UDP SPT=53 DPT=50633 PKTS=0 BYTES=0
Nov 22 14:10:28 10.0.0.2 dnsmasq[1]: 667835 192.168.1.45/36270 forwarded raw.githubusercontent.com to 194.50.85.5
Nov 22 14:10:28 10.0.0.2 dnsmasq[1]: 667834 192.168.1.45/48233 reply raw.githubusercontent.com is 2606:50c0:8000::154
Nov 22 14:10:28 10.0.0.2 dnsmasq[1]: 667834 192.168.1.45/48233 reply raw.githubusercontent.com is 2606:50c0:8003::154
Nov 22 14:10:28 10.0.0.2 dnsmasq[1]: 667834 192.168.1.45/48233 reply raw.githubusercontent.com is 2606:50c0:8001::154
Nov 22 14:10:28 10.0.0.2 dnsmasq[1]: 667834 192.168.1.45/48233 reply raw.githubusercontent.com is 2606:50c0:8002::154
Nov 22 14:10:28 10.0.0.2 dnsmasq[1]: 667835 192.168.1.45/36270 reply raw.githubusercontent.com is 185.199.110.133
Nov 22 14:10:28 10.0.0.2 dnsmasq[1]: 667835 192.168.1.45/36270 reply raw.githubusercontent.com is 185.199.111.133
Nov 22 14:10:28 10.0.0.2 dnsmasq[1]: 667835 192.168.1.45/36270 reply raw.githubusercontent.com is 185.199.109.133
Nov 22 14:10:28 10.0.0.2 dnsmasq[1]: 667835 192.168.1.45/36270 reply raw.githubusercontent.com is 185.199.108.133
Nov 22 14:10:28 10.0.0.2 ulogd[1267]: [NEW] ORIG: SRC=192.168.1.45 DST=185.199.110.133 PROTO=TCP SPT=60204 DPT=443 PKTS=0 BYTES=0 , REPLY: SRC=185.199.110.133 DST=176.36.141.89 PROTO=TCP SPT=443 DPT=60204 PKTS=0 BYTES=0
Nov 22 14:10:28 10.0.0.2 ulogd[1267]: [NEW] ORIG: SRC=192.168.1.45 DST=192.168.1.1 PROTO=UDP SPT=49799 DPT=53 PKTS=0 BYTES=0 , REPLY: SRC=192.168.1.1 DST=192.168.1.45 PROTO=UDP SPT=53 DPT=49799 PKTS=0 BYTES=0
Nov 22 14:10:28 10.0.0.2 dnsmasq[1]: 667836 192.168.1.45/49799 query[AAAA] grafana.com from 192.168.1.45
Nov 22 14:10:28 10.0.0.2 ulogd[1267]: [NEW] ORIG: SRC=192.168.1.45 DST=192.168.1.1 PROTO=UDP SPT=54178 DPT=53 PKTS=0 BYTES=0 , REPLY: SRC=192.168.1.1 DST=192.168.1.45 PROTO=UDP SPT=53 DPT=54178 PKTS=0 BYTES=0
Nov 22 14:10:28 10.0.0.2 ulogd[1267]: [NEW] ORIG: SRC=176.36.141.89 DST=194.50.85.5 PROTO=UDP SPT=37574 DPT=53 PKTS=0 BYTES=0 , REPLY: SRC=194.50.85.5 DST=176.36.141.89 PROTO=UDP SPT=53 DPT=37574 PKTS=0 BYTES=0
Nov 22 14:10:28 10.0.0.2 dnsmasq[1]: 667836 192.168.1.45/49799 forwarded grafana.com to 194.50.85.5
Nov 22 14:10:28 10.0.0.2 dnsmasq[1]: 667836 192.168.1.45/49799 reply grafana.com is 2600:1901:0:b3ea::
Nov 22 14:10:28 10.0.0.2 dnsmasq[1]: 667837 192.168.1.45/54178 query[A] grafana.com from 192.168.1.45
Nov 22 14:10:28 10.0.0.2 ulogd[1267]: [NEW] ORIG: SRC=176.36.141.89 DST=194.50.85.5 PROTO=UDP SPT=54738 DPT=53 PKTS=0 BYTES=0 , REPLY: SRC=194.50.85.5 DST=176.36.141.89 PROTO=UDP SPT=53 DPT=54738 PKTS=0 BYTES=0
Nov 22 14:10:28 10.0.0.2 dnsmasq[1]: 667837 192.168.1.45/54178 forwarded grafana.com to 194.50.85.5
Nov 22 14:10:28 10.0.0.2 dnsmasq[1]: 667837 192.168.1.45/54178 reply grafana.com is 34.120.177.193
Nov 22 14:10:28 10.0.0.2 ulogd[1267]: [NEW] ORIG: SRC=192.168.1.45 DST=34.120.177.193 PROTO=TCP SPT=42274 DPT=443 PKTS=0 BYTES=0 , REPLY: SRC=34.120.177.193 DST=176.36.141.89 PROTO=TCP SPT=443 DPT=42274 PKTS=0 BYTES=0
Nov 22 14:10:39 10.0.0.2 ulogd[1267]: [NEW] ORIG: SRC=fd02:c8be:1d40:0:ed9a:a5a9:93a0:c3e8 DST=fd02:c8be:1d40::1 PROTO=UDP SPT=60926 DPT=53 PKTS=0 BYTES=0 , REPLY: SRC=fd02:c8be:1d40::1 DST=fd02:c8be:1d40:0:ed9a:a5a9:93a0:c3e8 PROTO=UDP SPT=53 DPT=60926 PKTS=0 BYTES=0
Nov 22 14:10:39 10.0.0.2 dnsmasq[1]: 667838 fd02:c8be:1d40:0:ed9a:a5a9:93a0:c3e8/60926 query[A] sync-v2.brave.com from fd02:c8be:1d40:0:ed9a:a5a9:93a0:c3e8
Nov 22 14:10:39 10.0.0.2 ulogd[1267]: [NEW] ORIG: SRC=176.36.141.89 DST=194.50.85.5 PROTO=UDP SPT=57127 DPT=53 PKTS=0 BYTES=0 , REPLY: SRC=194.50.85.5 DST=176.36.141.89 PROTO=UDP SPT=53 DPT=57127 PKTS=0 BYTES=0
Nov 22 14:10:39 10.0.0.2 dnsmasq[1]: 667838 fd02:c8be:1d40:0:ed9a:a5a9:93a0:c3e8/60926 forwarded sync-v2.brave.com to 194.50.85.5
Nov 22 14:10:39 10.0.0.2 dnsmasq[1]: 667838 fd02:c8be:1d40:0:ed9a:a5a9:93a0:c3e8/60926 reply sync-v2.brave.com is <CNAME>
Nov 22 14:10:39 10.0.0.2 dnsmasq[1]: 667838 fd02:c8be:1d40:0:ed9a:a5a9:93a0:c3e8/60926 reply sync-alb-152764135.us-west-2.elb.amazonaws.com is 54.190.8.136
Nov 22 14:10:39 10.0.0.2 dnsmasq[1]: 667838 fd02:c8be:1d40:0:ed9a:a5a9:93a0:c3e8/60926 reply sync-alb-152764135.us-west-2.elb.amazonaws.com is 44.228.160.54
Nov 22 14:10:39 10.0.0.2 dnsmasq[1]: 667838 fd02:c8be:1d40:0:ed9a:a5a9:93a0:c3e8/60926 reply sync-alb-152764135.us-west-2.elb.amazonaws.com is 52.34.169.249
Nov 22 14:10:39 10.0.0.2 dnsmasq[1]: 667839 fd02:c8be:1d40:0:ed9a:a5a9:93a0:c3e8/60926 query[A] www.aljazeera.com from fd02:c8be:1d40:0:ed9a:a5a9:93a0:c3e8
Nov 22 14:10:39 10.0.0.2 ulogd[1267]: [NEW] ORIG: SRC=176.36.141.89 DST=194.50.85.5 PROTO=UDP SPT=58676 DPT=53 PKTS=0 BYTES=0 , REPLY: SRC=194.50.85.5 DST=176.36.141.89 PROTO=UDP SPT=53 DPT=58676 PKTS=0 BYTES=0
Nov 22 14:10:39 10.0.0.2 dnsmasq[1]: 667839 fd02:c8be:1d40:0:ed9a:a5a9:93a0:c3e8/60926 forwarded www.aljazeera.com to 194.50.85.5
Nov 22 14:10:39 10.0.0.2 dnsmasq[1]: 667839 fd02:c8be:1d40:0:ed9a:a5a9:93a0:c3e8/60926 reply www.aljazeera.com is <CNAME>
Nov 22 14:10:39 10.0.0.2 dnsmasq[1]: 667839 fd02:c8be:1d40:0:ed9a:a5a9:93a0:c3e8/60926 reply www.aljazeera.com.edgekey.net is <CNAME>
Nov 22 14:10:39 10.0.0.2 dnsmasq[1]: 667839 fd02:c8be:1d40:0:ed9a:a5a9:93a0:c3e8/60926 reply e9106.dscg.akamaiedge.net is 23.48.0.162
Nov 22 14:10:50 10.0.0.2 dnsmasq[1]: 667840 fd02:c8be:1d40:0:ed9a:a5a9:93a0:c3e8/60926 query[A] slack.com from fd02:c8be:1d40:0:ed9a:a5a9:93a0:c3e8
Nov 22 14:10:50 10.0.0.2 ulogd[1267]: [NEW] ORIG: SRC=192.168.1.1 DST=192.168.1.45 PROTO=UDP SPT=45327 DPT=5353 PKTS=0 BYTES=0 , REPLY: SRC=192.168.1.45 DST=192.168.1.1 PROTO=UDP SPT=5353 DPT=45327 PKTS=0 BYTES=0
Nov 22 14:10:50 10.0.0.2 dnsmasq[1]: 667840 fd02:c8be:1d40:0:ed9a:a5a9:93a0:c3e8/60926 forwarded slack.com to 192.168.1.45
Nov 22 14:10:50 10.0.0.2 dnsmasq[1]: 667840 fd02:c8be:1d40:0:ed9a:a5a9:93a0:c3e8/60926 forwarded slack.com to 194.50.85.5
Nov 22 14:10:50 10.0.0.2 ulogd[1267]: [NEW] ORIG: SRC=176.36.141.89 DST=194.50.85.5 PROTO=UDP SPT=45327 DPT=53 PKTS=0 BYTES=0 , REPLY: SRC=194.50.85.5 DST=176.36.141.89 PROTO=UDP SPT=53 DPT=45327 PKTS=0 BYTES=0
Nov 22 14:10:50 10.0.0.2 ulogd[1267]: [NEW] ORIG: SRC=176.36.141.89 DST=194.50.85.7 PROTO=UDP SPT=45327 DPT=53 PKTS=0 BYTES=0 , REPLY: SRC=194.50.85.7 DST=176.36.141.89 PROTO=UDP SPT=53 DPT=45327 PKTS=0 BYTES=0
Nov 22 14:10:50 10.0.0.2 dnsmasq[1]: 667840 fd02:c8be:1d40:0:ed9a:a5a9:93a0:c3e8/60926 forwarded slack.com to 194.50.85.7
Nov 22 14:10:50 10.0.0.2 dnsmasq[1]: 667840 fd02:c8be:1d40:0:ed9a:a5a9:93a0:c3e8/60926 reply slack.com is 3.68.175.98
Nov 22 14:10:50 10.0.0.2 dnsmasq[1]: 667840 fd02:c8be:1d40:0:ed9a:a5a9:93a0:c3e8/60926 reply slack.com is 18.159.197.225
Nov 22 14:10:50 10.0.0.2 dnsmasq[1]: 667840 fd02:c8be:1d40:0:ed9a:a5a9:93a0:c3e8/60926 reply slack.com is 3.68.124.168
Nov 22 14:10:50 10.0.0.2 dnsmasq[1]: 667840 fd02:c8be:1d40:0:ed9a:a5a9:93a0:c3e8/60926 reply slack.com is 3.68.170.153
Nov 22 14:10:54 10.0.0.2 ulogd[1267]: [DESTROY] ORIG: SRC=10.0.255.255 DST=255.255.255.255 PROTO=UDP SPT=67 DPT=68 PKTS=1 BYTES=349 , REPLY: SRC=255.255.255.255 DST=10.0.255.255 PROTO=UDP SPT=68 DPT=67 PKTS=0 BYTES=0
Nov 22 14:10:54 10.0.0.2 ulogd[1267]: [NEW] ORIG: SRC=10.0.255.255 DST=255.255.255.255 PROTO=UDP SPT=67 DPT=68 PKTS=0 BYTES=0 , REPLY: SRC=255.255.255.255 DST=10.0.255.255 PROTO=UDP SPT=68 DPT=67 PKTS=0 BYTES=0
Nov 22 14:10:59 10.0.0.2 ulogd[1267]: [DESTROY] ORIG: SRC=176.36.141.89 DST=194.50.85.5 PROTO=UDP SPT=55031 DPT=53 PKTS=1 BYTES=64 , REPLY: SRC=194.50.85.5 DST=176.36.141.89 PROTO=UDP SPT=53 DPT=55031 PKTS=1 BYTES=230
Nov 22 14:11:06 10.0.0.2 dnsmasq[1]: 667841 fd02:c8be:1d40:0:ed9a:a5a9:93a0:c3e8/60926 query[A] 3c-bs.gmx.com from fd02:c8be:1d40:0:ed9a:a5a9:93a0:c3e8
Nov 22 14:11:06 10.0.0.2 ulogd[1267]: [NEW] ORIG: SRC=176.36.141.89 DST=194.50.85.5 PROTO=UDP SPT=60402 DPT=53 PKTS=0 BYTES=0 , REPLY: SRC=194.50.85.5 DST=176.36.141.89 PROTO=UDP SPT=53 DPT=60402 PKTS=0 BYTES=0
Nov 22 14:11:06 10.0.0.2 dnsmasq[1]: 667841 fd02:c8be:1d40:0:ed9a:a5a9:93a0:c3e8/60926 forwarded 3c-bs.gmx.com to 194.50.85.5
Nov 22 14:11:06 10.0.0.2 dnsmasq[1]: 667841 fd02:c8be:1d40:0:ed9a:a5a9:93a0:c3e8/60926 reply 3c-bs.gmx.com is 217.72.196.44
Nov 22 14:11:06 10.0.0.2 ulogd[1267]: [NEW] ORIG: SRC=192.168.1.180 DST=217.72.196.44 PROTO=TCP SPT=61686 DPT=443 PKTS=0 BYTES=0 , REPLY: SRC=217.72.196.44 DST=176.36.141.89 PROTO=TCP SPT=443 DPT=61686 PKTS=0 BYTES=0
Nov 22 14:11:16 10.0.0.2 ulogd[1267]: [NEW] ORIG: SRC=192.168.1.151 DST=192.168.1.1 PROTO=UDP SPT=57583 DPT=53 PKTS=0 BYTES=0 , REPLY: SRC=192.168.1.1 DST=192.168.1.151 PROTO=UDP SPT=53 DPT=57583 PKTS=0 BYTES=0
Nov 22 14:11:16 10.0.0.2 dnsmasq[1]: 667842 192.168.1.151/57583 query[type=65] gsp-ssl.ls.apple.com from 192.168.1.151
Nov 22 14:11:16 10.0.0.2 ulogd[1267]: [NEW] ORIG: SRC=192.168.1.151 DST=192.168.1.1 PROTO=UDP SPT=61375 DPT=53 PKTS=0 BYTES=0 , REPLY: SRC=192.168.1.1 DST=192.168.1.151 PROTO=UDP SPT=53 DPT=61375 PKTS=0 BYTES=0
Nov 22 14:11:16 10.0.0.2 dnsmasq[1]: 667842 192.168.1.151/57583 forwarded gsp-ssl.ls.apple.com to 192.168.1.45
Nov 22 14:11:16 10.0.0.2 ulogd[1267]: [NEW] ORIG: SRC=192.168.1.1 DST=192.168.1.45 PROTO=UDP SPT=58999 DPT=5353 PKTS=0 BYTES=0 , REPLY: SRC=192.168.1.45 DST=192.168.1.1 PROTO=UDP SPT=5353 DPT=58999 PKTS=0 BYTES=0
Nov 22 14:11:16 10.0.0.2 dnsmasq[1]: 667842 192.168.1.151/57583 forwarded gsp-ssl.ls.apple.com to 194.50.85.5
Nov 22 14:11:16 10.0.0.2 ulogd[1267]: [NEW] ORIG: SRC=176.36.141.89 DST=194.50.85.5 PROTO=UDP SPT=58999 DPT=53 PKTS=0 BYTES=0 , REPLY: SRC=194.50.85.5 DST=176.36.141.89 PROTO=UDP SPT=53 DPT=58999 PKTS=0 BYTES=0
Nov 22 14:11:16 10.0.0.2 dnsmasq[1]: 667842 192.168.1.151/57583 forwarded gsp-ssl.ls.apple.com to 194.50.85.7
Nov 22 14:11:16 10.0.0.2 ulogd[1267]: [NEW] ORIG: SRC=176.36.141.89 DST=194.50.85.7 PROTO=UDP SPT=58999 DPT=53 PKTS=0 BYTES=0 , REPLY: SRC=194.50.85.7 DST=176.36.141.89 PROTO=UDP SPT=53 DPT=58999 PKTS=0 BYTES=0
Nov 22 14:11:16 10.0.0.2 dnsmasq[1]: 667843 192.168.1.151/61375 query[A] gsp-ssl.ls.apple.com from 192.168.1.151
Nov 22 14:11:16 10.0.0.2 ulogd[1267]: [NEW] ORIG: SRC=176.36.141.89 DST=194.50.85.5 PROTO=UDP SPT=41543 DPT=53 PKTS=0 BYTES=0 , REPLY: SRC=194.50.85.5 DST=176.36.141.89 PROTO=UDP SPT=53 DPT=41543 PKTS=0 BYTES=0
Nov 22 14:11:16 10.0.0.2 dnsmasq[1]: 667843 192.168.1.151/61375 forwarded gsp-ssl.ls.apple.com to 194.50.85.5
Nov 22 14:11:16 10.0.0.2 dnsmasq[1]: 667842 192.168.1.151/57583 reply gsp-ssl.ls.apple.com is <CNAME>
Nov 22 14:11:16 10.0.0.2 dnsmasq[1]: 667842 192.168.1.151/57583 reply gsp-ssl.ls-apple.com.akadns.net is <CNAME>
Nov 22 14:11:16 10.0.0.2 dnsmasq[1]: 667842 192.168.1.151/57583 reply gsp-ssl-geomap.ls-apple.com.akadns.net is <CNAME>
Nov 22 14:11:16 10.0.0.2 dnsmasq[1]: 667842 192.168.1.151/57583 reply gspx-ssl.ls.apple.com is <CNAME>
Nov 22 14:11:16 10.0.0.2 dnsmasq[1]: 667842 192.168.1.151/57583 reply get-bx.g.aaplimg.com is NODATA
Nov 22 14:11:16 10.0.0.2 dnsmasq[1]: 667843 192.168.1.151/61375 reply gsp-ssl.ls.apple.com is <CNAME>
Nov 22 14:11:16 10.0.0.2 dnsmasq[1]: 667843 192.168.1.151/61375 reply gsp-ssl.ls-apple.com.akadns.net is <CNAME>
Nov 22 14:11:16 10.0.0.2 dnsmasq[1]: 667843 192.168.1.151/61375 reply gsp-ssl-geomap.ls-apple.com.akadns.net is <CNAME>
Nov 22 14:11:16 10.0.0.2 dnsmasq[1]: 667843 192.168.1.151/61375 reply gspx-ssl.ls.apple.com is <CNAME>
Nov 22 14:11:16 10.0.0.2 dnsmasq[1]: 667843 192.168.1.151/61375 reply get-bx.g.aaplimg.com is 17.253.73.208
Nov 22 14:11:16 10.0.0.2 dnsmasq[1]: 667843 192.168.1.151/61375 reply get-bx.g.aaplimg.com is 17.253.73.207
Nov 22 14:11:16 10.0.0.2 ulogd[1267]: [NEW] ORIG: SRC=192.168.1.151 DST=192.168.1.1 PROTO=UDP SPT=56738 DPT=53 PKTS=0 BYTES=0 , REPLY: SRC=192.168.1.1 DST=192.168.1.151 PROTO=UDP SPT=53 DPT=56738 PKTS=0 BYTES=0
Nov 22 14:11:16 10.0.0.2 dnsmasq[1]: 667844 192.168.1.151/56738 query[type=65] get-bx.g.aaplimg.com from 192.168.1.151
Nov 22 14:11:16 10.0.0.2 dnsmasq[1]: 667844 192.168.1.151/56738 forwarded get-bx.g.aaplimg.com to 194.50.85.5
Nov 22 14:11:16 10.0.0.2 ulogd[1267]: [NEW] ORIG: SRC=176.36.141.89 DST=194.50.85.5 PROTO=UDP SPT=60061 DPT=53 PKTS=0 BYTES=0 , REPLY: SRC=194.50.85.5 DST=176.36.141.89 PROTO=UDP SPT=53 DPT=60061 PKTS=0 BYTES=0
Nov 22 14:11:16 10.0.0.2 dnsmasq[1]: 667844 192.168.1.151/56738 reply get-bx.g.aaplimg.com is NODATA
Nov 22 14:11:16 10.0.0.2 ulogd[1267]: [NEW] ORIG: SRC=192.168.1.151 DST=17.253.73.207 PROTO=TCP SPT=56470 DPT=443 PKTS=0 BYTES=0 , REPLY: SRC=17.253.73.207 DST=176.36.141.89 PROTO=TCP SPT=443 DPT=56470 PKTS=0 BYTES=0
Nov 22 14:11:16 10.0.0.2 ulogd[1267]: [NEW] ORIG: SRC=192.168.1.151 DST=192.168.1.1 PROTO=UDP SPT=58149 DPT=53 PKTS=0 BYTES=0 , REPLY: SRC=192.168.1.1 DST=192.168.1.151 PROTO=UDP SPT=53 DPT=58149 PKTS=0 BYTES=0
Nov 22 14:11:16 10.0.0.2 dnsmasq[1]: 667845 192.168.1.151/58149 query[type=65] gspe19-ssl.ls.apple.com from 192.168.1.151
Nov 22 14:11:16 10.0.0.2 ulogd[1267]: [NEW] ORIG: SRC=192.168.1.151 DST=192.168.1.1 PROTO=UDP SPT=58658 DPT=53 PKTS=0 BYTES=0 , REPLY: SRC=192.168.1.1 DST=192.168.1.151 PROTO=UDP SPT=53 DPT=58658 PKTS=0 BYTES=0
Nov 22 14:11:16 10.0.0.2 dnsmasq[1]: 667845 192.168.1.151/58149 forwarded gspe19-ssl.ls.apple.com to 194.50.85.5
Nov 22 14:11:16 10.0.0.2 ulogd[1267]: [NEW] ORIG: SRC=176.36.141.89 DST=194.50.85.5 PROTO=UDP SPT=38766 DPT=53 PKTS=0 BYTES=0 , REPLY: SRC=194.50.85.5 DST=176.36.141.89 PROTO=UDP SPT=53 DPT=38766 PKTS=0 BYTES=0
Nov 22 14:11:16 10.0.0.2 dnsmasq[1]: 667845 192.168.1.151/58149 reply gspe19-ssl.ls.apple.com is <CNAME>
Nov 22 14:11:16 10.0.0.2 dnsmasq[1]: 667845 192.168.1.151/58149 reply gspe19-ssl.ls.apple.com.edgekey.net is <CNAME>
Nov 22 14:11:16 10.0.0.2 dnsmasq[1]: 667845 192.168.1.151/58149 reply e10499.dsce9.akamaiedge.net is NODATA
Nov 22 14:11:16 10.0.0.2 dnsmasq[1]: 667846 192.168.1.151/58658 query[A] gspe19-ssl.ls.apple.com from 192.168.1.151
Nov 22 14:11:16 10.0.0.2 dnsmasq[1]: 667846 192.168.1.151/58658 forwarded gspe19-ssl.ls.apple.com to 194.50.85.5
Nov 22 14:11:16 10.0.0.2 dnsmasq[1]: 667846 192.168.1.151/58658 reply gspe19-ssl.ls.apple.com is <CNAME>
Nov 22 14:11:16 10.0.0.2 dnsmasq[1]: 667846 192.168.1.151/58658 reply gspe19-ssl.ls.apple.com.edgekey.net is <CNAME>
Nov 22 14:11:16 10.0.0.2 ulogd[1267]: [NEW] ORIG: SRC=176.36.141.89 DST=194.50.85.5 PROTO=UDP SPT=40014 DPT=53 PKTS=0 BYTES=0 , REPLY: SRC=194.50.85.5 DST=176.36.141.89 PROTO=UDP SPT=53 DPT=40014 PKTS=0 BYTES=0
Nov 22 14:11:16 10.0.0.2 dnsmasq[1]: 667846 192.168.1.151/58658 reply e10499.dsce9.akamaiedge.net is 23.48.1.52
Nov 22 14:11:16 10.0.0.2 dnsmasq[1]: 667847 192.168.1.151/51340 query[type=65] e10499.dsce9.akamaiedge.net from 192.168.1.151
Nov 22 14:11:16 10.0.0.2 ulogd[1267]: [NEW] ORIG: SRC=192.168.1.151 DST=192.168.1.1 PROTO=UDP SPT=51340 DPT=53 PKTS=0 BYTES=0 , REPLY: SRC=192.168.1.1 DST=192.168.1.151 PROTO=UDP SPT=53 DPT=51340 PKTS=0 BYTES=0
Nov 22 14:11:16 10.0.0.2 ulogd[1267]: [NEW] ORIG: SRC=176.36.141.89 DST=194.50.85.5 PROTO=UDP SPT=41016 DPT=53 PKTS=0 BYTES=0 , REPLY: SRC=194.50.85.5 DST=176.36.141.89 PROTO=UDP SPT=53 DPT=41016 PKTS=0 BYTES=0
Nov 22 14:11:16 10.0.0.2 dnsmasq[1]: 667847 192.168.1.151/51340 forwarded e10499.dsce9.akamaiedge.net to 194.50.85.5
Nov 22 14:11:16 10.0.0.2 dnsmasq[1]: 667847 192.168.1.151/51340 reply e10499.dsce9.akamaiedge.net is NODATA
Nov 22 14:11:16 10.0.0.2 ulogd[1267]: [NEW] ORIG: SRC=192.168.1.151 DST=23.48.1.52 PROTO=TCP SPT=56471 DPT=443 PKTS=0 BYTES=0 , REPLY: SRC=23.48.1.52 DST=176.36.141.89 PROTO=TCP SPT=443 DPT=56471 PKTS=0 BYTES=0
Nov 22 14:11:19 10.0.0.2 ulogd[1267]: [NEW] ORIG: SRC=192.168.1.180 DST=35.186.224.25 PROTO=UDP SPT=51500 DPT=443 PKTS=0 BYTES=0 , REPLY: SRC=35.186.224.25 DST=176.36.141.89 PROTO=UDP SPT=443 DPT=51500 PKTS=0 BYTES=0
Nov 22 14:11:28 10.0.0.2 ulogd[1267]: [DESTROY] ORIG: SRC=192.168.1.45 DST=192.168.1.1 PROTO=UDP SPT=48233 DPT=53 PKTS=1 BYTES=82 , REPLY: SRC=192.168.1.1 DST=192.168.1.45 PROTO=UDP SPT=53 DPT=48233 PKTS=1 BYTES=194
Nov 22 14:11:29 10.0.0.2 ulogd[1267]: [DESTROY] ORIG: SRC=fe80::b295:75ff:fe15:6fa5 DST=ff02::1:2 PROTO=UDP SPT=546 DPT=547 PKTS=1 BYTES=150 , REPLY: SRC=ff02::1:2 DST=fe80::b295:75ff:fe15:6fa5 PROTO=UDP SPT=547 DPT=546 PKTS=0 BYTES=0
Nov 22 14:11:29 10.0.0.2 ulogd[1267]: [NEW] ORIG: SRC=fe80::b295:75ff:fe15:6fa5 DST=ff02::1:2 PROTO=UDP SPT=546 DPT=547 PKTS=0 BYTES=0 , REPLY: SRC=ff02::1:2 DST=fe80::b295:75ff:fe15:6fa5 PROTO=UDP SPT=547 DPT=546 PKTS=0 BYTES=0
Nov 22 14:11:37 10.0.0.2 ulogd[1267]: [DESTROY] ORIG: SRC=192.168.1.180 DST=35.186.224.18 PROTO=UDP SPT=61636 DPT=443 PKTS=8 BYTES=4082 , REPLY: SRC=35.186.224.18 DST=176.36.141.89 PROTO=UDP SPT=443 DPT=61636 PKTS=9 BYTES=4251
Nov 22 14:11:39 10.0.0.2 ulogd[1267]: [NEW] ORIG: SRC=192.168.1.151 DST=192.168.1.1 PROTO=UDP SPT=63053 DPT=53 PKTS=0 BYTES=0 , REPLY: SRC=192.168.1.1 DST=192.168.1.151 PROTO=UDP SPT=53 DPT=63053 PKTS=0 BYTES=0
Nov 22 14:11:39 10.0.0.2 dnsmasq[1]: 667848 192.168.1.151/63053 query[type=65] api.onesignal.com from 192.168.1.151
Nov 22 14:11:39 10.0.0.2 dnsmasq[1]: 667848 192.168.1.151/63053 forwarded api.onesignal.com to 192.168.1.45
Nov 22 14:11:39 10.0.0.2 dnsmasq[1]: 667848 192.168.1.151/63053 forwarded api.onesignal.com to 194.50.85.5
Nov 22 14:11:39 10.0.0.2 dnsmasq[1]: 667848 192.168.1.151/63053 forwarded api.onesignal.com to 194.50.85.7
Nov 22 14:11:39 10.0.0.2 ulogd[1267]: [NEW] ORIG: SRC=192.168.1.1 DST=192.168.1.45 PROTO=UDP SPT=54526 DPT=5353 PKTS=0 BYTES=0 , REPLY: SRC=192.168.1.45 DST=192.168.1.1 PROTO=UDP SPT=5353 DPT=54526 PKTS=0 BYTES=0
Nov 22 14:11:39 10.0.0.2 dnsmasq[1]: 667848 192.168.1.151/63053 reply api.onesignal.com is <type=65>
Nov 22 14:11:39 10.0.0.2 ulogd[1267]: [NEW] ORIG: SRC=176.36.141.89 DST=194.50.85.5 PROTO=UDP SPT=54526 DPT=53 PKTS=0 BYTES=0 , REPLY: SRC=194.50.85.5 DST=176.36.141.89 PROTO=UDP SPT=53 DPT=54526 PKTS=0 BYTES=0
Nov 22 14:11:39 10.0.0.2 ulogd[1267]: [NEW] ORIG: SRC=176.36.141.89 DST=194.50.85.7 PROTO=UDP SPT=54526 DPT=53 PKTS=0 BYTES=0 , REPLY: SRC=194.50.85.7 DST=176.36.141.89 PROTO=UDP SPT=53 DPT=54526 PKTS=0 BYTES=0
Nov 22 14:11:39 10.0.0.2 dnsmasq[1]: 667849 192.168.1.151/64361 query[A] api.onesignal.com from 192.168.1.151
Nov 22 14:11:39 10.0.0.2 dnsmasq[1]: 667849 192.168.1.151/64361 forwarded api.onesignal.com to 194.50.85.5
Nov 22 14:11:39 10.0.0.2 ulogd[1267]: [NEW] ORIG: SRC=192.168.1.151 DST=192.168.1.1 PROTO=UDP SPT=64361 DPT=53 PKTS=0 BYTES=0 , REPLY: SRC=192.168.1.1 DST=192.168.1.151 PROTO=UDP SPT=53 DPT=64361 PKTS=0 BYTES=0
Nov 22 14:11:39 10.0.0.2 dnsmasq[1]: 667850 192.168.1.151/55991 query[type=65] uem.kyivstar.ua from 192.168.1.151
Nov 22 14:11:39 10.0.0.2 ulogd[1267]: [NEW] ORIG: SRC=192.168.1.151 DST=192.168.1.1 PROTO=UDP SPT=55991 DPT=53 PKTS=0 BYTES=0 , REPLY: SRC=192.168.1.1 DST=192.168.1.151 PROTO=UDP SPT=53 DPT=55991 PKTS=0 BYTES=0
Nov 22 14:11:39 10.0.0.2 ulogd[1267]: [NEW] ORIG: SRC=192.168.1.151 DST=192.168.1.1 PROTO=UDP SPT=61530 DPT=53 PKTS=0 BYTES=0 , REPLY: SRC=192.168.1.1 DST=192.168.1.151 PROTO=UDP SPT=53 DPT=61530 PKTS=0 BYTES=0
Nov 22 14:11:39 10.0.0.2 dnsmasq[1]: 667850 192.168.1.151/55991 forwarded uem.kyivstar.ua to 194.50.85.5
Nov 22 14:11:39 10.0.0.2 ulogd[1267]: [NEW] ORIG: SRC=192.168.1.151 DST=192.168.1.1 PROTO=UDP SPT=56720 DPT=53 PKTS=0 BYTES=0 , REPLY: SRC=192.168.1.1 DST=192.168.1.151 PROTO=UDP SPT=53 DPT=56720 PKTS=0 BYTES=0
Nov 22 14:11:39 10.0.0.2 dnsmasq[1]: 667849 192.168.1.151/64361 reply api.onesignal.com is 104.18.215.59
Nov 22 14:11:39 10.0.0.2 dnsmasq[1]: 667849 192.168.1.151/64361 reply api.onesignal.com is 104.18.214.59
Nov 22 14:11:39 10.0.0.2 ulogd[1267]: [NEW] ORIG: SRC=176.36.141.89 DST=194.50.85.5 PROTO=UDP SPT=39610 DPT=53 PKTS=0 BYTES=0 , REPLY: SRC=194.50.85.5 DST=176.36.141.89 PROTO=UDP SPT=53 DPT=39610 PKTS=0 BYTES=0
Nov 22 14:11:39 10.0.0.2 ulogd[1267]: [NEW] ORIG: SRC=192.168.1.151 DST=192.168.1.1 PROTO=UDP SPT=50190 DPT=53 PKTS=0 BYTES=0 , REPLY: SRC=192.168.1.1 DST=192.168.1.151 PROTO=UDP SPT=53 DPT=50190 PKTS=0 BYTES=0
Nov 22 14:11:39 10.0.0.2 dnsmasq[1]: 667851 192.168.1.151/61530 query[A] uem.kyivstar.ua from 192.168.1.151
Nov 22 14:11:39 10.0.0.2 ulogd[1267]: [NEW] ORIG: SRC=192.168.1.151 DST=192.168.1.1 PROTO=UDP SPT=59916 DPT=53 PKTS=0 BYTES=0 , REPLY: SRC=192.168.1.1 DST=192.168.1.151 PROTO=UDP SPT=53 DPT=59916 PKTS=0 BYTES=0
